2026-07-20 12:42:06 | ERROR    | Error 10147, reqId 545: OrderId 545 that needs to be cancelled is not found.
DE: SCALP
   • 10 contract(s) max
   • Grid entries only
   • Trailing stop enabled
   • SL: ~8 pts | TP: ~12 pts | Trail activates: +6 pts
   • Best for: Normal sessions, choppy/ranging opens
============================================================
✓ Connected to IBKR (paper) - clientId=10
✓ Front-month contract: ESU6 expiry=20260918

============================================================
Loading historical data for indicator warm-up...
============================================================
→ Fetching historical bars (1 D, 1 min)...
✓ Loaded 966 historical bars

Processing 966 historical bars...

Indicators ready!
  Bars loaded: 966
  Last price: 7523.25
  Trend: strong_bearish
  RSI: 30.1
  ATR: 4.57
  MACD: -4.51 / Signal: -4.16
  MA: 7529.23 / 7534.79 / 7530.14

------------------------------------------------------------
Account Value: $1,026,128.91
Buying Power: $4,079,785.91
Current Position: 0 contracts
------------------------------------------------------------

============================================================
Starting live 1-minute bar stream...
Strategy is now ACTIVE (SCALP mode)
============================================================

→ Subscribed to 5-second real-time bars (aggregating to 1 min)

[2026-07-20 09:05] O:7523.00 H:7523.25 L:7521.50 C:7521.50 V:254.0
  📈 Trend: sideways (raw: strong_bearish) | 🌍 Regime: trending_bearish
  🗺️  Grid: 0.080% | 🔺 7525.25 🔻 7521.00
  📡 RSI: 33.0 | MACD: -4.46 | ATR: 4.16
  📊 Filled: 0 | Pending: 0
  💰 Daily P&L: $+0.00

[2026-07-20 09:06] O:7521.75 H:7522.50 L:7518.50 C:7519.75 V:3517.0
  📈 Trend: strong_bearish | 🌍 Regime: trending_bearish
  🗺️  Grid: 0.080% | 🔺 7523.25 🔻 7521.50
  📡 RSI: 33.6 | MACD: -4.52 | ATR: 4.05
  📊 Filled: 0 | Pending: 0
  💰 Daily P&L: $+0.00

[2026-07-20 09:07] O:7519.75 H:7520.75 L:7517.00 C:7520.00 V:3783.0
  📈 Trend: strong_bearish | 🌍 Regime: trending_bearish
  🗺️  Grid: 0.080% | 🔺 7522.50 🔻 7518.50
  📡 RSI: 34.5 | MACD: -4.49 | ATR: 4.07
  📊 Filled: 0 | Pending: 0
  💰 Daily P&L: $+0.00

[2026-07-20 09:08] O:7519.75 H:7521.75 L:7517.25 C:7517.50 V:3223.0
  📈 Trend: strong_bearish | 🌍 Regime: trending_bearish
  🗺️  Grid: 0.080% | 🔺 7520.75 🔻 7517.00
  📡 RSI: 34.9 | MACD: -4.61 | ATR: 4.12
  📊 Filled: 0 | Pending: 0
  💰 Daily P&L: $+0.00

[2026-07-20 09:09] O:7517.50 H:7519.25 L:7516.25 C:7517.75 V:3133.0
  📈 Trend: strong_bearish | 🌍 Regime: trending_bearish
  🗺️  Grid: 0.080% | 🔺 7521.75 🔻 7517.25
  📡 RSI: 36.4 | MACD: -4.64 | ATR: 4.04
  📊 Filled: 0 | Pending: 0
  💰 Daily P&L: $+0.00

[2026-07-20 09:10] O:7517.75 H:7517.75 L:7513.50 C:7514.25 V:4910.0
  📈 Trend: strong_bearish | 🌍 Regime: trending_bearish
  🗺️  Grid: 0.080% | 🔺 7519.25 🔻 7516.25
  📡 RSI: 36.1 | MACD: -4.89 | ATR: 4.05
  📊 Filled: 0 | Pending: 0
  💰 Daily P&L: $+0.00

[2026-07-20 09:11] O:7514.25 H:7515.75 L:7511.75 C:7513.00 V:4108.0
  📈 Trend: strong_bearish | 🌍 Regime: trending_bearish
  🗺️  Grid: 0.080% | 🔺 7517.75 🔻 7513.50
  📡 RSI: 37.1 | MACD: -5.12 | ATR: 4.04
  📊 Filled: 0 | Pending: 0
  💰 Daily P&L: $+0.00

[2026-07-20 09:12] O:7513.00 H:7513.75 L:7511.50 C:7512.50 V:3562.0
  📈 Trend: strong_bearish | 🌍 Regime: trending_bearish
  🗺️  Grid: 0.080% | 🔺 7515.75 🔻 7511.75
  📡 RSI: 34.6 | MACD: -5.29 | ATR: 3.95
  📊 Filled: 0 | Pending: 0
  💰 Daily P&L: $+0.00

[2026-07-20 09:13] O:7512.25 H:7515.00 L:7511.25 C:7514.75 V:3607.0
  📈 Trend: strong_bearish | 🌍 Regime: trending_bearish
  🗺️  Grid: 0.080% | 🔺 7513.75 🔻 7511.50
  📡 RSI: 35.2 | MACD: -5.18 | ATR: 3.89
  📊 Filled: 0 | Pending: 0
  💰 Daily P&L: $+0.00

[2026-07-20 09:14] O:7514.75 H:7516.50 L:7512.25 C:7514.00 V:3884.0
  📈 Trend: strong_bearish | 🌍 Regime: trending_bearish
  🗺️  Grid: 0.080% | 🔺 7515.00 🔻 7511.25
  📡 RSI: 37.4 | MACD: -5.10 | ATR: 3.79
  📊 Filled: 0 | Pending: 0
  💰 Daily P&L: $+0.00

[2026-07-20 09:15] O:7514.00 H:7518.25 L:7512.25 C:7517.75 V:5008.0
  📈 Trend: strong_bearish (raw: moderate_bearish) | 🌍 Regime: trending_bearish
  🗺️  Grid: 0.080% | 🔺 7516.50 🔻 7512.25
  📡 RSI: 37.4 | MACD: -4.68 | ATR: 3.88
  📊 Filled: 0 | Pending: 0
  💰 Daily P&L: $+0.00

[2026-07-20 09:16] O:7517.50 H:7519.00 L:7512.00 C:7512.75 V:3504.0
  📈 Trend: moderate_bearish | 🌍 Regime: trending_bearish
  🗺️  Grid: 0.080% | 🔺 7518.25 🔻 7512.25
  📡 RSI: 26.8 | MACD: -4.69 | ATR: 4.16
  📊 Filled: 0 | Pending: 0
  💰 Daily P&L: $+0.00

[2026-07-20 09:17] O:7512.75 H:7514.00 L:7510.75 C:7512.00 V:3134.0
  📈 Trend: moderate_bearish | 🌍 Regime: trending_bearish
  🗺️  Grid: 0.080% | 🔺 7519.00 🔻 7512.00
  📡 RSI: 29.7 | MACD: -4.71 | ATR: 4.00
  📊 Filled: 0 | Pending: 0
  💰 Daily P&L: $+0.00

[2026-07-20 09:18] O:7511.75 H:7513.75 L:7511.00 C:7513.50 V:2870.0
  📈 Trend: moderate_bearish | 🌍 Regime: trending_bearish
  🗺️  Grid: 0.080% | 🔺 7514.00 🔻 7510.75
  📡 RSI: 31.1 | MACD: -4.55 | ATR: 3.89
  📊 Filled: 0 | Pending: 0
  💰 Daily P&L: $+0.00

[2026-07-20 09:19] O:7513.25 H:7514.50 L:7510.00 C:7512.50 V:2974.0
  📈 Trend: moderate_bearish | 🌍 Regime: trending_bearish
  🗺️  Grid: 0.080% | 🔺 7513.75 🔻 7511.00
  📡 RSI: 32.0 | MACD: -4.45 | ATR: 4.09
  📊 Filled: 0 | Pending: 0
  💰 Daily P&L: $+0.00

[2026-07-20 09:20] O:7512.25 H:7512.50 L:7507.25 C:7509.00 V:3827.0
  📈 Trend: moderate_bearish (raw: strong_bearish) | 🌍 Regime: trending_bearish
  🗺️  Grid: 0.080% | 🔺 7514.50 🔻 7510.00
  📡 RSI: 29.9 | MACD: -4.60 | ATR: 4.18
  📊 Filled: 0 | Pending: 0
  💰 Daily P&L: $+0.00

[2026-07-20 09:21] O:7509.00 H:7509.25 L:7506.00 C:7508.75 V:3908.0
  📈 Trend: strong_bearish | 🌍 Regime: trending_bearish
  🗺️  Grid: 0.080% | 🔺 7512.50 🔻 7507.25
  📡 RSI: 29.0 | MACD: -4.69 | ATR: 4.14
  📊 Filled: 0 | Pending: 0
  💰 Daily P&L: $+0.00

[2026-07-20 09:22] O:7508.75 H:7511.50 L:7507.25 C:7511.00 V:3221.0
  📈 Trend: strong_bearish | 🌍 Regime: trending_bearish
  🗺️  Grid: 0.080% | 🔺 7509.25 🔻 7506.00
  📡 RSI: 37.7 | MACD: -4.52 | ATR: 4.12
  📊 Filled: 0 | Pending: 0
  💰 Daily P&L: $+0.00

[2026-07-20 09:23] O:7511.25 H:7515.00 L:7510.50 C:7513.75 V:3032.0
  📈 Trend: strong_bearish | 🌍 Regime: trending_bearish
  🗺️  Grid: 0.080% | 🔺 7511.50 🔻 7507.25
  📡 RSI: 43.1 | MACD: -4.12 | ATR: 4.23
  📊 Filled: 0 | Pending: 0
  💰 Daily P&L: $+0.00

[2026-07-20 09:24] O:7514.00 H:7516.00 L:7513.50 C:7513.50 V:2609.0
  📈 Trend: strong_bearish | 🌍 Regime: trending_bearish
  🗺️  Grid: 0.080% | 🔺 7515.00 🔻 7510.50
  📡 RSI: 48.5 | MACD: -3.78 | ATR: 4.11
  📊 Filled: 0 | Pending: 0
  💰 Daily P&L: $+0.00

[2026-07-20 09:25] O:7513.50 H:7517.25 L:7512.50 C:7516.00 V:3430.0
  📈 Trend: strong_bearish | 🌍 Regime: trending_bearish
  🗺️  Grid: 0.080% | 🔺 7516.00 🔻 7513.50
  📡 RSI: 55.6 | MACD: -3.27 | ATR: 4.16
  📊 Filled: 0 | Pending: 0
  💰 Daily P&L: $+0.00

[2026-07-20 09:26] O:7516.00 H:7517.50 L:7513.75 C:7517.50 V:2217.0
  📈 Trend: strong_bearish | 🌍 Regime: trending_bearish
  🗺️  Grid: 0.080% | 🔺 7517.25 🔻 7512.50
  📡 RSI: 58.9 | MACD: -2.72 | ATR: 4.27
  📊 Filled: 0 | Pending: 0
  💰 Daily P&L: $+0.00

[2026-07-20 09:27] O:7517.25 H:7518.75 L:7515.25 C:7516.25 V:2231.0
  📈 Trend: strong_bearish | 🌍 Regime: trending_bearish
  🗺️  Grid: 0.080% | 🔺 7517.50 🔻 7513.75
  📡 RSI: 52.8 | MACD: -2.35 | ATR: 4.25
  📊 Filled: 0 | Pending: 0
  💰 Daily P&L: $+0.00

[2026-07-20 09:28] O:7516.25 H:7518.00 L:7514.25 C:7517.25 V:2126.0
  📈 Trend: strong_bearish | 🌍 Regime: trending_bearish
  🗺️  Grid: 0.080% | 🔺 7518.75 🔻 7515.25
  📡 RSI: 56.0 | MACD: -1.96 | ATR: 4.21
  📊 Filled: 0 | Pending: 0
  💰 Daily P&L: $+0.00

[2026-07-20 09:29] O:7517.25 H:7521.25 L:7517.00 C:7520.50 V:3020.0
  📈 Trend: strong_bearish (raw: moderate_bearish) | 🌍 Regime: trending_bearish
  🗺️  Grid: 0.080% | 🔺 7518.00 🔻 7514.25
  📡 RSI: 55.1 | MACD: -1.37 | ATR: 4.09
  📊 Filled: 0 | Pending: 0
  💰 Daily P&L: $+0.00

[2026-07-20 09:30] O:7520.75 H:7522.75 L:7518.50 C:7522.25 V:3639.0
  📈 Trend: moderate_bearish | 🌍 Regime: trending_bearish
  🗺️  Grid: 0.080% | 🔺 7521.25 🔻 7517.00
  📡 RSI: 70.2 | MACD: -0.75 | ATR: 3.89
  📊 Filled: 0 | Pending: 0
  💰 Daily P&L: $+0.00

[2026-07-20 09:31] O:7522.25 H:7522.75 L:7518.75 C:7522.00 V:2481.0
  📈 Trend: moderate_bearish | 🌍 Regime: trending_bearish
  🗺️  Grid: 0.080% | 🔺 7522.75 🔻 7518.50
  📡 RSI: 71.7 | MACD: -0.28 | ATR: 3.95
  📊 Filled: 0 | Pending: 0
  💰 Daily P&L: $+0.00

[2026-07-20 09:32] O:7522.00 H:7522.25 L:7516.25 C:7518.25 V:2738.0
  📈 Trend: moderate_bearish | 🌍 Regime: trending_bearish
  🗺️  Grid: 0.080% | 🔺 7522.75 🔻 7518.75
  📡 RSI: 59.4 | MACD: -0.20 | ATR: 4.18
  📊 Filled: 0 | Pending: 0
  💰 Daily P&L: $+0.00

[2026-07-20 09:33] O:7518.00 H:7518.25 L:7515.50 C:7516.50 V:1937.0
  📈 Trend: moderate_bearish | 🌍 Regime: trending_bearish
  🗺️  Grid: 0.080% | 🔺 7522.25 🔻 7516.25
  📡 RSI: 57.7 | MACD: -0.28 | ATR: 4.05
  📊 Filled: 0 | Pending: 0
  💰 Daily P&L: $+0.00

[2026-07-20 09:34] O:7516.50 H:7518.50 L:7514.00 C:7516.25 V:2620.0
  📈 Trend: moderate_bearish (raw: strong_bearish) | 🌍 Regime: trending_bearish
  🗺️  Grid: 0.080% | 🔺 7518.25 🔻 7515.50
  📡 RSI: 65.9 | MACD: -0.36 | ATR: 4.00
  📊 Filled: 0 | Pending: 0
  💰 Daily P&L: $+0.00

[2026-07-20 09:35] O:7516.25 H:7517.75 L:7514.25 C:7517.25 V:2103.0
  📈 Trend: moderate_bearish | 🌍 Regime: trending_bearish
  🗺️  Grid: 0.080% | 🔺 7518.50 🔻 7514.00
  📡 RSI: 68.1 | MACD: -0.34 | ATR: 4.02
  📊 Filled: 0 | Pending: 0
  💰 Daily P&L: $+0.00

[2026-07-20 09:36] O:7517.25 H:7517.75 L:7514.00 C:7514.50 V:2058.0
  📈 Trend: moderate_bearish | 🌍 Regime: trending_bearish
  🗺️  Grid: 0.080% | 🔺 7517.75 🔻 7514.25
  📡 RSI: 57.3 | MACD: -0.54 | ATR: 3.98
  📊 Filled: 0 | Pending: 0
  💰 Daily P&L: $+0.00

[2026-07-20 09:37] O:7514.25 H:7517.50 L:7513.25 C:7517.00 V:2084.0
  📈 Trend: moderate_bearish | 🌍 Regime: trending_bearish
  🗺️  Grid: 0.080% | 🔺 7517.75 🔻 7514.00
  📡 RSI: 56.8 | MACD: -0.49 | ATR: 3.96
  📊 Filled: 0 | Pending: 0
  💰 Daily P&L: $+0.00

[2026-07-20 09:38] O:7517.00 H:7518.00 L:7515.25 C:7517.50 V:2564.0
  📈 Trend: moderate_bearish | 🌍 Regime: trending_bearish
  🗺️  Grid: 0.080% | 🔺 7517.50 🔻 7513.25
  📡 RSI: 58.3 | MACD: -0.40 | ATR: 3.98
  📊 Filled: 0 | Pending: 0
  💰 Daily P&L: $+0.00

[2026-07-20 09:39] O:7517.50 H:7519.50 L:7516.25 C:7517.50 V:1818.0
  📈 Trend: moderate_bearish | 🌍 Regime: trending_bearish
  🗺️  Grid: 0.080% | 🔺 7518.00 🔻 7515.25
  📡 RSI: 53.5 | MACD: -0.33 | ATR: 3.88
  📊 Filled: 0 | Pending: 0
  💰 Daily P&L: $+0.00

[2026-07-20 09:40] O:7517.75 H:7521.75 L:7517.25 C:7520.50 V:2365.0
  📈 Trend: moderate_bearish | 🌍 Regime: trending_bearish
  🗺️  Grid: 0.080% | 🔺 7519.50 🔻 7516.25
  📡 RSI: 56.5 | MACD: -0.03 | ATR: 3.93
  📊 Filled: 0 | Pending: 0
  💰 Daily P&L: $+0.00

[2026-07-20 09:41] O:7520.25 H:7521.00 L:7514.25 C:7514.50 V:2369.0
  📈 Trend: moderate_bearish | 🌍 Regime: trending_bearish
  🗺️  Grid: 0.080% | 🔺 7521.75 🔻 7517.25
  📡 RSI: 46.8 | MACD: -0.28 | ATR: 4.16
  📊 Filled: 0 | Pending: 0
  💰 Daily P&L: $+0.00

[2026-07-20 09:42] O:7514.50 H:7517.25 L:7513.25 C:7514.50 V:1968.0
  📈 Trend: moderate_bearish | 🌍 Regime: trending_bearish
  🗺️  Grid: 0.080% | 🔺 7521.00 🔻 7514.25
  📡 RSI: 44.9 | MACD: -0.46 | ATR: 4.18
  📊 Filled: 0 | Pending: 0
  💰 Daily P&L: $+0.00

[2026-07-20 09:43] O:7514.50 H:7517.25 L:7512.00 C:7512.50 V:2122.0
  📈 Trend: moderate_bearish (raw: strong_bearish) | 🌍 Regime: trending_bearish
  🗺️  Grid: 0.080% | 🔺 7517.25 🔻 7513.25
  📡 RSI: 34.3 | MACD: -0.77 | ATR: 4.25
  📊 Filled: 0 | Pending: 0
  💰 Daily P&L: $+0.00

[2026-07-20 09:44] O:7512.50 H:7514.50 L:7511.25 C:7512.75 V:2237.0
  📈 Trend: strong_bearish | 🌍 Regime: trending_bearish
  🗺️  Grid: 0.080% | 🔺 7517.25 🔻 7512.00
  📡 RSI: 30.2 | MACD: -0.97 | ATR: 4.18
  📊 Filled: 0 | Pending: 0
  💰 Daily P&L: $+0.00

[2026-07-20 09:45] O:7512.75 H:7517.25 L:7508.75 C:7516.75 V:6032.0
  📈 Trend: strong_bearish | 🌍 Regime: trending_bearish
  🗺️  Grid: 0.080% | 🔺 7514.50 🔻 7511.25
  📡 RSI: 40.5 | MACD: -0.81 | ATR: 4.50
  📊 Filled: 0 | Pending: 0
  💰 Daily P&L: $+0.00

[2026-07-20 09:46] O:7517.00 H:7521.50 L:7516.75 C:7519.00 V:5672.0
  📈 Trend: strong_bearish (raw: moderate_bullish) | 🌍 Regime: ranging
  🗺️  Grid: 0.080% | 🔺 7517.25 🔻 7508.75
  📡 RSI: 51.4 | MACD: -0.49 | ATR: 4.41
  📊 Filled: 0 | Pending: 0
  🔲 Regime: RANGING | Range pos: 75% | RSI: 51.4
  💰 Daily P&L: $+0.00

[2026-07-20 09:47] O:7519.25 H:7520.75 L:7514.25 C:7514.75 V:2515.0
  📈 Trend: strong_bearish (raw: moderate_bearish) | 🌍 Regime: ranging
  🗺️  Grid: 0.080% | 🔺 7521.50 🔻 7516.75
  📡 RSI: 47.0 | MACD: -0.57 | ATR: 4.68
  📊 Filled: 0 | Pending: 0
  🔲 Regime: RANGING | Range pos: 51% | RSI: 47.0
  💰 Daily P&L: $+0.00

[2026-07-20 09:48] O:7514.50 H:7515.00 L:7510.50 C:7512.25 V:3028.0
  📈 Trend: strong_bearish | 🌍 Regime: ranging
  🗺️  Grid: 0.080% | 🔺 7520.75 🔻 7514.25
  📡 RSI: 43.5 | MACD: -0.83 | ATR: 4.68
  📊 Filled: 0 | Pending: 0
  🔲 Regime: RANGING | Range pos: 36% | RSI: 43.5
  💰 Daily P&L: $+0.00

[2026-07-20 09:49] O:7512.50 H:7513.50 L:7509.75 C:7510.25 V:1882.0
  📈 Trend: strong_bearish | 🌍 Regime: ranging
  🗺️  Grid: 0.080% | 🔺 7515.00 🔻 7510.50
  📡 RSI: 39.1 | MACD: -1.18 | ATR: 4.70
  📊 Filled: 0 | Pending: 0
  🔲 Regime: RANGING | Range pos: 25% | RSI: 39.1
  💰 Daily P&L: $+0.00

[2026-07-20 09:50] O:7510.00 H:7512.75 L:7508.75 C:7510.50 V:2602.0
  📈 Trend: strong_bearish | 🌍 Regime: ranging
  🗺️  Grid: 0.080% | 🔺 7513.50 🔻 7509.75
  📡 RSI: 43.2 | MACD: -1.42 | ATR: 4.71
  📊 Filled: 0 | Pending: 0
  🔲 Regime: RANGING | Range pos: 26% | RSI: 43.2
  💰 Daily P&L: $+0.00

[2026-07-20 09:51] O:7510.50 H:7513.50 L:7509.50 C:7511.75 V:2459.0
  📈 Trend: strong_bearish | 🌍 Regime: ranging
  🗺️  Grid: 0.080% | 🔺 7512.75 🔻 7508.75
  📡 RSI: 40.7 | MACD: -1.50 | ATR: 4.70
  📊 Filled: 0 | Pending: 0
  🔲 Regime: RANGING | Range pos: 33% | RSI: 40.7
  💰 Daily P&L: $+0.00

[2026-07-20 09:52] O:7511.75 H:7513.25 L:7508.25 C:7508.75 V:2139.0
  📈 Trend: strong_bearish | 🌍 Regime: ranging
  🗺️  Grid: 0.080% | 🔺 7513.50 🔻 7509.50
  📡 RSI: 35.8 | MACD: -1.78 | ATR: 4.86
  📊 Filled: 0 | Pending: 0
  🔲 Regime: RANGING | Range pos: 16% | RSI: 35.8
  💰 Daily P&L: $+0.00

[2026-07-20 09:53] O:7508.75 H:7508.75 L:7505.50 C:7506.50 V:2655.0
  📈 Trend: strong_bearish | 🌍 Regime: ranging
  🗺️  Grid: 0.080% | 🔺 7513.25 🔻 7508.25
  📡 RSI: 33.3 | MACD: -2.15 | ATR: 4.86
  📊 Filled: 0 | Pending: 0
  🔲 Regime: RANGING | Range pos: 6% | RSI: 33.3
  🚫 Raw trend blocks RANGING LONG | raw: strong_bearish
  💰 Daily P&L: $+0.00

[2026-07-20 09:54] O:7506.50 H:7509.50 L:7506.00 C:7507.25 V:2353.0
  📈 Trend: strong_bearish | 🌍 Regime: trending_bearish
  🗺️  Grid: 0.080% | 🔺 7508.75 🔻 7505.50
  📡 RSI: 28.5 | MACD: -2.37 | ATR: 4.79
  📊 Filled: 0 | Pending: 0
  💰 Daily P&L: $+0.00

[2026-07-20 09:55] O:7507.00 H:7508.50 L:7505.50 C:7508.50 V:1844.0
  📈 Trend: strong_bearish | 🌍 Regime: trending_bearish
  🗺️  Grid: 0.080% | 🔺 7509.50 🔻 7506.00
  📡 RSI: 38.5 | MACD: -2.41 | ATR: 4.52
  📊 Filled: 0 | Pending: 0
  💰 Daily P&L: $+0.00

[2026-07-20 09:56] O:7508.25 H:7508.75 L:7503.00 C:7503.75 V:2972.0
  📈 Trend: strong_bearish | 🌍 Regime: trending_bearish
  🗺️  Grid: 0.080% | 🔺 7508.50 🔻 7505.50
  📡 RSI: 32.5 | MACD: -2.79 | ATR: 4.64
  📊 Filled: 0 | Pending: 0
  💰 Daily P&L: $+0.00

[2026-07-20 09:57] O:7503.75 H:7505.75 L:7502.75 C:7505.50 V:2650.0
  📈 Trend: strong_bearish | 🌍 Regime: trending_bearish
  🗺️  Grid: 0.080% | 🔺 7508.75 🔻 7503.00
  📡 RSI: 38.5 | MACD: -2.92 | ATR: 4.48
  📊 Filled: 0 | Pending: 0
  💰 Daily P&L: $+0.00

[2026-07-20 09:58] O:7505.75 H:7507.00 L:7502.00 C:7502.50 V:3567.0
  📈 Trend: strong_bearish | 🌍 Regime: trending_bearish
  🗺️  Grid: 0.080% | 🔺 7505.75 🔻 7502.75
  📡 RSI: 34.6 | MACD: -3.22 | ATR: 4.61
  📊 Filled: 0 | Pending: 0
  💰 Daily P&L: $+0.00

[2026-07-20 09:59] O:7502.50 H:7506.50 L:7500.75 C:7505.25 V:4446.0
  📈 Trend: strong_bearish | 🌍 Regime: trending_bearish
  🗺️  Grid: 0.080% | 🔺 7507.00 🔻 7502.00
  📡 RSI: 32.0 | MACD: -3.21 | ATR: 4.41
  📊 Filled: 0 | Pending: 0
  💰 Daily P&L: $+0.00

[2026-07-20 10:00] O:7505.00 H:7506.50 L:7502.00 C:7506.25 V:4000.0
  📈 Trend: strong_bearish | 🌍 Regime: trending_bearish
  🗺️  Grid: 0.080% | 🔺 7506.50 🔻 7500.75
  📡 RSI: 29.3 | MACD: -3.08 | ATR: 4.39
  📊 Filled: 0 | Pending: 0
  💰 Daily P&L: $+0.00

[2026-07-20 10:01] O:7506.50 H:7509.00 L:7504.75 C:7509.00 V:3489.0
  📈 Trend: strong_bearish | 🌍 Regime: trending_bearish
  🗺️  Grid: 0.080% | 🔺 7506.50 🔻 7502.00
  📡 RSI: 40.2 | MACD: -2.72 | ATR: 4.23
  📊 Filled: 0 | Pending: 0
  💰 Daily P&L: $+0.00

[2026-07-20 10:02] O:7509.00 H:7511.00 L:7507.25 C:7511.00 V:3026.0
  📈 Trend: strong_bearish | 🌍 Regime: trending_bearish
  🗺️  Grid: 0.080% | 🔺 7509.00 🔻 7504.75
  📡 RSI: 47.8 | MACD: -2.26 | ATR: 4.18
  📊 Filled: 0 | Pending: 0
  💰 Daily P&L: $+0.00

[2026-07-20 10:03] O:7511.00 H:7512.50 L:7508.75 C:7509.25 V:2774.0
  📈 Trend: strong_bearish | 🌍 Regime: trending_bearish
  🗺️  Grid: 0.080% | 🔺 7511.00 🔻 7507.25
  📡 RSI: 48.2 | MACD: -2.00 | ATR: 4.18
  📊 Filled: 0 | Pending: 0
  💰 Daily P&L: $+0.00

[2026-07-20 10:04] O:7509.25 H:7510.50 L:7507.50 C:7509.50 V:1814.0
  📈 Trend: strong_bearish | 🌍 Regime: trending_bearish
  🗺️  Grid: 0.080% | 🔺 7512.50 🔻 7508.75
  📡 RSI: 48.2 | MACD: -1.76 | ATR: 4.11
  📊 Filled: 0 | Pending: 0
  💰 Daily P&L: $+0.00

[2026-07-20 10:05] O:7509.50 H:7511.25 L:7502.00 C:7503.25 V:3061.0
  📈 Trend: strong_bearish | 🌍 Regime: trending_bearish
  🗺️  Grid: 0.080% | 🔺 7510.50 🔻 7507.50
  📡 RSI: 37.3 | MACD: -2.05 | ATR: 4.48
  📊 Filled: 0 | Pending: 0
  💰 Daily P&L: $+0.00

[2026-07-20 10:06] O:7503.50 H:7507.00 L:7503.25 C:7506.75 V:1956.0
  📈 Trend: strong_bearish | 🌍 Regime: trending_bearish
  🗺️  Grid: 0.080% | 🔺 7511.25 🔻 7502.00
  📡 RSI: 47.1 | MACD: -1.97 | ATR: 4.39
  📊 Filled: 0 | Pending: 0
  💰 Daily P&L: $+0.00

[2026-07-20 10:07] O:7506.75 H:7511.50 L:7506.50 C:7510.75 V:1849.0
  📈 Trend: strong_bearish | 🌍 Regime: trending_bearish
  🗺️  Grid: 0.080% | 🔺 7507.00 🔻 7503.25
  📡 RSI: 55.9 | MACD: -1.57 | ATR: 4.52
  📊 Filled: 0 | Pending: 0
  💰 Daily P&L: $+0.00

[2026-07-20 10:08] O:7510.75 H:7516.50 L:7510.00 C:7514.00 V:4211.0
  📈 Trend: strong_bearish (raw: moderate_bearish) | 🌍 Regime: trending_bearish
  🗺️  Grid: 0.080% | 🔺 7511.50 🔻 7506.50
  📡 RSI: 58.8 | MACD: -0.98 | ATR: 4.73
  📊 Filled: 0 | Pending: 0
  💰 Daily P&L: $+0.00

[2026-07-20 10:09] O:7513.75 H:7518.75 L:7513.00 C:7518.25 V:5362.0
  📈 Trend: moderate_bearish | 🌍 Regime: trending_bearish
  🗺️  Grid: 0.080% | 🔺 7516.50 🔻 7510.00
  📡 RSI: 61.8 | MACD: -0.17 | ATR: 4.93
  📊 Filled: 0 | Pending: 0
  💰 Daily P&L: $+0.00

[2026-07-20 10:10] O:7518.00 H:7518.75 L:7513.50 C:7513.50 V:3138.0
  📈 Trend: moderate_bearish (raw: moderate_bullish) | 🌍 Regime: trending_bullish
  🗺️  Grid: 0.080% | 🔺 7518.75 🔻 7513.00
  📡 RSI: 61.8 | MACD: 0.09 | ATR: 4.89
  📊 Filled: 0 | Pending: 0
  💰 Daily P&L: $+0.00

[2026-07-20 10:11] O:7513.25 H:7514.00 L:7510.50 C:7512.00 V:2536.0
  📈 Trend: moderate_bullish | 🌍 Regime: trending_bullish
  🗺️  Grid: 0.080% | 🔺 7518.75 🔻 7513.50
  📡 RSI: 57.9 | MACD: 0.18 | ATR: 4.93
  📊 Filled: 0 | Pending: 0
  💰 Daily P&L: $+0.00

[2026-07-20 10:12] O:7512.00 H:7515.00 L:7511.25 C:7511.50 V:1974.0
  📈 Trend: moderate_bullish | 🌍 Regime: trending_bullish
  🗺️  Grid: 0.080% | 🔺 7514.00 🔻 7510.50
  📡 RSI: 61.7 | MACD: 0.20 | ATR: 4.84
  📊 Filled: 0 | Pending: 0
  💰 Daily P&L: $+0.00

[2026-07-20 10:13] O:7511.50 H:7514.00 L:7511.00 C:7513.50 V:2354.0
  📈 Trend: moderate_bullish | 🌍 Regime: trending_bullish
  🗺️  Grid: 0.080% | 🔺 7515.00 🔻 7511.25
  📡 RSI: 60.9 | MACD: 0.37 | ATR: 4.64
  📊 Filled: 0 | Pending: 0
  💰 Daily P&L: $+0.00

[2026-07-20 10:14] O:7513.50 H:7514.00 L:7510.75 C:7512.00 V:1780.0
  📈 Trend: moderate_bullish | 🌍 Regime: trending_bullish
  🗺️  Grid: 0.080% | 🔺 7514.00 🔻 7511.00
  📡 RSI: 57.5 | MACD: 0.39 | ATR: 4.55
  📊 Filled: 0 | Pending: 0
  💰 Daily P&L: $+0.00

[2026-07-20 10:15] O:7512.00 H:7515.50 L:7509.75 C:7515.00 V:2528.0
  📈 Trend: moderate_bullish | 🌍 Regime: trending_bullish
  🗺️  Grid: 0.080% | 🔺 7514.00 🔻 7510.75
  📡 RSI: 57.8 | MACD: 0.63 | ATR: 4.66
  📊 Filled: 0 | Pending: 0
  💰 Daily P&L: $+0.00

[2026-07-20 10:16] O:7515.25 H:7517.00 L:7513.75 C:7516.75 V:1749.0
  📈 Trend: moderate_bullish | 🌍 Regime: trending_bullish
  🗺️  Grid: 0.080% | 🔺 7515.50 🔻 7509.75
  📡 RSI: 57.5 | MACD: 0.96 | ATR: 4.62
  📊 Filled: 0 | Pending: 0
  💰 Daily P&L: $+0.00

[2026-07-20 10:17] O:7516.75 H:7518.00 L:7515.50 C:7518.00 V:1868.0
  📈 Trend: moderate_bullish | 🌍 Regime: trending_bullish
  🗺️  Grid: 0.080% | 🔺 7517.00 🔻 7513.75
  📡 RSI: 61.6 | MACD: 1.30 | ATR: 4.54
  📊 Filled: 0 | Pending: 0
  💰 Daily P&L: $+0.00

[2026-07-20 10:18] O:7517.75 H:7519.50 L:7517.25 C:7517.75 V:1504.0
  📈 Trend: moderate_bullish | 🌍 Regime: trending_bullish
  🗺️  Grid: 0.080% | 🔺 7518.00 🔻 7515.50
  📡 RSI: 60.9 | MACD: 1.54 | ATR: 4.48
  📊 Filled: 0 | Pending: 0
  💰 Daily P&L: $+0.00

[2026-07-20 10:19] O:7517.75 H:7517.75 L:7514.50 C:7516.50 V:1679.0
  📈 Trend: moderate_bullish | 🌍 Regime: trending_bullish
  🗺️  Grid: 0.080% | 🔺 7519.50 🔻 7517.25
  📡 RSI: 70.2 | MACD: 1.60 | ATR: 4.05
  📊 Filled: 0 | Pending: 0
  💰 Daily P&L: $+0.00

[2026-07-20 10:20] O:7516.50 H:7517.75 L:7514.50 C:7517.75 V:1850.0
  📈 Trend: moderate_bullish (raw: strong_bullish) | 🌍 Regime: trending_bullish
  🗺️  Grid: 0.080% | 🔺 7517.75 🔻 7514.50
  📡 RSI: 68.0 | MACD: 1.74 | ATR: 4.02
  📊 Filled: 0 | Pending: 0
  💰 Daily P&L: $+0.00

[2026-07-20 10:21] O:7517.50 H:7520.25 L:7517.25 C:7519.25 V:2323.0
  📈 Trend: strong_bullish | 🌍 Regime: trending_bullish
  🗺️  Grid: 0.080% | 🔺 7517.75 🔻 7514.50
  📡 RSI: 65.2 | MACD: 1.94 | ATR: 3.88
  📊 Filled: 0 | Pending: 0
  💰 Daily P&L: $+0.00

[2026-07-20 10:22] O:7519.50 H:7521.00 L:7519.00 C:7520.75 V:2003.0
  📈 Trend: strong_bullish | 🌍 Regime: trending_bullish
  🗺️  Grid: 0.080% | 🔺 7520.25 🔻 7517.25
  📡 RSI: 62.9 | MACD: 2.20 | ATR: 3.55
  📊 Filled: 0 | Pending: 0
  💰 Daily P&L: $+0.00

[2026-07-20 10:23] O:7520.75 H:7524.25 L:7520.00 C:7520.00 V:3842.0
  📈 Trend: strong_bullish | 🌍 Regime: trending_bullish
  🗺️  Grid: 0.080% | 🔺 7521.00 🔻 7519.00
  📡 RSI: 53.8 | MACD: 2.31 | ATR: 3.45
  📊 Filled: 0 | Pending: 0
  💰 Daily P&L: $+0.00

[2026-07-20 10:24] O:7520.00 H:7522.75 L:7519.75 C:7521.00 V:2027.0
  📈 Trend: strong_bullish | 🌍 Regime: trending_bullish
  🗺️  Grid: 0.080% | 🔺 7524.25 🔻 7520.00
  📡 RSI: 69.7 | MACD: 2.46 | ATR: 3.29
  📊 Filled: 0 | Pending: 0
  💰 Daily P&L: $+0.00

[2026-07-20 10:25] O:7521.00 H:7523.25 L:7520.75 C:7521.25 V:2098.0
  📈 Trend: strong_bullish | 🌍 Regime: trending_bullish
  🗺️  Grid: 0.080% | 🔺 7522.75 🔻 7519.75
  📡 RSI: 76.1 | MACD: 2.57 | ATR: 3.21
  📊 Filled: 0 | Pending: 0
  💰 Daily P&L: $+0.00

[2026-07-20 10:26] O:7521.25 H:7523.75 L:7520.00 C:7520.00 V:2806.0
  📈 Trend: strong_bullish | 🌍 Regime: trending_bullish
  🗺️  Grid: 0.080% | 🔺 7523.25 🔻 7520.75
  📡 RSI: 73.0 | MACD: 2.52 | ATR: 3.21
  📊 Filled: 0 | Pending: 0
  💰 Daily P&L: $+0.00

[2026-07-20 10:27] O:7520.00 H:7522.00 L:7519.00 C:7519.50 V:2130.0
  📈 Trend: strong_bullish | 🌍 Regime: trending_bullish
  🗺️  Grid: 0.080% | 🔺 7523.75 🔻 7520.00
  📡 RSI: 67.6 | MACD: 2.41 | ATR: 3.21
  📊 Filled: 0 | Pending: 0
  💰 Daily P&L: $+0.00

[2026-07-20 10:28] O:7519.50 H:7520.25 L:7516.00 C:7516.50 V:2550.0
  📈 Trend: strong_bullish (raw: moderate_bearish) | 🌍 Regime: trending_bearish
  🗺️  Grid: 0.080% | 🔺 7522.00 🔻 7519.00
  📡 RSI: 62.2 | MACD: 2.07 | ATR: 3.29
  📊 Filled: 0 | Pending: 0
  💰 Daily P&L: $+0.00

[2026-07-20 10:29] O:7516.50 H:7522.75 L:7516.00 C:7522.50 V:2373.0
  📈 Trend: strong_bullish | 🌍 Regime: trending_bullish
  🗺️  Grid: 0.080% | 🔺 7520.25 🔻 7516.00
  📡 RSI: 67.4 | MACD: 2.25 | ATR: 3.36
  📊 Filled: 0 | Pending: 0
  💰 Daily P&L: $+0.00

[2026-07-20 10:30] O:7522.50 H:7523.75 L:7521.25 C:7522.75 V:2803.0
  📈 Trend: strong_bullish | 🌍 Regime: trending_bullish
  🗺️  Grid: 0.080% | 🔺 7522.75 🔻 7516.00
  📡 RSI: 65.0 | MACD: 2.38 | ATR: 3.30
  📊 Filled: 0 | Pending: 0
  💰 Daily P&L: $+0.00

[2026-07-20 10:31] O:7523.00 H:7524.25 L:7522.50 C:7523.75 V:1812.0
  📈 Trend: strong_bullish | 🌍 Regime: trending_bullish
  🗺️  Grid: 0.080% | 🔺 7523.75 🔻 7521.25
  📡 RSI: 64.6 | MACD: 2.54 | ATR: 3.25
  📊 Filled: 0 | Pending: 0
  💰 Daily P&L: $+0.00

[2026-07-20 10:32] O:7523.75 H:7524.25 L:7522.25 C:7522.50 V:1534.0
  📈 Trend: strong_bullish | 🌍 Regime: trending_bullish
  🗺️  Grid: 0.080% | 🔺 7524.25 🔻 7522.50
  📡 RSI: 61.4 | MACD: 2.54 | ATR: 3.23
  📊 Filled: 0 | Pending: 0
  💰 Daily P&L: $+0.00

[2026-07-20 10:33] O:7522.50 H:7523.25 L:7521.75 C:7522.50 V:1522.0
  📈 Trend: strong_bullish | 🌍 Regime: trending_bullish
  🗺️  Grid: 0.080% | 🔺 7524.25 🔻 7522.25
  📡 RSI: 65.4 | MACD: 2.51 | ATR: 3.11
  📊 Filled: 0 | Pending: 0
  💰 Daily P&L: $+0.00

[2026-07-20 10:34] O:7522.50 H:7523.75 L:7521.75 C:7522.75 V:2174.0
  📈 Trend: strong_bullish | 🌍 Regime: trending_bullish
  🗺️  Grid: 0.080% | 🔺 7523.25 🔻 7521.75
  📡 RSI: 63.5 | MACD: 2.47 | ATR: 3.02
  📊 Filled: 0 | Pending: 0
  💰 Daily P&L: $+0.00

[2026-07-20 10:35] O:7522.75 H:7523.25 L:7520.75 C:7522.00 V:2133.0
  📈 Trend: strong_bullish (raw: moderate_bullish) | 🌍 Regime: ranging
  🗺️  Grid: 0.080% | 🔺 7523.75 🔻 7521.75
  📡 RSI: 57.7 | MACD: 2.36 | ATR: 2.98
  📊 Filled: 0 | Pending: 0
  🔲 Regime: RANGING | Range pos: 90% | RSI: 57.7
  💰 Daily P&L: $+0.00

[2026-07-20 10:36] O:7521.75 H:7522.75 L:7521.00 C:7522.00 V:1484.0
  📈 Trend: moderate_bullish | 🌍 Regime: ranging
  🗺️  Grid: 0.080% | 🔺 7523.25 🔻 7520.75
  📡 RSI: 53.8 | MACD: 2.24 | ATR: 2.96
  📊 Filled: 0 | Pending: 0
  🔲 Regime: RANGING | Range pos: 90% | RSI: 53.8
  💰 Daily P&L: $+0.00

[2026-07-20 10:37] O:7522.00 H:7522.25 L:7518.00 C:7518.25 V:1740.0
  📈 Trend: moderate_bullish | 🌍 Regime: ranging
  🗺️  Grid: 0.080% | 🔺 7522.75 🔻 7521.00
  📡 RSI: 45.5 | MACD: 1.83 | ATR: 2.96
  📊 Filled: 0 | Pending: 0
  🔲 Regime: RANGING | Range pos: 74% | RSI: 45.5
  💰 Daily P&L: $+0.00

[2026-07-20 10:38] O:7518.25 H:7520.25 L:7517.75 C:7520.00 V:2133.0
  📈 Trend: moderate_bullish | 🌍 Regime: ranging
  🗺️  Grid: 0.080% | 🔺 7522.25 🔻 7518.00
  📡 RSI: 47.5 | MACD: 1.62 | ATR: 2.93
  📊 Filled: 0 | Pending: 0
  🔲 Regime: RANGING | Range pos: 82% | RSI: 47.5
  💰 Daily P&L: $+0.00

[2026-07-20 10:39] O:7520.25 H:7521.75 L:7518.25 C:7518.50 V:1531.0
  📈 Trend: moderate_bullish | 🌍 Regime: trending_bullish
  🗺️  Grid: 0.080% | 🔺 7520.25 🔻 7517.75
  📡 RSI: 43.5 | MACD: 1.32 | ATR: 3.00
  📊 Filled: 0 | Pending: 0
  💰 Daily P&L: $+0.00

[2026-07-20 10:40] O:7518.50 H:7518.75 L:7516.50 C:7517.50 V:1480.0
  📈 Trend: moderate_bullish (raw: moderate_bearish) | 🌍 Regime: ranging
  🗺️  Grid: 0.080% | 🔺 7521.75 🔻 7518.25
  📡 RSI: 44.0 | MACD: 0.99 | ATR: 2.89
  📊 Filled: 0 | Pending: 0
  🔲 Regime: RANGING | Range pos: 71% | RSI: 44.0
  💰 Daily P&L: $+0.00

[2026-07-20 10:41] O:7517.75 H:7520.75 L:7517.50 C:7519.75 V:1910.0
  📈 Trend: moderate_bearish | 🌍 Regime: ranging
  🗺️  Grid: 0.080% | 🔺 7518.75 🔻 7516.50
  📡 RSI: 50.5 | MACD: 0.90 | ATR: 2.91
  📊 Filled: 0 | Pending: 0
  🔲 Regime: RANGING | Range pos: 81% | RSI: 50.5
  💰 Daily P&L: $+0.00

[2026-07-20 10:42] O:7520.00 H:7522.50 L:7519.50 C:7520.75 V:1575.0
  📈 Trend: moderate_bearish (raw: moderate_bullish) | 🌍 Regime: ranging
  🗺️  Grid: 0.080% | 🔺 7520.75 🔻 7517.50
  📡 RSI: 60.2 | MACD: 0.90 | ATR: 2.82
  📊 Filled: 0 | Pending: 0
  🔲 Regime: RANGING | Range pos: 85% | RSI: 60.2
  💰 Daily P&L: $+0.00

[2026-07-20 10:43] O:7520.75 H:7523.00 L:7520.00 C:7520.25 V:1602.0
  📈 Trend: moderate_bearish | 🌍 Regime: ranging
  🗺️  Grid: 0.080% | 🔺 7522.50 🔻 7519.50
  📡 RSI: 42.6 | MACD: 0.85 | ATR: 2.55
  📊 Filled: 0 | Pending: 0
  🔲 Regime: RANGING | Range pos: 83% | RSI: 42.6
  💰 Daily P&L: $+0.00

[2026-07-20 10:44] O:7520.25 H:7524.00 L:7519.25 C:7523.50 V:1296.0
  📈 Trend: moderate_bearish (raw: moderate_bullish) | 🌍 Regime: ranging
  🗺️  Grid: 0.080% | 🔺 7523.00 🔻 7520.00
  📡 RSI: 52.1 | MACD: 1.06 | ATR: 2.71
  📊 Filled: 0 | Pending: 0
  🔲 Regime: RANGING | Range pos: 97% | RSI: 52.1
  💰 Daily P&L: $+0.00

[2026-07-20 10:45] O:7523.75 H:7523.75 L:7520.00 C:7521.25 V:1696.0
  📈 Trend: moderate_bullish | 🌍 Regime: ranging
  🗺️  Grid: 0.080% | 🔺 7524.00 🔻 7519.25
  📡 RSI: 43.6 | MACD: 1.03 | ATR: 2.86
  📊 Filled: 0 | Pending: 0
  🔲 Regime: RANGING | Range pos: 87% | RSI: 43.6
  💰 Daily P&L: $+0.00

[2026-07-20 10:46] O:7521.25 H:7522.25 L:7520.00 C:7521.00 V:1849.0
  📈 Trend: moderate_bullish | 🌍 Regime: ranging
  🗺️  Grid: 0.080% | 🔺 7523.75 🔻 7520.00
  📡 RSI: 45.9 | MACD: 0.98 | ATR: 2.88
  📊 Filled: 0 | Pending: 0
  🔲 Regime: RANGING | Range pos: 86% | RSI: 45.9
  💰 Daily P&L: $+0.00

[2026-07-20 10:47] O:7521.25 H:7522.25 L:7517.25 C:7518.75 V:2231.0
  📈 Trend: moderate_bullish | 🌍 Regime: ranging
  🗺️  Grid: 0.080% | 🔺 7522.25 🔻 7520.00
  📡 RSI: 41.0 | MACD: 0.74 | ATR: 3.12
  📊 Filled: 0 | Pending: 0
  🔲 Regime: RANGING | Range pos: 77% | RSI: 41.0
  💰 Daily P&L: $+0.00

[2026-07-20 10:48] O:7518.50 H:7518.50 L:7515.50 C:7516.25 V:2138.0
  📈 Trend: moderate_bullish (raw: moderate_bearish) | 🌍 Regime: ranging
  🗺️  Grid: 0.080% | 🔺 7522.25 🔻 7517.25
  📡 RSI: 35.9 | MACD: 0.35 | ATR: 3.21
  📊 Filled: 0 | Pending: 0
  🔲 Regime: RANGING | Range pos: 66% | RSI: 35.9
  💰 Daily P&L: $+0.00

[2026-07-20 10:49] O:7516.25 H:7518.25 L:7514.50 C:7516.75 V:2925.0
  📈 Trend: moderate_bearish | 🌍 Regime: ranging
  🗺️  Grid: 0.080% | 🔺 7518.50 🔻 7515.50
  📡 RSI: 38.5 | MACD: 0.08 | ATR: 3.30
  📊 Filled: 0 | Pending: 0
  🔲 Regime: RANGING | Range pos: 68% | RSI: 38.5
  💰 Daily P&L: $+0.00

[2026-07-20 10:50] O:7516.50 H:7517.75 L:7515.00 C:7517.75 V:1959.0
  📈 Trend: moderate_bearish (raw: strong_bearish) | 🌍 Regime: ranging
  🗺️  Grid: 0.080% | 🔺 7518.25 🔻 7514.50
  📡 RSI: 41.1 | MACD: -0.05 | ATR: 3.38
  📊 Filled: 0 | Pending: 0
  🔲 Regime: RANGING | Range pos: 72% | RSI: 41.1
  💰 Daily P&L: $+0.00

[2026-07-20 10:51] O:7517.75 H:7522.00 L:7517.50 C:7520.75 V:2069.0
  📈 Trend: moderate_bearish | 🌍 Regime: ranging
  🗺️  Grid: 0.080% | 🔺 7517.75 🔻 7515.00
  📡 RSI: 55.4 | MACD: 0.09 | ATR: 3.39
  📊 Filled: 0 | Pending: 0
  🔲 Regime: RANGING | Range pos: 85% | RSI: 55.4
  💰 Daily P&L: $+0.00

[2026-07-20 10:52] O:7520.75 H:7522.50 L:7519.75 C:7521.75 V:1330.0
  📈 Trend: moderate_bearish | 🌍 Regime: ranging
  🗺️  Grid: 0.080% | 🔺 7522.00 🔻 7517.50
  📡 RSI: 53.9 | MACD: 0.27 | ATR: 3.41
  📊 Filled: 0 | Pending: 0
  🔲 Regime: RANGING | Range pos: 89% | RSI: 53.9
  💰 Daily P&L: $+0.00

[2026-07-20 10:53] O:7521.75 H:7525.00 L:7521.25 C:7525.00 V:2143.0
  📈 Trend: moderate_bearish (raw: strong_bullish) | 🌍 Regime: ranging
  🗺️  Grid: 0.080% | 🔺 7522.50 🔻 7519.75
  📡 RSI: 63.5 | MACD: 0.67 | ATR: 3.43
  📊 Filled: 0 | Pending: 0
  🔲 Regime: RANGING | Range pos: 100% | RSI: 63.5
  💰 Daily P&L: $+0.00

[2026-07-20 10:54] O:7525.00 H:7528.00 L:7524.75 C:7526.00 V:2785.0
  📈 Trend: strong_bullish | 🌍 Regime: ranging
  🗺️  Grid: 0.080% | 🔺 7525.00 🔻 7521.25
  📡 RSI: 67.7 | MACD: 1.06 | ATR: 3.50
  📊 Filled: 0 | Pending: 0
  🔲 Regime: RANGING | Range pos: 93% | RSI: 67.7
  💰 Daily P&L: $+0.00

[2026-07-20 10:55] O:7526.25 H:7528.00 L:7526.25 C:7527.50 V:1743.0
  📈 Trend: strong_bullish | 🌍 Regime: ranging
  🗺️  Grid: 0.080% | 🔺 7528.00 🔻 7524.75
  📡 RSI: 66.7 | MACD: 1.47 | ATR: 3.41
  📊 Filled: 0 | Pending: 0
  🔲 Regime: RANGING | Range pos: 98% | RSI: 66.7
  💰 Daily P&L: $+0.00

[2026-07-20 10:56] O:7527.50 H:7528.25 L:7526.50 C:7527.75 V:2197.0
  📈 Trend: strong_bullish | 🌍 Regime: ranging
  🗺️  Grid: 0.080% | 🔺 7528.00 🔻 7526.25
  📡 RSI: 65.6 | MACD: 1.80 | ATR: 3.32
  📊 Filled: 0 | Pending: 0
  🔲 Regime: RANGING | Range pos: 98% | RSI: 65.6
  💰 Daily P&L: $+0.00

[2026-07-20 10:57] O:7527.75 H:7528.25 L:7524.75 C:7525.50 V:1550.0
  📈 Trend: strong_bullish | 🌍 Regime: ranging
  🗺️  Grid: 0.080% | 🔺 7528.25 🔻 7526.50
  📡 RSI: 60.8 | MACD: 1.85 | ATR: 3.36
  📊 Filled: 0 | Pending: 0
  🔲 Regime: RANGING | Range pos: 90% | RSI: 60.8
  💰 Daily P&L: $+0.00

[2026-07-20 10:58] O:7525.50 H:7526.75 L:7524.25 C:7525.00 V:1575.0
  📈 Trend: strong_bullish | 🌍 Regime: ranging
  🗺️  Grid: 0.080% | 🔺 7528.25 🔻 7524.75
  📡 RSI: 53.5 | MACD: 1.83 | ATR: 3.20
  📊 Filled: 0 | Pending: 0
  🔲 Regime: RANGING | Range pos: 88% | RSI: 53.5
  💰 Daily P&L: $+0.00

[2026-07-20 10:59] O:7525.00 H:7525.50 L:7523.25 C:7523.50 V:1236.0
  📈 Trend: strong_bullish | 🌍 Regime: ranging
  🗺️  Grid: 0.080% | 🔺 7526.75 🔻 7524.25
  📡 RSI: 55.4 | MACD: 1.68 | ATR: 3.09
  📊 Filled: 0 | Pending: 0
  🔲 Regime: RANGING | Range pos: 83% | RSI: 55.4
  💰 Daily P&L: $+0.00

[2026-07-20 11:00] O:7523.75 H:7526.25 L:7522.75 C:7525.25 V:1669.0
  📈 Trend: strong_bullish | 🌍 Regime: ranging
  🗺️  Grid: 0.080% | 🔺 7525.50 🔻 7523.25
  📡 RSI: 59.6 | MACD: 1.68 | ATR: 3.18
  📊 Filled: 0 | Pending: 0
  🔲 Regime: RANGING | Range pos: 89% | RSI: 59.6
  💰 Daily P&L: $+0.00

[2026-07-20 11:01] O:7525.50 H:7526.50 L:7523.75 C:7523.75 V:1280.0
  📈 Trend: strong_bullish | 🌍 Regime: ranging
  🗺️  Grid: 0.080% | 🔺 7526.25 🔻 7522.75
  📡 RSI: 61.6 | MACD: 1.54 | ATR: 3.02
  📊 Filled: 0 | Pending: 0
  🔲 Regime: RANGING | Range pos: 84% | RSI: 61.6
  💰 Daily P&L: $+0.00

[2026-07-20 11:02] O:7523.50 H:7523.75 L:7519.50 C:7521.00 V:2569.0
  📈 Trend: strong_bullish (raw: moderate_bullish) | 🌍 Regime: ranging
  🗺️  Grid: 0.080% | 🔺 7526.50 🔻 7523.75
  📡 RSI: 60.9 | MACD: 1.19 | ATR: 3.09
  📊 Filled: 0 | Pending: 0
  🔲 Regime: RANGING | Range pos: 74% | RSI: 60.9
  💰 Daily P&L: $+0.00

[2026-07-20 11:03] O:7521.00 H:7525.50 L:7519.50 C:7525.50 V:2328.0
  📈 Trend: moderate_bullish | 🌍 Regime: ranging
  🗺️  Grid: 0.080% | 🔺 7523.75 🔻 7519.50
  📡 RSI: 67.0 | MACD: 1.27 | ATR: 3.25
  📊 Filled: 0 | Pending: 0
  🔲 Regime: RANGING | Range pos: 90% | RSI: 67.0
  💰 Daily P&L: $+0.00

[2026-07-20 11:04] O:7525.75 H:7526.25 L:7525.00 C:7525.25 V:1411.0
  📈 Trend: moderate_bullish | 🌍 Regime: ranging
  🗺️  Grid: 0.080% | 🔺 7525.50 🔻 7519.50
  📡 RSI: 65.0 | MACD: 1.29 | ATR: 3.14
  📊 Filled: 0 | Pending: 0
  🔲 Regime: RANGING | Range pos: 89% | RSI: 65.0
  💰 Daily P&L: $+0.00

[2026-07-20 11:05] O:7525.50 H:7529.50 L:7525.25 C:7529.50 V:2605.0
  📈 Trend: moderate_bullish (raw: strong_bullish) | 🌍 Regime: ranging
  🗺️  Grid: 0.080% | 🔺 7526.25 🔻 7525.00
  📡 RSI: 66.7 | MACD: 1.63 | ATR: 3.12
  📊 Filled: 0 | Pending: 0
  🔲 Regime: RANGING | Range pos: 100% | RSI: 66.7
  💰 Daily P&L: $+0.00

[2026-07-20 11:06] O:7529.25 H:7530.50 L:7528.00 C:7530.00 V:2658.0
  📈 Trend: strong_bullish | 🌍 Regime: ranging
  🗺️  Grid: 0.080% | 🔺 7529.50 🔻 7525.25
  📡 RSI: 66.0 | MACD: 1.92 | ATR: 3.11
  📊 Filled: 0 | Pending: 0
  🔲 Regime: RANGING | Range pos: 98% | RSI: 66.0
  💰 Daily P&L: $+0.00

[2026-07-20 11:07] O:7530.00 H:7531.00 L:7529.25 C:7530.25 V:2113.0
  📈 Trend: strong_bullish | 🌍 Regime: ranging
  🗺️  Grid: 0.080% | 🔺 7530.50 🔻 7528.00
  📡 RSI: 61.5 | MACD: 2.15 | ATR: 2.96
  📊 Filled: 0 | Pending: 0
  🔲 Regime: RANGING | Range pos: 98% | RSI: 61.5
  💰 Daily P&L: $+0.00

[2026-07-20 11:08] O:7530.50 H:7531.50 L:7530.50 C:7531.25 V:2318.0
  📈 Trend: strong_bullish | 🌍 Regime: ranging
  🗺️  Grid: 0.080% | 🔺 7531.00 🔻 7529.25
  📡 RSI: 61.5 | MACD: 2.38 | ATR: 2.82
  📊 Filled: 0 | Pending: 0
  🔲 Regime: RANGING | Range pos: 99% | RSI: 61.5
  💰 Daily P&L: $+0.00

[2026-07-20 11:09] O:7531.25 H:7532.25 L:7530.75 C:7531.75 V:2621.0
  📈 Trend: strong_bullish | 🌍 Regime: ranging
  🗺️  Grid: 0.080% | 🔺 7531.50 🔻 7530.50
  📡 RSI: 59.8 | MACD: 2.57 | ATR: 2.79
  📊 Filled: 0 | Pending: 0
  🔲 Regime: RANGING | Range pos: 98% | RSI: 59.8
  💰 Daily P&L: $+0.00

[2026-07-20 11:10] O:7531.75 H:7533.75 L:7531.00 C:7533.25 V:3588.0
  📈 Trend: strong_bullish | 🌍 Regime: trending_bullish
  🗺️  Grid: 0.080% | 🔺 7532.25 🔻 7530.75
  📡 RSI: 62.0 | MACD: 2.82 | ATR: 2.86
  📊 Filled: 0 | Pending: 0
  💰 Daily P&L: $+0.00

[2026-07-20 11:11] O:7533.25 H:7533.75 L:7532.00 C:7532.75 V:3025.0
  📈 Trend: strong_bullish | 🌍 Regime: trending_bullish
  🗺️  Grid: 0.080% | 🔺 7533.75 🔻 7531.00
  📡 RSI: 67.1 | MACD: 2.93 | ATR: 2.73
  📊 Filled: 0 | Pending: 0
  💰 Daily P&L: $+0.00

[2026-07-20 11:12] O:7532.75 H:7534.00 L:7532.25 C:7532.25 V:2183.0
  📈 Trend: strong_bullish | 🌍 Regime: trending_bullish
  🗺️  Grid: 0.080% | 🔺 7533.75 🔻 7532.00
  📡 RSI: 67.1 | MACD: 2.95 | ATR: 2.68
  📊 Filled: 0 | Pending: 0
  💰 Daily P&L: $+0.00

[2026-07-20 11:13] O:7532.25 H:7533.50 L:7530.25 C:7531.25 V:2405.0
  📈 Trend: strong_bullish | 🌍 Regime: trending_bullish
  🗺️  Grid: 0.080% | 🔺 7534.00 🔻 7532.25
  📡 RSI: 68.7 | MACD: 2.86 | ATR: 2.75
  📊 Filled: 0 | Pending: 0
  💰 Daily P&L: $+0.00

[2026-07-20 11:14] O:7531.00 H:7532.50 L:7530.50 C:7531.75 V:2155.0
  📈 Trend: strong_bullish | 🌍 Regime: trending_bullish
  🗺️  Grid: 0.080% | 🔺 7533.50 🔻 7530.25
  📡 RSI: 66.7 | MACD: 2.79 | ATR: 2.64
  📊 Filled: 0 | Pending: 0
  💰 Daily P&L: $+0.00

[2026-07-20 11:15] O:7532.00 H:7532.50 L:7528.25 C:7528.50 V:2126.0
  📈 Trend: strong_bullish | 🌍 Regime: trending_bullish
  🗺️  Grid: 0.080% | 🔺 7532.50 🔻 7530.50
  📡 RSI: 61.2 | MACD: 2.44 | ATR: 2.75
  📊 Filled: 0 | Pending: 0
  💰 Daily P&L: $+0.00

[2026-07-20 11:16] O:7528.50 H:7529.25 L:7528.00 C:7529.00 V:1768.0
  📈 Trend: strong_bullish | 🌍 Regime: trending_bullish
  🗺️  Grid: 0.080% | 🔺 7532.50 🔻 7528.25
  📡 RSI: 71.1 | MACD: 2.18 | ATR: 2.54
  📊 Filled: 0 | Pending: 0
  💰 Daily P&L: $+0.00

[2026-07-20 11:17] O:7529.00 H:7530.50 L:7528.50 C:7530.50 V:1261.0
  📈 Trend: strong_bullish | 🌍 Regime: trending_bullish
  🗺️  Grid: 0.080% | 🔺 7529.25 🔻 7528.00
  📡 RSI: 65.6 | MACD: 2.07 | ATR: 2.25
  📊 Filled: 0 | Pending: 0
  💰 Daily P&L: $+0.00

[2026-07-20 11:18] O:7530.50 H:7531.00 L:7529.25 C:7530.50 V:977.0
  📈 Trend: strong_bullish | 🌍 Regime: trending_bullish
  🗺️  Grid: 0.080% | 🔺 7530.50 🔻 7528.50
  📡 RSI: 66.7 | MACD: 1.96 | ATR: 2.29
  📊 Filled: 0 | Pending: 0
  💰 Daily P&L: $+0.00

[2026-07-20 11:19] O:7530.50 H:7531.00 L:7530.00 C:7530.75 V:899.0
  📈 Trend: strong_bullish | 🌍 Regime: trending_bullish
  🗺️  Grid: 0.080% | 🔺 7531.00 🔻 7529.25
  📡 RSI: 55.3 | MACD: 1.88 | ATR: 2.05
  📊 Filled: 0 | Pending: 0
  💰 Daily P&L: $+0.00

[2026-07-20 11:20] O:7530.75 H:7531.75 L:7530.25 C:7531.50 V:1274.0
  📈 Trend: strong_bullish | 🌍 Regime: trending_bullish
  🗺️  Grid: 0.080% | 🔺 7531.00 🔻 7530.00
  📡 RSI: 56.2 | MACD: 1.85 | ATR: 1.98
  📊 Filled: 0 | Pending: 0
  💰 Daily P&L: $+0.00

[2026-07-20 11:21] O:7531.50 H:7531.50 L:7530.25 C:7530.75 V:1152.0
  📈 Trend: strong_bullish | 🌍 Regime: trending_bullish
  🗺️  Grid: 0.080% | 🔺 7531.75 🔻 7530.25
  📡 RSI: 52.0 | MACD: 1.74 | ATR: 1.95
  📊 Filled: 0 | Pending: 0
  💰 Daily P&L: $+0.00

[2026-07-20 11:22] O:7530.75 H:7531.50 L:7530.00 C:7530.75 V:1314.0
  📈 Trend: strong_bullish | 🌍 Regime: trending_bullish
  🗺️  Grid: 0.080% | 🔺 7531.50 🔻 7530.25
  📡 RSI: 47.8 | MACD: 1.64 | ATR: 1.96
  📊 Filled: 0 | Pending: 0
  💰 Daily P&L: $+0.00

[2026-07-20 11:23] O:7531.00 H:7532.75 L:7530.75 C:7532.25 V:1075.0
  📈 Trend: strong_bullish | 🌍 Regime: trending_bullish
  🗺️  Grid: 0.080% | 🔺 7531.50 🔻 7530.00
  📡 RSI: 52.0 | MACD: 1.66 | ATR: 2.00
  📊 Filled: 0 | Pending: 0
  💰 Daily P&L: $+0.00

[2026-07-20 11:24] O:7532.25 H:7532.50 L:7530.50 C:7531.50 V:1562.0
  📈 Trend: strong_bullish | 🌍 Regime: trending_bullish
  🗺️  Grid: 0.080% | 🔺 7532.75 🔻 7530.75
  📡 RSI: 42.6 | MACD: 1.60 | ATR: 1.95
  📊 Filled: 0 | Pending: 0
  💰 Daily P&L: $+0.00

[2026-07-20 11:25] O:7531.50 H:7532.00 L:7527.00 C:7527.75 V:2297.0
  📈 Trend: strong_bullish (raw: moderate_bullish) | 🌍 Regime: trending_bullish
  🗺️  Grid: 0.080% | 🔺 7532.50 🔻 7530.50
  📡 RSI: 33.3 | MACD: 1.24 | ATR: 2.18
  📊 Filled: 0 | Pending: 0
  💰 Daily P&L: $+0.00

[2026-07-20 11:26] O:7527.50 H:7527.75 L:7525.25 C:7526.50 V:2481.0
  📈 Trend: moderate_bullish | 🌍 Regime: trending_bullish
  🗺️  Grid: 0.080% | 🔺 7532.00 🔻 7527.00
  📡 RSI: 31.7 | MACD: 0.83 | ATR: 2.23
  📊 Filled: 0 | Pending: 0
  💰 Daily P&L: $+0.00

[2026-07-20 11:27] O:7526.75 H:7529.00 L:7526.50 C:7528.00 V:1408.0
  📈 Trend: moderate_bullish | 🌍 Regime: trending_bullish
  🗺️  Grid: 0.080% | 🔺 7527.75 🔻 7525.25
  📡 RSI: 40.0 | MACD: 0.63 | ATR: 2.18
  📊 Filled: 0 | Pending: 0
  💰 Daily P&L: $+0.00

[2026-07-20 11:28] O:7527.75 H:7528.00 L:7526.75 C:7527.25 V:1075.0
  📈 Trend: moderate_bullish | 🌍 Regime: trending_bullish
  🗺️  Grid: 0.080% | 🔺 7529.00 🔻 7526.50
  📡 RSI: 36.4 | MACD: 0.40 | ATR: 2.12
  📊 Filled: 0 | Pending: 0
  💰 Daily P&L: $+0.00

[2026-07-20 11:29] O:7527.50 H:7529.25 L:7527.25 C:7528.75 V:1114.0
  📈 Trend: moderate_bullish | 🌍 Regime: trending_bullish
  🗺️  Grid: 0.080% | 🔺 7528.00 🔻 7526.75
  📡 RSI: 50.8 | MACD: 0.34 | ATR: 1.96
  📊 Filled: 0 | Pending: 0
  💰 Daily P&L: $+0.00

[2026-07-20 11:30] O:7528.75 H:7531.50 L:7527.50 C:7528.00 V:1748.0
  📈 Trend: moderate_bullish | 🌍 Regime: trending_bullish
  🗺️  Grid: 0.080% | 🔺 7529.25 🔻 7527.25
  📡 RSI: 46.7 | MACD: 0.23 | ATR: 2.16
  📊 Filled: 0 | Pending: 0
  💰 Daily P&L: $+0.00

[2026-07-20 11:31] O:7527.75 H:7528.75 L:7527.00 C:7528.00 V:1307.0
  📈 Trend: moderate_bullish | 🌍 Regime: trending_bullish
  🗺️  Grid: 0.080% | 🔺 7531.50 🔻 7527.50
  📡 RSI: 40.7 | MACD: 0.14 | ATR: 2.14
  📊 Filled: 0 | Pending: 0
  💰 Daily P&L: $+0.00

[2026-07-20 11:32] O:7528.25 H:7528.50 L:7525.75 C:7526.00 V:1509.0
  📈 Trend: moderate_bullish | 🌍 Regime: trending_bullish
  🗺️  Grid: 0.080% | 🔺 7528.75 🔻 7527.00
  📡 RSI: 35.5 | MACD: -0.09 | ATR: 2.21
  📊 Filled: 0 | Pending: 0
  💰 Daily P&L: $+0.00

[2026-07-20 11:33] O:7526.00 H:7526.50 L:7522.25 C:7522.25 V:2335.0
  📈 Trend: moderate_bullish | 🌍 Regime: trending_bullish
  🗺️  Grid: 0.080% | 🔺 7528.50 🔻 7525.75
  📡 RSI: 27.6 | MACD: -0.57 | ATR: 2.45
  📊 Filled: 0 | Pending: 0
  💰 Daily P&L: $+0.00

[2026-07-20 11:34] O:7522.50 H:7524.25 L:7521.75 C:7521.75 V:1874.0
  📈 Trend: moderate_bullish | 🌍 Regime: trending_bullish
  🗺️  Grid: 0.080% | 🔺 7526.50 🔻 7522.25
  📡 RSI: 24.0 | MACD: -0.98 | ATR: 2.52
  📊 Filled: 0 | Pending: 0
  💰 Daily P&L: $+0.00

[2026-07-20 11:35] O:7521.75 H:7524.00 L:7521.75 C:7523.00 V:1353.0
  📈 Trend: moderate_bullish | 🌍 Regime: trending_bullish
  🗺️  Grid: 0.080% | 🔺 7524.25 🔻 7521.75
  📡 RSI: 29.9 | MACD: -1.19 | ATR: 2.59
  📊 Filled: 0 | Pending: 0
  💰 Daily P&L: $+0.00

[2026-07-20 11:36] O:7523.00 H:7523.50 L:7522.00 C:7523.25 V:1104.0
  📈 Trend: moderate_bullish | 🌍 Regime: trending_bullish
  🗺️  Grid: 0.080% | 🔺 7524.00 🔻 7521.75
  📡 RSI: 30.8 | MACD: -1.32 | ATR: 2.59
  📊 Filled: 0 | Pending: 0
  💰 Daily P&L: $+0.00

[2026-07-20 11:37] O:7523.25 H:7524.75 L:7521.50 C:7524.75 V:1436.0
  📈 Trend: moderate_bullish | 🌍 Regime: trending_bullish
  🗺️  Grid: 0.080% | 🔺 7523.50 🔻 7522.00
  📡 RSI: 30.8 | MACD: -1.29 | ATR: 2.68
  📊 Filled: 0 | Pending: 0
  📤 Limit BUY 10 @ 7524.75 submitted (ID: 543)
  ⬆️ LONG ORDER @ 7524.75 | Size: 1.00 | SL: 7519.50 | TP: 7532.75 [10cts]
     Reason: Grid Long (moderate_bullish, RSI: 30.8)
  🔬 SHADOW [long trending]: 🟩 ROBUST WOULD ALLOW
       MACD=PASS (-1.29 vs -1.32, Δ+0.03) | 5m=PASS (1m=moderate_bullish, 5m=sideways)
     ⏳ Order 543 PENDING - awaiting fill confirmation
  💰 Daily P&L: $+0.00
  📋 Order 543 status: PreSubmitted
  ✅ Fill: BOT 10.0 @ 7524.5
  📋 Order 543 status: Filled
  📤 Stop-Limit SELL 10 @ stop:7516.50 / lmt:7512.50 submitted (ID: 544) [OCA:exit_543_1784565546]
  📋 Order 544 status: PreSubmitted
  📤 Limit SELL 10 @ 7532.50 submitted (ID: 545) [OCA:exit_543_1784565546]
  📋 Order 545 status: PreSubmitted
  ✅ FILL CONFIRMED: LONG @ 7524.50 (order 543)
     📊 Bracket placed: SL #544 @ 7516.50 | TP #545 @ 7532.50
     Trail activates @ +7.5 pts

[2026-07-20 11:38] O:7524.75 H:7525.50 L:7522.75 C:7524.25 V:1158.0
  📈 Trend: moderate_bullish | 🌍 Regime: trending_bullish
  🗺️  Grid: 0.080% | 🔺 7524.75 🔻 7521.50
  📡 RSI: 31.2 | MACD: -1.29 | ATR: 2.73
  📊 Filled: 1 | Pending: 0
  📍 LONG @ 7524.50 | SL: 7516.50 | TP: 7532.50 | P&L: $-125.00 | +7.5 to trail
  💰 Daily P&L: $+0.00
  📋 Order 545 status: Submitted

[2026-07-20 11:39] O:7524.50 H:7527.50 L:7524.25 C:7527.25 V:1120.0
  📈 Trend: moderate_bullish (raw: strong_bearish) | 🌍 Regime: trending_bearish
  🗺️  Grid: 0.080% | 🔺 7525.50 🔻 7522.75
  📡 RSI: 48.6 | MACD: -1.04 | ATR: 2.61
  📊 Filled: 1 | Pending: 0
  📍 LONG @ 7524.50 | SL: 7516.50 | TP: 7532.50 | P&L: $+1,375.00 | +6.5 to trail
  💰 Daily P&L: $+0.00

[2026-07-20 11:40] O:7527.25 H:7529.00 L:7525.50 C:7526.75 V:1630.0
  📈 Trend: strong_bearish | 🌍 Regime: trending_bearish
  🗺️  Grid: 0.080% | 🔺 7527.50 🔻 7524.25
  📡 RSI: 50.7 | MACD: -0.87 | ATR: 2.68
  📊 Filled: 1 | Pending: 0
  📍 LONG @ 7524.50 | SL: 7516.50 | TP: 7532.50 | P&L: $+1,125.00 | +4.5 to trail
  💰 Daily P&L: $+0.00
  📋 Order 545 status: PreSubmitted
  📋 Order 545 status: PendingCancel
  ✅ Fill: SLD 10.0 @ 7513.25
  📋 Order 544 status: Filled
  📋 Order 545 status: Cancelled

[2026-07-20 11:41] O:7526.75 H:7527.75 L:7508.25 C:7517.50 V:12892.0
  📈 Trend: strong_bearish | 🌍 Regime: trending_bearish
  🗺️  Grid: 0.080% | 🔺 7529.00 🔻 7525.50
  📡 RSI: 29.4 | MACD: -1.46 | ATR: 3.89
  📊 Filled: 1 | Pending: 0
  📍 LONG @ 7524.50 | SL: 7516.50 | TP: 7532.50 | P&L: $-3,500.00 | +3.0 to trail
  ❌ EXIT LONG @ 7513.25 | Stop Loss
     P&L: -11.25 pts ($-5,625.00) | Daily: $-5,625.00
  ⏸️ Cooldown: 2 bar(s) remaining after exit
  💰 Daily P&L: $-5,625.00

[2026-07-20 11:42] O:7517.50 H:7520.25 L:7516.00 C:7518.50 V:3471.0
  📈 Trend: strong_bearish | 🌍 Regime: trending_bearish
  🗺️  Grid: 0.080% | 🔺 7527.75 🔻 7508.25
  📡 RSI: 33.0 | MACD: -1.83 | ATR: 4.11
  📊 Filled: 0 | Pending: 0
  ⏸️ Cooldown: 1 bar(s) remaining after exit
  💰 Daily P&L: $-5,625.00

[2026-07-20 11:43] O:7518.50 H:7520.75 L:7517.75 C:7519.75 V:2227.0
  📈 Trend: strong_bearish | 🌍 Regime: trending_bearish
  🗺️  Grid: 0.080% | 🔺 7520.25 🔻 7516.00
  📡 RSI: 32.4 | MACD: -2.00 | ATR: 4.18
  📊 Filled: 0 | Pending: 0
  💰 Daily P&L: $-5,625.00

[2026-07-20 11:44] O:7520.00 H:7520.50 L:7516.25 C:7518.00 V:2027.0
  📈 Trend: strong_bearish | 🌍 Regime: trending_bearish
  🗺️  Grid: 0.080% | 🔺 7520.75 🔻 7517.75
  📡 RSI: 31.1 | MACD: -2.25 | ATR: 4.20
  📊 Filled: 0 | Pending: 0
  💰 Daily P&L: $-5,625.00

[2026-07-20 11:45] O:7518.00 H:7518.75 L:7516.25 C:7518.00 V:2419.0
  📈 Trend: strong_bearish | 🌍 Regime: trending_bearish
  🗺️  Grid: 0.080% | 🔺 7520.50 🔻 7516.25
  📡 RSI: 31.1 | MACD: -2.42 | ATR: 4.25
  📊 Filled: 0 | Pending: 0
  💰 Daily P&L: $-5,625.00

[2026-07-20 11:46] O:7518.00 H:7522.75 L:7516.00 C:7522.75 V:2803.0
  📈 Trend: strong_bearish | 🌍 Regime: trending_bearish
  🗺️  Grid: 0.080% | 🔺 7518.75 🔻 7516.25
  📡 RSI: 44.4 | MACD: -2.14 | ATR: 4.54
  📊 Filled: 0 | Pending: 0
  💰 Daily P&L: $-5,625.00

[2026-07-20 11:47] O:7522.75 H:7525.25 L:7522.50 C:7523.25 V:2321.0
  📈 Trend: strong_bearish | 🌍 Regime: trending_bearish
  🗺️  Grid: 0.080% | 🔺 7522.75 🔻 7516.00
  📡 RSI: 51.9 | MACD: -1.86 | ATR: 4.43
  📊 Filled: 0 | Pending: 0
  💰 Daily P&L: $-5,625.00

[2026-07-20 11:48] O:7523.25 H:7524.25 L:7523.00 C:7523.50 V:916.0
  📈 Trend: strong_bearish (raw: moderate_bearish) | 🌍 Regime: trending_bearish
  🗺️  Grid: 0.080% | 🔺 7525.25 🔻 7522.50
  📡 RSI: 53.4 | MACD: -1.60 | ATR: 4.34
  📊 Filled: 0 | Pending: 0
  💰 Daily P&L: $-5,625.00

[2026-07-20 11:49] O:7523.75 H:7526.00 L:7523.50 C:7525.25 V:1205.0
  📈 Trend: moderate_bearish | 🌍 Regime: trending_bearish
  🗺️  Grid: 0.080% | 🔺 7524.25 🔻 7523.00
  📡 RSI: 54.3 | MACD: -1.24 | ATR: 4.36
  📊 Filled: 0 | Pending: 0
  💰 Daily P&L: $-5,625.00

[2026-07-20 11:50] O:7525.25 H:7525.75 L:7520.50 C:7521.75 V:1951.0
  📈 Trend: moderate_bearish | 🌍 Regime: trending_bearish
  🗺️  Grid: 0.080% | 🔺 7526.00 🔻 7523.50
  📡 RSI: 47.5 | MACD: -1.23 | ATR: 4.62
  📊 Filled: 0 | Pending: 0
  💰 Daily P&L: $-5,625.00

[2026-07-20 11:51] O:7522.00 H:7523.00 L:7519.25 C:7519.75 V:1411.0
  📈 Trend: moderate_bearish | 🌍 Regime: trending_bearish
  🗺️  Grid: 0.080% | 🔺 7525.75 🔻 7520.50
  📡 RSI: 41.7 | MACD: -1.36 | ATR: 4.66
  📊 Filled: 0 | Pending: 0
  💰 Daily P&L: $-5,625.00

[2026-07-20 11:52] O:7519.50 H:7520.00 L:7516.25 C:7519.25 V:2607.0
  📈 Trend: moderate_bearish | 🌍 Regime: trending_bearish
  🗺️  Grid: 0.080% | 🔺 7523.00 🔻 7519.25
  📡 RSI: 41.7 | MACD: -1.48 | ATR: 4.73
  📊 Filled: 0 | Pending: 0
  💰 Daily P&L: $-5,625.00

[2026-07-20 11:53] O:7519.25 H:7519.50 L:7517.50 C:7518.75 V:1222.0
  📈 Trend: moderate_bearish (raw: strong_bearish) | 🌍 Regime: trending_bearish
  🗺️  Grid: 0.080% | 🔺 7520.00 🔻 7516.25
  📡 RSI: 34.5 | MACD: -1.61 | ATR: 4.64
  📊 Filled: 0 | Pending: 0
  💰 Daily P&L: $-5,625.00

[2026-07-20 11:54] O:7518.75 H:7518.75 L:7513.25 C:7513.75 V:3501.0
  📈 Trend: strong_bearish | 🌍 Regime: trending_bearish
  🗺️  Grid: 0.080% | 🔺 7519.50 🔻 7517.50
  📡 RSI: 29.7 | MACD: -2.08 | ATR: 4.79
  📊 Filled: 0 | Pending: 0
  💰 Daily P&L: $-5,625.00

[2026-07-20 11:55] O:7513.50 H:7515.50 L:7513.25 C:7515.00 V:2094.0
  📈 Trend: strong_bearish | 🌍 Regime: trending_bearish
  🗺️  Grid: 0.080% | 🔺 7518.75 🔻 7513.25
  📡 RSI: 44.8 | MACD: -2.33 | ATR: 3.55
  📊 Filled: 0 | Pending: 0
  💰 Daily P&L: $-5,625.00

[2026-07-20 11:56] O:7515.25 H:7515.50 L:7511.25 C:7511.25 V:2086.0
  📈 Trend: strong_bearish | 🌍 Regime: trending_bearish
  🗺️  Grid: 0.080% | 🔺 7515.50 🔻 7513.25
  📡 RSI: 36.4 | MACD: -2.80 | ATR: 3.55
  📊 Filled: 0 | Pending: 0
  💰 Daily P&L: $-5,625.00

[2026-07-20 11:57] O:7511.25 H:7513.75 L:7511.00 C:7513.00 V:1958.0
  📈 Trend: strong_bearish | 🌍 Regime: trending_bearish
  🗺️  Grid: 0.080% | 🔺 7515.50 🔻 7511.25
  📡 RSI: 37.6 | MACD: -3.00 | ATR: 3.54
  📊 Filled: 0 | Pending: 0
  💰 Daily P&L: $-5,625.00

[2026-07-20 11:58] O:7513.00 H:7514.75 L:7512.25 C:7512.25 V:1860.0
  📈 Trend: strong_bearish | 🌍 Regime: trending_bearish
  🗺️  Grid: 0.080% | 🔺 7513.75 🔻 7511.00
  📡 RSI: 39.0 | MACD: -3.18 | ATR: 3.41
  📊 Filled: 0 | Pending: 0
  💰 Daily P&L: $-5,625.00

[2026-07-20 11:59] O:7512.50 H:7514.25 L:7511.75 C:7513.75 V:1656.0
  📈 Trend: strong_bearish | 🌍 Regime: trending_bearish
  🗺️  Grid: 0.080% | 🔺 7514.75 🔻 7512.25
  📡 RSI: 42.3 | MACD: -3.16 | ATR: 3.41
  📊 Filled: 0 | Pending: 0
  💰 Daily P&L: $-5,625.00

[2026-07-20 12:00] O:7513.75 H:7515.75 L:7513.00 C:7515.50 V:2552.0
  📈 Trend: strong_bearish | 🌍 Regime: trending_bearish
  🗺️  Grid: 0.080% | 🔺 7514.25 🔻 7511.75
  📡 RSI: 35.4 | MACD: -2.97 | ATR: 3.12
  📊 Filled: 0 | Pending: 0
  💰 Daily P&L: $-5,625.00

[2026-07-20 12:01] O:7515.50 H:7515.75 L:7509.75 C:7510.75 V:2707.0
  📈 Trend: strong_bearish | 🌍 Regime: trending_bearish
  🗺️  Grid: 0.080% | 🔺 7515.75 🔻 7513.00
  📡 RSI: 28.4 | MACD: -3.17 | ATR: 3.36
  📊 Filled: 0 | Pending: 0
  💰 Daily P&L: $-5,625.00

[2026-07-20 12:02] O:7510.75 H:7511.75 L:7510.00 C:7511.25 V:2603.0
  📈 Trend: strong_bearish | 🌍 Regime: trending_bearish
  🗺️  Grid: 0.080% | 🔺 7515.75 🔻 7509.75
  📡 RSI: 29.1 | MACD: -3.25 | ATR: 3.39
  📊 Filled: 0 | Pending: 0
  💰 Daily P&L: $-5,625.00

[2026-07-20 12:03] O:7511.25 H:7512.50 L:7510.00 C:7511.00 V:1236.0
  📈 Trend: strong_bearish | 🌍 Regime: trending_bearish
  🗺️  Grid: 0.080% | 🔺 7511.75 🔻 7510.00
  📡 RSI: 24.3 | MACD: -3.29 | ATR: 3.39
  📊 Filled: 0 | Pending: 0
  💰 Daily P&L: $-5,625.00

[2026-07-20 12:04] O:7510.75 H:7511.00 L:7509.50 C:7509.50 V:1327.0
  📈 Trend: strong_bearish | 🌍 Regime: trending_bearish
  🗺️  Grid: 0.080% | 🔺 7512.50 🔻 7510.00
  📡 RSI: 26.2 | MACD: -3.41 | ATR: 3.12
  📊 Filled: 0 | Pending: 0
  💰 Daily P&L: $-5,625.00

[2026-07-20 12:05] O:7509.25 H:7509.75 L:7506.75 C:7507.75 V:2640.0
  📈 Trend: strong_bearish | 🌍 Regime: trending_bearish
  🗺️  Grid: 0.080% | 🔺 7511.00 🔻 7509.50
  📡 RSI: 26.5 | MACD: -3.60 | ATR: 3.07
  📊 Filled: 0 | Pending: 0
  💰 Daily P&L: $-5,625.00

[2026-07-20 12:06] O:7507.75 H:7508.25 L:7506.25 C:7508.25 V:1808.0
  📈 Trend: strong_bearish | 🌍 Regime: trending_bearish
  🗺️  Grid: 0.080% | 🔺 7509.75 🔻 7506.75
  📡 RSI: 28.4 | MACD: -3.67 | ATR: 2.95
  📊 Filled: 0 | Pending: 0
  💰 Daily P&L: $-5,625.00

[2026-07-20 12:07] O:7508.25 H:7508.25 L:7506.25 C:7506.75 V:1416.0
  📈 Trend: strong_bearish | 🌍 Regime: trending_bearish
  🗺️  Grid: 0.080% | 🔺 7508.25 🔻 7506.25
  📡 RSI: 27.4 | MACD: -3.81 | ATR: 2.95
  📊 Filled: 0 | Pending: 0
  💰 Daily P&L: $-5,625.00

[2026-07-20 12:08] O:7506.50 H:7507.00 L:7505.00 C:7506.50 V:1905.0
  📈 Trend: strong_bearish | 🌍 Regime: trending_bearish
  🗺️  Grid: 0.080% | 🔺 7508.25 🔻 7506.25
  📡 RSI: 33.3 | MACD: -3.89 | ATR: 2.70
  📊 Filled: 0 | Pending: 0
  💰 Daily P&L: $-5,625.00

[2026-07-20 12:09] O:7506.50 H:7510.25 L:7506.50 C:7509.75 V:2389.0
  📈 Trend: strong_bearish | 🌍 Regime: trending_bearish
  🗺️  Grid: 0.080% | 🔺 7507.00 🔻 7505.00
  📡 RSI: 38.9 | MACD: -3.65 | ATR: 2.80
  📊 Filled: 0 | Pending: 0
  💰 Daily P&L: $-5,625.00

[2026-07-20 12:10] O:7509.75 H:7510.25 L:7505.75 C:7506.50 V:1951.0
  📈 Trend: strong_bearish | 🌍 Regime: trending_bearish
  🗺️  Grid: 0.080% | 🔺 7510.25 🔻 7506.50
  📡 RSI: 39.8 | MACD: -3.68 | ATR: 2.82
  📊 Filled: 0 | Pending: 0
  💰 Daily P&L: $-5,625.00

[2026-07-20 12:11] O:7506.75 H:7506.75 L:7505.50 C:7506.00 V:977.0
  📈 Trend: strong_bearish | 🌍 Regime: trending_bearish
  🗺️  Grid: 0.080% | 🔺 7510.25 🔻 7505.75
  📡 RSI: 34.1 | MACD: -3.70 | ATR: 2.71
  📊 Filled: 0 | Pending: 0
  💰 Daily P&L: $-5,625.00

[2026-07-20 12:12] O:7506.00 H:7506.75 L:7505.25 C:7505.75 V:1348.0
  📈 Trend: strong_bearish | 🌍 Regime: trending_bearish
  🗺️  Grid: 0.080% | 🔺 7506.75 🔻 7505.50
  📡 RSI: 34.9 | MACD: -3.69 | ATR: 2.64
  📊 Filled: 0 | Pending: 0
  💰 Daily P&L: $-5,625.00

[2026-07-20 12:13] O:7505.75 H:7506.50 L:7504.25 C:7505.00 V:1546.0
  📈 Trend: strong_bearish | 🌍 Regime: trending_bearish
  🗺️  Grid: 0.080% | 🔺 7506.75 🔻 7505.25
  📡 RSI: 28.9 | MACD: -3.70 | ATR: 2.62
  📊 Filled: 0 | Pending: 0
  💰 Daily P&L: $-5,625.00

[2026-07-20 12:14] O:7505.00 H:7505.00 L:7502.00 C:7502.75 V:2371.0
  📈 Trend: strong_bearish | 🌍 Regime: trending_bearish
  🗺️  Grid: 0.080% | 🔺 7506.50 🔻 7504.25
  📡 RSI: 20.0 | MACD: -3.85 | ATR: 2.64
  📊 Filled: 0 | Pending: 0
  💰 Daily P&L: $-5,625.00

[2026-07-20 12:15] O:7502.50 H:7502.50 L:7499.50 C:7499.75 V:3537.0
  📈 Trend: strong_bearish | 🌍 Regime: trending_bearish
  🗺️  Grid: 0.080% | 🔺 7505.00 🔻 7502.00
  📡 RSI: 21.8 | MACD: -4.16 | ATR: 2.45
  📊 Filled: 0 | Pending: 0
  💰 Daily P&L: $-5,625.00

[2026-07-20 12:16] O:7499.75 H:7501.00 L:7499.25 C:7500.00 V:2373.0
  📈 Trend: strong_bearish | 🌍 Regime: trending_bearish
  🗺️  Grid: 0.080% | 🔺 7502.50 🔻 7499.50
  📡 RSI: 20.8 | MACD: -4.34 | ATR: 2.45
  📊 Filled: 0 | Pending: 0
  💰 Daily P&L: $-5,625.00

[2026-07-20 12:17] O:7500.25 H:7503.75 L:7499.75 C:7503.75 V:2496.0
  📈 Trend: strong_bearish | 🌍 Regime: trending_bearish
  🗺️  Grid: 0.080% | 🔺 7501.00 🔻 7499.25
  📡 RSI: 34.1 | MACD: -4.13 | ATR: 2.55
  📊 Filled: 0 | Pending: 0
  💰 Daily P&L: $-5,625.00

[2026-07-20 12:18] O:7503.75 H:7505.50 L:7503.50 C:7505.50 V:1630.0
  📈 Trend: strong_bearish | 🌍 Regime: trending_bearish
  🗺️  Grid: 0.080% | 🔺 7503.75 🔻 7499.75
  📡 RSI: 41.3 | MACD: -3.78 | ATR: 2.59
  📊 Filled: 0 | Pending: 0
  💰 Daily P&L: $-5,625.00

[2026-07-20 12:19] O:7505.25 H:7506.25 L:7503.75 C:7504.75 V:1628.0
  📈 Trend: strong_bearish | 🌍 Regime: trending_bearish
  🗺️  Grid: 0.080% | 🔺 7505.50 🔻 7503.50
  📡 RSI: 43.2 | MACD: -3.52 | ATR: 2.55
  📊 Filled: 0 | Pending: 0
  💰 Daily P&L: $-5,625.00

[2026-07-20 12:20] O:7504.75 H:7505.00 L:7503.25 C:7504.75 V:1175.0
  📈 Trend: strong_bearish | 🌍 Regime: trending_bearish
  🗺️  Grid: 0.080% | 🔺 7506.25 🔻 7503.75
  📡 RSI: 41.9 | MACD: -3.28 | ATR: 2.54
  📊 Filled: 0 | Pending: 0
  💰 Daily P&L: $-5,625.00

[2026-07-20 12:21] O:7504.50 H:7506.25 L:7504.25 C:7506.25 V:1477.0
  📈 Trend: strong_bearish | 🌍 Regime: trending_bearish
  🗺️  Grid: 0.080% | 🔺 7505.00 🔻 7503.25
  📡 RSI: 48.8 | MACD: -2.93 | ATR: 2.54
  📊 Filled: 0 | Pending: 0
  💰 Daily P&L: $-5,625.00

[2026-07-20 12:22] O:7506.00 H:7508.50 L:7506.00 C:7507.00 V:2146.0
  📈 Trend: strong_bearish | 🌍 Regime: trending_bearish
  🗺️  Grid: 0.080% | 🔺 7506.25 🔻 7504.25
  📡 RSI: 51.1 | MACD: -2.56 | ATR: 2.57
  📊 Filled: 0 | Pending: 0
  💰 Daily P&L: $-5,625.00

[2026-07-20 12:23] O:7507.00 H:7507.75 L:7505.00 C:7506.75 V:1166.0
  📈 Trend: strong_bearish | 🌍 Regime: trending_bearish
  🗺️  Grid: 0.080% | 🔺 7508.50 🔻 7506.00
  📡 RSI: 42.1 | MACD: -2.27 | ATR: 2.50
  📊 Filled: 0 | Pending: 0
  💰 Daily P&L: $-5,625.00

[2026-07-20 12:24] O:7506.50 H:7506.50 L:7503.75 C:7504.75 V:1338.0
  📈 Trend: strong_bearish | 🌍 Regime: trending_bearish
  🗺️  Grid: 0.080% | 🔺 7507.75 🔻 7505.00
  📡 RSI: 45.1 | MACD: -2.17 | ATR: 2.39
  📊 Filled: 0 | Pending: 0
  💰 Daily P&L: $-5,625.00

[2026-07-20 12:25] O:7504.50 H:7505.75 L:7503.25 C:7505.75 V:1220.0
  📈 Trend: strong_bearish | 🌍 Regime: trending_bearish
  🗺️  Grid: 0.080% | 🔺 7506.50 🔻 7503.75
  📡 RSI: 49.3 | MACD: -1.99 | ATR: 2.48
  📊 Filled: 0 | Pending: 0
  💰 Daily P&L: $-5,625.00

[2026-07-20 12:26] O:7505.50 H:7507.25 L:7504.00 C:7507.25 V:1050.0
  📈 Trend: strong_bearish (raw: moderate_bearish) | 🌍 Regime: trending_bearish
  🗺️  Grid: 0.080% | 🔺 7505.75 🔻 7503.25
  📡 RSI: 53.8 | MACD: -1.71 | ATR: 2.61
  📊 Filled: 0 | Pending: 0
  💰 Daily P&L: $-5,625.00

[2026-07-20 12:27] O:7507.25 H:7507.25 L:7502.50 C:7503.50 V:1545.0
  📈 Trend: strong_bearish | 🌍 Regime: trending_bearish
  🗺️  Grid: 0.080% | 🔺 7507.25 🔻 7504.00
  📡 RSI: 46.7 | MACD: -1.76 | ATR: 2.79
  📊 Filled: 0 | Pending: 0
  💰 Daily P&L: $-5,625.00

[2026-07-20 12:28] O:7503.50 H:7504.00 L:7502.75 C:7504.00 V:1145.0
  📈 Trend: strong_bearish | 🌍 Regime: trending_bearish
  🗺️  Grid: 0.080% | 🔺 7507.25 🔻 7502.50
  📡 RSI: 53.0 | MACD: -1.75 | ATR: 2.66
  📊 Filled: 0 | Pending: 0
  💰 Daily P&L: $-5,625.00

[2026-07-20 12:29] O:7504.00 H:7505.25 L:7503.25 C:7505.00 V:1107.0
  📈 Trend: strong_bearish | 🌍 Regime: trending_bearish
  🗺️  Grid: 0.080% | 🔺 7504.00 🔻 7502.75
  📡 RSI: 64.0 | MACD: -1.64 | ATR: 2.57
  📊 Filled: 0 | Pending: 0
  💰 Daily P&L: $-5,625.00

[2026-07-20 12:30] O:7504.75 H:7506.75 L:7503.25 C:7504.75 V:2207.0
  📈 Trend: strong_bearish | 🌍 Regime: trending_bearish
  🗺️  Grid: 0.080% | 🔺 7505.25 🔻 7503.25
  📡 RSI: 62.7 | MACD: -1.55 | ATR: 2.70
  📊 Filled: 0 | Pending: 0
  💰 Daily P&L: $-5,625.00

[2026-07-20 12:31] O:7504.75 H:7505.00 L:7503.25 C:7503.50 V:741.0
  📈 Trend: strong_bearish | 🌍 Regime: trending_bearish
  🗺️  Grid: 0.080% | 🔺 7506.75 🔻 7503.25
  📡 RSI: 49.2 | MACD: -1.56 | ATR: 2.54
  📊 Filled: 0 | Pending: 0
  💰 Daily P&L: $-5,625.00

[2026-07-20 12:32] O:7503.50 H:7505.50 L:7503.00 C:7505.50 V:1340.0
  📈 Trend: strong_bearish (raw: moderate_bearish) | 🌍 Regime: trending_bearish
  🗺️  Grid: 0.080% | 🔺 7505.00 🔻 7503.25
  📡 RSI: 50.0 | MACD: -1.40 | ATR: 2.57
  📊 Filled: 0 | Pending: 0
  💰 Daily P&L: $-5,625.00

[2026-07-20 12:33] O:7505.50 H:7506.00 L:7504.00 C:7505.25 V:830.0
  📈 Trend: moderate_bearish | 🌍 Regime: trending_bearish
  🗺️  Grid: 0.080% | 🔺 7505.50 🔻 7503.00
  📡 RSI: 51.6 | MACD: -1.27 | ATR: 2.54
  📊 Filled: 0 | Pending: 0
  💰 Daily P&L: $-5,625.00

[2026-07-20 12:34] O:7505.00 H:7507.75 L:7505.00 C:7507.00 V:1198.0
  📈 Trend: moderate_bearish | 🌍 Regime: trending_bearish
  🗺️  Grid: 0.080% | 🔺 7506.00 🔻 7504.00
  📡 RSI: 56.3 | MACD: -1.02 | ATR: 2.61
  📊 Filled: 0 | Pending: 0
  💰 Daily P&L: $-5,625.00

[2026-07-20 12:35] O:7506.75 H:7509.25 L:7506.00 C:7508.50 V:1242.0
  📈 Trend: moderate_bearish | 🌍 Regime: trending_bearish
  🗺️  Grid: 0.080% | 🔺 7507.75 🔻 7505.00
  📡 RSI: 56.3 | MACD: -0.69 | ATR: 2.70
  📊 Filled: 0 | Pending: 0
  💰 Daily P&L: $-5,625.00

[2026-07-20 12:36] O:7508.25 H:7508.75 L:7504.25 C:7504.75 V:1188.0
  📈 Trend: moderate_bearish | 🌍 Regime: trending_bearish
  🗺️  Grid: 0.080% | 🔺 7509.25 🔻 7506.00
  📡 RSI: 44.6 | MACD: -0.72 | ATR: 2.84
  📊 Filled: 0 | Pending: 0
  💰 Daily P&L: $-5,625.00

[2026-07-20 12:37] O:7505.00 H:7505.25 L:7503.50 C:7504.75 V:1063.0
  📈 Trend: moderate_bearish (raw: strong_bearish) | 🌍 Regime: ranging
  🗺️  Grid: 0.080% | 🔺 7508.75 🔻 7504.25
  📡 RSI: 45.1 | MACD: -0.74 | ATR: 2.77
  📊 Filled: 0 | Pending: 0
  🔲 Regime: RANGING | Range pos: 16% | RSI: 45.1
  💰 Daily P&L: $-5,625.00

[2026-07-20 12:38] O:7504.50 H:7505.25 L:7503.50 C:7504.75 V:829.0
  📈 Trend: strong_bearish | 🌍 Regime: ranging
  🗺️  Grid: 0.080% | 🔺 7505.25 🔻 7503.50
  📡 RSI: 50.0 | MACD: -0.75 | ATR: 2.68
  📊 Filled: 0 | Pending: 0
  🔲 Regime: RANGING | Range pos: 16% | RSI: 50.0
  💰 Daily P&L: $-5,625.00

[2026-07-20 12:39] O:7504.50 H:7506.25 L:7503.50 C:7504.00 V:1014.0
  📈 Trend: strong_bearish | 🌍 Regime: ranging
  🗺️  Grid: 0.080% | 🔺 7505.25 🔻 7503.50
  📡 RSI: 45.2 | MACD: -0.80 | ATR: 2.70
  📊 Filled: 0 | Pending: 0
  🔲 Regime: RANGING | Range pos: 14% | RSI: 45.2
  💰 Daily P&L: $-5,625.00

[2026-07-20 12:40] O:7504.00 H:7504.25 L:7501.00 C:7502.00 V:1534.0
  📈 Trend: strong_bearish | 🌍 Regime: ranging
  🗺️  Grid: 0.080% | 🔺 7506.25 🔻 7503.50
  📡 RSI: 36.0 | MACD: -1.00 | ATR: 2.70
  📊 Filled: 0 | Pending: 0
  🔲 Regime: RANGING | Range pos: 8% | RSI: 36.0
  💰 Daily P&L: $-5,625.00

[2026-07-20 12:41] O:7502.00 H:7502.75 L:7500.00 C:7502.25 V:1062.0
  📈 Trend: strong_bearish | 🌍 Regime: ranging
  🗺️  Grid: 0.080% | 🔺 7504.25 🔻 7501.00
  📡 RSI: 45.9 | MACD: -1.12 | ATR: 2.55
  📊 Filled: 0 | Pending: 0
  🔲 Regime: RANGING | Range pos: 9% | RSI: 45.9
  💰 Daily P&L: $-5,625.00

[2026-07-20 12:42] O:7502.00 H:7503.00 L:7501.50 C:7502.50 V:901.0
  📈 Trend: strong_bearish | 🌍 Regime: ranging
  🗺️  Grid: 0.080% | 🔺 7502.75 🔻 7500.00
  📡 RSI: 45.0 | MACD: -1.18 | ATR: 2.57
  📊 Filled: 0 | Pending: 0
  🔲 Regime: RANGING | Range pos: 9% | RSI: 45.0
  💰 Daily P&L: $-5,625.00

[2026-07-20 12:43] O:7502.50 H:7503.50 L:7499.25 C:7500.50 V:1740.0
  📈 Trend: strong_bearish | 🌍 Regime: ranging
  🗺️  Grid: 0.080% | 🔺 7503.00 🔻 7501.50
  📡 RSI: 35.9 | MACD: -1.37 | ATR: 2.73
  📊 Filled: 0 | Pending: 0
  🔲 Regime: RANGING | Range pos: 4% | RSI: 35.9
  💰 Daily P&L: $-5,625.00

[2026-07-20 12:44] O:7500.25 H:7501.50 L:7499.75 C:7501.25 V:1202.0
  📈 Trend: strong_bearish | 🌍 Regime: ranging
  🗺️  Grid: 0.080% | 🔺 7503.50 🔻 7499.25
  📡 RSI: 39.4 | MACD: -1.45 | ATR: 2.61
  📊 Filled: 0 | Pending: 0
  🔲 Regime: RANGING | Range pos: 6% | RSI: 39.4
  💰 Daily P&L: $-5,625.00

[2026-07-20 12:45] O:7501.25 H:7506.00 L:7500.75 C:7505.75 V:1620.0
  📈 Trend: strong_bearish | 🌍 Regime: trending_bearish
  🗺️  Grid: 0.080% | 🔺 7501.50 🔻 7499.75
  📡 RSI: 55.7 | MACD: -1.13 | ATR: 2.86
  📊 Filled: 0 | Pending: 0
  💰 Daily P&L: $-5,625.00

[2026-07-20 12:46] O:7506.00 H:7507.00 L:7503.75 C:7505.00 V:1234.0
  📈 Trend: strong_bearish (raw: moderate_bearish) | 🌍 Regime: trending_bearish
  🗺️  Grid: 0.080% | 🔺 7506.00 🔻 7500.75
  📡 RSI: 48.6 | MACD: -0.93 | ATR: 2.91
  📊 Filled: 0 | Pending: 0
  💰 Daily P&L: $-5,625.00

[2026-07-20 12:47] O:7505.00 H:7505.75 L:7504.00 C:7505.75 V:969.0
  📈 Trend: moderate_bearish | 🌍 Regime: trending_bearish
  🗺️  Grid: 0.080% | 🔺 7507.00 🔻 7503.75
  📡 RSI: 51.3 | MACD: -0.71 | ATR: 2.89
  📊 Filled: 0 | Pending: 0
  💰 Daily P&L: $-5,625.00

[2026-07-20 12:48] O:7505.75 H:7507.25 L:7505.25 C:7506.50 V:852.0
  📈 Trend: moderate_bearish | 🌍 Regime: trending_bearish
  🗺️  Grid: 0.080% | 🔺 7505.75 🔻 7504.00
  📡 RSI: 48.6 | MACD: -0.46 | ATR: 2.84
  📊 Filled: 0 | Pending: 0
  💰 Daily P&L: $-5,625.00

[2026-07-20 12:49] O:7506.75 H:7507.00 L:7504.75 C:7506.25 V:641.0
  📈 Trend: moderate_bearish | 🌍 Regime: trending_bearish
  🗺️  Grid: 0.080% | 🔺 7507.25 🔻 7505.25
  📡 RSI: 43.3 | MACD: -0.28 | ATR: 2.77
  📊 Filled: 0 | Pending: 0
  💰 Daily P&L: $-5,625.00

[2026-07-20 12:50] O:7506.00 H:7508.25 L:7505.75 C:7507.00 V:1051.0
  📈 Trend: moderate_bearish | 🌍 Regime: trending_bearish
  🗺️  Grid: 0.080% | 🔺 7507.00 🔻 7504.75
  📡 RSI: 58.2 | MACD: -0.08 | ATR: 2.62
  📊 Filled: 0 | Pending: 0
  💰 Daily P&L: $-5,625.00

[2026-07-20 12:51] O:7507.25 H:7509.50 L:7505.75 C:7509.00 V:977.0
  📈 Trend: moderate_bearish (raw: moderate_bullish) | 🌍 Regime: ranging
  🗺️  Grid: 0.080% | 🔺 7508.25 🔻 7505.75
  📡 RSI: 63.5 | MACD: 0.24 | ATR: 2.77
  📊 Filled: 0 | Pending: 0
  🔲 Regime: RANGING | Range pos: 28% | RSI: 63.5
  💰 Daily P&L: $-5,625.00

[2026-07-20 12:52] O:7509.25 H:7511.25 L:7509.00 C:7510.75 V:1553.0
  📈 Trend: moderate_bullish | 🌍 Regime: trending_bullish
  🗺️  Grid: 0.080% | 🔺 7509.50 🔻 7505.75
  📡 RSI: 67.1 | MACD: 0.62 | ATR: 2.80
  📊 Filled: 0 | Pending: 0
  💰 Daily P&L: $-5,625.00

[2026-07-20 12:53] O:7510.50 H:7511.25 L:7509.50 C:7511.00 V:950.0
  📈 Trend: moderate_bullish (raw: strong_bullish) | 🌍 Regime: ranging
  🗺️  Grid: 0.080% | 🔺 7511.25 🔻 7509.00
  📡 RSI: 70.6 | MACD: 0.94 | ATR: 2.73
  📊 Filled: 0 | Pending: 0
  🔲 Regime: RANGING | Range pos: 34% | RSI: 70.6
  💰 Daily P&L: $-5,625.00

[2026-07-20 12:54] O:7511.00 H:7512.50 L:7509.75 C:7510.00 V:1202.0
  📈 Trend: strong_bullish | 🌍 Regime: ranging
  🗺️  Grid: 0.080% | 🔺 7511.25 🔻 7509.50
  📡 RSI: 75.0 | MACD: 1.10 | ATR: 2.70
  📊 Filled: 0 | Pending: 0
  🔲 Regime: RANGING | Range pos: 31% | RSI: 75.0
  💰 Daily P&L: $-5,625.00

[2026-07-20 12:55] O:7510.00 H:7510.25 L:7508.00 C:7509.25 V:914.0
  📈 Trend: strong_bullish | 🌍 Regime: ranging
  🗺️  Grid: 0.080% | 🔺 7512.50 🔻 7509.75
  📡 RSI: 71.2 | MACD: 1.15 | ATR: 2.66
  📊 Filled: 0 | Pending: 0
  🔲 Regime: RANGING | Range pos: 29% | RSI: 71.2
  💰 Daily P&L: $-5,625.00

[2026-07-20 12:56] O:7509.00 H:7509.25 L:7505.50 C:7506.75 V:1300.0
  📈 Trend: strong_bullish | 🌍 Regime: ranging
  🗺️  Grid: 0.080% | 🔺 7510.25 🔻 7508.00
  📡 RSI: 61.3 | MACD: 0.98 | ATR: 2.82
  📊 Filled: 0 | Pending: 0
  🔲 Regime: RANGING | Range pos: 22% | RSI: 61.3
  💰 Daily P&L: $-5,625.00

[2026-07-20 12:57] O:7507.00 H:7510.00 L:7507.00 C:7509.50 V:1364.0
  📈 Trend: strong_bullish | 🌍 Regime: trending_bullish
  🗺️  Grid: 0.080% | 🔺 7509.25 🔻 7505.50
  📡 RSI: 73.1 | MACD: 1.05 | ATR: 2.75
  📊 Filled: 0 | Pending: 0
  💰 Daily P&L: $-5,625.00

[2026-07-20 12:58] O:7509.50 H:7510.50 L:7508.00 C:7509.00 V:814.0
  📈 Trend: strong_bullish | 🌍 Regime: trending_bullish
  🗺️  Grid: 0.080% | 🔺 7510.00 🔻 7507.00
  📡 RSI: 70.1 | MACD: 1.05 | ATR: 2.80
  📊 Filled: 0 | Pending: 0
  💰 Daily P&L: $-5,625.00

[2026-07-20 12:59] O:7508.75 H:7509.25 L:7508.00 C:7509.00 V:825.0
  📈 Trend: strong_bullish | 🌍 Regime: trending_bullish
  🗺️  Grid: 0.080% | 🔺 7510.50 🔻 7508.00
  📡 RSI: 61.0 | MACD: 1.05 | ATR: 2.52
  📊 Filled: 0 | Pending: 0
  💰 Daily P&L: $-5,625.00

[2026-07-20 13:00] O:7509.25 H:7513.00 L:7509.25 C:7512.75 V:2082.0
  📈 Trend: strong_bullish | 🌍 Regime: ranging
  🗺️  Grid: 0.080% | 🔺 7509.25 🔻 7508.00
  📡 RSI: 71.8 | MACD: 1.33 | ATR: 2.57
  📊 Filled: 0 | Pending: 0
  🔲 Regime: RANGING | Range pos: 39% | RSI: 71.8
  💰 Daily P&L: $-5,625.00

[2026-07-20 13:01] O:7512.75 H:7515.50 L:7512.75 C:7514.50 V:2632.0
  📈 Trend: strong_bullish | 🌍 Regime: ranging
  🗺️  Grid: 0.080% | 🔺 7513.00 🔻 7509.25
  📡 RSI: 73.3 | MACD: 1.67 | ATR: 2.64
  📊 Filled: 0 | Pending: 0
  🔲 Regime: RANGING | Range pos: 44% | RSI: 73.3
  💰 Daily P&L: $-5,625.00

[2026-07-20 13:02] O:7514.50 H:7514.75 L:7512.50 C:7514.75 V:2057.0
  📈 Trend: strong_bullish | 🌍 Regime: ranging
  🗺️  Grid: 0.080% | 🔺 7515.50 🔻 7512.75
  📡 RSI: 72.6 | MACD: 1.94 | ATR: 2.66
  📊 Filled: 0 | Pending: 0
  🔲 Regime: RANGING | Range pos: 45% | RSI: 72.6
  💰 Daily P&L: $-5,625.00

[2026-07-20 13:03] O:7514.50 H:7515.00 L:7511.00 C:7512.25 V:1738.0
  📈 Trend: strong_bullish | 🌍 Regime: ranging
  🗺️  Grid: 0.080% | 🔺 7514.75 🔻 7512.50
  📡 RSI: 64.6 | MACD: 1.93 | ATR: 2.79
  📊 Filled: 0 | Pending: 0
  🔲 Regime: RANGING | Range pos: 37% | RSI: 64.6
  💰 Daily P&L: $-5,625.00

[2026-07-20 13:04] O:7512.25 H:7512.75 L:7511.25 C:7512.00 V:1208.0
  📈 Trend: strong_bullish | 🌍 Regime: ranging
  🗺️  Grid: 0.080% | 🔺 7515.00 🔻 7511.00
  📡 RSI: 62.5 | MACD: 1.88 | ATR: 2.71
  📊 Filled: 0 | Pending: 0
  🔲 Regime: RANGING | Range pos: 37% | RSI: 62.5
  💰 Daily P&L: $-5,625.00

[2026-07-20 13:05] O:7512.00 H:7513.00 L:7511.25 C:7511.50 V:1324.0
  📈 Trend: strong_bullish | 🌍 Regime: ranging
  🗺️  Grid: 0.080% | 🔺 7512.75 🔻 7511.25
  📡 RSI: 56.8 | MACD: 1.78 | ATR: 2.57
  📊 Filled: 0 | Pending: 0
  🔲 Regime: RANGING | Range pos: 35% | RSI: 56.8
  💰 Daily P&L: $-5,625.00

[2026-07-20 13:06] O:7511.75 H:7512.50 L:7510.00 C:7512.50 V:966.0
  📈 Trend: strong_bullish | 🌍 Regime: ranging
  🗺️  Grid: 0.080% | 🔺 7513.00 🔻 7511.25
  📡 RSI: 54.9 | MACD: 1.77 | ATR: 2.59
  📊 Filled: 0 | Pending: 0
  🔲 Regime: RANGING | Range pos: 38% | RSI: 54.9
  💰 Daily P&L: $-5,625.00

[2026-07-20 13:07] O:7512.25 H:7512.75 L:7510.25 C:7510.50 V:1078.0
  📈 Trend: strong_bullish (raw: moderate_bullish) | 🌍 Regime: ranging
  🗺️  Grid: 0.080% | 🔺 7512.50 🔻 7510.00
  📡 RSI: 48.7 | MACD: 1.57 | ATR: 2.64
  📊 Filled: 0 | Pending: 0
  🔲 Regime: RANGING | Range pos: 32% | RSI: 48.7
  💰 Daily P&L: $-5,625.00

[2026-07-20 13:08] O:7510.50 H:7510.50 L:7508.50 C:7509.75 V:1215.0
  📈 Trend: moderate_bullish | 🌍 Regime: ranging
  🗺️  Grid: 0.080% | 🔺 7512.75 🔻 7510.25
  📡 RSI: 49.4 | MACD: 1.34 | ATR: 2.59
  📊 Filled: 0 | Pending: 0
  🔲 Regime: RANGING | Range pos: 30% | RSI: 49.4
  💰 Daily P&L: $-5,625.00

[2026-07-20 13:09] O:7509.75 H:7512.50 L:7509.75 C:7512.25 V:1049.0
  📈 Trend: moderate_bullish | 🌍 Regime: ranging
  🗺️  Grid: 0.080% | 🔺 7510.50 🔻 7508.50
  📡 RSI: 57.1 | MACD: 1.34 | ATR: 2.62
  📊 Filled: 0 | Pending: 0
  🔲 Regime: RANGING | Range pos: 37% | RSI: 57.1
  💰 Daily P&L: $-5,625.00

[2026-07-20 13:10] O:7512.50 H:7512.75 L:7510.50 C:7512.25 V:1149.0
  📈 Trend: moderate_bullish | 🌍 Regime: ranging
  🗺️  Grid: 0.080% | 🔺 7512.50 🔻 7509.75
  📡 RSI: 64.9 | MACD: 1.33 | ATR: 2.52
  📊 Filled: 0 | Pending: 0
  🔲 Regime: RANGING | Range pos: 37% | RSI: 64.9
  💰 Daily P&L: $-5,625.00

[2026-07-20 13:11] O:7512.25 H:7512.75 L:7510.50 C:7512.75 V:946.0
  📈 Trend: moderate_bullish | 🌍 Regime: ranging
  🗺️  Grid: 0.080% | 🔺 7512.75 🔻 7510.50
  📡 RSI: 60.0 | MACD: 1.35 | ATR: 2.45
  📊 Filled: 0 | Pending: 0
  🔲 Regime: RANGING | Range pos: 39% | RSI: 60.0
  💰 Daily P&L: $-5,625.00

[2026-07-20 13:12] O:7512.75 H:7515.50 L:7512.50 C:7514.50 V:2274.0
  📈 Trend: moderate_bullish (raw: strong_bullish) | 🌍 Regime: ranging
  🗺️  Grid: 0.080% | 🔺 7512.75 🔻 7510.50
  📡 RSI: 65.7 | MACD: 1.48 | ATR: 2.48
  📊 Filled: 0 | Pending: 0
  🔲 Regime: RANGING | Range pos: 44% | RSI: 65.7
  💰 Daily P&L: $-5,625.00

[2026-07-20 13:13] O:7514.25 H:7516.00 L:7514.00 C:7515.00 V:1651.0
  📈 Trend: strong_bullish | 🌍 Regime: ranging
  🗺️  Grid: 0.080% | 🔺 7515.50 🔻 7512.50
  📡 RSI: 66.7 | MACD: 1.61 | ATR: 2.54
  📊 Filled: 0 | Pending: 0
  🔲 Regime: RANGING | Range pos: 45% | RSI: 66.7
  💰 Daily P&L: $-5,625.00

[2026-07-20 13:14] O:7515.25 H:7515.25 L:7513.75 C:7514.00 V:734.0
  📈 Trend: strong_bullish | 🌍 Regime: ranging
  🗺️  Grid: 0.080% | 🔺 7516.00 🔻 7514.00
  📡 RSI: 54.1 | MACD: 1.62 | ATR: 2.36
  📊 Filled: 0 | Pending: 0
  🔲 Regime: RANGING | Range pos: 42% | RSI: 54.1
  💰 Daily P&L: $-5,625.00

[2026-07-20 13:15] O:7514.00 H:7514.75 L:7513.25 C:7513.50 V:1391.0
  📈 Trend: strong_bullish | 🌍 Regime: ranging
  🗺️  Grid: 0.080% | 🔺 7515.25 🔻 7513.75
  📡 RSI: 46.4 | MACD: 1.56 | ATR: 2.27
  📊 Filled: 0 | Pending: 0
  🔲 Regime: RANGING | Range pos: 41% | RSI: 46.4
  💰 Daily P&L: $-5,625.00

[2026-07-20 13:16] O:7513.50 H:7515.75 L:7512.50 C:7515.00 V:1350.0
  📈 Trend: strong_bullish | 🌍 Regime: ranging
  🗺️  Grid: 0.080% | 🔺 7514.75 🔻 7513.25
  📡 RSI: 50.8 | MACD: 1.62 | ATR: 2.34
  📊 Filled: 0 | Pending: 0
  🔲 Regime: RANGING | Range pos: 45% | RSI: 50.8
  💰 Daily P&L: $-5,625.00

[2026-07-20 13:17] O:7515.00 H:7517.75 L:7515.00 C:7515.75 V:2071.0
  📈 Trend: strong_bullish | 🌍 Regime: ranging
  🗺️  Grid: 0.080% | 🔺 7515.75 🔻 7512.50
  📡 RSI: 63.0 | MACD: 1.71 | ATR: 2.25
  📊 Filled: 0 | Pending: 0
  🔲 Regime: RANGING | Range pos: 47% | RSI: 63.0
  💰 Daily P&L: $-5,625.00

[2026-07-20 13:18] O:7515.75 H:7516.50 L:7513.25 C:7515.00 V:1169.0
  📈 Trend: strong_bullish | 🌍 Regime: ranging
  🗺️  Grid: 0.080% | 🔺 7517.75 🔻 7515.00
  📡 RSI: 60.7 | MACD: 1.70 | ATR: 2.38
  📊 Filled: 0 | Pending: 0
  🔲 Regime: RANGING | Range pos: 45% | RSI: 60.7
  💰 Daily P&L: $-5,625.00

[2026-07-20 13:19] O:7515.00 H:7516.50 L:7514.50 C:7516.00 V:671.0
  📈 Trend: strong_bullish | 🌍 Regime: ranging
  🗺️  Grid: 0.080% | 🔺 7516.50 🔻 7513.25
  📡 RSI: 65.5 | MACD: 1.75 | ATR: 2.39
  📊 Filled: 0 | Pending: 0
  🔲 Regime: RANGING | Range pos: 48% | RSI: 65.5
  💰 Daily P&L: $-5,625.00

[2026-07-20 13:20] O:7516.25 H:7516.75 L:7514.75 C:7515.25 V:835.0
  📈 Trend: strong_bullish | 🌍 Regime: ranging
  🗺️  Grid: 0.080% | 🔺 7516.50 🔻 7514.50
  📡 RSI: 59.6 | MACD: 1.71 | ATR: 2.36
  📊 Filled: 0 | Pending: 0
  🔲 Regime: RANGING | Range pos: 46% | RSI: 59.6
  💰 Daily P&L: $-5,625.00

[2026-07-20 13:21] O:7515.25 H:7515.75 L:7511.75 C:7513.25 V:3560.0
  📈 Trend: strong_bullish (raw: moderate_bearish) | 🌍 Regime: ranging
  🗺️  Grid: 0.080% | 🔺 7516.75 🔻 7514.75
  📡 RSI: 59.6 | MACD: 1.50 | ATR: 2.46
  📊 Filled: 0 | Pending: 0
  🔲 Regime: RANGING | Range pos: 40% | RSI: 59.6
  💰 Daily P&L: $-5,625.00

[2026-07-20 13:22] O:7513.50 H:7513.50 L:7510.25 C:7510.75 V:2106.0
  📈 Trend: moderate_bearish | 🌍 Regime: ranging
  🗺️  Grid: 0.080% | 🔺 7515.75 🔻 7511.75
  📡 RSI: 53.1 | MACD: 1.12 | ATR: 2.55
  📊 Filled: 0 | Pending: 0
  🔲 Regime: RANGING | Range pos: 33% | RSI: 53.1
  💰 Daily P&L: $-5,625.00

[2026-07-20 13:23] O:7511.00 H:7511.00 L:7508.00 C:7509.00 V:2184.0
  📈 Trend: moderate_bearish | 🌍 Regime: ranging
  🗺️  Grid: 0.080% | 🔺 7513.50 🔻 7510.25
  📡 RSI: 39.3 | MACD: 0.67 | ATR: 2.57
  📊 Filled: 0 | Pending: 0
  🔲 Regime: RANGING | Range pos: 28% | RSI: 39.3
  💰 Daily P&L: $-5,625.00

[2026-07-20 13:24] O:7509.25 H:7509.25 L:7506.00 C:7506.25 V:1670.0
  📈 Trend: moderate_bearish | 🌍 Regime: ranging
  🗺️  Grid: 0.080% | 🔺 7511.00 🔻 7508.00
  📡 RSI: 33.3 | MACD: 0.09 | ATR: 2.64
  📊 Filled: 0 | Pending: 0
  🔲 Regime: RANGING | Range pos: 20% | RSI: 33.3
  🚫 Raw trend blocks RANGING LONG | raw: moderate_bearish
  💰 Daily P&L: $-5,625.00

[2026-07-20 13:25] O:7506.50 H:7509.75 L:7504.75 C:7509.50 V:2252.0
  📈 Trend: moderate_bearish (raw: strong_bearish) | 🌍 Regime: ranging
  🗺️  Grid: 0.080% | 🔺 7509.25 🔻 7506.00
  📡 RSI: 42.2 | MACD: -0.11 | ATR: 2.84
  📊 Filled: 0 | Pending: 0
  🔲 Regime: RANGING | Range pos: 29% | RSI: 42.2
  💰 Daily P&L: $-5,625.00

[2026-07-20 13:26] O:7509.25 H:7510.75 L:7509.00 C:7509.50 V:1799.0
  📈 Trend: strong_bearish | 🌍 Regime: ranging
  🗺️  Grid: 0.080% | 🔺 7509.75 🔻 7504.75
  📡 RSI: 36.8 | MACD: -0.26 | ATR: 2.75
  📊 Filled: 0 | Pending: 0
  🔲 Regime: RANGING | Range pos: 29% | RSI: 36.8
  💰 Daily P&L: $-5,625.00

[2026-07-20 13:27] O:7509.75 H:7510.00 L:7508.00 C:7508.50 V:832.0
  📈 Trend: strong_bearish | 🌍 Regime: ranging
  🗺️  Grid: 0.080% | 🔺 7510.75 🔻 7509.00
  📡 RSI: 33.3 | MACD: -0.46 | ATR: 2.75
  📊 Filled: 0 | Pending: 0
  🔲 Regime: RANGING | Range pos: 27% | RSI: 33.3
  🚫 Raw trend blocks RANGING LONG | raw: strong_bearish
  💰 Daily P&L: $-5,625.00

[2026-07-20 13:28] O:7508.50 H:7510.25 L:7507.75 C:7510.00 V:1319.0
  📈 Trend: strong_bearish | 🌍 Regime: ranging
  🗺️  Grid: 0.080% | 🔺 7510.00 🔻 7508.00
  📡 RSI: 40.0 | MACD: -0.49 | ATR: 2.82
  📊 Filled: 0 | Pending: 0
  🔲 Regime: RANGING | Range pos: 31% | RSI: 40.0
  💰 Daily P&L: $-5,625.00

[2026-07-20 13:29] O:7510.25 H:7511.75 L:7508.25 C:7508.25 V:1095.0
  📈 Trend: strong_bearish | 🌍 Regime: ranging
  🗺️  Grid: 0.080% | 🔺 7510.25 🔻 7507.75
  📡 RSI: 37.6 | MACD: -0.64 | ATR: 2.96
  📊 Filled: 0 | Pending: 0
  🔲 Regime: RANGING | Range pos: 26% | RSI: 37.6
  💰 Daily P&L: $-5,625.00

[2026-07-20 13:30] O:7508.50 H:7508.50 L:7504.00 C:7504.25 V:2285.0
  📈 Trend: strong_bearish | 🌍 Regime: ranging
  🗺️  Grid: 0.080% | 🔺 7511.75 🔻 7508.25
  📡 RSI: 27.4 | MACD: -1.08 | ATR: 3.05
  📊 Filled: 0 | Pending: 0
  🔲 Regime: RANGING | Range pos: 14% | RSI: 27.4
  🚫 Raw trend blocks RANGING LONG | raw: strong_bearish
  💰 Daily P&L: $-5,625.00

[2026-07-20 13:31] O:7504.25 H:7505.25 L:7502.75 C:7504.25 V:2255.0
  📈 Trend: strong_bearish | 🌍 Regime: ranging
  🗺️  Grid: 0.080% | 🔺 7508.50 🔻 7504.00
  📡 RSI: 25.0 | MACD: -1.41 | ATR: 3.04
  📊 Filled: 0 | Pending: 0
  🔲 Regime: RANGING | Range pos: 14% | RSI: 25.0
  🚫 Raw trend blocks RANGING LONG | raw: strong_bearish
  💰 Daily P&L: $-5,625.00

[2026-07-20 13:32] O:7504.25 H:7505.00 L:7503.00 C:7504.25 V:1473.0
  📈 Trend: strong_bearish | 🌍 Regime: ranging
  🗺️  Grid: 0.080% | 🔺 7505.25 🔻 7502.75
  📡 RSI: 25.8 | MACD: -1.65 | ATR: 2.95
  📊 Filled: 0 | Pending: 0
  🔲 Regime: RANGING | Range pos: 14% | RSI: 25.8
  🚫 Raw trend blocks RANGING LONG | raw: strong_bearish
  💰 Daily P&L: $-5,625.00

[2026-07-20 13:33] O:7504.25 H:7504.25 L:7501.25 C:7502.25 V:1742.0
  📈 Trend: strong_bearish | 🌍 Regime: ranging
  🗺️  Grid: 0.080% | 🔺 7505.00 🔻 7503.00
  📡 RSI: 20.4 | MACD: -1.98 | ATR: 3.02
  📊 Filled: 0 | Pending: 0
  🔲 Regime: RANGING | Range pos: 9% | RSI: 20.4
  🚫 Raw trend blocks RANGING LONG | raw: strong_bearish
  💰 Daily P&L: $-5,625.00

[2026-07-20 13:34] O:7502.25 H:7502.50 L:7498.25 C:7500.00 V:2768.0
  📈 Trend: strong_bearish | 🌍 Regime: ranging
  🗺️  Grid: 0.080% | 🔺 7504.25 🔻 7501.25
  📡 RSI: 19.2 | MACD: -2.39 | ATR: 3.18
  📊 Filled: 0 | Pending: 0
  🔲 Regime: RANGING | Range pos: 5% | RSI: 19.2
  🚫 Raw trend blocks RANGING LONG | raw: strong_bearish
  💰 Daily P&L: $-5,625.00

[2026-07-20 13:35] O:7500.00 H:7503.75 L:7499.75 C:7502.50 V:2142.0
  📈 Trend: strong_bearish | 🌍 Regime: ranging
  🗺️  Grid: 0.080% | 🔺 7502.50 🔻 7498.25
  📡 RSI: 28.7 | MACD: -2.49 | ATR: 3.18
  📊 Filled: 0 | Pending: 0
  🔲 Regime: RANGING | Range pos: 12% | RSI: 28.7
  🚫 Raw trend blocks RANGING LONG | raw: strong_bearish
  💰 Daily P&L: $-5,625.00

[2026-07-20 13:36] O:7502.50 H:7506.25 L:7502.50 C:7505.50 V:1904.0
  📈 Trend: strong_bearish | 🌍 Regime: ranging
  🗺️  Grid: 0.080% | 🔺 7503.75 🔻 7499.75
  📡 RSI: 39.8 | MACD: -2.30 | ATR: 3.21
  📊 Filled: 0 | Pending: 0
  🔲 Regime: RANGING | Range pos: 20% | RSI: 39.8
  💰 Daily P&L: $-5,625.00

[2026-07-20 13:37] O:7505.50 H:7506.75 L:7503.00 C:7503.00 V:1068.0
  📈 Trend: strong_bearish | 🌍 Regime: ranging
  🗺️  Grid: 0.080% | 🔺 7506.25 🔻 7502.50
  📡 RSI: 38.7 | MACD: -2.32 | ATR: 3.27
  📊 Filled: 0 | Pending: 0
  🔲 Regime: RANGING | Range pos: 13% | RSI: 38.7
  💰 Daily P&L: $-5,625.00

[2026-07-20 13:38] O:7503.00 H:7505.00 L:7501.25 C:7501.50 V:1221.0
  📈 Trend: strong_bearish | 🌍 Regime: ranging
  🗺️  Grid: 0.080% | 🔺 7506.75 🔻 7503.00
  📡 RSI: 40.6 | MACD: -2.44 | ATR: 3.30
  📊 Filled: 0 | Pending: 0
  🔲 Regime: RANGING | Range pos: 9% | RSI: 40.6
  💰 Daily P&L: $-5,625.00

[2026-07-20 13:39] O:7501.75 H:7501.75 L:7498.25 C:7499.25 V:2362.0
  📈 Trend: strong_bearish | 🌍 Regime: ranging
  🗺️  Grid: 0.080% | 🔺 7505.00 🔻 7501.25
  📡 RSI: 28.9 | MACD: -2.68 | ATR: 3.20
  📊 Filled: 0 | Pending: 0
  🔲 Regime: RANGING | Range pos: 3% | RSI: 28.9
  🚫 Raw trend blocks RANGING LONG | raw: strong_bearish
  💰 Daily P&L: $-5,625.00

[2026-07-20 13:40] O:7499.25 H:7499.75 L:7496.25 C:7496.50 V:2584.0
  📈 Trend: strong_bearish | 🌍 Regime: ranging
  🗺️  Grid: 0.080% | 🔺 7501.75 🔻 7498.25
  📡 RSI: 25.9 | MACD: -3.05 | ATR: 3.32
  📊 Filled: 0 | Pending: 0
  🔲 Regime: RANGING | Range pos: 1% | RSI: 25.9
  🚫 Raw trend blocks RANGING LONG | raw: strong_bearish
  💰 Daily P&L: $-5,625.00

[2026-07-20 13:41] O:7496.25 H:7496.50 L:7493.75 C:7495.75 V:4042.0
  📈 Trend: strong_bearish | 🌍 Regime: ranging
  🗺️  Grid: 0.080% | 🔺 7499.75 🔻 7496.25
  📡 RSI: 26.2 | MACD: -3.37 | ATR: 3.38
  📊 Filled: 0 | Pending: 0
  🔲 Regime: RANGING | Range pos: 5% | RSI: 26.2
  🚫 Raw trend blocks RANGING LONG | raw: strong_bearish
  💰 Daily P&L: $-5,625.00

[2026-07-20 13:42] O:7496.00 H:7496.25 L:7493.50 C:7494.50 V:2931.0
  📈 Trend: strong_bearish | 🌍 Regime: ranging
  🗺️  Grid: 0.080% | 🔺 7496.50 🔻 7493.75
  📡 RSI: 20.8 | MACD: -3.68 | ATR: 3.39
  📊 Filled: 0 | Pending: 0
  🔲 Regime: RANGING | Range pos: 2% | RSI: 20.8
  🚫 Raw trend blocks RANGING LONG | raw: strong_bearish
  💰 Daily P&L: $-5,625.00

[2026-07-20 13:43] O:7494.75 H:7495.25 L:7491.75 C:7492.75 V:2685.0
  📈 Trend: strong_bearish | 🌍 Regime: ranging
  🗺️  Grid: 0.080% | 🔺 7496.25 🔻 7493.50
  📡 RSI: 20.8 | MACD: -4.03 | ATR: 3.39
  📊 Filled: 0 | Pending: 0
  🔲 Regime: RANGING | Range pos: 2% | RSI: 20.8
  🚫 Raw trend blocks RANGING LONG | raw: strong_bearish
  💰 Daily P&L: $-5,625.00

[2026-07-20 13:44] O:7492.75 H:7493.25 L:7488.50 C:7488.75 V:4000.0
  📈 Trend: strong_bearish | 🌍 Regime: ranging
  🗺️  Grid: 0.080% | 🔺 7495.25 🔻 7491.75
  📡 RSI: 20.8 | MACD: -4.57 | ATR: 3.41
  📊 Filled: 0 | Pending: 0
  🔲 Regime: RANGING | Range pos: 1% | RSI: 20.8
  🚫 Raw trend blocks RANGING LONG | raw: strong_bearish
  💰 Daily P&L: $-5,625.00

[2026-07-20 13:45] O:7489.00 H:7491.00 L:7487.75 C:7489.50 V:3938.0
  📈 Trend: strong_bearish | 🌍 Regime: ranging
  🗺️  Grid: 0.080% | 🔺 7493.25 🔻 7488.50
  📡 RSI: 22.9 | MACD: -4.88 | ATR: 3.46
  📊 Filled: 0 | Pending: 0
  🔲 Regime: RANGING | Range pos: 4% | RSI: 22.9
  🚫 Raw trend blocks RANGING LONG | raw: strong_bearish
  💰 Daily P&L: $-5,625.00

[2026-07-20 13:46] O:7489.50 H:7493.25 L:7488.75 C:7493.00 V:3404.0
  📈 Trend: strong_bearish | 🌍 Regime: trending_bearish
  🗺️  Grid: 0.080% | 🔺 7491.00 🔻 7487.75
  📡 RSI: 31.7 | MACD: -4.79 | ATR: 3.64
  📊 Filled: 0 | Pending: 0
  💰 Daily P&L: $-5,625.00

[2026-07-20 13:47] O:7493.00 H:7494.25 L:7491.75 C:7492.75 V:2434.0
  📈 Trend: strong_bearish | 🌍 Regime: trending_bearish
  🗺️  Grid: 0.080% | 🔺 7493.25 🔻 7488.75
  📡 RSI: 33.6 | MACD: -4.68 | ATR: 3.61
  📊 Filled: 0 | Pending: 0
  💰 Daily P&L: $-5,625.00

[2026-07-20 13:48] O:7493.00 H:7493.50 L:7491.75 C:7492.25 V:1393.0
  📈 Trend: strong_bearish | 🌍 Regime: ranging
  🗺️  Grid: 0.080% | 🔺 7494.25 🔻 7491.75
  📡 RSI: 35.8 | MACD: -4.59 | ATR: 3.43
  📊 Filled: 0 | Pending: 0
  🔲 Regime: RANGING | Range pos: 10% | RSI: 35.8
  💰 Daily P&L: $-5,625.00

[2026-07-20 13:49] O:7492.00 H:7493.25 L:7489.25 C:7490.25 V:2440.0
  📈 Trend: strong_bearish | 🌍 Regime: ranging
  🗺️  Grid: 0.080% | 🔺 7493.50 🔻 7491.75
  📡 RSI: 27.1 | MACD: -4.62 | ATR: 3.43
  📊 Filled: 0 | Pending: 0
  🔲 Regime: RANGING | Range pos: 5% | RSI: 27.1
  🚫 Raw trend blocks RANGING LONG | raw: strong_bearish
  💰 Daily P&L: $-5,625.00

[2026-07-20 13:50] O:7490.25 H:7492.50 L:7489.00 C:7491.50 V:2050.0
  📈 Trend: strong_bearish | 🌍 Regime: ranging
  🗺️  Grid: 0.080% | 🔺 7493.25 🔻 7489.25
  📡 RSI: 22.0 | MACD: -4.49 | ATR: 3.41
  📊 Filled: 0 | Pending: 0
  🔲 Regime: RANGING | Range pos: 8% | RSI: 22.0
  🚫 Raw trend blocks RANGING LONG | raw: strong_bearish
  💰 Daily P&L: $-5,625.00

[2026-07-20 13:51] O:7491.50 H:7492.00 L:7490.25 C:7491.00 V:1326.0
  📈 Trend: strong_bearish | 🌍 Regime: ranging
  🗺️  Grid: 0.080% | 🔺 7492.50 🔻 7489.00
  📡 RSI: 23.9 | MACD: -4.38 | ATR: 3.27
  📊 Filled: 0 | Pending: 0
  🔲 Regime: RANGING | Range pos: 7% | RSI: 23.9
  🚫 Raw trend blocks RANGING LONG | raw: strong_bearish
  💰 Daily P&L: $-5,625.00

[2026-07-20 13:52] O:7491.25 H:7493.50 L:7491.00 C:7492.25 V:1672.0
  📈 Trend: strong_bearish | 🌍 Regime: ranging
  🗺️  Grid: 0.080% | 🔺 7492.00 🔻 7490.25
  📡 RSI: 29.7 | MACD: -4.15 | ATR: 3.18
  📊 Filled: 0 | Pending: 0
  🔲 Regime: RANGING | Range pos: 10% | RSI: 29.7
  🚫 Raw trend blocks RANGING LONG | raw: strong_bearish
  💰 Daily P&L: $-5,625.00

[2026-07-20 13:53] O:7492.50 H:7494.25 L:7491.25 C:7493.25 V:1523.0
  📈 Trend: strong_bearish | 🌍 Regime: ranging
  🗺️  Grid: 0.080% | 🔺 7493.50 🔻 7491.00
  📡 RSI: 36.0 | MACD: -3.83 | ATR: 3.14
  📊 Filled: 0 | Pending: 0
  🔲 Regime: RANGING | Range pos: 12% | RSI: 36.0
  💰 Daily P&L: $-5,625.00

[2026-07-20 13:54] O:7493.50 H:7495.75 L:7492.75 C:7494.00 V:1791.0
  📈 Trend: strong_bearish | 🌍 Regime: ranging
  🗺️  Grid: 0.080% | 🔺 7494.25 🔻 7491.25
  📡 RSI: 43.6 | MACD: -3.48 | ATR: 3.11
  📊 Filled: 0 | Pending: 0
  🔲 Regime: RANGING | Range pos: 14% | RSI: 43.6
  💰 Daily P&L: $-5,625.00

[2026-07-20 13:55] O:7494.25 H:7494.50 L:7492.50 C:7494.25 V:1217.0
  📈 Trend: strong_bearish | 🌍 Regime: ranging
  🗺️  Grid: 0.080% | 🔺 7495.75 🔻 7492.75
  📡 RSI: 46.1 | MACD: -3.15 | ATR: 3.05
  📊 Filled: 0 | Pending: 0
  🔲 Regime: RANGING | Range pos: 14% | RSI: 46.1
  💰 Daily P&L: $-5,625.00

[2026-07-20 13:56] O:7494.25 H:7494.75 L:7492.75 C:7493.25 V:872.0
  📈 Trend: strong_bearish | 🌍 Regime: ranging
  🗺️  Grid: 0.080% | 🔺 7494.50 🔻 7492.50
  📡 RSI: 46.7 | MACD: -2.94 | ATR: 3.00
  📊 Filled: 0 | Pending: 0
  🔲 Regime: RANGING | Range pos: 12% | RSI: 46.7
  💰 Daily P&L: $-5,625.00

[2026-07-20 13:57] O:7493.50 H:7493.50 L:7491.00 C:7491.00 V:1236.0
  📈 Trend: strong_bearish | 🌍 Regime: ranging
  🗺️  Grid: 0.080% | 🔺 7494.75 🔻 7492.75
  📡 RSI: 45.5 | MACD: -2.91 | ATR: 2.93
  📊 Filled: 0 | Pending: 0
  🔲 Regime: RANGING | Range pos: 7% | RSI: 45.5
  💰 Daily P&L: $-5,625.00

[2026-07-20 13:58] O:7490.75 H:7491.00 L:7488.25 C:7490.75 V:1959.0
  📈 Trend: strong_bearish | 🌍 Regime: ranging
  🗺️  Grid: 0.080% | 🔺 7493.50 🔻 7491.00
  📡 RSI: 56.5 | MACD: -2.88 | ATR: 2.79
  📊 Filled: 0 | Pending: 0
  🔲 Regime: RANGING | Range pos: 6% | RSI: 56.5
  💰 Daily P&L: $-5,625.00

[2026-07-20 13:59] O:7490.75 H:7492.25 L:7490.25 C:7490.50 V:1561.0
  📈 Trend: strong_bearish | 🌍 Regime: ranging
  🗺️  Grid: 0.080% | 🔺 7491.00 🔻 7488.25
  📡 RSI: 53.3 | MACD: -2.84 | ATR: 2.70
  📊 Filled: 0 | Pending: 0
  🔲 Regime: RANGING | Range pos: 6% | RSI: 53.3
  💰 Daily P&L: $-5,625.00

[2026-07-20 14:00] O:7490.50 H:7495.25 L:7490.25 C:7495.00 V:2366.0
  📈 Trend: strong_bearish | 🌍 Regime: ranging
  🗺️  Grid: 0.080% | 🔺 7492.25 🔻 7490.25
  📡 RSI: 56.2 | MACD: -2.42 | ATR: 2.73
  📊 Filled: 0 | Pending: 0
  🔲 Regime: RANGING | Range pos: 16% | RSI: 56.2
  💰 Daily P&L: $-5,625.00

[2026-07-20 14:01] O:7495.00 H:7495.25 L:7493.75 C:7494.75 V:1377.0
  📈 Trend: strong_bearish (raw: moderate_bearish) | 🌍 Regime: ranging
  🗺️  Grid: 0.080% | 🔺 7495.25 🔻 7490.25
  📡 RSI: 56.2 | MACD: -2.08 | ATR: 2.66
  📊 Filled: 0 | Pending: 0
  🔲 Regime: RANGING | Range pos: 15% | RSI: 56.2
  💰 Daily P&L: $-5,625.00

[2026-07-20 14:02] O:7495.00 H:7495.00 L:7490.75 C:7490.75 V:1722.0
  📈 Trend: strong_bearish | 🌍 Regime: ranging
  🗺️  Grid: 0.080% | 🔺 7495.25 🔻 7493.75
  📡 RSI: 46.2 | MACD: -2.11 | ATR: 2.84
  📊 Filled: 0 | Pending: 0
  🔲 Regime: RANGING | Range pos: 6% | RSI: 46.2
  💰 Daily P&L: $-5,625.00

[2026-07-20 14:03] O:7490.50 H:7490.75 L:7488.25 C:7489.00 V:2074.0
  📈 Trend: strong_bearish (raw: moderate_bearish) | 🌍 Regime: ranging
  🗺️  Grid: 0.080% | 🔺 7495.00 🔻 7490.75
  📡 RSI: 46.8 | MACD: -2.25 | ATR: 2.73
  📊 Filled: 0 | Pending: 0
  🔲 Regime: RANGING | Range pos: 3% | RSI: 46.8
  💰 Daily P&L: $-5,625.00

[2026-07-20 14:04] O:7488.75 H:7490.25 L:7487.50 C:7489.25 V:2220.0
  📈 Trend: strong_bearish | 🌍 Regime: ranging
  🗺️  Grid: 0.080% | 🔺 7490.75 🔻 7488.25
  📡 RSI: 43.8 | MACD: -2.32 | ATR: 2.68
  📊 Filled: 0 | Pending: 0
  🔲 Regime: RANGING | Range pos: 4% | RSI: 43.8
  💰 Daily P&L: $-5,625.00

[2026-07-20 14:05] O:7489.25 H:7490.25 L:7487.00 C:7487.25 V:1619.0
  📈 Trend: strong_bearish | 🌍 Regime: ranging
  🗺️  Grid: 0.080% | 🔺 7490.25 🔻 7487.50
  📡 RSI: 40.5 | MACD: -2.50 | ATR: 2.79
  📊 Filled: 0 | Pending: 0
  🔲 Regime: RANGING | Range pos: 1% | RSI: 40.5
  💰 Daily P&L: $-5,625.00

[2026-07-20 14:06] O:7487.50 H:7490.25 L:7486.00 C:7490.00 V:2424.0
  📈 Trend: strong_bearish | 🌍 Regime: ranging
  🗺️  Grid: 0.080% | 🔺 7490.25 🔻 7487.00
  📡 RSI: 44.7 | MACD: -2.40 | ATR: 2.91
  📊 Filled: 0 | Pending: 0
  🔲 Regime: RANGING | Range pos: 8% | RSI: 44.7
  💰 Daily P&L: $-5,625.00

[2026-07-20 14:07] O:7490.25 H:7490.50 L:7488.00 C:7489.75 V:1676.0
  📈 Trend: strong_bearish | 🌍 Regime: ranging
  🗺️  Grid: 0.080% | 🔺 7490.25 🔻 7486.00
  📡 RSI: 41.5 | MACD: -2.31 | ATR: 2.88
  📊 Filled: 0 | Pending: 0
  🔲 Regime: RANGING | Range pos: 8% | RSI: 41.5
  💰 Daily P&L: $-5,625.00

[2026-07-20 14:08] O:7489.75 H:7490.00 L:7488.25 C:7489.00 V:1722.0
