2026-07-10 10:58:04 | ERROR    | Error 10147, reqId 536: OrderId 536 that needs to be cancelled is not found.
DE: SCALP
   • 10 contract(s) max
   • Grid entries only
   • Trailing stop enabled
   • SL: ~8 pts | TP: ~12 pts | Trail activates: +6 pts
   • Best for: Normal sessions, choppy/ranging opens
============================================================
✓ Connected to IBKR (paper) - clientId=10
✓ Front-month contract: ESU6 expiry=20260918

============================================================
Loading historical data for indicator warm-up...
============================================================
→ Fetching historical bars (1 D, 1 min)...
✓ Loaded 869 historical bars

Processing 869 historical bars...

Indicators ready!
  Bars loaded: 869
  Last price: 7588.00
  Trend: strong_bullish
  RSI: 45.5
  ATR: 1.93
  MACD: 1.20 / Signal: 1.16
  MA: 7586.69 / 7584.38 / 7585.06

------------------------------------------------------------
Account Value: $1,021,939.32
Buying Power: $4,045,903.13
Current Position: 0 contracts
------------------------------------------------------------

============================================================
Starting live 1-minute bar stream...
Strategy is now ACTIVE (SCALP mode)
============================================================

→ Subscribed to 5-second real-time bars (aggregating to 1 min)

[2026-07-10 07:28] O:7587.75 H:7588.25 L:7587.75 C:7588.00 V:94.0
  📈 Trend: sideways (raw: strong_bullish) | 🌍 Regime: trending_bullish
  🗺️  Grid: 0.080% | 🔺 7588.25 🔻 7587.75
  📡 RSI: 51.3 | MACD: 1.16 | ATR: 1.77
  📊 Filled: 0 | Pending: 0
  🕐 Outside session (07:28 CT) — no entries
  💰 Daily P&L: $+0.00

[2026-07-10 07:29] O:7587.75 H:7588.00 L:7587.25 C:7587.75 V:175.0
  📈 Trend: sideways (raw: moderate_bullish) | 🌍 Regime: trending_bullish
  🗺️  Grid: 0.080% | 🔺 7588.25 🔻 7587.75
  📡 RSI: 51.3 | MACD: 1.10 | ATR: 1.62
  📊 Filled: 0 | Pending: 0
  🕐 Outside session (07:29 CT) — no entries
  💰 Daily P&L: $+0.00

[2026-07-10 07:30] O:7587.75 H:7588.00 L:7586.25 C:7586.75 V:194.0
  📈 Trend: moderate_bullish | 🌍 Regime: trending_bullish
  🗺️  Grid: 0.080% | 🔺 7588.00 🔻 7587.25
  📡 RSI: 32.4 | MACD: 0.96 | ATR: 1.54
  📊 Filled: 0 | Pending: 0
  🕐 Outside session (07:30 CT) — no entries
  💰 Daily P&L: $+0.00

[2026-07-10 07:31] O:7586.75 H:7587.75 L:7586.75 C:7587.75 V:197.0
  📈 Trend: moderate_bullish (raw: moderate_bearish) | 🌍 Regime: trending_bearish
  🗺️  Grid: 0.080% | 🔺 7588.00 🔻 7586.25
  📡 RSI: 50.0 | MACD: 0.92 | ATR: 1.38
  📊 Filled: 0 | Pending: 0
  🕐 Outside session (07:31 CT) — no entries
  💰 Daily P&L: $+0.00

[2026-07-10 07:32] O:7587.50 H:7587.75 L:7585.75 C:7586.00 V:140.0
  📈 Trend: moderate_bearish | 🌍 Regime: trending_bearish
  🗺️  Grid: 0.080% | 🔺 7587.75 🔻 7586.75
  📡 RSI: 40.5 | MACD: 0.73 | ATR: 1.39
  📊 Filled: 0 | Pending: 0
  🕐 Outside session (07:32 CT) — no entries
  💰 Daily P&L: $+0.00

[2026-07-10 07:33] O:7586.00 H:7587.25 L:7585.75 C:7587.25 V:210.0
  📈 Trend: moderate_bearish | 🌍 Regime: trending_bearish
  🗺️  Grid: 0.080% | 🔺 7587.75 🔻 7585.75
  📡 RSI: 48.8 | MACD: 0.68 | ATR: 1.41
  📊 Filled: 0 | Pending: 0
  🕐 Outside session (07:33 CT) — no entries
  💰 Daily P&L: $+0.00

[2026-07-10 07:34] O:7587.00 H:7587.50 L:7586.50 C:7586.50 V:127.0
  📈 Trend: moderate_bearish | 🌍 Regime: trending_bearish
  🗺️  Grid: 0.080% | 🔺 7587.25 🔻 7585.75
  📡 RSI: 51.3 | MACD: 0.57 | ATR: 1.27
  📊 Filled: 0 | Pending: 0
  🕐 Outside session (07:34 CT) — no entries
  💰 Daily P&L: $+0.00

[2026-07-10 07:35] O:7586.50 H:7586.50 L:7584.25 C:7586.50 V:317.0
  📈 Trend: moderate_bearish | 🌍 Regime: trending_bearish
  🗺️  Grid: 0.080% | 🔺 7587.50 🔻 7586.50
  📡 RSI: 50.0 | MACD: 0.48 | ATR: 1.29
  📊 Filled: 0 | Pending: 0
  🕐 Outside session (07:35 CT) — no entries
  💰 Daily P&L: $+0.00

[2026-07-10 07:36] O:7586.25 H:7587.50 L:7585.75 C:7586.50 V:507.0
  📈 Trend: moderate_bearish | 🌍 Regime: trending_bearish
  🗺️  Grid: 0.080% | 🔺 7586.50 🔻 7584.25
  📡 RSI: 45.7 | MACD: 0.41 | ATR: 1.27
  📊 Filled: 0 | Pending: 0
  🕐 Outside session (07:36 CT) — no entries
  💰 Daily P&L: $+0.00

[2026-07-10 07:37] O:7586.50 H:7586.50 L:7584.75 C:7585.00 V:196.0
  📈 Trend: moderate_bearish | 🌍 Regime: trending_bearish
  🗺️  Grid: 0.080% | 🔺 7587.50 🔻 7585.75
  📡 RSI: 32.4 | MACD: 0.22 | ATR: 1.29
  📊 Filled: 0 | Pending: 0
  🕐 Outside session (07:37 CT) — no entries
  💰 Daily P&L: $+0.00

[2026-07-10 07:38] O:7584.75 H:7587.25 L:7584.25 C:7587.25 V:354.0
  📈 Trend: moderate_bearish | 🌍 Regime: trending_bearish
  🗺️  Grid: 0.080% | 🔺 7586.50 🔻 7584.75
  📡 RSI: 48.8 | MACD: 0.25 | ATR: 1.39
  📊 Filled: 0 | Pending: 0
  🕐 Outside session (07:38 CT) — no entries
  💰 Daily P&L: $+0.00

[2026-07-10 07:39] O:7587.50 H:7591.50 L:7587.25 C:7591.00 V:2536.0
  📈 Trend: moderate_bearish (raw: strong_bullish) | 🌍 Regime: ranging
  🗺️  Grid: 0.080% | 🔺 7587.25 🔻 7584.25
  📡 RSI: 60.0 | MACD: 0.57 | ATR: 1.62
  📊 Filled: 0 | Pending: 0
  🕐 Outside session (07:39 CT) — no entries
  💰 Daily P&L: $+0.00

[2026-07-10 07:40] O:7591.00 H:7592.50 L:7590.25 C:7591.25 V:744.0
  📈 Trend: strong_bullish | 🌍 Regime: ranging
  🗺️  Grid: 0.080% | 🔺 7591.50 🔻 7587.25
  📡 RSI: 61.8 | MACD: 0.84 | ATR: 1.73
  📊 Filled: 0 | Pending: 0
  🕐 Outside session (07:40 CT) — no entries
  💰 Daily P&L: $+0.00

[2026-07-10 07:41] O:7591.00 H:7591.00 L:7588.75 C:7589.00 V:575.0
  📈 Trend: strong_bullish | 🌍 Regime: ranging
  🗺️  Grid: 0.080% | 🔺 7592.50 🔻 7590.25
  📡 RSI: 53.1 | MACD: 0.86 | ATR: 1.88
  📊 Filled: 0 | Pending: 0
  🕐 Outside session (07:41 CT) — no entries
  💰 Daily P&L: $+0.00

[2026-07-10 07:42] O:7589.00 H:7590.00 L:7588.75 C:7589.75 V:301.0
  📈 Trend: strong_bullish | 🌍 Regime: ranging
  🗺️  Grid: 0.080% | 🔺 7591.00 🔻 7588.75
  📡 RSI: 55.2 | MACD: 0.92 | ATR: 1.93
  📊 Filled: 0 | Pending: 0
  🕐 Outside session (07:42 CT) — no entries
  💰 Daily P&L: $+0.00

[2026-07-10 07:43] O:7589.75 H:7590.75 L:7589.00 C:7590.00 V:692.0
  📈 Trend: strong_bullish | 🌍 Regime: ranging
  🗺️  Grid: 0.080% | 🔺 7590.00 🔻 7588.75
  📡 RSI: 56.7 | MACD: 0.98 | ATR: 2.00
  📊 Filled: 0 | Pending: 0
  🕐 Outside session (07:43 CT) — no entries
  💰 Daily P&L: $+0.00

[2026-07-10 07:44] O:7590.25 H:7590.75 L:7588.50 C:7588.50 V:372.0
  📈 Trend: strong_bullish | 🌍 Regime: ranging
  🗺️  Grid: 0.080% | 🔺 7590.75 🔻 7589.00
  📡 RSI: 55.1 | MACD: 0.90 | ATR: 2.04
  📊 Filled: 0 | Pending: 0
  🕐 Outside session (07:44 CT) — no entries
  💰 Daily P&L: $+0.00

[2026-07-10 07:45] O:7588.75 H:7590.50 L:7588.75 C:7590.25 V:198.0
  📈 Trend: strong_bullish | 🌍 Regime: ranging
  🗺️  Grid: 0.080% | 🔺 7590.75 🔻 7588.50
  📡 RSI: 56.9 | MACD: 0.96 | ATR: 2.11
  📊 Filled: 0 | Pending: 0
  🕐 Outside session (07:45 CT) — no entries
  💰 Daily P&L: $+0.00

[2026-07-10 07:46] O:7590.25 H:7590.50 L:7589.25 C:7590.25 V:242.0
  📈 Trend: strong_bullish | 🌍 Regime: ranging
  🗺️  Grid: 0.080% | 🔺 7590.50 🔻 7588.75
  📡 RSI: 63.1 | MACD: 1.00 | ATR: 2.05
  📊 Filled: 0 | Pending: 0
  🕐 Outside session (07:46 CT) — no entries
  💰 Daily P&L: $+0.00

[2026-07-10 07:47] O:7590.50 H:7591.25 L:7590.00 C:7590.50 V:254.0
  📈 Trend: strong_bullish | 🌍 Regime: ranging
  🗺️  Grid: 0.080% | 🔺 7590.50 🔻 7589.25
  📡 RSI: 60.7 | MACD: 1.04 | ATR: 2.04
  📊 Filled: 0 | Pending: 0
  🕐 Outside session (07:47 CT) — no entries
  💰 Daily P&L: $+0.00

[2026-07-10 07:48] O:7590.25 H:7592.25 L:7590.25 C:7590.75 V:408.0
  📈 Trend: strong_bullish | 🌍 Regime: trending_bullish
  🗺️  Grid: 0.080% | 🔺 7591.25 🔻 7590.00
  📡 RSI: 64.4 | MACD: 1.08 | ATR: 2.11
  📊 Filled: 0 | Pending: 0
  🕐 Outside session (07:48 CT) — no entries
  💰 Daily P&L: $+0.00

[2026-07-10 07:49] O:7590.75 H:7590.75 L:7588.75 C:7589.50 V:285.0
  📈 Trend: strong_bullish | 🌍 Regime: trending_bullish
  🗺️  Grid: 0.080% | 🔺 7592.25 🔻 7590.25
  📡 RSI: 59.4 | MACD: 1.00 | ATR: 2.09
  📊 Filled: 0 | Pending: 0
  🕐 Outside session (07:49 CT) — no entries
  💰 Daily P&L: $+0.00

[2026-07-10 07:50] O:7589.75 H:7589.75 L:7589.25 C:7589.50 V:108.0
  📈 Trend: strong_bullish | 🌍 Regime: trending_bullish
  🗺️  Grid: 0.080% | 🔺 7590.75 🔻 7588.75
  📡 RSI: 59.4 | MACD: 0.92 | ATR: 2.00
  📊 Filled: 0 | Pending: 0
  🕐 Outside session (07:50 CT) — no entries
  💰 Daily P&L: $+0.00

[2026-07-10 07:51] O:7589.75 H:7590.25 L:7589.25 C:7590.00 V:332.0
  📈 Trend: strong_bullish | 🌍 Regime: trending_bullish
  🗺️  Grid: 0.080% | 🔺 7589.75 🔻 7589.25
  📡 RSI: 66.7 | MACD: 0.89 | ATR: 1.95
  📊 Filled: 0 | Pending: 0
  🕐 Outside session (07:51 CT) — no entries
  💰 Daily P&L: $+0.00

[2026-07-10 07:52] O:7589.75 H:7590.25 L:7589.25 C:7589.25 V:326.0
  📈 Trend: strong_bullish | 🌍 Regime: trending_bullish
  🗺️  Grid: 0.080% | 🔺 7590.25 🔻 7589.25
  📡 RSI: 57.4 | MACD: 0.80 | ATR: 1.80
  📊 Filled: 0 | Pending: 0
  🕐 Outside session (07:52 CT) — no entries
  💰 Daily P&L: $+0.00

[2026-07-10 07:53] O:7589.25 H:7590.25 L:7588.25 C:7589.75 V:376.0
  📈 Trend: strong_bullish | 🌍 Regime: trending_bullish
  🗺️  Grid: 0.080% | 🔺 7590.25 🔻 7589.25
  📡 RSI: 43.9 | MACD: 0.76 | ATR: 1.64
  📊 Filled: 0 | Pending: 0
  🕐 Outside session (07:53 CT) — no entries
  💰 Daily P&L: $+0.00

[2026-07-10 07:54] O:7589.75 H:7590.25 L:7588.50 C:7588.75 V:348.0
  📈 Trend: strong_bullish | 🌍 Regime: trending_bullish
  🗺️  Grid: 0.080% | 🔺 7590.25 🔻 7588.25
  📡 RSI: 38.6 | MACD: 0.64 | ATR: 1.61
  📊 Filled: 0 | Pending: 0
  🕐 Outside session (07:54 CT) — no entries
  💰 Daily P&L: $+0.00

[2026-07-10 07:55] O:7588.50 H:7590.50 L:7588.50 C:7590.00 V:235.0
  📈 Trend: strong_bullish | 🌍 Regime: trending_bullish
  🗺️  Grid: 0.080% | 🔺 7590.25 🔻 7588.50
  📡 RSI: 55.0 | MACD: 0.63 | ATR: 1.57
  📊 Filled: 0 | Pending: 0
  🕐 Outside session (07:55 CT) — no entries
  💰 Daily P&L: $+0.00

[2026-07-10 07:56] O:7589.75 H:7590.25 L:7589.25 C:7590.25 V:194.0
  📈 Trend: strong_bullish | 🌍 Regime: trending_bullish
  🗺️  Grid: 0.080% | 🔺 7590.50 🔻 7588.50
  📡 RSI: 52.6 | MACD: 0.64 | ATR: 1.55
  📊 Filled: 0 | Pending: 0
  🕐 Outside session (07:56 CT) — no entries
  💰 Daily P&L: $+0.00

[2026-07-10 07:57] O:7590.25 H:7590.25 L:7588.25 C:7588.50 V:232.0
  📈 Trend: strong_bullish | 🌍 Regime: trending_bullish
  🗺️  Grid: 0.080% | 🔺 7590.25 🔻 7589.25
  📡 RSI: 43.2 | MACD: 0.51 | ATR: 1.57
  📊 Filled: 0 | Pending: 0
  🕐 Outside session (07:57 CT) — no entries
  💰 Daily P&L: $+0.00

[2026-07-10 07:58] O:7588.50 H:7588.75 L:7587.75 C:7588.25 V:275.0
  📈 Trend: strong_bullish (raw: moderate_bullish) | 🌍 Regime: trending_bullish
  🗺️  Grid: 0.080% | 🔺 7590.25 🔻 7588.25
  📡 RSI: 48.7 | MACD: 0.37 | ATR: 1.48
  📊 Filled: 0 | Pending: 0
  🕐 Outside session (07:58 CT) — no entries
  💰 Daily P&L: $+0.00

[2026-07-10 07:59] O:7588.25 H:7589.00 L:7588.00 C:7588.00 V:202.0
  📈 Trend: moderate_bullish | 🌍 Regime: trending_bullish
  🗺️  Grid: 0.080% | 🔺 7588.75 🔻 7587.75
  📡 RSI: 36.4 | MACD: 0.24 | ATR: 1.41
  📊 Filled: 0 | Pending: 0
  🕐 Outside session (07:59 CT) — no entries
  💰 Daily P&L: $+0.00

[2026-07-10 08:00] O:7588.25 H:7589.25 L:7587.50 C:7588.75 V:324.0
  📈 Trend: moderate_bullish | 🌍 Regime: trending_bullish
  🗺️  Grid: 0.080% | 🔺 7589.00 🔻 7588.00
  📡 RSI: 41.7 | MACD: 0.20 | ATR: 1.45
  📊 Filled: 0 | Pending: 0
  🕐 Outside session (08:00 CT) — no entries
  💰 Daily P&L: $+0.00

[2026-07-10 08:01] O:7588.75 H:7589.75 L:7588.50 C:7589.50 V:326.0
  📈 Trend: moderate_bullish | 🌍 Regime: trending_bullish
  🗺️  Grid: 0.080% | 🔺 7589.25 🔻 7587.50
  📡 RSI: 44.7 | MACD: 0.22 | ATR: 1.45
  📊 Filled: 0 | Pending: 0
  🕐 Outside session (08:01 CT) — no entries
  💰 Daily P&L: $+0.00

[2026-07-10 08:02] O:7589.75 H:7590.50 L:7589.25 C:7589.50 V:358.0
  📈 Trend: moderate_bullish | 🌍 Regime: trending_bullish
  🗺️  Grid: 0.080% | 🔺 7589.75 🔻 7588.50
  📡 RSI: 43.2 | MACD: 0.24 | ATR: 1.39
  📊 Filled: 0 | Pending: 0
  🕐 Outside session (08:02 CT) — no entries
  💰 Daily P&L: $+0.00

[2026-07-10 08:03] O:7589.25 H:7589.25 L:7587.25 C:7587.50 V:397.0
  📈 Trend: moderate_bullish | 🌍 Regime: trending_bullish
  🗺️  Grid: 0.080% | 🔺 7590.50 🔻 7589.25
  📡 RSI: 40.0 | MACD: 0.09 | ATR: 1.41
  📊 Filled: 0 | Pending: 0
  🕐 Outside session (08:03 CT) — no entries
  💰 Daily P&L: $+0.00

[2026-07-10 08:04] O:7587.50 H:7588.75 L:7586.75 C:7588.75 V:1144.0
  📈 Trend: moderate_bullish | 🌍 Regime: trending_bullish
  🗺️  Grid: 0.080% | 🔺 7589.25 🔻 7587.25
  📡 RSI: 46.7 | MACD: 0.07 | ATR: 1.52
  📊 Filled: 0 | Pending: 0
  🕐 Outside session (08:04 CT) — no entries
  💰 Daily P&L: $+0.00

[2026-07-10 08:05] O:7588.75 H:7589.75 L:7588.75 C:7589.00 V:269.0
  📈 Trend: moderate_bullish | 🌍 Regime: trending_bullish
  🗺️  Grid: 0.080% | 🔺 7588.75 🔻 7586.75
  📡 RSI: 45.5 | MACD: 0.07 | ATR: 1.52
  📊 Filled: 0 | Pending: 0
  🕐 Outside session (08:05 CT) — no entries
  💰 Daily P&L: $+0.00

[2026-07-10 08:06] O:7588.75 H:7590.25 L:7588.75 C:7590.25 V:334.0
  📈 Trend: moderate_bullish | 🌍 Regime: trending_bullish
  🗺️  Grid: 0.080% | 🔺 7589.75 🔻 7588.75
  📡 RSI: 54.3 | MACD: 0.17 | ATR: 1.55
  📊 Filled: 0 | Pending: 0
  🕐 Outside session (08:06 CT) — no entries
  💰 Daily P&L: $+0.00

[2026-07-10 08:07] O:7590.50 H:7591.25 L:7589.50 C:7589.75 V:545.0
  📈 Trend: moderate_bullish | 🌍 Regime: trending_bullish
  🗺️  Grid: 0.080% | 🔺 7590.25 🔻 7588.75
  📡 RSI: 50.0 | MACD: 0.21 | ATR: 1.54
  📊 Filled: 0 | Pending: 0
  🕐 Outside session (08:07 CT) — no entries
  💰 Daily P&L: $+0.00

[2026-07-10 08:08] O:7589.75 H:7590.50 L:7589.00 C:7589.25 V:349.0
  📈 Trend: moderate_bullish | 🌍 Regime: trending_bullish
  🗺️  Grid: 0.080% | 🔺 7591.25 🔻 7589.50
  📡 RSI: 52.3 | MACD: 0.20 | ATR: 1.52
  📊 Filled: 0 | Pending: 0
  🕐 Outside session (08:08 CT) — no entries
  💰 Daily P&L: $+0.00

[2026-07-10 08:09] O:7589.25 H:7589.50 L:7588.75 C:7589.25 V:230.0
  📈 Trend: moderate_bullish | 🌍 Regime: trending_bullish
  🗺️  Grid: 0.080% | 🔺 7590.50 🔻 7589.00
  📡 RSI: 46.2 | MACD: 0.19 | ATR: 1.43
  📊 Filled: 0 | Pending: 0
  🕐 Outside session (08:09 CT) — no entries
  💰 Daily P&L: $+0.00

[2026-07-10 08:10] O:7589.50 H:7589.75 L:7588.50 C:7589.50 V:430.0
  📈 Trend: moderate_bullish | 🌍 Regime: trending_bullish
  🗺️  Grid: 0.080% | 🔺 7589.50 🔻 7588.75
  📡 RSI: 46.2 | MACD: 0.20 | ATR: 1.45
  📊 Filled: 0 | Pending: 0
  🕐 Outside session (08:10 CT) — no entries
  💰 Daily P&L: $+0.00

[2026-07-10 08:11] O:7589.25 H:7589.25 L:7588.00 C:7588.25 V:399.0
  📈 Trend: moderate_bullish | 🌍 Regime: trending_bullish
  🗺️  Grid: 0.080% | 🔺 7589.75 🔻 7588.50
  📡 RSI: 48.6 | MACD: 0.10 | ATR: 1.41
  📊 Filled: 0 | Pending: 0
  🕐 Outside session (08:11 CT) — no entries
  💰 Daily P&L: $+0.00

[2026-07-10 08:12] O:7588.00 H:7590.50 L:7588.00 C:7590.00 V:441.0
  📈 Trend: moderate_bullish (raw: strong_bullish) | 🌍 Regime: trending_bullish
  🗺️  Grid: 0.080% | 🔺 7589.25 🔻 7588.00
  📡 RSI: 58.1 | MACD: 0.16 | ATR: 1.52
  📊 Filled: 0 | Pending: 0
  🕐 Outside session (08:12 CT) — no entries
  💰 Daily P&L: $+0.00

[2026-07-10 08:13] O:7590.25 H:7590.50 L:7589.75 C:7590.25 V:162.0
  📈 Trend: strong_bullish | 🌍 Regime: trending_bullish
  🗺️  Grid: 0.080% | 🔺 7590.50 🔻 7588.00
  📡 RSI: 60.5 | MACD: 0.23 | ATR: 1.50
  📊 Filled: 0 | Pending: 0
  🕐 Outside session (08:13 CT) — no entries
  💰 Daily P&L: $+0.00

[2026-07-10 08:14] O:7590.50 H:7591.25 L:7589.75 C:7591.00 V:251.0
  📈 Trend: strong_bullish | 🌍 Regime: trending_bullish
  🗺️  Grid: 0.080% | 🔺 7590.50 🔻 7589.75
  📡 RSI: 60.5 | MACD: 0.34 | ATR: 1.48
  📊 Filled: 0 | Pending: 0
  🕐 Outside session (08:14 CT) — no entries
  💰 Daily P&L: $+0.00

[2026-07-10 08:15] O:7590.75 H:7591.00 L:7590.25 C:7590.75 V:289.0
  📈 Trend: strong_bullish | 🌍 Regime: trending_bullish
  🗺️  Grid: 0.080% | 🔺 7591.25 🔻 7589.75
  📡 RSI: 56.1 | MACD: 0.41 | ATR: 1.45
  📊 Filled: 0 | Pending: 0
  🕐 Outside session (08:15 CT) — no entries
  💰 Daily P&L: $+0.00

[2026-07-10 08:16] O:7590.75 H:7591.25 L:7589.75 C:7590.00 V:320.0
  📈 Trend: strong_bullish | 🌍 Regime: trending_bullish
  🗺️  Grid: 0.080% | 🔺 7591.00 🔻 7590.25
  📡 RSI: 52.3 | MACD: 0.39 | ATR: 1.46
  📊 Filled: 0 | Pending: 0
  🕐 Outside session (08:16 CT) — no entries
  💰 Daily P&L: $+0.00

[2026-07-10 08:17] O:7590.00 H:7591.25 L:7589.75 C:7591.00 V:482.0
  📈 Trend: strong_bullish | 🌍 Regime: trending_bullish
  🗺️  Grid: 0.080% | 🔺 7591.25 🔻 7589.75
  📡 RSI: 67.5 | MACD: 0.45 | ATR: 1.41
  📊 Filled: 0 | Pending: 0
  🕐 Outside session (08:17 CT) — no entries
  💰 Daily P&L: $+0.00

[2026-07-10 08:18] O:7591.00 H:7591.25 L:7590.75 C:7590.75 V:319.0
  📈 Trend: strong_bullish | 🌍 Regime: trending_bullish
  🗺️  Grid: 0.080% | 🔺 7591.25 🔻 7589.75
  📡 RSI: 61.1 | MACD: 0.48 | ATR: 1.30
  📊 Filled: 0 | Pending: 0
  🕐 Outside session (08:18 CT) — no entries
  💰 Daily P&L: $+0.00

[2026-07-10 08:19] O:7590.75 H:7591.75 L:7590.00 C:7591.00 V:264.0
  📈 Trend: strong_bullish | 🌍 Regime: trending_bullish
  🗺️  Grid: 0.080% | 🔺 7591.25 🔻 7590.75
  📡 RSI: 61.1 | MACD: 0.51 | ATR: 1.36
  📊 Filled: 0 | Pending: 0
  🕐 Outside session (08:19 CT) — no entries
  💰 Daily P&L: $+0.00

[2026-07-10 08:20] O:7591.25 H:7592.00 L:7591.00 C:7591.25 V:409.0
  📈 Trend: strong_bullish | 🌍 Regime: trending_bullish
  🗺️  Grid: 0.080% | 🔺 7591.75 🔻 7590.00
  📡 RSI: 56.2 | MACD: 0.55 | ATR: 1.32
  📊 Filled: 0 | Pending: 0
  🕐 Outside session (08:20 CT) — no entries
  💰 Daily P&L: $+0.00

[2026-07-10 08:21] O:7591.25 H:7592.25 L:7591.25 C:7591.25 V:354.0
  📈 Trend: strong_bullish | 🌍 Regime: trending_bullish
  🗺️  Grid: 0.080% | 🔺 7592.00 🔻 7591.00
  📡 RSI: 60.0 | MACD: 0.58 | ATR: 1.27
  📊 Filled: 0 | Pending: 0
  🕐 Outside session (08:21 CT) — no entries
  💰 Daily P&L: $+0.00

[2026-07-10 08:22] O:7591.50 H:7591.75 L:7590.75 C:7591.50 V:204.0
  📈 Trend: strong_bullish | 🌍 Regime: trending_bullish
  🗺️  Grid: 0.080% | 🔺 7592.25 🔻 7591.25
  📡 RSI: 65.5 | MACD: 0.61 | ATR: 1.23
  📊 Filled: 0 | Pending: 0
  🕐 Outside session (08:22 CT) — no entries
  💰 Daily P&L: $+0.00

[2026-07-10 08:23] O:7591.25 H:7592.50 L:7591.00 C:7591.75 V:357.0
  📈 Trend: strong_bullish | 🌍 Regime: trending_bullish
  🗺️  Grid: 0.080% | 🔺 7591.75 🔻 7590.75
  📡 RSI: 66.7 | MACD: 0.65 | ATR: 1.29
  📊 Filled: 0 | Pending: 0
  🕐 Outside session (08:23 CT) — no entries
  💰 Daily P&L: $+0.00

[2026-07-10 08:24] O:7591.75 H:7592.25 L:7591.50 C:7592.25 V:431.0
  📈 Trend: strong_bullish | 🌍 Regime: trending_bullish
  🗺️  Grid: 0.080% | 🔺 7592.50 🔻 7591.00
  📡 RSI: 67.7 | MACD: 0.71 | ATR: 1.25
  📊 Filled: 0 | Pending: 0
  🕐 Outside session (08:24 CT) — no entries
  💰 Daily P&L: $+0.00

[2026-07-10 08:25] O:7592.00 H:7594.00 L:7592.00 C:7593.00 V:1778.0
  📈 Trend: strong_bullish | 🌍 Regime: trending_bullish
  🗺️  Grid: 0.080% | 🔺 7592.25 🔻 7591.50
  📡 RSI: 82.8 | MACD: 0.81 | ATR: 1.29
  📊 Filled: 0 | Pending: 0
  🕐 Outside session (08:25 CT) — no entries
  💰 Daily P&L: $+0.00

[2026-07-10 08:26] O:7592.75 H:7594.00 L:7591.75 C:7591.75 V:460.0
  📈 Trend: strong_bullish | 🌍 Regime: trending_bullish
  🗺️  Grid: 0.080% | 🔺 7594.00 🔻 7592.00
  📡 RSI: 63.0 | MACD: 0.78 | ATR: 1.27
  📊 Filled: 0 | Pending: 0
  🕐 Outside session (08:26 CT) — no entries
  💰 Daily P&L: $+0.00

[2026-07-10 08:27] O:7591.75 H:7592.00 L:7589.25 C:7590.75 V:968.0
  📈 Trend: strong_bullish | 🌍 Regime: trending_bullish
  🗺️  Grid: 0.080% | 🔺 7594.00 🔻 7591.75
  📡 RSI: 53.3 | MACD: 0.67 | ATR: 1.41
  📊 Filled: 0 | Pending: 0
  🕐 Outside session (08:27 CT) — no entries
  💰 Daily P&L: $+0.00

[2026-07-10 08:28] O:7590.75 H:7591.50 L:7589.75 C:7590.75 V:739.0
  📈 Trend: strong_bullish | 🌍 Regime: trending_bullish
  🗺️  Grid: 0.080% | 🔺 7592.00 🔻 7589.25
  📡 RSI: 48.1 | MACD: 0.58 | ATR: 1.43
  📊 Filled: 0 | Pending: 0
  🕐 Outside session (08:28 CT) — no entries
  💰 Daily P&L: $+0.00

[2026-07-10 08:29] O:7590.75 H:7592.50 L:7590.50 C:7592.25 V:1224.0
  📈 Trend: strong_bullish | 🌍 Regime: trending_bullish
  🗺️  Grid: 0.080% | 🔺 7591.50 🔻 7589.75
  📡 RSI: 59.4 | MACD: 0.62 | ATR: 1.52
  📊 Filled: 0 | Pending: 0
  🕐 Outside session (08:29 CT) — no entries
  💰 Daily P&L: $+0.00

[2026-07-10 08:30] O:7592.25 H:7597.00 L:7592.25 C:7596.75 V:9394.0
  📈 Trend: strong_bullish | 🌍 Regime: trending_bullish
  🗺️  Grid: 0.080% | 🔺 7592.50 🔻 7590.50
  📡 RSI: 78.7 | MACD: 1.00 | ATR: 1.75
  📊 Filled: 0 | Pending: 0
  🕐 Outside session (08:30 CT) — no entries
  💰 Daily P&L: $+0.00

[2026-07-10 08:31] O:7596.75 H:7598.75 L:7594.50 C:7597.25 V:6701.0
  📈 Trend: strong_bullish | 🌍 Regime: trending_bullish
  🗺️  Grid: 0.080% | 🔺 7597.00 🔻 7592.25
  📡 RSI: 77.8 | MACD: 1.33 | ATR: 1.95
  📊 Filled: 0 | Pending: 0
  🕐 Outside session (08:31 CT) — no entries
  💰 Daily P&L: $+0.00

[2026-07-10 08:32] O:7597.25 H:7600.00 L:7595.50 C:7599.50 V:3447.0
  📈 Trend: strong_bullish | 🌍 Regime: trending_bullish
  🗺️  Grid: 0.080% | 🔺 7598.75 🔻 7594.50
  📡 RSI: 83.0 | MACD: 1.75 | ATR: 2.23
  📊 Filled: 0 | Pending: 0
  🕐 Outside session (08:32 CT) — no entries
  💰 Daily P&L: $+0.00

[2026-07-10 08:33] O:7599.50 H:7600.50 L:7597.50 C:7598.75 V:3374.0
  📈 Trend: strong_bullish | 🌍 Regime: trending_bullish
  🗺️  Grid: 0.080% | 🔺 7600.00 🔻 7595.50
  📡 RSI: 78.2 | MACD: 2.00 | ATR: 2.32
  📊 Filled: 0 | Pending: 0
  🕐 Outside session (08:33 CT) — no entries
  💰 Daily P&L: $+0.00

[2026-07-10 08:34] O:7598.50 H:7598.75 L:7596.50 C:7597.75 V:2746.0
  📈 Trend: strong_bullish | 🌍 Regime: trending_bullish
  🗺️  Grid: 0.080% | 🔺 7600.50 🔻 7597.50
  📡 RSI: 72.4 | MACD: 2.09 | ATR: 2.41
  📊 Filled: 0 | Pending: 0
  🕐 Outside session (08:34 CT) — no entries
  💰 Daily P&L: $+0.00

[2026-07-10 08:35] O:7597.75 H:7600.75 L:7596.50 C:7598.25 V:3468.0
  📈 Trend: strong_bullish | 🌍 Regime: trending_bullish
  🗺️  Grid: 0.080% | 🔺 7598.75 🔻 7596.50
  📡 RSI: 73.3 | MACD: 2.18 | ATR: 2.64
  📊 Filled: 0 | Pending: 0
  🕐 Outside session (08:35 CT) — no entries
  💰 Daily P&L: $+0.00

[2026-07-10 08:36] O:7598.25 H:7604.50 L:7598.00 C:7602.25 V:3550.0
  📈 Trend: strong_bullish | 🌍 Regime: trending_bullish
  🗺️  Grid: 0.080% | 🔺 7600.75 🔻 7596.50
  📡 RSI: 78.7 | MACD: 2.54 | ATR: 3.04
  📊 Filled: 0 | Pending: 0
  🕐 Outside session (08:36 CT) — no entries
  💰 Daily P&L: $+0.00

[2026-07-10 08:37] O:7602.25 H:7604.25 L:7600.75 C:7601.00 V:2824.0
  📈 Trend: strong_bullish | 🌍 Regime: trending_bullish
  🗺️  Grid: 0.080% | 🔺 7604.50 🔻 7598.00
  📡 RSI: 73.4 | MACD: 2.70 | ATR: 3.18
  📊 Filled: 0 | Pending: 0
  🕐 Outside session (08:37 CT) — no entries
  💰 Daily P&L: $+0.00

[2026-07-10 08:38] O:7601.00 H:7602.50 L:7600.00 C:7601.25 V:2276.0
  📈 Trend: strong_bullish | 🌍 Regime: trending_bullish
  🗺️  Grid: 0.080% | 🔺 7604.25 🔻 7600.75
  📡 RSI: 73.1 | MACD: 2.81 | ATR: 3.30
  📊 Filled: 0 | Pending: 0
  🕐 Outside session (08:38 CT) — no entries
  💰 Daily P&L: $+0.00

[2026-07-10 08:39] O:7601.50 H:7601.50 L:7597.75 C:7597.75 V:2702.0
  📈 Trend: strong_bullish | 🌍 Regime: trending_bullish
  🗺️  Grid: 0.080% | 🔺 7602.50 🔻 7600.00
  📡 RSI: 60.7 | MACD: 2.59 | ATR: 3.43
  📊 Filled: 0 | Pending: 0
  🕐 Outside session (08:39 CT) — no entries
  💰 Daily P&L: $+0.00

[2026-07-10 08:40] O:7598.00 H:7598.50 L:7590.00 C:7590.50 V:6054.0
  📈 Trend: strong_bullish (raw: moderate_bullish) | 🌍 Regime: trending_bullish
  🗺️  Grid: 0.080% | 🔺 7601.50 🔻 7597.75
  📡 RSI: 47.8 | MACD: 1.81 | ATR: 3.88
  📊 Filled: 0 | Pending: 0
  🕐 Outside session (08:40 CT) — no entries
  💰 Daily P&L: $+0.00

[2026-07-10 08:41] O:7590.75 H:7594.75 L:7590.25 C:7591.50 V:4257.0
  📈 Trend: moderate_bullish | 🌍 Regime: trending_bullish
  🗺️  Grid: 0.080% | 🔺 7598.50 🔻 7590.00
  📡 RSI: 51.3 | MACD: 1.25 | ATR: 4.00
  📊 Filled: 0 | Pending: 0
  🕐 Outside session (08:41 CT) — no entries
  💰 Daily P&L: $+0.00

[2026-07-10 08:42] O:7591.75 H:7593.75 L:7590.75 C:7592.75 V:2823.0
  📈 Trend: moderate_bullish (raw: strong_bullish) | 🌍 Regime: trending_bullish
  🗺️  Grid: 0.080% | 🔺 7594.75 🔻 7590.25
  📡 RSI: 53.4 | MACD: 0.90 | ATR: 4.09
  📊 Filled: 0 | Pending: 0
  🕐 Outside session (08:42 CT) — no entries
  💰 Daily P&L: $+0.00

[2026-07-10 08:43] O:7592.50 H:7595.50 L:7590.75 C:7595.50 V:3573.0
  📈 Trend: strong_bullish | 🌍 Regime: trending_bullish
  🗺️  Grid: 0.080% | 🔺 7593.75 🔻 7590.75
  📡 RSI: 55.3 | MACD: 0.84 | ATR: 4.29
  📊 Filled: 0 | Pending: 0
  🕐 Outside session (08:43 CT) — no entries
  💰 Daily P&L: $+0.00

[2026-07-10 08:44] O:7595.50 H:7597.00 L:7593.25 C:7594.25 V:3115.0
  📈 Trend: strong_bullish | 🌍 Regime: trending_bullish
  🗺️  Grid: 0.080% | 🔺 7595.50 🔻 7590.75
  📡 RSI: 45.5 | MACD: 0.68 | ATR: 4.21
  📊 Filled: 0 | Pending: 0
  🕐 Outside session (08:44 CT) — no entries
  💰 Daily P&L: $+0.00

[2026-07-10 08:45] O:7594.50 H:7596.75 L:7592.75 C:7594.25 V:3293.0
  📈 Trend: strong_bullish | 🌍 Regime: trending_bullish
  🗺️  Grid: 0.080% | 🔺 7597.00 🔻 7593.25
  📡 RSI: 44.4 | MACD: 0.55 | ATR: 4.20
  📊 Filled: 0 | Pending: 0
  💰 Daily P&L: $+0.00

[2026-07-10 08:46] O:7594.50 H:7600.25 L:7593.75 C:7599.00 V:3746.0
  📈 Trend: strong_bullish | 🌍 Regime: trending_bullish
  🗺️  Grid: 0.080% | 🔺 7596.75 🔻 7592.75
  📡 RSI: 49.2 | MACD: 0.81 | ATR: 4.34
  📊 Filled: 0 | Pending: 0
  💰 Daily P&L: $+0.00

[2026-07-10 08:47] O:7599.25 H:7600.50 L:7598.00 C:7599.25 V:1796.0
  📈 Trend: strong_bullish | 🌍 Regime: trending_bullish
  🗺️  Grid: 0.080% | 🔺 7600.25 🔻 7593.75
  📡 RSI: 50.9 | MACD: 1.04 | ATR: 4.30
  📊 Filled: 0 | Pending: 0
  💰 Daily P&L: $+0.00

[2026-07-10 08:48] O:7599.25 H:7600.75 L:7598.75 C:7600.75 V:1742.0
  📈 Trend: strong_bullish | 🌍 Regime: trending_bullish
  🗺️  Grid: 0.080% | 🔺 7600.50 🔻 7598.00
  📡 RSI: 55.1 | MACD: 1.32 | ATR: 4.29
  📊 Filled: 0 | Pending: 0
  💰 Daily P&L: $+0.00

[2026-07-10 08:49] O:7600.50 H:7603.50 L:7600.25 C:7602.50 V:2876.0
  📈 Trend: strong_bullish | 🌍 Regime: trending_bullish
  🗺️  Grid: 0.080% | 🔺 7600.75 🔻 7598.75
  📡 RSI: 56.9 | MACD: 1.66 | ATR: 4.21
  📊 Filled: 0 | Pending: 0
  💰 Daily P&L: $+0.00

[2026-07-10 08:50] O:7602.25 H:7602.50 L:7598.75 C:7602.00 V:3268.0
  📈 Trend: strong_bullish | 🌍 Regime: trending_bullish
  🗺️  Grid: 0.080% | 🔺 7603.50 🔻 7600.25
  📡 RSI: 49.5 | MACD: 1.87 | ATR: 4.02
  📊 Filled: 0 | Pending: 0
  💰 Daily P&L: $+0.00

[2026-07-10 08:51] O:7601.75 H:7602.75 L:7599.25 C:7600.00 V:2088.0
  📈 Trend: strong_bullish | 🌍 Regime: trending_bullish
  🗺️  Grid: 0.080% | 🔺 7602.50 🔻 7598.75
  📡 RSI: 48.2 | MACD: 1.86 | ATR: 4.02
  📊 Filled: 0 | Pending: 0
  💰 Daily P&L: $+0.00

[2026-07-10 08:52] O:7599.75 H:7603.75 L:7599.75 C:7603.25 V:2660.0
  📈 Trend: strong_bullish | 🌍 Regime: trending_bullish
  🗺️  Grid: 0.080% | 🔺 7602.75 🔻 7599.25
  📡 RSI: 53.2 | MACD: 2.08 | ATR: 4.12
  📊 Filled: 0 | Pending: 0
  💰 Daily P&L: $+0.00

[2026-07-10 08:53] O:7603.00 H:7604.25 L:7602.50 C:7603.50 V:1967.0
  📈 Trend: strong_bullish | 🌍 Regime: trending_bullish
  🗺️  Grid: 0.080% | 🔺 7603.75 🔻 7599.75
  📡 RSI: 60.4 | MACD: 2.26 | ATR: 3.98
  📊 Filled: 0 | Pending: 0
  💰 Daily P&L: $+0.00

[2026-07-10 08:54] O:7603.75 H:7604.00 L:7601.00 C:7601.25 V:2215.0
  📈 Trend: strong_bullish | 🌍 Regime: trending_bullish
  🗺️  Grid: 0.080% | 🔺 7604.25 🔻 7602.50
  📡 RSI: 73.6 | MACD: 2.19 | ATR: 3.59
  📊 Filled: 0 | Pending: 0
  💰 Daily P&L: $+0.00

[2026-07-10 08:55] O:7601.25 H:7601.50 L:7598.00 C:7599.75 V:3051.0
  📈 Trend: strong_bullish | 🌍 Regime: trending_bullish
  🗺️  Grid: 0.080% | 🔺 7604.00 🔻 7601.00
  📡 RSI: 67.7 | MACD: 1.99 | ATR: 3.52
  📊 Filled: 0 | Pending: 0
  💰 Daily P&L: $+0.00

[2026-07-10 08:56] O:7599.75 H:7602.00 L:7598.75 C:7601.75 V:2631.0
  📈 Trend: strong_bullish | 🌍 Regime: trending_bullish
  🗺️  Grid: 0.080% | 🔺 7601.50 🔻 7598.00
  📡 RSI: 68.8 | MACD: 1.97 | ATR: 3.54
  📊 Filled: 0 | Pending: 0
  💰 Daily P&L: $+0.00

[2026-07-10 08:57] O:7601.75 H:7603.75 L:7600.00 C:7601.75 V:2433.0
  📈 Trend: strong_bullish | 🌍 Regime: trending_bullish
  🗺️  Grid: 0.080% | 🔺 7602.00 🔻 7598.75
  📡 RSI: 64.7 | MACD: 1.93 | ATR: 3.46
  📊 Filled: 0 | Pending: 0
  💰 Daily P&L: $+0.00

[2026-07-10 08:58] O:7601.75 H:7604.50 L:7601.75 C:7603.50 V:2407.0
  📈 Trend: strong_bullish | 🌍 Regime: trending_bullish
  🗺️  Grid: 0.080% | 🔺 7603.75 🔻 7600.00
  📡 RSI: 71.3 | MACD: 2.02 | ATR: 3.39
  📊 Filled: 0 | Pending: 0
  💰 Daily P&L: $+0.00

[2026-07-10 08:59] O:7603.50 H:7604.00 L:7600.50 C:7601.50 V:2263.0
  📈 Trend: strong_bullish | 🌍 Regime: trending_bullish
  🗺️  Grid: 0.080% | 🔺 7604.50 🔻 7601.75
  📡 RSI: 65.3 | MACD: 1.91 | ATR: 3.36
  📊 Filled: 0 | Pending: 0
  💰 Daily P&L: $+0.00

[2026-07-10 09:00] O:7601.50 H:7603.25 L:7600.25 C:7601.00 V:3004.0
  📈 Trend: strong_bullish | 🌍 Regime: trending_bullish
  🗺️  Grid: 0.080% | 🔺 7604.00 🔻 7600.50
  📡 RSI: 55.1 | MACD: 1.76 | ATR: 3.11
  📊 Filled: 0 | Pending: 0
  💰 Daily P&L: $+0.00

[2026-07-10 09:01] O:7601.25 H:7604.50 L:7598.75 C:7604.00 V:3341.0
  📈 Trend: strong_bullish | 🌍 Regime: trending_bullish
  🗺️  Grid: 0.080% | 🔺 7603.25 🔻 7600.25
  📡 RSI: 60.7 | MACD: 1.86 | ATR: 3.34
  📊 Filled: 0 | Pending: 0
  💰 Daily P&L: $+0.00

[2026-07-10 09:02] O:7604.00 H:7605.75 L:7603.00 C:7605.25 V:3267.0
  📈 Trend: strong_bullish | 🌍 Regime: trending_bullish
  🗺️  Grid: 0.080% | 🔺 7604.50 🔻 7598.75
  📡 RSI: 60.2 | MACD: 2.02 | ATR: 3.39
  📊 Filled: 0 | Pending: 0
  💰 Daily P&L: $+0.00

[2026-07-10 09:03] O:7605.50 H:7605.75 L:7603.50 C:7604.75 V:2326.0
  📈 Trend: strong_bullish | 🌍 Regime: trending_bullish
  🗺️  Grid: 0.080% | 🔺 7605.75 🔻 7603.00
  📡 RSI: 55.4 | MACD: 2.08 | ATR: 3.32
  📊 Filled: 0 | Pending: 0
  💰 Daily P&L: $+0.00

[2026-07-10 09:04] O:7605.00 H:7605.00 L:7601.50 C:7603.50 V:1839.0
  📈 Trend: strong_bullish | 🌍 Regime: trending_bullish
  🗺️  Grid: 0.080% | 🔺 7605.75 🔻 7603.50
  📡 RSI: 53.5 | MACD: 2.00 | ATR: 3.30
  📊 Filled: 0 | Pending: 0
  💰 Daily P&L: $+0.00

[2026-07-10 09:05] O:7603.50 H:7604.00 L:7602.00 C:7603.00 V:1484.0
  📈 Trend: strong_bullish | 🌍 Regime: trending_bullish
  🗺️  Grid: 0.080% | 🔺 7605.00 🔻 7601.50
  📡 RSI: 57.5 | MACD: 1.88 | ATR: 3.20
  📊 Filled: 0 | Pending: 0
  💰 Daily P&L: $+0.00

[2026-07-10 09:06] O:7603.00 H:7604.75 L:7600.25 C:7601.00 V:2941.0
  📈 Trend: strong_bullish | 🌍 Regime: trending_bullish
  🗺️  Grid: 0.080% | 🔺 7604.00 🔻 7602.00
  📡 RSI: 44.0 | MACD: 1.60 | ATR: 3.23
  📊 Filled: 0 | Pending: 0
  💰 Daily P&L: $+0.00

[2026-07-10 09:07] O:7601.25 H:7601.25 L:7598.50 C:7599.25 V:3148.0
  📈 Trend: strong_bullish (raw: moderate_bullish) | 🌍 Regime: trending_bullish
  🗺️  Grid: 0.080% | 🔺 7604.75 🔻 7600.25
  📡 RSI: 39.5 | MACD: 1.23 | ATR: 3.30
  📊 Filled: 0 | Pending: 0
  💰 Daily P&L: $+0.00

[2026-07-10 09:08] O:7599.00 H:7600.75 L:7596.75 C:7600.00 V:2781.0
  📈 Trend: moderate_bullish | 🌍 Regime: trending_bullish
  🗺️  Grid: 0.080% | 🔺 7601.25 🔻 7598.50
  📡 RSI: 46.7 | MACD: 0.98 | ATR: 3.38
  📊 Filled: 0 | Pending: 0
  💰 Daily P&L: $+0.00

[2026-07-10 09:09] O:7600.00 H:7603.50 L:7599.75 C:7602.75 V:2857.0
  📈 Trend: moderate_bullish (raw: strong_bullish) | 🌍 Regime: trending_bullish
  🗺️  Grid: 0.080% | 🔺 7600.75 🔻 7596.75
  📡 RSI: 57.5 | MACD: 1.00 | ATR: 3.39
  📊 Filled: 0 | Pending: 0
  💰 Daily P&L: $+0.00

[2026-07-10 09:10] O:7603.00 H:7603.75 L:7600.50 C:7603.25 V:2147.0
  📈 Trend: strong_bullish | 🌍 Regime: trending_bullish
  🗺️  Grid: 0.080% | 🔺 7603.50 🔻 7599.75
  📡 RSI: 54.1 | MACD: 1.04 | ATR: 3.39
  📊 Filled: 0 | Pending: 0
  💰 Daily P&L: $+0.00

[2026-07-10 09:11] O:7603.00 H:7603.00 L:7599.00 C:7600.25 V:1826.0
  📈 Trend: strong_bullish (raw: moderate_bullish) | 🌍 Regime: trending_bullish
  🗺️  Grid: 0.080% | 🔺 7603.75 🔻 7600.50
  📡 RSI: 46.5 | MACD: 0.82 | ATR: 3.43
  📊 Filled: 0 | Pending: 0
  💰 Daily P&L: $+0.00

[2026-07-10 09:12] O:7600.50 H:7602.75 L:7600.25 C:7602.00 V:1335.0
  📈 Trend: moderate_bullish | 🌍 Regime: trending_bullish
  🗺️  Grid: 0.080% | 🔺 7603.00 🔻 7599.00
  📡 RSI: 46.5 | MACD: 0.77 | ATR: 3.41
  📊 Filled: 0 | Pending: 0
  💰 Daily P&L: $+0.00

[2026-07-10 09:13] O:7602.00 H:7602.50 L:7600.25 C:7601.75 V:1422.0
  📈 Trend: moderate_bullish (raw: strong_bullish) | 🌍 Regime: ranging
  🗺️  Grid: 0.080% | 🔺 7602.75 🔻 7600.25
  📡 RSI: 50.6 | MACD: 0.71 | ATR: 3.32
  📊 Filled: 0 | Pending: 0
  🔲 Regime: RANGING | Range pos: 81% | RSI: 50.6
  💰 Daily P&L: $+0.00

[2026-07-10 09:14] O:7601.75 H:7601.75 L:7598.25 C:7599.25 V:1843.0
  📈 Trend: moderate_bullish | 🌍 Regime: ranging
  🗺️  Grid: 0.080% | 🔺 7602.50 🔻 7600.25
  📡 RSI: 46.0 | MACD: 0.46 | ATR: 3.36
  📊 Filled: 0 | Pending: 0
  🔲 Regime: RANGING | Range pos: 70% | RSI: 46.0
  💰 Daily P&L: $+0.00

[2026-07-10 09:15] O:7599.00 H:7599.25 L:7595.25 C:7598.25 V:3963.0
  📈 Trend: moderate_bullish | 🌍 Regime: ranging
  🗺️  Grid: 0.080% | 🔺 7601.75 🔻 7598.25
  📡 RSI: 35.4 | MACD: 0.17 | ATR: 3.23
  📊 Filled: 0 | Pending: 0
  🔲 Regime: RANGING | Range pos: 65% | RSI: 35.4
  💰 Daily P&L: $+0.00

[2026-07-10 09:16] O:7598.50 H:7600.00 L:7597.50 C:7598.75 V:2307.0
  📈 Trend: moderate_bullish | 🌍 Regime: ranging
  🗺️  Grid: 0.080% | 🔺 7599.25 🔻 7595.25
  📡 RSI: 32.9 | MACD: -0.02 | ATR: 3.21
  📊 Filled: 0 | Pending: 0
  🔲 Regime: RANGING | Range pos: 67% | RSI: 32.9
  💰 Daily P&L: $+0.00

[2026-07-10 09:17] O:7598.75 H:7601.75 L:7598.50 C:7600.75 V:2619.0
  📈 Trend: moderate_bullish | 🌍 Regime: ranging
  🗺️  Grid: 0.080% | 🔺 7600.00 🔻 7597.50
  📡 RSI: 40.2 | MACD: -0.00 | ATR: 3.29
  📊 Filled: 0 | Pending: 0
  🔲 Regime: RANGING | Range pos: 77% | RSI: 40.2
  💰 Daily P&L: $+0.00

[2026-07-10 09:18] O:7600.75 H:7601.75 L:7598.00 C:7599.00 V:2266.0
  📈 Trend: moderate_bullish | 🌍 Regime: ranging
  🗺️  Grid: 0.080% | 🔺 7601.75 🔻 7598.50
  📡 RSI: 39.3 | MACD: -0.13 | ATR: 3.30
  📊 Filled: 0 | Pending: 0
  🔲 Regime: RANGING | Range pos: 69% | RSI: 39.3
  💰 Daily P&L: $+0.00

[2026-07-10 09:19] O:7598.75 H:7600.50 L:7595.75 C:7599.00 V:3129.0
  📈 Trend: moderate_bullish | 🌍 Regime: ranging
  🗺️  Grid: 0.080% | 🔺 7601.75 🔻 7598.00
  📡 RSI: 40.2 | MACD: -0.23 | ATR: 3.50
  📊 Filled: 0 | Pending: 0
  🔲 Regime: RANGING | Range pos: 69% | RSI: 40.2
  💰 Daily P&L: $+0.00

[2026-07-10 09:20] O:7599.00 H:7600.25 L:7598.00 C:7599.00 V:2446.0
  📈 Trend: moderate_bullish | 🌍 Regime: ranging
  🗺️  Grid: 0.080% | 🔺 7600.50 🔻 7595.75
  📡 RSI: 44.6 | MACD: -0.30 | ATR: 3.34
  📊 Filled: 0 | Pending: 0
  🔲 Regime: RANGING | Range pos: 69% | RSI: 44.6
  💰 Daily P&L: $+0.00

[2026-07-10 09:21] O:7599.00 H:7599.00 L:7593.00 C:7595.25 V:3417.0
  📈 Trend: moderate_bullish | 🌍 Regime: ranging
  🗺️  Grid: 0.080% | 🔺 7600.25 🔻 7598.00
  📡 RSI: 40.2 | MACD: -0.66 | ATR: 3.57
  📊 Filled: 0 | Pending: 0
  🔲 Regime: RANGING | Range pos: 51% | RSI: 40.2
  💰 Daily P&L: $+0.00

[2026-07-10 09:22] O:7595.00 H:7597.50 L:7594.25 C:7596.75 V:2749.0
  📈 Trend: moderate_bullish | 🌍 Regime: ranging
  🗺️  Grid: 0.080% | 🔺 7599.00 🔻 7593.00
  📡 RSI: 42.4 | MACD: -0.81 | ATR: 3.52
  📊 Filled: 0 | Pending: 0
  🔲 Regime: RANGING | Range pos: 58% | RSI: 42.4
  💰 Daily P&L: $+0.00

[2026-07-10 09:23] O:7596.75 H:7599.50 L:7595.50 C:7599.50 V:1909.0
  📈 Trend: moderate_bullish | 🌍 Regime: ranging
  🗺️  Grid: 0.080% | 🔺 7597.50 🔻 7594.25
  📡 RSI: 42.4 | MACD: -0.70 | ATR: 3.54
  📊 Filled: 0 | Pending: 0
  🔲 Regime: RANGING | Range pos: 71% | RSI: 42.4
  💰 Daily P&L: $+0.00

[2026-07-10 09:24] O:7599.50 H:7600.00 L:7596.50 C:7597.75 V:1897.0
  📈 Trend: moderate_bullish (raw: strong_bearish) | 🌍 Regime: ranging
  🗺️  Grid: 0.080% | 🔺 7599.50 🔻 7595.50
  📡 RSI: 37.8 | MACD: -0.74 | ATR: 3.55
  📊 Filled: 0 | Pending: 0
  🔲 Regime: RANGING | Range pos: 63% | RSI: 37.8
  💰 Daily P&L: $+0.00

[2026-07-10 09:25] O:7597.50 H:7597.50 L:7593.25 C:7595.50 V:2794.0
  📈 Trend: strong_bearish | 🌍 Regime: ranging
  🗺️  Grid: 0.080% | 🔺 7600.00 🔻 7596.50
  📡 RSI: 39.1 | MACD: -0.95 | ATR: 3.57
  📊 Filled: 0 | Pending: 0
  🔲 Regime: RANGING | Range pos: 52% | RSI: 39.1
  💰 Daily P&L: $+0.00

[2026-07-10 09:26] O:7595.50 H:7598.75 L:7594.50 C:7598.50 V:2163.0
  📈 Trend: strong_bearish | 🌍 Regime: ranging
  🗺️  Grid: 0.080% | 🔺 7597.50 🔻 7593.25
  📡 RSI: 42.4 | MACD: -0.86 | ATR: 3.70
  📊 Filled: 0 | Pending: 0
  🔲 Regime: RANGING | Range pos: 66% | RSI: 42.4
  💰 Daily P&L: $+0.00

[2026-07-10 09:27] O:7598.50 H:7601.00 L:7596.50 C:7601.00 V:2071.0
  📈 Trend: strong_bearish (raw: moderate_bullish) | 🌍 Regime: ranging
  🗺️  Grid: 0.080% | 🔺 7598.75 🔻 7594.50
  📡 RSI: 48.5 | MACD: -0.58 | ATR: 3.86
  📊 Filled: 0 | Pending: 0
  🔲 Regime: RANGING | Range pos: 78% | RSI: 48.5
  💰 Daily P&L: $+0.00

[2026-07-10 09:28] O:7601.00 H:7603.75 L:7600.25 C:7603.50 V:3492.0
  📈 Trend: moderate_bullish | 🌍 Regime: ranging
  🗺️  Grid: 0.080% | 🔺 7601.00 🔻 7596.50
  📡 RSI: 58.4 | MACD: -0.16 | ATR: 3.86
  📊 Filled: 0 | Pending: 0
  🔲 Regime: RANGING | Range pos: 90% | RSI: 58.4
  💰 Daily P&L: $+0.00

[2026-07-10 09:29] O:7603.50 H:7603.50 L:7597.50 C:7598.00 V:2637.0
  📈 Trend: moderate_bullish (raw: moderate_bearish) | 🌍 Regime: ranging
  🗺️  Grid: 0.080% | 🔺 7603.75 🔻 7600.25
  📡 RSI: 49.6 | MACD: -0.26 | ATR: 4.00
  📊 Filled: 0 | Pending: 0
  🔲 Regime: RANGING | Range pos: 64% | RSI: 49.6
  💰 Daily P&L: $+0.00

[2026-07-10 09:30] O:7597.75 H:7601.00 L:7597.75 C:7601.00 V:2738.0
  📈 Trend: moderate_bullish | 🌍 Regime: ranging
  🗺️  Grid: 0.080% | 🔺 7603.50 🔻 7597.50
  📡 RSI: 53.5 | MACD: -0.10 | ATR: 4.05
  📊 Filled: 0 | Pending: 0
  🔲 Regime: RANGING | Range pos: 78% | RSI: 53.5
  💰 Daily P&L: $+0.00

[2026-07-10 09:31] O:7601.00 H:7601.00 L:7598.75 C:7600.25 V:1810.0
  📈 Trend: moderate_bullish (raw: moderate_bearish) | 🌍 Regime: ranging
  🗺️  Grid: 0.080% | 🔺 7601.00 🔻 7597.75
  📡 RSI: 49.2 | MACD: -0.04 | ATR: 3.98
  📊 Filled: 0 | Pending: 0
  🔲 Regime: RANGING | Range pos: 74% | RSI: 49.2
  💰 Daily P&L: $+0.00

[2026-07-10 09:32] O:7600.00 H:7602.75 L:7566.25 C:7567.50 V:14782.0
  📈 Trend: moderate_bullish (raw: strong_bearish) | 🌍 Regime: ranging
  🗺️  Grid: 0.100% | 🔺 7601.00 🔻 7598.75
  📡 RSI: 24.6 | MACD: -2.59 | ATR: 6.32
  📊 Filled: 0 | Pending: 0
  🔲 Regime: RANGING | Range pos: 3% | RSI: 24.6
  🚫 Raw trend blocks RANGING LONG | raw: strong_bearish
  💰 Daily P&L: $+0.00

[2026-07-10 09:33] O:7567.50 H:7578.50 L:7552.75 C:7578.50 V:24465.0
  📈 Trend: strong_bearish | 🌍 Regime: ranging
  🗺️  Grid: 0.124% | 🔺 7602.75 🔻 7566.25
  📡 RSI: 36.0 | MACD: -3.69 | ATR: 7.82
  📊 Filled: 0 | Pending: 0
  🔲 Regime: RANGING | Range pos: 49% | RSI: 36.0
  💰 Daily P&L: $+0.00

[2026-07-10 09:34] O:7578.50 H:7586.75 L:7577.00 C:7581.25 V:11504.0
  📈 Trend: strong_bearish | 🌍 Regime: ranging
  🗺️  Grid: 0.132% | 🔺 7578.50 🔻 7552.75
  📡 RSI: 38.3 | MACD: -4.29 | ATR: 8.36
  📊 Filled: 0 | Pending: 0
  🔲 Regime: RANGING | Range pos: 54% | RSI: 38.3
  💰 Daily P&L: $+0.00

[2026-07-10 09:35] O:7581.25 H:7586.25 L:7576.50 C:7576.75 V:7727.0
  📈 Trend: strong_bearish | 🌍 Regime: ranging
  🗺️  Grid: 0.137% | 🔺 7586.75 🔻 7577.00
  📡 RSI: 37.9 | MACD: -5.07 | ATR: 8.62
  📊 Filled: 0 | Pending: 0
  🔲 Regime: RANGING | Range pos: 45% | RSI: 37.9
  💰 Daily P&L: $+0.00

[2026-07-10 09:36] O:7577.00 H:7586.50 L:7576.00 C:7586.00 V:6063.0
  📈 Trend: strong_bearish | 🌍 Regime: ranging
  🗺️  Grid: 0.145% | 🔺 7586.25 🔻 7576.50
  📡 RSI: 43.6 | MACD: -4.89 | ATR: 9.14
  📊 Filled: 0 | Pending: 0
  🔲 Regime: RANGING | Range pos: 63% | RSI: 43.6
  💰 Daily P&L: $+0.00

[2026-07-10 09:37] O:7585.75 H:7591.00 L:7584.00 C:7589.50 V:4491.0
  📈 Trend: strong_bearish | 🌍 Regime: ranging
  🗺️  Grid: 0.148% | 🔺 7586.50 🔻 7576.00
  📡 RSI: 44.1 | MACD: -4.41 | ATR: 9.36
  📊 Filled: 0 | Pending: 0
  🔲 Regime: RANGING | Range pos: 69% | RSI: 44.1
  💰 Daily P&L: $+0.00

[2026-07-10 09:38] O:7589.75 H:7592.75 L:7587.00 C:7591.25 V:3937.0
  📈 Trend: strong_bearish | 🌍 Regime: ranging
  🗺️  Grid: 0.150% | 🔺 7591.00 🔻 7584.00
  📡 RSI: 46.2 | MACD: -3.84 | ATR: 9.52
  📊 Filled: 0 | Pending: 0
  🔲 Regime: RANGING | Range pos: 73% | RSI: 46.2
  💰 Daily P&L: $+0.00

[2026-07-10 09:39] O:7591.25 H:7592.25 L:7586.00 C:7589.25 V:3285.0
  📈 Trend: strong_bearish | 🌍 Regime: ranging
  🗺️  Grid: 0.152% | 🔺 7592.75 🔻 7587.00
  📡 RSI: 46.3 | MACD: -3.51 | ATR: 9.64
  📊 Filled: 0 | Pending: 0
  🔲 Regime: RANGING | Range pos: 69% | RSI: 46.3
  💰 Daily P&L: $+0.00

[2026-07-10 09:40] O:7589.00 H:7590.50 L:7586.75 C:7589.00 V:3465.0
  📈 Trend: strong_bearish (raw: moderate_bearish) | 🌍 Regime: ranging
  🗺️  Grid: 0.152% | 🔺 7592.25 🔻 7586.00
  📡 RSI: 44.2 | MACD: -3.24 | ATR: 9.61
  📊 Filled: 0 | Pending: 0
  🔲 Regime: RANGING | Range pos: 68% | RSI: 44.2
  💰 Daily P&L: $+0.00

[2026-07-10 09:41] O:7588.75 H:7588.75 L:7585.00 C:7585.75 V:3421.0
  📈 Trend: moderate_bearish | 🌍 Regime: ranging
  🗺️  Grid: 0.151% | 🔺 7590.50 🔻 7586.75
  📡 RSI: 40.8 | MACD: -3.24 | ATR: 9.57
  📊 Filled: 0 | Pending: 0
  🔲 Regime: RANGING | Range pos: 62% | RSI: 40.8
  💰 Daily P&L: $+0.00

[2026-07-10 09:42] O:7586.00 H:7591.25 L:7586.00 C:7587.25 V:2850.0
  📈 Trend: moderate_bearish | 🌍 Regime: ranging
  🗺️  Grid: 0.154% | 🔺 7588.75 🔻 7585.00
  📡 RSI: 40.1 | MACD: -3.09 | ATR: 9.71
  📊 Filled: 0 | Pending: 0
  🔲 Regime: RANGING | Range pos: 65% | RSI: 40.1
  💰 Daily P&L: $+0.00

[2026-07-10 09:43] O:7587.50 H:7590.00 L:7587.00 C:7588.25 V:2098.0
  📈 Trend: moderate_bearish | 🌍 Regime: ranging
  🗺️  Grid: 0.150% | 🔺 7591.25 🔻 7586.00
  📡 RSI: 43.7 | MACD: -2.86 | ATR: 9.50
  📊 Filled: 0 | Pending: 0
  🔲 Regime: RANGING | Range pos: 67% | RSI: 43.7
  💰 Daily P&L: $+0.00

[2026-07-10 09:44] O:7588.25 H:7595.00 L:7586.50 C:7593.25 V:3389.0
  📈 Trend: moderate_bearish | 🌍 Regime: ranging
  🗺️  Grid: 0.156% | 🔺 7590.00 🔻 7587.00
  📡 RSI: 45.1 | MACD: -2.24 | ATR: 9.88
  📊 Filled: 0 | Pending: 0
  🔲 Regime: RANGING | Range pos: 76% | RSI: 45.1
  💰 Daily P&L: $+0.00

[2026-07-10 09:45] O:7593.50 H:7595.25 L:7589.75 C:7593.50 V:3218.0
  📈 Trend: moderate_bearish | 🌍 Regime: ranging
  🗺️  Grid: 0.160% | 🔺 7595.00 🔻 7586.50
  📡 RSI: 45.7 | MACD: -1.71 | ATR: 10.11
  📊 Filled: 0 | Pending: 0
  🔲 Regime: RANGING | Range pos: 77% | RSI: 45.7
  💰 Daily P&L: $+0.00

[2026-07-10 09:46] O:7593.50 H:7593.50 L:7590.00 C:7591.25 V:2180.0
  📈 Trend: moderate_bearish | 🌍 Regime: ranging
  🗺️  Grid: 0.123% | 🔺 7595.25 🔻 7589.75
  📡 RSI: 74.6 | MACD: -1.46 | ATR: 7.75
  📊 Filled: 0 | Pending: 0
  🔲 Regime: RANGING | Range pos: 73% | RSI: 74.6
  📤 Limit SELL 5 @ 7591.25 submitted (ID: 534)
  ⬇️ SHORT ORDER @ 7591.25 | Size: 1.00 | SL: 7606.75 | TP: 7568.00 [HIGH VOL ATR:7.75→5cts]
     Reason: Grid Short (sideways, RSI: 74.6)
  🔬 SHADOW [short ranging]: 🟥 ROBUST WOULD BLOCK (1 filter)
       MACD=BLOCK (-1.46 vs -1.71, Δ+0.25) | 5m=N/A (ranging)
     ⏳ Order 534 PENDING - awaiting fill confirmation
  💰 Daily P&L: $+0.00
  📋 Order 534 status: Submitted
  ✅ Fill: SLD 5.0 @ 7591.25
  📋 Order 534 status: Filled
  📤 Stop-Limit BUY 5 @ stop:7606.75 / lmt:7610.75 submitted (ID: 535) [OCA:exit_534_1783694884]
  📋 Order 535 status: PreSubmitted
  📤 Limit BUY 5 @ 7568.00 submitted (ID: 536) [OCA:exit_534_1783694884]
  📋 Order 536 status: PreSubmitted
  ✅ FILL CONFIRMED: SHORT @ 7591.25 (order 534)
     📊 Bracket placed: SL #535 @ 7606.75 | TP #536 @ 7568.00
     Trail activates @ +7.5 pts

[2026-07-10 09:47] O:7591.25 H:7592.75 L:7590.00 C:7591.00 V:1758.0
  📈 Trend: moderate_bearish | 🌍 Regime: ranging
  🗺️  Grid: 0.097% | 🔺 7593.50 🔻 7590.00
  📡 RSI: 66.7 | MACD: -1.27 | ATR: 6.11
  📊 Filled: 1 | Pending: 0
  📍 SHORT @ 7591.25 | SL: 7606.75 | TP: 7568.00 | P&L: $+62.50 | +7.5 to trail
  💰 Daily P&L: $+0.00
  📋 Order 536 status: Submitted

[2026-07-10 09:48] O:7590.75 H:7592.50 L:7588.00 C:7589.75 V:2638.0
  📈 Trend: moderate_bearish | 🌍 Regime: ranging
  🗺️  Grid: 0.091% | 🔺 7592.75 🔻 7590.00
  📡 RSI: 61.8 | MACD: -1.20 | ATR: 5.73
  📊 Filled: 1 | Pending: 0
  📍 SHORT @ 7591.25 | SL: 7606.75 | TP: 7568.00 | P&L: $+375.00 | +6.2 to trail
  💰 Daily P&L: $+0.00

[2026-07-10 09:49] O:7589.75 H:7596.75 L:7589.50 C:7596.00 V:3245.0
  📈 Trend: moderate_bearish | 🌍 Regime: trending_bearish
  🗺️  Grid: 0.088% | 🔺 7592.50 🔻 7588.00
  📡 RSI: 75.5 | MACD: -0.63 | ATR: 5.55
  📊 Filled: 1 | Pending: 0
  📍 SHORT @ 7591.25 | SL: 7606.75 | TP: 7568.00 | P&L: $-1,187.50 | +4.2 to trail
  💰 Daily P&L: $+0.00

[2026-07-10 09:50] O:7596.00 H:7598.25 L:7593.50 C:7594.00 V:3035.0
  📈 Trend: moderate_bearish | 🌍 Regime: trending_bearish
  🗺️  Grid: 0.081% | 🔺 7596.75 🔻 7589.50
  📡 RSI: 63.1 | MACD: -0.34 | ATR: 5.14
  📊 Filled: 1 | Pending: 0
  📍 SHORT @ 7591.25 | SL: 7606.75 | TP: 7568.00 | P&L: $-687.50 | +4.2 to trail
  💰 Daily P&L: $+0.00

[2026-07-10 09:51] O:7594.00 H:7596.75 L:7592.50 C:7595.25 V:2099.0
  📈 Trend: moderate_bearish (raw: moderate_bullish) | 🌍 Regime: trending_bullish
  🗺️  Grid: 0.080% | 🔺 7598.25 🔻 7593.50
  📡 RSI: 60.2 | MACD: -0.01 | ATR: 4.95
  📊 Filled: 1 | Pending: 0
  📍 SHORT @ 7591.25 | SL: 7606.75 | TP: 7568.00 | P&L: $-1,000.00 | +4.2 to trail
  💰 Daily P&L: $+0.00
  📋 Order 536 status: PreSubmitted
  📋 Order 536 status: Submitted

[2026-07-10 09:52] O:7595.25 H:7597.25 L:7593.50 C:7594.50 V:2255.0
  📈 Trend: moderate_bearish (raw: strong_bullish) | 🌍 Regime: trending_bullish
  🗺️  Grid: 0.080% | 🔺 7596.75 🔻 7592.50
  📡 RSI: 56.0 | MACD: 0.19 | ATR: 4.80
  📊 Filled: 1 | Pending: 0
  📍 SHORT @ 7591.25 | SL: 7606.75 | TP: 7568.00 | P&L: $-812.50 | +4.2 to trail
  💰 Daily P&L: $+0.00

[2026-07-10 09:53] O:7594.50 H:7595.50 L:7591.75 C:7594.25 V:2089.0
  📈 Trend: strong_bullish | 🌍 Regime: trending_bullish
  🗺️  Grid: 0.080% | 🔺 7597.25 🔻 7593.50
  📡 RSI: 59.8 | MACD: 0.32 | ATR: 4.62
  📊 Filled: 1 | Pending: 0
  📍 SHORT @ 7591.25 | SL: 7606.75 | TP: 7568.00 | P&L: $-750.00 | +4.2 to trail
  💰 Daily P&L: $+0.00

[2026-07-10 09:54] O:7594.50 H:7594.75 L:7591.25 C:7591.75 V:1652.0
  📈 Trend: strong_bullish | 🌍 Regime: trending_bullish
  🗺️  Grid: 0.080% | 🔺 7595.50 🔻 7591.75
  📡 RSI: 55.0 | MACD: 0.23 | ATR: 4.61
  📊 Filled: 1 | Pending: 0
  📍 SHORT @ 7591.25 | SL: 7606.75 | TP: 7568.00 | P&L: $-125.00 | +4.2 to trail
  💰 Daily P&L: $+0.00

[2026-07-10 09:55] O:7591.75 H:7592.50 L:7586.50 C:7586.75 V:3935.0
  📈 Trend: strong_bullish (raw: moderate_bullish) | 🌍 Regime: ranging
  🗺️  Grid: 0.080% | 🔺 7594.75 🔻 7591.25
  📡 RSI: 51.7 | MACD: -0.25 | ATR: 4.75
  📊 Filled: 1 | Pending: 0
  📍 SHORT @ 7591.25 | SL: 7606.75 | TP: 7568.00 | P&L: $+1,125.00 | +4.2 to trail
  💰 Daily P&L: $+0.00

[2026-07-10 09:56] O:7586.75 H:7587.00 L:7583.00 C:7585.00 V:4241.0
  📈 Trend: strong_bullish (raw: strong_bearish) | 🌍 Regime: ranging
  🗺️  Grid: 0.080% | 🔺 7592.50 🔻 7586.50
  📡 RSI: 46.2 | MACD: -0.76 | ATR: 4.64
  📊 Filled: 1 | Pending: 0
  📍 SHORT @ 7591.25 | SL: 7606.75 | TP: 7568.00 | P&L: $+1,562.50 | +2.8 to trail
  ✏️ Stop order 535 modified → 7584.50 [confirmed]
  🔄 TRAILING ACTIVATED @ +8.25pts | Stop: 7606.75 → 7584.50
  💰 Daily P&L: $+0.00
  📋 Order 536 status: PreSubmitted
  📋 Order 536 status: PendingCancel
  ✅ Fill: BOT 5.0 @ 7585.5
  📋 Order 535 status: Filled
  📋 Order 536 status: Cancelled

[2026-07-10 09:57] O:7585.00 H:7589.00 L:7584.25 C:7588.25 V:3869.0
  📈 Trend: strong_bearish | 🌍 Regime: ranging
  🗺️  Grid: 0.080% | 🔺 7587.00 🔻 7583.00
  📡 RSI: 50.0 | MACD: -0.90 | ATR: 4.77
  📊 Filled: 1 | Pending: 0
  📍 SHORT @ 7591.25 | Trail: 7584.50 | TP: 7568.00 | P&L: $+750.00 | 🔒 Trailing
  ✅ EXIT SHORT @ 7585.50 | Trailing Stop
     P&L: +5.75 pts ($+1,437.50) | Daily: $+1,437.50
  ⏸️ Cooldown: 2 bar(s) remaining after exit
  💰 Daily P&L: $+1,437.50

[2026-07-10 09:58] O:7588.25 H:7588.75 L:7583.50 C:7584.50 V:2709.0
  📈 Trend: strong_bearish | 🌍 Regime: ranging
  🗺️  Grid: 0.080% | 🔺 7589.00 🔻 7584.25
  📡 RSI: 35.8 | MACD: -1.29 | ATR: 4.54
  📊 Filled: 0 | Pending: 0
  ⏸️ Cooldown: 1 bar(s) remaining after exit
  💰 Daily P&L: $+1,437.50

[2026-07-10 09:59] O:7584.25 H:7585.50 L:7583.00 C:7584.25 V:2252.0
  📈 Trend: strong_bearish | 🌍 Regime: ranging
  🗺️  Grid: 0.080% | 🔺 7588.75 🔻 7583.50
  📡 RSI: 35.0 | MACD: -1.60 | ATR: 4.32
  📊 Filled: 0 | Pending: 0
  🔲 Regime: RANGING | Range pos: 59% | RSI: 35.0
  💰 Daily P&L: $+1,437.50
→ Real-time bars cancelled
✓ Disconnected from IBKR
