2026-07-22 10:24:07 | ERROR    | Error 10147, reqId 554: OrderId 554 that needs to be cancelled is not found.
Logging to: es_bot_20260722_095105.log

============================================================
📈 MODE: SCALP
   • 10 contract(s) max
   • Grid entries only
   • Trailing stop enabled
   • SL: ~8 pts | TP: ~12 pts | Trail activates: +6 pts
   • Best for: Normal sessions, choppy/ranging opens
============================================================
✓ Connected to IBKR (paper) - clientId=10
✓ Front-month contract: ESU6 expiry=20260918

============================================================
Loading historical data for indicator warm-up...
============================================================
→ Fetching historical bars (1 D, 1 min)...
✓ Loaded 951 historical bars

Processing 951 historical bars...

Indicators ready!
  Bars loaded: 951
  Last price: 7536.25
  Trend: strong_bullish
  RSI: 53.6
  ATR: 3.32
  MACD: 3.26 / Signal: 3.54
  MA: 7536.39 / 7527.53 / 7523.53

------------------------------------------------------------
Account Value: $1,020,943.55
Buying Power: $4,058,243.90
Current Position: 0 contracts
------------------------------------------------------------

============================================================
Starting live 1-minute bar stream...
Strategy is now ACTIVE (SCALP mode)
============================================================

→ Subscribed to 5-second real-time bars (aggregating to 1 min)

[2026-07-22 08:51] O:7536.50 H:7539.75 L:7535.50 C:7537.25 V:3252.0
  📈 Trend: sideways (raw: strong_bullish) | 🌍 Regime: trending_bullish
  🗺️  Grid: 0.080% | 🔺 7540.00 🔻 7536.25
  📡 RSI: 52.3 | MACD: 3.01 | ATR: 3.43
  📊 Filled: 0 | Pending: 0
  💰 Daily P&L: $+0.00

[2026-07-22 08:52] O:7537.00 H:7542.25 L:7537.00 C:7540.50 V:4730.0
  📈 Trend: strong_bullish | 🌍 Regime: trending_bullish
  🗺️  Grid: 0.080% | 🔺 7539.75 🔻 7535.50
  📡 RSI: 63.3 | MACD: 3.04 | ATR: 3.57
  📊 Filled: 0 | Pending: 0
  💰 Daily P&L: $+0.00

[2026-07-22 08:53] O:7540.25 H:7541.75 L:7539.50 C:7541.00 V:2381.0
  📈 Trend: strong_bullish | 🌍 Regime: trending_bullish
  🗺️  Grid: 0.080% | 🔺 7542.25 🔻 7537.00
  📡 RSI: 60.4 | MACD: 3.07 | ATR: 3.41
  📊 Filled: 0 | Pending: 0
  💰 Daily P&L: $+0.00

[2026-07-22 08:54] O:7541.25 H:7543.50 L:7541.00 C:7543.25 V:2574.0
  📈 Trend: strong_bullish | 🌍 Regime: trending_bullish
  🗺️  Grid: 0.080% | 🔺 7541.75 🔻 7539.50
  📡 RSI: 69.3 | MACD: 3.23 | ATR: 3.36
  📊 Filled: 0 | Pending: 0
  💰 Daily P&L: $+0.00

[2026-07-22 08:55] O:7543.25 H:7544.00 L:7542.00 C:7543.75 V:2667.0
  📈 Trend: strong_bullish | 🌍 Regime: trending_bullish
  🗺️  Grid: 0.080% | 🔺 7543.50 🔻 7541.00
  📡 RSI: 68.7 | MACD: 3.37 | ATR: 3.27
  📊 Filled: 0 | Pending: 0
  💰 Daily P&L: $+0.00

[2026-07-22 08:56] O:7543.50 H:7546.50 L:7542.50 C:7546.25 V:3960.0
  📈 Trend: strong_bullish | 🌍 Regime: trending_bullish
  🗺️  Grid: 0.080% | 🔺 7544.00 🔻 7542.00
  📡 RSI: 74.3 | MACD: 3.63 | ATR: 3.30
  📊 Filled: 0 | Pending: 0
  💰 Daily P&L: $+0.00

[2026-07-22 08:57] O:7546.00 H:7549.00 L:7545.00 C:7548.25 V:5412.0
  📈 Trend: strong_bullish | 🌍 Regime: trending_bullish
  🗺️  Grid: 0.080% | 🔺 7546.50 🔻 7542.50
  📡 RSI: 72.4 | MACD: 3.96 | ATR: 3.30
  📊 Filled: 0 | Pending: 0
  💰 Daily P&L: $+0.00

[2026-07-22 08:58] O:7548.25 H:7548.50 L:7546.25 C:7547.25 V:3065.0
  📈 Trend: strong_bullish | 🌍 Regime: trending_bullish
  🗺️  Grid: 0.080% | 🔺 7549.00 🔻 7545.00
  📡 RSI: 69.3 | MACD: 4.09 | ATR: 3.25
  📊 Filled: 0 | Pending: 0
  💰 Daily P&L: $+0.00

[2026-07-22 08:59] O:7547.25 H:7550.00 L:7546.50 C:7549.75 V:3104.0
  📈 Trend: strong_bullish | 🌍 Regime: trending_bullish
  🗺️  Grid: 0.080% | 🔺 7548.50 🔻 7546.25
  📡 RSI: 68.0 | MACD: 4.34 | ATR: 3.16
  📊 Filled: 0 | Pending: 0
  💰 Daily P&L: $+0.00

[2026-07-22 09:00] O:7550.00 H:7551.75 L:7547.00 C:7550.75 V:5515.0
  📈 Trend: strong_bullish | 🌍 Regime: trending_bullish
  🗺️  Grid: 0.080% | 🔺 7550.00 🔻 7546.50
  📡 RSI: 69.0 | MACD: 4.57 | ATR: 3.36
  📊 Filled: 0 | Pending: 0
  💰 Daily P&L: $+0.00

[2026-07-22 09:01] O:7550.50 H:7551.00 L:7548.75 C:7550.25 V:3048.0
  📈 Trend: strong_bullish | 🌍 Regime: trending_bullish
  🗺️  Grid: 0.080% | 🔺 7551.75 🔻 7547.00
  📡 RSI: 75.0 | MACD: 4.66 | ATR: 3.32
  📊 Filled: 0 | Pending: 0
  💰 Daily P&L: $+0.00

[2026-07-22 09:02] O:7550.25 H:7550.75 L:7548.25 C:7550.50 V:2711.0
  📈 Trend: strong_bullish | 🌍 Regime: trending_bullish
  🗺️  Grid: 0.080% | 🔺 7551.00 🔻 7548.75
  📡 RSI: 73.3 | MACD: 4.70 | ATR: 3.29
  📊 Filled: 0 | Pending: 0
  💰 Daily P&L: $+0.00

[2026-07-22 09:03] O:7550.50 H:7552.00 L:7548.25 C:7549.25 V:3630.0
  📈 Trend: strong_bullish | 🌍 Regime: trending_bullish
  🗺️  Grid: 0.080% | 🔺 7550.75 🔻 7548.25
  📡 RSI: 73.3 | MACD: 4.57 | ATR: 3.36
  📊 Filled: 0 | Pending: 0
  💰 Daily P&L: $+0.00

[2026-07-22 09:04] O:7549.25 H:7552.00 L:7549.00 C:7552.00 V:2168.0
  📈 Trend: strong_bullish | 🌍 Regime: trending_bullish
  🗺️  Grid: 0.080% | 🔺 7552.00 🔻 7548.25
  📡 RSI: 87.1 | MACD: 4.64 | ATR: 3.30
  📊 Filled: 0 | Pending: 0
  💰 Daily P&L: $+0.00

[2026-07-22 09:05] O:7552.00 H:7556.25 L:7551.50 C:7556.00 V:4937.0
  📈 Trend: strong_bullish | 🌍 Regime: trending_bullish
  🗺️  Grid: 0.080% | 🔺 7552.00 🔻 7549.00
  📡 RSI: 88.7 | MACD: 4.96 | ATR: 3.34
  📊 Filled: 0 | Pending: 0
  💰 Daily P&L: $+0.00

[2026-07-22 09:06] O:7556.00 H:7556.25 L:7553.25 C:7553.50 V:2871.0
  📈 Trend: strong_bullish | 🌍 Regime: trending_bullish
  🗺️  Grid: 0.080% | 🔺 7556.25 🔻 7551.50
  📡 RSI: 77.7 | MACD: 4.96 | ATR: 3.18
  📊 Filled: 0 | Pending: 0
  💰 Daily P&L: $+0.00

[2026-07-22 09:07] O:7553.50 H:7554.25 L:7550.00 C:7550.50 V:3718.0
  📈 Trend: strong_bullish | 🌍 Regime: trending_bullish
  🗺️  Grid: 0.080% | 🔺 7556.25 🔻 7553.25
  📡 RSI: 68.3 | MACD: 4.66 | ATR: 3.32
  📊 Filled: 0 | Pending: 0
  💰 Daily P&L: $+0.00

[2026-07-22 09:08] O:7550.50 H:7550.50 L:7548.00 C:7548.50 V:2634.0
  📈 Trend: strong_bullish | 🌍 Regime: trending_bullish
  🗺️  Grid: 0.080% | 🔺 7554.25 🔻 7550.00
  📡 RSI: 60.2 | MACD: 4.21 | ATR: 3.32
  📊 Filled: 0 | Pending: 0
  💰 Daily P&L: $+0.00

[2026-07-22 09:09] O:7548.50 H:7549.50 L:7547.50 C:7547.75 V:2059.0
  📈 Trend: strong_bullish | 🌍 Regime: trending_bullish
  🗺️  Grid: 0.080% | 🔺 7550.50 🔻 7548.00
  📡 RSI: 57.7 | MACD: 3.75 | ATR: 3.32
  📊 Filled: 0 | Pending: 0
  💰 Daily P&L: $+0.00

[2026-07-22 09:10] O:7548.00 H:7549.25 L:7546.50 C:7548.50 V:2603.0
  📈 Trend: strong_bullish | 🌍 Regime: trending_bullish
  🗺️  Grid: 0.080% | 🔺 7549.50 🔻 7547.50
  📡 RSI: 54.6 | MACD: 3.41 | ATR: 3.23
  📊 Filled: 0 | Pending: 0
  💰 Daily P&L: $+0.00

[2026-07-22 09:11] O:7548.75 H:7550.25 L:7548.50 C:7548.75 V:1935.0
  📈 Trend: strong_bullish | 🌍 Regime: trending_bullish
  🗺️  Grid: 0.080% | 🔺 7549.25 🔻 7546.50
  📡 RSI: 51.1 | MACD: 3.12 | ATR: 3.07
  📊 Filled: 0 | Pending: 0
  💰 Daily P&L: $+0.00

[2026-07-22 09:12] O:7548.75 H:7549.75 L:7547.75 C:7548.00 V:2031.0
  📈 Trend: strong_bullish | 🌍 Regime: trending_bullish
  🗺️  Grid: 0.080% | 🔺 7550.25 🔻 7548.50
  📡 RSI: 51.7 | MACD: 2.80 | ATR: 3.05
  📊 Filled: 0 | Pending: 0
  💰 Daily P&L: $+0.00

[2026-07-22 09:13] O:7548.00 H:7548.25 L:7544.25 C:7544.50 V:2824.0
  📈 Trend: strong_bullish | 🌍 Regime: trending_bullish
  🗺️  Grid: 0.080% | 🔺 7549.75 🔻 7547.75
  📡 RSI: 38.7 | MACD: 2.24 | ATR: 3.09
  📊 Filled: 0 | Pending: 0
  💰 Daily P&L: $+0.00

[2026-07-22 09:14] O:7544.75 H:7545.75 L:7543.25 C:7544.50 V:2887.0
  📈 Trend: strong_bullish | 🌍 Regime: trending_bullish
