Logging to: es_bot_20260721_100006.log

============================================================
📈 MODE: SCALP
   • 10 contract(s) max
   • Grid entries only
   • Trailing stop enabled
   • SL: ~8 pts | TP: ~12 pts | Trail activates: +6 pts
   • Best for: Normal sessions, choppy/ranging opens
============================================================
✓ Connected to IBKR (paper) - clientId=10
✓ Front-month contract: ESU6 expiry=20260918

============================================================
Loading historical data for indicator warm-up...
============================================================
→ Fetching historical bars (1 D, 1 min)...
✓ Loaded 961 historical bars

Processing 961 historical bars...

Indicators ready!
  Bars loaded: 961
  Last price: 7517.00
  Trend: moderate_bullish
  RSI: 65.8
  ATR: 4.52
  MACD: 0.02 / Signal: -0.86
  MA: 7510.71 / 7514.74 / 7515.78

------------------------------------------------------------
Account Value: $1,020,537.71
Buying Power: $4,056,694.40
Current Position: 0 contracts
------------------------------------------------------------

============================================================
Starting live 1-minute bar stream...
Strategy is now ACTIVE (SCALP mode)
============================================================

→ Subscribed to 5-second real-time bars (aggregating to 1 min)

[2026-07-21 09:00] O:7516.75 H:7521.75 L:7516.50 C:7518.75 V:4943.0
  📈 Trend: sideways (raw: moderate_bullish) | 🌍 Regime: trending_bullish
  🗺️  Grid: 0.080% | 🔺 7517.25 🔻 7516.00
  📡 RSI: 68.9 | MACD: 0.48 | ATR: 4.59
  📊 Filled: 0 | Pending: 0
  💰 Daily P&L: $+0.00

[2026-07-21 09:01] O:7519.00 H:7520.25 L:7516.50 C:7517.75 V:3843.0
  📈 Trend: moderate_bullish | 🌍 Regime: trending_bullish
  🗺️  Grid: 0.080% | 🔺 7521.75 🔻 7516.50
  📡 RSI: 61.5 | MACD: 0.76 | ATR: 4.50
  📊 Filled: 0 | Pending: 0
  💰 Daily P&L: $+0.00

[2026-07-21 09:02] O:7517.75 H:7518.75 L:7516.00 C:7516.50 V:3589.0
  📈 Trend: moderate_bullish | 🌍 Regime: trending_bullish
  🗺️  Grid: 0.080% | 🔺 7520.25 🔻 7516.50
  📡 RSI: 57.3 | MACD: 0.87 | ATR: 4.46
  📊 Filled: 0 | Pending: 0
  💰 Daily P&L: $+0.00

[2026-07-21 09:03] O:7516.50 H:7518.25 L:7512.50 C:7517.00 V:5302.0
  📈 Trend: moderate_bullish | 🌍 Regime: trending_bullish
  🗺️  Grid: 0.080% | 🔺 7518.75 🔻 7516.00
  📡 RSI: 59.1 | MACD: 0.98 | ATR: 4.45
  📊 Filled: 0 | Pending: 0
  💰 Daily P&L: $+0.00

[2026-07-21 09:04] O:7516.75 H:7517.75 L:7515.25 C:7517.25 V:3019.0
  📈 Trend: moderate_bullish | 🌍 Regime: trending_bullish
  🗺️  Grid: 0.080% | 🔺 7518.25 🔻 7512.50
  📡 RSI: 71.7 | MACD: 1.08 | ATR: 4.20
  📊 Filled: 0 | Pending: 0
  💰 Daily P&L: $+0.00

[2026-07-21 09:05] O:7517.25 H:7518.00 L:7513.00 C:7516.25 V:3042.0
  📈 Trend: moderate_bullish | 🌍 Regime: trending_bullish
  🗺️  Grid: 0.080% | 🔺 7517.75 🔻 7515.25
  📡 RSI: 63.9 | MACD: 1.07 | ATR: 4.12
  📊 Filled: 0 | Pending: 0
  💰 Daily P&L: $+0.00

[2026-07-21 09:06] O:7516.25 H:7520.50 L:7515.25 C:7520.00 V:3301.0
  📈 Trend: moderate_bullish | 🌍 Regime: trending_bullish
  🗺️  Grid: 0.080% | 🔺 7518.00 🔻 7513.00
  📡 RSI: 64.3 | MACD: 1.34 | ATR: 4.12
  📊 Filled: 0 | Pending: 0
  💰 Daily P&L: $+0.00

[2026-07-21 09:07] O:7520.25 H:7520.25 L:7515.00 C:7516.25 V:2359.0
  📈 Trend: moderate_bullish | 🌍 Regime: trending_bullish
  🗺️  Grid: 0.080% | 🔺 7520.50 🔻 7515.25
  📡 RSI: 56.2 | MACD: 1.24 | ATR: 4.18
  📊 Filled: 0 | Pending: 0
  💰 Daily P&L: $+0.00

[2026-07-21 09:08] O:7516.00 H:7519.00 L:7514.50 C:7517.25 V:2602.0
  📈 Trend: moderate_bullish | 🌍 Regime: trending_bullish
  🗺️  Grid: 0.080% | 🔺 7520.25 🔻 7515.00
  📡 RSI: 62.4 | MACD: 1.23 | ATR: 4.07
  📊 Filled: 0 | Pending: 0
  💰 Daily P&L: $+0.00

[2026-07-21 09:09] O:7517.25 H:7518.75 L:7513.75 C:7514.75 V:2445.0
  📈 Trend: moderate_bullish | 🌍 Regime: trending_bullish
  🗺️  Grid: 0.080% | 🔺 7519.00 🔻 7514.50
  📡 RSI: 58.0 | MACD: 1.01 | ATR: 4.23
  📊 Filled: 0 | Pending: 0
  💰 Daily P&L: $+0.00

[2026-07-21 09:10] O:7514.75 H:7516.00 L:7512.50 C:7514.75 V:2821.0
  📈 Trend: moderate_bullish | 🌍 Regime: trending_bullish
  🗺️  Grid: 0.080% | 🔺 7518.75 🔻 7513.75
  📡 RSI: 55.3 | MACD: 0.82 | ATR: 4.23
  📊 Filled: 0 | Pending: 0
  💰 Daily P&L: $+0.00

[2026-07-21 09:11] O:7515.00 H:7516.00 L:7512.75 C:7514.25 V:1960.0
  📈 Trend: moderate_bullish | 🌍 Regime: trending_bullish
  🗺️  Grid: 0.080% | 🔺 7516.00 🔻 7512.50
  📡 RSI: 56.5 | MACD: 0.63 | ATR: 4.23
  📊 Filled: 0 | Pending: 0
  💰 Daily P&L: $+0.00

[2026-07-21 09:12] O:7514.50 H:7517.00 L:7514.25 C:7514.75 V:1858.0
  📈 Trend: moderate_bullish | 🌍 Regime: trending_bullish
  🗺️  Grid: 0.080% | 🔺 7516.00 🔻 7512.75
  📡 RSI: 45.2 | MACD: 0.51 | ATR: 3.98
  📊 Filled: 0 | Pending: 0
  💰 Daily P&L: $+0.00

[2026-07-21 09:13] O:7514.75 H:7518.75 L:7514.50 C:7518.50 V:2066.0
  📈 Trend: moderate_bullish | 🌍 Regime: trending_bullish
  🗺️  Grid: 0.080% | 🔺 7517.00 🔻 7514.25
  📡 RSI: 53.5 | MACD: 0.71 | ATR: 4.20
  📊 Filled: 0 | Pending: 0
  💰 Daily P&L: $+0.00

[2026-07-21 09:14] O:7518.50 H:7521.75 L:7518.00 C:7520.50 V:3541.0
  📈 Trend: moderate_bullish (raw: strong_bullish) | 🌍 Regime: trending_bullish
  🗺️  Grid: 0.080% | 🔺 7518.75 🔻 7514.50
  📡 RSI: 54.0 | MACD: 1.01 | ATR: 4.09
  📊 Filled: 0 | Pending: 0
  💰 Daily P&L: $+0.00

[2026-07-21 09:15] O:7520.50 H:7520.50 L:7512.25 C:7513.75 V:4288.0
  📈 Trend: moderate_bullish | 🌍 Regime: trending_bullish
  🗺️  Grid: 0.080% | 🔺 7521.75 🔻 7518.00
  📡 RSI: 42.7 | MACD: 0.71 | ATR: 4.41
  📊 Filled: 0 | Pending: 0
  💰 Daily P&L: $+0.00

[2026-07-21 09:16] O:7513.75 H:7514.00 L:7510.75 C:7512.75 V:3015.0
  📈 Trend: moderate_bullish | 🌍 Regime: trending_bullish
  🗺️  Grid: 0.080% | 🔺 7520.50 🔻 7512.25
  📡 RSI: 43.1 | MACD: 0.38 | ATR: 4.45
  📊 Filled: 0 | Pending: 0
  💰 Daily P&L: $+0.00

[2026-07-21 09:17] O:7512.75 H:7517.25 L:7512.25 C:7517.00 V:2490.0
  📈 Trend: moderate_bullish | 🌍 Regime: trending_bullish
  🗺️  Grid: 0.080% | 🔺 7514.00 🔻 7510.75
  📡 RSI: 50.0 | MACD: 0.45 | ATR: 4.39
  📊 Filled: 0 | Pending: 0
  💰 Daily P&L: $+0.00

[2026-07-21 09:18] O:7517.00 H:7525.25 L:7516.75 C:7523.25 V:5340.0
  📈 Trend: moderate_bullish (raw: strong_bullish) | 🌍 Regime: trending_bullish
  🗺️  Grid: 0.080% | 🔺 7517.25 🔻 7512.25
  📡 RSI: 58.1 | MACD: 1.01 | ATR: 4.82
  📊 Filled: 0 | Pending: 0
  💰 Daily P&L: $+0.00

[2026-07-21 09:19] O:7523.25 H:7523.75 L:7522.00 C:7523.50 V:2885.0
  📈 Trend: strong_bullish | 🌍 Regime: trending_bullish
  🗺️  Grid: 0.080% | 🔺 7525.25 🔻 7516.75
  📡 RSI: 60.0 | MACD: 1.45 | ATR: 4.59
  📊 Filled: 0 | Pending: 0
  💰 Daily P&L: $+0.00

[2026-07-21 09:20] O:7523.50 H:7525.50 L:7521.00 C:7521.25 V:3822.0
  📈 Trend: strong_bullish | 🌍 Regime: trending_bullish
  🗺️  Grid: 0.080% | 🔺 7523.75 🔻 7522.00
  📡 RSI: 51.8 | MACD: 1.60 | ATR: 4.54
  📊 Filled: 0 | Pending: 0
  💰 Daily P&L: $+0.00

[2026-07-21 09:21] O:7521.50 H:7522.75 L:7517.75 C:7518.25 V:5222.0
  📈 Trend: strong_bullish | 🌍 Regime: trending_bullish
  🗺️  Grid: 0.080% | 🔺 7525.50 🔻 7521.00
  📡 RSI: 52.9 | MACD: 1.46 | ATR: 4.52
  📊 Filled: 0 | Pending: 0
  💰 Daily P&L: $+0.00

[2026-07-21 09:22] O:7518.50 H:7523.00 L:7518.25 C:7522.00 V:2753.0
  📈 Trend: strong_bullish | 🌍 Regime: trending_bullish
  🗺️  Grid: 0.080% | 🔺 7522.75 🔻 7517.75
  📡 RSI: 56.5 | MACD: 1.63 | ATR: 4.54
  📊 Filled: 0 | Pending: 0
  💰 Daily P&L: $+0.00

[2026-07-21 09:23] O:7522.00 H:7524.00 L:7521.00 C:7523.25 V:2036.0
  📈 Trend: strong_bullish | 🌍 Regime: trending_bullish
  🗺️  Grid: 0.080% | 🔺 7523.00 🔻 7518.25
  📡 RSI: 62.0 | MACD: 1.85 | ATR: 4.39
  📊 Filled: 0 | Pending: 0
  💰 Daily P&L: $+0.00

[2026-07-21 09:24] O:7523.50 H:7524.25 L:7521.75 C:7523.00 V:1923.0
  📈 Trend: strong_bullish | 🌍 Regime: trending_bullish
  🗺️  Grid: 0.080% | 🔺 7524.00 🔻 7521.00
  📡 RSI: 61.5 | MACD: 1.98 | ATR: 4.32
  📊 Filled: 0 | Pending: 0
  💰 Daily P&L: $+0.00

[2026-07-21 09:25] O:7522.75 H:7528.50 L:7522.25 C:7526.75 V:4207.0
  📈 Trend: strong_bullish | 🌍 Regime: trending_bullish
  🗺️  Grid: 0.080% | 🔺 7524.25 🔻 7521.75
  📡 RSI: 66.0 | MACD: 2.35 | ATR: 4.54
  📊 Filled: 0 | Pending: 0
  💰 Daily P&L: $+0.00

[2026-07-21 09:26] O:7526.75 H:7528.25 L:7525.25 C:7527.75 V:2786.0
  📈 Trend: strong_bullish | 🌍 Regime: trending_bullish
  🗺️  Grid: 0.080% | 🔺 7528.50 🔻 7522.25
  📡 RSI: 66.5 | MACD: 2.70 | ATR: 4.55
  📊 Filled: 0 | Pending: 0
  💰 Daily P&L: $+0.00

[2026-07-21 09:27] O:7527.75 H:7531.50 L:7527.00 C:7530.75 V:4630.0
  📈 Trend: strong_bullish | 🌍 Regime: trending_bullish
  🗺️  Grid: 0.080% | 🔺 7528.25 🔻 7525.25
  📡 RSI: 65.8 | MACD: 3.18 | ATR: 4.57
  📊 Filled: 0 | Pending: 0
  💰 Daily P&L: $+0.00

[2026-07-21 09:28] O:7531.00 H:7533.25 L:7528.75 C:7529.25 V:6140.0
  📈 Trend: strong_bullish | 🌍 Regime: trending_bullish
  🗺️  Grid: 0.080% | 🔺 7531.50 🔻 7527.00
  📡 RSI: 61.4 | MACD: 3.41 | ATR: 4.62
  📊 Filled: 0 | Pending: 0
  💰 Daily P&L: $+0.00

[2026-07-21 09:29] O:7529.00 H:7532.25 L:7528.75 C:7532.00 V:3250.0
  📈 Trend: strong_bullish | 🌍 Regime: trending_bullish
  🗺️  Grid: 0.080% | 🔺 7533.25 🔻 7528.75
  📡 RSI: 76.6 | MACD: 3.76 | ATR: 4.29
  📊 Filled: 0 | Pending: 0
  💰 Daily P&L: $+0.00

[2026-07-21 09:30] O:7531.75 H:7534.25 L:7531.25 C:7533.25 V:4242.0
  📈 Trend: strong_bullish | 🌍 Regime: trending_bullish
  🗺️  Grid: 0.080% | 🔺 7532.25 🔻 7528.75
  📡 RSI: 79.7 | MACD: 4.09 | ATR: 4.27
  📊 Filled: 0 | Pending: 0
  💰 Daily P&L: $+0.00

[2026-07-21 09:31] O:7533.25 H:7536.00 L:7532.00 C:7535.00 V:4397.0
  📈 Trend: strong_bullish | 🌍 Regime: trending_bullish
  🗺️  Grid: 0.080% | 🔺 7534.25 🔻 7531.25
  📡 RSI: 78.1 | MACD: 4.45 | ATR: 4.20
  📊 Filled: 0 | Pending: 0
  💰 Daily P&L: $+0.00

[2026-07-21 09:32] O:7535.00 H:7535.50 L:7530.75 C:7531.50 V:4282.0
  📈 Trend: strong_bullish | 🌍 Regime: trending_bullish
  🗺️  Grid: 0.080% | 🔺 7536.00 🔻 7532.00
  📡 RSI: 64.1 | MACD: 4.40 | ATR: 3.93
  📊 Filled: 0 | Pending: 0
  💰 Daily P&L: $+0.00

[2026-07-21 09:33] O:7531.50 H:7532.00 L:7529.75 C:7530.25 V:2514.0
  📈 Trend: strong_bullish | 🌍 Regime: trending_bullish
  🗺️  Grid: 0.080% | 🔺 7535.50 🔻 7530.75
  📡 RSI: 61.2 | MACD: 4.21 | ATR: 3.96
  📊 Filled: 0 | Pending: 0
  💰 Daily P&L: $+0.00

[2026-07-21 09:34] O:7530.25 H:7533.00 L:7529.00 C:7531.25 V:2840.0
  📈 Trend: strong_bullish | 🌍 Regime: trending_bullish
  🗺️  Grid: 0.080% | 🔺 7532.00 🔻 7529.75
  📡 RSI: 67.2 | MACD: 4.09 | ATR: 3.93
  📊 Filled: 0 | Pending: 0
  💰 Daily P&L: $+0.00

[2026-07-21 09:35] O:7531.25 H:7533.50 L:7529.75 C:7530.25 V:2486.0
  📈 Trend: strong_bullish | 🌍 Regime: trending_bullish
  🗺️  Grid: 0.080% | 🔺 7533.00 🔻 7529.00
  📡 RSI: 72.2 | MACD: 3.87 | ATR: 3.84
  📊 Filled: 0 | Pending: 0
  💰 Daily P&L: $+0.00

[2026-07-21 09:36] O:7530.00 H:7531.00 L:7527.50 C:7529.00 V:2524.0
  📈 Trend: strong_bullish | 🌍 Regime: trending_bullish
  🗺️  Grid: 0.080% | 🔺 7533.50 🔻 7529.75
  📡 RSI: 64.3 | MACD: 3.56 | ATR: 3.75
  📊 Filled: 0 | Pending: 0
  💰 Daily P&L: $+0.00

[2026-07-21 09:37] O:7528.75 H:7529.50 L:7527.50 C:7529.00 V:1898.0
  📈 Trend: strong_bullish | 🌍 Regime: trending_bullish
  🗺️  Grid: 0.080% | 🔺 7531.00 🔻 7527.50
  📡 RSI: 62.4 | MACD: 3.27 | ATR: 3.68
  📊 Filled: 0 | Pending: 0
  💰 Daily P&L: $+0.00

[2026-07-21 09:38] O:7528.75 H:7529.25 L:7524.50 C:7526.00 V:4025.0
  📈 Trend: strong_bullish | 🌍 Regime: trending_bullish
  🗺️  Grid: 0.080% | 🔺 7529.50 🔻 7527.50
  📡 RSI: 55.8 | MACD: 2.77 | ATR: 3.84
  📊 Filled: 0 | Pending: 0
  💰 Daily P&L: $+0.00

[2026-07-21 09:39] O:7526.00 H:7527.00 L:7524.00 C:7526.50 V:2332.0
  📈 Trend: strong_bullish | 🌍 Regime: trending_bullish
  🗺️  Grid: 0.080% | 🔺 7529.25 🔻 7524.50
  📡 RSI: 49.5 | MACD: 2.38 | ATR: 3.61
  📊 Filled: 0 | Pending: 0
  💰 Daily P&L: $+0.00

[2026-07-21 09:40] O:7526.25 H:7527.75 L:7524.75 C:7526.50 V:2153.0
  📈 Trend: strong_bullish | 🌍 Regime: trending_bullish
  🗺️  Grid: 0.080% | 🔺 7527.00 🔻 7524.00
  📡 RSI: 47.1 | MACD: 2.05 | ATR: 3.61
  📊 Filled: 0 | Pending: 0
  💰 Daily P&L: $+0.00

[2026-07-21 09:41] O:7526.50 H:7526.50 L:7522.00 C:7522.50 V:3525.0
  📈 Trend: strong_bullish | 🌍 Regime: trending_bullish
  🗺️  Grid: 0.080% | 🔺 7527.75 🔻 7524.75
  📡 RSI: 31.9 | MACD: 1.45 | ATR: 3.61
  📊 Filled: 0 | Pending: 0
  💰 Daily P&L: $+0.00

[2026-07-21 09:42] O:7522.50 H:7524.00 L:7520.75 C:7524.00 V:2924.0
  📈 Trend: strong_bullish | 🌍 Regime: trending_bullish
  🗺️  Grid: 0.080% | 🔺 7526.50 🔻 7522.00
  📡 RSI: 38.5 | MACD: 1.09 | ATR: 3.52
  📊 Filled: 0 | Pending: 0
  💰 Daily P&L: $+0.00

[2026-07-21 09:43] O:7524.00 H:7529.25 L:7523.75 C:7528.50 V:2597.0
  📈 Trend: strong_bullish | 🌍 Regime: trending_bullish
  🗺️  Grid: 0.080% | 🔺 7524.00 🔻 7520.75
  📡 RSI: 42.9 | MACD: 1.15 | ATR: 3.66
  📊 Filled: 0 | Pending: 0
  💰 Daily P&L: $+0.00

[2026-07-21 09:44] O:7528.50 H:7529.75 L:7528.25 C:7529.50 V:2647.0
  📈 Trend: strong_bullish | 🌍 Regime: trending_bullish
  🗺️  Grid: 0.080% | 🔺 7529.25 🔻 7523.75
  📡 RSI: 42.3 | MACD: 1.26 | ATR: 3.55
  📊 Filled: 0 | Pending: 0
  💰 Daily P&L: $+0.00

[2026-07-21 09:45] O:7529.50 H:7532.75 L:7529.50 C:7531.25 V:3131.0
  📈 Trend: strong_bullish | 🌍 Regime: trending_bullish
  🗺️  Grid: 0.080% | 🔺 7529.75 🔻 7528.25
  📡 RSI: 42.3 | MACD: 1.47 | ATR: 3.50
  📊 Filled: 0 | Pending: 0
  💰 Daily P&L: $+0.00

[2026-07-21 09:46] O:7531.25 H:7533.25 L:7530.25 C:7531.00 V:2418.0
  📈 Trend: strong_bullish | 🌍 Regime: trending_bullish
  🗺️  Grid: 0.080% | 🔺 7532.75 🔻 7529.50
  📡 RSI: 48.8 | MACD: 1.60 | ATR: 3.38
  📊 Filled: 0 | Pending: 0
  💰 Daily P&L: $+0.00

[2026-07-21 09:47] O:7531.00 H:7531.25 L:7528.00 C:7530.25 V:2370.0
  📈 Trend: strong_bullish | 🌍 Regime: trending_bullish
  🗺️  Grid: 0.080% | 🔺 7533.25 🔻 7530.25
  📡 RSI: 50.0 | MACD: 1.63 | ATR: 3.45
  📊 Filled: 0 | Pending: 0
  💰 Daily P&L: $+0.00

[2026-07-21 09:48] O:7530.25 H:7536.50 L:7529.75 C:7533.25 V:6601.0
  📈 Trend: strong_bullish | 🌍 Regime: trending_bullish
  🗺️  Grid: 0.080% | 🔺 7531.25 🔻 7528.00
  📡 RSI: 54.4 | MACD: 1.87 | ATR: 3.64
  📊 Filled: 0 | Pending: 0
  💰 Daily P&L: $+0.00

[2026-07-21 09:49] O:7533.25 H:7534.00 L:7532.25 C:7532.75 V:2523.0
  📈 Trend: strong_bullish | 🌍 Regime: trending_bullish
  🗺️  Grid: 0.080% | 🔺 7536.50 🔻 7529.75
  📡 RSI: 55.7 | MACD: 1.99 | ATR: 3.50
  📊 Filled: 0 | Pending: 0
  💰 Daily P&L: $+0.00

[2026-07-21 09:50] O:7532.75 H:7533.25 L:7530.50 C:7533.00 V:2297.0
  📈 Trend: strong_bullish | 🌍 Regime: trending_bullish
  🗺️  Grid: 0.080% | 🔺 7534.00 🔻 7532.25
  📡 RSI: 59.5 | MACD: 2.09 | ATR: 3.45
  📊 Filled: 0 | Pending: 0
  💰 Daily P&L: $+0.00

[2026-07-21 09:51] O:7532.75 H:7532.75 L:7530.25 C:7531.75 V:1860.0
  📈 Trend: strong_bullish | 🌍 Regime: trending_bullish
  🗺️  Grid: 0.080% | 🔺 7533.25 🔻 7530.50
  📡 RSI: 56.2 | MACD: 2.04 | ATR: 3.50
  📊 Filled: 0 | Pending: 0
  💰 Daily P&L: $+0.00

[2026-07-21 09:52] O:7532.00 H:7533.25 L:7530.25 C:7530.75 V:1415.0
  📈 Trend: strong_bullish | 🌍 Regime: trending_bullish
  🗺️  Grid: 0.080% | 🔺 7532.75 🔻 7530.25
  📡 RSI: 61.7 | MACD: 1.90 | ATR: 3.38
  📊 Filled: 0 | Pending: 0
  💰 Daily P&L: $+0.00

[2026-07-21 09:53] O:7530.50 H:7531.25 L:7529.00 C:7529.75 V:1957.0
  📈 Trend: strong_bullish (raw: moderate_bullish) | 🌍 Regime: trending_bullish
  🗺️  Grid: 0.080% | 🔺 7533.25 🔻 7530.25
  📡 RSI: 57.8 | MACD: 1.69 | ATR: 3.32
  📊 Filled: 0 | Pending: 0
  💰 Daily P&L: $+0.00

[2026-07-21 09:54] O:7529.75 H:7530.75 L:7528.25 C:7530.25 V:1662.0
  📈 Trend: moderate_bullish | 🌍 Regime: trending_bullish
  🗺️  Grid: 0.080% | 🔺 7531.25 🔻 7529.00
  📡 RSI: 58.8 | MACD: 1.55 | ATR: 3.29
  📊 Filled: 0 | Pending: 0
  💰 Daily P&L: $+0.00

[2026-07-21 09:55] O:7530.25 H:7531.00 L:7529.25 C:7530.50 V:1256.0
  📈 Trend: moderate_bullish (raw: strong_bullish) | 🌍 Regime: trending_bullish
  🗺️  Grid: 0.080% | 🔺 7530.75 🔻 7528.25
  📡 RSI: 72.9 | MACD: 1.43 | ATR: 3.09
  📊 Filled: 0 | Pending: 0
  💰 Daily P&L: $+0.00

[2026-07-21 09:56] O:7530.75 H:7530.75 L:7525.75 C:7527.00 V:3739.0
  📈 Trend: moderate_bullish | 🌍 Regime: trending_bullish
  🗺️  Grid: 0.080% | 🔺 7531.00 🔻 7529.25
  📡 RSI: 57.7 | MACD: 1.05 | ATR: 3.21
  📊 Filled: 0 | Pending: 0
  💰 Daily P&L: $+0.00

[2026-07-21 09:57] O:7527.25 H:7529.50 L:7527.00 C:7528.50 V:1750.0
  📈 Trend: moderate_bullish (raw: strong_bullish) | 🌍 Regime: ranging
  🗺️  Grid: 0.080% | 🔺 7530.75 🔻 7525.75
  📡 RSI: 50.0 | MACD: 0.86 | ATR: 3.00
  📊 Filled: 0 | Pending: 0
  🔲 Regime: RANGING | Range pos: 69% | RSI: 50.0
  💰 Daily P&L: $+0.00

[2026-07-21 09:58] O:7528.50 H:7531.00 L:7528.25 C:7530.50 V:2062.0
  📈 Trend: strong_bullish | 🌍 Regime: ranging
  🗺️  Grid: 0.080% | 🔺 7529.50 🔻 7527.00
  📡 RSI: 52.9 | MACD: 0.86 | ATR: 3.09
  📊 Filled: 0 | Pending: 0
  🔲 Regime: RANGING | Range pos: 77% | RSI: 52.9
  💰 Daily P&L: $+0.00

[2026-07-21 09:59] O:7530.25 H:7531.75 L:7529.75 C:7531.25 V:1391.0
  📈 Trend: strong_bullish | 🌍 Regime: ranging
  🗺️  Grid: 0.080% | 🔺 7531.00 🔻 7528.25
  📡 RSI: 50.0 | MACD: 0.91 | ATR: 3.00
  📊 Filled: 0 | Pending: 0
  🔲 Regime: RANGING | Range pos: 80% | RSI: 50.0
  💰 Daily P&L: $+0.00

[2026-07-21 10:00] O:7531.00 H:7532.50 L:7530.50 C:7531.50 V:2573.0
  📈 Trend: strong_bullish | 🌍 Regime: ranging
  🗺️  Grid: 0.080% | 🔺 7531.75 🔻 7529.75
  📡 RSI: 51.5 | MACD: 0.96 | ATR: 2.93
  📊 Filled: 0 | Pending: 0
  🔲 Regime: RANGING | Range pos: 81% | RSI: 51.5
  💰 Daily P&L: $+0.00

[2026-07-21 10:01] O:7531.75 H:7532.00 L:7526.75 C:7527.50 V:2283.0
  📈 Trend: strong_bullish | 🌍 Regime: ranging
  🗺️  Grid: 0.080% | 🔺 7532.50 🔻 7530.50
  📡 RSI: 43.0 | MACD: 0.66 | ATR: 3.07
  📊 Filled: 0 | Pending: 0
  🔲 Regime: RANGING | Range pos: 65% | RSI: 43.0
  💰 Daily P&L: $+0.00

[2026-07-21 10:02] O:7527.50 H:7527.50 L:7522.75 C:7523.00 V:5012.0
  📈 Trend: strong_bullish (raw: moderate_bullish) | 🌍 Regime: ranging
  🗺️  Grid: 0.080% | 🔺 7532.00 🔻 7526.75
  📡 RSI: 25.9 | MACD: 0.07 | ATR: 2.93
  📊 Filled: 0 | Pending: 0
  🔲 Regime: RANGING | Range pos: 48% | RSI: 25.9
  💰 Daily P&L: $+0.00

[2026-07-21 10:03] O:7523.25 H:7524.25 L:7521.50 C:7524.00 V:3108.0
  📈 Trend: moderate_bullish | 🌍 Regime: ranging
  🗺️  Grid: 0.080% | 🔺 7527.50 🔻 7522.75
  📡 RSI: 29.9 | MACD: -0.32 | ATR: 3.00
  📊 Filled: 0 | Pending: 0
  🔲 Regime: RANGING | Range pos: 51% | RSI: 29.9
  💰 Daily P&L: $+0.00

[2026-07-21 10:04] O:7524.00 H:7525.00 L:7522.75 C:7523.50 V:2160.0
  📈 Trend: moderate_bullish | 🌍 Regime: ranging
  🗺️  Grid: 0.080% | 🔺 7524.25 🔻 7521.50
  📡 RSI: 28.4 | MACD: -0.66 | ATR: 2.96
  📊 Filled: 0 | Pending: 0
  🔲 Regime: RANGING | Range pos: 50% | RSI: 28.4
  💰 Daily P&L: $+0.00

[2026-07-21 10:05] O:7523.50 H:7525.25 L:7521.50 C:7524.75 V:2233.0
  📈 Trend: moderate_bullish | 🌍 Regime: ranging
  🗺️  Grid: 0.080% | 🔺 7525.00 🔻 7522.75
  📡 RSI: 34.1 | MACD: -0.82 | ATR: 3.04
  📊 Filled: 0 | Pending: 0
  🔲 Regime: RANGING | Range pos: 54% | RSI: 34.1
  💰 Daily P&L: $+0.00

[2026-07-21 10:06] O:7524.75 H:7528.00 L:7524.75 C:7527.50 V:2611.0
  📈 Trend: moderate_bullish | 🌍 Regime: ranging
  🗺️  Grid: 0.080% | 🔺 7525.25 🔻 7521.50
  📡 RSI: 43.2 | MACD: -0.71 | ATR: 3.05
  📊 Filled: 0 | Pending: 0
  🔲 Regime: RANGING | Range pos: 65% | RSI: 43.2
  💰 Daily P&L: $+0.00

[2026-07-21 10:07] O:7527.50 H:7530.75 L:7527.00 C:7530.00 V:2145.0
  📈 Trend: moderate_bullish | 🌍 Regime: ranging
  🗺️  Grid: 0.080% | 🔺 7528.00 🔻 7524.75
  📡 RSI: 50.5 | MACD: -0.42 | ATR: 3.16
  📊 Filled: 0 | Pending: 0
  🔲 Regime: RANGING | Range pos: 75% | RSI: 50.5
  💰 Daily P&L: $+0.00

[2026-07-21 10:08] O:7529.75 H:7531.00 L:7529.00 C:7530.75 V:1822.0
  📈 Trend: moderate_bullish | 🌍 Regime: ranging
  🗺️  Grid: 0.080% | 🔺 7530.75 🔻 7527.00
  📡 RSI: 51.0 | MACD: -0.13 | ATR: 3.12
  📊 Filled: 0 | Pending: 0
  🔲 Regime: RANGING | Range pos: 78% | RSI: 51.0
  💰 Daily P&L: $+0.00

[2026-07-21 10:09] O:7530.75 H:7534.25 L:7530.50 C:7533.00 V:3431.0
  📈 Trend: moderate_bullish (raw: strong_bullish) | 🌍 Regime: ranging
  🗺️  Grid: 0.080% | 🔺 7531.00 🔻 7529.00
  📡 RSI: 54.5 | MACD: 0.28 | ATR: 3.27
  📊 Filled: 0 | Pending: 0
  🔲 Regime: RANGING | Range pos: 86% | RSI: 54.5
  💰 Daily P&L: $+0.00

[2026-07-21 10:10] O:7533.25 H:7535.00 L:7532.75 C:7533.50 V:2285.0
  📈 Trend: strong_bullish | 🌍 Regime: ranging
  🗺️  Grid: 0.080% | 🔺 7534.25 🔻 7530.50
  📡 RSI: 63.3 | MACD: 0.63 | ATR: 3.07
  📊 Filled: 0 | Pending: 0
  🔲 Regime: RANGING | Range pos: 88% | RSI: 63.3
  💰 Daily P&L: $+0.00

[2026-07-21 10:11] O:7533.25 H:7534.50 L:7532.75 C:7534.00 V:1216.0
  📈 Trend: strong_bullish | 🌍 Regime: ranging
  🗺️  Grid: 0.080% | 🔺 7535.00 🔻 7532.75
  📡 RSI: 61.7 | MACD: 0.95 | ATR: 3.02
  📊 Filled: 0 | Pending: 0
  🔲 Regime: RANGING | Range pos: 90% | RSI: 61.7
  💰 Daily P&L: $+0.00

[2026-07-21 10:12] O:7534.25 H:7538.00 L:7534.25 C:7537.75 V:3355.0
  📈 Trend: strong_bullish | 🌍 Regime: ranging
  🗺️  Grid: 0.080% | 🔺 7534.50 🔻 7532.75
  📡 RSI: 64.4 | MACD: 1.48 | ATR: 3.11
  📊 Filled: 0 | Pending: 0
  🔲 Regime: RANGING | Range pos: 99% | RSI: 64.4
  💰 Daily P&L: $+0.00

[2026-07-21 10:13] O:7537.75 H:7538.75 L:7535.00 C:7535.00 V:3309.0
  📈 Trend: strong_bullish | 🌍 Regime: ranging
  🗺️  Grid: 0.080% | 🔺 7538.00 🔻 7534.25
  📡 RSI: 56.9 | MACD: 1.66 | ATR: 3.23
  📊 Filled: 0 | Pending: 0
  🔲 Regime: RANGING | Range pos: 87% | RSI: 56.9
  💰 Daily P&L: $+0.00

[2026-07-21 10:14] O:7535.00 H:7536.25 L:7534.75 C:7535.50 V:1606.0
  📈 Trend: strong_bullish | 🌍 Regime: ranging
  🗺️  Grid: 0.080% | 🔺 7538.75 🔻 7535.00
  📡 RSI: 57.3 | MACD: 1.82 | ATR: 3.20
  📊 Filled: 0 | Pending: 0
  🔲 Regime: RANGING | Range pos: 88% | RSI: 57.3
  💰 Daily P&L: $+0.00

[2026-07-21 10:15] O:7535.50 H:7536.75 L:7535.50 C:7536.00 V:1599.0
  📈 Trend: strong_bullish | 🌍 Regime: ranging
  🗺️  Grid: 0.080% | 🔺 7536.25 🔻 7534.75
  📡 RSI: 67.7 | MACD: 1.97 | ATR: 2.91
  📊 Filled: 0 | Pending: 0
  🔲 Regime: RANGING | Range pos: 90% | RSI: 67.7
  💰 Daily P&L: $+0.00

[2026-07-21 10:16] O:7536.00 H:7536.50 L:7534.75 C:7535.75 V:1193.0
  📈 Trend: strong_bullish | 🌍 Regime: ranging
  🗺️  Grid: 0.080% | 🔺 7536.75 🔻 7535.50
  📡 RSI: 82.3 | MACD: 2.04 | ATR: 2.70
  📊 Filled: 0 | Pending: 0
  🔲 Regime: RANGING | Range pos: 89% | RSI: 82.3
  🚫 Raw trend blocks RANGING SHORT | raw: strong_bullish
  💰 Daily P&L: $+0.00

[2026-07-21 10:17] O:7535.75 H:7538.00 L:7535.50 C:7537.75 V:1767.0
  📈 Trend: strong_bullish | 🌍 Regime: ranging
  🗺️  Grid: 0.080% | 🔺 7536.50 🔻 7534.75
  📡 RSI: 83.1 | MACD: 2.24 | ATR: 2.68
  📊 Filled: 0 | Pending: 0
  🔲 Regime: RANGING | Range pos: 96% | RSI: 83.1
  🚫 Raw trend blocks RANGING SHORT | raw: strong_bullish
  💰 Daily P&L: $+0.00

[2026-07-21 10:18] O:7537.75 H:7538.50 L:7536.75 C:7537.75 V:1419.0
  📈 Trend: strong_bullish | 🌍 Regime: ranging
  🗺️  Grid: 0.080% | 🔺 7538.00 🔻 7535.50
  📡 RSI: 85.2 | MACD: 2.36 | ATR: 2.64
  📊 Filled: 0 | Pending: 0
  🔲 Regime: RANGING | Range pos: 96% | RSI: 85.2
  🚫 Raw trend blocks RANGING SHORT | raw: strong_bullish
  💰 Daily P&L: $+0.00

[2026-07-21 10:19] O:7537.75 H:7539.00 L:7536.75 C:7537.50 V:1879.0
  📈 Trend: strong_bullish | 🌍 Regime: ranging
  🗺️  Grid: 0.080% | 🔺 7538.50 🔻 7536.75
  📡 RSI: 83.1 | MACD: 2.41 | ATR: 2.54
  📊 Filled: 0 | Pending: 0
  🔲 Regime: RANGING | Range pos: 95% | RSI: 83.1
  🚫 Raw trend blocks RANGING SHORT | raw: strong_bullish
  💰 Daily P&L: $+0.00

[2026-07-21 10:20] O:7537.50 H:7538.75 L:7537.00 C:7537.50 V:2375.0
  📈 Trend: strong_bullish | 🌍 Regime: ranging
  🗺️  Grid: 0.080% | 🔺 7539.00 🔻 7536.75
  📡 RSI: 80.3 | MACD: 2.43 | ATR: 2.43
  📊 Filled: 0 | Pending: 0
  🔲 Regime: RANGING | Range pos: 95% | RSI: 80.3
  🚫 Raw trend blocks RANGING SHORT | raw: strong_bullish
  💰 Daily P&L: $+0.00

[2026-07-21 10:21] O:7537.25 H:7543.50 L:7536.25 C:7540.50 V:6154.0
  📈 Trend: strong_bullish | 🌍 Regime: ranging
  🗺️  Grid: 0.080% | 🔺 7538.75 🔻 7537.00
  📡 RSI: 80.9 | MACD: 2.65 | ATR: 2.68
  📊 Filled: 0 | Pending: 0
  🔲 Regime: RANGING | Range pos: 91% | RSI: 80.9
  🚫 Raw trend blocks RANGING SHORT | raw: strong_bullish
  💰 Daily P&L: $+0.00

[2026-07-21 10:22] O:7540.25 H:7541.00 L:7539.00 C:7539.75 V:2618.0
  📈 Trend: strong_bullish | 🌍 Regime: trending_bullish
  🗺️  Grid: 0.080% | 🔺 7543.50 🔻 7536.25
  📡 RSI: 76.5 | MACD: 2.73 | ATR: 2.68
  📊 Filled: 0 | Pending: 0
  💰 Daily P&L: $+0.00

[2026-07-21 10:23] O:7539.75 H:7539.75 L:7538.25 C:7539.25 V:1917.0
  📈 Trend: strong_bullish | 🌍 Regime: trending_bullish
  🗺️  Grid: 0.080% | 🔺 7541.00 🔻 7539.00
  📡 RSI: 70.5 | MACD: 2.73 | ATR: 2.52
  📊 Filled: 0 | Pending: 0
  💰 Daily P&L: $+0.00

[2026-07-21 10:24] O:7539.25 H:7540.75 L:7539.00 C:7540.25 V:1843.0
  📈 Trend: strong_bullish | 🌍 Regime: trending_bullish
  🗺️  Grid: 0.080% | 🔺 7539.75 🔻 7538.25
  📡 RSI: 71.4 | MACD: 2.77 | ATR: 2.48
  📊 Filled: 0 | Pending: 0
  💰 Daily P&L: $+0.00

[2026-07-21 10:25] O:7540.00 H:7541.00 L:7539.75 C:7540.75 V:2945.0
  📈 Trend: strong_bullish | 🌍 Regime: trending_bullish
  🗺️  Grid: 0.080% | 🔺 7540.75 🔻 7539.00
  📡 RSI: 71.4 | MACD: 2.82 | ATR: 2.45
  📊 Filled: 0 | Pending: 0
  💰 Daily P&L: $+0.00

[2026-07-21 10:26] O:7540.75 H:7542.75 L:7540.50 C:7542.75 V:2138.0
  📈 Trend: strong_bullish | 🌍 Regime: trending_bullish
  🗺️  Grid: 0.080% | 🔺 7541.00 🔻 7539.75
  📡 RSI: 67.9 | MACD: 2.98 | ATR: 2.32
  📊 Filled: 0 | Pending: 0
  💰 Daily P&L: $+0.00

[2026-07-21 10:27] O:7542.50 H:7544.00 L:7542.25 C:7542.75 V:2251.0
  📈 Trend: strong_bullish | 🌍 Regime: trending_bullish
  🗺️  Grid: 0.080% | 🔺 7542.75 🔻 7540.50
  📡 RSI: 84.4 | MACD: 3.07 | ATR: 2.18
  📊 Filled: 0 | Pending: 0
  💰 Daily P&L: $+0.00

[2026-07-21 10:28] O:7542.75 H:7543.50 L:7541.50 C:7543.25 V:1777.0
  📈 Trend: strong_bullish | 🌍 Regime: trending_bullish
  🗺️  Grid: 0.080% | 🔺 7544.00 🔻 7542.25
  📡 RSI: 84.4 | MACD: 3.15 | ATR: 2.21
  📊 Filled: 0 | Pending: 0
  💰 Daily P&L: $+0.00

[2026-07-21 10:29] O:7543.25 H:7543.75 L:7542.00 C:7543.75 V:2086.0
  📈 Trend: strong_bullish | 🌍 Regime: trending_bullish
  🗺️  Grid: 0.080% | 🔺 7543.50 🔻 7541.50
  📡 RSI: 84.4 | MACD: 3.21 | ATR: 2.25
  📊 Filled: 0 | Pending: 0
  💰 Daily P&L: $+0.00

[2026-07-21 10:30] O:7543.50 H:7544.00 L:7541.50 C:7542.25 V:2639.0
  📈 Trend: strong_bullish | 🌍 Regime: trending_bullish
  🗺️  Grid: 0.080% | 🔺 7543.75 🔻 7542.00
  📡 RSI: 76.0 | MACD: 3.11 | ATR: 2.30
  📊 Filled: 0 | Pending: 0
  💰 Daily P&L: $+0.00

[2026-07-21 10:31] O:7542.25 H:7543.00 L:7541.00 C:7541.00 V:1766.0
  📈 Trend: strong_bullish | 🌍 Regime: trending_bullish
  🗺️  Grid: 0.080% | 🔺 7544.00 🔻 7541.50
  📡 RSI: 63.8 | MACD: 2.89 | ATR: 2.27
  📊 Filled: 0 | Pending: 0
  💰 Daily P&L: $+0.00

[2026-07-21 10:32] O:7541.00 H:7543.00 L:7540.50 C:7542.00 V:1388.0
  📈 Trend: strong_bullish | 🌍 Regime: trending_bullish
  🗺️  Grid: 0.080% | 🔺 7543.00 🔻 7541.00
  📡 RSI: 66.7 | MACD: 2.76 | ATR: 2.32
  📊 Filled: 0 | Pending: 0
  💰 Daily P&L: $+0.00

[2026-07-21 10:33] O:7541.75 H:7542.50 L:7537.50 C:7539.50 V:4914.0
  📈 Trend: strong_bullish | 🌍 Regime: trending_bullish
  🗺️  Grid: 0.080% | 🔺 7543.00 🔻 7540.50
  📡 RSI: 56.7 | MACD: 2.44 | ATR: 2.52
  📊 Filled: 0 | Pending: 0
  💰 Daily P&L: $+0.00

[2026-07-21 10:34] O:7539.50 H:7541.75 L:7539.00 C:7541.25 V:1622.0
  📈 Trend: strong_bullish | 🌍 Regime: trending_bullish
  🗺️  Grid: 0.080% | 🔺 7542.50 🔻 7537.50
  📡 RSI: 61.2 | MACD: 2.29 | ATR: 2.59
  📊 Filled: 0 | Pending: 0
  💰 Daily P&L: $+0.00

[2026-07-21 10:35] O:7541.50 H:7543.00 L:7537.25 C:7538.75 V:4401.0
  📈 Trend: strong_bullish | 🌍 Regime: trending_bullish
  🗺️  Grid: 0.080% | 🔺 7541.75 🔻 7539.00
  📡 RSI: 44.6 | MACD: 1.95 | ATR: 2.48
  📊 Filled: 0 | Pending: 0
  💰 Daily P&L: $+0.00

[2026-07-21 10:36] O:7539.00 H:7541.00 L:7538.50 C:7540.50 V:1512.0
  📈 Trend: strong_bullish | 🌍 Regime: trending_bullish
  🗺️  Grid: 0.080% | 🔺 7543.00 🔻 7537.25
  📡 RSI: 52.2 | MACD: 1.80 | ATR: 2.52
  📊 Filled: 0 | Pending: 0
  💰 Daily P&L: $+0.00

[2026-07-21 10:37] O:7540.75 H:7541.00 L:7539.25 C:7539.50 V:982.0
  📈 Trend: strong_bullish | 🌍 Regime: trending_bullish
  🗺️  Grid: 0.080% | 🔺 7541.00 🔻 7538.50
  📡 RSI: 50.7 | MACD: 1.59 | ATR: 2.54
  📊 Filled: 0 | Pending: 0
  💰 Daily P&L: $+0.00

[2026-07-21 10:38] O:7539.50 H:7540.25 L:7538.00 C:7539.00 V:1321.0
  📈 Trend: strong_bullish | 🌍 Regime: trending_bullish
  🗺️  Grid: 0.080% | 🔺 7541.00 🔻 7539.25
  📡 RSI: 46.4 | MACD: 1.36 | ATR: 2.57
  📊 Filled: 0 | Pending: 0
  💰 Daily P&L: $+0.00

[2026-07-21 10:39] O:7539.00 H:7540.50 L:7538.50 C:7539.25 V:1036.0
  📈 Trend: strong_bullish | 🌍 Regime: trending_bullish
  🗺️  Grid: 0.080% | 🔺 7540.25 🔻 7538.00
  📡 RSI: 45.6 | MACD: 1.18 | ATR: 2.62
  📊 Filled: 0 | Pending: 0
  💰 Daily P&L: $+0.00

[2026-07-21 10:40] O:7539.25 H:7540.25 L:7538.50 C:7540.25 V:1271.0
  📈 Trend: strong_bullish (raw: moderate_bullish) | 🌍 Regime: trending_bullish
  🗺️  Grid: 0.080% | 🔺 7540.50 🔻 7538.50
  📡 RSI: 42.2 | MACD: 1.11 | ATR: 2.59
  📊 Filled: 0 | Pending: 0
  💰 Daily P&L: $+0.00

[2026-07-21 10:41] O:7540.25 H:7542.25 L:7540.00 C:7541.00 V:1505.0
  📈 Trend: strong_bullish | 🌍 Regime: trending_bullish
  🗺️  Grid: 0.080% | 🔺 7540.25 🔻 7538.50
  📡 RSI: 44.8 | MACD: 1.11 | ATR: 2.62
  📊 Filled: 0 | Pending: 0
  💰 Daily P&L: $+0.00

[2026-07-21 10:42] O:7540.75 H:7541.50 L:7540.25 C:7541.25 V:1084.0
  📈 Trend: strong_bullish | 🌍 Regime: trending_bullish
  🗺️  Grid: 0.080% | 🔺 7542.25 🔻 7540.00
  📡 RSI: 43.9 | MACD: 1.11 | ATR: 2.57
  📊 Filled: 0 | Pending: 0
  💰 Daily P&L: $+0.00

[2026-07-21 10:43] O:7541.00 H:7541.25 L:7539.25 C:7540.50 V:907.0
  📈 Trend: strong_bullish | 🌍 Regime: trending_bullish
  🗺️  Grid: 0.080% | 🔺 7541.50 🔻 7540.25
  📡 RSI: 40.3 | MACD: 1.04 | ATR: 2.59
  📊 Filled: 0 | Pending: 0
  💰 Daily P&L: $+0.00

[2026-07-21 10:44] O:7540.50 H:7541.25 L:7538.75 C:7539.25 V:1472.0
  📈 Trend: strong_bullish (raw: moderate_bullish) | 🌍 Regime: trending_bullish
  🗺️  Grid: 0.080% | 🔺 7541.25 🔻 7539.25
  📡 RSI: 40.9 | MACD: 0.87 | ATR: 2.59
  📊 Filled: 0 | Pending: 0
  💰 Daily P&L: $+0.00

[2026-07-21 10:45] O:7539.25 H:7540.25 L:7538.75 C:7539.00 V:1029.0
  📈 Trend: moderate_bullish | 🌍 Regime: trending_bullish
  🗺️  Grid: 0.080% | 🔺 7541.25 🔻 7538.75
  📡 RSI: 43.5 | MACD: 0.71 | ATR: 2.55
  📊 Filled: 0 | Pending: 0
  💰 Daily P&L: $+0.00

[2026-07-21 10:46] O:7539.00 H:7539.75 L:7539.00 C:7539.50 V:747.0
  📈 Trend: moderate_bullish | 🌍 Regime: trending_bullish
  🗺️  Grid: 0.080% | 🔺 7540.25 🔻 7538.75
  📡 RSI: 41.7 | MACD: 0.61 | ATR: 2.43
  📊 Filled: 0 | Pending: 0
  💰 Daily P&L: $+0.00

[2026-07-21 10:47] O:7539.25 H:7540.75 L:7538.75 C:7540.50 V:1258.0
  📈 Trend: moderate_bullish | 🌍 Regime: trending_bullish
  🗺️  Grid: 0.080% | 🔺 7539.75 🔻 7539.00
  📡 RSI: 53.7 | MACD: 0.61 | ATR: 2.21
  📊 Filled: 0 | Pending: 0
  💰 Daily P&L: $+0.00

[2026-07-21 10:48] O:7540.50 H:7541.75 L:7540.25 C:7541.00 V:1172.0
  📈 Trend: moderate_bullish | 🌍 Regime: trending_bullish
  🗺️  Grid: 0.080% | 🔺 7540.75 🔻 7538.75
  📡 RSI: 49.0 | MACD: 0.64 | ATR: 2.12
  📊 Filled: 0 | Pending: 0
  💰 Daily P&L: $+0.00

[2026-07-21 10:49] O:7541.25 H:7542.75 L:7541.25 C:7541.50 V:1439.0
  📈 Trend: moderate_bullish | 🌍 Regime: trending_bullish
  🗺️  Grid: 0.080% | 🔺 7541.75 🔻 7540.25
  📡 RSI: 63.4 | MACD: 0.70 | ATR: 1.84
  📊 Filled: 0 | Pending: 0
  💰 Daily P&L: $+0.00

[2026-07-21 10:50] O:7541.75 H:7543.50 L:7541.00 C:7541.75 V:1660.0
  📈 Trend: moderate_bullish (raw: strong_bullish) | 🌍 Regime: ranging
  🗺️  Grid: 0.080% | 🔺 7542.75 🔻 7541.25
  📡 RSI: 57.1 | MACD: 0.76 | ATR: 1.84
  📊 Filled: 0 | Pending: 0
  🔲 Regime: RANGING | Range pos: 93% | RSI: 57.1
  💰 Daily P&L: $+0.00

[2026-07-21 10:51] O:7541.75 H:7542.75 L:7541.75 C:7542.50 V:1253.0
  📈 Trend: strong_bullish | 🌍 Regime: ranging
  🗺️  Grid: 0.080% | 🔺 7543.50 🔻 7541.00
  📡 RSI: 67.6 | MACD: 0.86 | ATR: 1.79
  📊 Filled: 0 | Pending: 0
  🔲 Regime: RANGING | Range pos: 95% | RSI: 67.6
  💰 Daily P&L: $+0.00

[2026-07-21 10:52] O:7542.50 H:7543.25 L:7540.75 C:7541.25 V:1163.0
  📈 Trend: strong_bullish | 🌍 Regime: ranging
  🗺️  Grid: 0.080% | 🔺 7542.75 🔻 7541.75
  📡 RSI: 62.2 | MACD: 0.82 | ATR: 1.80
  📊 Filled: 0 | Pending: 0
  🔲 Regime: RANGING | Range pos: 92% | RSI: 62.2
  💰 Daily P&L: $+0.00

[2026-07-21 10:53] O:7541.25 H:7542.50 L:7541.00 C:7542.25 V:1059.0
  📈 Trend: strong_bullish | 🌍 Regime: ranging
  🗺️  Grid: 0.080% | 🔺 7543.25 🔻 7540.75
  📡 RSI: 65.0 | MACD: 0.86 | ATR: 1.77
  📊 Filled: 0 | Pending: 0
  🔲 Regime: RANGING | Range pos: 95% | RSI: 65.0
  💰 Daily P&L: $+0.00

[2026-07-21 10:54] O:7542.25 H:7542.25 L:7540.25 C:7540.50 V:1070.0
  📈 Trend: strong_bullish | 🌍 Regime: ranging
  🗺️  Grid: 0.080% | 🔺 7542.50 🔻 7541.00
  📡 RSI: 51.2 | MACD: 0.75 | ATR: 1.79
  📊 Filled: 0 | Pending: 0
  🔲 Regime: RANGING | Range pos: 89% | RSI: 51.2
  💰 Daily P&L: $+0.00

[2026-07-21 10:55] O:7540.75 H:7542.00 L:7540.25 C:7540.50 V:840.0
  📈 Trend: strong_bullish (raw: moderate_bullish) | 🌍 Regime: ranging
  🗺️  Grid: 0.080% | 🔺 7542.25 🔻 7540.25
  📡 RSI: 47.5 | MACD: 0.65 | ATR: 1.75
  📊 Filled: 0 | Pending: 0
  🔲 Regime: RANGING | Range pos: 89% | RSI: 47.5
  💰 Daily P&L: $+0.00

[2026-07-21 10:56] O:7540.50 H:7542.50 L:7540.25 C:7541.75 V:914.0
  📈 Trend: strong_bullish | 🌍 Regime: ranging
  🗺️  Grid: 0.080% | 🔺 7542.00 🔻 7540.25
  📡 RSI: 52.3 | MACD: 0.67 | ATR: 1.82
  📊 Filled: 0 | Pending: 0
  🔲 Regime: RANGING | Range pos: 93% | RSI: 52.3
  💰 Daily P&L: $+0.00

[2026-07-21 10:57] O:7541.75 H:7542.00 L:7540.50 C:7540.50 V:858.0
  📈 Trend: strong_bullish | 🌍 Regime: ranging
  🗺️  Grid: 0.080% | 🔺 7542.50 🔻 7540.25
  📡 RSI: 50.0 | MACD: 0.57 | ATR: 1.79
  📊 Filled: 0 | Pending: 0
  🔲 Regime: RANGING | Range pos: 89% | RSI: 50.0
  💰 Daily P&L: $+0.00

[2026-07-21 10:58] O:7540.50 H:7541.50 L:7540.00 C:7540.50 V:1121.0
  📈 Trend: strong_bullish | 🌍 Regime: ranging
  🗺️  Grid: 0.080% | 🔺 7542.00 🔻 7540.50
  📡 RSI: 56.1 | MACD: 0.49 | ATR: 1.71
  📊 Filled: 0 | Pending: 0
  🔲 Regime: RANGING | Range pos: 89% | RSI: 56.1
  💰 Daily P&L: $+0.00

[2026-07-21 10:59] O:7540.25 H:7540.25 L:7538.00 C:7538.75 V:1983.0
  📈 Trend: strong_bullish (raw: moderate_bullish) | 🌍 Regime: ranging
  🗺️  Grid: 0.080% | 🔺 7541.50 🔻 7540.00
  📡 RSI: 48.9 | MACD: 0.28 | ATR: 1.79
  📊 Filled: 0 | Pending: 0
  🔲 Regime: RANGING | Range pos: 84% | RSI: 48.9
  💰 Daily P&L: $+0.00

[2026-07-21 11:00] O:7538.50 H:7541.25 L:7538.25 C:7540.50 V:2053.0
  📈 Trend: moderate_bullish | 🌍 Regime: ranging
  🗺️  Grid: 0.080% | 🔺 7540.25 🔻 7538.00
  📡 RSI: 53.8 | MACD: 0.25 | ATR: 1.95
  📊 Filled: 0 | Pending: 0
  🔲 Regime: RANGING | Range pos: 89% | RSI: 53.8
  💰 Daily P&L: $+0.00

[2026-07-21 11:01] O:7540.50 H:7541.50 L:7540.50 C:7541.50 V:897.0
  📈 Trend: moderate_bullish (raw: strong_bullish) | 🌍 Regime: ranging
  🗺️  Grid: 0.080% | 🔺 7541.25 🔻 7538.25
  📡 RSI: 53.8 | MACD: 0.31 | ATR: 1.88
  📊 Filled: 0 | Pending: 0
  🔲 Regime: RANGING | Range pos: 92% | RSI: 53.8
  💰 Daily P&L: $+0.00

[2026-07-21 11:02] O:7541.50 H:7542.25 L:7541.25 C:7542.00 V:1120.0
  📈 Trend: strong_bullish | 🌍 Regime: ranging
  🗺️  Grid: 0.080% | 🔺 7541.50 🔻 7540.50
  📡 RSI: 53.8 | MACD: 0.39 | ATR: 1.84
  📊 Filled: 0 | Pending: 0
  🔲 Regime: RANGING | Range pos: 94% | RSI: 53.8
  💰 Daily P&L: $+0.00

[2026-07-21 11:03] O:7542.00 H:7543.50 L:7542.00 C:7543.50 V:1081.0
  📈 Trend: strong_bullish | 🌍 Regime: ranging
  🗺️  Grid: 0.080% | 🔺 7542.25 🔻 7541.25
  📡 RSI: 57.1 | MACD: 0.56 | ATR: 1.82
  📊 Filled: 0 | Pending: 0
  🔲 Regime: RANGING | Range pos: 98% | RSI: 57.1
  💰 Daily P&L: $+0.00

[2026-07-21 11:04] O:7543.50 H:7546.00 L:7543.50 C:7545.50 V:2292.0
  📈 Trend: strong_bullish | 🌍 Regime: ranging
  🗺️  Grid: 0.080% | 🔺 7543.50 🔻 7542.00
  📡 RSI: 61.9 | MACD: 0.86 | ATR: 1.82
  📊 Filled: 0 | Pending: 0
  🔲 Regime: RANGING | Range pos: 99% | RSI: 61.9
  💰 Daily P&L: $+0.00

[2026-07-21 11:05] O:7545.50 H:7545.75 L:7544.75 C:7545.75 V:1651.0
  📈 Trend: strong_bullish | 🌍 Regime: ranging
  🗺️  Grid: 0.080% | 🔺 7546.00 🔻 7543.50
  📡 RSI: 60.7 | MACD: 1.10 | ATR: 1.82
  📊 Filled: 0 | Pending: 0
  🔲 Regime: RANGING | Range pos: 99% | RSI: 60.7
  💰 Daily P&L: $+0.00

[2026-07-21 11:06] O:7545.50 H:7546.50 L:7545.00 C:7545.25 V:1314.0
  📈 Trend: strong_bullish | 🌍 Regime: ranging
  🗺️  Grid: 0.080% | 🔺 7545.75 🔻 7544.75
  📡 RSI: 63.8 | MACD: 1.23 | ATR: 1.75
  📊 Filled: 0 | Pending: 0
  🔲 Regime: RANGING | Range pos: 97% | RSI: 63.8
  💰 Daily P&L: $+0.00

[2026-07-21 11:07] O:7545.00 H:7545.25 L:7544.00 C:7545.00 V:1145.0
  📈 Trend: strong_bullish | 🌍 Regime: ranging
  🗺️  Grid: 0.080% | 🔺 7546.50 🔻 7545.00
  📡 RSI: 60.0 | MACD: 1.30 | ATR: 1.73
  📊 Filled: 0 | Pending: 0
  🔲 Regime: RANGING | Range pos: 96% | RSI: 60.0
  💰 Daily P&L: $+0.00

[2026-07-21 11:08] O:7545.00 H:7546.50 L:7544.25 C:7544.75 V:1230.0
  📈 Trend: strong_bullish | 🌍 Regime: ranging
  🗺️  Grid: 0.080% | 🔺 7545.25 🔻 7544.00
  📡 RSI: 67.3 | MACD: 1.32 | ATR: 1.75
  📊 Filled: 0 | Pending: 0
  🔲 Regime: RANGING | Range pos: 95% | RSI: 67.3
  💰 Daily P&L: $+0.00

[2026-07-21 11:09] O:7544.75 H:7545.75 L:7544.25 C:7544.75 V:774.0
  📈 Trend: strong_bullish | 🌍 Regime: ranging
  🗺️  Grid: 0.080% | 🔺 7546.50 🔻 7544.25
  📡 RSI: 67.3 | MACD: 1.33 | ATR: 1.73
  📊 Filled: 0 | Pending: 0
  🔲 Regime: RANGING | Range pos: 95% | RSI: 67.3
  💰 Daily P&L: $+0.00

[2026-07-21 11:10] O:7544.75 H:7545.50 L:7544.75 C:7545.25 V:853.0
  📈 Trend: strong_bullish | 🌍 Regime: ranging
  🗺️  Grid: 0.080% | 🔺 7545.75 🔻 7544.25
  📡 RSI: 65.2 | MACD: 1.35 | ATR: 1.62
  📊 Filled: 0 | Pending: 0
  🔲 Regime: RANGING | Range pos: 97% | RSI: 65.2
  💰 Daily P&L: $+0.00

[2026-07-21 11:11] O:7545.00 H:7546.00 L:7544.75 C:7545.00 V:710.0
  📈 Trend: strong_bullish | 🌍 Regime: ranging
  🗺️  Grid: 0.080% | 🔺 7545.50 🔻 7544.75
  📡 RSI: 71.4 | MACD: 1.34 | ATR: 1.61
  📊 Filled: 0 | Pending: 0
  🔲 Regime: RANGING | Range pos: 96% | RSI: 71.4
  🚫 Raw trend blocks RANGING SHORT | raw: strong_bullish
  💰 Daily P&L: $+0.00

[2026-07-21 11:12] O:7545.25 H:7545.25 L:7543.75 C:7544.50 V:1090.0
  📈 Trend: strong_bullish | 🌍 Regime: ranging
  🗺️  Grid: 0.080% | 🔺 7546.00 🔻 7544.75
  📡 RSI: 68.2 | MACD: 1.27 | ATR: 1.61
  📊 Filled: 0 | Pending: 0
  🔲 Regime: RANGING | Range pos: 94% | RSI: 68.2
  💰 Daily P&L: $+0.00

[2026-07-21 11:13] O:7544.50 H:7544.75 L:7543.75 C:7544.50 V:580.0
  📈 Trend: strong_bullish | 🌍 Regime: ranging
  🗺️  Grid: 0.080% | 🔺 7545.25 🔻 7543.75
  📡 RSI: 81.1 | MACD: 1.20 | ATR: 1.50
  📊 Filled: 0 | Pending: 0
  🔲 Regime: RANGING | Range pos: 94% | RSI: 81.1
  🚫 Raw trend blocks RANGING SHORT | raw: strong_bullish
  💰 Daily P&L: $+0.00

[2026-07-21 11:14] O:7544.75 H:7545.75 L:7544.50 C:7545.50 V:580.0
  📈 Trend: strong_bullish | 🌍 Regime: ranging
  🗺️  Grid: 0.080% | 🔺 7544.75 🔻 7543.75
  📡 RSI: 79.4 | MACD: 1.22 | ATR: 1.38
  📊 Filled: 0 | Pending: 0
  🔲 Regime: RANGING | Range pos: 97% | RSI: 79.4
  🚫 Raw trend blocks RANGING SHORT | raw: strong_bullish
  💰 Daily P&L: $+0.00

[2026-07-21 11:15] O:7545.50 H:7548.50 L:7545.50 C:7547.50 V:2307.0
  📈 Trend: strong_bullish | 🌍 Regime: ranging
  🗺️  Grid: 0.080% | 🔺 7545.75 🔻 7544.50
  📡 RSI: 81.6 | MACD: 1.37 | ATR: 1.52
  📊 Filled: 0 | Pending: 0
  🔲 Regime: RANGING | Range pos: 97% | RSI: 81.6
  🚫 Raw trend blocks RANGING SHORT | raw: strong_bullish
  💰 Daily P&L: $+0.00

[2026-07-21 11:16] O:7547.50 H:7548.25 L:7547.00 C:7547.50 V:987.0
  📈 Trend: strong_bullish | 🌍 Regime: ranging
  🗺️  Grid: 0.080% | 🔺 7548.50 🔻 7545.50
  📡 RSI: 80.6 | MACD: 1.48 | ATR: 1.54
  📊 Filled: 0 | Pending: 0
  🔲 Regime: RANGING | Range pos: 97% | RSI: 80.6
  🚫 Raw trend blocks RANGING SHORT | raw: strong_bullish
  💰 Daily P&L: $+0.00

[2026-07-21 11:17] O:7547.50 H:7547.75 L:7547.00 C:7547.25 V:626.0
  📈 Trend: strong_bullish | 🌍 Regime: ranging
  🗺️  Grid: 0.080% | 🔺 7548.25 🔻 7547.00
  📡 RSI: 74.2 | MACD: 1.53 | ATR: 1.48
  📊 Filled: 0 | Pending: 0
  🔲 Regime: RANGING | Range pos: 97% | RSI: 74.2
  🚫 Raw trend blocks RANGING SHORT | raw: strong_bullish
  💰 Daily P&L: $+0.00

[2026-07-21 11:18] O:7547.00 H:7548.25 L:7546.50 C:7547.00 V:1677.0
  📈 Trend: strong_bullish | 🌍 Regime: ranging
  🗺️  Grid: 0.080% | 🔺 7547.75 🔻 7547.00
  📡 RSI: 62.5 | MACD: 1.53 | ATR: 1.43
  📊 Filled: 0 | Pending: 0
  🔲 Regime: RANGING | Range pos: 96% | RSI: 62.5
  💰 Daily P&L: $+0.00

[2026-07-21 11:19] O:7547.00 H:7548.00 L:7546.50 C:7548.00 V:966.0
  📈 Trend: strong_bullish | 🌍 Regime: ranging
  🗺️  Grid: 0.080% | 🔺 7548.25 🔻 7546.50
  📡 RSI: 66.7 | MACD: 1.59 | ATR: 1.46
  📊 Filled: 0 | Pending: 0
  🔲 Regime: RANGING | Range pos: 99% | RSI: 66.7
  💰 Daily P&L: $+0.00

[2026-07-21 11:20] O:7548.00 H:7548.50 L:7547.25 C:7547.75 V:821.0
  📈 Trend: strong_bullish | 🌍 Regime: ranging
  🗺️  Grid: 0.080% | 🔺 7548.00 🔻 7546.50
  📡 RSI: 69.2 | MACD: 1.60 | ATR: 1.45
  📊 Filled: 0 | Pending: 0
  🔲 Regime: RANGING | Range pos: 98% | RSI: 69.2
  💰 Daily P&L: $+0.00

[2026-07-21 11:21] O:7547.75 H:7549.25 L:7547.25 C:7549.00 V:1227.0
  📈 Trend: strong_bullish | 🌍 Regime: ranging
  🗺️  Grid: 0.080% | 🔺 7548.50 🔻 7547.25
  📡 RSI: 76.7 | MACD: 1.69 | ATR: 1.50
  📊 Filled: 0 | Pending: 0
  🔲 Regime: RANGING | Range pos: 99% | RSI: 76.7
  🚫 Raw trend blocks RANGING SHORT | raw: strong_bullish
  💰 Daily P&L: $+0.00

[2026-07-21 11:22] O:7549.00 H:7549.75 L:7548.25 C:7549.25 V:1798.0
  📈 Trend: strong_bullish | 🌍 Regime: ranging
  🗺️  Grid: 0.080% | 🔺 7549.25 🔻 7547.25
  📡 RSI: 80.0 | MACD: 1.76 | ATR: 1.45
  📊 Filled: 0 | Pending: 0
  🔲 Regime: RANGING | Range pos: 99% | RSI: 80.0
  🚫 Raw trend blocks RANGING SHORT | raw: strong_bullish
  💰 Daily P&L: $+0.00

[2026-07-21 11:23] O:7549.25 H:7550.75 L:7548.75 C:7549.75 V:2340.0
  📈 Trend: strong_bullish | 🌍 Regime: ranging
  🗺️  Grid: 0.080% | 🔺 7549.75 🔻 7548.25
  📡 RSI: 81.2 | MACD: 1.84 | ATR: 1.48
  📊 Filled: 0 | Pending: 0
  🔲 Regime: RANGING | Range pos: 98% | RSI: 81.2
  🚫 Raw trend blocks RANGING SHORT | raw: strong_bullish
  💰 Daily P&L: $+0.00

[2026-07-21 11:24] O:7549.75 H:7550.25 L:7548.50 C:7549.00 V:1237.0
  📈 Trend: strong_bullish | 🌍 Regime: ranging
  🗺️  Grid: 0.080% | 🔺 7550.75 🔻 7548.75
  📡 RSI: 72.7 | MACD: 1.81 | ATR: 1.55
  📊 Filled: 0 | Pending: 0
  🔲 Regime: RANGING | Range pos: 96% | RSI: 72.7
  🚫 Raw trend blocks RANGING SHORT | raw: strong_bullish
  💰 Daily P&L: $+0.00

[2026-07-21 11:25] O:7548.75 H:7549.75 L:7548.75 C:7548.75 V:877.0
  📈 Trend: strong_bullish | 🌍 Regime: ranging
  🗺️  Grid: 0.080% | 🔺 7550.25 🔻 7548.50
  📡 RSI: 72.7 | MACD: 1.76 | ATR: 1.54
  📊 Filled: 0 | Pending: 0
  🔲 Regime: RANGING | Range pos: 95% | RSI: 72.7
  🚫 Raw trend blocks RANGING SHORT | raw: strong_bullish
  💰 Daily P&L: $+0.00

[2026-07-21 11:26] O:7548.50 H:7549.00 L:7547.75 C:7548.75 V:1192.0
  📈 Trend: strong_bullish | 🌍 Regime: ranging
  🗺️  Grid: 0.080% | 🔺 7549.75 🔻 7548.75
  📡 RSI: 77.4 | MACD: 1.69 | ATR: 1.52
  📊 Filled: 0 | Pending: 0
  🔲 Regime: RANGING | Range pos: 95% | RSI: 77.4
  🚫 Raw trend blocks RANGING SHORT | raw: strong_bullish
  💰 Daily P&L: $+0.00

[2026-07-21 11:27] O:7548.75 H:7549.50 L:7548.00 C:7548.75 V:754.0
  📈 Trend: strong_bullish | 🌍 Regime: ranging
  🗺️  Grid: 0.080% | 🔺 7549.00 🔻 7547.75
  📡 RSI: 77.4 | MACD: 1.62 | ATR: 1.55
  📊 Filled: 0 | Pending: 0
  🔲 Regime: RANGING | Range pos: 95% | RSI: 77.4
  🚫 Raw trend blocks RANGING SHORT | raw: strong_bullish
  💰 Daily P&L: $+0.00

[2026-07-21 11:28] O:7548.50 H:7550.50 L:7548.25 C:7550.50 V:920.0
  📈 Trend: strong_bullish | 🌍 Regime: ranging
  🗺️  Grid: 0.080% | 🔺 7549.50 🔻 7548.00
  📡 RSI: 79.4 | MACD: 1.69 | ATR: 1.62
  📊 Filled: 0 | Pending: 0
  🔲 Regime: RANGING | Range pos: 99% | RSI: 79.4
  🚫 Raw trend blocks RANGING SHORT | raw: strong_bullish
  💰 Daily P&L: $+0.00

[2026-07-21 11:29] O:7550.50 H:7550.50 L:7549.25 C:7549.75 V:817.0
  📈 Trend: strong_bullish | 🌍 Regime: ranging
  🗺️  Grid: 0.080% | 🔺 7550.50 🔻 7548.25
  📡 RSI: 65.5 | MACD: 1.66 | ATR: 1.50
  📊 Filled: 0 | Pending: 0
  🔲 Regime: RANGING | Range pos: 98% | RSI: 65.5
  💰 Daily P&L: $+0.00

[2026-07-21 11:30] O:7549.75 H:7550.75 L:7549.00 C:7550.75 V:1697.0
  📈 Trend: strong_bullish | 🌍 Regime: ranging
  🗺️  Grid: 0.080% | 🔺 7550.50 🔻 7549.25
  📡 RSI: 69.7 | MACD: 1.70 | ATR: 1.54
  📊 Filled: 0 | Pending: 0
  🔲 Regime: RANGING | Range pos: 100% | RSI: 69.7
  💰 Daily P&L: $+0.00

[2026-07-21 11:31] O:7550.50 H:7551.25 L:7548.00 C:7548.75 V:1850.0
  📈 Trend: strong_bullish | 🌍 Regime: ranging
  🗺️  Grid: 0.080% | 🔺 7550.75 🔻 7549.00
  📡 RSI: 57.5 | MACD: 1.55 | ATR: 1.71
  📊 Filled: 0 | Pending: 0
  🔲 Regime: RANGING | Range pos: 94% | RSI: 57.5
  💰 Daily P&L: $+0.00

[2026-07-21 11:32] O:7548.50 H:7549.50 L:7548.50 C:7549.00 V:1034.0
  📈 Trend: strong_bullish | 🌍 Regime: ranging
  🗺️  Grid: 0.080% | 🔺 7551.25 🔻 7548.00
  📡 RSI: 60.0 | MACD: 1.44 | ATR: 1.66
  📊 Filled: 0 | Pending: 0
  🔲 Regime: RANGING | Range pos: 94% | RSI: 60.0
  💰 Daily P&L: $+0.00

[2026-07-21 11:33] O:7549.25 H:7550.25 L:7549.00 C:7550.00 V:704.0
  📈 Trend: strong_bullish | 🌍 Regime: ranging
  🗺️  Grid: 0.080% | 🔺 7549.50 🔻 7548.50
  📡 RSI: 60.0 | MACD: 1.41 | ATR: 1.64
  📊 Filled: 0 | Pending: 0
  🔲 Regime: RANGING | Range pos: 97% | RSI: 60.0
  💰 Daily P&L: $+0.00

[2026-07-21 11:34] O:7550.00 H:7550.25 L:7549.50 C:7550.25 V:965.0
  📈 Trend: strong_bullish | 🌍 Regime: ranging
  🗺️  Grid: 0.080% | 🔺 7550.25 🔻 7549.00
  📡 RSI: 62.5 | MACD: 1.40 | ATR: 1.61
  📊 Filled: 0 | Pending: 0
  🔲 Regime: RANGING | Range pos: 98% | RSI: 62.5
  💰 Daily P&L: $+0.00

[2026-07-21 11:35] O:7550.25 H:7550.25 L:7549.00 C:7549.50 V:891.0
  📈 Trend: strong_bullish | 🌍 Regime: ranging
  🗺️  Grid: 0.080% | 🔺 7550.25 🔻 7549.50
  📡 RSI: 52.6 | MACD: 1.31 | ATR: 1.55
  📊 Filled: 0 | Pending: 0
  🔲 Regime: RANGING | Range pos: 96% | RSI: 52.6
  💰 Daily P&L: $+0.00

[2026-07-21 11:36] O:7549.50 H:7549.75 L:7548.00 C:7549.75 V:920.0
  📈 Trend: strong_bullish | 🌍 Regime: ranging
  🗺️  Grid: 0.080% | 🔺 7550.25 🔻 7549.00
  📡 RSI: 52.6 | MACD: 1.24 | ATR: 1.57
  📊 Filled: 0 | Pending: 0
  🔲 Regime: RANGING | Range pos: 96% | RSI: 52.6
  💰 Daily P&L: $+0.00

[2026-07-21 11:37] O:7549.50 H:7550.00 L:7548.50 C:7550.00 V:644.0
  📈 Trend: strong_bullish | 🌍 Regime: ranging
  🗺️  Grid: 0.080% | 🔺 7549.75 🔻 7548.00
  📡 RSI: 51.4 | MACD: 1.20 | ATR: 1.54
  📊 Filled: 0 | Pending: 0
  🔲 Regime: RANGING | Range pos: 97% | RSI: 51.4
  💰 Daily P&L: $+0.00

[2026-07-21 11:38] O:7550.00 H:7550.75 L:7549.75 C:7550.50 V:860.0
  📈 Trend: strong_bullish | 🌍 Regime: ranging
  🗺️  Grid: 0.080% | 🔺 7550.00 🔻 7548.50
  📡 RSI: 58.3 | MACD: 1.19 | ATR: 1.48
  📊 Filled: 0 | Pending: 0
  🔲 Regime: RANGING | Range pos: 98% | RSI: 58.3
  💰 Daily P&L: $+0.00

[2026-07-21 11:39] O:7550.75 H:7550.75 L:7549.75 C:7550.25 V:585.0
  📈 Trend: strong_bullish | 🌍 Regime: ranging
  🗺️  Grid: 0.080% | 🔺 7550.75 🔻 7549.75
  📡 RSI: 58.3 | MACD: 1.15 | ATR: 1.48
  📊 Filled: 0 | Pending: 0
  🔲 Regime: RANGING | Range pos: 98% | RSI: 58.3
  💰 Daily P&L: $+0.00

[2026-07-21 11:40] O:7550.00 H:7551.00 L:7549.75 C:7550.00 V:847.0
  📈 Trend: strong_bullish | 🌍 Regime: ranging
  🗺️  Grid: 0.080% | 🔺 7550.75 🔻 7549.75
  📡 RSI: 56.8 | MACD: 1.08 | ATR: 1.48
  📊 Filled: 0 | Pending: 0
  🔲 Regime: RANGING | Range pos: 97% | RSI: 56.8
  💰 Daily P&L: $+0.00

[2026-07-21 11:41] O:7550.00 H:7550.25 L:7548.75 C:7549.00 V:738.0
  📈 Trend: strong_bullish (raw: moderate_bullish) | 🌍 Regime: ranging
  🗺️  Grid: 0.080% | 🔺 7551.00 🔻 7549.75
  📡 RSI: 51.2 | MACD: 0.94 | ATR: 1.48
  📊 Filled: 0 | Pending: 0
  🔲 Regime: RANGING | Range pos: 94% | RSI: 51.2
  💰 Daily P&L: $+0.00

[2026-07-21 11:42] O:7549.00 H:7549.75 L:7548.25 C:7548.75 V:833.0
  📈 Trend: moderate_bullish | 🌍 Regime: ranging
  🗺️  Grid: 0.080% | 🔺 7550.25 🔻 7548.75
  📡 RSI: 40.0 | MACD: 0.80 | ATR: 1.43
  📊 Filled: 0 | Pending: 0
  🔲 Regime: RANGING | Range pos: 94% | RSI: 40.0
  💰 Daily P&L: $+0.00

[2026-07-21 11:43] O:7548.75 H:7549.75 L:7548.50 C:7549.50 V:604.0
  📈 Trend: moderate_bullish (raw: strong_bullish) | 🌍 Regime: ranging
  🗺️  Grid: 0.080% | 🔺 7549.75 🔻 7548.25
  📡 RSI: 48.6 | MACD: 0.74 | ATR: 1.43
  📊 Filled: 0 | Pending: 0
  🔲 Regime: RANGING | Range pos: 96% | RSI: 48.6
  💰 Daily P&L: $+0.00

[2026-07-21 11:44] O:7549.50 H:7549.75 L:7548.75 C:7549.75 V:728.0
  📈 Trend: strong_bullish | 🌍 Regime: ranging
  🗺️  Grid: 0.080% | 🔺 7549.75 🔻 7548.50
  📡 RSI: 43.8 | MACD: 0.70 | ATR: 1.38
  📊 Filled: 0 | Pending: 0
  🔲 Regime: RANGING | Range pos: 96% | RSI: 43.8
  💰 Daily P&L: $+0.00

[2026-07-21 11:45] O:7549.75 H:7550.00 L:7548.50 C:7548.75 V:1148.0
  📈 Trend: strong_bullish (raw: moderate_bullish) | 🌍 Regime: ranging
  🗺️  Grid: 0.080% | 🔺 7549.75 🔻 7548.75
  📡 RSI: 50.0 | MACD: 0.59 | ATR: 1.25
  📊 Filled: 0 | Pending: 0
  🔲 Regime: RANGING | Range pos: 94% | RSI: 50.0
  💰 Daily P&L: $+0.00

[2026-07-21 11:46] O:7548.75 H:7549.00 L:7547.50 C:7548.50 V:1287.0
  📈 Trend: moderate_bullish | 🌍 Regime: ranging
  🗺️  Grid: 0.080% | 🔺 7550.00 🔻 7548.50
  📡 RSI: 46.4 | MACD: 0.47 | ATR: 1.29
  📊 Filled: 0 | Pending: 0
  🔲 Regime: RANGING | Range pos: 93% | RSI: 46.4
  💰 Daily P&L: $+0.00

[2026-07-21 11:47] O:7548.75 H:7549.50 L:7548.75 C:7548.75 V:804.0
  📈 Trend: moderate_bullish | 🌍 Regime: ranging
  🗺️  Grid: 0.080% | 🔺 7549.00 🔻 7547.50
  📡 RSI: 40.0 | MACD: 0.39 | ATR: 1.27
  📊 Filled: 0 | Pending: 0
  🔲 Regime: RANGING | Range pos: 94% | RSI: 40.0
  💰 Daily P&L: $+0.00

[2026-07-21 11:48] O:7548.50 H:7549.00 L:7548.00 C:7548.50 V:759.0
  📈 Trend: moderate_bullish | 🌍 Regime: ranging
  🗺️  Grid: 0.080% | 🔺 7549.50 🔻 7548.75
  📡 RSI: 36.0 | MACD: 0.31 | ATR: 1.29
  📊 Filled: 0 | Pending: 0
  🔲 Regime: RANGING | Range pos: 93% | RSI: 36.0
  💰 Daily P&L: $+0.00

[2026-07-21 11:49] O:7548.50 H:7549.00 L:7547.75 C:7548.25 V:1586.0
  📈 Trend: moderate_bullish | 🌍 Regime: ranging
  🗺️  Grid: 0.080% | 🔺 7549.00 🔻 7548.00
  📡 RSI: 39.1 | MACD: 0.22 | ATR: 1.29
  📊 Filled: 0 | Pending: 0
  🔲 Regime: RANGING | Range pos: 93% | RSI: 39.1
  💰 Daily P&L: $+0.00

[2026-07-21 11:50] O:7548.25 H:7549.50 L:7547.75 C:7549.50 V:959.0
  📈 Trend: moderate_bullish (raw: strong_bullish) | 🌍 Regime: ranging
  🗺️  Grid: 0.080% | 🔺 7549.00 🔻 7547.75
  📡 RSI: 48.1 | MACD: 0.24 | ATR: 1.29
  📊 Filled: 0 | Pending: 0
  🔲 Regime: RANGING | Range pos: 96% | RSI: 48.1
  💰 Daily P&L: $+0.00

[2026-07-21 11:51] O:7549.50 H:7551.75 L:7549.25 C:7551.50 V:1886.0
  📈 Trend: strong_bullish | 🌍 Regime: ranging
  🗺️  Grid: 0.080% | 🔺 7549.50 🔻 7547.75
  📡 RSI: 58.8 | MACD: 0.42 | ATR: 1.36
  📊 Filled: 0 | Pending: 0
  🔲 Regime: RANGING | Range pos: 99% | RSI: 58.8
  💰 Daily P&L: $+0.00

[2026-07-21 11:52] O:7551.75 H:7552.75 L:7551.25 C:7552.50 V:1765.0
  📈 Trend: strong_bullish | 🌍 Regime: ranging
  🗺️  Grid: 0.080% | 🔺 7551.75 🔻 7549.25
  📡 RSI: 61.1 | MACD: 0.63 | ATR: 1.39
  📊 Filled: 0 | Pending: 0
  🔲 Regime: RANGING | Range pos: 99% | RSI: 61.1
  💰 Daily P&L: $+0.00

[2026-07-21 11:53] O:7552.50 H:7552.50 L:7551.50 C:7552.25 V:1028.0
  📈 Trend: strong_bullish | 🌍 Regime: ranging
  🗺️  Grid: 0.080% | 🔺 7552.75 🔻 7551.25
  📡 RSI: 61.1 | MACD: 0.77 | ATR: 1.39
  📊 Filled: 0 | Pending: 0
  🔲 Regime: RANGING | Range pos: 99% | RSI: 61.1
  💰 Daily P&L: $+0.00

[2026-07-21 11:54] O:7552.25 H:7553.50 L:7552.00 C:7553.00 V:1148.0
  📈 Trend: strong_bullish | 🌍 Regime: ranging
  🗺️  Grid: 0.080% | 🔺 7552.50 🔻 7551.50
  📡 RSI: 65.8 | MACD: 0.94 | ATR: 1.41
  📊 Filled: 0 | Pending: 0
  🔲 Regime: RANGING | Range pos: 99% | RSI: 65.8
  💰 Daily P&L: $+0.00

[2026-07-21 11:55] O:7553.00 H:7554.00 L:7552.50 C:7553.75 V:1568.0
  📈 Trend: strong_bullish | 🌍 Regime: ranging
  🗺️  Grid: 0.080% | 🔺 7553.50 🔻 7552.00
  📡 RSI: 75.7 | MACD: 1.11 | ATR: 1.41
  📊 Filled: 0 | Pending: 0
  🔲 Regime: RANGING | Range pos: 99% | RSI: 75.7
  🚫 Raw trend blocks RANGING SHORT | raw: strong_bullish
  💰 Daily P&L: $+0.00

[2026-07-21 11:56] O:7553.75 H:7553.75 L:7552.00 C:7552.25 V:877.0
  📈 Trend: strong_bullish | 🌍 Regime: ranging
  🗺️  Grid: 0.080% | 🔺 7554.00 🔻 7552.50
  📡 RSI: 66.7 | MACD: 1.12 | ATR: 1.43
  📊 Filled: 0 | Pending: 0
  🔲 Regime: RANGING | Range pos: 96% | RSI: 66.7
  💰 Daily P&L: $+0.00

[2026-07-21 11:57] O:7552.25 H:7553.00 L:7551.25 C:7551.75 V:1229.0
  📈 Trend: strong_bullish | 🌍 Regime: ranging
  🗺️  Grid: 0.080% | 🔺 7553.75 🔻 7552.00
  📡 RSI: 61.0 | MACD: 1.07 | ATR: 1.46
  📊 Filled: 0 | Pending: 0
  🔲 Regime: RANGING | Range pos: 95% | RSI: 61.0
  💰 Daily P&L: $+0.00

[2026-07-21 11:58] O:7552.00 H:7552.50 L:7551.00 C:7551.25 V:911.0
  📈 Trend: strong_bullish | 🌍 Regime: ranging
  🗺️  Grid: 0.080% | 🔺 7553.00 🔻 7551.25
  📡 RSI: 57.1 | MACD: 0.98 | ATR: 1.50
  📊 Filled: 0 | Pending: 0
  🔲 Regime: RANGING | Range pos: 94% | RSI: 57.1
  💰 Daily P&L: $+0.00

[2026-07-21 11:59] O:7551.25 H:7551.50 L:7550.00 C:7550.50 V:1281.0
  📈 Trend: strong_bullish | 🌍 Regime: ranging
  🗺️  Grid: 0.080% | 🔺 7552.50 🔻 7551.00
  📡 RSI: 58.5 | MACD: 0.84 | ATR: 1.50
  📊 Filled: 0 | Pending: 0
  🔲 Regime: RANGING | Range pos: 92% | RSI: 58.5
  💰 Daily P&L: $+0.00

[2026-07-21 12:00] O:7550.25 H:7551.75 L:7550.00 C:7551.00 V:1413.0
  📈 Trend: strong_bullish | 🌍 Regime: ranging
  🗺️  Grid: 0.080% | 🔺 7551.50 🔻 7550.00
  📡 RSI: 61.9 | MACD: 0.76 | ATR: 1.52
  📊 Filled: 0 | Pending: 0
  🔲 Regime: RANGING | Range pos: 93% | RSI: 61.9
  💰 Daily P&L: $+0.00

[2026-07-21 12:01] O:7551.25 H:7551.25 L:7550.00 C:7550.75 V:933.0
  📈 Trend: strong_bullish | 🌍 Regime: ranging
  🗺️  Grid: 0.080% | 🔺 7551.75 🔻 7550.00
  📡 RSI: 59.5 | MACD: 0.66 | ATR: 1.54
  📊 Filled: 0 | Pending: 0
  🔲 Regime: RANGING | Range pos: 92% | RSI: 59.5
  💰 Daily P&L: $+0.00

[2026-07-21 12:02] O:7550.75 H:7550.75 L:7549.25 C:7550.25 V:1091.0
  📈 Trend: strong_bullish | 🌍 Regime: ranging
  🗺️  Grid: 0.080% | 🔺 7551.25 🔻 7550.00
  📡 RSI: 58.1 | MACD: 0.54 | ATR: 1.57
  📊 Filled: 0 | Pending: 0
  🔲 Regime: RANGING | Range pos: 91% | RSI: 58.1
  💰 Daily P&L: $+0.00

[2026-07-21 12:03] O:7550.50 H:7551.00 L:7549.25 C:7549.50 V:978.0
  📈 Trend: strong_bullish (raw: moderate_bullish) | 🌍 Regime: ranging
  🗺️  Grid: 0.080% | 🔺 7550.75 🔻 7549.25
  📡 RSI: 55.6 | MACD: 0.39 | ATR: 1.61
  📊 Filled: 0 | Pending: 0
  🔲 Regime: RANGING | Range pos: 90% | RSI: 55.6
  💰 Daily P&L: $+0.00

[2026-07-21 12:04] O:7549.50 H:7550.00 L:7549.25 C:7549.50 V:793.0
  📈 Trend: strong_bullish | 🌍 Regime: ranging
  🗺️  Grid: 0.080% | 🔺 7551.00 🔻 7549.25
  📡 RSI: 50.0 | MACD: 0.26 | ATR: 1.54
  📊 Filled: 0 | Pending: 0
  🔲 Regime: RANGING | Range pos: 90% | RSI: 50.0
  💰 Daily P&L: $+0.00

[2026-07-21 12:05] O:7549.75 H:7550.75 L:7549.25 C:7550.50 V:967.0
  📈 Trend: strong_bullish | 🌍 Regime: ranging
  🗺️  Grid: 0.080% | 🔺 7550.00 🔻 7549.25
  📡 RSI: 44.4 | MACD: 0.23 | ATR: 1.46
  📊 Filled: 0 | Pending: 0
  🔲 Regime: RANGING | Range pos: 92% | RSI: 44.4
  💰 Daily P&L: $+0.00

[2026-07-21 12:06] O:7550.50 H:7550.75 L:7549.75 C:7550.25 V:552.0
  📈 Trend: strong_bullish | 🌍 Regime: ranging
  🗺️  Grid: 0.080% | 🔺 7550.75 🔻 7549.25
  📡 RSI: 36.4 | MACD: 0.19 | ATR: 1.43
  📊 Filled: 0 | Pending: 0
  🔲 Regime: RANGING | Range pos: 91% | RSI: 36.4
  💰 Daily P&L: $+0.00

[2026-07-21 12:07] O:7550.25 H:7550.75 L:7549.75 C:7549.75 V:806.0
  📈 Trend: strong_bullish | 🌍 Regime: ranging
  🗺️  Grid: 0.080% | 🔺 7550.75 🔻 7549.75
  📡 RSI: 35.3 | MACD: 0.11 | ATR: 1.43
  📊 Filled: 0 | Pending: 0
  🔲 Regime: RANGING | Range pos: 90% | RSI: 35.3
  💰 Daily P&L: $+0.00

[2026-07-21 12:08] O:7549.75 H:7550.75 L:7549.50 C:7550.50 V:841.0
  📈 Trend: strong_bullish | 🌍 Regime: ranging
  🗺️  Grid: 0.080% | 🔺 7550.75 🔻 7549.75
  📡 RSI: 35.3 | MACD: 0.11 | ATR: 1.41
  📊 Filled: 0 | Pending: 0
  🔲 Regime: RANGING | Range pos: 92% | RSI: 35.3
  💰 Daily P&L: $+0.00

[2026-07-21 12:09] O:7550.75 H:7552.00 L:7550.50 C:7550.50 V:605.0
  📈 Trend: strong_bullish | 🌍 Regime: ranging
  🗺️  Grid: 0.080% | 🔺 7550.75 🔻 7549.50
  📡 RSI: 29.0 | MACD: 0.11 | ATR: 1.41
  📊 Filled: 0 | Pending: 0
  🔲 Regime: RANGING | Range pos: 92% | RSI: 29.0
  💰 Daily P&L: $+0.00

[2026-07-21 12:10] O:7550.50 H:7550.75 L:7548.50 C:7549.00 V:1744.0
  📈 Trend: strong_bullish (raw: moderate_bullish) | 🌍 Regime: ranging
  🗺️  Grid: 0.080% | 🔺 7552.00 🔻 7550.50
  📡 RSI: 29.0 | MACD: -0.01 | ATR: 1.45
  📊 Filled: 0 | Pending: 0
  🔲 Regime: RANGING | Range pos: 88% | RSI: 29.0
  💰 Daily P&L: $+0.00

[2026-07-21 12:11] O:7548.75 H:7549.50 L:7548.50 C:7549.00 V:1238.0
  📈 Trend: moderate_bullish | 🌍 Regime: ranging
  🗺️  Grid: 0.080% | 🔺 7550.75 🔻 7548.50
  📡 RSI: 31.0 | MACD: -0.10 | ATR: 1.39
  📊 Filled: 0 | Pending: 0
  🔲 Regime: RANGING | Range pos: 88% | RSI: 31.0
  💰 Daily P&L: $+0.00

[2026-07-21 12:12] O:7549.00 H:7550.00 L:7549.00 C:7549.25 V:552.0
  📈 Trend: moderate_bullish | 🌍 Regime: ranging
  🗺️  Grid: 0.080% | 🔺 7549.50 🔻 7548.50
  📡 RSI: 35.7 | MACD: -0.16 | ATR: 1.36
  📊 Filled: 0 | Pending: 0
  🔲 Regime: RANGING | Range pos: 89% | RSI: 35.7
  💰 Daily P&L: $+0.00

[2026-07-21 12:13] O:7549.00 H:7550.50 L:7549.00 C:7549.50 V:664.0
  📈 Trend: moderate_bullish | 🌍 Regime: ranging
  🗺️  Grid: 0.080% | 🔺 7550.00 🔻 7549.00
  📡 RSI: 42.3 | MACD: -0.18 | ATR: 1.36
  📊 Filled: 0 | Pending: 0
  🔲 Regime: RANGING | Range pos: 90% | RSI: 42.3
  💰 Daily P&L: $+0.00

[2026-07-21 12:14] O:7549.50 H:7550.25 L:7549.00 C:7549.25 V:971.0
  📈 Trend: moderate_bullish | 🌍 Regime: ranging
  🗺️  Grid: 0.080% | 🔺 7550.50 🔻 7549.00
  📡 RSI: 36.0 | MACD: -0.21 | ATR: 1.32
  📊 Filled: 0 | Pending: 0
  🔲 Regime: RANGING | Range pos: 89% | RSI: 36.0
  💰 Daily P&L: $+0.00

[2026-07-21 12:15] O:7549.25 H:7549.75 L:7547.50 C:7547.75 V:891.0
  📈 Trend: moderate_bullish | 🌍 Regime: ranging
  🗺️  Grid: 0.080% | 🔺 7550.25 🔻 7549.00
  📡 RSI: 30.0 | MACD: -0.36 | ATR: 1.39
  📊 Filled: 0 | Pending: 0
  🔲 Regime: RANGING | Range pos: 86% | RSI: 30.0
  💰 Daily P&L: $+0.00

[2026-07-21 12:16] O:7547.75 H:7548.25 L:7546.75 C:7547.75 V:1270.0
  📈 Trend: moderate_bullish (raw: strong_bearish) | 🌍 Regime: ranging
  🗺️  Grid: 0.080% | 🔺 7549.75 🔻 7547.50
  📡 RSI: 32.1 | MACD: -0.46 | ATR: 1.39
  📊 Filled: 0 | Pending: 0
  🔲 Regime: RANGING | Range pos: 86% | RSI: 32.1
  💰 Daily P&L: $+0.00

[2026-07-21 12:17] O:7547.75 H:7548.75 L:7547.25 C:7547.75 V:843.0
  📈 Trend: strong_bearish | 🌍 Regime: ranging
  🗺️  Grid: 0.080% | 🔺 7548.25 🔻 7546.75
  📡 RSI: 36.0 | MACD: -0.54 | ATR: 1.38
  📊 Filled: 0 | Pending: 0
  🔲 Regime: RANGING | Range pos: 86% | RSI: 36.0
  💰 Daily P&L: $+0.00

[2026-07-21 12:18] O:7547.50 H:7548.25 L:7547.00 C:7548.25 V:768.0
  📈 Trend: strong_bearish | 🌍 Regime: ranging
  🗺️  Grid: 0.080% | 🔺 7548.75 🔻 7547.25
  📡 RSI: 40.7 | MACD: -0.56 | ATR: 1.41
  📊 Filled: 0 | Pending: 0
  🔲 Regime: RANGING | Range pos: 87% | RSI: 40.7
  💰 Daily P&L: $+0.00

[2026-07-21 12:19] O:7548.25 H:7548.50 L:7546.25 C:7546.50 V:1472.0
  📈 Trend: strong_bearish | 🌍 Regime: ranging
  🗺️  Grid: 0.080% | 🔺 7548.25 🔻 7547.00
  📡 RSI: 23.3 | MACD: -0.71 | ATR: 1.46
  📊 Filled: 0 | Pending: 0
  🔲 Regime: RANGING | Range pos: 83% | RSI: 23.3
  💰 Daily P&L: $+0.00

[2026-07-21 12:20] O:7546.25 H:7546.50 L:7546.00 C:7546.50 V:905.0
  📈 Trend: strong_bearish | 🌍 Regime: ranging
  🗺️  Grid: 0.080% | 🔺 7548.50 🔻 7546.25
  📡 RSI: 24.1 | MACD: -0.81 | ATR: 1.43
  📊 Filled: 0 | Pending: 0
  🔲 Regime: RANGING | Range pos: 83% | RSI: 24.1
  💰 Daily P&L: $+0.00

[2026-07-21 12:21] O:7546.50 H:7548.00 L:7545.50 C:7546.25 V:2314.0
  📈 Trend: strong_bearish | 🌍 Regime: ranging
  🗺️  Grid: 0.080% | 🔺 7546.50 🔻 7546.00
  📡 RSI: 25.0 | MACD: -0.91 | ATR: 1.54
  📊 Filled: 0 | Pending: 0
  🔲 Regime: RANGING | Range pos: 82% | RSI: 25.0
  💰 Daily P&L: $+0.00

[2026-07-21 12:22] O:7546.00 H:7547.25 L:7546.00 C:7547.00 V:758.0
  📈 Trend: strong_bearish | 🌍 Regime: ranging
  🗺️  Grid: 0.080% | 🔺 7548.00 🔻 7545.50
  📡 RSI: 25.0 | MACD: -0.91 | ATR: 1.54
  📊 Filled: 0 | Pending: 0
  🔲 Regime: RANGING | Range pos: 84% | RSI: 25.0
  💰 Daily P&L: $+0.00

[2026-07-21 12:23] O:7547.00 H:7547.75 L:7546.50 C:7546.75 V:936.0
  📈 Trend: strong_bearish | 🌍 Regime: ranging
  🗺️  Grid: 0.080% | 🔺 7547.25 🔻 7546.00
  📡 RSI: 24.1 | MACD: -0.92 | ATR: 1.52
  📊 Filled: 0 | Pending: 0
  🔲 Regime: RANGING | Range pos: 83% | RSI: 24.1
  💰 Daily P&L: $+0.00

[2026-07-21 12:24] O:7546.75 H:7548.00 L:7546.50 C:7547.25 V:738.0
  📈 Trend: strong_bearish | 🌍 Regime: ranging
  🗺️  Grid: 0.080% | 🔺 7547.75 🔻 7546.50
  📡 RSI: 36.0 | MACD: -0.88 | ATR: 1.46
  📊 Filled: 0 | Pending: 0
  🔲 Regime: RANGING | Range pos: 84% | RSI: 36.0
  💰 Daily P&L: $+0.00

[2026-07-21 12:25] O:7547.25 H:7548.00 L:7546.50 C:7547.00 V:940.0
  📈 Trend: strong_bearish | 🌍 Regime: ranging
  🗺️  Grid: 0.080% | 🔺 7548.00 🔻 7546.50
  📡 RSI: 34.6 | MACD: -0.86 | ATR: 1.50
  📊 Filled: 0 | Pending: 0
  🔲 Regime: RANGING | Range pos: 84% | RSI: 34.6
  💰 Daily P&L: $+0.00

[2026-07-21 12:26] O:7546.75 H:7547.50 L:7546.50 C:7547.00 V:740.0
  📈 Trend: strong_bearish | 🌍 Regime: ranging
  🗺️  Grid: 0.080% | 🔺 7548.00 🔻 7546.50
  📡 RSI: 32.0 | MACD: -0.83 | ATR: 1.50
  📊 Filled: 0 | Pending: 0
  🔲 Regime: RANGING | Range pos: 84% | RSI: 32.0
  💰 Daily P&L: $+0.00

[2026-07-21 12:27] O:7547.00 H:7547.25 L:7546.25 C:7546.25 V:503.0
  📈 Trend: strong_bearish | 🌍 Regime: ranging
  🗺️  Grid: 0.080% | 🔺 7547.50 🔻 7546.50
  📡 RSI: 25.9 | MACD: -0.86 | ATR: 1.46
  📊 Filled: 0 | Pending: 0
  🔲 Regime: RANGING | Range pos: 82% | RSI: 25.9
  💰 Daily P&L: $+0.00

[2026-07-21 12:28] O:7546.25 H:7546.25 L:7545.50 C:7546.25 V:622.0
  📈 Trend: strong_bearish | 🌍 Regime: ranging
  🗺️  Grid: 0.080% | 🔺 7547.25 🔻 7546.25
  📡 RSI: 26.9 | MACD: -0.88 | ATR: 1.43
  📊 Filled: 0 | Pending: 0
  🔲 Regime: RANGING | Range pos: 82% | RSI: 26.9
  💰 Daily P&L: $+0.00

[2026-07-21 12:29] O:7546.00 H:7547.00 L:7545.75 C:7547.00 V:1005.0
  📈 Trend: strong_bearish | 🌍 Regime: ranging
  🗺️  Grid: 0.080% | 🔺 7546.25 🔻 7545.50
  📡 RSI: 43.5 | MACD: -0.82 | ATR: 1.36
  📊 Filled: 0 | Pending: 0
  🔲 Regime: RANGING | Range pos: 84% | RSI: 43.5
  💰 Daily P&L: $+0.00

[2026-07-21 12:30] O:7546.75 H:7548.50 L:7546.75 C:7547.75 V:1492.0
  📈 Trend: strong_bearish (raw: moderate_bearish) | 🌍 Regime: ranging
  🗺️  Grid: 0.080% | 🔺 7547.00 🔻 7545.75
  📡 RSI: 50.0 | MACD: -0.70 | ATR: 1.38
  📊 Filled: 0 | Pending: 0
  🔲 Regime: RANGING | Range pos: 86% | RSI: 50.0
  💰 Daily P&L: $+0.00

[2026-07-21 12:31] O:7547.50 H:7548.75 L:7547.00 C:7548.75 V:828.0
  📈 Trend: moderate_bearish | 🌍 Regime: ranging
  🗺️  Grid: 0.080% | 🔺 7548.50 🔻 7546.75
  📡 RSI: 56.7 | MACD: -0.52 | ATR: 1.39
  📊 Filled: 0 | Pending: 0
  🔲 Regime: RANGING | Range pos: 88% | RSI: 56.7
  💰 Daily P&L: $+0.00

[2026-07-21 12:32] O:7548.75 H:7549.00 L:7547.75 C:7548.75 V:817.0
  📈 Trend: moderate_bearish | 🌍 Regime: ranging
  🗺️  Grid: 0.080% | 🔺 7548.75 🔻 7547.00
  📡 RSI: 53.6 | MACD: -0.38 | ATR: 1.39
  📊 Filled: 0 | Pending: 0
  🔲 Regime: RANGING | Range pos: 88% | RSI: 53.6
  💰 Daily P&L: $+0.00

[2026-07-21 12:33] O:7548.75 H:7548.75 L:7547.00 C:7547.25 V:582.0
  📈 Trend: moderate_bearish | 🌍 Regime: ranging
  🗺️  Grid: 0.080% | 🔺 7549.00 🔻 7547.75
  📡 RSI: 55.6 | MACD: -0.38 | ATR: 1.36
  📊 Filled: 0 | Pending: 0
  🔲 Regime: RANGING | Range pos: 84% | RSI: 55.6
  💰 Daily P&L: $+0.00

[2026-07-21 12:34] O:7547.25 H:7547.25 L:7545.25 C:7547.00 V:884.0
  📈 Trend: moderate_bearish | 🌍 Regime: ranging
  🗺️  Grid: 0.080% | 🔺 7548.75 🔻 7547.00
  📡 RSI: 53.6 | MACD: -0.39 | ATR: 1.46
  📊 Filled: 0 | Pending: 0
  🔲 Regime: RANGING | Range pos: 84% | RSI: 53.6
  💰 Daily P&L: $+0.00

[2026-07-21 12:35] O:7547.00 H:7547.50 L:7546.50 C:7547.50 V:659.0
  📈 Trend: moderate_bearish | 🌍 Regime: ranging
  🗺️  Grid: 0.080% | 🔺 7547.25 🔻 7545.25
  📡 RSI: 58.6 | MACD: -0.36 | ATR: 1.36
  📊 Filled: 0 | Pending: 0
  🔲 Regime: RANGING | Range pos: 85% | RSI: 58.6
  💰 Daily P&L: $+0.00

[2026-07-21 12:36] O:7547.25 H:7549.00 L:7547.25 C:7549.00 V:1123.0
  📈 Trend: moderate_bearish (raw: moderate_bullish) | 🌍 Regime: ranging
  🗺️  Grid: 0.080% | 🔺 7547.50 🔻 7546.50
  📡 RSI: 62.5 | MACD: -0.21 | ATR: 1.39
  📊 Filled: 0 | Pending: 0
  🔲 Regime: RANGING | Range pos: 88% | RSI: 62.5
  💰 Daily P&L: $+0.00

[2026-07-21 12:37] O:7549.00 H:7549.50 L:7548.25 C:7549.25 V:948.0
  📈 Trend: moderate_bullish | 🌍 Regime: ranging
  🗺️  Grid: 0.080% | 🔺 7549.00 🔻 7547.25
  📡 RSI: 65.6 | MACD: -0.07 | ATR: 1.39
  📊 Filled: 0 | Pending: 0
  🔲 Regime: RANGING | Range pos: 89% | RSI: 65.6
  💰 Daily P&L: $+0.00

[2026-07-21 12:38] O:7549.00 H:7550.25 L:7549.00 C:7550.00 V:1161.0
  📈 Trend: moderate_bullish (raw: strong_bullish) | 🌍 Regime: ranging
  🗺️  Grid: 0.080% | 🔺 7549.50 🔻 7548.25
  📡 RSI: 66.7 | MACD: 0.09 | ATR: 1.38
  📊 Filled: 0 | Pending: 0
  🔲 Regime: RANGING | Range pos: 91% | RSI: 66.7
  💰 Daily P&L: $+0.00

[2026-07-21 12:39] O:7549.75 H:7550.25 L:7549.00 C:7550.25 V:798.0
  📈 Trend: strong_bullish | 🌍 Regime: ranging
  🗺️  Grid: 0.080% | 🔺 7550.25 🔻 7549.00
  📡 RSI: 69.7 | MACD: 0.25 | ATR: 1.36
  📊 Filled: 0 | Pending: 0
  🔲 Regime: RANGING | Range pos: 91% | RSI: 69.7
  💰 Daily P&L: $+0.00

[2026-07-21 12:40] O:7550.25 H:7550.50 L:7548.75 C:7549.00 V:1221.0
  📈 Trend: strong_bullish | 🌍 Regime: ranging
  🗺️  Grid: 0.080% | 🔺 7550.25 🔻 7549.00
  📡 RSI: 60.5 | MACD: 0.26 | ATR: 1.41
  📊 Filled: 0 | Pending: 0
  🔲 Regime: RANGING | Range pos: 88% | RSI: 60.5
  💰 Daily P&L: $+0.00

[2026-07-21 12:41] O:7549.25 H:7549.50 L:7548.50 C:7548.75 V:627.0
  📈 Trend: strong_bullish | 🌍 Regime: ranging
  🗺️  Grid: 0.080% | 🔺 7550.50 🔻 7548.75
  📡 RSI: 63.9 | MACD: 0.25 | ATR: 1.41
  📊 Filled: 0 | Pending: 0
  🔲 Regime: RANGING | Range pos: 88% | RSI: 63.9
  💰 Daily P&L: $+0.00

[2026-07-21 12:42] O:7548.75 H:7549.00 L:7548.00 C:7548.25 V:608.0
  📈 Trend: strong_bullish | 🌍 Regime: ranging
  🗺️  Grid: 0.080% | 🔺 7549.50 🔻 7548.50
  📡 RSI: 60.5 | MACD: 0.20 | ATR: 1.43
  📊 Filled: 0 | Pending: 0
  🔲 Regime: RANGING | Range pos: 87% | RSI: 60.5
  💰 Daily P&L: $+0.00

[2026-07-21 12:43] O:7548.50 H:7549.25 L:7548.25 C:7549.25 V:447.0
  📈 Trend: strong_bullish | 🌍 Regime: ranging
  🗺️  Grid: 0.080% | 🔺 7549.00 🔻 7548.00
  📡 RSI: 61.5 | MACD: 0.24 | ATR: 1.41
  📊 Filled: 0 | Pending: 0
  🔲 Regime: RANGING | Range pos: 89% | RSI: 61.5
  💰 Daily P&L: $+0.00

[2026-07-21 12:44] O:7549.25 H:7550.00 L:7549.00 C:7549.75 V:533.0
  📈 Trend: strong_bullish | 🌍 Regime: ranging
  🗺️  Grid: 0.080% | 🔺 7549.25 🔻 7548.25
  📡 RSI: 60.5 | MACD: 0.31 | ATR: 1.36
  📊 Filled: 0 | Pending: 0
  🔲 Regime: RANGING | Range pos: 90% | RSI: 60.5
  💰 Daily P&L: $+0.00

[2026-07-21 12:45] O:7550.00 H:7550.50 L:7548.75 C:7548.75 V:780.0
  📈 Trend: strong_bullish | 🌍 Regime: ranging
  🗺️  Grid: 0.080% | 🔺 7550.00 🔻 7549.00
  📡 RSI: 50.0 | MACD: 0.27 | ATR: 1.36
  📊 Filled: 0 | Pending: 0
  🔲 Regime: RANGING | Range pos: 88% | RSI: 50.0
  💰 Daily P&L: $+0.00

[2026-07-21 12:46] O:7548.75 H:7550.25 L:7548.50 C:7549.00 V:629.0
  📈 Trend: strong_bullish | 🌍 Regime: ranging
  🗺️  Grid: 0.080% | 🔺 7550.50 🔻 7548.75
  📡 RSI: 51.3 | MACD: 0.27 | ATR: 1.39
  📊 Filled: 0 | Pending: 0
  🔲 Regime: RANGING | Range pos: 88% | RSI: 51.3
  💰 Daily P&L: $+0.00

[2026-07-21 12:47] O:7549.25 H:7550.50 L:7549.25 C:7550.25 V:517.0
  📈 Trend: strong_bullish | 🌍 Regime: ranging
  🗺️  Grid: 0.080% | 🔺 7550.25 🔻 7548.50
  📡 RSI: 65.8 | MACD: 0.36 | ATR: 1.38
  📊 Filled: 0 | Pending: 0
  🔲 Regime: RANGING | Range pos: 91% | RSI: 65.8
  💰 Daily P&L: $+0.00

[2026-07-21 12:48] O:7550.00 H:7550.75 L:7549.75 C:7550.25 V:407.0
  📈 Trend: strong_bullish | 🌍 Regime: ranging
  🗺️  Grid: 0.080% | 🔺 7550.50 🔻 7549.25
  📡 RSI: 67.6 | MACD: 0.42 | ATR: 1.30
  📊 Filled: 0 | Pending: 0
  🔲 Regime: RANGING | Range pos: 91% | RSI: 67.6
  💰 Daily P&L: $+0.00

[2026-07-21 12:49] O:7550.25 H:7551.75 L:7550.25 C:7551.25 V:643.0
  📈 Trend: strong_bullish | 🌍 Regime: ranging
  🗺️  Grid: 0.080% | 🔺 7550.75 🔻 7549.75
  📡 RSI: 69.2 | MACD: 0.55 | ATR: 1.34
  📊 Filled: 0 | Pending: 0
  🔲 Regime: RANGING | Range pos: 94% | RSI: 69.2
  💰 Daily P&L: $+0.00

[2026-07-21 12:50] O:7551.50 H:7552.50 L:7551.25 C:7551.75 V:1461.0
  📈 Trend: strong_bullish | 🌍 Regime: ranging
  🗺️  Grid: 0.080% | 🔺 7551.75 🔻 7550.25
  📡 RSI: 65.7 | MACD: 0.69 | ATR: 1.30
  📊 Filled: 0 | Pending: 0
  🔲 Regime: RANGING | Range pos: 95% | RSI: 65.7
  💰 Daily P&L: $+0.00

[2026-07-21 12:51] O:7551.75 H:7551.75 L:7550.50 C:7551.00 V:767.0
  📈 Trend: strong_bullish | 🌍 Regime: ranging
  🗺️  Grid: 0.080% | 🔺 7552.50 🔻 7551.25
  📡 RSI: 59.5 | MACD: 0.72 | ATR: 1.30
  📊 Filled: 0 | Pending: 0
  🔲 Regime: RANGING | Range pos: 93% | RSI: 59.5
  💰 Daily P&L: $+0.00

[2026-07-21 12:52] O:7550.75 H:7551.50 L:7550.50 C:7551.50 V:563.0
  📈 Trend: strong_bullish | 🌍 Regime: ranging
  🗺️  Grid: 0.080% | 🔺 7551.75 🔻 7550.50
  📡 RSI: 58.3 | MACD: 0.78 | ATR: 1.29
  📊 Filled: 0 | Pending: 0
  🔲 Regime: RANGING | Range pos: 94% | RSI: 58.3
  💰 Daily P&L: $+0.00

[2026-07-21 12:53] O:7551.25 H:7552.00 L:7550.75 C:7551.00 V:569.0
  📈 Trend: strong_bullish | 🌍 Regime: ranging
  🗺️  Grid: 0.080% | 🔺 7551.50 🔻 7550.50
  📡 RSI: 54.1 | MACD: 0.78 | ATR: 1.29
  📊 Filled: 0 | Pending: 0
  🔲 Regime: RANGING | Range pos: 93% | RSI: 54.1
  💰 Daily P&L: $+0.00

[2026-07-21 12:54] O:7550.75 H:7551.25 L:7549.50 C:7549.75 V:825.0
  📈 Trend: strong_bullish | 🌍 Regime: ranging
  🗺️  Grid: 0.080% | 🔺 7552.00 🔻 7550.75
  📡 RSI: 54.1 | MACD: 0.67 | ATR: 1.29
  📊 Filled: 0 | Pending: 0
  🔲 Regime: RANGING | Range pos: 90% | RSI: 54.1
  💰 Daily P&L: $+0.00

[2026-07-21 12:55] O:7549.75 H:7550.25 L:7549.50 C:7549.75 V:710.0
  📈 Trend: strong_bullish | 🌍 Regime: ranging
  🗺️  Grid: 0.080% | 🔺 7551.25 🔻 7549.50
  📡 RSI: 55.6 | MACD: 0.58 | ATR: 1.27
  📊 Filled: 0 | Pending: 0
  🔲 Regime: RANGING | Range pos: 90% | RSI: 55.6
  💰 Daily P&L: $+0.00

[2026-07-21 12:56] O:7549.50 H:7550.25 L:7548.25 C:7548.75 V:818.0
  📈 Trend: strong_bullish (raw: moderate_bullish) | 🌍 Regime: ranging
  🗺️  Grid: 0.080% | 🔺 7550.25 🔻 7549.50
  📡 RSI: 52.6 | MACD: 0.42 | ATR: 1.34
  📊 Filled: 0 | Pending: 0
  🔲 Regime: RANGING | Range pos: 88% | RSI: 52.6
  💰 Daily P&L: $+0.00

[2026-07-21 12:57] O:7548.75 H:7549.50 L:7548.00 C:7548.50 V:1028.0
  📈 Trend: moderate_bullish | 🌍 Regime: ranging
  🗺️  Grid: 0.080% | 🔺 7550.25 🔻 7548.25
  📡 RSI: 45.7 | MACD: 0.27 | ATR: 1.38
  📊 Filled: 0 | Pending: 0
  🔲 Regime: RANGING | Range pos: 87% | RSI: 45.7
  💰 Daily P&L: $+0.00

[2026-07-21 12:58] O:7548.75 H:7549.25 L:7548.25 C:7549.00 V:478.0
  📈 Trend: moderate_bullish | 🌍 Regime: ranging
  🗺️  Grid: 0.080% | 🔺 7549.50 🔻 7548.00
  📡 RSI: 45.7 | MACD: 0.19 | ATR: 1.38
  📊 Filled: 0 | Pending: 0
  🔲 Regime: RANGING | Range pos: 88% | RSI: 45.7
  💰 Daily P&L: $+0.00

[2026-07-21 12:59] O:7549.00 H:7550.00 L:7548.75 C:7549.25 V:591.0
  📈 Trend: moderate_bullish (raw: strong_bullish) | 🌍 Regime: ranging
  🗺️  Grid: 0.080% | 🔺 7549.25 🔻 7548.25
  📡 RSI: 53.1 | MACD: 0.14 | ATR: 1.34
  📊 Filled: 0 | Pending: 0
  🔲 Regime: RANGING | Range pos: 89% | RSI: 53.1
  💰 Daily P&L: $+0.00

[2026-07-21 13:00] O:7549.00 H:7550.50 L:7548.50 C:7550.00 V:831.0
  📈 Trend: strong_bullish | 🌍 Regime: ranging
  🗺️  Grid: 0.080% | 🔺 7550.00 🔻 7548.75
  📡 RSI: 55.9 | MACD: 0.17 | ATR: 1.36
  📊 Filled: 0 | Pending: 0
  🔲 Regime: RANGING | Range pos: 91% | RSI: 55.9
  💰 Daily P&L: $+0.00

[2026-07-21 13:01] O:7550.25 H:7550.75 L:7549.00 C:7549.50 V:837.0
  📈 Trend: strong_bullish | 🌍 Regime: ranging
  🗺️  Grid: 0.080% | 🔺 7550.50 🔻 7548.50
  📡 RSI: 45.2 | MACD: 0.14 | ATR: 1.38
  📊 Filled: 0 | Pending: 0
  🔲 Regime: RANGING | Range pos: 90% | RSI: 45.2
  💰 Daily P&L: $+0.00

[2026-07-21 13:02] O:7549.50 H:7550.25 L:7546.50 C:7547.50 V:2663.0
  📈 Trend: strong_bullish (raw: moderate_bullish) | 🌍 Regime: ranging
  🗺️  Grid: 0.080% | 🔺 7550.75 🔻 7549.00
  📡 RSI: 35.9 | MACD: -0.04 | ATR: 1.57
  📊 Filled: 0 | Pending: 0
  🔲 Regime: RANGING | Range pos: 85% | RSI: 35.9
  💰 Daily P&L: $+0.00

[2026-07-21 13:03] O:7547.75 H:7547.75 L:7545.00 C:7545.50 V:3859.0
  📈 Trend: moderate_bullish | 🌍 Regime: ranging
  🗺️  Grid: 0.080% | 🔺 7550.25 🔻 7546.50
  📡 RSI: 23.3 | MACD: -0.34 | ATR: 1.66
  📊 Filled: 0 | Pending: 0
  🔲 Regime: RANGING | Range pos: 80% | RSI: 23.3
  💰 Daily P&L: $+0.00

[2026-07-21 13:04] O:7545.75 H:7547.75 L:7545.50 C:7546.00 V:2382.0
  📈 Trend: moderate_bullish | 🌍 Regime: ranging
  🗺️  Grid: 0.080% | 🔺 7547.75 🔻 7545.00
  📡 RSI: 23.3 | MACD: -0.53 | ATR: 1.73
  📊 Filled: 0 | Pending: 0
  🔲 Regime: RANGING | Range pos: 82% | RSI: 23.3
  💰 Daily P&L: $+0.00

[2026-07-21 13:05] O:7546.00 H:7547.00 L:7545.75 C:7546.25 V:1190.0
  📈 Trend: moderate_bullish | 🌍 Regime: ranging
  🗺️  Grid: 0.080% | 🔺 7547.75 🔻 7545.50
  📡 RSI: 26.8 | MACD: -0.65 | ATR: 1.73
  📊 Filled: 0 | Pending: 0
  🔲 Regime: RANGING | Range pos: 82% | RSI: 26.8
  💰 Daily P&L: $+0.00

[2026-07-21 13:06] O:7546.50 H:7547.25 L:7545.75 C:7547.00 V:754.0
  📈 Trend: moderate_bullish | 🌍 Regime: ranging
  🗺️  Grid: 0.080% | 🔺 7547.00 🔻 7545.75
  📡 RSI: 28.6 | MACD: -0.68 | ATR: 1.77
  📊 Filled: 0 | Pending: 0
  🔲 Regime: RANGING | Range pos: 84% | RSI: 28.6
  💰 Daily P&L: $+0.00

[2026-07-21 13:07] O:7547.00 H:7547.75 L:7546.75 C:7547.25 V:682.0
  📈 Trend: moderate_bullish | 🌍 Regime: ranging
  🗺️  Grid: 0.080% | 🔺 7547.25 🔻 7545.75
  📡 RSI: 31.7 | MACD: -0.68 | ATR: 1.75
  📊 Filled: 0 | Pending: 0
  🔲 Regime: RANGING | Range pos: 84% | RSI: 31.7
  💰 Daily P&L: $+0.00

[2026-07-21 13:08] O:7547.25 H:7548.75 L:7547.25 C:7547.75 V:928.0
  📈 Trend: moderate_bullish | 🌍 Regime: ranging
  🗺️  Grid: 0.080% | 🔺 7547.75 🔻 7546.75
  📡 RSI: 39.5 | MACD: -0.63 | ATR: 1.73
  📊 Filled: 0 | Pending: 0
  🔲 Regime: RANGING | Range pos: 86% | RSI: 39.5
  💰 Daily P&L: $+0.00

[2026-07-21 13:09] O:7547.75 H:7548.00 L:7547.25 C:7547.50 V:586.0
  📈 Trend: moderate_bullish | 🌍 Regime: ranging
  🗺️  Grid: 0.080% | 🔺 7548.75 🔻 7547.25
  📡 RSI: 38.5 | MACD: -0.60 | ATR: 1.73
  📊 Filled: 0 | Pending: 0
  🔲 Regime: RANGING | Range pos: 85% | RSI: 38.5
  💰 Daily P&L: $+0.00

[2026-07-21 13:10] O:7547.50 H:7547.50 L:7546.50 C:7547.00 V:655.0
  📈 Trend: moderate_bullish | 🌍 Regime: ranging
  🗺️  Grid: 0.080% | 🔺 7548.00 🔻 7547.25
  📡 RSI: 40.5 | MACD: -0.61 | ATR: 1.66
  📊 Filled: 0 | Pending: 0
  🔲 Regime: RANGING | Range pos: 84% | RSI: 40.5
  💰 Daily P&L: $+0.00

[2026-07-21 13:11] O:7547.00 H:7548.00 L:7546.75 C:7548.00 V:600.0
  📈 Trend: moderate_bullish (raw: strong_bearish) | 🌍 Regime: ranging
  🗺️  Grid: 0.080% | 🔺 7547.50 🔻 7546.50
  📡 RSI: 47.5 | MACD: -0.53 | ATR: 1.64
  📊 Filled: 0 | Pending: 0
  🔲 Regime: RANGING | Range pos: 86% | RSI: 47.5
  💰 Daily P&L: $+0.00

[2026-07-21 13:12] O:7548.00 H:7548.50 L:7547.00 C:7547.00 V:411.0
  📈 Trend: strong_bearish | 🌍 Regime: ranging
  🗺️  Grid: 0.080% | 🔺 7548.00 🔻 7546.75
  📡 RSI: 40.5 | MACD: -0.55 | ATR: 1.68
  📊 Filled: 0 | Pending: 0
  🔲 Regime: RANGING | Range pos: 84% | RSI: 40.5
  💰 Daily P&L: $+0.00

[2026-07-21 13:13] O:7547.00 H:7547.25 L:7546.50 C:7546.50 V:425.0
  📈 Trend: strong_bearish | 🌍 Regime: ranging
  🗺️  Grid: 0.080% | 🔺 7548.50 🔻 7547.00
  📡 RSI: 37.2 | MACD: -0.59 | ATR: 1.64
  📊 Filled: 0 | Pending: 0
  🔲 Regime: RANGING | Range pos: 83% | RSI: 37.2
  💰 Daily P&L: $+0.00

[2026-07-21 13:14] O:7546.50 H:7546.50 L:7544.25 C:7544.75 V:2052.0
  📈 Trend: strong_bearish | 🌍 Regime: ranging
  🗺️  Grid: 0.080% | 🔺 7547.25 🔻 7546.50
  📡 RSI: 27.7 | MACD: -0.76 | ATR: 1.66
  📊 Filled: 0 | Pending: 0
  🔲 Regime: RANGING | Range pos: 79% | RSI: 27.7
  💰 Daily P&L: $+0.00

[2026-07-21 13:15] O:7544.75 H:7545.25 L:7543.75 C:7544.75 V:1572.0
  📈 Trend: strong_bearish | 🌍 Regime: ranging
  🗺️  Grid: 0.080% | 🔺 7546.50 🔻 7544.25
  📡 RSI: 28.9 | MACD: -0.88 | ATR: 1.64
  📊 Filled: 0 | Pending: 0
  🔲 Regime: RANGING | Range pos: 79% | RSI: 28.9
  💰 Daily P&L: $+0.00

[2026-07-21 13:16] O:7545.00 H:7545.50 L:7544.50 C:7544.75 V:828.0
  📈 Trend: strong_bearish | 🌍 Regime: ranging
  🗺️  Grid: 0.080% | 🔺 7545.25 🔻 7543.75
  📡 RSI: 35.1 | MACD: -0.97 | ATR: 1.45
  📊 Filled: 0 | Pending: 0
  🔲 Regime: RANGING | Range pos: 79% | RSI: 35.1
  💰 Daily P&L: $+0.00

[2026-07-21 13:17] O:7545.00 H:7545.75 L:7545.00 C:7545.50 V:639.0
  📈 Trend: strong_bearish | 🌍 Regime: ranging
  🗺️  Grid: 0.080% | 🔺 7545.50 🔻 7544.50
  📡 RSI: 50.0 | MACD: -0.96 | ATR: 1.32
  📊 Filled: 0 | Pending: 0
  🔲 Regime: RANGING | Range pos: 80% | RSI: 50.0
  💰 Daily P&L: $+0.00

[2026-07-21 13:18] O:7545.75 H:7546.00 L:7544.00 C:7544.25 V:733.0
  📈 Trend: strong_bearish | 🌍 Regime: ranging
  🗺️  Grid: 0.080% | 🔺 7545.75 🔻 7545.00
  📡 RSI: 40.0 | MACD: -1.05 | ATR: 1.30
  📊 Filled: 0 | Pending: 0
  🔲 Regime: RANGING | Range pos: 77% | RSI: 40.0
  💰 Daily P&L: $+0.00

[2026-07-21 13:19] O:7544.25 H:7545.25 L:7544.00 C:7545.00 V:702.0
  📈 Trend: strong_bearish | 🌍 Regime: ranging
  🗺️  Grid: 0.080% | 🔺 7546.00 🔻 7544.00
  📡 RSI: 43.2 | MACD: -1.04 | ATR: 1.30
  📊 Filled: 0 | Pending: 0
  🔲 Regime: RANGING | Range pos: 79% | RSI: 43.2
  💰 Daily P&L: $+0.00

[2026-07-21 13:20] O:7545.00 H:7545.25 L:7544.25 C:7545.00 V:949.0
  📈 Trend: strong_bearish | 🌍 Regime: ranging
  🗺️  Grid: 0.080% | 🔺 7545.25 🔻 7544.00
  📡 RSI: 38.2 | MACD: -1.03 | ATR: 1.27
  📊 Filled: 0 | Pending: 0
  🔲 Regime: RANGING | Range pos: 79% | RSI: 38.2
  💰 Daily P&L: $+0.00

[2026-07-21 13:21] O:7545.25 H:7545.50 L:7544.25 C:7545.00 V:863.0
  📈 Trend: strong_bearish | 🌍 Regime: ranging
  🗺️  Grid: 0.080% | 🔺 7545.25 🔻 7544.25
  📡 RSI: 36.4 | MACD: -1.01 | ATR: 1.29
  📊 Filled: 0 | Pending: 0
  🔲 Regime: RANGING | Range pos: 79% | RSI: 36.4
  💰 Daily P&L: $+0.00

[2026-07-21 13:22] O:7545.00 H:7546.50 L:7544.75 C:7546.25 V:900.0
  📈 Trend: strong_bearish (raw: moderate_bullish) | 🌍 Regime: ranging
  🗺️  Grid: 0.080% | 🔺 7545.50 🔻 7544.25
  📡 RSI: 41.7 | MACD: -0.88 | ATR: 1.30
  📊 Filled: 0 | Pending: 0
  🔲 Regime: RANGING | Range pos: 82% | RSI: 41.7
  💰 Daily P&L: $+0.00

[2026-07-21 13:23] O:7546.00 H:7546.50 L:7545.25 C:7546.00 V:522.0
  📈 Trend: strong_bearish (raw: moderate_bearish) | 🌍 Regime: ranging
  🗺️  Grid: 0.080% | 🔺 7546.50 🔻 7544.75
  📡 RSI: 41.7 | MACD: -0.78 | ATR: 1.34
  📊 Filled: 0 | Pending: 0
  🔲 Regime: RANGING | Range pos: 82% | RSI: 41.7
  💰 Daily P&L: $+0.00

[2026-07-21 13:24] O:7546.00 H:7547.00 L:7545.25 C:7546.00 V:1080.0
  📈 Trend: moderate_bearish | 🌍 Regime: ranging
  🗺️  Grid: 0.080% | 🔺 7546.50 🔻 7545.25
  📡 RSI: 44.1 | MACD: -0.70 | ATR: 1.39
  📊 Filled: 0 | Pending: 0
  🔲 Regime: RANGING | Range pos: 82% | RSI: 44.1
  💰 Daily P&L: $+0.00

[2026-07-21 13:25] O:7546.00 H:7546.00 L:7544.50 C:7544.75 V:763.0
  📈 Trend: moderate_bearish | 🌍 Regime: ranging
  🗺️  Grid: 0.080% | 🔺 7547.00 🔻 7545.25
  📡 RSI: 31.4 | MACD: -0.73 | ATR: 1.41
  📊 Filled: 0 | Pending: 0
  🔲 Regime: RANGING | Range pos: 79% | RSI: 31.4
  💰 Daily P&L: $+0.00

[2026-07-21 13:26] O:7544.75 H:7545.00 L:7544.00 C:7544.25 V:506.0
  📈 Trend: moderate_bearish | 🌍 Regime: ranging
  🗺️  Grid: 0.080% | 🔺 7546.00 🔻 7544.50
  📡 RSI: 33.3 | MACD: -0.79 | ATR: 1.38
  📊 Filled: 0 | Pending: 0
  🔲 Regime: RANGING | Range pos: 77% | RSI: 33.3
  💰 Daily P&L: $+0.00

[2026-07-21 13:27] O:7544.25 H:7545.00 L:7543.50 C:7544.00 V:742.0
  📈 Trend: moderate_bearish (raw: strong_bearish) | 🌍 Regime: ranging
  🗺️  Grid: 0.080% | 🔺 7545.00 🔻 7544.00
  📡 RSI: 34.4 | MACD: -0.84 | ATR: 1.43
  📊 Filled: 0 | Pending: 0
  🔲 Regime: RANGING | Range pos: 77% | RSI: 34.4
  💰 Daily P&L: $+0.00

[2026-07-21 13:28] O:7544.00 H:7544.75 L:7544.00 C:7544.25 V:541.0
  📈 Trend: strong_bearish | 🌍 Regime: ranging
  🗺️  Grid: 0.080% | 🔺 7545.00 🔻 7543.50
  📡 RSI: 46.2 | MACD: -0.85 | ATR: 1.32
  📊 Filled: 0 | Pending: 0
  🔲 Regime: RANGING | Range pos: 77% | RSI: 46.2
  💰 Daily P&L: $+0.00

[2026-07-21 13:29] O:7544.25 H:7545.50 L:7544.25 C:7545.00 V:611.0
  📈 Trend: strong_bearish (raw: moderate_bearish) | 🌍 Regime: ranging
  🗺️  Grid: 0.080% | 🔺 7544.75 🔻 7544.00
  📡 RSI: 51.7 | MACD: -0.79 | ATR: 1.30
  📊 Filled: 0 | Pending: 0
  🔲 Regime: RANGING | Range pos: 79% | RSI: 51.7
  💰 Daily P&L: $+0.00

[2026-07-21 13:30] O:7545.25 H:7545.75 L:7543.75 C:7543.75 V:1048.0
  📈 Trend: strong_bearish | 🌍 Regime: ranging
  🗺️  Grid: 0.080% | 🔺 7545.50 🔻 7544.25
  📡 RSI: 44.1 | MACD: -0.83 | ATR: 1.38
  📊 Filled: 0 | Pending: 0
  🔲 Regime: RANGING | Range pos: 76% | RSI: 44.1
  💰 Daily P&L: $+0.00

[2026-07-21 13:31] O:7543.75 H:7543.75 L:7542.50 C:7543.00 V:1467.0
  📈 Trend: strong_bearish | 🌍 Regime: ranging
  🗺️  Grid: 0.080% | 🔺 7545.75 🔻 7543.75
  📡 RSI: 35.3 | MACD: -0.92 | ATR: 1.39
  📊 Filled: 0 | Pending: 0
  🔲 Regime: RANGING | Range pos: 75% | RSI: 35.3
  💰 Daily P&L: $+0.00

[2026-07-21 13:32] O:7543.00 H:7543.50 L:7542.25 C:7543.00 V:954.0
  📈 Trend: strong_bearish | 🌍 Regime: ranging
  🗺️  Grid: 0.080% | 🔺 7543.75 🔻 7542.50
  📡 RSI: 41.4 | MACD: -0.97 | ATR: 1.34
  📊 Filled: 0 | Pending: 0
  🔲 Regime: RANGING | Range pos: 75% | RSI: 41.4
  💰 Daily P&L: $+0.00

[2026-07-21 13:33] O:7543.25 H:7543.50 L:7542.50 C:7543.25 V:594.0
  📈 Trend: strong_bearish | 🌍 Regime: ranging
  🗺️  Grid: 0.080% | 🔺 7543.50 🔻 7542.25
  📡 RSI: 37.0 | MACD: -0.99 | ATR: 1.32
  📊 Filled: 0 | Pending: 0
  🔲 Regime: RANGING | Range pos: 75% | RSI: 37.0
  💰 Daily P&L: $+0.00

[2026-07-21 13:34] O:7543.25 H:7544.00 L:7542.50 C:7542.50 V:824.0
  📈 Trend: strong_bearish | 🌍 Regime: ranging
  🗺️  Grid: 0.080% | 🔺 7543.50 🔻 7542.50
  📡 RSI: 33.3 | MACD: -1.05 | ATR: 1.36
  📊 Filled: 0 | Pending: 0
  🔲 Regime: RANGING | Range pos: 73% | RSI: 33.3
  💰 Daily P&L: $+0.00

[2026-07-21 13:35] O:7542.50 H:7544.75 L:7542.50 C:7544.50 V:852.0
  📈 Trend: strong_bearish (raw: moderate_bearish) | 🌍 Regime: ranging
  🗺️  Grid: 0.080% | 🔺 7544.00 🔻 7542.50
  📡 RSI: 47.4 | MACD: -0.92 | ATR: 1.43
  📊 Filled: 0 | Pending: 0
  🔲 Regime: RANGING | Range pos: 78% | RSI: 47.4
  💰 Daily P&L: $+0.00

[2026-07-21 13:36] O:7544.50 H:7544.75 L:7544.00 C:7544.25 V:693.0
  📈 Trend: moderate_bearish | 🌍 Regime: ranging
  🗺️  Grid: 0.080% | 🔺 7544.75 🔻 7542.50
  📡 RSI: 38.2 | MACD: -0.83 | ATR: 1.36
  📊 Filled: 0 | Pending: 0
  🔲 Regime: RANGING | Range pos: 77% | RSI: 38.2
  💰 Daily P&L: $+0.00

[2026-07-21 13:37] O:7544.25 H:7544.50 L:7544.00 C:7544.50 V:507.0
  📈 Trend: moderate_bearish (raw: moderate_bullish) | 🌍 Regime: ranging
  🗺️  Grid: 0.080% | 🔺 7544.75 🔻 7544.00
  📡 RSI: 41.2 | MACD: -0.73 | ATR: 1.30
  📊 Filled: 0 | Pending: 0
  🔲 Regime: RANGING | Range pos: 78% | RSI: 41.2
  💰 Daily P&L: $+0.00

[2026-07-21 13:38] O:7544.50 H:7545.75 L:7544.25 C:7545.25 V:825.0
  📈 Trend: moderate_bullish | 🌍 Regime: ranging
  🗺️  Grid: 0.080% | 🔺 7544.50 🔻 7544.00
  📡 RSI: 45.9 | MACD: -0.59 | ATR: 1.29
  📊 Filled: 0 | Pending: 0
  🔲 Regime: RANGING | Range pos: 80% | RSI: 45.9
  💰 Daily P&L: $+0.00

[2026-07-21 13:39] O:7545.25 H:7545.50 L:7544.25 C:7544.25 V:532.0
  📈 Trend: moderate_bullish (raw: moderate_bearish) | 🌍 Regime: ranging
  🗺️  Grid: 0.080% | 🔺 7545.75 🔻 7544.25
  📡 RSI: 47.2 | MACD: -0.54 | ATR: 1.27
  📊 Filled: 0 | Pending: 0
  🔲 Regime: RANGING | Range pos: 77% | RSI: 47.2
  💰 Daily P&L: $+0.00

[2026-07-21 13:40] O:7544.50 H:7545.00 L:7543.25 C:7544.75 V:800.0
  📈 Trend: moderate_bullish (raw: strong_bearish) | 🌍 Regime: ranging
  🗺️  Grid: 0.080% | 🔺 7545.50 🔻 7544.25
  📡 RSI: 52.8 | MACD: -0.47 | ATR: 1.32
  📊 Filled: 0 | Pending: 0
  🔲 Regime: RANGING | Range pos: 79% | RSI: 52.8
  💰 Daily P&L: $+0.00

[2026-07-21 13:41] O:7545.00 H:7546.00 L:7544.25 C:7544.50 V:1601.0
  📈 Trend: strong_bearish | 🌍 Regime: ranging
  🗺️  Grid: 0.080% | 🔺 7545.00 🔻 7543.25
  📡 RSI: 52.8 | MACD: -0.42 | ATR: 1.34
  📊 Filled: 0 | Pending: 0
  🔲 Regime: RANGING | Range pos: 78% | RSI: 52.8
  💰 Daily P&L: $+0.00

[2026-07-21 13:42] O:7544.75 H:7546.25 L:7544.50 C:7546.00 V:543.0
  📈 Trend: strong_bearish | 🌍 Regime: ranging
  🗺️  Grid: 0.080% | 🔺 7546.00 🔻 7544.25
  📡 RSI: 58.5 | MACD: -0.26 | ATR: 1.41
  📊 Filled: 0 | Pending: 0
  🔲 Regime: RANGING | Range pos: 82% | RSI: 58.5
  💰 Daily P&L: $+0.00

[2026-07-21 13:43] O:7546.00 H:7548.00 L:7545.25 C:7547.75 V:1184.0
  📈 Trend: strong_bearish (raw: moderate_bullish) | 🌍 Regime: ranging
  🗺️  Grid: 0.080% | 🔺 7546.25 🔻 7544.50
  📡 RSI: 62.2 | MACD: 0.01 | ATR: 1.52
  📊 Filled: 0 | Pending: 0
  🔲 Regime: RANGING | Range pos: 86% | RSI: 62.2
  💰 Daily P&L: $+0.00

[2026-07-21 13:44] O:7547.75 H:7549.25 L:7547.50 C:7548.25 V:2016.0
  📈 Trend: moderate_bullish | 🌍 Regime: ranging
  🗺️  Grid: 0.080% | 🔺 7548.00 🔻 7545.25
  📡 RSI: 71.4 | MACD: 0.26 | ATR: 1.50
  📊 Filled: 0 | Pending: 0
  🔲 Regime: RANGING | Range pos: 87% | RSI: 71.4
  🚫 Raw trend blocks RANGING SHORT | raw: moderate_bullish
  💰 Daily P&L: $+0.00

[2026-07-21 13:45] O:7548.50 H:7549.25 L:7548.25 C:7549.00 V:1018.0
  📈 Trend: moderate_bullish | 🌍 Regime: ranging
  🗺️  Grid: 0.080% | 🔺 7549.25 🔻 7547.50
  📡 RSI: 78.6 | MACD: 0.51 | ATR: 1.48
  📊 Filled: 0 | Pending: 0
  🔲 Regime: RANGING | Range pos: 88% | RSI: 78.6
  🚫 Raw trend blocks RANGING SHORT | raw: moderate_bullish
  💰 Daily P&L: $+0.00

[2026-07-21 13:46] O:7548.75 H:7549.25 L:7548.00 C:7549.00 V:753.0
  📈 Trend: moderate_bullish | 🌍 Regime: ranging
  🗺️  Grid: 0.080% | 🔺 7549.25 🔻 7548.25
  📡 RSI: 78.6 | MACD: 0.71 | ATR: 1.48
  📊 Filled: 0 | Pending: 0
  🔲 Regime: RANGING | Range pos: 88% | RSI: 78.6
  🚫 Raw trend blocks RANGING SHORT | raw: moderate_bullish
  💰 Daily P&L: $+0.00

[2026-07-21 13:47] O:7548.75 H:7548.75 L:7546.75 C:7547.50 V:960.0
  📈 Trend: moderate_bullish | 🌍 Regime: ranging
  🗺️  Grid: 0.080% | 🔺 7549.25 🔻 7548.00
  📡 RSI: 68.1 | MACD: 0.73 | ATR: 1.57
  📊 Filled: 0 | Pending: 0
  🔲 Regime: RANGING | Range pos: 85% | RSI: 68.1
  💰 Daily P&L: $+0.00

[2026-07-21 13:48] O:7547.50 H:7548.00 L:7547.00 C:7547.00 V:830.0
  📈 Trend: moderate_bullish | 🌍 Regime: ranging
  🗺️  Grid: 0.080% | 🔺 7548.75 🔻 7546.75
  📡 RSI: 69.6 | MACD: 0.70 | ATR: 1.54
  📊 Filled: 0 | Pending: 0
  🔲 Regime: RANGING | Range pos: 84% | RSI: 69.6
  💰 Daily P&L: $+0.00

[2026-07-21 13:49] O:7547.25 H:7548.25 L:7546.75 C:7547.75 V:433.0
  📈 Trend: moderate_bullish | 🌍 Regime: ranging
  🗺️  Grid: 0.080% | 🔺 7548.00 🔻 7547.00
  📡 RSI: 65.9 | MACD: 0.73 | ATR: 1.48
  📊 Filled: 0 | Pending: 0
  🔲 Regime: RANGING | Range pos: 86% | RSI: 65.9
  💰 Daily P&L: $+0.00

[2026-07-21 13:50] O:7547.50 H:7548.25 L:7547.25 C:7547.50 V:1076.0
  📈 Trend: moderate_bullish | 🌍 Regime: ranging
  🗺️  Grid: 0.080% | 🔺 7548.25 🔻 7546.75
  📡 RSI: 65.9 | MACD: 0.72 | ATR: 1.50
  📊 Filled: 0 | Pending: 0
  🔲 Regime: RANGING | Range pos: 85% | RSI: 65.9
  💰 Daily P&L: $+0.00

[2026-07-21 13:51] O:7547.75 H:7548.00 L:7547.25 C:7547.50 V:636.0
  📈 Trend: moderate_bullish (raw: strong_bullish) | 🌍 Regime: ranging
  🗺️  Grid: 0.080% | 🔺 7548.25 🔻 7547.25
  📡 RSI: 65.0 | MACD: 0.71 | ATR: 1.52
  📊 Filled: 0 | Pending: 0
  🔲 Regime: RANGING | Range pos: 85% | RSI: 65.0
  💰 Daily P&L: $+0.00

[2026-07-21 13:52] O:7547.25 H:7547.75 L:7547.00 C:7547.00 V:737.0
  📈 Trend: strong_bullish | 🌍 Regime: ranging
  🗺️  Grid: 0.080% | 🔺 7548.00 🔻 7547.25
  📡 RSI: 59.0 | MACD: 0.65 | ATR: 1.46
  📊 Filled: 0 | Pending: 0
  🔲 Regime: RANGING | Range pos: 84% | RSI: 59.0
  💰 Daily P&L: $+0.00

[2026-07-21 13:53] O:7547.00 H:7547.25 L:7545.75 C:7546.25 V:1270.0
  📈 Trend: strong_bullish | 🌍 Regime: ranging
  🗺️  Grid: 0.080% | 🔺 7547.75 🔻 7547.00
  📡 RSI: 60.5 | MACD: 0.54 | ATR: 1.48
  📊 Filled: 0 | Pending: 0
  🔲 Regime: RANGING | Range pos: 82% | RSI: 60.5
  💰 Daily P&L: $+0.00

[2026-07-21 13:54] O:7546.25 H:7546.50 L:7545.50 C:7545.50 V:605.0
  📈 Trend: strong_bullish (raw: moderate_bullish) | 🌍 Regime: ranging
  🗺️  Grid: 0.080% | 🔺 7547.25 🔻 7545.75
  📡 RSI: 53.8 | MACD: 0.38 | ATR: 1.43
  📊 Filled: 0 | Pending: 0
  🔲 Regime: RANGING | Range pos: 80% | RSI: 53.8
  💰 Daily P&L: $+0.00

[2026-07-21 13:55] O:7545.75 H:7547.75 L:7545.50 C:7546.75 V:1644.0
  📈 Trend: moderate_bullish | 🌍 Regime: ranging
  🗺️  Grid: 0.080% | 🔺 7546.50 🔻 7545.50
  📡 RSI: 60.5 | MACD: 0.36 | ATR: 1.46
  📊 Filled: 0 | Pending: 0
  🔲 Regime: RANGING | Range pos: 83% | RSI: 60.5
  💰 Daily P&L: $+0.00

[2026-07-21 13:56] O:7546.75 H:7547.25 L:7545.25 C:7546.25 V:918.0
  📈 Trend: moderate_bullish | 🌍 Regime: ranging
  🗺️  Grid: 0.080% | 🔺 7547.75 🔻 7545.50
  📡 RSI: 51.3 | MACD: 0.29 | ATR: 1.48
  📊 Filled: 0 | Pending: 0
  🔲 Regime: RANGING | Range pos: 82% | RSI: 51.3
  💰 Daily P&L: $+0.00

[2026-07-21 13:57] O:7546.25 H:7546.50 L:7545.75 C:7546.00 V:563.0
  📈 Trend: moderate_bullish | 🌍 Regime: ranging
  🗺️  Grid: 0.080% | 🔺 7547.25 🔻 7545.25
  📡 RSI: 39.4 | MACD: 0.22 | ATR: 1.34
  📊 Filled: 0 | Pending: 0
  🔲 Regime: RANGING | Range pos: 82% | RSI: 39.4
  💰 Daily P&L: $+0.00

[2026-07-21 13:58] O:7545.75 H:7546.25 L:7545.50 C:7545.50 V:440.0
  📈 Trend: moderate_bullish | 🌍 Regime: ranging
  🗺️  Grid: 0.080% | 🔺 7546.50 🔻 7545.75
  📡 RSI: 33.3 | MACD: 0.12 | ATR: 1.27
  📊 Filled: 0 | Pending: 0
  🔲 Regime: RANGING | Range pos: 80% | RSI: 33.3
  💰 Daily P&L: $+0.00

[2026-07-21 13:59] O:7545.75 H:7547.00 L:7545.75 C:7547.00 V:715.0
  📈 Trend: moderate_bullish | 🌍 Regime: ranging
  🗺️  Grid: 0.080% | 🔺 7546.25 🔻 7545.50
  📡 RSI: 38.9 | MACD: 0.16 | ATR: 1.30
  📊 Filled: 0 | Pending: 0
  🔲 Regime: RANGING | Range pos: 84% | RSI: 38.9
  💰 Daily P&L: $+0.00

[2026-07-21 14:00] O:7546.75 H:7547.75 L:7545.75 C:7546.00 V:1530.0
  📈 Trend: moderate_bullish | 🌍 Regime: ranging
  🗺️  Grid: 0.080% | 🔺 7547.00 🔻 7545.75
  📡 RSI: 35.0 | MACD: 0.11 | ATR: 1.36
  📊 Filled: 0 | Pending: 0
  🔲 Regime: RANGING | Range pos: 82% | RSI: 35.0
  💰 Daily P&L: $+0.00

[2026-07-21 14:01] O:7546.00 H:7546.25 L:7544.50 C:7545.50 V:987.0
  📈 Trend: moderate_bullish (raw: moderate_bearish) | 🌍 Regime: ranging
  🗺️  Grid: 0.080% | 🔺 7547.75 🔻 7545.75
  📡 RSI: 38.9 | MACD: 0.03 | ATR: 1.32
  📊 Filled: 0 | Pending: 0
  🔲 Regime: RANGING | Range pos: 80% | RSI: 38.9
  💰 Daily P&L: $+0.00

[2026-07-21 14:02] O:7545.50 H:7546.25 L:7545.25 C:7545.50 V:852.0
  📈 Trend: moderate_bullish (raw: strong_bearish) | 🌍 Regime: ranging
  🗺️  Grid: 0.080% | 🔺 7546.25 🔻 7544.50
  📡 RSI: 41.2 | MACD: -0.03 | ATR: 1.32
  📊 Filled: 0 | Pending: 0
  🔲 Regime: RANGING | Range pos: 80% | RSI: 41.2
  💰 Daily P&L: $+0.00

[2026-07-21 14:03] O:7545.50 H:7546.00 L:7545.25 C:7545.75 V:684.0
  📈 Trend: strong_bearish | 🌍 Regime: ranging
  🗺️  Grid: 0.080% | 🔺 7546.25 🔻 7545.25
  📡 RSI: 37.5 | MACD: -0.06 | ATR: 1.27
  📊 Filled: 0 | Pending: 0
  🔲 Regime: RANGING | Range pos: 81% | RSI: 37.5
  💰 Daily P&L: $+0.00

[2026-07-21 14:04] O:7545.75 H:7547.00 L:7545.75 C:7545.75 V:715.0
  📈 Trend: strong_bearish | 🌍 Regime: ranging
  🗺️  Grid: 0.080% | 🔺 7546.00 🔻 7545.25
  📡 RSI: 38.7 | MACD: -0.09 | ATR: 1.29
  📊 Filled: 0 | Pending: 0
  🔲 Regime: RANGING | Range pos: 81% | RSI: 38.7
  💰 Daily P&L: $+0.00

[2026-07-21 14:05] O:7545.75 H:7547.00 L:7545.00 C:7546.25 V:841.0
  📈 Trend: strong_bearish | 🌍 Regime: ranging
  🗺️  Grid: 0.080% | 🔺 7547.00 🔻 7545.75
  📡 RSI: 42.4 | MACD: -0.06 | ATR: 1.38
  📊 Filled: 0 | Pending: 0
  🔲 Regime: RANGING | Range pos: 82% | RSI: 42.4
  💰 Daily P&L: $+0.00

[2026-07-21 14:06] O:7546.25 H:7547.25 L:7546.00 C:7547.00 V:735.0
  📈 Trend: strong_bearish (raw: moderate_bearish) | 🌍 Regime: ranging
  🗺️  Grid: 0.080% | 🔺 7547.00 🔻 7545.00
  📡 RSI: 50.0 | MACD: 0.02 | ATR: 1.41
  📊 Filled: 0 | Pending: 0
  🔲 Regime: RANGING | Range pos: 84% | RSI: 50.0
  💰 Daily P&L: $+0.00

[2026-07-21 14:07] O:7547.00 H:7547.50 L:7546.25 C:7546.25 V:575.0
  📈 Trend: moderate_bearish | 🌍 Regime: ranging
  🗺️  Grid: 0.080% | 🔺 7547.25 🔻 7546.00
  📡 RSI: 50.0 | MACD: 0.02 | ATR: 1.39
  📊 Filled: 0 | Pending: 0
  🔲 Regime: RANGING | Range pos: 82% | RSI: 50.0
  💰 Daily P&L: $+0.00

[2026-07-21 14:08] O:7546.50 H:7546.50 L:7545.25 C:7545.50 V:1189.0
  📈 Trend: moderate_bearish (raw: strong_bearish) | 🌍 Regime: ranging
  🗺️  Grid: 0.080% | 🔺 7547.50 🔻 7546.25
  📡 RSI: 50.0 | MACD: -0.04 | ATR: 1.41
  📊 Filled: 0 | Pending: 0
  🔲 Regime: RANGING | Range pos: 80% | RSI: 50.0
  💰 Daily P&L: $+0.00

[2026-07-21 14:09] O:7545.50 H:7546.25 L:7544.50 C:7544.50 V:947.0
  📈 Trend: strong_bearish | 🌍 Regime: ranging
  🗺️  Grid: 0.080% | 🔺 7546.50 🔻 7545.25
  📡 RSI: 36.4 | MACD: -0.17 | ATR: 1.38
  📊 Filled: 0 | Pending: 0
  🔲 Regime: RANGING | Range pos: 78% | RSI: 36.4
  💰 Daily P&L: $+0.00

[2026-07-21 14:10] O:7544.75 H:7545.25 L:7544.00 C:7544.50 V:903.0
  📈 Trend: strong_bearish | 🌍 Regime: ranging
  🗺️  Grid: 0.080% | 🔺 7546.25 🔻 7544.50
  📡 RSI: 38.7 | MACD: -0.26 | ATR: 1.32
  📊 Filled: 0 | Pending: 0
  🔲 Regime: RANGING | Range pos: 78% | RSI: 38.7
  💰 Daily P&L: $+0.00

[2026-07-21 14:11] O:7544.75 H:7545.75 L:7544.75 C:7545.50 V:816.0
  📈 Trend: strong_bearish | 🌍 Regime: ranging
  🗺️  Grid: 0.080% | 🔺 7545.25 🔻 7544.00
  📡 RSI: 47.1 | MACD: -0.25 | ATR: 1.36
  📊 Filled: 0 | Pending: 0
  🔲 Regime: RANGING | Range pos: 80% | RSI: 47.1
  💰 Daily P&L: $+0.00

[2026-07-21 14:12] O:7545.75 H:7546.75 L:7545.25 C:7546.00 V:808.0
  📈 Trend: strong_bearish | 🌍 Regime: ranging
  🗺️  Grid: 0.080% | 🔺 7545.75 🔻 7544.75
  📡 RSI: 52.9 | MACD: -0.21 | ATR: 1.41
  📊 Filled: 0 | Pending: 0
  🔲 Regime: RANGING | Range pos: 82% | RSI: 52.9
  💰 Daily P&L: $+0.00

[2026-07-21 14:13] O:7545.75 H:7546.00 L:7545.25 C:7545.25 V:689.0
  📈 Trend: strong_bearish | 🌍 Regime: ranging
  🗺️  Grid: 0.080% | 🔺 7546.75 🔻 7545.25
  📡 RSI: 38.7 | MACD: -0.23 | ATR: 1.36
  📊 Filled: 0 | Pending: 0
  🔲 Regime: RANGING | Range pos: 80% | RSI: 38.7
  💰 Daily P&L: $+0.00

[2026-07-21 14:14] O:7545.25 H:7547.75 L:7545.00 C:7546.00 V:1153.0
  📈 Trend: strong_bearish | 🌍 Regime: ranging
  🗺️  Grid: 0.080% | 🔺 7546.00 🔻 7545.25
  📡 RSI: 50.0 | MACD: -0.18 | ATR: 1.41
  📊 Filled: 0 | Pending: 0
  🔲 Regime: RANGING | Range pos: 82% | RSI: 50.0
  💰 Daily P&L: $+0.00

[2026-07-21 14:15] O:7545.75 H:7546.75 L:7545.25 C:7546.50 V:701.0
  📈 Trend: strong_bearish (raw: moderate_bullish) | 🌍 Regime: ranging
  🗺️  Grid: 0.080% | 🔺 7547.75 🔻 7545.00
  📡 RSI: 56.7 | MACD: -0.10 | ATR: 1.39
  📊 Filled: 0 | Pending: 0
  🔲 Regime: RANGING | Range pos: 83% | RSI: 56.7
  💰 Daily P&L: $+0.00

[2026-07-21 14:16] O:7546.50 H:7547.75 L:7546.25 C:7547.50 V:1045.0
  📈 Trend: strong_bearish (raw: strong_bullish) | 🌍 Regime: ranging
  🗺️  Grid: 0.080% | 🔺 7546.75 🔻 7545.25
  📡 RSI: 61.8 | MACD: 0.04 | ATR: 1.43
  📊 Filled: 0 | Pending: 0
  🔲 Regime: RANGING | Range pos: 85% | RSI: 61.8
  💰 Daily P&L: $+0.00

[2026-07-21 14:17] O:7547.50 H:7548.00 L:7546.75 C:7547.50 V:905.0
  📈 Trend: strong_bullish | 🌍 Regime: ranging
  🗺️  Grid: 0.080% | 🔺 7547.75 🔻 7546.25
  📡 RSI: 60.6 | MACD: 0.15 | ATR: 1.46
  📊 Filled: 0 | Pending: 0
  🔲 Regime: RANGING | Range pos: 85% | RSI: 60.6
  💰 Daily P&L: $+0.00

[2026-07-21 14:18] O:7547.25 H:7547.50 L:7546.75 C:7547.00 V:768.0
  📈 Trend: strong_bullish (raw: moderate_bullish) | 🌍 Regime: ranging
  🗺️  Grid: 0.080% | 🔺 7548.00 🔻 7546.75
  📡 RSI: 57.1 | MACD: 0.20 | ATR: 1.43
  📊 Filled: 0 | Pending: 0
  🔲 Regime: RANGING | Range pos: 84% | RSI: 57.1
  💰 Daily P&L: $+0.00

[2026-07-21 14:19] O:7546.75 H:7547.25 L:7546.00 C:7546.50 V:762.0
  📈 Trend: strong_bullish | 🌍 Regime: ranging
  🗺️  Grid: 0.080% | 🔺 7547.50 🔻 7546.75
  📡 RSI: 51.4 | MACD: 0.19 | ATR: 1.38
  📊 Filled: 0 | Pending: 0
  🔲 Regime: RANGING | Range pos: 83% | RSI: 51.4
  💰 Daily P&L: $+0.00

[2026-07-21 14:20] O:7546.50 H:7547.25 L:7545.50 C:7546.75 V:978.0
  📈 Trend: strong_bullish | 🌍 Regime: ranging
  🗺️  Grid: 0.080% | 🔺 7547.25 🔻 7546.00
  📡 RSI: 48.5 | MACD: 0.21 | ATR: 1.41
  📊 Filled: 0 | Pending: 0
  🔲 Regime: RANGING | Range pos: 83% | RSI: 48.5
  💰 Daily P&L: $+0.00

[2026-07-21 14:21] O:7546.75 H:7547.25 L:7545.50 C:7545.50 V:762.0
  📈 Trend: strong_bullish (raw: moderate_bullish) | 🌍 Regime: ranging
  🗺️  Grid: 0.080% | 🔺 7547.25 🔻 7545.50
  📡 RSI: 45.7 | MACD: 0.11 | ATR: 1.45
  📊 Filled: 0 | Pending: 0
  🔲 Regime: RANGING | Range pos: 80% | RSI: 45.7
  💰 Daily P&L: $+0.00

[2026-07-21 14:22] O:7545.75 H:7546.00 L:7545.00 C:7545.75 V:845.0
  📈 Trend: strong_bullish (raw: strong_bearish) | 🌍 Regime: ranging
  🗺️  Grid: 0.080% | 🔺 7547.25 🔻 7545.50
  📡 RSI: 51.5 | MACD: 0.06 | ATR: 1.43
  📊 Filled: 0 | Pending: 0
  🔲 Regime: RANGING | Range pos: 81% | RSI: 51.5
  💰 Daily P&L: $+0.00

[2026-07-21 14:23] O:7546.00 H:7546.50 L:7545.25 C:7545.50 V:810.0
  📈 Trend: strong_bearish | 🌍 Regime: ranging
  🗺️  Grid: 0.080% | 🔺 7546.00 🔻 7545.00
  📡 RSI: 56.7 | MACD: -0.00 | ATR: 1.39
  📊 Filled: 0 | Pending: 0
  🔲 Regime: RANGING | Range pos: 80% | RSI: 56.7
  💰 Daily P&L: $+0.00

[2026-07-21 14:24] O:7545.75 H:7546.75 L:7545.50 C:7546.00 V:882.0
  📈 Trend: strong_bearish | 🌍 Regime: ranging
  🗺️  Grid: 0.080% | 🔺 7546.50 🔻 7545.25
  📡 RSI: 59.4 | MACD: -0.01 | ATR: 1.39
  📊 Filled: 0 | Pending: 0
  🔲 Regime: RANGING | Range pos: 82% | RSI: 59.4
  💰 Daily P&L: $+0.00

[2026-07-21 14:25] O:7546.00 H:7546.50 L:7545.75 C:7546.00 V:808.0
  📈 Trend: strong_bearish | 🌍 Regime: ranging
  🗺️  Grid: 0.080% | 🔺 7546.75 🔻 7545.50
  📡 RSI: 53.6 | MACD: -0.02 | ATR: 1.36
  📊 Filled: 0 | Pending: 0
  🔲 Regime: RANGING | Range pos: 82% | RSI: 53.6
  💰 Daily P&L: $+0.00

[2026-07-21 14:26] O:7545.75 H:7546.75 L:7545.00 C:7546.25 V:1235.0
  📈 Trend: strong_bearish | 🌍 Regime: ranging
  🗺️  Grid: 0.080% | 🔺 7546.50 🔻 7545.75
  📡 RSI: 51.9 | MACD: -0.00 | ATR: 1.38
  📊 Filled: 0 | Pending: 0
  🔲 Regime: RANGING | Range pos: 82% | RSI: 51.9
  💰 Daily P&L: $+0.00

[2026-07-21 14:27] O:7546.50 H:7547.75 L:7545.50 C:7545.75 V:1436.0
  📈 Trend: strong_bearish | 🌍 Regime: ranging
  🗺️  Grid: 0.080% | 🔺 7546.75 🔻 7545.00
  📡 RSI: 53.8 | MACD: -0.03 | ATR: 1.48
  📊 Filled: 0 | Pending: 0
  🔲 Regime: RANGING | Range pos: 81% | RSI: 53.8
  💰 Daily P&L: $+0.00

[2026-07-21 14:28] O:7545.75 H:7546.75 L:7545.75 C:7546.00 V:697.0
  📈 Trend: strong_bearish | 🌍 Regime: ranging
  🗺️  Grid: 0.080% | 🔺 7547.75 🔻 7545.50
  📡 RSI: 50.0 | MACD: -0.03 | ATR: 1.36
  📊 Filled: 0 | Pending: 0
  🔲 Regime: RANGING | Range pos: 82% | RSI: 50.0
  💰 Daily P&L: $+0.00

[2026-07-21 14:29] O:7546.00 H:7546.50 L:7545.50 C:7545.75 V:1182.0
  📈 Trend: strong_bearish | 🌍 Regime: ranging
  🗺️  Grid: 0.080% | 🔺 7546.75 🔻 7545.75
  📡 RSI: 43.5 | MACD: -0.05 | ATR: 1.32
  📊 Filled: 0 | Pending: 0
  🔲 Regime: RANGING | Range pos: 81% | RSI: 43.5
  💰 Daily P&L: $+0.00
→ Real-time bars cancelled
✓ Disconnected from IBKR
