2026-07-13 12:52:05 | ERROR    | Error 10147, reqId 536: OrderId 536 that needs to be cancelled is not found.
DE: SCALP
   • 10 contract(s) max
   • Grid entries only
   • Trailing stop enabled
   • SL: ~8 pts | TP: ~12 pts | Trail activates: +6 pts
   • Best for: Normal sessions, choppy/ranging opens
============================================================
✓ Connected to IBKR (paper) - clientId=10
✓ Front-month contract: ESU6 expiry=20260918

============================================================
Loading historical data for indicator warm-up...
============================================================
→ Fetching historical bars (1 D, 1 min)...
✓ Loaded 940 historical bars

Processing 940 historical bars...

Indicators ready!
  Bars loaded: 940
  Last price: 7604.00
  Trend: strong_bullish
  RSI: 64.2
  ATR: 3.93
  MACD: 2.52 / Signal: 2.11
  MA: 7599.65 / 7597.57 / 7596.32

------------------------------------------------------------
Account Value: $1,024,064.86
Buying Power: $4,094,240.68
Current Position: 0 contracts
------------------------------------------------------------

============================================================
Starting live 1-minute bar stream...
Strategy is now ACTIVE (SCALP mode)
============================================================

→ Subscribed to 5-second real-time bars (aggregating to 1 min)

[2026-07-13 08:39] O:7604.25 H:7605.25 L:7602.75 C:7603.00 V:1104.0
  📈 Trend: sideways (raw: strong_bullish) | 🌍 Regime: trending_bullish
  🗺️  Grid: 0.080% | 🔺 7606.00 🔻 7603.25
  📡 RSI: 62.2 | MACD: 2.35 | ATR: 4.00
  📊 Filled: 0 | Pending: 0
  🕐 Outside session (08:39 CT) — no entries
  💰 Daily P&L: $+0.00

[2026-07-13 08:40] O:7602.75 H:7603.00 L:7596.50 C:7598.75 V:5145.0
  📈 Trend: strong_bullish | 🌍 Regime: trending_bullish
  🗺️  Grid: 0.080% | 🔺 7605.25 🔻 7602.75
  📡 RSI: 58.1 | MACD: 1.86 | ATR: 4.25
  📊 Filled: 0 | Pending: 0
  🕐 Outside session (08:40 CT) — no entries
  💰 Daily P&L: $+0.00

[2026-07-13 08:41] O:7598.75 H:7601.25 L:7597.50 C:7599.25 V:4511.0
  📈 Trend: strong_bullish | 🌍 Regime: trending_bullish
  🗺️  Grid: 0.080% | 🔺 7603.00 🔻 7596.50
  📡 RSI: 57.1 | MACD: 1.49 | ATR: 4.38
  📊 Filled: 0 | Pending: 0
  🕐 Outside session (08:41 CT) — no entries
  💰 Daily P&L: $+0.00

[2026-07-13 08:42] O:7599.00 H:7600.25 L:7595.75 C:7600.00 V:4151.0
  📈 Trend: strong_bullish | 🌍 Regime: trending_bullish
  🗺️  Grid: 0.080% | 🔺 7601.25 🔻 7597.50
  📡 RSI: 56.8 | MACD: 1.24 | ATR: 4.55
  📊 Filled: 0 | Pending: 0
  🕐 Outside session (08:42 CT) — no entries
  💰 Daily P&L: $+0.00

[2026-07-13 08:43] O:7600.00 H:7602.25 L:7597.50 C:7598.25 V:5200.0
  📈 Trend: strong_bullish | 🌍 Regime: trending_bullish
  🗺️  Grid: 0.080% | 🔺 7600.25 🔻 7595.75
  📡 RSI: 42.3 | MACD: 0.90 | ATR: 4.29
  📊 Filled: 0 | Pending: 0
  🕐 Outside session (08:43 CT) — no entries
  💰 Daily P&L: $+0.00

[2026-07-13 08:44] O:7598.25 H:7601.75 L:7598.00 C:7601.00 V:3304.0
  📈 Trend: strong_bullish | 🌍 Regime: trending_bullish
  🗺️  Grid: 0.080% | 🔺 7602.25 🔻 7597.50
  📡 RSI: 39.6 | MACD: 0.83 | ATR: 4.12
  📊 Filled: 0 | Pending: 0
  🕐 Outside session (08:44 CT) — no entries
  💰 Daily P&L: $+0.00

[2026-07-13 08:45] O:7601.25 H:7601.50 L:7593.75 C:7594.75 V:6127.0
  📈 Trend: strong_bullish | 🌍 Regime: trending_bullish
  🗺️  Grid: 0.080% | 🔺 7601.75 🔻 7598.00
  📡 RSI: 32.8 | MACD: 0.28 | ATR: 4.36
  📊 Filled: 0 | Pending: 0
  💰 Daily P&L: $+0.00

[2026-07-13 08:46] O:7594.75 H:7602.25 L:7594.75 C:7600.00 V:4891.0
  📈 Trend: strong_bullish | 🌍 Regime: trending_bullish
  🗺️  Grid: 0.080% | 🔺 7601.50 🔻 7593.75
  📡 RSI: 45.0 | MACD: 0.26 | ATR: 4.59
  📊 Filled: 0 | Pending: 0
  💰 Daily P&L: $+0.00

[2026-07-13 08:47] O:7600.00 H:7601.25 L:7598.25 C:7598.25 V:3275.0
  📈 Trend: strong_bullish | 🌍 Regime: trending_bullish
  🗺️  Grid: 0.080% | 🔺 7602.25 🔻 7594.75
  📡 RSI: 40.4 | MACD: 0.10 | ATR: 4.50
  📊 Filled: 0 | Pending: 0
  💰 Daily P&L: $+0.00

[2026-07-13 08:48] O:7598.25 H:7600.50 L:7597.50 C:7599.75 V:2723.0
  📈 Trend: strong_bullish (raw: moderate_bullish) | 🌍 Regime: trending_bullish
  🗺️  Grid: 0.080% | 🔺 7601.25 🔻 7598.25
  📡 RSI: 39.6 | MACD: 0.09 | ATR: 4.45
  📊 Filled: 0 | Pending: 0
  💰 Daily P&L: $+0.00

[2026-07-13 08:49] O:7599.75 H:7602.00 L:7597.00 C:7599.50 V:3842.0
  📈 Trend: moderate_bullish | 🌍 Regime: trending_bullish
  🗺️  Grid: 0.080% | 🔺 7600.50 🔻 7597.50
  📡 RSI: 41.4 | MACD: 0.07 | ATR: 4.61
  📊 Filled: 0 | Pending: 0
  💰 Daily P&L: $+0.00

[2026-07-13 08:50] O:7599.75 H:7600.50 L:7597.00 C:7597.00 V:3087.0
  📈 Trend: moderate_bullish | 🌍 Regime: trending_bullish
  🗺️  Grid: 0.080% | 🔺 7602.00 🔻 7597.00
  📡 RSI: 42.3 | MACD: -0.15 | ATR: 4.54
  📊 Filled: 0 | Pending: 0
  💰 Daily P&L: $+0.00

[2026-07-13 08:51] O:7597.25 H:7597.75 L:7590.75 C:7591.25 V:5002.0
  📈 Trend: moderate_bullish | 🌍 Regime: trending_bullish
  🗺️  Grid: 0.080% | 🔺 7600.50 🔻 7597.00
  📡 RSI: 30.5 | MACD: -0.78 | ATR: 4.66
  📊 Filled: 0 | Pending: 0
  💰 Daily P&L: $+0.00

[2026-07-13 08:52] O:7591.25 H:7595.25 L:7590.25 C:7595.00 V:4007.0
  📈 Trend: moderate_bullish | 🌍 Regime: trending_bullish
  🗺️  Grid: 0.080% | 🔺 7597.75 🔻 7590.75
  📡 RSI: 38.2 | MACD: -0.97 | ATR: 4.82
  📊 Filled: 0 | Pending: 0
  💰 Daily P&L: $+0.00

[2026-07-13 08:53] O:7595.00 H:7597.25 L:7591.50 C:7594.50 V:2898.0
  📈 Trend: moderate_bullish | 🌍 Regime: trending_bullish
  🗺️  Grid: 0.080% | 🔺 7595.25 🔻 7590.25
  📡 RSI: 38.7 | MACD: -1.14 | ATR: 5.05
  📊 Filled: 0 | Pending: 0
  💰 Daily P&L: $+0.00

[2026-07-13 08:54] O:7594.75 H:7598.75 L:7594.50 C:7597.25 V:2839.0
  📈 Trend: moderate_bullish | 🌍 Regime: trending_bullish
  🗺️  Grid: 0.080% | 🔺 7597.25 🔻 7591.50
  📡 RSI: 47.9 | MACD: -1.05 | ATR: 4.89
  📊 Filled: 0 | Pending: 0
  💰 Daily P&L: $+0.00

[2026-07-13 08:55] O:7597.00 H:7600.75 L:7595.00 C:7598.75 V:3089.0
  📈 Trend: moderate_bullish | 🌍 Regime: trending_bullish
  🗺️  Grid: 0.080% | 🔺 7598.75 🔻 7594.50
  📡 RSI: 49.3 | MACD: -0.84 | ATR: 5.04
  📊 Filled: 0 | Pending: 0
  💰 Daily P&L: $+0.00

[2026-07-13 08:56] O:7598.75 H:7600.75 L:7597.00 C:7598.00 V:2668.0
  📈 Trend: moderate_bullish | 🌍 Regime: trending_bullish
  🗺️  Grid: 0.080% | 🔺 7600.75 🔻 7595.00
  📡 RSI: 47.3 | MACD: -0.73 | ATR: 4.98
  📊 Filled: 0 | Pending: 0
  💰 Daily P&L: $+0.00

[2026-07-13 08:57] O:7598.25 H:7602.00 L:7597.75 C:7601.75 V:2538.0
  📈 Trend: moderate_bullish | 🌍 Regime: trending_bullish
  🗺️  Grid: 0.080% | 🔺 7600.75 🔻 7597.00
  📡 RSI: 54.5 | MACD: -0.33 | ATR: 4.95
  📊 Filled: 0 | Pending: 0
  💰 Daily P&L: $+0.00

[2026-07-13 08:58] O:7601.75 H:7604.75 L:7601.75 C:7604.00 V:3940.0
  📈 Trend: moderate_bullish (raw: strong_bullish) | 🌍 Regime: trending_bullish
  🗺️  Grid: 0.080% | 🔺 7602.00 🔻 7597.75
  📡 RSI: 53.9 | MACD: 0.16 | ATR: 4.89
  📊 Filled: 0 | Pending: 0
  💰 Daily P&L: $+0.00

[2026-07-13 08:59] O:7604.25 H:7608.75 L:7603.75 C:7607.50 V:4523.0
  📈 Trend: strong_bullish | 🌍 Regime: trending_bullish
  🗺️  Grid: 0.080% | 🔺 7604.75 🔻 7601.75
  📡 RSI: 67.8 | MACD: 0.82 | ATR: 4.70
  📊 Filled: 0 | Pending: 0
  💰 Daily P&L: $+0.00

[2026-07-13 09:00] O:7607.50 H:7610.50 L:7606.50 C:7608.75 V:4838.0
  📈 Trend: strong_bullish | 🌍 Regime: trending_bullish
  🗺️  Grid: 0.080% | 🔺 7608.75 🔻 7603.75
  📡 RSI: 63.8 | MACD: 1.43 | ATR: 4.45
  📊 Filled: 0 | Pending: 0
  💰 Daily P&L: $+0.00

[2026-07-13 09:01] O:7608.75 H:7609.50 L:7604.50 C:7604.75 V:4480.0
  📈 Trend: strong_bullish | 🌍 Regime: trending_bullish
  🗺️  Grid: 0.080% | 🔺 7610.50 🔻 7606.50
  📡 RSI: 59.6 | MACD: 1.58 | ATR: 4.59
  📊 Filled: 0 | Pending: 0
  💰 Daily P&L: $+0.00

[2026-07-13 09:02] O:7604.75 H:7606.00 L:7599.00 C:7601.25 V:7814.0
  📈 Trend: strong_bullish | 🌍 Regime: trending_bullish
  🗺️  Grid: 0.080% | 🔺 7609.50 🔻 7604.50
  📡 RSI: 52.1 | MACD: 1.39 | ATR: 4.88
  📊 Filled: 0 | Pending: 0
  💰 Daily P&L: $+0.00

[2026-07-13 09:03] O:7601.25 H:7603.25 L:7599.00 C:7602.50 V:3143.0
  📈 Trend: strong_bullish | 🌍 Regime: trending_bullish
  🗺️  Grid: 0.080% | 🔺 7606.00 🔻 7599.00
  📡 RSI: 54.1 | MACD: 1.33 | ATR: 4.82
  📊 Filled: 0 | Pending: 0
  💰 Daily P&L: $+0.00

[2026-07-13 09:04] O:7602.50 H:7602.75 L:7597.50 C:7598.75 V:3639.0
  📈 Trend: strong_bullish | 🌍 Regime: trending_bullish
  🗺️  Grid: 0.080% | 🔺 7603.25 🔻 7599.00
  📡 RSI: 52.3 | MACD: 0.97 | ATR: 4.95
  📊 Filled: 0 | Pending: 0
  💰 Daily P&L: $+0.00

[2026-07-13 09:05] O:7598.75 H:7600.50 L:7595.50 C:7597.00 V:3075.0
  📈 Trend: strong_bullish (raw: moderate_bullish) | 🌍 Regime: trending_bullish
  🗺️  Grid: 0.080% | 🔺 7602.75 🔻 7597.50
  📡 RSI: 58.4 | MACD: 0.53 | ATR: 4.80
  📊 Filled: 0 | Pending: 0
  💰 Daily P&L: $+0.00

[2026-07-13 09:06] O:7597.25 H:7599.00 L:7595.50 C:7596.25 V:2373.0
  📈 Trend: moderate_bullish | 🌍 Regime: trending_bullish
  🗺️  Grid: 0.080% | 🔺 7600.50 🔻 7595.50
  📡 RSI: 52.0 | MACD: 0.13 | ATR: 4.70
  📊 Filled: 0 | Pending: 0
  💰 Daily P&L: $+0.00

[2026-07-13 09:07] O:7596.00 H:7598.25 L:7593.50 C:7595.00 V:2759.0
  📈 Trend: moderate_bullish | 🌍 Regime: trending_bullish
  🗺️  Grid: 0.080% | 🔺 7599.00 🔻 7595.50
  📡 RSI: 50.8 | MACD: -0.29 | ATR: 4.62
  📊 Filled: 0 | Pending: 0
  💰 Daily P&L: $+0.00

[2026-07-13 09:08] O:7594.75 H:7598.00 L:7594.25 C:7596.75 V:2507.0
  📈 Trend: moderate_bullish (raw: strong_bearish) | 🌍 Regime: trending_bearish
  🗺️  Grid: 0.080% | 🔺 7598.25 🔻 7593.50
  📡 RSI: 49.2 | MACD: -0.48 | ATR: 4.59
  📊 Filled: 0 | Pending: 0
  💰 Daily P&L: $+0.00

[2026-07-13 09:09] O:7596.50 H:7599.50 L:7595.75 C:7599.25 V:2331.0
  📈 Trend: moderate_bullish | 🌍 Regime: ranging
  🗺️  Grid: 0.080% | 🔺 7598.00 🔻 7594.25
  📡 RSI: 50.8 | MACD: -0.42 | ATR: 4.45
  📊 Filled: 0 | Pending: 0
  🔲 Regime: RANGING | Range pos: 44% | RSI: 50.8
  💰 Daily P&L: $+0.00

[2026-07-13 09:10] O:7599.25 H:7602.25 L:7597.50 C:7602.00 V:3350.0
  📈 Trend: moderate_bullish | 🌍 Regime: ranging
  🗺️  Grid: 0.080% | 🔺 7599.50 🔻 7595.75
  📡 RSI: 55.9 | MACD: -0.15 | ATR: 4.52
  📊 Filled: 0 | Pending: 0
  🔲 Regime: RANGING | Range pos: 58% | RSI: 55.9
  💰 Daily P&L: $+0.00

[2026-07-13 09:11] O:7602.00 H:7603.50 L:7600.50 C:7602.00 V:2453.0
  📈 Trend: moderate_bullish (raw: strong_bullish) | 🌍 Regime: ranging
  🗺️  Grid: 0.080% | 🔺 7602.25 🔻 7597.50
  📡 RSI: 50.4 | MACD: 0.06 | ATR: 4.43
  📊 Filled: 0 | Pending: 0
  🔲 Regime: RANGING | Range pos: 58% | RSI: 50.4
  💰 Daily P&L: $+0.00

[2026-07-13 09:12] O:7601.75 H:7602.00 L:7598.25 C:7601.50 V:1880.0
  📈 Trend: strong_bullish | 🌍 Regime: ranging
  🗺️  Grid: 0.080% | 🔺 7603.50 🔻 7600.50
  📡 RSI: 45.6 | MACD: 0.19 | ATR: 4.48
  📊 Filled: 0 | Pending: 0
  🔲 Regime: RANGING | Range pos: 56% | RSI: 45.6
  💰 Daily P&L: $+0.00

[2026-07-13 09:13] O:7601.50 H:7604.00 L:7601.25 C:7603.00 V:2289.0
  📈 Trend: strong_bullish | 🌍 Regime: ranging
  🗺️  Grid: 0.080% | 🔺 7602.00 🔻 7598.25
  📡 RSI: 41.5 | MACD: 0.41 | ATR: 4.32
  📊 Filled: 0 | Pending: 0
  🔲 Regime: RANGING | Range pos: 63% | RSI: 41.5
  💰 Daily P&L: $+0.00

[2026-07-13 09:14] O:7602.75 H:7604.25 L:7602.00 C:7603.50 V:1590.0
  📈 Trend: strong_bullish | 🌍 Regime: ranging
  🗺️  Grid: 0.080% | 🔺 7604.00 🔻 7601.25
  📡 RSI: 39.8 | MACD: 0.61 | ATR: 4.20
  📊 Filled: 0 | Pending: 0
  🔲 Regime: RANGING | Range pos: 65% | RSI: 39.8
  💰 Daily P&L: $+0.00

[2026-07-13 09:15] O:7603.75 H:7604.75 L:7602.00 C:7602.00 V:2376.0
  📈 Trend: strong_bullish | 🌍 Regime: ranging
  🗺️  Grid: 0.080% | 🔺 7604.25 🔻 7602.00
  📡 RSI: 44.1 | MACD: 0.65 | ATR: 4.04
  📊 Filled: 0 | Pending: 0
  🔲 Regime: RANGING | Range pos: 58% | RSI: 44.1
  💰 Daily P&L: $+0.00

[2026-07-13 09:16] O:7602.00 H:7604.00 L:7573.50 C:7585.00 V:13844.0
  📈 Trend: strong_bullish (raw: moderate_bullish) | 🌍 Regime: ranging
  🗺️  Grid: 0.090% | 🔺 7604.75 🔻 7602.00
  📡 RSI: 27.9 | MACD: -0.69 | ATR: 5.71
  📊 Filled: 0 | Pending: 0
  🔲 Regime: RANGING | Range pos: 31% | RSI: 27.9
  💰 Daily P&L: $+0.00

[2026-07-13 09:17] O:7585.25 H:7589.00 L:7575.25 C:7585.50 V:16259.0
  📈 Trend: strong_bullish (raw: strong_bearish) | 🌍 Regime: ranging
  🗺️  Grid: 0.101% | 🔺 7604.00 🔻 7573.50
  📡 RSI: 26.4 | MACD: -1.69 | ATR: 6.39
  📊 Filled: 0 | Pending: 0
  🔲 Regime: RANGING | Range pos: 32% | RSI: 26.4
  💰 Daily P&L: $+0.00

[2026-07-13 09:18] O:7585.50 H:7588.50 L:7580.75 C:7585.75 V:7173.0
  📈 Trend: strong_bearish | 🌍 Regime: ranging
  🗺️  Grid: 0.104% | 🔺 7589.00 🔻 7575.25
  📡 RSI: 30.0 | MACD: -2.43 | ATR: 6.57
  📊 Filled: 0 | Pending: 0
  🔲 Regime: RANGING | Range pos: 33% | RSI: 30.0
  💰 Daily P&L: $+0.00

[2026-07-13 09:19] O:7585.75 H:7591.00 L:7584.75 C:7590.00 V:6121.0
  📈 Trend: strong_bearish | 🌍 Regime: ranging
  🗺️  Grid: 0.105% | 🔺 7588.50 🔻 7580.75
  📡 RSI: 40.0 | MACD: -2.65 | ATR: 6.66
  📊 Filled: 0 | Pending: 0
  🔲 Regime: RANGING | Range pos: 45% | RSI: 40.0
  💰 Daily P&L: $+0.00

[2026-07-13 09:20] O:7590.00 H:7593.50 L:7587.50 C:7589.75 V:5550.0
  📈 Trend: strong_bearish | 🌍 Regime: ranging
  🗺️  Grid: 0.108% | 🔺 7591.00 🔻 7584.75
  📡 RSI: 40.6 | MACD: -2.81 | ATR: 6.84
  📊 Filled: 0 | Pending: 0
  🔲 Regime: RANGING | Range pos: 44% | RSI: 40.6
  💰 Daily P&L: $+0.00

[2026-07-13 09:21] O:7589.75 H:7591.50 L:7585.25 C:7588.25 V:4514.0
  📈 Trend: strong_bearish | 🌍 Regime: ranging
  🗺️  Grid: 0.110% | 🔺 7593.50 🔻 7587.50
  📡 RSI: 40.3 | MACD: -3.02 | ATR: 6.95
  📊 Filled: 0 | Pending: 0
  🔲 Regime: RANGING | Range pos: 40% | RSI: 40.3
  💰 Daily P&L: $+0.00

[2026-07-13 09:22] O:7588.25 H:7591.50 L:7586.75 C:7588.50 V:3918.0
  📈 Trend: strong_bearish | 🌍 Regime: ranging
  🗺️  Grid: 0.111% | 🔺 7591.50 🔻 7585.25
  📡 RSI: 37.6 | MACD: -3.13 | ATR: 7.02
  📊 Filled: 0 | Pending: 0
  🔲 Regime: RANGING | Range pos: 41% | RSI: 37.6
  💰 Daily P&L: $+0.00

[2026-07-13 09:23] O:7588.25 H:7593.00 L:7586.50 C:7590.75 V:3815.0
  📈 Trend: strong_bearish | 🌍 Regime: ranging
  🗺️  Grid: 0.114% | 🔺 7591.50 🔻 7586.75
  📡 RSI: 37.1 | MACD: -3.00 | ATR: 7.21
  📊 Filled: 0 | Pending: 0
  🔲 Regime: RANGING | Range pos: 47% | RSI: 37.1
  💰 Daily P&L: $+0.00

[2026-07-13 09:24] O:7590.75 H:7600.00 L:7590.75 C:7598.50 V:5488.0
  📈 Trend: strong_bearish (raw: moderate_bullish) | 🌍 Regime: ranging
  🗺️  Grid: 0.119% | 🔺 7593.00 🔻 7586.50
  📡 RSI: 45.4 | MACD: -2.25 | ATR: 7.54
  📊 Filled: 0 | Pending: 0
  🔲 Regime: RANGING | Range pos: 68% | RSI: 45.4
  💰 Daily P&L: $+0.00

[2026-07-13 09:25] O:7598.50 H:7600.50 L:7596.25 C:7597.00 V:4308.0
  📈 Trend: moderate_bullish | 🌍 Regime: ranging
  🗺️  Grid: 0.120% | 🔺 7600.00 🔻 7590.75
  📡 RSI: 43.7 | MACD: -1.76 | ATR: 7.62
  📊 Filled: 0 | Pending: 0
  🔲 Regime: RANGING | Range pos: 64% | RSI: 43.7
  💰 Daily P&L: $+0.00

[2026-07-13 09:26] O:7597.25 H:7601.25 L:7596.75 C:7599.75 V:3204.0
  📈 Trend: moderate_bullish | 🌍 Regime: ranging
  🗺️  Grid: 0.121% | 🔺 7600.50 🔻 7596.25
  📡 RSI: 47.9 | MACD: -1.13 | ATR: 7.68
  📊 Filled: 0 | Pending: 0
  🔲 Regime: RANGING | Range pos: 71% | RSI: 47.9
  💰 Daily P&L: $+0.00

[2026-07-13 09:27] O:7599.75 H:7600.25 L:7597.25 C:7598.00 V:2785.0
  📈 Trend: moderate_bullish | 🌍 Regime: ranging
  🗺️  Grid: 0.122% | 🔺 7601.25 🔻 7596.75
  📡 RSI: 44.0 | MACD: -0.76 | ATR: 7.70
  📊 Filled: 0 | Pending: 0
  🔲 Regime: RANGING | Range pos: 66% | RSI: 44.0
  💰 Daily P&L: $+0.00

[2026-07-13 09:28] O:7597.75 H:7600.75 L:7596.50 C:7599.00 V:3125.0
  📈 Trend: moderate_bullish (raw: moderate_bearish) | 🌍 Regime: ranging
  🗺️  Grid: 0.124% | 🔺 7600.25 🔻 7597.25
  📡 RSI: 44.7 | MACD: -0.39 | ATR: 7.84
  📊 Filled: 0 | Pending: 0
  🔲 Regime: RANGING | Range pos: 69% | RSI: 44.7
  💰 Daily P&L: $+0.00

[2026-07-13 09:29] O:7599.00 H:7602.75 L:7599.00 C:7602.00 V:3006.0
  📈 Trend: moderate_bullish | 🌍 Regime: ranging
  🗺️  Grid: 0.125% | 🔺 7600.75 🔻 7596.50
  📡 RSI: 50.0 | MACD: 0.15 | ATR: 7.91
  📊 Filled: 0 | Pending: 0
  🔲 Regime: RANGING | Range pos: 77% | RSI: 50.0
  💰 Daily P&L: $+0.00

[2026-07-13 09:30] O:7601.75 H:7603.75 L:7600.50 C:7600.75 V:3566.0
  📈 Trend: moderate_bullish | 🌍 Regime: ranging
  🗺️  Grid: 0.094% | 🔺 7602.75 🔻 7599.00
  📡 RSI: 77.9 | MACD: 0.47 | ATR: 5.96
  📊 Filled: 0 | Pending: 0
  🔲 Regime: RANGING | Range pos: 74% | RSI: 77.9
  🚫 Raw trend blocks RANGING SHORT | raw: moderate_bullish
  💰 Daily P&L: $+0.00

[2026-07-13 09:31] O:7600.50 H:7601.75 L:7598.75 C:7599.00 V:3138.0
  📈 Trend: moderate_bullish | 🌍 Regime: ranging
  🗺️  Grid: 0.082% | 🔺 7603.75 🔻 7600.50
  📡 RSI: 72.9 | MACD: 0.57 | ATR: 5.20
  📊 Filled: 0 | Pending: 0
  🔲 Regime: RANGING | Range pos: 69% | RSI: 72.9
  💰 Daily P&L: $+0.00

[2026-07-13 09:32] O:7599.25 H:7600.00 L:7597.75 C:7598.00 V:2829.0
  📈 Trend: moderate_bullish | 🌍 Regime: ranging
  🗺️  Grid: 0.080% | 🔺 7601.75 🔻 7598.75
  📡 RSI: 70.2 | MACD: 0.57 | ATR: 4.80
  📊 Filled: 0 | Pending: 0
  🔲 Regime: RANGING | Range pos: 66% | RSI: 70.2
  💰 Daily P&L: $+0.00

[2026-07-13 09:33] O:7598.25 H:7599.25 L:7596.50 C:7599.00 V:2669.0
  📈 Trend: moderate_bullish | 🌍 Regime: ranging
  🗺️  Grid: 0.080% | 🔺 7600.00 🔻 7597.75
  📡 RSI: 66.7 | MACD: 0.64 | ATR: 4.55
  📊 Filled: 0 | Pending: 0
  🔲 Regime: RANGING | Range pos: 69% | RSI: 66.7
  💰 Daily P&L: $+0.00

[2026-07-13 09:34] O:7599.00 H:7600.00 L:7597.25 C:7597.50 V:2114.0
  📈 Trend: moderate_bullish | 🌍 Regime: ranging
  🗺️  Grid: 0.080% | 🔺 7599.25 🔻 7596.50
  📡 RSI: 63.7 | MACD: 0.57 | ATR: 4.32
  📊 Filled: 0 | Pending: 0
  🔲 Regime: RANGING | Range pos: 65% | RSI: 63.7
  💰 Daily P&L: $+0.00

[2026-07-13 09:35] O:7597.50 H:7598.00 L:7594.25 C:7594.50 V:2236.0
  📈 Trend: moderate_bullish (raw: strong_bullish) | 🌍 Regime: ranging
  🗺️  Grid: 0.080% | 🔺 7600.00 🔻 7597.25
  📡 RSI: 60.5 | MACD: 0.26 | ATR: 4.14
  📊 Filled: 0 | Pending: 0
  🔲 Regime: RANGING | Range pos: 57% | RSI: 60.5
  💰 Daily P&L: $+0.00

[2026-07-13 09:36] O:7594.75 H:7594.75 L:7592.25 C:7592.50 V:2786.0
  📈 Trend: moderate_bullish | 🌍 Regime: ranging
  🗺️  Grid: 0.080% | 🔺 7598.00 🔻 7594.25
  📡 RSI: 56.3 | MACD: -0.13 | ATR: 3.98
  📊 Filled: 0 | Pending: 0
  🔲 Regime: RANGING | Range pos: 51% | RSI: 56.3
  💰 Daily P&L: $+0.00

[2026-07-13 09:37] O:7592.75 H:7593.25 L:7590.75 C:7592.25 V:2756.0
  📈 Trend: moderate_bullish | 🌍 Regime: ranging
  🗺️  Grid: 0.080% | 🔺 7594.75 🔻 7592.25
  📡 RSI: 52.5 | MACD: -0.47 | ATR: 3.70
  📊 Filled: 0 | Pending: 0
  🔲 Regime: RANGING | Range pos: 51% | RSI: 52.5
  💰 Daily P&L: $+0.00

[2026-07-13 09:38] O:7592.50 H:7594.25 L:7591.75 C:7593.00 V:2942.0
  📈 Trend: moderate_bullish | 🌍 Regime: ranging
  🗺️  Grid: 0.080% | 🔺 7593.25 🔻 7590.75
  📡 RSI: 37.8 | MACD: -0.66 | ATR: 3.21
  📊 Filled: 0 | Pending: 0
  🔲 Regime: RANGING | Range pos: 53% | RSI: 37.8
  💰 Daily P&L: $+0.00

[2026-07-13 09:39] O:7593.00 H:7594.25 L:7592.00 C:7592.75 V:2301.0
  📈 Trend: moderate_bullish | 🌍 Regime: ranging
  🗺️  Grid: 0.080% | 🔺 7594.25 🔻 7591.75
  📡 RSI: 40.0 | MACD: -0.82 | ATR: 3.07
  📊 Filled: 0 | Pending: 0
  🔲 Regime: RANGING | Range pos: 52% | RSI: 40.0
  💰 Daily P&L: $+0.00

[2026-07-13 09:40] O:7593.00 H:7593.25 L:7587.75 C:7589.25 V:3695.0
  📈 Trend: moderate_bullish | 🌍 Regime: ranging
  🗺️  Grid: 0.080% | 🔺 7594.25 🔻 7592.00
  📡 RSI: 26.1 | MACD: -1.22 | ATR: 3.14
  📊 Filled: 0 | Pending: 0
  🔲 Regime: RANGING | Range pos: 43% | RSI: 26.1
  💰 Daily P&L: $+0.00

[2026-07-13 09:41] O:7589.00 H:7591.50 L:7587.25 C:7588.25 V:2815.0
  📈 Trend: moderate_bullish (raw: strong_bearish) | 🌍 Regime: ranging
  🗺️  Grid: 0.080% | 🔺 7593.25 🔻 7587.75
  📡 RSI: 27.1 | MACD: -1.60 | ATR: 3.23
  📊 Filled: 0 | Pending: 0
  🔲 Regime: RANGING | Range pos: 40% | RSI: 27.1
  💰 Daily P&L: $+0.00

[2026-07-13 09:42] O:7588.25 H:7588.75 L:7585.50 C:7586.25 V:3123.0
  📈 Trend: strong_bearish | 🌍 Regime: ranging
  🗺️  Grid: 0.080% | 🔺 7591.50 🔻 7587.25
  📡 RSI: 21.3 | MACD: -2.04 | ATR: 3.16
  📊 Filled: 0 | Pending: 0
  🔲 Regime: RANGING | Range pos: 34% | RSI: 21.3
  💰 Daily P&L: $+0.00

[2026-07-13 09:43] O:7586.25 H:7586.50 L:7583.50 C:7583.75 V:3471.0
  📈 Trend: strong_bearish | 🌍 Regime: ranging
  🗺️  Grid: 0.080% | 🔺 7588.75 🔻 7585.50
  📡 RSI: 8.0 | MACD: -2.56 | ATR: 3.11
  📊 Filled: 0 | Pending: 0
  🔲 Regime: RANGING | Range pos: 28% | RSI: 8.0
  🚫 Raw trend blocks RANGING LONG | raw: strong_bearish
  💰 Daily P&L: $+0.00

[2026-07-13 09:44] O:7583.75 H:7586.25 L:7583.25 C:7585.75 V:3333.0
  📈 Trend: strong_bearish | 🌍 Regime: ranging
  🗺️  Grid: 0.080% | 🔺 7586.50 🔻 7583.50
  📡 RSI: 16.7 | MACD: -2.78 | ATR: 3.09
  📊 Filled: 0 | Pending: 0
  🔲 Regime: RANGING | Range pos: 33% | RSI: 16.7
  💰 Daily P&L: $+0.00

[2026-07-13 09:45] O:7585.75 H:7586.00 L:7581.50 C:7582.00 V:4214.0
  📈 Trend: strong_bearish | 🌍 Regime: ranging
  🗺️  Grid: 0.080% | 🔺 7586.25 🔻 7583.25
  📡 RSI: 15.3 | MACD: -3.21 | ATR: 3.20
  📊 Filled: 0 | Pending: 0
  🔲 Regime: RANGING | Range pos: 23% | RSI: 15.3
  🚫 Raw trend blocks RANGING LONG | raw: strong_bearish
  💰 Daily P&L: $+0.00

[2026-07-13 09:46] O:7582.00 H:7588.00 L:7580.75 C:7587.50 V:4089.0
  📈 Trend: strong_bearish | 🌍 Regime: ranging
  🗺️  Grid: 0.080% | 🔺 7586.00 🔻 7581.50
  📡 RSI: 31.9 | MACD: -3.08 | ATR: 3.55
  📊 Filled: 0 | Pending: 0
  🔲 Regime: RANGING | Range pos: 38% | RSI: 31.9
  💰 Daily P&L: $+0.00

[2026-07-13 09:47] O:7587.50 H:7589.00 L:7586.00 C:7588.00 V:2586.0
  📈 Trend: strong_bearish | 🌍 Regime: ranging
  🗺️  Grid: 0.080% | 🔺 7588.00 🔻 7580.75
  📡 RSI: 30.7 | MACD: -2.90 | ATR: 3.57
  📊 Filled: 0 | Pending: 0
  🔲 Regime: RANGING | Range pos: 39% | RSI: 30.7
  💰 Daily P&L: $+0.00

[2026-07-13 09:48] O:7587.75 H:7592.25 L:7587.50 C:7591.25 V:2843.0
  📈 Trend: strong_bearish | 🌍 Regime: trending_bearish
  🗺️  Grid: 0.080% | 🔺 7589.00 🔻 7586.00
  📡 RSI: 39.7 | MACD: -2.47 | ATR: 3.71
  📊 Filled: 0 | Pending: 0
  💰 Daily P&L: $+0.00

[2026-07-13 09:49] O:7591.00 H:7595.50 L:7591.00 C:7594.75 V:4411.0
  📈 Trend: strong_bearish | 🌍 Regime: trending_bearish
  🗺️  Grid: 0.080% | 🔺 7592.25 🔻 7587.50
  📡 RSI: 50.4 | MACD: -1.83 | ATR: 3.77
  📊 Filled: 0 | Pending: 0
  💰 Daily P&L: $+0.00

[2026-07-13 09:50] O:7594.75 H:7595.75 L:7592.75 C:7593.00 V:3827.0
  📈 Trend: strong_bearish | 🌍 Regime: trending_bearish
  🗺️  Grid: 0.080% | 🔺 7595.50 🔻 7591.00
  📡 RSI: 50.8 | MACD: -1.44 | ATR: 3.80
  📊 Filled: 0 | Pending: 0
  💰 Daily P&L: $+0.00

[2026-07-13 09:51] O:7593.00 H:7594.00 L:7590.50 C:7591.00 V:2471.0
  📈 Trend: strong_bearish | 🌍 Regime: trending_bearish
  🗺️  Grid: 0.080% | 🔺 7595.75 🔻 7592.75
  📡 RSI: 48.1 | MACD: -1.28 | ATR: 3.88
  📊 Filled: 0 | Pending: 0
  💰 Daily P&L: $+0.00

[2026-07-13 09:52] O:7591.25 H:7592.00 L:7587.00 C:7588.50 V:2475.0
  📈 Trend: strong_bearish | 🌍 Regime: trending_bearish
  🗺️  Grid: 0.080% | 🔺 7594.00 🔻 7590.50
  📡 RSI: 43.4 | MACD: -1.34 | ATR: 4.05
  📊 Filled: 0 | Pending: 0
  💰 Daily P&L: $+0.00

[2026-07-13 09:53] O:7588.50 H:7589.00 L:7586.00 C:7588.00 V:1860.0
  📈 Trend: strong_bearish | 🌍 Regime: trending_bearish
  🗺️  Grid: 0.080% | 🔺 7592.00 🔻 7587.00
  📡 RSI: 43.1 | MACD: -1.41 | ATR: 4.11
  📊 Filled: 0 | Pending: 0
  💰 Daily P&L: $+0.00

[2026-07-13 09:54] O:7587.75 H:7588.75 L:7586.75 C:7588.00 V:1432.0
  📈 Trend: strong_bearish | 🌍 Regime: trending_bearish
  🗺️  Grid: 0.080% | 🔺 7589.00 🔻 7586.00
  📡 RSI: 48.0 | MACD: -1.45 | ATR: 3.86
  📊 Filled: 0 | Pending: 0
  💰 Daily P&L: $+0.00

[2026-07-13 09:55] O:7588.00 H:7591.00 L:7586.25 C:7590.75 V:2137.0
  📈 Trend: strong_bearish | 🌍 Regime: trending_bearish
  🗺️  Grid: 0.080% | 🔺 7588.75 🔻 7586.75
  📡 RSI: 53.8 | MACD: -1.24 | ATR: 3.89
  📊 Filled: 0 | Pending: 0
  💰 Daily P&L: $+0.00

[2026-07-13 09:56] O:7591.00 H:7594.50 L:7590.50 C:7593.50 V:2566.0
  📈 Trend: strong_bearish (raw: moderate_bearish) | 🌍 Regime: trending_bearish
  🗺️  Grid: 0.080% | 🔺 7591.00 🔻 7586.25
  📡 RSI: 60.9 | MACD: -0.85 | ATR: 3.95
  📊 Filled: 0 | Pending: 0
  💰 Daily P&L: $+0.00

[2026-07-13 09:57] O:7593.75 H:7595.00 L:7592.00 C:7594.00 V:2510.0
  📈 Trend: moderate_bearish | 🌍 Regime: trending_bearish
  🗺️  Grid: 0.080% | 🔺 7594.50 🔻 7590.50
  📡 RSI: 66.4 | MACD: -0.49 | ATR: 3.95
  📊 Filled: 0 | Pending: 0
  💰 Daily P&L: $+0.00

[2026-07-13 09:58] O:7594.25 H:7595.25 L:7593.00 C:7594.25 V:1202.0
  📈 Trend: moderate_bearish | 🌍 Regime: trending_bearish
  🗺️  Grid: 0.080% | 🔺 7595.00 🔻 7592.00
  📡 RSI: 64.4 | MACD: -0.19 | ATR: 3.89
  📊 Filled: 0 | Pending: 0
  💰 Daily P&L: $+0.00

[2026-07-13 09:59] O:7594.25 H:7599.00 L:7593.50 C:7598.50 V:2374.0
  📈 Trend: moderate_bearish (raw: moderate_bullish) | 🌍 Regime: trending_bullish
  🗺️  Grid: 0.080% | 🔺 7595.25 🔻 7593.00
  📡 RSI: 77.5 | MACD: 0.40 | ATR: 3.96
  📊 Filled: 0 | Pending: 0
  💰 Daily P&L: $+0.00

[2026-07-13 10:00] O:7598.50 H:7601.25 L:7597.75 C:7600.50 V:4587.0
  📈 Trend: moderate_bullish | 🌍 Regime: trending_bullish
  🗺️  Grid: 0.080% | 🔺 7599.00 🔻 7593.50
  📡 RSI: 74.5 | MACD: 1.01 | ATR: 3.70
  📊 Filled: 0 | Pending: 0
  💰 Daily P&L: $+0.00

[2026-07-13 10:01] O:7600.75 H:7601.75 L:7598.75 C:7599.50 V:2757.0
  📈 Trend: moderate_bullish | 🌍 Regime: trending_bullish
  🗺️  Grid: 0.080% | 🔺 7601.25 🔻 7597.75
  📡 RSI: 71.3 | MACD: 1.39 | ATR: 3.70
  📊 Filled: 0 | Pending: 0
  💰 Daily P&L: $+0.00

[2026-07-13 10:02] O:7599.75 H:7600.25 L:7597.00 C:7598.25 V:2422.0
  📈 Trend: moderate_bullish | 🌍 Regime: trending_bullish
  🗺️  Grid: 0.080% | 🔺 7601.75 🔻 7598.75
  📡 RSI: 64.0 | MACD: 1.58 | ATR: 3.59
  📊 Filled: 0 | Pending: 0
  💰 Daily P&L: $+0.00

[2026-07-13 10:03] O:7598.00 H:7598.25 L:7595.75 C:7597.25 V:1885.0
  📈 Trend: moderate_bullish | 🌍 Regime: trending_bullish
  🗺️  Grid: 0.080% | 🔺 7600.25 🔻 7597.00
  📡 RSI: 55.6 | MACD: 1.63 | ATR: 3.45
  📊 Filled: 0 | Pending: 0
  💰 Daily P&L: $+0.00

[2026-07-13 10:04] O:7597.25 H:7598.75 L:7593.75 C:7594.25 V:2105.0
  📈 Trend: moderate_bullish | 🌍 Regime: trending_bullish
  🗺️  Grid: 0.080% | 🔺 7598.25 🔻 7595.75
  📡 RSI: 52.6 | MACD: 1.41 | ATR: 3.59
  📊 Filled: 0 | Pending: 0
  💰 Daily P&L: $+0.00

[2026-07-13 10:05] O:7594.00 H:7594.75 L:7592.50 C:7594.25 V:1777.0
  📈 Trend: moderate_bullish (raw: strong_bullish) | 🌍 Regime: trending_bullish
  🗺️  Grid: 0.080% | 🔺 7598.75 🔻 7593.75
  📡 RSI: 57.5 | MACD: 1.22 | ATR: 3.50
  📊 Filled: 0 | Pending: 0
  💰 Daily P&L: $+0.00

[2026-07-13 10:06] O:7594.50 H:7597.00 L:7594.25 C:7595.75 V:1567.0
  📈 Trend: strong_bullish | 🌍 Regime: trending_bullish
  🗺️  Grid: 0.080% | 🔺 7594.75 🔻 7592.50
  📡 RSI: 67.5 | MACD: 1.18 | ATR: 3.34
  📊 Filled: 0 | Pending: 0
  💰 Daily P&L: $+0.00

[2026-07-13 10:07] O:7595.75 H:7596.25 L:7594.50 C:7594.75 V:1302.0
  📈 Trend: strong_bullish | 🌍 Regime: trending_bullish
  🗺️  Grid: 0.080% | 🔺 7597.00 🔻 7594.25
  📡 RSI: 65.9 | MACD: 1.06 | ATR: 3.25
  📊 Filled: 0 | Pending: 0
  💰 Daily P&L: $+0.00

[2026-07-13 10:08] O:7594.50 H:7594.75 L:7592.50 C:7594.00 V:1831.0
  📈 Trend: strong_bullish (raw: moderate_bearish) | 🌍 Regime: ranging
  🗺️  Grid: 0.080% | 🔺 7596.25 🔻 7594.50
  📡 RSI: 63.6 | MACD: 0.88 | ATR: 3.27
  📊 Filled: 0 | Pending: 0
  🔲 Regime: RANGING | Range pos: 55% | RSI: 63.6
  💰 Daily P&L: $+0.00

[2026-07-13 10:09] O:7593.75 H:7595.75 L:7592.50 C:7593.50 V:1666.0
  📈 Trend: strong_bullish (raw: moderate_bullish) | 🌍 Regime: ranging
  🗺️  Grid: 0.080% | 🔺 7594.75 🔻 7592.50
  📡 RSI: 57.0 | MACD: 0.70 | ATR: 3.16
  📊 Filled: 0 | Pending: 0
  🔲 Regime: RANGING | Range pos: 54% | RSI: 57.0
  💰 Daily P&L: $+0.00

[2026-07-13 10:10] O:7593.50 H:7596.25 L:7592.50 C:7595.75 V:1554.0
  📈 Trend: moderate_bullish | 🌍 Regime: ranging
  🗺️  Grid: 0.080% | 🔺 7595.75 🔻 7592.50
  📡 RSI: 55.8 | MACD: 0.73 | ATR: 3.14
  📊 Filled: 0 | Pending: 0
  🔲 Regime: RANGING | Range pos: 60% | RSI: 55.8
  💰 Daily P&L: $+0.00

[2026-07-13 10:11] O:7595.75 H:7596.75 L:7593.75 C:7594.50 V:1510.0
  📈 Trend: moderate_bullish | 🌍 Regime: ranging
  🗺️  Grid: 0.080% | 🔺 7596.25 🔻 7592.50
  📡 RSI: 51.2 | MACD: 0.64 | ATR: 3.14
  📊 Filled: 0 | Pending: 0
  🔲 Regime: RANGING | Range pos: 57% | RSI: 51.2
  💰 Daily P&L: $+0.00

[2026-07-13 10:12] O:7594.25 H:7594.25 L:7591.75 C:7593.00 V:2168.0
  📈 Trend: moderate_bullish | 🌍 Regime: ranging
  🗺️  Grid: 0.080% | 🔺 7596.75 🔻 7593.75
  📡 RSI: 47.1 | MACD: 0.45 | ATR: 3.18
  📊 Filled: 0 | Pending: 0
  🔲 Regime: RANGING | Range pos: 53% | RSI: 47.1
  💰 Daily P&L: $+0.00

[2026-07-13 10:13] O:7593.00 H:7593.25 L:7590.50 C:7592.00 V:1885.0
  📈 Trend: moderate_bullish | 🌍 Regime: ranging
  🗺️  Grid: 0.080% | 🔺 7594.25 🔻 7591.75
  📡 RSI: 31.9 | MACD: 0.21 | ATR: 2.98
  📊 Filled: 0 | Pending: 0
  🔲 Regime: RANGING | Range pos: 50% | RSI: 31.9
  💰 Daily P&L: $+0.00

[2026-07-13 10:14] O:7591.75 H:7592.75 L:7590.25 C:7592.00 V:1352.0
  📈 Trend: moderate_bullish | 🌍 Regime: ranging
  🗺️  Grid: 0.080% | 🔺 7593.25 🔻 7590.50
  📡 RSI: 23.4 | MACD: 0.02 | ATR: 2.91
  📊 Filled: 0 | Pending: 0
  🔲 Regime: RANGING | Range pos: 50% | RSI: 23.4
  💰 Daily P&L: $+0.00

[2026-07-13 10:15] O:7592.00 H:7592.00 L:7589.75 C:7590.25 V:1481.0
  📈 Trend: moderate_bullish (raw: strong_bearish) | 🌍 Regime: ranging
  🗺️  Grid: 0.080% | 🔺 7592.75 🔻 7590.25
  📡 RSI: 22.4 | MACD: -0.26 | ATR: 2.86
  📊 Filled: 0 | Pending: 0
  🔲 Regime: RANGING | Range pos: 45% | RSI: 22.4
  💰 Daily P&L: $+0.00

[2026-07-13 10:16] O:7590.25 H:7592.50 L:7590.00 C:7591.50 V:1257.0
  📈 Trend: strong_bearish | 🌍 Regime: ranging
  🗺️  Grid: 0.080% | 🔺 7592.00 🔻 7589.75
  📡 RSI: 29.9 | MACD: -0.39 | ATR: 2.80
  📊 Filled: 0 | Pending: 0
  🔲 Regime: RANGING | Range pos: 49% | RSI: 29.9
  💰 Daily P&L: $+0.00

[2026-07-13 10:17] O:7591.75 H:7592.75 L:7590.75 C:7592.75 V:1486.0
  📈 Trend: strong_bearish | 🌍 Regime: ranging
  🗺️  Grid: 0.080% | 🔺 7592.50 🔻 7590.00
  📡 RSI: 36.8 | MACD: -0.38 | ATR: 2.77
  📊 Filled: 0 | Pending: 0
  🔲 Regime: RANGING | Range pos: 52% | RSI: 36.8
  💰 Daily P&L: $+0.00

[2026-07-13 10:18] O:7592.75 H:7594.25 L:7591.50 C:7592.00 V:1414.0
  📈 Trend: strong_bearish | 🌍 Regime: ranging
  🗺️  Grid: 0.080% | 🔺 7592.75 🔻 7590.75
  📡 RSI: 42.4 | MACD: -0.43 | ATR: 2.61
  📊 Filled: 0 | Pending: 0
  🔲 Regime: RANGING | Range pos: 50% | RSI: 42.4
  💰 Daily P&L: $+0.00

[2026-07-13 10:19] O:7592.00 H:7593.75 L:7591.25 C:7593.25 V:1060.0
  📈 Trend: strong_bearish | 🌍 Regime: ranging
  🗺️  Grid: 0.080% | 🔺 7594.25 🔻 7591.50
  📡 RSI: 46.9 | MACD: -0.36 | ATR: 2.62
  📊 Filled: 0 | Pending: 0
  🔲 Regime: RANGING | Range pos: 53% | RSI: 46.9
  💰 Daily P&L: $+0.00

[2026-07-13 10:20] O:7593.25 H:7593.75 L:7591.75 C:7593.00 V:1784.0
  📈 Trend: strong_bearish | 🌍 Regime: ranging
  🗺️  Grid: 0.080% | 🔺 7593.75 🔻 7591.25
  📡 RSI: 40.7 | MACD: -0.33 | ATR: 2.57
  📊 Filled: 0 | Pending: 0
  🔲 Regime: RANGING | Range pos: 53% | RSI: 40.7
  💰 Daily P&L: $+0.00

[2026-07-13 10:21] O:7593.25 H:7594.00 L:7592.25 C:7593.50 V:951.0
  📈 Trend: strong_bearish | 🌍 Regime: ranging
  🗺️  Grid: 0.080% | 🔺 7593.75 🔻 7591.75
  📡 RSI: 45.6 | MACD: -0.25 | ATR: 2.57
  📊 Filled: 0 | Pending: 0
  🔲 Regime: RANGING | Range pos: 54% | RSI: 45.6
  💰 Daily P&L: $+0.00

[2026-07-13 10:22] O:7593.50 H:7594.50 L:7592.50 C:7594.00 V:1226.0
  📈 Trend: strong_bearish (raw: moderate_bearish) | 🌍 Regime: ranging
  🗺️  Grid: 0.080% | 🔺 7594.00 🔻 7592.25
  📡 RSI: 50.0 | MACD: -0.16 | ATR: 2.55
  📊 Filled: 0 | Pending: 0
  🔲 Regime: RANGING | Range pos: 55% | RSI: 50.0
  💰 Daily P&L: $+0.00

[2026-07-13 10:23] O:7594.25 H:7596.25 L:7593.75 C:7595.75 V:1675.0
  📈 Trend: strong_bearish (raw: strong_bullish) | 🌍 Regime: ranging
  🗺️  Grid: 0.080% | 🔺 7594.50 🔻 7592.50
  📡 RSI: 57.4 | MACD: 0.06 | ATR: 2.50
  📊 Filled: 0 | Pending: 0
  🔲 Regime: RANGING | Range pos: 60% | RSI: 57.4
  💰 Daily P&L: $+0.00

[2026-07-13 10:24] O:7595.75 H:7597.00 L:7594.50 C:7595.50 V:1814.0
  📈 Trend: strong_bullish | 🌍 Regime: ranging
  🗺️  Grid: 0.080% | 🔺 7596.25 🔻 7593.75
  📡 RSI: 49.1 | MACD: 0.21 | ATR: 2.41
  📊 Filled: 0 | Pending: 0
  🔲 Regime: RANGING | Range pos: 59% | RSI: 49.1
  💰 Daily P&L: $+0.00

[2026-07-13 10:25] O:7595.50 H:7595.50 L:7591.25 C:7591.50 V:1471.0
  📈 Trend: strong_bullish (raw: moderate_bullish) | 🌍 Regime: ranging
  🗺️  Grid: 0.080% | 🔺 7597.00 🔻 7594.50
  📡 RSI: 40.6 | MACD: 0.01 | ATR: 2.50
  📊 Filled: 0 | Pending: 0
  🔲 Regime: RANGING | Range pos: 49% | RSI: 40.6
  💰 Daily P&L: $+0.00

[2026-07-13 10:26] O:7591.50 H:7592.75 L:7590.75 C:7591.50 V:1460.0
  📈 Trend: strong_bullish (raw: strong_bearish) | 🌍 Regime: ranging
  🗺️  Grid: 0.080% | 🔺 7595.50 🔻 7591.25
  📡 RSI: 44.8 | MACD: -0.15 | ATR: 2.45
  📊 Filled: 0 | Pending: 0
  🔲 Regime: RANGING | Range pos: 49% | RSI: 44.8
  💰 Daily P&L: $+0.00

[2026-07-13 10:27] O:7591.25 H:7592.50 L:7591.00 C:7592.25 V:978.0
  📈 Trend: strong_bearish | 🌍 Regime: ranging
  🗺️  Grid: 0.080% | 🔺 7592.75 🔻 7590.75
  📡 RSI: 50.9 | MACD: -0.21 | ATR: 2.36
  📊 Filled: 0 | Pending: 0
  🔲 Regime: RANGING | Range pos: 51% | RSI: 50.9
  💰 Daily P&L: $+0.00

[2026-07-13 10:28] O:7592.25 H:7594.00 L:7592.00 C:7592.75 V:979.0
  📈 Trend: strong_bearish | 🌍 Regime: ranging
  🗺️  Grid: 0.080% | 🔺 7592.50 🔻 7591.00
  📡 RSI: 52.5 | MACD: -0.22 | ATR: 2.32
  📊 Filled: 0 | Pending: 0
  🔲 Regime: RANGING | Range pos: 52% | RSI: 52.5
  💰 Daily P&L: $+0.00

[2026-07-13 10:29] O:7593.00 H:7596.00 L:7593.00 C:7594.75 V:1456.0
  📈 Trend: strong_bearish (raw: moderate_bearish) | 🌍 Regime: ranging
  🗺️  Grid: 0.080% | 🔺 7594.00 🔻 7592.00
  📡 RSI: 65.0 | MACD: -0.06 | ATR: 2.39
  📊 Filled: 0 | Pending: 0
  🔲 Regime: RANGING | Range pos: 57% | RSI: 65.0
  💰 Daily P&L: $+0.00

[2026-07-13 10:30] O:7595.00 H:7595.25 L:7591.00 C:7591.75 V:1695.0
  📈 Trend: strong_bearish | 🌍 Regime: ranging
  🗺️  Grid: 0.080% | 🔺 7596.00 🔻 7593.00
  📡 RSI: 50.7 | MACD: -0.18 | ATR: 2.52
  📊 Filled: 0 | Pending: 0
  🔲 Regime: RANGING | Range pos: 49% | RSI: 50.7
  💰 Daily P&L: $+0.00

[2026-07-13 10:31] O:7592.00 H:7595.00 L:7591.75 C:7594.75 V:944.0
  📈 Trend: strong_bearish (raw: moderate_bullish) | 🌍 Regime: ranging
  🗺️  Grid: 0.080% | 🔺 7595.25 🔻 7591.00
  📡 RSI: 55.4 | MACD: -0.03 | ATR: 2.61
  📊 Filled: 0 | Pending: 0
  🔲 Regime: RANGING | Range pos: 57% | RSI: 55.4
  💰 Daily P&L: $+0.00

[2026-07-13 10:32] O:7594.50 H:7596.50 L:7594.25 C:7595.25 V:2033.0
  📈 Trend: strong_bearish (raw: strong_bullish) | 🌍 Regime: ranging
  🗺️  Grid: 0.080% | 🔺 7595.00 🔻 7591.75
  📡 RSI: 58.9 | MACD: 0.13 | ATR: 2.57
  📊 Filled: 0 | Pending: 0
  🔲 Regime: RANGING | Range pos: 59% | RSI: 58.9
  💰 Daily P&L: $+0.00

[2026-07-13 10:33] O:7595.25 H:7595.25 L:7593.00 C:7593.75 V:1176.0
  📈 Trend: strong_bullish | 🌍 Regime: ranging
  🗺️  Grid: 0.080% | 🔺 7596.50 🔻 7594.25
  📡 RSI: 51.4 | MACD: 0.13 | ATR: 2.55
  📊 Filled: 0 | Pending: 0
  🔲 Regime: RANGING | Range pos: 55% | RSI: 51.4
  💰 Daily P&L: $+0.00

[2026-07-13 10:34] O:7593.75 H:7596.00 L:7592.00 C:7592.25 V:1599.0
  📈 Trend: strong_bullish | 🌍 Regime: ranging
  🗺️  Grid: 0.080% | 🔺 7595.25 🔻 7593.00
  📡 RSI: 48.1 | MACD: 0.01 | ATR: 2.70
  📊 Filled: 0 | Pending: 0
  🔲 Regime: RANGING | Range pos: 51% | RSI: 48.1
  💰 Daily P&L: $+0.00

[2026-07-13 10:35] O:7592.25 H:7593.75 L:7590.00 C:7590.25 V:1752.0
  📈 Trend: strong_bullish (raw: strong_bearish) | 🌍 Regime: ranging
  🗺️  Grid: 0.080% | 🔺 7596.00 🔻 7592.00
  📡 RSI: 42.4 | MACD: -0.24 | ATR: 2.84
  📊 Filled: 0 | Pending: 0
  🔲 Regime: RANGING | Range pos: 45% | RSI: 42.4
  💰 Daily P&L: $+0.00

[2026-07-13 10:36] O:7590.50 H:7592.00 L:7589.25 C:7590.50 V:1777.0
  📈 Trend: strong_bearish | 🌍 Regime: ranging
  🗺️  Grid: 0.080% | 🔺 7593.75 🔻 7590.00
  📡 RSI: 41.7 | MACD: -0.42 | ATR: 2.89
  📊 Filled: 0 | Pending: 0
  🔲 Regime: RANGING | Range pos: 46% | RSI: 41.7
  💰 Daily P&L: $+0.00

[2026-07-13 10:37] O:7590.75 H:7593.75 L:7590.50 C:7593.25 V:1300.0
  📈 Trend: strong_bearish | 🌍 Regime: ranging
  🗺️  Grid: 0.080% | 🔺 7592.00 🔻 7589.25
  📡 RSI: 44.3 | MACD: -0.33 | ATR: 2.95
  📊 Filled: 0 | Pending: 0
  🔲 Regime: RANGING | Range pos: 53% | RSI: 44.3
  💰 Daily P&L: $+0.00

[2026-07-13 10:38] O:7593.25 H:7593.25 L:7591.25 C:7592.00 V:990.0
  📈 Trend: strong_bearish | 🌍 Regime: ranging
  🗺️  Grid: 0.080% | 🔺 7593.75 🔻 7590.50
  📡 RSI: 42.4 | MACD: -0.36 | ATR: 2.91
  📊 Filled: 0 | Pending: 0
  🔲 Regime: RANGING | Range pos: 50% | RSI: 42.4
  💰 Daily P&L: $+0.00

[2026-07-13 10:39] O:7592.25 H:7592.75 L:7590.50 C:7592.00 V:1291.0
  📈 Trend: strong_bearish | 🌍 Regime: ranging
  🗺️  Grid: 0.080% | 🔺 7593.25 🔻 7591.25
  📡 RSI: 51.3 | MACD: -0.37 | ATR: 2.77
  📊 Filled: 0 | Pending: 0
  🔲 Regime: RANGING | Range pos: 50% | RSI: 51.3
  💰 Daily P&L: $+0.00

[2026-07-13 10:40] O:7592.00 H:7592.50 L:7591.00 C:7592.25 V:882.0
  📈 Trend: strong_bearish | 🌍 Regime: ranging
  🗺️  Grid: 0.080% | 🔺 7592.75 🔻 7590.50
  📡 RSI: 51.9 | MACD: -0.36 | ATR: 2.73
  📊 Filled: 0 | Pending: 0
  🔲 Regime: RANGING | Range pos: 51% | RSI: 51.9
  💰 Daily P&L: $+0.00

[2026-07-13 10:41] O:7592.50 H:7592.50 L:7589.50 C:7590.00 V:1141.0
  📈 Trend: strong_bearish | 🌍 Regime: ranging
  🗺️  Grid: 0.080% | 🔺 7592.50 🔻 7591.00
  📡 RSI: 44.6 | MACD: -0.53 | ATR: 2.84
  📊 Filled: 0 | Pending: 0
  🔲 Regime: RANGING | Range pos: 45% | RSI: 44.6
  💰 Daily P&L: $+0.00

[2026-07-13 10:42] O:7590.00 H:7591.75 L:7589.25 C:7590.00 V:1814.0
  📈 Trend: strong_bearish | 🌍 Regime: ranging
  🗺️  Grid: 0.080% | 🔺 7592.50 🔻 7589.50
  📡 RSI: 43.2 | MACD: -0.66 | ATR: 2.88
  📊 Filled: 0 | Pending: 0
  🔲 Regime: RANGING | Range pos: 45% | RSI: 43.2
  💰 Daily P&L: $+0.00

[2026-07-13 10:43] O:7589.75 H:7590.50 L:7588.25 C:7589.00 V:1389.0
  📈 Trend: strong_bearish | 🌍 Regime: ranging
  🗺️  Grid: 0.080% | 🔺 7591.75 🔻 7589.25
  📡 RSI: 35.1 | MACD: -0.83 | ATR: 2.80
  📊 Filled: 0 | Pending: 0
  🔲 Regime: RANGING | Range pos: 42% | RSI: 35.1
  💰 Daily P&L: $+0.00

[2026-07-13 10:44] O:7589.00 H:7590.00 L:7587.75 C:7588.00 V:1249.0
  📈 Trend: strong_bearish | 🌍 Regime: ranging
  🗺️  Grid: 0.080% | 🔺 7590.50 🔻 7588.25
  📡 RSI: 39.1 | MACD: -1.03 | ATR: 2.66
  📊 Filled: 0 | Pending: 0
  🔲 Regime: RANGING | Range pos: 39% | RSI: 39.1
  💰 Daily P&L: $+0.00

[2026-07-13 10:45] O:7588.00 H:7589.00 L:7586.75 C:7588.00 V:1699.0
  📈 Trend: strong_bearish | 🌍 Regime: ranging
  🗺️  Grid: 0.080% | 🔺 7590.00 🔻 7587.75
  📡 RSI: 26.3 | MACD: -1.18 | ATR: 2.59
  📊 Filled: 0 | Pending: 0
  🔲 Regime: RANGING | Range pos: 39% | RSI: 26.3
  💰 Daily P&L: $+0.00

[2026-07-13 10:46] O:7587.75 H:7588.75 L:7586.50 C:7588.25 V:1594.0
  📈 Trend: strong_bearish | 🌍 Regime: ranging
  🗺️  Grid: 0.080% | 🔺 7589.00 🔻 7586.75
  📡 RSI: 25.0 | MACD: -1.26 | ATR: 2.59
  📊 Filled: 0 | Pending: 0
  🔲 Regime: RANGING | Range pos: 40% | RSI: 25.0
  💰 Daily P&L: $+0.00

[2026-07-13 10:47] O:7588.25 H:7588.50 L:7587.00 C:7587.50 V:1299.0
  📈 Trend: strong_bearish | 🌍 Regime: ranging
  🗺️  Grid: 0.080% | 🔺 7588.75 🔻 7586.50
  📡 RSI: 26.4 | MACD: -1.37 | ATR: 2.54
  📊 Filled: 0 | Pending: 0
  🔲 Regime: RANGING | Range pos: 38% | RSI: 26.4
  💰 Daily P&L: $+0.00

[2026-07-13 10:48] O:7587.50 H:7588.75 L:7586.00 C:7586.75 V:1741.0
  📈 Trend: strong_bearish | 🌍 Regime: ranging
  🗺️  Grid: 0.080% | 🔺 7588.50 🔻 7587.00
  📡 RSI: 28.0 | MACD: -1.50 | ATR: 2.45
  📊 Filled: 0 | Pending: 0
  🔲 Regime: RANGING | Range pos: 36% | RSI: 28.0
  💰 Daily P&L: $+0.00

[2026-07-13 10:49] O:7586.50 H:7588.25 L:7585.75 C:7588.00 V:1062.0
  📈 Trend: strong_bearish | 🌍 Regime: ranging
  🗺️  Grid: 0.080% | 🔺 7588.75 🔻 7586.00
  📡 RSI: 40.4 | MACD: -1.49 | ATR: 2.36
  📊 Filled: 0 | Pending: 0
  🔲 Regime: RANGING | Range pos: 39% | RSI: 40.4
  💰 Daily P&L: $+0.00

[2026-07-13 10:50] O:7588.00 H:7588.75 L:7586.00 C:7586.25 V:1745.0
  📈 Trend: strong_bearish | 🌍 Regime: ranging
  🗺️  Grid: 0.080% | 🔺 7588.25 🔻 7585.75
  📡 RSI: 34.0 | MACD: -1.60 | ATR: 2.36
  📊 Filled: 0 | Pending: 0
  🔲 Regime: RANGING | Range pos: 34% | RSI: 34.0
  💰 Daily P&L: $+0.00

[2026-07-13 10:51] O:7586.00 H:7586.25 L:7582.25 C:7583.00 V:2551.0
  📈 Trend: strong_bearish | 🌍 Regime: trending_bearish
  🗺️  Grid: 0.080% | 🔺 7588.75 🔻 7586.00
  📡 RSI: 12.7 | MACD: -1.93 | ATR: 2.41
  📊 Filled: 0 | Pending: 0
  💰 Daily P&L: $+0.00

[2026-07-13 10:52] O:7583.00 H:7585.75 L:7582.50 C:7585.25 V:1712.0
  📈 Trend: strong_bearish | 🌍 Regime: trending_bearish
  🗺️  Grid: 0.080% | 🔺 7586.25 🔻 7582.25
  📡 RSI: 27.1 | MACD: -1.98 | ATR: 2.50
  📊 Filled: 0 | Pending: 0
  💰 Daily P&L: $+0.00

[2026-07-13 10:53] O:7585.50 H:7588.00 L:7584.75 C:7588.00 V:1397.0
  📈 Trend: strong_bearish | 🌍 Regime: trending_bearish
  🗺️  Grid: 0.080% | 🔺 7585.75 🔻 7582.50
  📡 RSI: 38.6 | MACD: -1.78 | ATR: 2.57
  📊 Filled: 0 | Pending: 0
  💰 Daily P&L: $+0.00

[2026-07-13 10:54] O:7587.75 H:7588.00 L:7585.25 C:7586.50 V:1406.0
  📈 Trend: strong_bearish | 🌍 Regime: trending_bearish
  🗺️  Grid: 0.080% | 🔺 7588.00 🔻 7584.75
  📡 RSI: 34.7 | MACD: -1.73 | ATR: 2.66
  📊 Filled: 0 | Pending: 0
  💰 Daily P&L: $+0.00

[2026-07-13 10:55] O:7586.50 H:7586.75 L:7584.50 C:7585.00 V:964.0
  📈 Trend: strong_bearish | 🌍 Regime: trending_bearish
  🗺️  Grid: 0.080% | 🔺 7588.00 🔻 7585.25
  📡 RSI: 36.1 | MACD: -1.78 | ATR: 2.61
  📊 Filled: 0 | Pending: 0
  💰 Daily P&L: $+0.00

[2026-07-13 10:56] O:7585.25 H:7585.25 L:7583.25 C:7583.75 V:1748.0
  📈 Trend: strong_bearish | 🌍 Regime: trending_bearish
  🗺️  Grid: 0.080% | 🔺 7586.75 🔻 7584.50
  📡 RSI: 33.8 | MACD: -1.91 | ATR: 2.57
  📊 Filled: 0 | Pending: 0
  💰 Daily P&L: $+0.00

[2026-07-13 10:57] O:7583.75 H:7584.25 L:7582.00 C:7584.00 V:1866.0
  📈 Trend: strong_bearish | 🌍 Regime: trending_bearish
  🗺️  Grid: 0.080% | 🔺 7585.25 🔻 7583.25
  📡 RSI: 36.5 | MACD: -1.96 | ATR: 2.57
  📊 Filled: 0 | Pending: 0
  💰 Daily P&L: $+0.00

[2026-07-13 10:58] O:7584.25 H:7584.75 L:7582.75 C:7583.25 V:1212.0
  📈 Trend: strong_bearish | 🌍 Regime: trending_bearish
  🗺️  Grid: 0.080% | 🔺 7584.25 🔻 7582.00
  📡 RSI: 37.0 | MACD: -2.04 | ATR: 2.55
  📊 Filled: 0 | Pending: 0
  💰 Daily P&L: $+0.00

[2026-07-13 10:59] O:7583.00 H:7583.75 L:7581.75 C:7583.25 V:1325.0
  📈 Trend: strong_bearish | 🌍 Regime: trending_bearish
  🗺️  Grid: 0.080% | 🔺 7584.75 🔻 7582.75
  📡 RSI: 37.0 | MACD: -2.08 | ATR: 2.54
  📊 Filled: 0 | Pending: 0
  💰 Daily P&L: $+0.00

[2026-07-13 11:00] O:7583.25 H:7583.75 L:7580.50 C:7581.50 V:1831.0
  📈 Trend: strong_bearish | 🌍 Regime: trending_bearish
  🗺️  Grid: 0.080% | 🔺 7583.75 🔻 7581.75
  📡 RSI: 32.9 | MACD: -2.23 | ATR: 2.61
  📊 Filled: 0 | Pending: 0
  💰 Daily P&L: $+0.00

[2026-07-13 11:01] O:7581.50 H:7583.75 L:7581.00 C:7583.00 V:1623.0
  📈 Trend: strong_bearish | 🌍 Regime: trending_bearish
  🗺️  Grid: 0.080% | 🔺 7583.75 🔻 7580.50
  📡 RSI: 39.0 | MACD: -2.20 | ATR: 2.70
  📊 Filled: 0 | Pending: 0
  💰 Daily P&L: $+0.00

[2026-07-13 11:02] O:7583.00 H:7584.00 L:7581.25 C:7584.00 V:1277.0
  📈 Trend: strong_bearish | 🌍 Regime: trending_bearish
  🗺️  Grid: 0.080% | 🔺 7583.75 🔻 7581.00
  📡 RSI: 43.4 | MACD: -2.07 | ATR: 2.70
  📊 Filled: 0 | Pending: 0
  💰 Daily P&L: $+0.00

[2026-07-13 11:03] O:7583.75 H:7585.75 L:7583.25 C:7584.25 V:1603.0
  📈 Trend: strong_bearish | 🌍 Regime: trending_bearish
  🗺️  Grid: 0.080% | 🔺 7584.00 🔻 7581.25
  📡 RSI: 40.5 | MACD: -1.93 | ATR: 2.70
  📊 Filled: 0 | Pending: 0
  💰 Daily P&L: $+0.00

[2026-07-13 11:04] O:7584.25 H:7585.00 L:7582.25 C:7582.50 V:1092.0
  📈 Trend: strong_bearish | 🌍 Regime: trending_bearish
  🗺️  Grid: 0.080% | 🔺 7585.75 🔻 7583.25
  📡 RSI: 40.5 | MACD: -1.93 | ATR: 2.70
  📊 Filled: 0 | Pending: 0
  💰 Daily P&L: $+0.00

[2026-07-13 11:05] O:7582.50 H:7583.00 L:7581.50 C:7582.00 V:1163.0
  📈 Trend: strong_bearish | 🌍 Regime: trending_bearish
  🗺️  Grid: 0.080% | 🔺 7585.00 🔻 7582.25
  📡 RSI: 47.1 | MACD: -1.95 | ATR: 2.52
  📊 Filled: 0 | Pending: 0
  💰 Daily P&L: $+0.00

[2026-07-13 11:06] O:7581.75 H:7583.75 L:7581.75 C:7583.50 V:1007.0
  📈 Trend: strong_bearish | 🌍 Regime: trending_bearish
  🗺️  Grid: 0.080% | 🔺 7583.00 🔻 7581.50
  📡 RSI: 44.6 | MACD: -1.83 | ATR: 2.43
  📊 Filled: 0 | Pending: 0
  💰 Daily P&L: $+0.00

[2026-07-13 11:07] O:7583.50 H:7584.25 L:7582.75 C:7583.50 V:929.0
  📈 Trend: strong_bearish | 🌍 Regime: trending_bearish
  🗺️  Grid: 0.080% | 🔺 7583.75 🔻 7581.75
  📡 RSI: 33.3 | MACD: -1.71 | ATR: 2.30
  📊 Filled: 0 | Pending: 0
  💰 Daily P&L: $+0.00

[2026-07-13 11:08] O:7583.50 H:7586.00 L:7583.50 C:7585.25 V:1639.0
  📈 Trend: strong_bearish | 🌍 Regime: trending_bearish
  🗺️  Grid: 0.080% | 🔺 7584.25 🔻 7582.75
  📡 RSI: 45.5 | MACD: -1.46 | ATR: 2.29
  📊 Filled: 0 | Pending: 0
  💰 Daily P&L: $+0.00

[2026-07-13 11:09] O:7585.25 H:7586.00 L:7583.75 C:7585.75 V:1395.0
  📈 Trend: strong_bearish | 🌍 Regime: trending_bearish
  🗺️  Grid: 0.080% | 🔺 7586.00 🔻 7583.50
  📡 RSI: 52.9 | MACD: -1.20 | ATR: 2.29
  📊 Filled: 0 | Pending: 0
  💰 Daily P&L: $+0.00

[2026-07-13 11:10] O:7585.75 H:7589.00 L:7585.50 C:7588.25 V:2421.0
  📈 Trend: strong_bearish (raw: moderate_bearish) | 🌍 Regime: trending_bearish
  🗺️  Grid: 0.080% | 🔺 7586.00 🔻 7583.75
  📡 RSI: 66.1 | MACD: -0.79 | ATR: 2.39
  📊 Filled: 0 | Pending: 0
  💰 Daily P&L: $+0.00

[2026-07-13 11:11] O:7588.25 H:7588.50 L:7587.25 C:7587.25 V:878.0
  📈 Trend: moderate_bearish | 🌍 Regime: trending_bearish
  🗺️  Grid: 0.080% | 🔺 7589.00 🔻 7585.50
  📡 RSI: 61.0 | MACD: -0.54 | ATR: 2.32
  📊 Filled: 0 | Pending: 0
  💰 Daily P&L: $+0.00

[2026-07-13 11:12] O:7587.25 H:7587.75 L:7584.50 C:7585.25 V:1508.0
  📈 Trend: moderate_bearish (raw: strong_bearish) | 🌍 Regime: trending_bearish
  🗺️  Grid: 0.080% | 🔺 7588.50 🔻 7587.25
  📡 RSI: 56.2 | MACD: -0.50 | ATR: 2.41
  📊 Filled: 0 | Pending: 0
  💰 Daily P&L: $+0.00

[2026-07-13 11:13] O:7585.25 H:7586.25 L:7584.50 C:7585.25 V:994.0
  📈 Trend: strong_bearish | 🌍 Regime: trending_bearish
  🗺️  Grid: 0.080% | 🔺 7587.75 🔻 7584.50
  📡 RSI: 56.2 | MACD: -0.46 | ATR: 2.39
  📊 Filled: 0 | Pending: 0
  💰 Daily P&L: $+0.00

[2026-07-13 11:14] O:7585.50 H:7586.25 L:7583.50 C:7585.50 V:1423.0
  📈 Trend: strong_bearish (raw: moderate_bearish) | 🌍 Regime: trending_bearish
  🗺️  Grid: 0.080% | 🔺 7586.25 🔻 7584.50
  📡 RSI: 63.8 | MACD: -0.40 | ATR: 2.36
  📊 Filled: 0 | Pending: 0
  💰 Daily P&L: $+0.00

[2026-07-13 11:15] O:7585.25 H:7585.50 L:7582.50 C:7583.25 V:1196.0
  📈 Trend: strong_bearish | 🌍 Regime: ranging
  🗺️  Grid: 0.080% | 🔺 7586.25 🔻 7583.50
  📡 RSI: 50.8 | MACD: -0.53 | ATR: 2.38
  📊 Filled: 0 | Pending: 0
  🔲 Regime: RANGING | Range pos: 26% | RSI: 50.8
  💰 Daily P&L: $+0.00

[2026-07-13 11:16] O:7583.00 H:7583.00 L:7579.50 C:7580.25 V:2708.0
  📈 Trend: strong_bearish | 🌍 Regime: ranging
  🗺️  Grid: 0.080% | 🔺 7585.50 🔻 7582.50
  📡 RSI: 39.1 | MACD: -0.86 | ATR: 2.45
  📊 Filled: 0 | Pending: 0
  🔲 Regime: RANGING | Range pos: 18% | RSI: 39.1
  💰 Daily P&L: $+0.00

[2026-07-13 11:17] O:7580.25 H:7580.75 L:7578.50 C:7580.75 V:1869.0
  📈 Trend: strong_bearish | 🌍 Regime: ranging
  🗺️  Grid: 0.080% | 🔺 7583.00 🔻 7579.50
  📡 RSI: 40.0 | MACD: -1.08 | ATR: 2.43
  📊 Filled: 0 | Pending: 0
  🔲 Regime: RANGING | Range pos: 20% | RSI: 40.0
  💰 Daily P&L: $+0.00

[2026-07-13 11:18] O:7580.50 H:7580.50 L:7577.75 C:7578.50 V:1528.0
  📈 Trend: strong_bearish | 🌍 Regime: ranging
  🗺️  Grid: 0.080% | 🔺 7580.75 🔻 7578.50
  📡 RSI: 38.9 | MACD: -1.41 | ATR: 2.45
  📊 Filled: 0 | Pending: 0
  🔲 Regime: RANGING | Range pos: 14% | RSI: 38.9
  💰 Daily P&L: $+0.00

[2026-07-13 11:19] O:7578.25 H:7580.25 L:7578.00 C:7579.75 V:1410.0
  📈 Trend: strong_bearish | 🌍 Regime: ranging
  🗺️  Grid: 0.080% | 🔺 7580.50 🔻 7577.75
  📡 RSI: 44.0 | MACD: -1.56 | ATR: 2.50
  📊 Filled: 0 | Pending: 0
  🔲 Regime: RANGING | Range pos: 17% | RSI: 44.0
  💰 Daily P&L: $+0.00

[2026-07-13 11:20] O:7579.75 H:7579.75 L:7578.00 C:7579.25 V:1118.0
  📈 Trend: strong_bearish | 🌍 Regime: ranging
  🗺️  Grid: 0.080% | 🔺 7580.25 🔻 7578.00
  📡 RSI: 38.0 | MACD: -1.69 | ATR: 2.48
  📊 Filled: 0 | Pending: 0
  🔲 Regime: RANGING | Range pos: 16% | RSI: 38.0
  💰 Daily P&L: $+0.00

[2026-07-13 11:21] O:7579.25 H:7580.25 L:7578.00 C:7578.50 V:1309.0
  📈 Trend: strong_bearish | 🌍 Regime: ranging
  🗺️  Grid: 0.080% | 🔺 7579.75 🔻 7578.00
  📡 RSI: 36.5 | MACD: -1.84 | ATR: 2.54
  📊 Filled: 0 | Pending: 0
  🔲 Regime: RANGING | Range pos: 14% | RSI: 36.5
  💰 Daily P&L: $+0.00

[2026-07-13 11:22] O:7578.50 H:7579.00 L:7578.00 C:7578.50 V:1006.0
  📈 Trend: strong_bearish | 🌍 Regime: ranging
  🗺️  Grid: 0.080% | 🔺 7580.25 🔻 7578.00
  📡 RSI: 29.9 | MACD: -1.94 | ATR: 2.43
  📊 Filled: 0 | Pending: 0
  🔲 Regime: RANGING | Range pos: 14% | RSI: 29.9
  🚫 Raw trend blocks RANGING LONG | raw: strong_bearish
  💰 Daily P&L: $+0.00

[2026-07-13 11:23] O:7578.25 H:7579.50 L:7577.50 C:7578.75 V:1605.0
  📈 Trend: strong_bearish | 🌍 Regime: ranging
  🗺️  Grid: 0.080% | 🔺 7579.00 🔻 7578.00
  📡 RSI: 28.8 | MACD: -1.97 | ATR: 2.41
  📊 Filled: 0 | Pending: 0
  🔲 Regime: RANGING | Range pos: 14% | RSI: 28.8
  🚫 Raw trend blocks RANGING LONG | raw: strong_bearish
  💰 Daily P&L: $+0.00

[2026-07-13 11:24] O:7578.75 H:7579.00 L:7577.00 C:7577.50 V:1507.0
  📈 Trend: strong_bearish | 🌍 Regime: ranging
  🗺️  Grid: 0.080% | 🔺 7579.50 🔻 7577.50
  📡 RSI: 14.8 | MACD: -2.07 | ATR: 2.30
  📊 Filled: 0 | Pending: 0
  🔲 Regime: RANGING | Range pos: 11% | RSI: 14.8
  🚫 Raw trend blocks RANGING LONG | raw: strong_bearish
  💰 Daily P&L: $+0.00

[2026-07-13 11:25] O:7577.50 H:7578.00 L:7576.00 C:7576.25 V:1674.0
  📈 Trend: strong_bearish | 🌍 Regime: ranging
  🗺️  Grid: 0.080% | 🔺 7579.00 🔻 7577.00
  📡 RSI: 14.5 | MACD: -2.23 | ATR: 2.36
  📊 Filled: 0 | Pending: 0
  🔲 Regime: RANGING | Range pos: 7% | RSI: 14.5
  🚫 Raw trend blocks RANGING LONG | raw: strong_bearish
  💰 Daily P&L: $+0.00

[2026-07-13 11:26] O:7576.25 H:7576.25 L:7573.00 C:7574.50 V:3551.0
  📈 Trend: strong_bearish | 🌍 Regime: ranging
  🗺️  Grid: 0.080% | 🔺 7578.00 🔻 7576.00
  📡 RSI: 14.8 | MACD: -2.46 | ATR: 2.36
  📊 Filled: 0 | Pending: 0
  🔲 Regime: RANGING | Range pos: 4% | RSI: 14.8
  🚫 Raw trend blocks RANGING LONG | raw: strong_bearish
  💰 Daily P&L: $+0.00

[2026-07-13 11:27] O:7574.75 H:7574.75 L:7572.50 C:7574.00 V:1845.0
  📈 Trend: strong_bearish | 🌍 Regime: ranging
  🗺️  Grid: 0.080% | 🔺 7576.25 🔻 7573.00
  📡 RSI: 14.3 | MACD: -2.66 | ATR: 2.39
  📊 Filled: 0 | Pending: 0
  🔲 Regime: RANGING | Range pos: 4% | RSI: 14.3
  🚫 Raw trend blocks RANGING LONG | raw: strong_bearish
  💰 Daily P&L: $+0.00

[2026-07-13 11:28] O:7574.25 H:7576.50 L:7574.25 C:7575.50 V:2170.0
  📈 Trend: strong_bearish | 🌍 Regime: ranging
  🗺️  Grid: 0.080% | 🔺 7574.75 🔻 7572.50
  📡 RSI: 20.6 | MACD: -2.67 | ATR: 2.38
  📊 Filled: 0 | Pending: 0
  🔲 Regime: RANGING | Range pos: 8% | RSI: 20.6
  🚫 Raw trend blocks RANGING LONG | raw: strong_bearish
  💰 Daily P&L: $+0.00

[2026-07-13 11:29] O:7575.25 H:7575.50 L:7570.25 C:7574.00 V:4433.0
  📈 Trend: strong_bearish | 🌍 Regime: trending_bearish
  🗺️  Grid: 0.080% | 🔺 7576.50 🔻 7574.25
  📡 RSI: 21.5 | MACD: -2.76 | ATR: 2.54
  📊 Filled: 0 | Pending: 0
  💰 Daily P&L: $+0.00

[2026-07-13 11:30] O:7574.00 H:7574.00 L:7568.50 C:7569.25 V:4538.0
  📈 Trend: strong_bearish | 🌍 Regime: trending_bearish
  🗺️  Grid: 0.080% | 🔺 7575.50 🔻 7570.25
  📡 RSI: 19.4 | MACD: -3.18 | ATR: 2.66
  📊 Filled: 0 | Pending: 0
  💰 Daily P&L: $+0.00

[2026-07-13 11:31] O:7569.25 H:7570.75 L:7566.75 C:7570.25 V:5131.0
  📈 Trend: strong_bearish | 🌍 Regime: trending_bearish
  🗺️  Grid: 0.080% | 🔺 7574.00 🔻 7568.50
  📡 RSI: 21.6 | MACD: -3.39 | ATR: 2.79
  📊 Filled: 0 | Pending: 0
  💰 Daily P&L: $+0.00

[2026-07-13 11:32] O:7570.00 H:7571.00 L:7569.00 C:7569.50 V:2665.0
  📈 Trend: strong_bearish | 🌍 Regime: trending_bearish
  🗺️  Grid: 0.080% | 🔺 7570.75 🔻 7566.75
  📡 RSI: 23.5 | MACD: -3.58 | ATR: 2.71
  📊 Filled: 0 | Pending: 0
  💰 Daily P&L: $+0.00

[2026-07-13 11:33] O:7569.25 H:7570.50 L:7567.50 C:7569.25 V:2667.0
  📈 Trend: strong_bearish | 🌍 Regime: trending_bearish
  🗺️  Grid: 0.080% | 🔺 7571.00 🔻 7569.00
  📡 RSI: 17.2 | MACD: -3.71 | ATR: 2.77
  📊 Filled: 0 | Pending: 0
  💰 Daily P&L: $+0.00

[2026-07-13 11:34] O:7569.25 H:7569.25 L:7566.75 C:7567.25 V:2417.0
  📈 Trend: strong_bearish | 🌍 Regime: trending_bearish
  🗺️  Grid: 0.080% | 🔺 7570.50 🔻 7567.50
  📡 RSI: 15.7 | MACD: -3.92 | ATR: 2.82
  📊 Filled: 0 | Pending: 0
  💰 Daily P&L: $+0.00

[2026-07-13 11:35] O:7567.25 H:7567.75 L:7561.50 C:7563.00 V:5295.0
  📈 Trend: strong_bearish | 🌍 Regime: trending_bearish
  🗺️  Grid: 0.080% | 🔺 7569.25 🔻 7566.75
  📡 RSI: 13.1 | MACD: -4.39 | ATR: 3.11
  📊 Filled: 0 | Pending: 0
  💰 Daily P&L: $+0.00

[2026-07-13 11:36] O:7563.00 H:7564.50 L:7560.00 C:7563.00 V:4906.0
  📈 Trend: strong_bearish | 🌍 Regime: trending_bearish
  🗺️  Grid: 0.080% | 🔺 7567.75 🔻 7561.50
  📡 RSI: 13.1 | MACD: -4.70 | ATR: 3.36
  📊 Filled: 0 | Pending: 0
  💰 Daily P&L: $+0.00

[2026-07-13 11:37] O:7563.00 H:7565.25 L:7562.00 C:7563.75 V:3349.0
  📈 Trend: strong_bearish | 🌍 Regime: trending_bearish
  🗺️  Grid: 0.080% | 🔺 7564.50 🔻 7560.00
  📡 RSI: 15.1 | MACD: -4.83 | ATR: 3.45
  📊 Filled: 0 | Pending: 0
  💰 Daily P&L: $+0.00

[2026-07-13 11:38] O:7563.50 H:7569.00 L:7562.75 C:7569.00 V:3923.0
  📈 Trend: strong_bearish | 🌍 Regime: trending_bearish
  🗺️  Grid: 0.080% | 🔺 7565.25 🔻 7562.00
  📡 RSI: 33.3 | MACD: -4.46 | ATR: 3.75
  📊 Filled: 0 | Pending: 0
  💰 Daily P&L: $+0.00

[2026-07-13 11:39] O:7569.00 H:7573.50 L:7568.75 C:7571.25 V:4476.0
  📈 Trend: strong_bearish | 🌍 Regime: trending_bearish
  🗺️  Grid: 0.080% | 🔺 7569.00 🔻 7562.75
  📡 RSI: 40.6 | MACD: -3.94 | ATR: 3.95
  📊 Filled: 0 | Pending: 0
  💰 Daily P&L: $+0.00

[2026-07-13 11:40] O:7571.00 H:7572.25 L:7566.75 C:7567.25 V:2577.0
  📈 Trend: strong_bearish | 🌍 Regime: trending_bearish
  🗺️  Grid: 0.080% | 🔺 7573.50 🔻 7568.75
  📡 RSI: 37.4 | MACD: -3.81 | ATR: 4.11
  📊 Filled: 0 | Pending: 0
  💰 Daily P&L: $+0.00

[2026-07-13 11:41] O:7567.25 H:7573.25 L:7567.00 C:7573.00 V:2474.0
  📈 Trend: strong_bearish | 🌍 Regime: trending_bearish
  🗺️  Grid: 0.080% | 🔺 7572.25 🔻 7566.75
  📡 RSI: 48.5 | MACD: -3.20 | ATR: 4.39
  📊 Filled: 0 | Pending: 0
  💰 Daily P&L: $+0.00

[2026-07-13 11:42] O:7573.00 H:7574.50 L:7572.00 C:7574.50 V:2969.0
  📈 Trend: strong_bearish | 🌍 Regime: trending_bearish
  🗺️  Grid: 0.080% | 🔺 7573.25 🔻 7567.00
  📡 RSI: 48.5 | MACD: -2.57 | ATR: 4.39
  📊 Filled: 0 | Pending: 0
  💰 Daily P&L: $+0.00

[2026-07-13 11:43] O:7574.50 H:7576.25 L:7573.75 C:7576.00 V:2902.0
  📈 Trend: strong_bearish | 🌍 Regime: trending_bearish
  🗺️  Grid: 0.080% | 🔺 7574.50 🔻 7572.00
  📡 RSI: 52.9 | MACD: -1.93 | ATR: 4.20
  📊 Filled: 0 | Pending: 0
  💰 Daily P&L: $+0.00

[2026-07-13 11:44] O:7575.75 H:7576.25 L:7573.00 C:7575.00 V:1894.0
  📈 Trend: strong_bearish | 🌍 Regime: trending_bearish
  🗺️  Grid: 0.080% | 🔺 7576.25 🔻 7573.75
  📡 RSI: 59.5 | MACD: -1.48 | ATR: 4.04
  📊 Filled: 0 | Pending: 0
  💰 Daily P&L: $+0.00

[2026-07-13 11:45] O:7574.75 H:7578.00 L:7574.75 C:7576.25 V:2887.0
  📈 Trend: strong_bearish (raw: moderate_bearish) | 🌍 Regime: trending_bearish
  🗺️  Grid: 0.080% | 🔺 7576.25 🔻 7573.00
  📡 RSI: 59.8 | MACD: -1.01 | ATR: 3.98
  📊 Filled: 0 | Pending: 0
  💰 Daily P&L: $+0.00

[2026-07-13 11:46] O:7576.25 H:7577.50 L:7575.25 C:7577.50 V:2093.0
  📈 Trend: moderate_bearish | 🌍 Regime: trending_bearish
  🗺️  Grid: 0.080% | 🔺 7578.00 🔻 7574.75
  📡 RSI: 62.9 | MACD: -0.54 | ATR: 4.00
  📊 Filled: 0 | Pending: 0
  💰 Daily P&L: $+0.00

[2026-07-13 11:47] O:7577.50 H:7578.00 L:7573.75 C:7574.25 V:2172.0
  📈 Trend: moderate_bearish (raw: strong_bearish) | 🌍 Regime: trending_bearish
  🗺️  Grid: 0.080% | 🔺 7577.50 🔻 7575.25
  📡 RSI: 57.4 | MACD: -0.42 | ATR: 4.09
  📊 Filled: 0 | Pending: 0
  💰 Daily P&L: $+0.00

[2026-07-13 11:48] O:7574.25 H:7574.25 L:7571.75 C:7572.50 V:1916.0
  📈 Trend: strong_bearish | 🌍 Regime: trending_bearish
  🗺️  Grid: 0.080% | 🔺 7578.00 🔻 7573.75
  📡 RSI: 57.8 | MACD: -0.46 | ATR: 4.09
  📊 Filled: 0 | Pending: 0
  💰 Daily P&L: $+0.00

[2026-07-13 11:49] O:7572.75 H:7573.50 L:7571.00 C:7571.25 V:1787.0
  📈 Trend: strong_bearish (raw: moderate_bearish) | 🌍 Regime: trending_bearish
  🗺️  Grid: 0.080% | 🔺 7574.25 🔻 7571.75
  📡 RSI: 63.4 | MACD: -0.58 | ATR: 3.82
  📊 Filled: 0 | Pending: 0
  📤 Limit SELL 10 @ 7571.25 submitted (ID: 534)
  📋 Order 534 status: PreSubmitted
  ✅ Fill: SLD 10.0 @ 7571.5
  📋 Order 534 status: Filled
  ⬇️ SHORT ORDER @ 7571.25 | Size: 1.00 | SL: 7579.00 | TP: 7559.75 [10cts]
     Reason: Grid Short (strong_bearish, RSI: 63.4)
  🔬 SHADOW [short trending]: 🟩 ROBUST WOULD ALLOW
       MACD=PASS (-0.58 vs -0.46, Δ-0.13) | 5m=PASS (1m=strong_bearish, 5m=sideways)
     ⏳ Order 534 PENDING - awaiting fill confirmation
  💰 Daily P&L: $+0.00
  📤 Stop-Limit BUY 10 @ stop:7579.50 / lmt:7583.50 submitted (ID: 535) [OCA:exit_534_1783961465]
  📋 Order 535 status: PreSubmitted
  📤 Limit BUY 10 @ 7560.00 submitted (ID: 536) [OCA:exit_534_1783961465]
  📋 Order 536 status: PreSubmitted
  ✅ FILL CONFIRMED: SHORT @ 7571.50 (order 534)
     📊 Bracket placed: SL #535 @ 7579.50 | TP #536 @ 7560.00
     Trail activates @ +7.5 pts

[2026-07-13 11:50] O:7571.25 H:7572.00 L:7563.25 C:7566.25 V:5472.0
  📈 Trend: strong_bearish | 🌍 Regime: trending_bearish
  🗺️  Grid: 0.080% | 🔺 7573.50 🔻 7571.00
  📡 RSI: 54.5 | MACD: -1.07 | ATR: 4.12
  📊 Filled: 1 | Pending: 0
  📍 SHORT @ 7571.50 | SL: 7579.50 | TP: 7560.00 | P&L: $+2,625.00 | +7.5 to trail
  ✏️ Stop order 535 modified → 7564.75 [confirmed]
  🔄 TRAILING ACTIVATED @ +8.25pts | Stop: 7579.50 → 7564.75
  💰 Daily P&L: $+0.00
  📋 Order 536 status: Submitted
  📋 Order 536 status: PreSubmitted
  📋 Order 536 status: PendingCancel
  ✅ Fill: BOT 10.0 @ 7568.0
  📋 Order 535 status: Filled
  📋 Order 536 status: Cancelled

[2026-07-13 11:51] O:7566.50 H:7568.00 L:7566.25 C:7567.50 V:1962.0
  📈 Trend: strong_bearish | 🌍 Regime: trending_bearish
  🗺️  Grid: 0.080% | 🔺 7572.00 🔻 7563.25
  📡 RSI: 55.2 | MACD: -1.35 | ATR: 4.02
  📊 Filled: 1 | Pending: 0
  📍 SHORT @ 7571.50 | Trail: 7564.75 | TP: 7560.00 | P&L: $+2,000.00 | 🔒 Trailing
  ✅ EXIT SHORT @ 7568.00 | Trailing Stop
     P&L: +3.50 pts ($+1,750.00) | Daily: $+1,750.00
  ⏸️ Cooldown: 2 bar(s) remaining after exit
  💰 Daily P&L: $+1,750.00

[2026-07-13 11:52] O:7567.25 H:7570.25 L:7567.00 C:7569.75 V:1928.0
  📈 Trend: strong_bearish | 🌍 Regime: trending_bearish
  🗺️  Grid: 0.080% | 🔺 7568.00 🔻 7566.25
  📡 RSI: 51.1 | MACD: -1.37 | ATR: 3.80
  📊 Filled: 0 | Pending: 0
  ⏸️ Cooldown: 1 bar(s) remaining after exit
  💰 Daily P&L: $+1,750.00

[2026-07-13 11:53] O:7569.50 H:7569.50 L:7567.50 C:7568.00 V:1499.0
  📈 Trend: strong_bearish | 🌍 Regime: trending_bearish
  🗺️  Grid: 0.080% | 🔺 7570.25 🔻 7567.00
  📡 RSI: 45.0 | MACD: -1.51 | ATR: 3.62
  📊 Filled: 0 | Pending: 0
  💰 Daily P&L: $+1,750.00

[2026-07-13 11:54] O:7567.75 H:7568.25 L:7565.50 C:7565.75 V:1322.0
  📈 Trend: strong_bearish | 🌍 Regime: ranging
  🗺️  Grid: 0.080% | 🔺 7569.50 🔻 7567.50
  📡 RSI: 47.6 | MACD: -1.78 | ATR: 3.43
  📊 Filled: 0 | Pending: 0
  🔲 Regime: RANGING | Range pos: 11% | RSI: 47.6
  💰 Daily P&L: $+1,750.00

[2026-07-13 11:55] O:7565.50 H:7567.50 L:7564.25 C:7567.25 V:2333.0
  📈 Trend: strong_bearish | 🌍 Regime: ranging
  🗺️  Grid: 0.080% | 🔺 7568.25 🔻 7565.50
  📡 RSI: 39.3 | MACD: -1.85 | ATR: 3.21
  📊 Filled: 0 | Pending: 0
  🔲 Regime: RANGING | Range pos: 14% | RSI: 39.3
  💰 Daily P&L: $+1,750.00

[2026-07-13 11:56] O:7567.25 H:7569.25 L:7567.00 C:7569.00 V:2007.0
  📈 Trend: strong_bearish | 🌍 Regime: ranging
  🗺️  Grid: 0.080% | 🔺 7567.50 🔻 7564.25
  📡 RSI: 39.8 | MACD: -1.75 | ATR: 3.20
  📊 Filled: 0 | Pending: 0
  🔲 Regime: RANGING | Range pos: 18% | RSI: 39.8
  💰 Daily P&L: $+1,750.00

[2026-07-13 11:57] O:7569.00 H:7572.00 L:7567.25 C:7572.00 V:2216.0
  📈 Trend: strong_bearish (raw: moderate_bearish) | 🌍 Regime: ranging
  🗺️  Grid: 0.080% | 🔺 7569.25 🔻 7567.00
  📡 RSI: 43.0 | MACD: -1.40 | ATR: 3.36
  📊 Filled: 0 | Pending: 0
  🔲 Regime: RANGING | Range pos: 24% | RSI: 43.0
  💰 Daily P&L: $+1,750.00

[2026-07-13 11:58] O:7572.25 H:7572.75 L:7569.75 C:7570.75 V:1392.0
  📈 Trend: strong_bearish | 🌍 Regime: ranging
  🗺️  Grid: 0.080% | 🔺 7572.00 🔻 7567.25
  📡 RSI: 42.6 | MACD: -1.22 | ATR: 3.34
  📊 Filled: 0 | Pending: 0
  🔲 Regime: RANGING | Range pos: 21% | RSI: 42.6
  💰 Daily P&L: $+1,750.00

[2026-07-13 11:59] O:7570.50 H:7571.25 L:7568.25 C:7570.25 V:1741.0
  📈 Trend: strong_bearish (raw: moderate_bearish) | 🌍 Regime: ranging
  🗺️  Grid: 0.080% | 🔺 7572.75 🔻 7569.75
  📡 RSI: 39.3 | MACD: -1.10 | ATR: 3.32
  📊 Filled: 0 | Pending: 0
  🔲 Regime: RANGING | Range pos: 20% | RSI: 39.3
  💰 Daily P&L: $+1,750.00

[2026-07-13 12:00] O:7570.00 H:7574.00 L:7569.00 C:7574.00 V:2598.0
  📈 Trend: moderate_bearish | 🌍 Regime: ranging
  🗺️  Grid: 0.080% | 🔺 7571.25 🔻 7568.25
  📡 RSI: 44.3 | MACD: -0.70 | ATR: 3.52
  📊 Filled: 0 | Pending: 0
  🔲 Regime: RANGING | Range pos: 28% | RSI: 44.3
  💰 Daily P&L: $+1,750.00

[2026-07-13 12:01] O:7573.75 H:7574.25 L:7572.50 C:7572.75 V:1696.0
  📈 Trend: moderate_bearish (raw: strong_bearish) | 🌍 Regime: ranging
  🗺️  Grid: 0.080% | 🔺 7574.00 🔻 7569.00
  📡 RSI: 47.4 | MACD: -0.48 | ATR: 3.34
  📊 Filled: 0 | Pending: 0
  🔲 Regime: RANGING | Range pos: 25% | RSI: 47.4
  💰 Daily P&L: $+1,750.00

[2026-07-13 12:02] O:7572.50 H:7573.25 L:7571.00 C:7571.00 V:1804.0
  📈 Trend: strong_bearish | 🌍 Regime: ranging
  🗺️  Grid: 0.080% | 🔺 7574.25 🔻 7572.50
  📡 RSI: 47.4 | MACD: -0.43 | ATR: 3.32
  📊 Filled: 0 | Pending: 0
  🔲 Regime: RANGING | Range pos: 22% | RSI: 47.4
  💰 Daily P&L: $+1,750.00

[2026-07-13 12:03] O:7571.25 H:7573.75 L:7570.75 C:7572.50 V:1260.0
  📈 Trend: strong_bearish | 🌍 Regime: ranging
  🗺️  Grid: 0.080% | 🔺 7573.25 🔻 7571.00
  📡 RSI: 52.2 | MACD: -0.28 | ATR: 3.36
  📊 Filled: 0 | Pending: 0
  🔲 Regime: RANGING | Range pos: 25% | RSI: 52.2
  💰 Daily P&L: $+1,750.00

[2026-07-13 12:04] O:7572.25 H:7573.00 L:7569.50 C:7569.75 V:1200.0
  📈 Trend: strong_bearish | 🌍 Regime: ranging
  🗺️  Grid: 0.080% | 🔺 7573.75 🔻 7570.75
  📡 RSI: 56.6 | MACD: -0.37 | ATR: 2.98
  📊 Filled: 0 | Pending: 0
  🔲 Regime: RANGING | Range pos: 19% | RSI: 56.6
  💰 Daily P&L: $+1,750.00

[2026-07-13 12:05] O:7570.00 H:7573.00 L:7569.25 C:7571.75 V:1193.0
  📈 Trend: strong_bearish | 🌍 Regime: ranging
  🗺️  Grid: 0.080% | 🔺 7573.00 🔻 7569.50
  📡 RSI: 57.8 | MACD: -0.28 | ATR: 3.12
  📊 Filled: 0 | Pending: 0
  🔲 Regime: RANGING | Range pos: 23% | RSI: 57.8
  💰 Daily P&L: $+1,750.00
→ Real-time bars cancelled
✓ Disconnected from IBKR
