2026-07-24 10:46:05 | ERROR    | Error 10148, reqId 554: OrderId 554 that needs to be cancelled cannot be cancelled, state: Cancelled.
Logging to: es_bot_20260724_101515.log

============================================================
📈 MODE: SCALP
   • 10 contract(s) max
   • Grid entries only
   • Trailing stop enabled
   • SL: ~8 pts | TP: ~12 pts | Trail activates: +6 pts
   • Best for: Normal sessions, choppy/ranging opens
============================================================
✓ Connected to IBKR (paper) - clientId=10
✓ Front-month contract: ESU6 expiry=20260918

============================================================
Loading historical data for indicator warm-up...
============================================================
→ Fetching historical bars (1 D, 1 min)...
✓ Loaded 976 historical bars

Processing 976 historical bars...

Indicators ready!
  Bars loaded: 976
  Last price: 7455.50
  Trend: moderate_bullish
  RSI: 69.3
  ATR: 5.54
  MACD: 2.56 / Signal: 0.82
  MA: 7443.71 / 7445.91 / 7454.96

------------------------------------------------------------
Account Value: $1,015,742.76
Buying Power: $4,036,942.77
Current Position: 0 contracts
------------------------------------------------------------

============================================================
Starting live 1-minute bar stream...
Strategy is now ACTIVE (SCALP mode)
============================================================

→ Subscribed to 5-second real-time bars (aggregating to 1 min)

[2026-07-24 09:15] O:7454.25 H:7454.25 L:7449.50 C:7449.50 V:3139.0
  📈 Trend: sideways (raw: moderate_bullish) | 🌍 Regime: trending_bullish
  🗺️  Grid: 0.090% | 🔺 7455.75 🔻 7454.00
  📡 RSI: 59.3 | MACD: 2.41 | ATR: 5.57
  📊 Filled: 0 | Pending: 0
  💰 Daily P&L: $+0.00

[2026-07-24 09:16] O:7449.75 H:7451.00 L:7447.00 C:7449.00 V:3884.0
  📈 Trend: moderate_bullish | 🌍 Regime: trending_bullish
  🗺️  Grid: 0.087% | 🔺 7454.25 🔻 7449.50
  📡 RSI: 57.1 | MACD: 2.23 | ATR: 5.43
  📊 Filled: 0 | Pending: 0
  💰 Daily P&L: $+0.00

[2026-07-24 09:17] O:7449.25 H:7449.75 L:7441.25 C:7444.50 V:5799.0
  📈 Trend: moderate_bullish | 🌍 Regime: trending_bullish
  🗺️  Grid: 0.087% | 🔺 7451.00 🔻 7447.00
  📡 RSI: 60.1 | MACD: 1.71 | ATR: 5.39
  📊 Filled: 0 | Pending: 0
  💰 Daily P&L: $+0.00

[2026-07-24 09:18] O:7444.50 H:7447.00 L:7440.50 C:7441.00 V:4323.0
  📈 Trend: moderate_bullish | 🌍 Regime: trending_bullish
  🗺️  Grid: 0.088% | 🔺 7449.75 🔻 7441.25
  📡 RSI: 51.5 | MACD: 1.00 | ATR: 5.45
  📊 Filled: 0 | Pending: 0
  💰 Daily P&L: $+0.00

[2026-07-24 09:19] O:7440.75 H:7444.00 L:7438.50 C:7443.75 V:4146.0
  📈 Trend: moderate_bullish | 🌍 Regime: trending_bullish
  🗺️  Grid: 0.089% | 🔺 7447.00 🔻 7440.50
  📡 RSI: 56.1 | MACD: 0.65 | ATR: 5.52
  📊 Filled: 0 | Pending: 0
  💰 Daily P&L: $+0.00

[2026-07-24 09:20] O:7443.75 H:7445.75 L:7439.75 C:7445.00 V:3683.0
  📈 Trend: moderate_bullish | 🌍 Regime: trending_bullish
  🗺️  Grid: 0.090% | 🔺 7444.00 🔻 7438.50
  📡 RSI: 54.2 | MACD: 0.47 | ATR: 5.55
  📊 Filled: 0 | Pending: 0
  💰 Daily P&L: $+0.00

[2026-07-24 09:21] O:7445.00 H:7452.50 L:7443.50 C:7451.00 V:5993.0
  📈 Trend: moderate_bullish | 🌍 Regime: trending_bullish
  🗺️  Grid: 0.090% | 🔺 7445.75 🔻 7439.75
  📡 RSI: 52.8 | MACD: 0.80 | ATR: 5.61
  📊 Filled: 0 | Pending: 0
  💰 Daily P&L: $+0.00

[2026-07-24 09:22] O:7451.00 H:7453.75 L:7450.50 C:7452.25 V:3348.0
  📈 Trend: moderate_bullish (raw: strong_bullish) | 🌍 Regime: trending_bullish
  🗺️  Grid: 0.087% | 🔺 7452.50 🔻 7443.50
  📡 RSI: 51.6 | MACD: 1.15 | ATR: 5.39
  📊 Filled: 0 | Pending: 0
  💰 Daily P&L: $+0.00

[2026-07-24 09:23] O:7452.25 H:7458.50 L:7452.25 C:7456.75 V:4668.0
  📈 Trend: strong_bullish | 🌍 Regime: trending_bullish
  🗺️  Grid: 0.089% | 🔺 7453.75 🔻 7450.50
  📡 RSI: 55.0 | MACD: 1.77 | ATR: 5.55
  📊 Filled: 0 | Pending: 0
  💰 Daily P&L: $+0.00

[2026-07-24 09:24] O:7456.75 H:7456.75 L:7453.00 C:7454.00 V:3428.0
  📈 Trend: strong_bullish | 🌍 Regime: trending_bullish
  🗺️  Grid: 0.090% | 🔺 7458.50 🔻 7452.25
  📡 RSI: 53.1 | MACD: 2.02 | ATR: 5.61
  📊 Filled: 0 | Pending: 0
  💰 Daily P&L: $+0.00

[2026-07-24 09:25] O:7454.25 H:7455.25 L:7449.50 C:7452.25 V:4160.0
  📈 Trend: strong_bullish | 🌍 Regime: trending_bullish
  🗺️  Grid: 0.091% | 🔺 7456.75 🔻 7453.00
  📡 RSI: 55.0 | MACD: 2.05 | ATR: 5.64
  📊 Filled: 0 | Pending: 0
  💰 Daily P&L: $+0.00

[2026-07-24 09:26] O:7452.00 H:7455.00 L:7450.75 C:7453.50 V:3766.0
  📈 Trend: strong_bullish | 🌍 Regime: trending_bullish
  🗺️  Grid: 0.089% | 🔺 7455.25 🔻 7449.50
  📡 RSI: 52.2 | MACD: 2.15 | ATR: 5.50
  📊 Filled: 0 | Pending: 0
  💰 Daily P&L: $+0.00

[2026-07-24 09:27] O:7453.25 H:7456.00 L:7448.00 C:7449.75 V:3647.0
  📈 Trend: strong_bullish (raw: moderate_bullish) | 🌍 Regime: trending_bullish
  🗺️  Grid: 0.090% | 🔺 7455.00 🔻 7450.75
  📡 RSI: 44.8 | MACD: 1.90 | ATR: 5.61
  📊 Filled: 0 | Pending: 0
  💰 Daily P&L: $+0.00

[2026-07-24 09:28] O:7449.75 H:7452.75 L:7448.75 C:7451.50 V:2344.0
  📈 Trend: moderate_bullish | 🌍 Regime: trending_bullish
  🗺️  Grid: 0.093% | 🔺 7456.00 🔻 7448.00
  📡 RSI: 45.2 | MACD: 1.83 | ATR: 5.77
  📊 Filled: 0 | Pending: 0
  💰 Daily P&L: $+0.00

[2026-07-24 09:29] O:7451.75 H:7453.50 L:7450.00 C:7450.25 V:2600.0
  📈 Trend: moderate_bullish (raw: moderate_bearish) | 🌍 Regime: trending_bearish
  🗺️  Grid: 0.090% | 🔺 7452.75 🔻 7448.75
  📡 RSI: 51.0 | MACD: 1.65 | ATR: 5.59
  📊 Filled: 0 | Pending: 0
  💰 Daily P&L: $+0.00

[2026-07-24 09:30] O:7450.25 H:7451.00 L:7444.25 C:7446.25 V:3909.0
  📈 Trend: moderate_bearish | 🌍 Regime: trending_bearish
  🗺️  Grid: 0.093% | 🔺 7453.50 🔻 7450.00
  📡 RSI: 46.6 | MACD: 1.17 | ATR: 5.79
  📊 Filled: 0 | Pending: 0
  💰 Daily P&L: $+0.00

[2026-07-24 09:31] O:7446.25 H:7449.00 L:7445.25 C:7449.00 V:2895.0
  📈 Trend: moderate_bearish | 🌍 Regime: trending_bearish
  🗺️  Grid: 0.088% | 🔺 7451.00 🔻 7444.25
  📡 RSI: 55.8 | MACD: 1.00 | ATR: 5.45
  📊 Filled: 0 | Pending: 0
  💰 Daily P&L: $+0.00

[2026-07-24 09:32] O:7449.00 H:7449.00 L:7445.00 C:7446.00 V:2779.0
  📈 Trend: moderate_bearish | 🌍 Regime: trending_bearish
  🗺️  Grid: 0.085% | 🔺 7449.00 🔻 7445.25
  📡 RSI: 56.6 | MACD: 0.62 | ATR: 5.27
  📊 Filled: 0 | Pending: 0
  💰 Daily P&L: $+0.00

[2026-07-24 09:33] O:7445.75 H:7448.25 L:7444.75 C:7445.75 V:2484.0
  📈 Trend: moderate_bearish | 🌍 Regime: trending_bearish
  🗺️  Grid: 0.083% | 🔺 7449.00 🔻 7445.00
  📡 RSI: 52.8 | MACD: 0.29 | ATR: 5.12
  📊 Filled: 0 | Pending: 0
  💰 Daily P&L: $+0.00

[2026-07-24 09:34] O:7445.75 H:7446.75 L:7442.00 C:7442.00 V:2864.0
  📈 Trend: moderate_bearish (raw: strong_bearish) | 🌍 Regime: ranging
  🗺️  Grid: 0.081% | 🔺 7448.25 🔻 7444.75
  📡 RSI: 46.1 | MACD: -0.26 | ATR: 5.04
  📊 Filled: 0 | Pending: 0
  🔲 Regime: RANGING | Range pos: 18% | RSI: 46.1
  💰 Daily P&L: $+0.00

[2026-07-24 09:35] O:7442.00 H:7446.50 L:7441.50 C:7445.75 V:2818.0
  📈 Trend: strong_bearish | 🌍 Regime: ranging
  🗺️  Grid: 0.080% | 🔺 7446.75 🔻 7442.00
  📡 RSI: 42.7 | MACD: -0.40 | ATR: 4.75
  📊 Filled: 0 | Pending: 0
  🔲 Regime: RANGING | Range pos: 36% | RSI: 42.7
  💰 Daily P&L: $+0.00

[2026-07-24 09:36] O:7445.50 H:7447.00 L:7443.50 C:7443.75 V:2339.0
  📈 Trend: strong_bearish | 🌍 Regime: ranging
  🗺️  Grid: 0.080% | 🔺 7446.50 🔻 7441.50
  📡 RSI: 38.4 | MACD: -0.66 | ATR: 4.77
  📊 Filled: 0 | Pending: 0
  🔲 Regime: RANGING | Range pos: 26% | RSI: 38.4
  💰 Daily P&L: $+0.00

[2026-07-24 09:37] O:7443.75 H:7445.00 L:7442.50 C:7443.00 V:2405.0
  📈 Trend: strong_bearish (raw: moderate_bullish) | 🌍 Regime: ranging
  🗺️  Grid: 0.080% | 🔺 7447.00 🔻 7443.50
  📡 RSI: 29.0 | MACD: -0.92 | ATR: 4.50
  📊 Filled: 0 | Pending: 0
  🔲 Regime: RANGING | Range pos: 22% | RSI: 29.0
  📤 Limit BUY 5 @ 7443.00 submitted (ID: 552)
  ⬆️ LONG ORDER @ 7443.00 | Size: 1.00 | SL: 7434.00 | TP: 7456.50 [HIGH VOL ATR:4.50→5cts]
     Reason: Grid Long (sideways, RSI: 29.0)
  🔬 SHADOW [long ranging]: 🟥 ROBUST WOULD BLOCK (1 filter)
       MACD=BLOCK (-0.92 vs -0.66, Δ-0.26) | 5m=N/A (ranging)
     ⏳ Order 552 PENDING - awaiting fill confirmation
  💰 Daily P&L: $+0.00
  📋 Order 552 status: Submitted
  ✅ Fill: BOT 3.0 @ 7443.0
  📋 Order 552 status: Submitted
  ✅ Fill: BOT 2.0 @ 7443.0
  📋 Order 552 status: Filled
  📤 Stop-Limit SELL 5 @ stop:7434.00 / lmt:7430.00 submitted (ID: 553) [OCA:exit_552_1784903945]
  📋 Order 553 status: PreSubmitted
  📤 Limit SELL 5 @ 7456.50 submitted (ID: 554) [OCA:exit_552_1784903945]
  📋 Order 554 status: PreSubmitted
  ✅ FILL CONFIRMED: LONG @ 7443.00 (order 552)
     📊 Bracket placed: SL #553 @ 7434.00 | TP #554 @ 7456.50
     Trail activates @ +7.5 pts

[2026-07-24 09:38] O:7442.75 H:7445.00 L:7442.50 C:7442.75 V:2159.0
  📈 Trend: strong_bearish | 🌍 Regime: ranging
  🗺️  Grid: 0.080% | 🔺 7445.00 🔻 7442.50
  📡 RSI: 31.4 | MACD: -1.13 | ATR: 4.41
  📊 Filled: 1 | Pending: 0
  📍 LONG @ 7443.00 | SL: 7434.00 | TP: 7456.50 | P&L: $-62.50 | +7.5 to trail
  💰 Daily P&L: $+0.00
  📋 Order 554 status: Submitted

[2026-07-24 09:39] O:7442.75 H:7444.25 L:7437.75 C:7439.25 V:3588.0
  📈 Trend: strong_bearish | 🌍 Regime: ranging
  🗺️  Grid: 0.080% | 🔺 7445.00 🔻 7442.50
  📡 RSI: 29.7 | MACD: -1.56 | ATR: 4.46
  📊 Filled: 1 | Pending: 0
  📍 LONG @ 7443.00 | SL: 7434.00 | TP: 7456.50 | P&L: $-937.50 | +5.5 to trail
  💰 Daily P&L: $+0.00

[2026-07-24 09:40] O:7439.00 H:7442.50 L:7437.75 C:7441.00 V:3620.0
  📈 Trend: strong_bearish | 🌍 Regime: ranging
  🗺️  Grid: 0.080% | 🔺 7444.25 🔻 7437.75
  📡 RSI: 30.8 | MACD: -1.74 | ATR: 4.50
  📊 Filled: 1 | Pending: 0
  📍 LONG @ 7443.00 | SL: 7434.00 | TP: 7456.50 | P&L: $-500.00 | +5.5 to trail
  💰 Daily P&L: $+0.00

[2026-07-24 09:41] O:7441.00 H:7442.25 L:7438.25 C:7440.50 V:2704.0
  📈 Trend: strong_bearish | 🌍 Regime: ranging
  🗺️  Grid: 0.080% | 🔺 7442.50 🔻 7437.75
  📡 RSI: 34.2 | MACD: -1.90 | ATR: 4.21
  📊 Filled: 1 | Pending: 0
  📍 LONG @ 7443.00 | SL: 7434.00 | TP: 7456.50 | P&L: $-625.00 | +5.5 to trail
  💰 Daily P&L: $+0.00

[2026-07-24 09:42] O:7440.25 H:7441.25 L:7437.00 C:7438.25 V:3558.0
  📈 Trend: strong_bearish | 🌍 Regime: ranging
  🗺️  Grid: 0.080% | 🔺 7442.25 🔻 7438.25
  📡 RSI: 27.7 | MACD: -2.19 | ATR: 4.23
  📊 Filled: 1 | Pending: 0
  📍 LONG @ 7443.00 | SL: 7434.00 | TP: 7456.50 | P&L: $-1,187.50 | +5.5 to trail
  💰 Daily P&L: $+0.00

[2026-07-24 09:43] O:7438.25 H:7440.00 L:7437.50 C:7439.00 V:2867.0
  📈 Trend: strong_bearish | 🌍 Regime: ranging
  🗺️  Grid: 0.080% | 🔺 7441.25 🔻 7437.00
  📡 RSI: 30.8 | MACD: -2.32 | ATR: 4.16
  📊 Filled: 1 | Pending: 0
  📍 LONG @ 7443.00 | SL: 7434.00 | TP: 7456.50 | P&L: $-1,000.00 | +5.5 to trail
  💰 Daily P&L: $+0.00

[2026-07-24 09:44] O:7439.25 H:7442.25 L:7437.25 C:7437.50 V:4350.0
  📈 Trend: strong_bearish | 🌍 Regime: ranging
  🗺️  Grid: 0.080% | 🔺 7440.00 🔻 7437.50
  📡 RSI: 33.6 | MACD: -2.53 | ATR: 4.04
  📊 Filled: 1 | Pending: 0
  📍 LONG @ 7443.00 | SL: 7434.00 | TP: 7456.50 | P&L: $-1,375.00 | +5.5 to trail
  💰 Daily P&L: $+0.00
  📋 Order 554 status: PreSubmitted
  📋 Order 554 status: PendingCancel
  ✅ Fill: SLD 5.0 @ 7433.75
  📋 Order 553 status: Filled
  📋 Order 554 status: Cancelled

[2026-07-24 09:45] O:7437.75 H:7438.00 L:7433.75 C:7433.75 V:4086.0
  📈 Trend: strong_bearish | 🌍 Regime: ranging
  🗺️  Grid: 0.080% | 🔺 7442.25 🔻 7437.25
  📡 RSI: 22.5 | MACD: -2.95 | ATR: 4.07
  📊 Filled: 1 | Pending: 0
  📍 LONG @ 7443.00 | SL: 7434.00 | TP: 7456.50 | P&L: $-2,312.50 | +5.5 to trail
  ❌ EXIT LONG @ 7433.75 | Stop Loss
     P&L: -9.25 pts ($-2,312.50) | Daily: $-2,312.50
  ⏸️ Cooldown: 2 bar(s) remaining after exit
  💰 Daily P&L: $-2,312.50

[2026-07-24 09:46] O:7433.75 H:7439.50 L:7432.75 C:7439.50 V:4510.0
  📈 Trend: strong_bearish | 🌍 Regime: ranging
  🗺️  Grid: 0.080% | 🔺 7438.00 🔻 7433.75
  📡 RSI: 39.3 | MACD: -2.80 | ATR: 4.27
  📊 Filled: 0 | Pending: 0
  ⏸️ Cooldown: 1 bar(s) remaining after exit
  💰 Daily P&L: $-2,312.50

[2026-07-24 09:47] O:7439.50 H:7441.25 L:7434.25 C:7435.75 V:4295.0
  📈 Trend: strong_bearish | 🌍 Regime: trending_bearish
  🗺️  Grid: 0.080% | 🔺 7439.50 🔻 7432.75
  📡 RSI: 35.3 | MACD: -2.94 | ATR: 4.52
  📊 Filled: 0 | Pending: 0
  💰 Daily P&L: $-2,312.50

[2026-07-24 09:48] O:7435.75 H:7437.75 L:7435.75 C:7437.75 V:2392.0
  📈 Trend: strong_bearish | 🌍 Regime: trending_bearish
  🗺️  Grid: 0.080% | 🔺 7441.25 🔻 7434.25
  📡 RSI: 43.4 | MACD: -2.86 | ATR: 4.32
  📊 Filled: 0 | Pending: 0
  💰 Daily P&L: $-2,312.50

[2026-07-24 09:49] O:7437.75 H:7444.25 L:7437.50 C:7444.00 V:3142.0
  📈 Trend: strong_bearish | 🌍 Regime: trending_bearish
  🗺️  Grid: 0.080% | 🔺 7437.75 🔻 7435.75
  📡 RSI: 47.5 | MACD: -2.27 | ATR: 4.45
  📊 Filled: 0 | Pending: 0
  💰 Daily P&L: $-2,312.50

[2026-07-24 09:50] O:7444.00 H:7449.75 L:7444.00 C:7449.50 V:3860.0
  📈 Trend: strong_bearish (raw: moderate_bearish) | 🌍 Regime: trending_bearish
  🗺️  Grid: 0.080% | 🔺 7444.25 🔻 7437.50
  📡 RSI: 57.5 | MACD: -1.34 | ATR: 4.61
  📊 Filled: 0 | Pending: 0
  💰 Daily P&L: $-2,312.50

[2026-07-24 09:51] O:7449.75 H:7452.00 L:7448.25 C:7450.50 V:3529.0
  📈 Trend: moderate_bearish | 🌍 Regime: trending_bearish
  🗺️  Grid: 0.080% | 🔺 7449.75 🔻 7444.00
  📡 RSI: 59.7 | MACD: -0.51 | ATR: 4.70
  📊 Filled: 0 | Pending: 0
  💰 Daily P&L: $-2,312.50

[2026-07-24 09:52] O:7450.75 H:7451.75 L:7445.50 C:7446.25 V:3103.0
  📈 Trend: moderate_bearish | 🌍 Regime: trending_bearish
  🗺️  Grid: 0.080% | 🔺 7452.00 🔻 7448.25
  📡 RSI: 54.1 | MACD: -0.20 | ATR: 4.96
  📊 Filled: 0 | Pending: 0
  💰 Daily P&L: $-2,312.50

[2026-07-24 09:53] O:7446.00 H:7452.00 L:7444.75 C:7450.50 V:2549.0
  📈 Trend: moderate_bearish (raw: moderate_bullish) | 🌍 Regime: ranging
  🗺️  Grid: 0.081% | 🔺 7451.75 🔻 7445.50
  📡 RSI: 63.0 | MACD: 0.38 | ATR: 5.02
  📊 Filled: 0 | Pending: 0
  🔲 Regime: RANGING | Range pos: 69% | RSI: 63.0
  💰 Daily P&L: $-2,312.50

[2026-07-24 09:54] O:7450.75 H:7451.25 L:7445.75 C:7449.00 V:2728.0
  📈 Trend: moderate_bullish | 🌍 Regime: trending_bullish
  🗺️  Grid: 0.082% | 🔺 7452.00 🔻 7444.75
  📡 RSI: 59.3 | MACD: 0.72 | ATR: 5.07
  📊 Filled: 0 | Pending: 0
  💰 Daily P&L: $-2,312.50

[2026-07-24 09:55] O:7448.75 H:7453.25 L:7448.75 C:7452.75 V:2957.0
  📈 Trend: moderate_bullish | 🌍 Regime: trending_bullish
  🗺️  Grid: 0.082% | 🔺 7451.25 🔻 7445.75
  📡 RSI: 63.2 | MACD: 1.27 | ATR: 5.11
  📊 Filled: 0 | Pending: 0
  💰 Daily P&L: $-2,312.50

[2026-07-24 09:56] O:7452.50 H:7454.25 L:7451.25 C:7454.00 V:2996.0
  📈 Trend: moderate_bullish | 🌍 Regime: trending_bullish
  🗺️  Grid: 0.081% | 🔺 7453.25 🔻 7448.75
  📡 RSI: 67.4 | MACD: 1.79 | ATR: 5.02
  📊 Filled: 0 | Pending: 0
  💰 Daily P&L: $-2,312.50

[2026-07-24 09:57] O:7454.25 H:7460.00 L:7454.25 C:7459.25 V:5202.0
  📈 Trend: moderate_bullish | 🌍 Regime: trending_bullish
  🗺️  Grid: 0.085% | 🔺 7454.25 🔻 7451.25
  📡 RSI: 70.4 | MACD: 2.60 | ATR: 5.27
  📊 Filled: 0 | Pending: 0
  💰 Daily P&L: $-2,312.50

[2026-07-24 09:58] O:7459.25 H:7463.25 L:7457.25 C:7463.25 V:4843.0
  📈 Trend: moderate_bullish | 🌍 Regime: trending_bullish
  🗺️  Grid: 0.086% | 🔺 7460.00 🔻 7454.25
  📡 RSI: 74.6 | MACD: 3.52 | ATR: 5.34
  📊 Filled: 0 | Pending: 0
  💰 Daily P&L: $-2,312.50

[2026-07-24 09:59] O:7463.25 H:7466.50 L:7463.25 C:7465.00 V:6682.0
  📈 Trend: moderate_bullish | 🌍 Regime: trending_bullish
  🗺️  Grid: 0.085% | 🔺 7463.25 🔻 7457.25
  📡 RSI: 81.1 | MACD: 4.34 | ATR: 5.27
  📊 Filled: 0 | Pending: 0
  💰 Daily P&L: $-2,312.50

[2026-07-24 10:00] O:7464.75 H:7468.00 L:7462.25 C:7468.00 V:6601.0
  📈 Trend: moderate_bullish | 🌍 Regime: trending_bullish
  🗺️  Grid: 0.083% | 🔺 7466.50 🔻 7463.25
  📡 RSI: 80.0 | MACD: 5.17 | ATR: 5.20
  📊 Filled: 0 | Pending: 0
  💰 Daily P&L: $-2,312.50

[2026-07-24 10:01] O:7468.00 H:7468.75 L:7463.25 C:7463.75 V:4502.0
  📈 Trend: moderate_bullish (raw: strong_bullish) | 🌍 Regime: trending_bullish
  🗺️  Grid: 0.082% | 🔺 7468.00 🔻 7462.25
  📡 RSI: 79.2 | MACD: 5.42 | ATR: 5.09
  📊 Filled: 0 | Pending: 0
  💰 Daily P&L: $-2,312.50

[2026-07-24 10:02] O:7464.00 H:7464.75 L:7461.50 C:7464.00 V:3846.0
  📈 Trend: strong_bullish | 🌍 Regime: trending_bullish
  🗺️  Grid: 0.083% | 🔺 7468.75 🔻 7463.25
  📡 RSI: 78.4 | MACD: 5.58 | ATR: 5.18
  📊 Filled: 0 | Pending: 0
  💰 Daily P&L: $-2,312.50

[2026-07-24 10:03] O:7464.00 H:7465.00 L:7461.75 C:7463.00 V:2980.0
  📈 Trend: strong_bullish | 🌍 Regime: trending_bullish
  🗺️  Grid: 0.080% | 🔺 7464.75 🔻 7461.50
  📡 RSI: 73.2 | MACD: 5.56 | ATR: 4.93
  📊 Filled: 0 | Pending: 0
  💰 Daily P&L: $-2,312.50

[2026-07-24 10:04] O:7463.25 H:7464.00 L:7461.00 C:7461.50 V:2654.0
  📈 Trend: strong_bullish | 🌍 Regime: trending_bullish
  🗺️  Grid: 0.080% | 🔺 7465.00 🔻 7461.75
  📡 RSI: 66.2 | MACD: 5.36 | ATR: 4.73
  📊 Filled: 0 | Pending: 0
  💰 Daily P&L: $-2,312.50

[2026-07-24 10:05] O:7461.50 H:7464.00 L:7461.00 C:7463.25 V:2433.0
  📈 Trend: strong_bullish | 🌍 Regime: trending_bullish
  🗺️  Grid: 0.080% | 🔺 7464.00 🔻 7461.00
  📡 RSI: 66.9 | MACD: 5.28 | ATR: 4.68
  📊 Filled: 0 | Pending: 0
  💰 Daily P&L: $-2,312.50

[2026-07-24 10:06] O:7463.25 H:7464.50 L:7460.00 C:7460.00 V:2676.0
  📈 Trend: strong_bullish | 🌍 Regime: trending_bullish
  🗺️  Grid: 0.080% | 🔺 7464.00 🔻 7461.00
  📡 RSI: 68.7 | MACD: 4.90 | ATR: 4.55
  📊 Filled: 0 | Pending: 0
  💰 Daily P&L: $-2,312.50

[2026-07-24 10:07] O:7460.00 H:7461.50 L:7457.25 C:7461.25 V:3172.0
  📈 Trend: strong_bullish | 🌍 Regime: trending_bullish
  🗺️  Grid: 0.080% | 🔺 7464.50 🔻 7460.00
  📡 RSI: 65.9 | MACD: 4.65 | ATR: 4.34
  📊 Filled: 0 | Pending: 0
  💰 Daily P&L: $-2,312.50

[2026-07-24 10:08] O:7461.50 H:7465.50 L:7460.50 C:7461.50 V:3322.0
  📈 Trend: strong_bullish (raw: moderate_bullish) | 🌍 Regime: ranging
  🗺️  Grid: 0.080% | 🔺 7461.50 🔻 7457.25
  📡 RSI: 69.2 | MACD: 4.42 | ATR: 4.30
  📊 Filled: 0 | Pending: 0
  🔲 Regime: RANGING | Range pos: 80% | RSI: 69.2
  💰 Daily P&L: $-2,312.50

[2026-07-24 10:09] O:7461.50 H:7462.50 L:7455.50 C:7455.75 V:3119.0
  📈 Trend: moderate_bullish | 🌍 Regime: trending_bullish
  🗺️  Grid: 0.080% | 🔺 7465.50 🔻 7460.50
  📡 RSI: 54.3 | MACD: 3.73 | ATR: 4.48
  📊 Filled: 0 | Pending: 0
  💰 Daily P&L: $-2,312.50

[2026-07-24 10:10] O:7456.00 H:7468.25 L:7454.75 C:7466.00 V:7490.0
  📈 Trend: moderate_bullish | 🌍 Regime: trending_bullish
  🗺️  Grid: 0.084% | 🔺 7462.50 🔻 7455.50
  📡 RSI: 63.8 | MACD: 3.96 | ATR: 5.23
  📊 Filled: 0 | Pending: 0
  💰 Daily P&L: $-2,312.50

[2026-07-24 10:11] O:7466.00 H:7476.50 L:7465.25 C:7468.25 V:14577.0
  📈 Trend: moderate_bullish | 🌍 Regime: trending_bullish
  🗺️  Grid: 0.090% | 🔺 7468.25 🔻 7454.75
  📡 RSI: 61.1 | MACD: 4.28 | ATR: 5.61
  📊 Filled: 0 | Pending: 0
  💰 Daily P&L: $-2,312.50

[2026-07-24 10:12] O:7468.50 H:7471.75 L:7468.00 C:7469.00 V:4844.0
  📈 Trend: moderate_bullish (raw: strong_bullish) | 🌍 Regime: trending_bullish
  🗺️  Grid: 0.088% | 🔺 7476.50 🔻 7465.25
  📡 RSI: 57.7 | MACD: 4.54 | ATR: 5.45
  📊 Filled: 0 | Pending: 0
  💰 Daily P&L: $-2,312.50

[2026-07-24 10:13] O:7468.75 H:7470.00 L:7466.75 C:7467.75 V:2974.0
  📈 Trend: strong_bullish | 🌍 Regime: trending_bullish
  🗺️  Grid: 0.088% | 🔺 7471.75 🔻 7468.00
  📡 RSI: 53.7 | MACD: 4.59 | ATR: 5.45
  📊 Filled: 0 | Pending: 0
  💰 Daily P&L: $-2,312.50

[2026-07-24 10:14] O:7467.50 H:7481.25 L:7467.25 C:7478.00 V:8421.0
  📈 Trend: strong_bullish | 🌍 Regime: trending_bullish
  🗺️  Grid: 0.097% | 🔺 7470.00 🔻 7466.75
  📡 RSI: 61.4 | MACD: 5.40 | ATR: 6.04
  📊 Filled: 0 | Pending: 0
  💰 Daily P&L: $-2,312.50

[2026-07-24 10:15] O:7478.00 H:7489.50 L:7476.00 C:7487.25 V:11978.0
  📈 Trend: strong_bullish | 🌍 Regime: trending_bullish
  🗺️  Grid: 0.106% | 🔺 7481.25 🔻 7467.25
  📡 RSI: 74.0 | MACD: 6.71 | ATR: 6.61
  📊 Filled: 0 | Pending: 0
  💰 Daily P&L: $-2,312.50

[2026-07-24 10:16] O:7487.25 H:7489.50 L:7481.00 C:7481.00 V:6055.0
  📈 Trend: strong_bullish | 🌍 Regime: trending_bullish
  🗺️  Grid: 0.112% | 🔺 7489.50 🔻 7476.00
  📡 RSI: 65.5 | MACD: 7.16 | ATR: 6.98
  📊 Filled: 0 | Pending: 0
  💰 Daily P&L: $-2,312.50

[2026-07-24 10:17] O:7481.25 H:7484.00 L:7477.75 C:7478.50 V:4428.0
  📈 Trend: strong_bullish | 🌍 Regime: trending_bullish
  🗺️  Grid: 0.115% | 🔺 7489.50 🔻 7481.00
  📡 RSI: 63.7 | MACD: 7.23 | ATR: 7.20
  📊 Filled: 0 | Pending: 0
  💰 Daily P&L: $-2,312.50

[2026-07-24 10:18] O:7478.25 H:7481.75 L:7475.50 C:7477.50 V:4541.0
  📈 Trend: strong_bullish | 🌍 Regime: trending_bullish
  🗺️  Grid: 0.119% | 🔺 7484.00 🔻 7477.75
  📡 RSI: 64.3 | MACD: 7.12 | ATR: 7.43
  📊 Filled: 0 | Pending: 0
  💰 Daily P&L: $-2,312.50

[2026-07-24 10:19] O:7477.50 H:7479.50 L:7472.25 C:7474.25 V:4080.0
  📈 Trend: strong_bullish | 🌍 Regime: trending_bullish
  🗺️  Grid: 0.124% | 🔺 7481.75 🔻 7475.50
  📡 RSI: 59.6 | MACD: 6.70 | ATR: 7.73
  📊 Filled: 0 | Pending: 0
  💰 Daily P&L: $-2,312.50

[2026-07-24 10:20] O:7474.25 H:7482.00 L:7473.25 C:7479.50 V:4579.0
  📈 Trend: strong_bullish | 🌍 Regime: trending_bullish
  🗺️  Grid: 0.129% | 🔺 7479.50 🔻 7472.25
  📡 RSI: 66.4 | MACD: 6.71 | ATR: 8.04
  📊 Filled: 0 | Pending: 0
  💰 Daily P&L: $-2,312.50

[2026-07-24 10:21] O:7479.75 H:7482.75 L:7479.50 C:7481.50 V:2765.0
  📈 Trend: strong_bullish | 🌍 Regime: trending_bullish
  🗺️  Grid: 0.128% | 🔺 7482.00 🔻 7473.25
  📡 RSI: 66.8 | MACD: 6.80 | ATR: 7.96
  📊 Filled: 0 | Pending: 0
  💰 Daily P&L: $-2,312.50

[2026-07-24 10:22] O:7481.50 H:7483.25 L:7480.25 C:7481.50 V:2472.0
  📈 Trend: strong_bullish | 🌍 Regime: trending_bullish
  🗺️  Grid: 0.125% | 🔺 7482.75 🔻 7479.50
  📡 RSI: 66.7 | MACD: 6.79 | ATR: 7.82
  📊 Filled: 0 | Pending: 0
  💰 Daily P&L: $-2,312.50

[2026-07-24 10:23] O:7481.50 H:7486.00 L:7481.25 C:7484.50 V:2775.0
  📈 Trend: strong_bullish | 🌍 Regime: trending_bullish
  🗺️  Grid: 0.123% | 🔺 7483.25 🔻 7480.25
  📡 RSI: 75.1 | MACD: 6.95 | ATR: 7.66
  📊 Filled: 0 | Pending: 0
  💰 Daily P&L: $-2,312.50

[2026-07-24 10:24] O:7484.50 H:7485.50 L:7482.50 C:7483.00 V:3378.0
  📈 Trend: strong_bullish | 🌍 Regime: trending_bullish
  🗺️  Grid: 0.111% | 🔺 7486.00 🔻 7481.25
  📡 RSI: 67.5 | MACD: 6.88 | ATR: 6.91
  📊 Filled: 0 | Pending: 0
  💰 Daily P&L: $-2,312.50

[2026-07-24 10:25] O:7483.25 H:7486.00 L:7482.50 C:7486.00 V:2469.0
  📈 Trend: strong_bullish | 🌍 Regime: trending_bullish
  🗺️  Grid: 0.102% | 🔺 7485.50 🔻 7482.50
  📡 RSI: 68.0 | MACD: 6.98 | ATR: 6.36
  📊 Filled: 0 | Pending: 0
  💰 Daily P&L: $-2,312.50

[2026-07-24 10:26] O:7486.00 H:7487.50 L:7484.75 C:7485.00 V:2640.0
  📈 Trend: strong_bullish | 🌍 Regime: trending_bullish
  🗺️  Grid: 0.101% | 🔺 7486.00 🔻 7482.50
  📡 RSI: 66.2 | MACD: 6.90 | ATR: 6.29
  📊 Filled: 0 | Pending: 0
  💰 Daily P&L: $-2,312.50

[2026-07-24 10:27] O:7484.75 H:7488.50 L:7484.75 C:7487.75 V:2878.0
  📈 Trend: strong_bullish | 🌍 Regime: trending_bullish
  🗺️  Grid: 0.101% | 🔺 7487.50 🔻 7484.75
  📡 RSI: 69.6 | MACD: 6.98 | ATR: 6.32
  📊 Filled: 0 | Pending: 0
  💰 Daily P&L: $-2,312.50

[2026-07-24 10:28] O:7488.00 H:7491.00 L:7487.25 C:7487.50 V:4562.0
  📈 Trend: strong_bullish | 🌍 Regime: trending_bullish
  🗺️  Grid: 0.090% | 🔺 7488.50 🔻 7484.75
  📡 RSI: 61.6 | MACD: 6.94 | ATR: 5.59
  📊 Filled: 0 | Pending: 0
  💰 Daily P&L: $-2,312.50

[2026-07-24 10:29] O:7487.50 H:7488.25 L:7484.25 C:7485.25 V:4101.0
  📈 Trend: strong_bullish | 🌍 Regime: trending_bullish
  🗺️  Grid: 0.080% | 🔺 7491.00 🔻 7487.25
  📡 RSI: 47.1 | MACD: 6.65 | ATR: 4.91
  📊 Filled: 0 | Pending: 0
  💰 Daily P&L: $-2,312.50

[2026-07-24 10:30] O:7485.50 H:7486.00 L:7482.75 C:7485.00 V:4396.0
  📈 Trend: strong_bullish | 🌍 Regime: trending_bullish
  🗺️  Grid: 0.080% | 🔺 7488.25 🔻 7484.25
  📡 RSI: 57.1 | MACD: 6.33 | ATR: 4.54
  📊 Filled: 0 | Pending: 0
  💰 Daily P&L: $-2,312.50

[2026-07-24 10:31] O:7485.25 H:7488.50 L:7485.25 C:7487.50 V:2527.0
  📈 Trend: strong_bullish | 🌍 Regime: trending_bullish
  🗺️  Grid: 0.080% | 🔺 7486.00 🔻 7482.75
  📡 RSI: 66.1 | MACD: 6.20 | ATR: 4.34
  📊 Filled: 0 | Pending: 0
  💰 Daily P&L: $-2,312.50

[2026-07-24 10:32] O:7487.50 H:7487.50 L:7482.75 C:7482.75 V:2712.0
  📈 Trend: strong_bullish | 🌍 Regime: trending_bullish
  🗺️  Grid: 0.080% | 🔺 7488.50 🔻 7485.25
  📡 RSI: 58.3 | MACD: 5.66 | ATR: 4.23
  📊 Filled: 0 | Pending: 0
  💰 Daily P&L: $-2,312.50

[2026-07-24 10:33] O:7483.00 H:7484.50 L:7481.50 C:7482.00 V:2585.0
  📈 Trend: strong_bullish | 🌍 Regime: trending_bullish
  🗺️  Grid: 0.080% | 🔺 7487.50 🔻 7482.75
  📡 RSI: 63.2 | MACD: 5.10 | ATR: 3.93
  📊 Filled: 0 | Pending: 0
  💰 Daily P&L: $-2,312.50

[2026-07-24 10:34] O:7482.25 H:7484.00 L:7479.50 C:7480.00 V:3495.0
  📈 Trend: strong_bullish (raw: moderate_bullish) | 🌍 Regime: trending_bullish
  🗺️  Grid: 0.080% | 🔺 7484.50 🔻 7481.50
  📡 RSI: 51.0 | MACD: 4.45 | ATR: 3.62
  📊 Filled: 0 | Pending: 0
  💰 Daily P&L: $-2,312.50

[2026-07-24 10:35] O:7480.00 H:7484.00 L:7479.50 C:7484.00 V:2645.0
  📈 Trend: strong_bullish | 🌍 Regime: trending_bullish
  🗺️  Grid: 0.080% | 🔺 7484.00 🔻 7479.50
  📡 RSI: 54.5 | MACD: 4.21 | ATR: 3.71
  📊 Filled: 0 | Pending: 0
  💰 Daily P&L: $-2,312.50

[2026-07-24 10:36] O:7483.75 H:7485.50 L:7482.00 C:7485.25 V:2235.0
  📈 Trend: strong_bullish | 🌍 Regime: trending_bullish
  🗺️  Grid: 0.080% | 🔺 7484.00 🔻 7479.50
  📡 RSI: 56.4 | MACD: 4.07 | ATR: 3.75
  📊 Filled: 0 | Pending: 0
  💰 Daily P&L: $-2,312.50

[2026-07-24 10:37] O:7485.00 H:7487.25 L:7480.75 C:7486.00 V:3188.0
  📈 Trend: strong_bullish | 🌍 Regime: trending_bullish
  🗺️  Grid: 0.080% | 🔺 7485.50 🔻 7482.00
  📡 RSI: 52.8 | MACD: 3.98 | ATR: 3.88
  📊 Filled: 0 | Pending: 0
  💰 Daily P&L: $-2,312.50

[2026-07-24 10:38] O:7486.25 H:7489.75 L:7485.75 C:7489.50 V:2501.0
  📈 Trend: strong_bullish | 🌍 Regime: trending_bullish
  🗺️  Grid: 0.080% | 🔺 7487.25 🔻 7480.75
  📡 RSI: 61.2 | MACD: 4.14 | ATR: 3.95
  📊 Filled: 0 | Pending: 0
  💰 Daily P&L: $-2,312.50

[2026-07-24 10:39] O:7489.50 H:7490.75 L:7489.00 C:7490.50 V:2991.0
  📈 Trend: strong_bullish | 🌍 Regime: trending_bullish
  🗺️  Grid: 0.080% | 🔺 7489.75 🔻 7485.75
  📡 RSI: 58.3 | MACD: 4.30 | ATR: 3.82
  📊 Filled: 0 | Pending: 0
  💰 Daily P&L: $-2,312.50

[2026-07-24 10:40] O:7490.25 H:7492.00 L:7489.25 C:7489.75 V:3274.0
  📈 Trend: strong_bullish | 🌍 Regime: trending_bullish
  🗺️  Grid: 0.080% | 🔺 7490.75 🔻 7489.00
  📡 RSI: 58.9 | MACD: 4.31 | ATR: 3.82
  📊 Filled: 0 | Pending: 0
  💰 Daily P&L: $-2,312.50

[2026-07-24 10:41] O:7489.50 H:7489.75 L:7485.00 C:7486.25 V:5598.0
  📈 Trend: strong_bullish | 🌍 Regime: trending_bullish
  🗺️  Grid: 0.080% | 🔺 7492.00 🔻 7489.25
  📡 RSI: 47.3 | MACD: 3.99 | ATR: 3.89
  📊 Filled: 0 | Pending: 0
  💰 Daily P&L: $-2,312.50

[2026-07-24 10:42] O:7486.00 H:7487.25 L:7483.25 C:7484.50 V:2697.0
  📈 Trend: strong_bullish (raw: moderate_bullish) | 🌍 Regime: trending_bullish
  🗺️  Grid: 0.080% | 🔺 7489.75 🔻 7485.00
  📡 RSI: 44.8 | MACD: 3.56 | ATR: 3.91
  📊 Filled: 0 | Pending: 0
  💰 Daily P&L: $-2,312.50

[2026-07-24 10:43] O:7484.50 H:7485.75 L:7479.50 C:7481.00 V:3801.0
  📈 Trend: moderate_bullish | 🌍 Regime: trending_bullish
  🗺️  Grid: 0.080% | 🔺 7487.25 🔻 7483.25
  📡 RSI: 43.0 | MACD: 2.90 | ATR: 4.07
  📊 Filled: 0 | Pending: 0
  💰 Daily P&L: $-2,312.50

[2026-07-24 10:44] O:7480.75 H:7483.50 L:7480.75 C:7481.75 V:2031.0
  📈 Trend: moderate_bullish | 🌍 Regime: trending_bullish
  🗺️  Grid: 0.080% | 🔺 7485.75 🔻 7479.50
  📡 RSI: 44.7 | MACD: 2.41 | ATR: 4.04
  📊 Filled: 0 | Pending: 0
  💰 Daily P&L: $-2,312.50

[2026-07-24 10:45] O:7482.00 H:7485.75 L:7482.00 C:7484.25 V:2529.0
  📈 Trend: moderate_bullish | 🌍 Regime: trending_bullish
  🗺️  Grid: 0.080% | 🔺 7483.50 🔻 7480.75
  📡 RSI: 44.7 | MACD: 2.20 | ATR: 4.07
  📊 Filled: 0 | Pending: 0
  💰 Daily P&L: $-2,312.50

[2026-07-24 10:46] O:7484.25 H:7485.50 L:7483.25 C:7483.25 V:1231.0
  📈 Trend: moderate_bullish | 🌍 Regime: trending_bullish
  🗺️  Grid: 0.080% | 🔺 7485.75 🔻 7482.00
  📡 RSI: 50.9 | MACD: 1.93 | ATR: 3.89
  📊 Filled: 0 | Pending: 0
  💰 Daily P&L: $-2,312.50

[2026-07-24 10:47] O:7483.25 H:7485.00 L:7481.00 C:7482.00 V:2063.0
  📈 Trend: moderate_bullish | 🌍 Regime: trending_bullish
  🗺️  Grid: 0.080% | 🔺 7485.50 🔻 7483.25
  📡 RSI: 50.0 | MACD: 1.60 | ATR: 3.96
  📊 Filled: 0 | Pending: 0
  💰 Daily P&L: $-2,312.50

[2026-07-24 10:48] O:7481.75 H:7483.25 L:7478.00 C:7482.75 V:2699.0
  📈 Trend: moderate_bullish | 🌍 Regime: trending_bullish
  🗺️  Grid: 0.080% | 🔺 7485.00 🔻 7481.00
  📡 RSI: 55.2 | MACD: 1.38 | ATR: 4.02
  📊 Filled: 0 | Pending: 0
  💰 Daily P&L: $-2,312.50

[2026-07-24 10:49] O:7482.75 H:7483.00 L:7479.75 C:7480.50 V:1607.0
  📈 Trend: moderate_bullish | 🌍 Regime: trending_bullish
  🗺️  Grid: 0.080% | 🔺 7483.25 🔻 7478.00
  📡 RSI: 42.9 | MACD: 1.01 | ATR: 3.93
  📊 Filled: 0 | Pending: 0
  💰 Daily P&L: $-2,312.50

[2026-07-24 10:50] O:7480.50 H:7486.25 L:7480.50 C:7486.00 V:3863.0
  📈 Trend: moderate_bullish | 🌍 Regime: trending_bullish
  🗺️  Grid: 0.080% | 🔺 7483.00 🔻 7479.75
  📡 RSI: 51.3 | MACD: 1.15 | ATR: 4.09
  📊 Filled: 0 | Pending: 0
  💰 Daily P&L: $-2,312.50

[2026-07-24 10:51] O:7485.75 H:7487.00 L:7483.50 C:7483.75 V:1657.0
  📈 Trend: moderate_bullish (raw: strong_bullish) | 🌍 Regime: trending_bullish
  🗺️  Grid: 0.080% | 🔺 7486.25 🔻 7480.50
  📡 RSI: 46.3 | MACD: 1.06 | ATR: 3.88
  📊 Filled: 0 | Pending: 0
  💰 Daily P&L: $-2,312.50

[2026-07-24 10:52] O:7484.00 H:7485.00 L:7481.00 C:7482.25 V:2540.0
  📈 Trend: strong_bullish | 🌍 Regime: trending_bullish
  🗺️  Grid: 0.080% | 🔺 7487.00 🔻 7483.50
  📡 RSI: 37.2 | MACD: 0.87 | ATR: 3.88
  📊 Filled: 0 | Pending: 0
  💰 Daily P&L: $-2,312.50

[2026-07-24 10:53] O:7482.25 H:7485.50 L:7481.25 C:7485.50 V:1573.0
  📈 Trend: strong_bullish | 🌍 Regime: trending_bullish
  🗺️  Grid: 0.080% | 🔺 7485.00 🔻 7481.00
  📡 RSI: 41.8 | MACD: 0.96 | ATR: 4.05
  📊 Filled: 0 | Pending: 0
  💰 Daily P&L: $-2,312.50

[2026-07-24 10:54] O:7485.50 H:7486.75 L:7484.25 C:7485.00 V:1383.0
  📈 Trend: strong_bullish | 🌍 Regime: trending_bullish
  🗺️  Grid: 0.080% | 🔺 7485.50 🔻 7481.25
  📡 RSI: 42.1 | MACD: 0.99 | ATR: 4.04
  📊 Filled: 0 | Pending: 0
  💰 Daily P&L: $-2,312.50

[2026-07-24 10:55] O:7485.00 H:7487.75 L:7484.50 C:7485.50 V:1451.0
  📈 Trend: strong_bullish | 🌍 Regime: trending_bullish
  🗺️  Grid: 0.080% | 🔺 7486.75 🔻 7484.25
  📡 RSI: 48.6 | MACD: 1.03 | ATR: 3.93
  📊 Filled: 0 | Pending: 0
  💰 Daily P&L: $-2,312.50

[2026-07-24 10:56] O:7485.75 H:7488.25 L:7485.75 C:7488.00 V:2122.0
  📈 Trend: strong_bullish | 🌍 Regime: trending_bullish
  🗺️  Grid: 0.080% | 🔺 7487.75 🔻 7484.50
  📡 RSI: 56.2 | MACD: 1.26 | ATR: 3.84
  📊 Filled: 0 | Pending: 0
  💰 Daily P&L: $-2,312.50

[2026-07-24 10:57] O:7487.75 H:7488.75 L:7486.75 C:7487.00 V:1926.0
  📈 Trend: strong_bullish | 🌍 Regime: trending_bullish
  🗺️  Grid: 0.080% | 🔺 7488.25 🔻 7485.75
  📡 RSI: 61.8 | MACD: 1.34 | ATR: 3.54
  📊 Filled: 0 | Pending: 0
  💰 Daily P&L: $-2,312.50

[2026-07-24 10:58] O:7486.75 H:7489.25 L:7485.75 C:7488.75 V:2577.0
  📈 Trend: strong_bullish | 🌍 Regime: trending_bullish
  🗺️  Grid: 0.080% | 🔺 7488.75 🔻 7486.75
  📡 RSI: 63.2 | MACD: 1.53 | ATR: 3.59
  📊 Filled: 0 | Pending: 0
  💰 Daily P&L: $-2,312.50

[2026-07-24 10:59] O:7488.50 H:7491.00 L:7488.25 C:7489.75 V:2825.0
  📈 Trend: strong_bullish | 🌍 Regime: trending_bullish
  🗺️  Grid: 0.080% | 🔺 7489.25 🔻 7485.75
  📡 RSI: 61.0 | MACD: 1.74 | ATR: 3.50
  📊 Filled: 0 | Pending: 0
  💰 Daily P&L: $-2,312.50

[2026-07-24 11:00] O:7489.75 H:7490.50 L:7485.75 C:7486.75 V:3095.0
  📈 Trend: strong_bullish | 🌍 Regime: trending_bullish
  🗺️  Grid: 0.080% | 🔺 7491.00 🔻 7488.25
  📡 RSI: 56.5 | MACD: 1.64 | ATR: 3.68
  📊 Filled: 0 | Pending: 0
  💰 Daily P&L: $-2,312.50

[2026-07-24 11:01] O:7486.75 H:7488.25 L:7485.75 C:7488.00 V:1584.0
  📈 Trend: strong_bullish | 🌍 Regime: trending_bullish
  🗺️  Grid: 0.080% | 🔺 7490.50 🔻 7485.75
  📡 RSI: 61.1 | MACD: 1.65 | ATR: 3.57
  📊 Filled: 0 | Pending: 0
  💰 Daily P&L: $-2,312.50

[2026-07-24 11:02] O:7488.00 H:7488.25 L:7486.50 C:7488.00 V:1267.0
  📈 Trend: strong_bullish | 🌍 Regime: trending_bullish
  🗺️  Grid: 0.080% | 🔺 7488.25 🔻 7485.75
  📡 RSI: 60.0 | MACD: 1.64 | ATR: 3.32
  📊 Filled: 0 | Pending: 0
  💰 Daily P&L: $-2,312.50

[2026-07-24 11:03] O:7488.00 H:7489.75 L:7487.25 C:7489.25 V:1343.0
  📈 Trend: strong_bullish | 🌍 Regime: trending_bullish
  🗺️  Grid: 0.080% | 🔺 7488.25 🔻 7486.50
  📡 RSI: 67.3 | MACD: 1.71 | ATR: 3.27
  📊 Filled: 0 | Pending: 0
  💰 Daily P&L: $-2,312.50

[2026-07-24 11:04] O:7489.25 H:7491.75 L:7489.00 C:7491.50 V:1766.0
  📈 Trend: strong_bullish | 🌍 Regime: trending_bullish
  🗺️  Grid: 0.080% | 🔺 7489.75 🔻 7487.25
  📡 RSI: 62.5 | MACD: 1.92 | ATR: 3.05
  📊 Filled: 0 | Pending: 0
  💰 Daily P&L: $-2,312.50

[2026-07-24 11:05] O:7491.50 H:7492.25 L:7490.25 C:7491.00 V:1819.0
  📈 Trend: strong_bullish | 🌍 Regime: trending_bullish
  🗺️  Grid: 0.080% | 🔺 7491.75 🔻 7489.00
  📡 RSI: 67.9 | MACD: 2.03 | ATR: 2.95
  📊 Filled: 0 | Pending: 0
  💰 Daily P&L: $-2,312.50

[2026-07-24 11:06] O:7491.00 H:7491.50 L:7489.00 C:7489.25 V:2110.0
  📈 Trend: strong_bullish | 🌍 Regime: trending_bullish
  🗺️  Grid: 0.080% | 🔺 7492.25 🔻 7490.25
  📡 RSI: 67.1 | MACD: 1.95 | ATR: 2.84
  📊 Filled: 0 | Pending: 0
  💰 Daily P&L: $-2,312.50

[2026-07-24 11:07] O:7489.50 H:7495.00 L:7488.75 C:7494.25 V:4481.0
  📈 Trend: strong_bullish | 🌍 Regime: trending_bullish
  🗺️  Grid: 0.080% | 🔺 7491.50 🔻 7489.00
  📡 RSI: 69.7 | MACD: 2.27 | ATR: 2.98
  📊 Filled: 0 | Pending: 0
  💰 Daily P&L: $-2,312.50

[2026-07-24 11:08] O:7494.25 H:7495.00 L:7492.50 C:7492.75 V:2511.0
  📈 Trend: strong_bullish | 🌍 Regime: trending_bullish
  🗺️  Grid: 0.080% | 🔺 7495.00 🔻 7488.75
  📡 RSI: 66.7 | MACD: 2.37 | ATR: 2.98
  📊 Filled: 0 | Pending: 0
  💰 Daily P&L: $-2,312.50

[2026-07-24 11:09] O:7493.00 H:7493.75 L:7492.00 C:7492.50 V:2457.0
  📈 Trend: strong_bullish | 🌍 Regime: trending_bullish
  🗺️  Grid: 0.080% | 🔺 7495.00 🔻 7492.50
  📡 RSI: 65.2 | MACD: 2.40 | ATR: 2.88
  📊 Filled: 0 | Pending: 0
  💰 Daily P&L: $-2,312.50

[2026-07-24 11:10] O:7492.50 H:7496.50 L:7492.00 C:7496.25 V:2818.0
  📈 Trend: strong_bullish | 🌍 Regime: trending_bullish
  🗺️  Grid: 0.080% | 🔺 7493.75 🔻 7492.00
  📡 RSI: 67.0 | MACD: 2.70 | ATR: 3.00
  📊 Filled: 0 | Pending: 0
  💰 Daily P&L: $-2,312.50

[2026-07-24 11:11] O:7496.25 H:7496.50 L:7493.00 C:7493.75 V:1980.0
  📈 Trend: strong_bullish | 🌍 Regime: trending_bullish
  🗺️  Grid: 0.080% | 🔺 7496.50 🔻 7492.00
  📡 RSI: 63.1 | MACD: 2.70 | ATR: 3.11
  📊 Filled: 0 | Pending: 0
  💰 Daily P&L: $-2,312.50

[2026-07-24 11:12] O:7493.75 H:7495.00 L:7492.25 C:7492.25 V:2085.0
  📈 Trend: strong_bullish | 🌍 Regime: trending_bullish
  🗺️  Grid: 0.080% | 🔺 7496.50 🔻 7493.00
  📡 RSI: 56.9 | MACD: 2.55 | ATR: 3.05
  📊 Filled: 0 | Pending: 0
  💰 Daily P&L: $-2,312.50

[2026-07-24 11:13] O:7492.25 H:7492.75 L:7487.25 C:7489.25 V:3705.0
  📈 Trend: strong_bullish | 🌍 Regime: trending_bullish
  🗺️  Grid: 0.080% | 🔺 7495.00 🔻 7492.25
  📡 RSI: 49.1 | MACD: 2.17 | ATR: 3.25
  📊 Filled: 0 | Pending: 0
  💰 Daily P&L: $-2,312.50

[2026-07-24 11:14] O:7489.25 H:7490.25 L:7487.75 C:7489.00 V:2585.0
  📈 Trend: strong_bullish | 🌍 Regime: trending_bullish
  🗺️  Grid: 0.080% | 🔺 7492.75 🔻 7487.25
  📡 RSI: 54.5 | MACD: 1.82 | ATR: 3.09
  📊 Filled: 0 | Pending: 0
  💰 Daily P&L: $-2,312.50

[2026-07-24 11:15] O:7489.00 H:7489.75 L:7487.50 C:7489.00 V:1928.0
  📈 Trend: strong_bullish | 🌍 Regime: trending_bullish
  🗺️  Grid: 0.080% | 🔺 7490.25 🔻 7487.75
  📡 RSI: 52.1 | MACD: 1.53 | ATR: 3.07
  📊 Filled: 0 | Pending: 0
  💰 Daily P&L: $-2,312.50

[2026-07-24 11:16] O:7488.75 H:7490.25 L:7488.00 C:7489.25 V:1360.0
  📈 Trend: strong_bullish | 🌍 Regime: trending_bullish
  🗺️  Grid: 0.080% | 🔺 7489.75 🔻 7487.50
  📡 RSI: 52.6 | MACD: 1.30 | ATR: 3.11
  📊 Filled: 0 | Pending: 0
  💰 Daily P&L: $-2,312.50

[2026-07-24 11:17] O:7489.25 H:7489.75 L:7488.25 C:7488.75 V:1216.0
  📈 Trend: strong_bullish (raw: moderate_bullish) | 🌍 Regime: trending_bullish
  🗺️  Grid: 0.080% | 🔺 7490.25 🔻 7488.00
  📡 RSI: 48.9 | MACD: 1.07 | ATR: 3.04
  📊 Filled: 0 | Pending: 0
  💰 Daily P&L: $-2,312.50

[2026-07-24 11:18] O:7488.75 H:7491.75 L:7488.50 C:7490.50 V:1314.0
  📈 Trend: strong_bullish | 🌍 Regime: trending_bullish
  🗺️  Grid: 0.080% | 🔺 7489.75 🔻 7488.25
  📡 RSI: 47.8 | MACD: 1.02 | ATR: 3.07
  📊 Filled: 0 | Pending: 0
  💰 Daily P&L: $-2,312.50

[2026-07-24 11:19] O:7490.50 H:7492.75 L:7490.00 C:7490.75 V:2838.0
  📈 Trend: strong_bullish | 🌍 Regime: trending_bullish
  🗺️  Grid: 0.080% | 🔺 7491.75 🔻 7488.50
  📡 RSI: 49.4 | MACD: 0.98 | ATR: 3.12
  📊 Filled: 0 | Pending: 0
  💰 Daily P&L: $-2,312.50

[2026-07-24 11:20] O:7491.00 H:7493.75 L:7490.75 C:7493.75 V:1670.0
  📈 Trend: strong_bullish | 🌍 Regime: trending_bullish
  🗺️  Grid: 0.080% | 🔺 7492.75 🔻 7490.00
  📡 RSI: 59.6 | MACD: 1.18 | ATR: 3.16
  📊 Filled: 0 | Pending: 0
  💰 Daily P&L: $-2,312.50

[2026-07-24 11:21] O:7493.50 H:7494.00 L:7490.50 C:7492.00 V:1241.0
  📈 Trend: strong_bullish | 🌍 Regime: trending_bullish
  🗺️  Grid: 0.080% | 🔺 7493.75 🔻 7490.75
  📡 RSI: 44.4 | MACD: 1.19 | ATR: 2.96
  📊 Filled: 0 | Pending: 0
  💰 Daily P&L: $-2,312.50

[2026-07-24 11:22] O:7491.75 H:7494.50 L:7491.50 C:7494.25 V:1061.0
  📈 Trend: strong_bullish | 🌍 Regime: trending_bullish
  🗺️  Grid: 0.080% | 🔺 7494.00 🔻 7490.50
  📡 RSI: 53.6 | MACD: 1.36 | ATR: 3.00
  📊 Filled: 0 | Pending: 0
  💰 Daily P&L: $-2,312.50

[2026-07-24 11:23] O:7494.25 H:7494.50 L:7492.50 C:7493.25 V:1018.0
  📈 Trend: strong_bullish | 🌍 Regime: trending_bullish
  🗺️  Grid: 0.080% | 🔺 7494.50 🔻 7491.50
  📡 RSI: 51.7 | MACD: 1.39 | ATR: 3.02
  📊 Filled: 0 | Pending: 0
  💰 Daily P&L: $-2,312.50

[2026-07-24 11:24] O:7493.00 H:7493.75 L:7491.75 C:7493.00 V:1334.0
  📈 Trend: strong_bullish | 🌍 Regime: trending_bullish
  🗺️  Grid: 0.080% | 🔺 7494.50 🔻 7492.50
  📡 RSI: 41.1 | MACD: 1.39 | ATR: 2.84
  📊 Filled: 0 | Pending: 0
  💰 Daily P&L: $-2,312.50

[2026-07-24 11:25] O:7493.00 H:7494.50 L:7492.00 C:7494.50 V:1192.0
  📈 Trend: strong_bullish | 🌍 Regime: trending_bullish
  🗺️  Grid: 0.080% | 🔺 7493.75 🔻 7491.75
  📡 RSI: 52.2 | MACD: 1.49 | ATR: 2.77
  📊 Filled: 0 | Pending: 0
  💰 Daily P&L: $-2,312.50

[2026-07-24 11:26] O:7494.50 H:7494.75 L:7493.50 C:7494.50 V:1132.0
  📈 Trend: strong_bullish | 🌍 Regime: trending_bullish
  🗺️  Grid: 0.080% | 🔺 7494.50 🔻 7492.00
  📡 RSI: 57.1 | MACD: 1.55 | ATR: 2.66
  📊 Filled: 0 | Pending: 0
  💰 Daily P&L: $-2,312.50

[2026-07-24 11:27] O:7494.50 H:7495.25 L:7492.75 C:7493.25 V:1283.0
  📈 Trend: strong_bullish | 🌍 Regime: trending_bullish
  🗺️  Grid: 0.080% | 🔺 7494.75 🔻 7493.50
  📡 RSI: 64.3 | MACD: 1.48 | ATR: 2.45
  📊 Filled: 0 | Pending: 0
  💰 Daily P&L: $-2,312.50

[2026-07-24 11:28] O:7493.25 H:7493.75 L:7492.50 C:7492.75 V:1118.0
  📈 Trend: strong_bullish | 🌍 Regime: trending_bullish
  🗺️  Grid: 0.080% | 🔺 7495.25 🔻 7492.75
  📡 RSI: 63.2 | MACD: 1.37 | ATR: 2.36
  📊 Filled: 0 | Pending: 0
  💰 Daily P&L: $-2,312.50

[2026-07-24 11:29] O:7492.75 H:7493.50 L:7491.00 C:7491.25 V:2144.0
  📈 Trend: strong_bullish (raw: moderate_bullish) | 🌍 Regime: trending_bullish
  🗺️  Grid: 0.080% | 🔺 7493.75 🔻 7492.50
  📡 RSI: 57.1 | MACD: 1.14 | ATR: 2.38
  📊 Filled: 0 | Pending: 0
  💰 Daily P&L: $-2,312.50

[2026-07-24 11:30] O:7491.25 H:7491.50 L:7484.00 C:7485.75 V:8001.0
  📈 Trend: moderate_bullish | 🌍 Regime: trending_bullish
  🗺️  Grid: 0.080% | 🔺 7493.50 🔻 7491.00
  📡 RSI: 41.7 | MACD: 0.52 | ATR: 2.75
  📊 Filled: 0 | Pending: 0
  💰 Daily P&L: $-2,312.50

[2026-07-24 11:31] O:7486.25 H:7487.50 L:7485.00 C:7486.00 V:4330.0
  📈 Trend: moderate_bullish | 🌍 Regime: trending_bullish
  🗺️  Grid: 0.080% | 🔺 7491.50 🔻 7484.00
  📡 RSI: 43.4 | MACD: 0.04 | ATR: 2.82
  📊 Filled: 0 | Pending: 0
  💰 Daily P&L: $-2,312.50

[2026-07-24 11:32] O:7485.75 H:7487.00 L:7484.00 C:7485.75 V:3001.0
  📈 Trend: moderate_bullish | 🌍 Regime: trending_bullish
  🗺️  Grid: 0.080% | 🔺 7487.50 🔻 7485.00
  📡 RSI: 37.7 | MACD: -0.35 | ATR: 2.80
  📊 Filled: 0 | Pending: 0
  💰 Daily P&L: $-2,312.50

[2026-07-24 11:33] O:7485.75 H:7486.50 L:7482.50 C:7483.75 V:2635.0
  📈 Trend: moderate_bullish | 🌍 Regime: trending_bullish
  🗺️  Grid: 0.080% | 🔺 7487.00 🔻 7484.00
  📡 RSI: 33.3 | MACD: -0.82 | ATR: 2.89
  📊 Filled: 0 | Pending: 0
  💰 Daily P&L: $-2,312.50

[2026-07-24 11:34] O:7483.50 H:7485.75 L:7483.00 C:7484.50 V:2173.0
  📈 Trend: moderate_bullish | 🌍 Regime: trending_bullish
  🗺️  Grid: 0.080% | 🔺 7486.50 🔻 7482.50
  📡 RSI: 25.3 | MACD: -1.11 | ATR: 2.88
  📊 Filled: 0 | Pending: 0
  💰 Daily P&L: $-2,312.50

[2026-07-24 11:35] O:7484.25 H:7485.75 L:7483.25 C:7485.00 V:1823.0
  📈 Trend: moderate_bullish | 🌍 Regime: trending_bullish
  🗺️  Grid: 0.080% | 🔺 7485.75 🔻 7483.00
  📡 RSI: 30.0 | MACD: -1.29 | ATR: 2.80
  📊 Filled: 0 | Pending: 0
  💰 Daily P&L: $-2,312.50

[2026-07-24 11:36] O:7485.00 H:7487.00 L:7484.00 C:7484.75 V:1907.0
  📈 Trend: moderate_bullish | 🌍 Regime: trending_bullish
  🗺️  Grid: 0.080% | 🔺 7485.75 🔻 7483.25
  📡 RSI: 19.4 | MACD: -1.43 | ATR: 2.80
  📊 Filled: 0 | Pending: 0
  💰 Daily P&L: $-2,312.50

[2026-07-24 11:37] O:7484.50 H:7485.75 L:7483.00 C:7485.50 V:1304.0
  📈 Trend: moderate_bullish | 🌍 Regime: trending_bullish
  🗺️  Grid: 0.080% | 🔺 7487.00 🔻 7484.00
  📡 RSI: 24.6 | MACD: -1.47 | ATR: 2.86
  📊 Filled: 0 | Pending: 0
  💰 Daily P&L: $-2,312.50

[2026-07-24 11:38] O:7485.50 H:7486.25 L:7481.75 C:7482.00 V:1846.0
  📈 Trend: moderate_bullish | 🌍 Regime: trending_bullish
  🗺️  Grid: 0.080% | 🔺 7485.75 🔻 7483.00
  📡 RSI: 20.3 | MACD: -1.76 | ATR: 3.04
  📊 Filled: 0 | Pending: 0
  💰 Daily P&L: $-2,312.50

[2026-07-24 11:39] O:7482.00 H:7483.75 L:7481.50 C:7482.00 V:1383.0
  📈 Trend: moderate_bullish (raw: strong_bearish) | 🌍 Regime: trending_bearish
  🗺️  Grid: 0.080% | 🔺 7486.25 🔻 7481.75
  📡 RSI: 13.2 | MACD: -1.97 | ATR: 3.02
  📊 Filled: 0 | Pending: 0
  💰 Daily P&L: $-2,312.50

[2026-07-24 11:40] O:7481.75 H:7481.75 L:7479.25 C:7479.25 V:2529.0
  📈 Trend: strong_bearish | 🌍 Regime: trending_bearish
  🗺️  Grid: 0.080% | 🔺 7483.75 🔻 7481.50
  📡 RSI: 11.4 | MACD: -2.33 | ATR: 3.12
  📊 Filled: 0 | Pending: 0
  💰 Daily P&L: $-2,312.50

[2026-07-24 11:41] O:7479.50 H:7480.00 L:7478.25 C:7479.50 V:2061.0
  📈 Trend: strong_bearish | 🌍 Regime: trending_bearish
  🗺️  Grid: 0.080% | 🔺 7481.75 🔻 7479.25
  📡 RSI: 13.3 | MACD: -2.57 | ATR: 3.07
  📊 Filled: 0 | Pending: 0
  💰 Daily P&L: $-2,312.50

[2026-07-24 11:42] O:7479.50 H:7480.00 L:7477.25 C:7478.75 V:2048.0
  📈 Trend: strong_bearish | 🌍 Regime: trending_bearish
  🗺️  Grid: 0.080% | 🔺 7480.00 🔻 7478.25
  📡 RSI: 13.2 | MACD: -2.78 | ATR: 3.18
  📊 Filled: 0 | Pending: 0
  💰 Daily P&L: $-2,312.50

[2026-07-24 11:43] O:7479.00 H:7479.75 L:7476.25 C:7477.50 V:2593.0
  📈 Trend: strong_bearish | 🌍 Regime: trending_bearish
  🗺️  Grid: 0.080% | 🔺 7480.00 🔻 7477.25
  📡 RSI: 13.3 | MACD: -3.02 | ATR: 3.25
  📊 Filled: 0 | Pending: 0
  💰 Daily P&L: $-2,312.50

[2026-07-24 11:44] O:7477.50 H:7477.75 L:7475.50 C:7475.75 V:2215.0
  📈 Trend: strong_bearish | 🌍 Regime: trending_bearish
  🗺️  Grid: 0.080% | 🔺 7479.75 🔻 7476.25
  📡 RSI: 16.7 | MACD: -3.31 | ATR: 2.88
  📊 Filled: 0 | Pending: 0
  💰 Daily P&L: $-2,312.50

[2026-07-24 11:45] O:7475.50 H:7477.50 L:7474.25 C:7476.75 V:3042.0
  📈 Trend: strong_bearish | 🌍 Regime: trending_bearish
  🗺️  Grid: 0.080% | 🔺 7477.75 🔻 7475.50
  📡 RSI: 20.6 | MACD: -3.42 | ATR: 2.93
  📊 Filled: 0 | Pending: 0
  💰 Daily P&L: $-2,312.50

[2026-07-24 11:46] O:7477.00 H:7477.25 L:7474.50 C:7474.50 V:2361.0
  📈 Trend: strong_bearish | 🌍 Regime: trending_bearish
  🗺️  Grid: 0.080% | 🔺 7477.50 🔻 7474.25
  📡 RSI: 18.3 | MACD: -3.65 | ATR: 2.91
  📊 Filled: 0 | Pending: 0
  💰 Daily P&L: $-2,312.50

[2026-07-24 11:47] O:7474.50 H:7475.50 L:7471.25 C:7471.50 V:2439.0
  📈 Trend: strong_bearish | 🌍 Regime: trending_bearish
  🗺️  Grid: 0.080% | 🔺 7477.25 🔻 7474.50
  📡 RSI: 17.3 | MACD: -4.02 | ATR: 2.93
  📊 Filled: 0 | Pending: 0
  💰 Daily P&L: $-2,312.50

[2026-07-24 11:48] O:7471.50 H:7471.75 L:7469.50 C:7470.50 V:2643.0
  📈 Trend: strong_bearish | 🌍 Regime: trending_bearish
  🗺️  Grid: 0.080% | 🔺 7475.50 🔻 7471.25
  📡 RSI: 13.2 | MACD: -4.35 | ATR: 2.89
  📊 Filled: 0 | Pending: 0
  💰 Daily P&L: $-2,312.50

[2026-07-24 11:49] O:7470.50 H:7471.50 L:7468.25 C:7471.00 V:2938.0
  📈 Trend: strong_bearish | 🌍 Regime: trending_bearish
  🗺️  Grid: 0.080% | 🔺 7471.75 🔻 7469.50
  📡 RSI: 13.2 | MACD: -4.52 | ATR: 2.95
  📊 Filled: 0 | Pending: 0
  💰 Daily P&L: $-2,312.50

[2026-07-24 11:50] O:7470.75 H:7471.50 L:7469.25 C:7470.25 V:2285.0
  📈 Trend: strong_bearish | 🌍 Regime: trending_bearish
  🗺️  Grid: 0.080% | 🔺 7471.50 🔻 7468.25
  📡 RSI: 12.8 | MACD: -4.66 | ATR: 2.89
  📊 Filled: 0 | Pending: 0
  💰 Daily P&L: $-2,312.50

[2026-07-24 11:51] O:7470.25 H:7471.25 L:7469.25 C:7470.50 V:2661.0
  📈 Trend: strong_bearish | 🌍 Regime: trending_bearish
  🗺️  Grid: 0.080% | 🔺 7471.50 🔻 7469.25
  📡 RSI: 10.5 | MACD: -4.69 | ATR: 2.84
  📊 Filled: 0 | Pending: 0
  💰 Daily P&L: $-2,312.50

[2026-07-24 11:52] O:7470.50 H:7470.75 L:7468.00 C:7468.50 V:2079.0
  📈 Trend: strong_bearish | 🌍 Regime: trending_bearish
  🗺️  Grid: 0.080% | 🔺 7471.25 🔻 7469.25
  📡 RSI: 11.4 | MACD: -4.83 | ATR: 2.71
  📊 Filled: 0 | Pending: 0
  💰 Daily P&L: $-2,312.50

[2026-07-24 11:53] O:7468.25 H:7469.25 L:7466.25 C:7468.25 V:2685.0
  📈 Trend: strong_bearish | 🌍 Regime: trending_bearish
  🗺️  Grid: 0.080% | 🔺 7470.75 🔻 7468.00
  📡 RSI: 11.3 | MACD: -4.90 | ATR: 2.77
  📊 Filled: 0 | Pending: 0
  💰 Daily P&L: $-2,312.50

[2026-07-24 11:54] O:7468.25 H:7471.50 L:7467.75 C:7469.50 V:3018.0
  📈 Trend: strong_bearish | 🌍 Regime: trending_bearish
  🗺️  Grid: 0.080% | 🔺 7469.25 🔻 7466.25
  📡 RSI: 20.0 | MACD: -4.80 | ATR: 2.84
  📊 Filled: 0 | Pending: 0
  💰 Daily P&L: $-2,312.50

[2026-07-24 11:55] O:7469.25 H:7472.75 L:7467.50 C:7471.00 V:2394.0
  📈 Trend: strong_bearish | 🌍 Regime: trending_bearish
  🗺️  Grid: 0.080% | 🔺 7471.50 🔻 7467.75
  📡 RSI: 25.7 | MACD: -4.55 | ATR: 3.09
  📊 Filled: 0 | Pending: 0
  💰 Daily P&L: $-2,312.50

[2026-07-24 11:56] O:7471.25 H:7472.00 L:7470.00 C:7472.00 V:1904.0
  📈 Trend: strong_bearish (raw: moderate_bearish) | 🌍 Regime: trending_bearish
  🗺️  Grid: 0.080% | 🔺 7472.75 🔻 7467.50
  📡 RSI: 31.0 | MACD: -4.22 | ATR: 3.04
  📊 Filled: 0 | Pending: 0
  💰 Daily P&L: $-2,312.50

[2026-07-24 11:57] O:7472.00 H:7474.25 L:7471.75 C:7474.25 V:1969.0
  📈 Trend: moderate_bearish | 🌍 Regime: trending_bearish
  🗺️  Grid: 0.080% | 🔺 7472.00 🔻 7470.00
  📡 RSI: 41.3 | MACD: -3.73 | ATR: 2.96
  📊 Filled: 0 | Pending: 0
  💰 Daily P&L: $-2,312.50

[2026-07-24 11:58] O:7474.50 H:7476.50 L:7473.75 C:7475.25 V:1885.0
  📈 Trend: moderate_bearish | 🌍 Regime: trending_bearish
  🗺️  Grid: 0.080% | 🔺 7474.25 🔻 7471.75
  📡 RSI: 48.6 | MACD: -3.23 | ATR: 3.00
  📊 Filled: 0 | Pending: 0
  💰 Daily P&L: $-2,312.50

[2026-07-24 11:59] O:7475.50 H:7476.25 L:7473.25 C:7473.50 V:1993.0
  📈 Trend: moderate_bearish | 🌍 Regime: trending_bearish
  🗺️  Grid: 0.080% | 🔺 7476.50 🔻 7473.75
  📡 RSI: 41.3 | MACD: -2.94 | ATR: 2.98
  📊 Filled: 0 | Pending: 0
  💰 Daily P&L: $-2,312.50

[2026-07-24 12:00] O:7473.75 H:7475.00 L:7471.75 C:7472.75 V:2131.0
  📈 Trend: moderate_bearish | 🌍 Regime: trending_bearish
  🗺️  Grid: 0.080% | 🔺 7476.25 🔻 7473.25
  📡 RSI: 44.9 | MACD: -2.73 | ATR: 3.02
  📊 Filled: 0 | Pending: 0
  💰 Daily P&L: $-2,312.50

[2026-07-24 12:01] O:7472.50 H:7472.50 L:7469.25 C:7472.50 V:2859.0
  📈 Trend: moderate_bearish | 🌍 Regime: trending_bearish
  🗺️  Grid: 0.080% | 🔺 7475.00 🔻 7471.75
  📡 RSI: 53.4 | MACD: -2.56 | ATR: 2.96
  📊 Filled: 0 | Pending: 0
  💰 Daily P&L: $-2,312.50

[2026-07-24 12:02] O:7472.50 H:7472.75 L:7470.25 C:7470.75 V:2123.0
  📈 Trend: moderate_bearish | 🌍 Regime: trending_bearish
  🗺️  Grid: 0.080% | 🔺 7472.50 🔻 7469.25
  📡 RSI: 50.8 | MACD: -2.54 | ATR: 2.98
  📊 Filled: 0 | Pending: 0
  💰 Daily P&L: $-2,312.50

[2026-07-24 12:03] O:7470.75 H:7472.00 L:7469.00 C:7470.25 V:1526.0
  📈 Trend: moderate_bearish | 🌍 Regime: trending_bearish
  🗺️  Grid: 0.080% | 🔺 7472.75 🔻 7470.25
  📡 RSI: 47.5 | MACD: -2.54 | ATR: 2.96
  📊 Filled: 0 | Pending: 0
  💰 Daily P&L: $-2,312.50

[2026-07-24 12:04] O:7470.50 H:7471.50 L:7469.75 C:7470.75 V:1204.0
  📈 Trend: moderate_bearish | 🌍 Regime: trending_bearish
  🗺️  Grid: 0.080% | 🔺 7472.00 🔻 7469.00
  📡 RSI: 51.7 | MACD: -2.46 | ATR: 2.93
  📊 Filled: 0 | Pending: 0
  💰 Daily P&L: $-2,312.50

[2026-07-24 12:05] O:7470.75 H:7472.25 L:7470.00 C:7471.00 V:1618.0
  📈 Trend: moderate_bearish | 🌍 Regime: trending_bearish
  🗺️  Grid: 0.080% | 🔺 7471.50 🔻 7469.75
  📡 RSI: 51.7 | MACD: -2.36 | ATR: 2.95
  📊 Filled: 0 | Pending: 0
  💰 Daily P&L: $-2,312.50

[2026-07-24 12:06] O:7471.25 H:7471.25 L:7464.00 C:7467.50 V:8970.0
  📈 Trend: moderate_bearish | 🌍 Regime: trending_bearish
  🗺️  Grid: 0.080% | 🔺 7472.25 🔻 7470.00
  📡 RSI: 47.0 | MACD: -2.53 | ATR: 3.27
  📊 Filled: 0 | Pending: 0
  💰 Daily P&L: $-2,312.50

[2026-07-24 12:07] O:7467.50 H:7468.00 L:7465.25 C:7465.75 V:1823.0
  📈 Trend: moderate_bearish | 🌍 Regime: trending_bearish
  🗺️  Grid: 0.080% | 🔺 7471.25 🔻 7464.00
  📡 RSI: 43.1 | MACD: -2.77 | ATR: 3.25
  📊 Filled: 0 | Pending: 0
  💰 Daily P&L: $-2,312.50

[2026-07-24 12:08] O:7465.50 H:7466.25 L:7462.75 C:7464.50 V:2477.0
  📈 Trend: moderate_bearish (raw: strong_bearish) | 🌍 Regime: trending_bearish
  🗺️  Grid: 0.080% | 🔺 7468.00 🔻 7465.25
  📡 RSI: 36.1 | MACD: -3.03 | ATR: 3.23
  📊 Filled: 0 | Pending: 0
  💰 Daily P&L: $-2,312.50

[2026-07-24 12:09] O:7464.25 H:7465.50 L:7462.50 C:7462.75 V:2004.0
  📈 Trend: strong_bearish | 🌍 Regime: trending_bearish
  🗺️  Grid: 0.080% | 🔺 7466.25 🔻 7462.75
  📡 RSI: 27.4 | MACD: -3.34 | ATR: 3.07
  📊 Filled: 0 | Pending: 0
  💰 Daily P&L: $-2,312.50

[2026-07-24 12:10] O:7462.75 H:7465.00 L:7461.00 C:7463.75 V:3314.0
  📈 Trend: strong_bearish | 🌍 Regime: trending_bearish
  🗺️  Grid: 0.080% | 🔺 7465.50 🔻 7462.50
  📡 RSI: 27.4 | MACD: -3.46 | ATR: 3.21
  📊 Filled: 0 | Pending: 0
  💰 Daily P&L: $-2,312.50

[2026-07-24 12:11] O:7463.75 H:7467.25 L:7463.50 C:7465.75 V:2571.0
  📈 Trend: strong_bearish | 🌍 Regime: trending_bearish
  🗺️  Grid: 0.080% | 🔺 7465.00 🔻 7461.00
  📡 RSI: 26.4 | MACD: -3.36 | ATR: 3.30
  📊 Filled: 0 | Pending: 0
  💰 Daily P&L: $-2,312.50

[2026-07-24 12:12] O:7465.75 H:7468.25 L:7465.75 C:7466.50 V:1490.0
  📈 Trend: strong_bearish | 🌍 Regime: trending_bearish
  🗺️  Grid: 0.080% | 🔺 7467.25 🔻 7463.50
  📡 RSI: 25.4 | MACD: -3.18 | ATR: 3.29
  📊 Filled: 0 | Pending: 0
  💰 Daily P&L: $-2,312.50

[2026-07-24 12:13] O:7466.75 H:7468.50 L:7465.75 C:7467.25 V:1365.0
  📈 Trend: strong_bearish (raw: moderate_bearish) | 🌍 Regime: trending_bearish
  🗺️  Grid: 0.080% | 🔺 7468.25 🔻 7465.75
  📡 RSI: 31.3 | MACD: -2.94 | ATR: 3.27
  📊 Filled: 0 | Pending: 0
  💰 Daily P&L: $-2,312.50

[2026-07-24 12:14] O:7467.25 H:7469.75 L:7467.25 C:7468.50 V:1475.0
  📈 Trend: moderate_bearish | 🌍 Regime: trending_bearish
  🗺️  Grid: 0.080% | 🔺 7468.50 🔻 7465.75
  📡 RSI: 37.7 | MACD: -2.63 | ATR: 3.21
  📊 Filled: 0 | Pending: 0
  💰 Daily P&L: $-2,312.50

[2026-07-24 12:15] O:7468.25 H:7469.50 L:7466.50 C:7466.75 V:1153.0
  📈 Trend: moderate_bearish | 🌍 Regime: trending_bearish
  🗺️  Grid: 0.080% | 🔺 7469.75 🔻 7467.25
  📡 RSI: 34.7 | MACD: -2.49 | ATR: 3.18
  📊 Filled: 0 | Pending: 0
  💰 Daily P&L: $-2,312.50

[2026-07-24 12:16] O:7467.00 H:7467.50 L:7465.50 C:7466.50 V:1230.0
  📈 Trend: moderate_bearish | 🌍 Regime: trending_bearish
  🗺️  Grid: 0.080% | 🔺 7469.50 🔻 7466.50
  📡 RSI: 37.7 | MACD: -2.37 | ATR: 3.14
  📊 Filled: 0 | Pending: 0
  💰 Daily P&L: $-2,312.50

[2026-07-24 12:17] O:7466.75 H:7471.00 L:7466.25 C:7470.50 V:1976.0
  📈 Trend: moderate_bearish | 🌍 Regime: trending_bearish
  🗺️  Grid: 0.080% | 🔺 7467.50 🔻 7465.50
  📡 RSI: 50.6 | MACD: -1.93 | ATR: 3.27
  📊 Filled: 0 | Pending: 0
  💰 Daily P&L: $-2,312.50

[2026-07-24 12:18] O:7470.50 H:7473.25 L:7469.25 C:7471.75 V:1931.0
  📈 Trend: moderate_bearish | 🌍 Regime: trending_bearish
  🗺️  Grid: 0.080% | 🔺 7471.00 🔻 7466.25
  📡 RSI: 52.3 | MACD: -1.47 | ATR: 3.43
  📊 Filled: 0 | Pending: 0
  💰 Daily P&L: $-2,312.50

[2026-07-24 12:19] O:7471.50 H:7474.00 L:7471.00 C:7473.50 V:1586.0
  📈 Trend: moderate_bearish (raw: moderate_bullish) | 🌍 Regime: trending_bullish
  🗺️  Grid: 0.080% | 🔺 7473.25 🔻 7469.25
  📡 RSI: 55.4 | MACD: -0.94 | ATR: 3.48
  📊 Filled: 0 | Pending: 0
  💰 Daily P&L: $-2,312.50

[2026-07-24 12:20] O:7473.50 H:7474.00 L:7471.75 C:7472.25 V:1348.0
  📈 Trend: moderate_bearish | 🌍 Regime: ranging
  🗺️  Grid: 0.080% | 🔺 7474.00 🔻 7471.00
  📡 RSI: 61.4 | MACD: -0.63 | ATR: 3.12
  📊 Filled: 0 | Pending: 0
  🔲 Regime: RANGING | Range pos: 62% | RSI: 61.4
  💰 Daily P&L: $-2,312.50

[2026-07-24 12:21] O:7472.50 H:7474.00 L:7471.50 C:7471.75 V:1378.0
  📈 Trend: moderate_bearish (raw: moderate_bullish) | 🌍 Regime: ranging
  🗺️  Grid: 0.080% | 🔺 7474.00 🔻 7471.75
  📡 RSI: 65.4 | MACD: -0.41 | ATR: 3.11
  📊 Filled: 0 | Pending: 0
  🔲 Regime: RANGING | Range pos: 61% | RSI: 65.4
  💰 Daily P&L: $-2,312.50

[2026-07-24 12:22] O:7471.75 H:7472.75 L:7468.00 C:7469.25 V:1478.0
  📈 Trend: moderate_bearish | 🌍 Regime: ranging
  🗺️  Grid: 0.080% | 🔺 7474.00 🔻 7471.50
  📡 RSI: 61.4 | MACD: -0.43 | ATR: 3.20
  📊 Filled: 0 | Pending: 0
  🔲 Regime: RANGING | Range pos: 57% | RSI: 61.4
  💰 Daily P&L: $-2,312.50

[2026-07-24 12:23] O:7469.00 H:7470.75 L:7467.75 C:7469.00 V:1043.0
  📈 Trend: moderate_bearish | 🌍 Regime: ranging
  🗺️  Grid: 0.080% | 🔺 7472.75 🔻 7468.00
  📡 RSI: 66.2 | MACD: -0.47 | ATR: 3.20
  📊 Filled: 0 | Pending: 0
  🔲 Regime: RANGING | Range pos: 57% | RSI: 66.2
  💰 Daily P&L: $-2,312.50

[2026-07-24 12:24] O:7469.00 H:7472.25 L:7468.25 C:7472.00 V:2037.0
  📈 Trend: moderate_bearish (raw: moderate_bullish) | 🌍 Regime: ranging
  🗺️  Grid: 0.080% | 🔺 7470.75 🔻 7467.75
  📡 RSI: 69.4 | MACD: -0.25 | ATR: 3.20
  📊 Filled: 0 | Pending: 0
  🔲 Regime: RANGING | Range pos: 62% | RSI: 69.4
  💰 Daily P&L: $-2,312.50

[2026-07-24 12:25] O:7472.25 H:7472.75 L:7469.00 C:7472.50 V:955.0
  📈 Trend: moderate_bullish | 🌍 Regime: ranging
  🗺️  Grid: 0.080% | 🔺 7472.25 🔻 7468.25
  📡 RSI: 67.1 | MACD: -0.04 | ATR: 3.20
  📊 Filled: 0 | Pending: 0
  🔲 Regime: RANGING | Range pos: 62% | RSI: 67.1
  💰 Daily P&L: $-2,312.50

[2026-07-24 12:26] O:7472.50 H:7474.75 L:7472.25 C:7474.50 V:1089.0
  📈 Trend: moderate_bullish (raw: strong_bullish) | 🌍 Regime: ranging
  🗺️  Grid: 0.080% | 🔺 7472.75 🔻 7469.00
  📡 RSI: 69.0 | MACD: 0.29 | ATR: 3.20
  📊 Filled: 0 | Pending: 0
  🔲 Regime: RANGING | Range pos: 65% | RSI: 69.0
  💰 Daily P&L: $-2,312.50

[2026-07-24 12:27] O:7474.50 H:7477.00 L:7474.25 C:7476.25 V:1993.0
  📈 Trend: strong_bullish | 🌍 Regime: ranging
  🗺️  Grid: 0.080% | 🔺 7474.75 🔻 7472.25
  📡 RSI: 70.5 | MACD: 0.68 | ATR: 3.20
  📊 Filled: 0 | Pending: 0
  🔲 Regime: RANGING | Range pos: 68% | RSI: 70.5
  💰 Daily P&L: $-2,312.50

[2026-07-24 12:28] O:7476.25 H:7477.50 L:7475.50 C:7476.00 V:1700.0
  📈 Trend: strong_bullish | 🌍 Regime: ranging
  🗺️  Grid: 0.080% | 🔺 7477.00 🔻 7474.25
  📡 RSI: 67.9 | MACD: 0.96 | ATR: 3.16
  📊 Filled: 0 | Pending: 0
  🔲 Regime: RANGING | Range pos: 68% | RSI: 67.9
  💰 Daily P&L: $-2,312.50

[2026-07-24 12:29] O:7476.00 H:7477.50 L:7475.25 C:7476.25 V:1403.0
  📈 Trend: strong_bullish (raw: moderate_bullish) | 🌍 Regime: ranging
  🗺️  Grid: 0.080% | 🔺 7477.50 🔻 7475.50
  📡 RSI: 74.4 | MACD: 1.19 | ATR: 3.11
  📊 Filled: 0 | Pending: 0
  🔲 Regime: RANGING | Range pos: 68% | RSI: 74.4
  💰 Daily P&L: $-2,312.50

[2026-07-24 12:30] O:7476.25 H:7477.50 L:7474.25 C:7476.25 V:2231.0
  📈 Trend: moderate_bullish | 🌍 Regime: ranging
  🗺️  Grid: 0.080% | 🔺 7477.50 🔻 7475.25
  📡 RSI: 75.3 | MACD: 1.36 | ATR: 3.20
  📊 Filled: 0 | Pending: 0
  🔲 Regime: RANGING | Range pos: 68% | RSI: 75.3
  💰 Daily P&L: $-2,312.50

[2026-07-24 12:31] O:7476.25 H:7478.00 L:7475.25 C:7477.50 V:1218.0
  📈 Trend: moderate_bullish (raw: strong_bullish) | 🌍 Regime: ranging
  🗺️  Grid: 0.080% | 🔺 7477.50 🔻 7474.25
  📡 RSI: 71.2 | MACD: 1.57 | ATR: 3.05
  📊 Filled: 0 | Pending: 0
  🔲 Regime: RANGING | Range pos: 70% | RSI: 71.2
  🚫 Raw trend blocks RANGING SHORT | raw: strong_bullish
  💰 Daily P&L: $-2,312.50

[2026-07-24 12:32] O:7477.50 H:7478.25 L:7475.25 C:7476.75 V:1044.0
  📈 Trend: strong_bullish | 🌍 Regime: ranging
  🗺️  Grid: 0.080% | 🔺 7478.00 🔻 7475.25
  📡 RSI: 65.6 | MACD: 1.66 | ATR: 2.98
  📊 Filled: 0 | Pending: 0
  🔲 Regime: RANGING | Range pos: 69% | RSI: 65.6
  💰 Daily P&L: $-2,312.50

[2026-07-24 12:33] O:7476.75 H:7479.00 L:7476.00 C:7478.50 V:1232.0
  📈 Trend: strong_bullish | 🌍 Regime: ranging
  🗺️  Grid: 0.080% | 🔺 7478.25 🔻 7475.25
  📡 RSI: 65.6 | MACD: 1.85 | ATR: 2.98
  📊 Filled: 0 | Pending: 0
  🔲 Regime: RANGING | Range pos: 72% | RSI: 65.6
  💰 Daily P&L: $-2,312.50

[2026-07-24 12:34] O:7478.50 H:7481.00 L:7478.00 C:7480.50 V:1767.0
  📈 Trend: strong_bullish | 🌍 Regime: ranging
  🗺️  Grid: 0.080% | 🔺 7479.00 🔻 7476.00
  📡 RSI: 74.6 | MACD: 2.14 | ATR: 3.04
  📊 Filled: 0 | Pending: 0
  🔲 Regime: RANGING | Range pos: 75% | RSI: 74.6
  🚫 Raw trend blocks RANGING SHORT | raw: strong_bullish
  💰 Daily P&L: $-2,312.50

[2026-07-24 12:35] O:7480.50 H:7480.75 L:7479.25 C:7480.00 V:1404.0
  📈 Trend: strong_bullish | 🌍 Regime: ranging
  🗺️  Grid: 0.080% | 🔺 7481.00 🔻 7478.00
  📡 RSI: 74.6 | MACD: 2.30 | ATR: 2.96
  📊 Filled: 0 | Pending: 0
  🔲 Regime: RANGING | Range pos: 74% | RSI: 74.6
  🚫 Raw trend blocks RANGING SHORT | raw: strong_bullish
  💰 Daily P&L: $-2,312.50

[2026-07-24 12:36] O:7479.75 H:7480.25 L:7477.00 C:7478.25 V:1486.0
  📈 Trend: strong_bullish | 🌍 Regime: ranging
  🗺️  Grid: 0.080% | 🔺 7480.75 🔻 7479.25
  📡 RSI: 78.1 | MACD: 2.26 | ATR: 2.86
  📊 Filled: 0 | Pending: 0
  🔲 Regime: RANGING | Range pos: 71% | RSI: 78.1
  🚫 Raw trend blocks RANGING SHORT | raw: strong_bullish
  💰 Daily P&L: $-2,312.50

[2026-07-24 12:37] O:7478.25 H:7478.25 L:7475.25 C:7475.75 V:1557.0
  📈 Trend: strong_bullish | 🌍 Regime: ranging
  🗺️  Grid: 0.080% | 🔺 7480.25 🔻 7477.00
  📡 RSI: 68.5 | MACD: 2.01 | ATR: 2.86
  📊 Filled: 0 | Pending: 0
  🔲 Regime: RANGING | Range pos: 67% | RSI: 68.5
  💰 Daily P&L: $-2,312.50

[2026-07-24 12:38] O:7475.75 H:7477.25 L:7475.25 C:7476.00 V:889.0
  📈 Trend: strong_bullish | 🌍 Regime: ranging
  🗺️  Grid: 0.080% | 🔺 7478.25 🔻 7475.25
  📡 RSI: 62.9 | MACD: 1.80 | ATR: 2.71
  📊 Filled: 0 | Pending: 0
  🔲 Regime: RANGING | Range pos: 68% | RSI: 62.9
  💰 Daily P&L: $-2,312.50

[2026-07-24 12:39] O:7476.00 H:7476.50 L:7473.50 C:7474.25 V:1551.0
  📈 Trend: strong_bullish (raw: moderate_bullish) | 🌍 Regime: ranging
  🗺️  Grid: 0.080% | 🔺 7477.25 🔻 7475.25
  📡 RSI: 55.2 | MACD: 1.48 | ATR: 2.66
  📊 Filled: 0 | Pending: 0
  🔲 Regime: RANGING | Range pos: 65% | RSI: 55.2
  💰 Daily P&L: $-2,312.50

[2026-07-24 12:40] O:7474.25 H:7474.75 L:7472.00 C:7472.50 V:1387.0
  📈 Trend: moderate_bullish | 🌍 Regime: ranging
  🗺️  Grid: 0.080% | 🔺 7476.50 🔻 7473.50
  📡 RSI: 43.9 | MACD: 1.08 | ATR: 2.68
  📊 Filled: 0 | Pending: 0
  🔲 Regime: RANGING | Range pos: 62% | RSI: 43.9
  💰 Daily P&L: $-2,312.50

[2026-07-24 12:41] O:7472.50 H:7472.75 L:7470.25 C:7472.00 V:1891.0
  📈 Trend: moderate_bullish | 🌍 Regime: ranging
  🗺️  Grid: 0.080% | 🔺 7474.75 🔻 7472.00
  📡 RSI: 36.1 | MACD: 0.70 | ATR: 2.66
  📊 Filled: 0 | Pending: 0
  🔲 Regime: RANGING | Range pos: 62% | RSI: 36.1
  💰 Daily P&L: $-2,312.50

[2026-07-24 12:42] O:7472.25 H:7472.50 L:7470.75 C:7471.75 V:947.0
  📈 Trend: moderate_bullish | 🌍 Regime: ranging
  🗺️  Grid: 0.080% | 🔺 7472.75 🔻 7470.25
  📡 RSI: 36.1 | MACD: 0.39 | ATR: 2.64
  📊 Filled: 0 | Pending: 0
  🔲 Regime: RANGING | Range pos: 61% | RSI: 36.1
  💰 Daily P&L: $-2,312.50

[2026-07-24 12:43] O:7471.75 H:7472.25 L:7470.75 C:7471.00 V:940.0
  📈 Trend: moderate_bullish (raw: moderate_bearish) | 🌍 Regime: ranging
  🗺️  Grid: 0.080% | 🔺 7472.50 🔻 7470.75
  📡 RSI: 33.3 | MACD: 0.07 | ATR: 2.59
  📊 Filled: 0 | Pending: 0
  🔲 Regime: RANGING | Range pos: 60% | RSI: 33.3
  💰 Daily P&L: $-2,312.50

[2026-07-24 12:44] O:7471.00 H:7472.50 L:7469.75 C:7470.00 V:1164.0
  📈 Trend: moderate_bullish (raw: strong_bearish) | 🌍 Regime: ranging
  🗺️  Grid: 0.080% | 🔺 7472.25 🔻 7470.75
  📡 RSI: 31.3 | MACD: -0.25 | ATR: 2.55
  📊 Filled: 0 | Pending: 0
  🔲 Regime: RANGING | Range pos: 58% | RSI: 31.3
  💰 Daily P&L: $-2,312.50

[2026-07-24 12:45] O:7469.75 H:7470.50 L:7468.25 C:7469.75 V:1318.0
  📈 Trend: strong_bearish | 🌍 Regime: ranging
  🗺️  Grid: 0.080% | 🔺 7472.50 🔻 7469.75
  📡 RSI: 25.4 | MACD: -0.53 | ATR: 2.52
  📊 Filled: 0 | Pending: 0
  🔲 Regime: RANGING | Range pos: 58% | RSI: 25.4
  💰 Daily P&L: $-2,312.50

[2026-07-24 12:46] O:7469.50 H:7472.50 L:7469.50 C:7471.75 V:1099.0
  📈 Trend: strong_bearish | 🌍 Regime: ranging
  🗺️  Grid: 0.080% | 🔺 7470.50 🔻 7468.25
  📡 RSI: 35.3 | MACD: -0.58 | ATR: 2.52
  📊 Filled: 0 | Pending: 0
  🔲 Regime: RANGING | Range pos: 61% | RSI: 35.3
  💰 Daily P&L: $-2,312.50

[2026-07-24 12:47] O:7471.75 H:7473.00 L:7470.00 C:7470.25 V:850.0
  📈 Trend: strong_bearish | 🌍 Regime: ranging
  🗺️  Grid: 0.080% | 🔺 7472.50 🔻 7469.50
  📡 RSI: 25.4 | MACD: -0.73 | ATR: 2.52
  📊 Filled: 0 | Pending: 0
  🔲 Regime: RANGING | Range pos: 59% | RSI: 25.4
  💰 Daily P&L: $-2,312.50

[2026-07-24 12:48] O:7470.25 H:7470.75 L:7468.25 C:7470.00 V:827.0
  📈 Trend: strong_bearish | 🌍 Regime: ranging
  🗺️  Grid: 0.080% | 🔺 7473.00 🔻 7470.00
  📡 RSI: 15.0 | MACD: -0.86 | ATR: 2.48
  📊 Filled: 0 | Pending: 0
  🔲 Regime: RANGING | Range pos: 58% | RSI: 15.0
  💰 Daily P&L: $-2,312.50

[2026-07-24 12:49] O:7470.00 H:7472.50 L:7469.50 C:7472.25 V:1073.0
  📈 Trend: strong_bearish | 🌍 Regime: ranging
  🗺️  Grid: 0.080% | 🔺 7470.75 🔻 7468.25
  📡 RSI: 26.9 | MACD: -0.77 | ATR: 2.59
  📊 Filled: 0 | Pending: 0
  🔲 Regime: RANGING | Range pos: 62% | RSI: 26.9
  💰 Daily P&L: $-2,312.50

[2026-07-24 12:50] O:7472.50 H:7473.50 L:7471.25 C:7473.50 V:1079.0
  📈 Trend: strong_bearish | 🌍 Regime: ranging
  🗺️  Grid: 0.080% | 🔺 7472.50 🔻 7469.50
  📡 RSI: 35.4 | MACD: -0.59 | ATR: 2.52
  📊 Filled: 0 | Pending: 0
  🔲 Regime: RANGING | Range pos: 64% | RSI: 35.4
  💰 Daily P&L: $-2,312.50

[2026-07-24 12:51] O:7473.75 H:7474.50 L:7469.50 C:7470.00 V:1351.0
  📈 Trend: strong_bearish | 🌍 Regime: ranging
  🗺️  Grid: 0.080% | 🔺 7473.50 🔻 7471.25
  📡 RSI: 33.3 | MACD: -0.73 | ATR: 2.66
  📊 Filled: 0 | Pending: 0
  🔲 Regime: RANGING | Range pos: 58% | RSI: 33.3
  💰 Daily P&L: $-2,312.50

[2026-07-24 12:52] O:7470.00 H:7470.00 L:7468.75 C:7469.75 V:1024.0
  📈 Trend: strong_bearish | 🌍 Regime: ranging
  🗺️  Grid: 0.080% | 🔺 7474.50 🔻 7469.50
  📡 RSI: 31.9 | MACD: -0.84 | ATR: 2.61
  📊 Filled: 0 | Pending: 0
  🔲 Regime: RANGING | Range pos: 58% | RSI: 31.9
  💰 Daily P&L: $-2,312.50

[2026-07-24 12:53] O:7469.75 H:7471.75 L:7469.75 C:7470.50 V:794.0
  📈 Trend: strong_bearish | 🌍 Regime: ranging
  🗺️  Grid: 0.080% | 🔺 7470.00 🔻 7468.75
  📡 RSI: 38.5 | MACD: -0.86 | ATR: 2.54
  📊 Filled: 0 | Pending: 0
  🔲 Regime: RANGING | Range pos: 59% | RSI: 38.5
  💰 Daily P&L: $-2,312.50

[2026-07-24 12:54] O:7470.75 H:7472.25 L:7470.00 C:7472.00 V:652.0
  📈 Trend: strong_bearish | 🌍 Regime: ranging
  🗺️  Grid: 0.080% | 🔺 7471.75 🔻 7469.75
  📡 RSI: 48.4 | MACD: -0.75 | ATR: 2.50
  📊 Filled: 0 | Pending: 0
  🔲 Regime: RANGING | Range pos: 62% | RSI: 48.4
  💰 Daily P&L: $-2,312.50

[2026-07-24 12:55] O:7472.00 H:7473.00 L:7470.50 C:7470.75 V:1036.0
  📈 Trend: strong_bearish | 🌍 Regime: ranging
  🗺️  Grid: 0.080% | 🔺 7472.25 🔻 7470.00
  📡 RSI: 46.3 | MACD: -0.75 | ATR: 2.50
  📊 Filled: 0 | Pending: 0
  🔲 Regime: RANGING | Range pos: 60% | RSI: 46.3
  💰 Daily P&L: $-2,312.50

[2026-07-24 12:56] O:7471.00 H:7473.25 L:7470.25 C:7472.50 V:980.0
  📈 Trend: strong_bearish (raw: moderate_bearish) | 🌍 Regime: ranging
  🗺️  Grid: 0.080% | 🔺 7473.00 🔻 7470.50
  📡 RSI: 52.1 | MACD: -0.61 | ATR: 2.59
  📊 Filled: 0 | Pending: 0
  🔲 Regime: RANGING | Range pos: 62% | RSI: 52.1
  💰 Daily P&L: $-2,312.50

[2026-07-24 12:57] O:7472.50 H:7472.50 L:7470.00 C:7470.25 V:871.0
  📈 Trend: strong_bearish | 🌍 Regime: ranging
  🗺️  Grid: 0.080% | 🔺 7473.25 🔻 7470.25
  📡 RSI: 48.1 | MACD: -0.67 | ATR: 2.66
  📊 Filled: 0 | Pending: 0
  🔲 Regime: RANGING | Range pos: 59% | RSI: 48.1
  💰 Daily P&L: $-2,312.50

[2026-07-24 12:58] O:7470.25 H:7472.00 L:7470.00 C:7470.75 V:1040.0
  📈 Trend: strong_bearish | 🌍 Regime: ranging
  🗺️  Grid: 0.080% | 🔺 7472.50 🔻 7470.00
  📡 RSI: 51.9 | MACD: -0.67 | ATR: 2.61
  📊 Filled: 0 | Pending: 0
  🔲 Regime: RANGING | Range pos: 60% | RSI: 51.9
  💰 Daily P&L: $-2,312.50

[2026-07-24 12:59] O:7470.75 H:7471.25 L:7469.00 C:7469.00 V:882.0
  📈 Trend: strong_bearish | 🌍 Regime: ranging
  🗺️  Grid: 0.080% | 🔺 7472.00 🔻 7470.00
  📡 RSI: 48.2 | MACD: -0.80 | ATR: 2.61
  📊 Filled: 0 | Pending: 0
  🔲 Regime: RANGING | Range pos: 57% | RSI: 48.2
  💰 Daily P&L: $-2,312.50

[2026-07-24 13:00] O:7469.00 H:7471.00 L:7468.25 C:7471.00 V:1496.0
  📈 Trend: strong_bearish | 🌍 Regime: ranging
  🗺️  Grid: 0.080% | 🔺 7471.25 🔻 7469.00
  📡 RSI: 48.2 | MACD: -0.73 | ATR: 2.59
  📊 Filled: 0 | Pending: 0
  🔲 Regime: RANGING | Range pos: 60% | RSI: 48.2
  💰 Daily P&L: $-2,312.50

[2026-07-24 13:01] O:7471.00 H:7472.00 L:7467.75 C:7468.25 V:1258.0
  📈 Trend: strong_bearish | 🌍 Regime: ranging
  🗺️  Grid: 0.080% | 🔺 7471.00 🔻 7468.25
  📡 RSI: 45.5 | MACD: -0.89 | ATR: 2.68
  📊 Filled: 0 | Pending: 0
  🔲 Regime: RANGING | Range pos: 56% | RSI: 45.5
  💰 Daily P&L: $-2,312.50

[2026-07-24 13:02] O:7468.00 H:7468.75 L:7467.00 C:7468.25 V:1154.0
  📈 Trend: strong_bearish | 🌍 Regime: ranging
  🗺️  Grid: 0.080% | 🔺 7472.00 🔻 7467.75
  📡 RSI: 46.0 | MACD: -1.00 | ATR: 2.62
  📊 Filled: 0 | Pending: 0
  🔲 Regime: RANGING | Range pos: 56% | RSI: 46.0
  💰 Daily P&L: $-2,312.50

[2026-07-24 13:03] O:7468.25 H:7468.75 L:7467.00 C:7467.25 V:795.0
  📈 Trend: strong_bearish | 🌍 Regime: ranging
  🗺️  Grid: 0.080% | 🔺 7468.75 🔻 7467.00
  📡 RSI: 37.8 | MACD: -1.16 | ATR: 2.54
  📊 Filled: 0 | Pending: 0
  🔲 Regime: RANGING | Range pos: 54% | RSI: 37.8
  💰 Daily P&L: $-2,312.50

[2026-07-24 13:04] O:7467.25 H:7468.50 L:7467.00 C:7468.00 V:1032.0
  📈 Trend: strong_bearish | 🌍 Regime: ranging
  🗺️  Grid: 0.080% | 🔺 7468.75 🔻 7467.00
  📡 RSI: 36.3 | MACD: -1.21 | ATR: 2.48
  📊 Filled: 0 | Pending: 0
  🔲 Regime: RANGING | Range pos: 55% | RSI: 36.3
  💰 Daily P&L: $-2,312.50

[2026-07-24 13:05] O:7468.00 H:7468.50 L:7466.00 C:7468.25 V:1804.0
