2026-07-23 16:15:35 | ERROR    | Error 1100, reqId -1: Connectivity between IBKR and Trader Workstation has been lost.
2026-07-23 16:15:53 | ERROR    | Error handling fields: ['10', '549', 'ES', 'FUT', '20260918 08:30:00 US/Central', '0', '', 'CME', 'USD', 'ESU6', 'ES', 'ES', '649180671', '0.25', '50', 'ACTIVETIM,AD,ADJUST,ALERT,ALGO,ALLOC,AVGCOST,BASKET,BENCHPX,COND,CONDORDER,DAY,DEACT,DEACTDIS,DEACTEOD,GAT,GTC,GTD,GTT,HID,ICE,IOC,LIT,LMT,LTH,MIT,MKT,MTL,NGCOMB,NONALGO,OCA,PEGBENCH,SCALE,SCALERST,SNAPMID,SNAPMKT,SNAPREL,STP,STPLMT,TRAIL,TRAILLIT,TRAILLMT,TRAILMIT,WHATIF', 'CME,QBALGO', '1', '11004968', 'E-mini S&P 500', '', '202609', '', '', '', 'US/Central', '20260722:1700-20260723:1600;20260723:1700-20260724:1600;20260725:CLOSED;20260726:1700-20260727:1600;20260727:1700-20260728:1600;20260728:1700-20260729:1600', '20260723:0830-20260723:1600;20260724:0830-20260724:1600;20260725:CLOSED;20260726:CLOSED;20260727:0830-20260727:1600;20260728:0830-20260728:1600;20260728:1700-20260729:1600', '', '', '0', '2147483647', 'ES', 'IND', '67,67', '20260918', '', '1', '1', '1']
Traceback (most recent call last):
  File "C:\Python312\Lib\site-packages\ib_insync\decoder.py", line 198, in interpret
    handler(fields)
  File "C:\Python312\Lib\site-packages\ib_insync\decoder.py", line 336, in contractDetails
    self.wrapper.contractDetails(int(reqId), cd)
  File "C:\Python312\Lib\site-packages\ib_insync\wrapper.py", line 521, in contractDetails
    self._results[reqId].append(contractDetails)
    ~~~~~~~~~~~~~^^^^^^^
KeyError: 549
2026-07-23 16:15:53 | ERROR    | Error 1102, reqId -1: Connectivity between IBKR and Trader Workstation has been restored - data maintained. All data farms are connected: usfarm.nj; usfuture; usfarm; euhmds; fundfarm; ushmds; secdefnj.
7441.00 V:3891.0
  📈 Trend: strong_bearish | 🌍 Regime: trending_bearish
  🗺️  Grid: 0.080% | 🔺 7442.00 🔻 7441.00
  📡 RSI: 30.4 | MACD: -3.81 | ATR: 4.21
  📊 Filled: 0 | Pending: 0
  💰 Daily P&L: $+0.00

[2026-07-23 09:56] O:7441.00 H:7444.50 L:7441.00 C:7444.25 V:2961.0
  📈 Trend: strong_bearish | 🌍 Regime: trending_bearish
  🗺️  Grid: 0.080% | 🔺 7443.75 🔻 7440.75
  📡 RSI: 42.3 | MACD: -3.57 | ATR: 3.98
  📊 Filled: 0 | Pending: 0
  💰 Daily P&L: $+0.00

[2026-07-23 09:57] O:7444.25 H:7446.00 L:7443.50 C:7445.25 V:3230.0
  📈 Trend: strong_bearish | 🌍 Regime: trending_bearish
  🗺️  Grid: 0.080% | 🔺 7444.50 🔻 7441.00
  📡 RSI: 43.9 | MACD: -3.26 | ATR: 3.88
  📊 Filled: 0 | Pending: 0
  💰 Daily P&L: $+0.00

[2026-07-23 09:58] O:7445.00 H:7445.25 L:7441.75 C:7442.25 V:2789.0
  📈 Trend: strong_bearish | 🌍 Regime: trending_bearish
  🗺️  Grid: 0.080% | 🔺 7446.00 🔻 7443.50
  📡 RSI: 41.7 | MACD: -3.23 | ATR: 3.80
  📊 Filled: 0 | Pending: 0
  💰 Daily P&L: $+0.00

[2026-07-23 09:59] O:7442.25 H:7445.75 L:7441.50 C:7443.50 V:2584.0
  📈 Trend: strong_bearish | 🌍 Regime: trending_bearish
  🗺️  Grid: 0.080% | 🔺 7445.25 🔻 7441.75
  📡 RSI: 36.9 | MACD: -3.06 | ATR: 3.73
  📊 Filled: 0 | Pending: 0
  💰 Daily P&L: $+0.00

[2026-07-23 10:00] O:7443.75 H:7445.00 L:7441.75 C:7442.75 V:4901.0
  📈 Trend: strong_bearish | 🌍 Regime: trending_bearish
  🗺️  Grid: 0.080% | 🔺 7445.75 🔻 7441.50
  📡 RSI: 33.0 | MACD: -2.95 | ATR: 3.68
  📊 Filled: 0 | Pending: 0
  💰 Daily P&L: $+0.00

[2026-07-23 10:01] O:7442.50 H:7443.25 L:7437.50 C:7439.25 V:4339.0
  📈 Trend: strong_bearish | 🌍 Regime: trending_bearish
  🗺️  Grid: 0.080% | 🔺 7445.00 🔻 7441.75
  📡 RSI: 31.9 | MACD: -3.12 | ATR: 3.84
  📊 Filled: 0 | Pending: 0
  💰 Daily P&L: $+0.00

[2026-07-23 10:02] O:7439.25 H:7440.50 L:7437.25 C:7437.25 V:3296.0
  📈 Trend: strong_bearish | 🌍 Regime: trending_bearish
  🗺️  Grid: 0.080% | 🔺 7443.25 🔻 7437.50
  📡 RSI: 30.8 | MACD: -3.37 | ATR: 3.80
  📊 Filled: 0 | Pending: 0
  💰 Daily P&L: $+0.00

[2026-07-23 10:03] O:7437.50 H:7440.25 L:7436.50 C:7437.75 V:3415.0
  📈 Trend: strong_bearish | 🌍 Regime: trending_bearish
  🗺️  Grid: 0.080% | 🔺 7440.50 🔻 7437.25
  📡 RSI: 35.5 | MACD: -3.49 | ATR: 3.57
  📊 Filled: 0 | Pending: 0
  💰 Daily P&L: $+0.00

[2026-07-23 10:04] O:7437.50 H:7437.50 L:7435.00 C:7436.75 V:3278.0
  📈 Trend: strong_bearish | 🌍 Regime: trending_bearish
  🗺️  Grid: 0.080% | 🔺 7440.25 🔻 7436.50
  📡 RSI: 41.8 | MACD: -3.62 | ATR: 3.39
  📊 Filled: 0 | Pending: 0
  💰 Daily P&L: $+0.00

[2026-07-23 10:05] O:7436.75 H:7437.25 L:7433.00 C:7433.25 V:3679.0
  📈 Trend: strong_bearish | 🌍 Regime: trending_bearish
  🗺️  Grid: 0.080% | 🔺 7437.50 🔻 7435.00
  📡 RSI: 28.0 | MACD: -3.96 | ATR: 3.34
  📊 Filled: 0 | Pending: 0
  💰 Daily P&L: $+0.00

[2026-07-23 10:06] O:7433.00 H:7433.25 L:7429.25 C:7429.75 V:6370.0
  📈 Trend: strong_bearish | 🌍 Regime: trending_bearish
  🗺️  Grid: 0.080% | 🔺 7437.25 🔻 7433.00
  📡 RSI: 26.3 | MACD: -4.46 | ATR: 3.39
  📊 Filled: 0 | Pending: 0
  💰 Daily P&L: $+0.00

[2026-07-23 10:07] O:7430.00 H:7435.25 L:7429.50 C:7433.00 V:4433.0
  📈 Trend: strong_bearish | 🌍 Regime: trending_bearish
  🗺️  Grid: 0.080% | 🔺 7433.25 🔻 7429.25
  📡 RSI: 35.1 | MACD: -4.55 | ATR: 3.61
  📊 Filled: 0 | Pending: 0
  💰 Daily P&L: $+0.00

[2026-07-23 10:08] O:7433.25 H:7434.25 L:7432.00 C:7433.25 V:4176.0
  📈 Trend: strong_bearish | 🌍 Regime: trending_bearish
  🗺️  Grid: 0.080% | 🔺 7435.25 🔻 7429.50
  📡 RSI: 34.5 | MACD: -4.54 | ATR: 3.70
  📊 Filled: 0 | Pending: 0
  💰 Daily P&L: $+0.00

[2026-07-23 10:09] O:7433.25 H:7435.50 L:7431.25 C:7431.25 V:4172.0
  📈 Trend: strong_bearish | 🌍 Regime: trending_bearish
  🗺️  Grid: 0.080% | 🔺 7434.25 🔻 7432.00
  📡 RSI: 33.0 | MACD: -4.64 | ATR: 3.79
  📊 Filled: 0 | Pending: 0
  💰 Daily P&L: $+0.00

[2026-07-23 10:10] O:7431.50 H:7434.50 L:7429.50 C:7432.25 V:4217.0
  📈 Trend: strong_bearish | 🌍 Regime: trending_bearish
  🗺️  Grid: 0.080% | 🔺 7435.50 🔻 7431.25
  📡 RSI: 27.4 | MACD: -4.59 | ATR: 3.89
  📊 Filled: 0 | Pending: 0
  💰 Daily P&L: $+0.00

[2026-07-23 10:11] O:7432.25 H:7432.50 L:7428.25 C:7428.25 V:4072.0
  📈 Trend: strong_bearish | 🌍 Regime: trending_bearish
  🗺️  Grid: 0.080% | 🔺 7434.50 🔻 7429.50
  📡 RSI: 21.2 | MACD: -4.82 | ATR: 4.02
  📊 Filled: 0 | Pending: 0
  💰 Daily P&L: $+0.00

[2026-07-23 10:12] O:7428.50 H:7429.00 L:7425.00 C:7426.25 V:5423.0
  📈 Trend: strong_bearish | 🌍 Regime: trending_bearish
  🗺️  Grid: 0.080% | 🔺 7432.50 🔻 7428.25
  📡 RSI: 21.9 | MACD: -5.10 | ATR: 4.05
  📊 Filled: 0 | Pending: 0
  💰 Daily P&L: $+0.00

[2026-07-23 10:13] O:7426.25 H:7428.75 L:7425.50 C:7428.00 V:3883.0
  📈 Trend: strong_bearish | 🌍 Regime: trending_bearish
  🗺️  Grid: 0.080% | 🔺 7429.00 🔻 7425.00
  📡 RSI: 23.3 | MACD: -5.12 | ATR: 3.98
  📊 Filled: 0 | Pending: 0
  💰 Daily P&L: $+0.00

[2026-07-23 10:14] O:7428.00 H:7428.75 L:7424.25 C:7426.25 V:5096.0
  📈 Trend: strong_bearish | 🌍 Regime: trending_bearish
  🗺️  Grid: 0.080% | 🔺 7428.75 🔻 7425.50
  📡 RSI: 22.5 | MACD: -5.22 | ATR: 4.07
  📊 Filled: 0 | Pending: 0
  💰 Daily P&L: $+0.00

[2026-07-23 10:15] O:7426.25 H:7431.00 L:7425.75 C:7428.75 V:5553.0
  📈 Trend: strong_bearish | 🌍 Regime: trending_bearish
  🗺️  Grid: 0.080% | 🔺 7428.75 🔻 7424.25
  📡 RSI: 31.9 | MACD: -5.04 | ATR: 4.04
  📊 Filled: 0 | Pending: 0
  💰 Daily P&L: $+0.00

[2026-07-23 10:16] O:7428.75 H:7429.75 L:7426.25 C:7428.75 V:4871.0
  📈 Trend: strong_bearish | 🌍 Regime: trending_bearish
  🗺️  Grid: 0.080% | 🔺 7431.00 🔻 7425.75
  📡 RSI: 34.3 | MACD: -4.84 | ATR: 4.05
  📊 Filled: 0 | Pending: 0
  💰 Daily P&L: $+0.00

[2026-07-23 10:17] O:7428.75 H:7432.25 L:7428.50 C:7431.00 V:4161.0
  📈 Trend: strong_bearish | 🌍 Regime: trending_bearish
  🗺️  Grid: 0.080% | 🔺 7429.75 🔻 7426.25
  📡 RSI: 38.3 | MACD: -4.45 | ATR: 4.05
  📊 Filled: 0 | Pending: 0
  💰 Daily P&L: $+0.00

[2026-07-23 10:18] O:7431.00 H:7432.25 L:7429.50 C:7430.25 V:2979.0
  📈 Trend: strong_bearish | 🌍 Regime: trending_bearish
  🗺️  Grid: 0.080% | 🔺 7432.25 🔻 7428.50
  📡 RSI: 38.6 | MACD: -4.15 | ATR: 4.05
  📊 Filled: 0 | Pending: 0
  💰 Daily P&L: $+0.00

[2026-07-23 10:19] O:7430.25 H:7433.00 L:7429.50 C:7432.00 V:2896.0
  📈 Trend: strong_bearish | 🌍 Regime: trending_bearish
  🗺️  Grid: 0.080% | 🔺 7432.25 🔻 7429.50
  📡 RSI: 47.7 | MACD: -3.73 | ATR: 4.00
  📊 Filled: 0 | Pending: 0
  💰 Daily P&L: $+0.00

[2026-07-23 10:20] O:7432.25 H:7437.00 L:7432.00 C:7435.25 V:6146.0
  📈 Trend: strong_bearish | 🌍 Regime: trending_bearish
  🗺️  Grid: 0.080% | 🔺 7433.00 🔻 7429.50
  📡 RSI: 60.4 | MACD: -3.10 | ATR: 4.07
  📊 Filled: 0 | Pending: 0
  💰 Daily P&L: $+0.00

[2026-07-23 10:21] O:7435.00 H:7435.75 L:7429.00 C:7429.25 V:3140.0
  📈 Trend: strong_bearish | 🌍 Regime: trending_bearish
  🗺️  Grid: 0.080% | 🔺 7437.00 🔻 7432.00
  📡 RSI: 43.6 | MACD: -3.05 | ATR: 4.14
  📊 Filled: 0 | Pending: 0
  💰 Daily P&L: $+0.00

[2026-07-23 10:22] O:7429.50 H:7431.75 L:7420.00 C:7423.25 V:9837.0
  📈 Trend: strong_bearish | 🌍 Regime: trending_bearish
  🗺️  Grid: 0.080% | 🔺 7435.75 🔻 7429.00
  📡 RSI: 35.7 | MACD: -3.46 | ATR: 4.82
  📊 Filled: 0 | Pending: 0
  💰 Daily P&L: $+0.00

[2026-07-23 10:23] O:7423.25 H:7427.50 L:7423.25 C:7425.00 V:6829.0
  📈 Trend: strong_bearish | 🌍 Regime: trending_bearish
  🗺️  Grid: 0.080% | 🔺 7431.75 🔻 7420.00
  📡 RSI: 41.0 | MACD: -3.59 | ATR: 4.82
  📊 Filled: 0 | Pending: 0
  💰 Daily P&L: $+0.00

[2026-07-23 10:24] O:7424.75 H:7428.00 L:7424.75 C:7426.75 V:3153.0
  📈 Trend: strong_bearish | 🌍 Regime: trending_bearish
  🗺️  Grid: 0.080% | 🔺 7427.50 🔻 7423.25
  📡 RSI: 42.3 | MACD: -3.52 | ATR: 4.70
  📊 Filled: 0 | Pending: 0
  💰 Daily P&L: $+0.00

[2026-07-23 10:25] O:7426.75 H:7427.50 L:7422.00 C:7423.25 V:3477.0
  📈 Trend: strong_bearish | 🌍 Regime: trending_bearish
  🗺️  Grid: 0.080% | 🔺 7428.00 🔻 7424.75
  📡 RSI: 42.9 | MACD: -3.70 | ATR: 4.79
  📊 Filled: 0 | Pending: 0
  💰 Daily P&L: $+0.00

[2026-07-23 10:26] O:7423.25 H:7423.25 L:7420.25 C:7421.75 V:3992.0
  📈 Trend: strong_bearish | 🌍 Regime: trending_bearish
  🗺️  Grid: 0.080% | 🔺 7427.50 🔻 7422.00
  📡 RSI: 43.5 | MACD: -3.92 | ATR: 4.71
  📊 Filled: 0 | Pending: 0
  💰 Daily P&L: $+0.00

[2026-07-23 10:27] O:7421.75 H:7422.25 L:7420.00 C:7420.75 V:2926.0
  📈 Trend: strong_bearish | 🌍 Regime: trending_bearish
  🗺️  Grid: 0.080% | 🔺 7423.25 🔻 7420.25
  📡 RSI: 39.3 | MACD: -4.13 | ATR: 4.64
  📊 Filled: 0 | Pending: 0
  💰 Daily P&L: $+0.00

[2026-07-23 10:28] O:7420.50 H:7423.75 L:7418.00 C:7418.50 V:3700.0
  📈 Trend: strong_bearish | 🌍 Regime: trending_bearish
  🗺️  Grid: 0.080% | 🔺 7422.25 🔻 7420.00
  📡 RSI: 38.7 | MACD: -4.43 | ATR: 4.73
  📊 Filled: 0 | Pending: 0
  💰 Daily P&L: $+0.00

[2026-07-23 10:29] O:7418.25 H:7420.50 L:7418.00 C:7419.25 V:4659.0
  📈 Trend: strong_bearish | 🌍 Regime: trending_bearish
  🗺️  Grid: 0.080% | 🔺 7423.75 🔻 7418.00
  📡 RSI: 35.4 | MACD: -4.55 | ATR: 4.54
  📊 Filled: 0 | Pending: 0
  💰 Daily P&L: $+0.00

[2026-07-23 10:30] O:7419.00 H:7420.00 L:7414.25 C:7414.50 V:7421.0
  📈 Trend: strong_bearish | 🌍 Regime: trending_bearish
  🗺️  Grid: 0.080% | 🔺 7420.50 🔻 7418.00
  📡 RSI: 30.9 | MACD: -4.97 | ATR: 4.70
  📊 Filled: 0 | Pending: 0
  💰 Daily P&L: $+0.00

[2026-07-23 10:31] O:7414.50 H:7418.50 L:7411.75 C:7416.75 V:5163.0
  📈 Trend: strong_bearish | 🌍 Regime: trending_bearish
  🗺️  Grid: 0.080% | 🔺 7420.00 🔻 7414.25
  📡 RSI: 30.9 | MACD: -5.06 | ATR: 4.91
  📊 Filled: 0 | Pending: 0
  💰 Daily P&L: $+0.00

[2026-07-23 10:32] O:7416.75 H:7420.75 L:7416.75 C:7420.25 V:4110.0
  📈 Trend: strong_bearish | 🌍 Regime: trending_bearish
  🗺️  Grid: 0.081% | 🔺 7418.50 🔻 7411.75
  📡 RSI: 37.5 | MACD: -4.80 | ATR: 5.00
  📊 Filled: 0 | Pending: 0
  💰 Daily P&L: $+0.00

[2026-07-23 10:33] O:7420.25 H:7423.50 L:7418.50 C:7421.50 V:3845.0
  📈 Trend: strong_bearish | 🌍 Regime: trending_bearish
  🗺️  Grid: 0.083% | 🔺 7420.75 🔻 7416.75
  📡 RSI: 36.7 | MACD: -4.44 | ATR: 5.11
  📊 Filled: 0 | Pending: 0
  💰 Daily P&L: $+0.00

[2026-07-23 10:34] O:7421.50 H:7424.00 L:7420.50 C:7424.00 V:3697.0
  📈 Trend: strong_bearish | 🌍 Regime: trending_bearish
  🗺️  Grid: 0.081% | 🔺 7423.50 🔻 7418.50
  📡 RSI: 35.5 | MACD: -3.91 | ATR: 5.00
  📊 Filled: 0 | Pending: 0
  💰 Daily P&L: $+0.00

[2026-07-23 10:35] O:7423.75 H:7428.00 L:7423.75 C:7425.75 V:4266.0
  📈 Trend: strong_bearish | 🌍 Regime: trending_bearish
  🗺️  Grid: 0.080% | 🔺 7424.00 🔻 7420.50
  📡 RSI: 44.9 | MACD: -3.31 | ATR: 4.82
  📊 Filled: 0 | Pending: 0
  💰 Daily P&L: $+0.00

[2026-07-23 10:36] O:7425.75 H:7427.50 L:7423.75 C:7427.50 V:3621.0
  📈 Trend: strong_bearish | 🌍 Regime: trending_bearish
  🗺️  Grid: 0.080% | 🔺 7428.00 🔻 7423.75
  📡 RSI: 57.0 | MACD: -2.66 | ATR: 4.25
  📊 Filled: 0 | Pending: 0
  💰 Daily P&L: $+0.00

[2026-07-23 10:37] O:7427.25 H:7432.25 L:7425.25 C:7428.75 V:7907.0
  📈 Trend: strong_bearish | 🌍 Regime: trending_bearish
  🗺️  Grid: 0.080% | 🔺 7427.50 🔻 7423.75
  📡 RSI: 56.3 | MACD: -2.02 | ATR: 4.45
  📊 Filled: 0 | Pending: 0
  💰 Daily P&L: $+0.00

[2026-07-23 10:38] O:7429.00 H:7434.00 L:7428.50 C:7433.50 V:3842.0
  📈 Trend: strong_bearish (raw: moderate_bearish) | 🌍 Regime: trending_bearish
  🗺️  Grid: 0.080% | 🔺 7432.25 🔻 7425.25
  📡 RSI: 60.3 | MACD: -1.12 | ATR: 4.61
  📊 Filled: 0 | Pending: 0
  💰 Daily P&L: $+0.00

[2026-07-23 10:39] O:7433.75 H:7434.75 L:7430.50 C:7433.75 V:3421.0
  📈 Trend: strong_bearish | 🌍 Regime: trending_bearish
  🗺️  Grid: 0.080% | 🔺 7434.00 🔻 7428.50
  📡 RSI: 67.8 | MACD: -0.38 | ATR: 4.52
  📊 Filled: 0 | Pending: 0
  💰 Daily P&L: $+0.00

[2026-07-23 10:40] O:7433.50 H:7437.00 L:7433.25 C:7433.25 V:3758.0
  📈 Trend: strong_bearish (raw: moderate_bullish) | 🌍 Regime: trending_bullish
  🗺️  Grid: 0.080% | 🔺 7434.75 🔻 7430.50
  📡 RSI: 70.2 | MACD: 0.17 | ATR: 4.57
  📊 Filled: 0 | Pending: 0
  💰 Daily P&L: $+0.00

[2026-07-23 10:41] O:7433.25 H:7435.00 L:7430.75 C:7434.75 V:3728.0
  📈 Trend: moderate_bullish | 🌍 Regime: trending_bullish
  🗺️  Grid: 0.080% | 🔺 7437.00 🔻 7433.25
  📡 RSI: 74.1 | MACD: 0.71 | ATR: 4.71
  📊 Filled: 0 | Pending: 0
  💰 Daily P&L: $+0.00

[2026-07-23 10:42] O:7434.75 H:7436.25 L:7429.00 C:7429.50 V:3671.0
  📈 Trend: moderate_bullish | 🌍 Regime: trending_bullish
  🗺️  Grid: 0.080% | 🔺 7435.00 🔻 7430.75
  📡 RSI: 67.2 | MACD: 0.71 | ATR: 4.82
  📊 Filled: 0 | Pending: 0
  💰 Daily P&L: $+0.00

[2026-07-23 10:43] O:7429.50 H:7430.75 L:7427.50 C:7427.50 V:2766.0
  📈 Trend: moderate_bullish | 🌍 Regime: trending_bullish
  🗺️  Grid: 0.080% | 🔺 7436.25 🔻 7429.00
  📡 RSI: 62.4 | MACD: 0.54 | ATR: 4.88
  📊 Filled: 0 | Pending: 0
  💰 Daily P&L: $+0.00

[2026-07-23 10:44] O:7427.50 H:7429.75 L:7426.50 C:7426.50 V:1817.0
  📈 Trend: moderate_bullish | 🌍 Regime: trending_bullish
  🗺️  Grid: 0.080% | 🔺 7430.75 🔻 7427.50
  📡 RSI: 70.3 | MACD: 0.32 | ATR: 4.70
  📊 Filled: 0 | Pending: 0
  💰 Daily P&L: $+0.00

[2026-07-23 10:45] O:7426.50 H:7429.25 L:7423.50 C:7428.00 V:3409.0
  📈 Trend: moderate_bullish | 🌍 Regime: trending_bullish
  🗺️  Grid: 0.080% | 🔺 7429.75 🔻 7426.50
  📡 RSI: 69.6 | MACD: 0.27 | ATR: 4.62
  📊 Filled: 0 | Pending: 0
  💰 Daily P&L: $+0.00

[2026-07-23 10:46] O:7428.00 H:7429.00 L:7424.75 C:7426.00 V:2510.0
  📈 Trend: moderate_bullish | 🌍 Regime: trending_bullish
  🗺️  Grid: 0.080% | 🔺 7429.25 🔻 7423.50
  📡 RSI: 60.6 | MACD: 0.06 | ATR: 4.64
  📊 Filled: 0 | Pending: 0
  💰 Daily P&L: $+0.00

[2026-07-23 10:47] O:7426.00 H:7427.75 L:7425.00 C:7425.75 V:1939.0
  📈 Trend: moderate_bullish (raw: moderate_bearish) | 🌍 Regime: ranging
  🗺️  Grid: 0.080% | 🔺 7429.00 🔻 7424.75
  📡 RSI: 58.1 | MACD: -0.12 | ATR: 4.48
  📊 Filled: 0 | Pending: 0
  🔲 Regime: RANGING | Range pos: 41% | RSI: 58.1
  💰 Daily P&L: $+0.00

[2026-07-23 10:48] O:7426.00 H:7428.50 L:7425.50 C:7426.50 V:1905.0
  📈 Trend: moderate_bearish | 🌍 Regime: ranging
  🗺️  Grid: 0.080% | 🔺 7427.75 🔻 7425.00
  📡 RSI: 55.1 | MACD: -0.20 | ATR: 4.45
  📊 Filled: 0 | Pending: 0
  🔲 Regime: RANGING | Range pos: 43% | RSI: 55.1
  💰 Daily P&L: $+0.00

[2026-07-23 10:49] O:7426.50 H:7430.25 L:7425.50 C:7429.25 V:2470.0
  📈 Trend: moderate_bearish | 🌍 Regime: ranging
  🗺️  Grid: 0.080% | 🔺 7428.50 🔻 7425.50
  📡 RSI: 56.9 | MACD: -0.04 | ATR: 4.48
  📊 Filled: 0 | Pending: 0
  🔲 Regime: RANGING | Range pos: 51% | RSI: 56.9
  💰 Daily P&L: $+0.00

[2026-07-23 10:50] O:7429.00 H:7430.50 L:7426.00 C:7429.75 V:2236.0
  📈 Trend: moderate_bearish (raw: moderate_bullish) | 🌍 Regime: ranging
  🗺️  Grid: 0.080% | 🔺 7430.25 🔻 7425.50
  📡 RSI: 54.6 | MACD: 0.12 | ATR: 4.54
  📊 Filled: 0 | Pending: 0
  🔲 Regime: RANGING | Range pos: 53% | RSI: 54.6
  💰 Daily P&L: $+0.00

[2026-07-23 10:51] O:7429.50 H:7430.25 L:7426.50 C:7427.50 V:2076.0
  📈 Trend: moderate_bearish (raw: strong_bullish) | 🌍 Regime: ranging
  🗺️  Grid: 0.080% | 🔺 7430.50 🔻 7426.00
  📡 RSI: 47.5 | MACD: 0.07 | ATR: 4.30
  📊 Filled: 0 | Pending: 0
  🔲 Regime: RANGING | Range pos: 46% | RSI: 47.5
  💰 Daily P&L: $+0.00

[2026-07-23 10:52] O:7427.50 H:7430.75 L:7427.50 C:7429.00 V:1995.0
  📈 Trend: strong_bullish | 🌍 Regime: ranging
  🗺️  Grid: 0.080% | 🔺 7430.25 🔻 7426.50
  📡 RSI: 39.8 | MACD: 0.15 | ATR: 4.14
  📊 Filled: 0 | Pending: 0
  🔲 Regime: RANGING | Range pos: 50% | RSI: 39.8
  💰 Daily P&L: $+0.00

[2026-07-23 10:53] O:7428.75 H:7430.00 L:7427.75 C:7429.25 V:2246.0
  📈 Trend: strong_bullish | 🌍 Regime: ranging
  🗺️  Grid: 0.080% | 🔺 7430.75 🔻 7427.50
  📡 RSI: 39.8 | MACD: 0.23 | ATR: 4.00
  📊 Filled: 0 | Pending: 0
  🔲 Regime: RANGING | Range pos: 51% | RSI: 39.8
  💰 Daily P&L: $+0.00

[2026-07-23 10:54] O:7429.00 H:7433.50 L:7429.00 C:7433.50 V:3411.0
  📈 Trend: strong_bullish | 🌍 Regime: ranging
  🗺️  Grid: 0.080% | 🔺 7430.00 🔻 7427.75
  📡 RSI: 50.5 | MACD: 0.63 | ATR: 4.05
  📊 Filled: 0 | Pending: 0
  🔲 Regime: RANGING | Range pos: 64% | RSI: 50.5
  💰 Daily P&L: $+0.00

[2026-07-23 10:55] O:7433.25 H:7434.75 L:7432.75 C:7433.50 V:2367.0
  📈 Trend: strong_bullish | 🌍 Regime: ranging
  🗺️  Grid: 0.080% | 🔺 7433.50 🔻 7429.00
  📡 RSI: 47.4 | MACD: 0.93 | ATR: 3.89
  📊 Filled: 0 | Pending: 0
  🔲 Regime: RANGING | Range pos: 64% | RSI: 47.4
  💰 Daily P&L: $+0.00

[2026-07-23 10:56] O:7433.50 H:7436.00 L:7431.75 C:7434.00 V:3023.0
  📈 Trend: strong_bullish | 🌍 Regime: ranging
  🗺️  Grid: 0.080% | 🔺 7434.75 🔻 7432.75
  📡 RSI: 61.5 | MACD: 1.20 | ATR: 3.68
  📊 Filled: 0 | Pending: 0
  🔲 Regime: RANGING | Range pos: 65% | RSI: 61.5
  💰 Daily P&L: $+0.00

[2026-07-23 10:57] O:7434.00 H:7434.75 L:7431.00 C:7434.50 V:2017.0
  📈 Trend: strong_bullish | 🌍 Regime: ranging
  🗺️  Grid: 0.080% | 🔺 7436.00 🔻 7431.75
  📡 RSI: 69.4 | MACD: 1.44 | ATR: 3.71
  📊 Filled: 0 | Pending: 0
  🔲 Regime: RANGING | Range pos: 66% | RSI: 69.4
  💰 Daily P&L: $+0.00

[2026-07-23 10:58] O:7434.25 H:7437.75 L:7433.75 C:7437.00 V:2420.0
  📈 Trend: strong_bullish | 🌍 Regime: ranging
  🗺️  Grid: 0.080% | 🔺 7434.75 🔻 7431.00
  📡 RSI: 76.9 | MACD: 1.80 | ATR: 3.77
  📊 Filled: 0 | Pending: 0
  🔲 Regime: RANGING | Range pos: 74% | RSI: 76.9
  🚫 Raw trend blocks RANGING SHORT | raw: strong_bullish
  💰 Daily P&L: $+0.00

[2026-07-23 10:59] O:7437.00 H:7439.25 L:7437.00 C:7438.25 V:2717.0
  📈 Trend: strong_bullish | 🌍 Regime: ranging
  🗺️  Grid: 0.080% | 🔺 7437.75 🔻 7433.75
  📡 RSI: 76.6 | MACD: 2.17 | ATR: 3.52
  📊 Filled: 0 | Pending: 0
  🔲 Regime: RANGING | Range pos: 77% | RSI: 76.6
  🚫 Raw trend blocks RANGING SHORT | raw: strong_bullish
  💰 Daily P&L: $+0.00

[2026-07-23 11:00] O:7438.25 H:7439.50 L:7436.00 C:7439.25 V:3448.0
  📈 Trend: strong_bullish | 🌍 Regime: ranging
  🗺️  Grid: 0.080% | 🔺 7439.25 🔻 7437.00
  📡 RSI: 86.3 | MACD: 2.51 | ATR: 3.46
  📊 Filled: 0 | Pending: 0
  🔲 Regime: RANGING | Range pos: 80% | RSI: 86.3
  🚫 Raw trend blocks RANGING SHORT | raw: strong_bullish
  💰 Daily P&L: $+0.00

[2026-07-23 11:01] O:7439.50 H:7439.50 L:7435.25 C:7438.50 V:3503.0
  📈 Trend: strong_bullish | 🌍 Regime: trending_bullish
  🗺️  Grid: 0.080% | 🔺 7439.50 🔻 7436.00
  📡 RSI: 84.0 | MACD: 2.70 | ATR: 3.57
  📊 Filled: 0 | Pending: 0
  💰 Daily P&L: $+0.00

[2026-07-23 11:02] O:7438.50 H:7442.25 L:7437.75 C:7442.00 V:3097.0
  📈 Trend: strong_bullish | 🌍 Regime: trending_bullish
  🗺️  Grid: 0.080% | 🔺 7439.50 🔻 7435.25
  📡 RSI: 86.0 | MACD: 3.08 | ATR: 3.68
  📊 Filled: 0 | Pending: 0
  💰 Daily P&L: $+0.00

[2026-07-23 11:03] O:7441.75 H:7443.25 L:7440.00 C:7441.25 V:3225.0
  📈 Trend: strong_bullish | 🌍 Regime: trending_bullish
  🗺️  Grid: 0.080% | 🔺 7442.25 🔻 7437.75
  📡 RSI: 80.8 | MACD: 3.30 | ATR: 3.57
  📊 Filled: 0 | Pending: 0
  💰 Daily P&L: $+0.00

[2026-07-23 11:04] O:7441.25 H:7441.50 L:7439.00 C:7440.25 V:3446.0
  📈 Trend: strong_bullish | 🌍 Regime: ranging
  🗺️  Grid: 0.080% | 🔺 7443.25 🔻 7440.00
  📡 RSI: 76.2 | MACD: 3.34 | ATR: 3.43
  📊 Filled: 0 | Pending: 0
  🔲 Regime: RANGING | Range pos: 83% | RSI: 76.2
  🚫 Raw trend blocks RANGING SHORT | raw: strong_bullish
  💰 Daily P&L: $+0.00

[2026-07-23 11:05] O:7440.25 H:7441.25 L:7435.50 C:7436.00 V:3706.0
  📈 Trend: strong_bullish | 🌍 Regime: trending_bullish
  🗺️  Grid: 0.080% | 🔺 7441.50 🔻 7439.00
  📡 RSI: 69.3 | MACD: 3.00 | ATR: 3.57
  📊 Filled: 0 | Pending: 0
  💰 Daily P&L: $+0.00

[2026-07-23 11:06] O:7435.75 H:7440.00 L:7435.25 C:7437.75 V:3477.0
  📈 Trend: strong_bullish | 🌍 Regime: trending_bullish
  🗺️  Grid: 0.080% | 🔺 7441.25 🔻 7435.50
  📡 RSI: 69.7 | MACD: 2.84 | ATR: 3.68
  📊 Filled: 0 | Pending: 0
  💰 Daily P&L: $+0.00

[2026-07-23 11:07] O:7437.50 H:7439.00 L:7437.00 C:7438.25 V:1790.0
  📈 Trend: strong_bullish | 🌍 Regime: trending_bullish
  🗺️  Grid: 0.080% | 🔺 7440.00 🔻 7435.25
  📡 RSI: 70.0 | MACD: 2.72 | ATR: 3.66
  📊 Filled: 0 | Pending: 0
  💰 Daily P&L: $+0.00

[2026-07-23 11:08] O:7438.25 H:7443.75 L:7438.25 C:7443.00 V:2172.0
  📈 Trend: strong_bullish | 🌍 Regime: trending_bullish
  🗺️  Grid: 0.080% | 🔺 7439.00 🔻 7437.00
  📡 RSI: 70.7 | MACD: 2.98 | ATR: 3.73
  📊 Filled: 0 | Pending: 0
  💰 Daily P&L: $+0.00

[2026-07-23 11:09] O:7443.00 H:7444.75 L:7442.25 C:7444.50 V:2212.0
  📈 Trend: strong_bullish | 🌍 Regime: trending_bullish
  🗺️  Grid: 0.080% | 🔺 7443.75 🔻 7438.25
  📡 RSI: 72.4 | MACD: 3.26 | ATR: 3.77
  📊 Filled: 0 | Pending: 0
  💰 Daily P&L: $+0.00

[2026-07-23 11:10] O:7444.50 H:7446.00 L:7444.25 C:7446.00 V:2166.0
  📈 Trend: strong_bullish | 🌍 Regime: trending_bullish
  🗺️  Grid: 0.080% | 🔺 7444.75 🔻 7442.25
  📡 RSI: 73.5 | MACD: 3.57 | ATR: 3.59
  📊 Filled: 0 | Pending: 0
  💰 Daily P&L: $+0.00

[2026-07-23 11:11] O:7445.75 H:7447.25 L:7444.00 C:7446.50 V:2621.0
  📈 Trend: strong_bullish | 🌍 Regime: trending_bullish
  🗺️  Grid: 0.080% | 🔺 7446.00 🔻 7444.25
  📡 RSI: 73.5 | MACD: 3.81 | ATR: 3.55
  📊 Filled: 0 | Pending: 0
  💰 Daily P&L: $+0.00

[2026-07-23 11:12] O:7446.50 H:7448.75 L:7445.00 C:7445.00 V:3149.0
  📈 Trend: strong_bullish | 🌍 Regime: trending_bullish
  🗺️  Grid: 0.080% | 🔺 7447.25 🔻 7444.00
  📡 RSI: 66.3 | MACD: 3.83 | ATR: 3.54
  📊 Filled: 0 | Pending: 0
  💰 Daily P&L: $+0.00

[2026-07-23 11:13] O:7445.00 H:7447.75 L:7444.50 C:7444.75 V:2641.0
  📈 Trend: strong_bullish | 🌍 Regime: trending_bullish
  🗺️  Grid: 0.080% | 🔺 7448.75 🔻 7445.00
  📡 RSI: 63.8 | MACD: 3.79 | ATR: 3.61
  📊 Filled: 0 | Pending: 0
  💰 Daily P&L: $+0.00

[2026-07-23 11:14] O:7444.75 H:7447.50 L:7444.50 C:7446.00 V:2250.0
  📈 Trend: strong_bullish | 🌍 Regime: trending_bullish
  🗺️  Grid: 0.080% | 🔺 7447.75 🔻 7444.50
  📡 RSI: 64.2 | MACD: 3.81 | ATR: 3.57
  📊 Filled: 0 | Pending: 0
  💰 Daily P&L: $+0.00

[2026-07-23 11:15] O:7446.00 H:7447.75 L:7445.00 C:7447.00 V:2175.0
  📈 Trend: strong_bullish | 🌍 Regime: trending_bullish
  🗺️  Grid: 0.080% | 🔺 7447.50 🔻 7444.50
  📡 RSI: 67.7 | MACD: 3.86 | ATR: 3.46
  📊 Filled: 0 | Pending: 0
  💰 Daily P&L: $+0.00

[2026-07-23 11:16] O:7447.00 H:7447.50 L:7444.75 C:7446.25 V:1986.0
  📈 Trend: strong_bullish | 🌍 Regime: trending_bullish
  🗺️  Grid: 0.080% | 🔺 7447.75 🔻 7445.00
  📡 RSI: 60.0 | MACD: 3.80 | ATR: 3.34
  📊 Filled: 0 | Pending: 0
  💰 Daily P&L: $+0.00

[2026-07-23 11:17] O:7446.25 H:7448.50 L:7446.25 C:7448.00 V:2148.0
  📈 Trend: strong_bullish | 🌍 Regime: trending_bullish
  🗺️  Grid: 0.080% | 🔺 7447.50 🔻 7444.75
  📡 RSI: 65.2 | MACD: 3.85 | ATR: 3.27
  📊 Filled: 0 | Pending: 0
  💰 Daily P&L: $+0.00

[2026-07-23 11:18] O:7447.75 H:7448.25 L:7446.25 C:7446.50 V:1699.0
  📈 Trend: strong_bullish | 🌍 Regime: trending_bullish
  🗺️  Grid: 0.080% | 🔺 7448.50 🔻 7446.25
  📡 RSI: 63.7 | MACD: 3.72 | ATR: 3.23
  📊 Filled: 0 | Pending: 0
  💰 Daily P&L: $+0.00

[2026-07-23 11:19] O:7446.50 H:7446.75 L:7442.00 C:7445.50 V:2837.0
  📈 Trend: strong_bullish (raw: moderate_bullish) | 🌍 Regime: trending_bullish
  🗺️  Grid: 0.080% | 🔺 7448.25 🔻 7446.25
  📡 RSI: 74.4 | MACD: 3.50 | ATR: 3.16
  📊 Filled: 0 | Pending: 0
  💰 Daily P&L: $+0.00

[2026-07-23 11:20] O:7445.75 H:7449.50 L:7445.50 C:7449.25 V:2632.0
  📈 Trend: moderate_bullish | 🌍 Regime: trending_bullish
  🗺️  Grid: 0.080% | 🔺 7446.75 🔻 7442.00
  📡 RSI: 76.7 | MACD: 3.59 | ATR: 3.11
  📊 Filled: 0 | Pending: 0
  💰 Daily P&L: $+0.00

[2026-07-23 11:21] O:7449.50 H:7451.50 L:7448.50 C:7450.50 V:2150.0
  📈 Trend: moderate_bullish (raw: strong_bullish) | 🌍 Regime: trending_bullish
  🗺️  Grid: 0.080% | 🔺 7449.50 🔻 7445.50
  📡 RSI: 77.5 | MACD: 3.71 | ATR: 3.18
  📊 Filled: 0 | Pending: 0
  💰 Daily P&L: $+0.00

[2026-07-23 11:22] O:7450.50 H:7453.00 L:7449.25 C:7452.75 V:2637.0
  📈 Trend: strong_bullish | 🌍 Regime: trending_bullish
  🗺️  Grid: 0.080% | 🔺 7451.50 🔻 7448.50
  📡 RSI: 74.7 | MACD: 3.95 | ATR: 3.05
  📊 Filled: 0 | Pending: 0
  💰 Daily P&L: $+0.00

[2026-07-23 11:23] O:7453.00 H:7457.00 L:7451.75 C:7455.75 V:4749.0
  📈 Trend: strong_bullish | 🌍 Regime: trending_bullish
  🗺️  Grid: 0.080% | 🔺 7453.00 🔻 7449.25
  📡 RSI: 76.5 | MACD: 4.33 | ATR: 3.25
  📊 Filled: 0 | Pending: 0
  💰 Daily P&L: $+0.00

[2026-07-23 11:24] O:7455.50 H:7457.00 L:7454.25 C:7454.75 V:3092.0
  📈 Trend: strong_bullish | 🌍 Regime: trending_bullish
  🗺️  Grid: 0.080% | 🔺 7457.00 🔻 7451.75
  📡 RSI: 71.1 | MACD: 4.50 | ATR: 3.32
  📊 Filled: 0 | Pending: 0
  💰 Daily P&L: $+0.00

[2026-07-23 11:25] O:7455.00 H:7455.75 L:7453.25 C:7454.50 V:3220.0
  📈 Trend: strong_bullish | 🌍 Regime: trending_bullish
  🗺️  Grid: 0.080% | 🔺 7457.00 🔻 7454.25
  📡 RSI: 69.5 | MACD: 4.56 | ATR: 3.27
  📊 Filled: 0 | Pending: 0
  💰 Daily P&L: $+0.00

[2026-07-23 11:26] O:7454.75 H:7454.75 L:7451.25 C:7452.00 V:2707.0
  📈 Trend: strong_bullish | 🌍 Regime: trending_bullish
  🗺️  Grid: 0.080% | 🔺 7455.75 🔻 7453.25
  📡 RSI: 66.3 | MACD: 4.35 | ATR: 3.25
  📊 Filled: 0 | Pending: 0
  💰 Daily P&L: $+0.00

[2026-07-23 11:27] O:7452.00 H:7455.00 L:7451.50 C:7454.50 V:2027.0
  📈 Trend: strong_bullish | 🌍 Regime: trending_bullish
  🗺️  Grid: 0.080% | 🔺 7454.75 🔻 7451.25
  📡 RSI: 70.5 | MACD: 4.34 | ATR: 3.27
  📊 Filled: 0 | Pending: 0
  💰 Daily P&L: $+0.00

[2026-07-23 11:28] O:7454.75 H:7455.00 L:7453.25 C:7454.50 V:1578.0
  📈 Trend: strong_bullish | 🌍 Regime: trending_bullish
  🗺️  Grid: 0.080% | 🔺 7455.00 🔻 7451.50
  📡 RSI: 68.9 | MACD: 4.29 | ATR: 3.18
  📊 Filled: 0 | Pending: 0
  💰 Daily P&L: $+0.00

[2026-07-23 11:29] O:7454.75 H:7456.50 L:7453.25 C:7454.75 V:2349.0
  📈 Trend: strong_bullish | 🌍 Regime: trending_bullish
  🗺️  Grid: 0.080% | 🔺 7455.00 🔻 7453.25
  📡 RSI: 67.8 | MACD: 4.21 | ATR: 3.21
  📊 Filled: 0 | Pending: 0
  💰 Daily P&L: $+0.00

[2026-07-23 11:30] O:7454.75 H:7455.00 L:7451.75 C:7453.75 V:2268.0
  📈 Trend: strong_bullish (raw: moderate_bullish) | 🌍 Regime: trending_bullish
  🗺️  Grid: 0.080% | 🔺 7456.50 🔻 7453.25
  📡 RSI: 67.0 | MACD: 4.03 | ATR: 3.25
  📊 Filled: 0 | Pending: 0
  💰 Daily P&L: $+0.00

[2026-07-23 11:31] O:7454.00 H:7455.00 L:7453.00 C:7453.50 V:1452.0
  📈 Trend: moderate_bullish | 🌍 Regime: trending_bullish
  🗺️  Grid: 0.080% | 🔺 7455.00 🔻 7451.75
  📡 RSI: 63.4 | MACD: 3.82 | ATR: 3.23
  📊 Filled: 0 | Pending: 0
  💰 Daily P&L: $+0.00

[2026-07-23 11:32] O:7453.50 H:7453.75 L:7451.75 C:7453.00 V:1708.0
  📈 Trend: moderate_bullish | 🌍 Regime: trending_bullish
  🗺️  Grid: 0.080% | 🔺 7455.00 🔻 7453.00
  📡 RSI: 66.7 | MACD: 3.57 | ATR: 3.23
  📊 Filled: 0 | Pending: 0
  💰 Daily P&L: $+0.00

[2026-07-23 11:33] O:7453.00 H:7454.75 L:7452.25 C:7452.75 V:1812.0
  📈 Trend: moderate_bullish | 🌍 Regime: trending_bullish
  🗺️  Grid: 0.080% | 🔺 7453.75 🔻 7451.75
  📡 RSI: 69.3 | MACD: 3.31 | ATR: 3.07
  📊 Filled: 0 | Pending: 0
  💰 Daily P&L: $+0.00

[2026-07-23 11:34] O:7453.00 H:7454.00 L:7450.75 C:7451.50 V:1972.0
  📈 Trend: moderate_bullish | 🌍 Regime: trending_bullish
  🗺️  Grid: 0.080% | 🔺 7454.75 🔻 7452.25
  📡 RSI: 56.9 | MACD: 2.97 | ATR: 3.02
  📊 Filled: 0 | Pending: 0
  💰 Daily P&L: $+0.00

[2026-07-23 11:35] O:7451.75 H:7454.25 L:7449.75 C:7453.25 V:2100.0
  📈 Trend: moderate_bullish | 🌍 Regime: trending_bullish
  🗺️  Grid: 0.080% | 🔺 7454.00 🔻 7450.75
  📡 RSI: 58.2 | MACD: 2.81 | ATR: 3.12
  📊 Filled: 0 | Pending: 0
  💰 Daily P&L: $+0.00

[2026-07-23 11:36] O:7453.50 H:7454.25 L:7451.75 C:7453.75 V:1492.0
  📈 Trend: moderate_bullish | 🌍 Regime: trending_bullish
  🗺️  Grid: 0.080% | 🔺 7454.25 🔻 7449.75
  📡 RSI: 53.3 | MACD: 2.70 | ATR: 3.04
  📊 Filled: 0 | Pending: 0
  💰 Daily P&L: $+0.00

[2026-07-23 11:37] O:7453.75 H:7453.75 L:7451.50 C:7452.75 V:1710.0
  📈 Trend: moderate_bullish | 🌍 Regime: trending_bullish
  🗺️  Grid: 0.080% | 🔺 7454.25 🔻 7451.75
  📡 RSI: 38.5 | MACD: 2.50 | ATR: 2.82
  📊 Filled: 0 | Pending: 0
  💰 Daily P&L: $+0.00

[2026-07-23 11:38] O:7452.75 H:7456.00 L:7451.50 C:7455.75 V:2247.0
  📈 Trend: moderate_bullish | 🌍 Regime: trending_bullish
  🗺️  Grid: 0.080% | 🔺 7453.75 🔻 7451.50
  📡 RSI: 53.3 | MACD: 2.55 | ATR: 2.95
  📊 Filled: 0 | Pending: 0
  💰 Daily P&L: $+0.00

[2026-07-23 11:39] O:7456.00 H:7457.50 L:7455.50 C:7457.00 V:3370.0
  📈 Trend: moderate_bullish | 🌍 Regime: trending_bullish
  🗺️  Grid: 0.080% | 🔺 7456.00 🔻 7451.50
  📡 RSI: 57.8 | MACD: 2.66 | ATR: 2.91
  📊 Filled: 0 | Pending: 0
  💰 Daily P&L: $+0.00

[2026-07-23 11:40] O:7457.25 H:7457.25 L:7453.25 C:7454.25 V:2009.0
  📈 Trend: moderate_bullish | 🌍 Regime: trending_bullish
  🗺️  Grid: 0.080% | 🔺 7457.50 🔻 7455.50
  📡 RSI: 56.9 | MACD: 2.50 | ATR: 2.95
  📊 Filled: 0 | Pending: 0
  💰 Daily P&L: $+0.00

[2026-07-23 11:41] O:7454.25 H:7454.50 L:7451.75 C:7452.25 V:2536.0
  📈 Trend: moderate_bullish (raw: moderate_bearish) | 🌍 Regime: trending_bearish
  🗺️  Grid: 0.080% | 🔺 7457.25 🔻 7453.25
  📡 RSI: 42.9 | MACD: 2.18 | ATR: 2.89
  📊 Filled: 0 | Pending: 0
  💰 Daily P&L: $+0.00

[2026-07-23 11:42] O:7452.25 H:7452.25 L:7449.75 C:7451.00 V:2531.0
  📈 Trend: moderate_bearish | 🌍 Regime: trending_bearish
  🗺️  Grid: 0.080% | 🔺 7454.50 🔻 7451.75
  📡 RSI: 39.7 | MACD: 1.81 | ATR: 2.95
  📊 Filled: 0 | Pending: 0
  💰 Daily P&L: $+0.00

[2026-07-23 11:43] O:7451.00 H:7452.25 L:7450.50 C:7451.50 V:1694.0
  📈 Trend: moderate_bearish | 🌍 Regime: trending_bearish
  🗺️  Grid: 0.080% | 🔺 7452.25 🔻 7449.75
  📡 RSI: 40.6 | MACD: 1.54 | ATR: 2.84
  📊 Filled: 0 | Pending: 0
  💰 Daily P&L: $+0.00

[2026-07-23 11:44] O:7451.75 H:7451.75 L:7449.75 C:7449.75 V:1495.0
  📈 Trend: moderate_bearish | 🌍 Regime: trending_bearish
  🗺️  Grid: 0.080% | 🔺 7452.25 🔻 7450.50
  📡 RSI: 38.9 | MACD: 1.17 | ATR: 2.75
  📊 Filled: 0 | Pending: 0
  💰 Daily P&L: $+0.00

[2026-07-23 11:45] O:7449.75 H:7449.75 L:7443.75 C:7444.00 V:4060.0
  📈 Trend: moderate_bearish (raw: moderate_bullish) | 🌍 Regime: trending_bullish
  🗺️  Grid: 0.080% | 🔺 7451.75 🔻 7449.75
  📡 RSI: 29.8 | MACD: 0.41 | ATR: 3.04
  📊 Filled: 0 | Pending: 0
  💰 Daily P&L: $+0.00

[2026-07-23 11:46] O:7444.00 H:7445.25 L:7443.50 C:7444.25 V:2436.0
  📈 Trend: moderate_bullish | 🌍 Regime: trending_bullish
  🗺️  Grid: 0.080% | 🔺 7449.75 🔻 7443.75
  📡 RSI: 31.2 | MACD: -0.17 | ATR: 3.02
  📊 Filled: 0 | Pending: 0
  💰 Daily P&L: $+0.00

[2026-07-23 11:47] O:7444.50 H:7445.50 L:7442.75 C:7444.00 V:2572.0
  📈 Trend: moderate_bullish | 🌍 Regime: trending_bullish
  🗺️  Grid: 0.080% | 🔺 7445.25 🔻 7443.50
  📡 RSI: 31.2 | MACD: -0.65 | ATR: 3.04
  📊 Filled: 0 | Pending: 0
  💰 Daily P&L: $+0.00

[2026-07-23 11:48] O:7444.25 H:7444.75 L:7441.00 C:7442.00 V:2788.0
  📈 Trend: moderate_bullish | 🌍 Regime: trending_bullish
  🗺️  Grid: 0.080% | 🔺 7445.50 🔻 7442.75
  📡 RSI: 30.2 | MACD: -1.17 | ATR: 3.07
  📊 Filled: 0 | Pending: 0
  💰 Daily P&L: $+0.00

[2026-07-23 11:49] O:7442.00 H:7443.25 L:7440.25 C:7440.25 V:1942.0
  📈 Trend: moderate_bullish | 🌍 Regime: trending_bullish
  🗺️  Grid: 0.080% | 🔺 7444.75 🔻 7441.00
  📡 RSI: 22.9 | MACD: -1.71 | ATR: 2.96
  📊 Filled: 0 | Pending: 0
  💰 Daily P&L: $+0.00

[2026-07-23 11:50] O:7440.25 H:7441.25 L:7438.00 C:7439.25 V:3008.0
  📈 Trend: moderate_bullish | 🌍 Regime: trending_bullish
  🗺️  Grid: 0.080% | 🔺 7443.25 🔻 7440.25
  📡 RSI: 20.4 | MACD: -2.19 | ATR: 3.02
  📊 Filled: 0 | Pending: 0
  💰 Daily P&L: $+0.00

[2026-07-23 11:51] O:7439.50 H:7441.75 L:7438.75 C:7439.75 V:2298.0
  📈 Trend: moderate_bullish | 🌍 Regime: trending_bullish
  🗺️  Grid: 0.080% | 🔺 7441.25 🔻 7438.00
  📡 RSI: 22.9 | MACD: -2.50 | ATR: 3.07
  📊 Filled: 0 | Pending: 0
  💰 Daily P&L: $+0.00

[2026-07-23 11:52] O:7439.50 H:7443.75 L:7439.50 C:7440.50 V:3010.0
  📈 Trend: moderate_bullish | 🌍 Regime: trending_bullish
  🗺️  Grid: 0.080% | 🔺 7441.75 🔻 7438.75
  📡 RSI: 14.9 | MACD: -2.65 | ATR: 3.05
  📊 Filled: 0 | Pending: 0
  💰 Daily P&L: $+0.00

[2026-07-23 11:53] O:7440.50 H:7440.50 L:7437.75 C:7439.00 V:2463.0
  📈 Trend: moderate_bullish (raw: strong_bearish) | 🌍 Regime: trending_bearish
  🗺️  Grid: 0.080% | 🔺 7443.75 🔻 7439.50
  📡 RSI: 9.1 | MACD: -2.87 | ATR: 3.11
  📊 Filled: 0 | Pending: 0
  💰 Daily P&L: $+0.00

[2026-07-23 11:54] O:7438.75 H:7441.00 L:7438.50 C:7440.25 V:2417.0
  📈 Trend: strong_bearish | 🌍 Regime: trending_bearish
  🗺️  Grid: 0.080% | 🔺 7440.50 🔻 7437.75
  📡 RSI: 15.9 | MACD: -2.90 | ATR: 3.00
  📊 Filled: 0 | Pending: 0
  💰 Daily P&L: $+0.00

[2026-07-23 11:55] O:7440.00 H:7444.25 L:7440.00 C:7443.00 V:2853.0
  📈 Trend: strong_bearish | 🌍 Regime: trending_bearish
  🗺️  Grid: 0.080% | 🔺 7441.00 🔻 7438.50
  📡 RSI: 28.2 | MACD: -2.67 | ATR: 3.11
  📊 Filled: 0 | Pending: 0
  💰 Daily P&L: $+0.00

[2026-07-23 11:56] O:7443.25 H:7444.00 L:7441.25 C:7444.00 V:1927.0
  📈 Trend: strong_bearish | 🌍 Regime: trending_bearish
  🗺️  Grid: 0.080% | 🔺 7444.25 🔻 7440.00
  📡 RSI: 33.3 | MACD: -2.39 | ATR: 3.12
  📊 Filled: 0 | Pending: 0
  💰 Daily P&L: $+0.00

[2026-07-23 11:57] O:7444.25 H:7444.75 L:7441.75 C:7442.50 V:2266.0
  📈 Trend: strong_bearish | 🌍 Regime: trending_bearish
  🗺️  Grid: 0.080% | 🔺 7444.00 🔻 7441.25
  📡 RSI: 29.5 | MACD: -2.25 | ATR: 3.21
  📊 Filled: 0 | Pending: 0
  💰 Daily P&L: $+0.00

[2026-07-23 11:58] O:7442.50 H:7443.50 L:7441.25 C:7442.00 V:2216.0
  📈 Trend: strong_bearish | 🌍 Regime: trending_bearish
  🗺️  Grid: 0.080% | 🔺 7444.75 🔻 7441.75
  📡 RSI: 31.3 | MACD: -2.16 | ATR: 3.23
  📊 Filled: 0 | Pending: 0
  💰 Daily P&L: $+0.00

[2026-07-23 11:59] O:7442.00 H:7447.50 L:7441.75 C:7446.75 V:2366.0
  📈 Trend: strong_bearish (raw: moderate_bearish) | 🌍 Regime: ranging
  🗺️  Grid: 0.080% | 🔺 7443.50 🔻 7441.25
  📡 RSI: 57.0 | MACD: -1.69 | ATR: 3.21
  📊 Filled: 0 | Pending: 0
  🔲 Regime: RANGING | Range pos: 77% | RSI: 57.0
  💰 Daily P&L: $+0.00

[2026-07-23 12:00] O:7446.75 H:7449.75 L:7443.50 C:7449.00 V:3067.0
  📈 Trend: moderate_bearish | 🌍 Regime: ranging
  🗺️  Grid: 0.080% | 🔺 7447.50 🔻 7441.75
  📡 RSI: 60.9 | MACD: -1.12 | ATR: 3.54
  📊 Filled: 0 | Pending: 0
  🔲 Regime: RANGING | Range pos: 81% | RSI: 60.9
  💰 Daily P&L: $+0.00

[2026-07-23 12:01] O:7449.00 H:7449.25 L:7446.50 C:7448.25 V:1788.0
  📈 Trend: moderate_bearish | 🌍 Regime: trending_bearish
  🗺️  Grid: 0.080% | 🔺 7449.75 🔻 7443.50
  📡 RSI: 59.6 | MACD: -0.72 | ATR: 3.54
  📊 Filled: 0 | Pending: 0
  💰 Daily P&L: $+0.00

[2026-07-23 12:02] O:7448.25 H:7448.25 L:7444.50 C:7448.25 V:2153.0
  📈 Trend: moderate_bearish | 🌍 Regime: trending_bearish
  🗺️  Grid: 0.080% | 🔺 7449.25 🔻 7446.50
  📡 RSI: 65.4 | MACD: -0.40 | ATR: 3.54
  📊 Filled: 0 | Pending: 0
  💰 Daily P&L: $+0.00

[2026-07-23 12:03] O:7448.00 H:7448.75 L:7446.25 C:7447.50 V:1955.0
  📈 Trend: moderate_bearish | 🌍 Regime: trending_bearish
  🗺️  Grid: 0.080% | 🔺 7448.25 🔻 7444.50
  📡 RSI: 68.8 | MACD: -0.20 | ATR: 3.50
  📊 Filled: 0 | Pending: 0
  💰 Daily P&L: $+0.00

[2026-07-23 12:04] O:7447.50 H:7447.75 L:7442.25 C:7442.50 V:2185.0
  📈 Trend: moderate_bearish | 🌍 Regime: trending_bearish
  🗺️  Grid: 0.080% | 🔺 7448.75 🔻 7446.25
  📡 RSI: 57.0 | MACD: -0.44 | ATR: 3.66
  📊 Filled: 0 | Pending: 0
  💰 Daily P&L: $+0.00

[2026-07-23 12:05] O:7442.25 H:7442.50 L:7438.00 C:7440.25 V:2725.0
  📈 Trend: moderate_bearish | 🌍 Regime: trending_bearish
  🗺️  Grid: 0.080% | 🔺 7447.75 🔻 7442.25
  📡 RSI: 51.0 | MACD: -0.81 | ATR: 3.77
  📊 Filled: 0 | Pending: 0
  💰 Daily P&L: $+0.00

[2026-07-23 12:06] O:7440.25 H:7442.25 L:7438.75 C:7439.50 V:2394.0
  📈 Trend: moderate_bearish (raw: strong_bearish) | 🌍 Regime: trending_bearish
  🗺️  Grid: 0.080% | 🔺 7442.50 🔻 7438.00
  📡 RSI: 48.0 | MACD: -1.15 | ATR: 3.71
  📊 Filled: 0 | Pending: 0
  💰 Daily P&L: $+0.00

[2026-07-23 12:07] O:7439.50 H:7442.50 L:7438.75 C:7440.50 V:1501.0
  📈 Trend: strong_bearish | 🌍 Regime: trending_bearish
  🗺️  Grid: 0.080% | 🔺 7442.25 🔻 7438.75
  📡 RSI: 53.1 | MACD: -1.32 | ATR: 3.79
  📊 Filled: 0 | Pending: 0
  💰 Daily P&L: $+0.00

[2026-07-23 12:08] O:7440.75 H:7444.50 L:7439.50 C:7441.75 V:1716.0
  📈 Trend: strong_bearish (raw: moderate_bullish) | 🌍 Regime: ranging
  🗺️  Grid: 0.080% | 🔺 7442.50 🔻 7438.75
  📡 RSI: 53.1 | MACD: -1.33 | ATR: 3.96
  📊 Filled: 0 | Pending: 0
  🔲 Regime: RANGING | Range pos: 66% | RSI: 53.1
  💰 Daily P&L: $+0.00

[2026-07-23 12:09] O:7441.75 H:7445.25 L:7439.75 C:7445.00 V:1612.0
  📈 Trend: moderate_bullish | 🌍 Regime: ranging
  🗺️  Grid: 0.080% | 🔺 7444.50 🔻 7439.50
  📡 RSI: 54.0 | MACD: -1.08 | ATR: 4.05
  📊 Filled: 0 | Pending: 0
  🔲 Regime: RANGING | Range pos: 73% | RSI: 54.0
  💰 Daily P&L: $+0.00

[2026-07-23 12:10] O:7445.00 H:7448.75 L:7444.50 C:7446.50 V:2891.0
  📈 Trend: moderate_bullish | 🌍 Regime: ranging
  🗺️  Grid: 0.080% | 🔺 7445.25 🔻 7439.75
  📡 RSI: 54.9 | MACD: -0.74 | ATR: 4.16
  📊 Filled: 0 | Pending: 0
  🔲 Regime: RANGING | Range pos: 76% | RSI: 54.9
  💰 Daily P&L: $+0.00

[2026-07-23 12:11] O:7446.25 H:7446.75 L:7444.25 C:7446.00 V:1783.0
  📈 Trend: moderate_bullish | 🌍 Regime: ranging
  🗺️  Grid: 0.080% | 🔺 7448.75 🔻 7444.50
  📡 RSI: 57.1 | MACD: -0.51 | ATR: 4.12
  📊 Filled: 0 | Pending: 0
  🔲 Regime: RANGING | Range pos: 75% | RSI: 57.1
  💰 Daily P&L: $+0.00

[2026-07-23 12:12] O:7446.00 H:7448.50 L:7445.75 C:7448.00 V:1548.0
  📈 Trend: moderate_bullish | 🌍 Regime: ranging
  🗺️  Grid: 0.080% | 🔺 7446.75 🔻 7444.25
  📡 RSI: 61.5 | MACD: -0.16 | ATR: 4.16
  📊 Filled: 0 | Pending: 0
  🔲 Regime: RANGING | Range pos: 79% | RSI: 61.5
  💰 Daily P&L: $+0.00

[2026-07-23 12:13] O:7448.00 H:7448.50 L:7445.50 C:7446.00 V:1123.0
  📈 Trend: moderate_bullish | 🌍 Regime: trending_bullish
  🗺️  Grid: 0.080% | 🔺 7448.50 🔻 7445.75
  📡 RSI: 48.4 | MACD: -0.05 | ATR: 3.96
  📊 Filled: 0 | Pending: 0
  💰 Daily P&L: $+0.00

[2026-07-23 12:14] O:7446.25 H:7447.00 L:7444.50 C:7446.00 V:1416.0
  📈 Trend: moderate_bullish (raw: strong_bullish) | 🌍 Regime: ranging
  🗺️  Grid: 0.080% | 🔺 7448.50 🔻 7445.50
  📡 RSI: 42.9 | MACD: 0.04 | ATR: 3.70
  📊 Filled: 0 | Pending: 0
  🔲 Regime: RANGING | Range pos: 75% | RSI: 42.9
  💰 Daily P&L: $+0.00

[2026-07-23 12:15] O:7445.75 H:7447.00 L:7444.75 C:7446.50 V:1584.0
  📈 Trend: strong_bullish | 🌍 Regime: ranging
  🗺️  Grid: 0.080% | 🔺 7447.00 🔻 7444.50
  📡 RSI: 45.8 | MACD: 0.15 | ATR: 3.66
  📊 Filled: 0 | Pending: 0
  🔲 Regime: RANGING | Range pos: 76% | RSI: 45.8
  💰 Daily P&L: $+0.00

[2026-07-23 12:16] O:7446.50 H:7449.25 L:7446.25 C:7448.00 V:1728.0
  📈 Trend: strong_bullish | 🌍 Regime: ranging
  🗺️  Grid: 0.080% | 🔺 7447.00 🔻 7444.75
  📡 RSI: 49.4 | MACD: 0.36 | ATR: 3.61
  📊 Filled: 0 | Pending: 0
  🔲 Regime: RANGING | Range pos: 79% | RSI: 49.4
  💰 Daily P&L: $+0.00

[2026-07-23 12:17] O:7448.00 H:7449.25 L:7443.00 C:7443.00 V:3186.0
  📈 Trend: strong_bullish | 🌍 Regime: ranging
  🗺️  Grid: 0.080% | 🔺 7449.25 🔻 7446.25
  📡 RSI: 41.5 | MACD: 0.11 | ATR: 3.88
  📊 Filled: 0 | Pending: 0
  🔲 Regime: RANGING | Range pos: 68% | RSI: 41.5
  💰 Daily P&L: $+0.00

[2026-07-23 12:18] O:7443.00 H:7445.50 L:7441.50 C:7443.75 V:3525.0
  📈 Trend: strong_bullish (raw: moderate_bearish) | 🌍 Regime: ranging
  🗺️  Grid: 0.080% | 🔺 7449.25 🔻 7443.00
  📡 RSI: 52.8 | MACD: -0.02 | ATR: 3.77
  📊 Filled: 0 | Pending: 0
  🔲 Regime: RANGING | Range pos: 70% | RSI: 52.8
  💰 Daily P&L: $+0.00

[2026-07-23 12:19] O:7444.00 H:7445.50 L:7442.50 C:7445.50 V:1810.0
  📈 Trend: strong_bullish (raw: moderate_bullish) | 🌍 Regime: ranging
  🗺️  Grid: 0.080% | 🔺 7445.50 🔻 7441.50
  📡 RSI: 62.1 | MACD: 0.02 | ATR: 3.66
  📊 Filled: 0 | Pending: 0
  🔲 Regime: RANGING | Range pos: 74% | RSI: 62.1
  💰 Daily P&L: $+0.00

[2026-07-23 12:20] O:7445.50 H:7449.75 L:7445.50 C:7448.00 V:2300.0
  📈 Trend: moderate_bullish | 🌍 Regime: ranging
  🗺️  Grid: 0.080% | 🔺 7445.50 🔻 7442.50
  📡 RSI: 68.1 | MACD: 0.24 | ATR: 3.71
  📊 Filled: 0 | Pending: 0
  🔲 Regime: RANGING | Range pos: 79% | RSI: 68.1
  💰 Daily P&L: $+0.00

[2026-07-23 12:21] O:7448.00 H:7449.00 L:7445.75 C:7446.00 V:1507.0
  📈 Trend: moderate_bullish | 🌍 Regime: ranging
  🗺️  Grid: 0.080% | 🔺 7449.75 🔻 7445.50
  📡 RSI: 61.2 | MACD: 0.26 | ATR: 3.68
  📊 Filled: 0 | Pending: 0
  🔲 Regime: RANGING | Range pos: 75% | RSI: 61.2
  💰 Daily P&L: $+0.00

[2026-07-23 12:22] O:7446.00 H:7447.00 L:7444.25 C:7445.25 V:1369.0
  📈 Trend: moderate_bullish | 🌍 Regime: ranging
  🗺️  Grid: 0.080% | 🔺 7449.00 🔻 7445.75
  📡 RSI: 57.3 | MACD: 0.21 | ATR: 3.52
  📊 Filled: 0 | Pending: 0
  🔲 Regime: RANGING | Range pos: 73% | RSI: 57.3
  💰 Daily P&L: $+0.00

[2026-07-23 12:23] O:7445.25 H:7449.25 L:7444.75 C:7449.25 V:1202.0
  📈 Trend: moderate_bullish (raw: strong_bullish) | 🌍 Regime: ranging
  🗺️  Grid: 0.080% | 🔺 7447.00 🔻 7444.25
  📡 RSI: 58.6 | MACD: 0.49 | ATR: 3.45
  📊 Filled: 0 | Pending: 0
  🔲 Regime: RANGING | Range pos: 82% | RSI: 58.6
  💰 Daily P&L: $+0.00

[2026-07-23 12:24] O:7449.25 H:7450.50 L:7447.75 C:7450.00 V:1591.0
  📈 Trend: strong_bullish | 🌍 Regime: ranging
  🗺️  Grid: 0.080% | 🔺 7449.25 🔻 7444.75
  📡 RSI: 57.3 | MACD: 0.76 | ATR: 3.34
  📊 Filled: 0 | Pending: 0
  🔲 Regime: RANGING | Range pos: 84% | RSI: 57.3
  💰 Daily P&L: $+0.00

[2026-07-23 12:25] O:7450.00 H:7451.50 L:7449.25 C:7451.00 V:1270.0
  📈 Trend: strong_bullish | 🌍 Regime: ranging
  🗺️  Grid: 0.080% | 🔺 7450.50 🔻 7447.75
  📡 RSI: 60.2 | MACD: 1.04 | ATR: 3.32
  📊 Filled: 0 | Pending: 0
  🔲 Regime: RANGING | Range pos: 86% | RSI: 60.2
  💰 Daily P&L: $+0.00

[2026-07-23 12:26] O:7451.00 H:7452.25 L:7449.75 C:7451.50 V:1668.0
  📈 Trend: strong_bullish | 🌍 Regime: ranging
  🗺️  Grid: 0.080% | 🔺 7451.50 🔻 7449.25
  📡 RSI: 57.6 | MACD: 1.29 | ATR: 3.30
  📊 Filled: 0 | Pending: 0
  🔲 Regime: RANGING | Range pos: 87% | RSI: 57.6
  💰 Daily P&L: $+0.00

[2026-07-23 12:27] O:7451.50 H:7451.50 L:7448.00 C:7449.00 V:1683.0
  📈 Trend: strong_bullish | 🌍 Regime: ranging
  🗺️  Grid: 0.080% | 🔺 7452.25 🔻 7449.75
  📡 RSI: 56.4 | MACD: 1.28 | ATR: 3.34
  📊 Filled: 0 | Pending: 0
  🔲 Regime: RANGING | Range pos: 81% | RSI: 56.4
  💰 Daily P&L: $+0.00

[2026-07-23 12:28] O:7449.00 H:7450.00 L:7448.50 C:7450.00 V:960.0
  📈 Trend: strong_bullish | 🌍 Regime: ranging
  🗺️  Grid: 0.080% | 🔺 7451.50 🔻 7448.00
  📡 RSI: 58.2 | MACD: 1.33 | ATR: 3.27
  📊 Filled: 0 | Pending: 0
  🔲 Regime: RANGING | Range pos: 84% | RSI: 58.2
  💰 Daily P&L: $+0.00

[2026-07-23 12:29] O:7449.75 H:7449.75 L:7447.50 C:7447.75 V:1405.0
  📈 Trend: strong_bullish | 🌍 Regime: ranging
  🗺️  Grid: 0.080% | 🔺 7450.00 🔻 7448.50
  📡 RSI: 52.4 | MACD: 1.17 | ATR: 3.29
  📊 Filled: 0 | Pending: 0
  🔲 Regime: RANGING | Range pos: 79% | RSI: 52.4
  💰 Daily P&L: $+0.00

[2026-07-23 12:30] O:7447.50 H:7448.00 L:7444.75 C:7447.00 V:2441.0
  📈 Trend: strong_bullish | 🌍 Regime: ranging
  🗺️  Grid: 0.080% | 🔺 7449.75 🔻 7447.50
  📡 RSI: 48.0 | MACD: 0.98 | ATR: 3.30
  📊 Filled: 0 | Pending: 0
  🔲 Regime: RANGING | Range pos: 77% | RSI: 48.0
  💰 Daily P&L: $+0.00

[2026-07-23 12:31] O:7446.75 H:7447.25 L:7441.75 C:7442.75 V:1867.0
  📈 Trend: strong_bullish (raw: moderate_bullish) | 🌍 Regime: ranging
  🗺️  Grid: 0.080% | 🔺 7448.00 🔻 7444.75
  📡 RSI: 49.5 | MACD: 0.48 | ATR: 3.25
  📊 Filled: 0 | Pending: 0
  🔲 Regime: RANGING | Range pos: 68% | RSI: 49.5
  💰 Daily P&L: $+0.00

[2026-07-23 12:32] O:7442.75 H:7442.75 L:7440.75 C:7441.25 V:1788.0
  📈 Trend: moderate_bullish | 🌍 Regime: ranging
  🗺️  Grid: 0.080% | 🔺 7447.25 🔻 7441.75
  📡 RSI: 45.1 | MACD: -0.04 | ATR: 3.11
  📊 Filled: 0 | Pending: 0
  🔲 Regime: RANGING | Range pos: 64% | RSI: 45.1
  💰 Daily P&L: $+0.00

[2026-07-23 12:33] O:7441.50 H:7443.25 L:7440.50 C:7441.75 V:1509.0
  📈 Trend: moderate_bullish | 🌍 Regime: ranging
  🗺️  Grid: 0.080% | 🔺 7442.75 🔻 7440.75
  📡 RSI: 42.3 | MACD: -0.41 | ATR: 3.09
  📊 Filled: 0 | Pending: 0
  🔲 Regime: RANGING | Range pos: 66% | RSI: 42.3
  💰 Daily P&L: $+0.00

[2026-07-23 12:34] O:7441.75 H:7443.00 L:7440.50 C:7441.25 V:1293.0
  📈 Trend: moderate_bullish | 🌍 Regime: ranging
  🗺️  Grid: 0.080% | 🔺 7443.25 🔻 7440.50
  📡 RSI: 34.8 | MACD: -0.73 | ATR: 2.96
  📊 Filled: 0 | Pending: 0
  🔲 Regime: RANGING | Range pos: 64% | RSI: 34.8
  💰 Daily P&L: $+0.00

[2026-07-23 12:35] O:7441.00 H:7441.25 L:7436.00 C:7436.75 V:2145.0
  📈 Trend: moderate_bullish | 🌍 Regime: ranging
  🗺️  Grid: 0.080% | 🔺 7443.00 🔻 7440.50
  📡 RSI: 31.3 | MACD: -1.33 | ATR: 3.11
  📊 Filled: 0 | Pending: 0
  🔲 Regime: RANGING | Range pos: 55% | RSI: 31.3
  💰 Daily P&L: $+0.00

[2026-07-23 12:36] O:7436.50 H:7437.75 L:7434.75 C:7435.75 V:2127.0
  📈 Trend: moderate_bullish | 🌍 Regime: ranging
  🗺️  Grid: 0.080% | 🔺 7441.25 🔻 7436.00
  📡 RSI: 31.0 | MACD: -1.87 | ATR: 3.12
  📊 Filled: 0 | Pending: 0
  🔲 Regime: RANGING | Range pos: 52% | RSI: 31.0
  💰 Daily P&L: $+0.00

[2026-07-23 12:37] O:7436.00 H:7436.75 L:7434.75 C:7436.50 V:1582.0
  📈 Trend: moderate_bullish | 🌍 Regime: ranging
  🗺️  Grid: 0.080% | 🔺 7437.75 🔻 7434.75
  📡 RSI: 20.7 | MACD: -2.21 | ATR: 2.95
  📊 Filled: 0 | Pending: 0
  🔲 Regime: RANGING | Range pos: 54% | RSI: 20.7
  💰 Daily P&L: $+0.00

[2026-07-23 12:38] O:7436.50 H:7439.25 L:7436.00 C:7436.75 V:2003.0
  📈 Trend: moderate_bullish | 🌍 Regime: ranging
  🗺️  Grid: 0.080% | 🔺 7436.75 🔻 7434.75
  📡 RSI: 18.8 | MACD: -2.43 | ATR: 2.98
  📊 Filled: 0 | Pending: 0
  🔲 Regime: RANGING | Range pos: 55% | RSI: 18.8
  💰 Daily P&L: $+0.00

[2026-07-23 12:39] O:7436.50 H:7438.75 L:7436.25 C:7436.50 V:1411.0
  📈 Trend: moderate_bullish | 🌍 Regime: ranging
  🗺️  Grid: 0.080% | 🔺 7439.25 🔻 7436.00
  📡 RSI: 14.6 | MACD: -2.60 | ATR: 3.00
  📊 Filled: 0 | Pending: 0
  🔲 Regime: RANGING | Range pos: 54% | RSI: 14.6
  💰 Daily P&L: $+0.00

[2026-07-23 12:40] O:7436.50 H:7437.75 L:7433.00 C:7434.00 V:1850.0
  📈 Trend: moderate_bullish (raw: strong_bearish) | 🌍 Regime: ranging
  🗺️  Grid: 0.080% | 🔺 7438.75 🔻 7436.25
  📡 RSI: 11.1 | MACD: -2.90 | ATR: 3.16
  📊 Filled: 0 | Pending: 0
  🔲 Regime: RANGING | Range pos: 49% | RSI: 11.1
  💰 Daily P&L: $+0.00

[2026-07-23 12:41] O:7434.00 H:7436.00 L:7433.00 C:7435.50 V:1889.0
  📈 Trend: strong_bearish | 🌍 Regime: ranging
  🗺️  Grid: 0.080% | 🔺 7437.75 🔻 7433.00
  📡 RSI: 18.6 | MACD: -2.98 | ATR: 3.12
  📊 Filled: 0 | Pending: 0
  🔲 Regime: RANGING | Range pos: 52% | RSI: 18.6
  💰 Daily P&L: $+0.00

[2026-07-23 12:42] O:7435.50 H:7436.75 L:7434.50 C:7436.00 V:1340.0
  📈 Trend: strong_bearish | 🌍 Regime: ranging
  🗺️  Grid: 0.080% | 🔺 7436.00 🔻 7433.00
  📡 RSI: 16.7 | MACD: -2.97 | ATR: 3.18
  📊 Filled: 0 | Pending: 0
  🔲 Regime: RANGING | Range pos: 53% | RSI: 16.7
  💰 Daily P&L: $+0.00

[2026-07-23 12:43] O:7435.75 H:7438.50 L:7435.50 C:7438.00 V:1987.0
  📈 Trend: strong_bearish | 🌍 Regime: ranging
  🗺️  Grid: 0.080% | 🔺 7436.75 🔻 7434.50
  📡 RSI: 26.5 | MACD: -2.77 | ATR: 3.21
  📊 Filled: 0 | Pending: 0
  🔲 Regime: RANGING | Range pos: 57% | RSI: 26.5
  💰 Daily P&L: $+0.00

[2026-07-23 12:44] O:7438.00 H:7439.25 L:7436.25 C:7437.75 V:1802.0
  📈 Trend: strong_bearish | 🌍 Regime: ranging
  🗺️  Grid: 0.080% | 🔺 7438.50 🔻 7435.50
  📡 RSI: 27.2 | MACD: -2.60 | ATR: 3.20
  📊 Filled: 0 | Pending: 0
  🔲 Regime: RANGING | Range pos: 57% | RSI: 27.2
  💰 Daily P&L: $+0.00

[2026-07-23 12:45] O:7437.50 H:7442.50 L:7435.50 C:7441.50 V:3143.0
  📈 Trend: strong_bearish (raw: moderate_bearish) | 🌍 Regime: ranging
  🗺️  Grid: 0.080% | 🔺 7439.25 🔻 7436.25
  📡 RSI: 46.8 | MACD: -2.14 | ATR: 3.30
  📊 Filled: 0 | Pending: 0
  🔲 Regime: RANGING | Range pos: 65% | RSI: 46.8
  💰 Daily P&L: $+0.00

[2026-07-23 12:46] O:7441.50 H:7443.00 L:7439.50 C:7441.50 V:1948.0
  📈 Trend: moderate_bearish | 🌍 Regime: ranging
  🗺️  Grid: 0.080% | 🔺 7442.50 🔻 7435.50
  📡 RSI: 50.7 | MACD: -1.75 | ATR: 3.41
  📊 Filled: 0 | Pending: 0
  🔲 Regime: RANGING | Range pos: 65% | RSI: 50.7
  💰 Daily P&L: $+0.00

[2026-07-23 12:47] O:7441.50 H:7443.25 L:7441.00 C:7441.75 V:1355.0
  📈 Trend: moderate_bearish | 🌍 Regime: ranging
  🗺️  Grid: 0.080% | 🔺 7443.00 🔻 7439.50
  📡 RSI: 50.0 | MACD: -1.41 | ATR: 3.38
  📊 Filled: 0 | Pending: 0
  🔲 Regime: RANGING | Range pos: 66% | RSI: 50.0
  💰 Daily P&L: $+0.00

[2026-07-23 12:48] O:7441.75 H:7442.75 L:7440.00 C:7442.00 V:1815.0
  📈 Trend: moderate_bearish | 🌍 Regime: ranging
  🗺️  Grid: 0.080% | 🔺 7443.25 🔻 7441.00
  📡 RSI: 52.1 | MACD: -1.11 | ATR: 3.39
  📊 Filled: 0 | Pending: 0
  🔲 Regime: RANGING | Range pos: 66% | RSI: 52.1
  💰 Daily P&L: $+0.00

[2026-07-23 12:49] O:7442.00 H:7443.25 L:7441.75 C:7442.00 V:1326.0
  📈 Trend: moderate_bearish | 🌍 Regime: ranging
  🗺️  Grid: 0.080% | 🔺 7442.75 🔻 7440.00
  📡 RSI: 69.8 | MACD: -0.85 | ATR: 3.12
  📊 Filled: 0 | Pending: 0
  🔲 Regime: RANGING | Range pos: 66% | RSI: 69.8
  💰 Daily P&L: $+0.00

[2026-07-23 12:50] O:7442.00 H:7442.50 L:7439.75 C:7442.00 V:1629.0
  📈 Trend: moderate_bearish | 🌍 Regime: ranging
  🗺️  Grid: 0.080% | 🔺 7443.25 🔻 7441.75
  📡 RSI: 75.5 | MACD: -0.65 | ATR: 3.11
  📊 Filled: 0 | Pending: 0
  🔲 Regime: RANGING | Range pos: 66% | RSI: 75.5
  💰 Daily P&L: $+0.00

[2026-07-23 12:51] O:7442.00 H:7442.25 L:7439.25 C:7439.75 V:1345.0
  📈 Trend: moderate_bearish | 🌍 Regime: ranging
  🗺️  Grid: 0.080% | 🔺 7442.50 🔻 7439.75
  📡 RSI: 61.8 | MACD: -0.66 | ATR: 3.18
  📊 Filled: 0 | Pending: 0
  🔲 Regime: RANGING | Range pos: 61% | RSI: 61.8
  💰 Daily P&L: $+0.00

[2026-07-23 12:52] O:7440.00 H:7442.75 L:7439.75 C:7441.50 V:1522.0
  📈 Trend: moderate_bearish | 🌍 Regime: ranging
  🗺️  Grid: 0.080% | 🔺 7442.25 🔻 7439.25
  📡 RSI: 65.6 | MACD: -0.52 | ATR: 3.16
  📊 Filled: 0 | Pending: 0
  🔲 Regime: RANGING | Range pos: 65% | RSI: 65.6
  💰 Daily P&L: $+0.00

[2026-07-23 12:53] O:7441.25 H:7442.00 L:7438.75 C:7439.50 V:1416.0
  📈 Trend: moderate_bearish | 🌍 Regime: ranging
  🗺️  Grid: 0.080% | 🔺 7442.75 🔻 7439.75
  📡 RSI: 58.8 | MACD: -0.56 | ATR: 3.21
  📊 Filled: 0 | Pending: 0
  🔲 Regime: RANGING | Range pos: 61% | RSI: 58.8
  💰 Daily P&L: $+0.00

[2026-07-23 12:54] O:7439.50 H:7439.75 L:7437.50 C:7437.50 V:1407.0
  📈 Trend: moderate_bearish (raw: moderate_bullish) | 🌍 Regime: ranging
  🗺️  Grid: 0.080% | 🔺 7442.00 🔻 7438.75
  📡 RSI: 60.6 | MACD: -0.75 | ATR: 3.04
  📊 Filled: 0 | Pending: 0
  🔲 Regime: RANGING | Range pos: 56% | RSI: 60.6
  💰 Daily P&L: $+0.00

[2026-07-23 12:55] O:7437.25 H:7437.25 L:7434.50 C:7436.00 V:1724.0
  📈 Trend: moderate_bullish | 🌍 Regime: ranging
  🗺️  Grid: 0.080% | 🔺 7439.75 🔻 7437.50
  📡 RSI: 51.5 | MACD: -1.01 | ATR: 3.04
  📊 Filled: 0 | Pending: 0
  🔲 Regime: RANGING | Range pos: 53% | RSI: 51.5
  💰 Daily P&L: $+0.00

[2026-07-23 12:56] O:7436.00 H:7436.25 L:7433.25 C:7434.25 V:1202.0
  📈 Trend: moderate_bullish (raw: strong_bearish) | 🌍 Regime: ranging
  🗺️  Grid: 0.080% | 🔺 7437.25 🔻 7434.50
  📡 RSI: 45.1 | MACD: -1.34 | ATR: 3.09
  📊 Filled: 0 | Pending: 0
  🔲 Regime: RANGING | Range pos: 49% | RSI: 45.1
  💰 Daily P&L: $+0.00

[2026-07-23 12:57] O:7434.25 H:7434.75 L:7432.00 C:7432.50 V:1577.0
  📈 Trend: strong_bearish | 🌍 Regime: ranging
  🗺️  Grid: 0.080% | 🔺 7436.25 🔻 7433.25
  📡 RSI: 34.3 | MACD: -1.73 | ATR: 3.07
  📊 Filled: 0 | Pending: 0
  🔲 Regime: RANGING | Range pos: 45% | RSI: 34.3
  💰 Daily P&L: $+0.00

[2026-07-23 12:58] O:7432.50 H:7433.50 L:7431.75 C:7432.75 V:1333.0
  📈 Trend: strong_bearish | 🌍 Regime: ranging
  🗺️  Grid: 0.080% | 🔺 7434.75 🔻 7432.00
  📡 RSI: 35.7 | MACD: -1.99 | ATR: 2.98
  📊 Filled: 0 | Pending: 0
  🔲 Regime: RANGING | Range pos: 46% | RSI: 35.7
  💰 Daily P&L: $+0.00

[2026-07-23 12:59] O:7432.75 H:7433.25 L:7431.75 C:7432.00 V:968.0
  📈 Trend: strong_bearish | 🌍 Regime: ranging
  🗺️  Grid: 0.080% | 🔺 7433.50 🔻 7431.75
  📡 RSI: 17.2 | MACD: -2.23 | ATR: 2.59
  📊 Filled: 0 | Pending: 0
  🔲 Regime: RANGING | Range pos: 44% | RSI: 17.2
  💰 Daily P&L: $+0.00

[2026-07-23 13:00] O:7431.75 H:7433.50 L:7430.50 C:7432.00 V:2170.0
  📈 Trend: strong_bearish | 🌍 Regime: ranging
  🗺️  Grid: 0.080% | 🔺 7433.25 🔻 7431.75
  📡 RSI: 17.2 | MACD: -2.39 | ATR: 2.55
  📊 Filled: 0 | Pending: 0
  🔲 Regime: RANGING | Range pos: 44% | RSI: 17.2
  💰 Daily P&L: $+0.00

[2026-07-23 13:01] O:7432.00 H:7432.25 L:7429.00 C:7430.75 V:1901.0
  📈 Trend: strong_bearish | 🌍 Regime: ranging
  🗺️  Grid: 0.080% | 🔺 7433.50 🔻 7430.50
  📡 RSI: 14.5 | MACD: -2.59 | ATR: 2.62
  📊 Filled: 0 | Pending: 0
  🔲 Regime: RANGING | Range pos: 42% | RSI: 14.5
  💰 Daily P&L: $+0.00

[2026-07-23 13:02] O:7430.75 H:7431.50 L:7429.75 C:7431.50 V:1534.0
  📈 Trend: strong_bearish | 🌍 Regime: ranging
  🗺️  Grid: 0.080% | 🔺 7432.25 🔻 7429.00
  📡 RSI: 17.2 | MACD: -2.66 | ATR: 2.55
  📊 Filled: 0 | Pending: 0
  🔲 Regime: RANGING | Range pos: 43% | RSI: 17.2
  💰 Daily P&L: $+0.00

[2026-07-23 13:03] O:7431.75 H:7433.25 L:7431.25 C:7432.50 V:1704.0
  📈 Trend: strong_bearish | 🌍 Regime: ranging
  🗺️  Grid: 0.080% | 🔺 7431.50 🔻 7429.75
  📡 RSI: 22.1 | MACD: -2.60 | ATR: 2.59
  📊 Filled: 0 | Pending: 0
  🔲 Regime: RANGING | Range pos: 45% | RSI: 22.1
  💰 Daily P&L: $+0.00

[2026-07-23 13:04] O:7432.50 H:7433.50 L:7429.75 C:7430.00 V:1357.0
  📈 Trend: strong_bearish | 🌍 Regime: ranging
  🗺️  Grid: 0.080% | 🔺 7433.25 🔻 7431.25
  📡 RSI: 19.2 | MACD: -2.73 | ATR: 2.66
  📊 Filled: 0 | Pending: 0
  🔲 Regime: RANGING | Range pos: 40% | RSI: 19.2
  💰 Daily P&L: $+0.00

[2026-07-23 13:05] O:7430.00 H:7430.75 L:7429.00 C:7430.25 V:1605.0
  📈 Trend: strong_bearish | 🌍 Regime: ranging
  🗺️  Grid: 0.080% | 🔺 7433.50 🔻 7429.75
  📡 RSI: 22.9 | MACD: -2.78 | ATR: 2.57
  📊 Filled: 0 | Pending: 0
  🔲 Regime: RANGING | Range pos: 40% | RSI: 22.9
  💰 Daily P&L: $+0.00

[2026-07-23 13:06] O:7430.00 H:7432.00 L:7429.25 C:7431.25 V:1595.0
  📈 Trend: strong_bearish | 🌍 Regime: ranging
  🗺️  Grid: 0.080% | 🔺 7430.75 🔻 7429.00
  📡 RSI: 19.4 | MACD: -2.70 | ATR: 2.55
  📊 Filled: 0 | Pending: 0
  🔲 Regime: RANGING | Range pos: 43% | RSI: 19.4
  💰 Daily P&L: $+0.00

[2026-07-23 13:07] O:7431.25 H:7431.25 L:7428.25 C:7428.75 V:1190.0
  📈 Trend: strong_bearish | 🌍 Regime: ranging
  🗺️  Grid: 0.080% | 🔺 7432.00 🔻 7429.25
  📡 RSI: 18.8 | MACD: -2.81 | ATR: 2.54
  📊 Filled: 0 | Pending: 0
  🔲 Regime: RANGING | Range pos: 37% | RSI: 18.8
  💰 Daily P&L: $+0.00

[2026-07-23 13:08] O:7428.50 H:7431.00 L:7428.25 C:7430.00 V:1380.0
  📈 Trend: strong_bearish | 🌍 Regime: ranging
  🗺️  Grid: 0.080% | 🔺 7431.25 🔻 7428.25
  📡 RSI: 27.3 | MACD: -2.77 | ATR: 2.57
  📊 Filled: 0 | Pending: 0
  🔲 Regime: RANGING | Range pos: 40% | RSI: 27.3
  💰 Daily P&L: $+0.00

[2026-07-23 13:09] O:7430.00 H:7430.75 L:7429.00 C:7429.25 V:1015.0
  📈 Trend: strong_bearish | 🌍 Regime: ranging
  🗺️  Grid: 0.080% | 🔺 7431.00 🔻 7428.25
  📡 RSI: 28.6 | MACD: -2.76 | ATR: 2.48
  📊 Filled: 0 | Pending: 0
  🔲 Regime: RANGING | Range pos: 38% | RSI: 28.6
  💰 Daily P&L: $+0.00

[2026-07-23 13:10] O:7429.25 H:7431.25 L:7429.00 C:7430.50 V:1366.0
  📈 Trend: strong_bearish | 🌍 Regime: ranging
  🗺️  Grid: 0.080% | 🔺 7430.75 🔻 7429.00
  📡 RSI: 37.7 | MACD: -2.62 | ATR: 2.43
  📊 Filled: 0 | Pending: 0
  🔲 Regime: RANGING | Range pos: 41% | RSI: 37.7
  💰 Daily P&L: $+0.00

[2026-07-23 13:11] O:7430.50 H:7431.50 L:7429.50 C:7431.25 V:1312.0
  📈 Trend: strong_bearish | 🌍 Regime: ranging
  🗺️  Grid: 0.080% | 🔺 7431.25 🔻 7429.00
  📡 RSI: 45.6 | MACD: -2.43 | ATR: 2.38
  📊 Filled: 0 | Pending: 0
  🔲 Regime: RANGING | Range pos: 43% | RSI: 45.6
  💰 Daily P&L: $+0.00

[2026-07-23 13:12] O:7431.00 H:7434.25 L:7431.00 C:7433.25 V:1780.0
  📈 Trend: strong_bearish | 🌍 Regime: ranging
  🗺️  Grid: 0.080% | 🔺 7431.50 🔻 7429.50
  📡 RSI: 51.6 | MACD: -2.08 | ATR: 2.48
  📊 Filled: 0 | Pending: 0
  🔲 Regime: RANGING | Range pos: 47% | RSI: 51.6
  💰 Daily P&L: $+0.00

[2026-07-23 13:13] O:7433.50 H:7433.50 L:7431.75 C:7432.75 V:1178.0
  📈 Trend: strong_bearish | 🌍 Regime: ranging
  🗺️  Grid: 0.080% | 🔺 7434.25 🔻 7431.00
  📡 RSI: 52.4 | MACD: -1.83 | ATR: 2.50
  📊 Filled: 0 | Pending: 0
  🔲 Regime: RANGING | Range pos: 46% | RSI: 52.4
  💰 Daily P&L: $+0.00

[2026-07-23 13:14] O:7432.75 H:7433.25 L:7430.00 C:7430.00 V:1482.0
  📈 Trend: strong_bearish | 🌍 Regime: ranging
  🗺️  Grid: 0.080% | 🔺 7433.50 🔻 7431.75
  📡 RSI: 44.6 | MACD: -1.83 | ATR: 2.52
  📊 Filled: 0 | Pending: 0
  🔲 Regime: RANGING | Range pos: 40% | RSI: 44.6
  💰 Daily P&L: $+0.00

[2026-07-23 13:15] O:7430.00 H:7432.75 L:7429.75 C:7432.25 V:1475.0
  📈 Trend: strong_bearish | 🌍 Regime: ranging
  🗺️  Grid: 0.080% | 🔺 7433.25 🔻 7430.00
  📡 RSI: 53.8 | MACD: -1.63 | ATR: 2.50
  📊 Filled: 0 | Pending: 0
  🔲 Regime: RANGING | Range pos: 45% | RSI: 53.8
  💰 Daily P&L: $+0.00

[2026-07-23 13:16] O:7432.00 H:7434.25 L:7431.25 C:7432.25 V:1562.0
  📈 Trend: strong_bearish | 🌍 Regime: ranging
  🗺️  Grid: 0.080% | 🔺 7432.75 🔻 7429.75
  📡 RSI: 52.0 | MACD: -1.46 | ATR: 2.59
  📊 Filled: 0 | Pending: 0
  🔲 Regime: RANGING | Range pos: 45% | RSI: 52.0
  💰 Daily P&L: $+0.00

[2026-07-23 13:17] O:7432.25 H:7433.00 L:7429.00 C:7429.50 V:1302.0
  📈 Trend: strong_bearish | 🌍 Regime: ranging
  🗺️  Grid: 0.080% | 🔺 7434.25 🔻 7431.25
  📡 RSI: 42.7 | MACD: -1.53 | ATR: 2.73
  📊 Filled: 0 | Pending: 0
  🔲 Regime: RANGING | Range pos: 39% | RSI: 42.7
  💰 Daily P&L: $+0.00

[2026-07-23 13:18] O:7429.25 H:7431.50 L:7429.00 C:7429.50 V:1450.0
  📈 Trend: strong_bearish | 🌍 Regime: ranging
  🗺️  Grid: 0.080% | 🔺 7433.00 🔻 7429.00
  📡 RSI: 48.6 | MACD: -1.56 | ATR: 2.64
  📊 Filled: 0 | Pending: 0
  🔲 Regime: RANGING | Range pos: 39% | RSI: 48.6
  💰 Daily P&L: $+0.00

[2026-07-23 13:19] O:7429.50 H:7430.75 L:7428.75 C:7430.50 V:913.0
  📈 Trend: strong_bearish | 🌍 Regime: ranging
  🗺️  Grid: 0.080% | 🔺 7431.50 🔻 7429.00
  📡 RSI: 50.7 | MACD: -1.49 | ATR: 2.66
  📊 Filled: 0 | Pending: 0
  🔲 Regime: RANGING | Range pos: 41% | RSI: 50.7
  💰 Daily P&L: $+0.00

[2026-07-23 13:20] O:7430.50 H:7431.75 L:7430.00 C:7430.75 V:1243.0
  📈 Trend: strong_bearish | 🌍 Regime: ranging
  🗺️  Grid: 0.080% | 🔺 7430.75 🔻 7428.75
  📡 RSI: 48.6 | MACD: -1.40 | ATR: 2.59
  📊 Filled: 0 | Pending: 0
  🔲 Regime: RANGING | Range pos: 42% | RSI: 48.6
  💰 Daily P&L: $+0.00

[2026-07-23 13:21] O:7430.50 H:7433.75 L:7429.75 C:7433.00 V:1692.0
  📈 Trend: strong_bearish (raw: moderate_bearish) | 🌍 Regime: ranging
  🗺️  Grid: 0.080% | 🔺 7431.75 🔻 7430.00
  📡 RSI: 62.0 | MACD: -1.13 | ATR: 2.66
  📊 Filled: 0 | Pending: 0
  🔲 Regime: RANGING | Range pos: 46% | RSI: 62.0
  💰 Daily P&L: $+0.00

[2026-07-23 13:22] O:7433.00 H:7433.25 L:7431.50 C:7431.75 V:1066.0
  📈 Trend: strong_bearish | 🌍 Regime: ranging
  🗺️  Grid: 0.080% | 🔺 7433.75 🔻 7429.75
  📡 RSI: 54.9 | MACD: -1.01 | ATR: 2.59
  📊 Filled: 0 | Pending: 0
  🔲 Regime: RANGING | Range pos: 44% | RSI: 54.9
  💰 Daily P&L: $+0.00

[2026-07-23 13:23] O:7431.50 H:7433.25 L:7431.00 C:7433.25 V:1064.0
  📈 Trend: strong_bearish (raw: moderate_bearish) | 🌍 Regime: ranging
  🗺️  Grid: 0.080% | 🔺 7433.25 🔻 7431.50
  📡 RSI: 60.8 | MACD: -0.78 | ATR: 2.62
  📊 Filled: 0 | Pending: 0
  🔲 Regime: RANGING | Range pos: 47% | RSI: 60.8
  💰 Daily P&L: $+0.00

[2026-07-23 13:24] O:7433.25 H:7435.00 L:7433.00 C:7434.75 V:1336.0
  📈 Trend: moderate_bearish | 🌍 Regime: ranging
  🗺️  Grid: 0.080% | 🔺 7433.25 🔻 7431.00
  📡 RSI: 61.3 | MACD: -0.47 | ATR: 2.61
  📊 Filled: 0 | Pending: 0
  🔲 Regime: RANGING | Range pos: 50% | RSI: 61.3
  💰 Daily P&L: $+0.00

[2026-07-23 13:25] O:7434.75 H:7435.50 L:7432.00 C:7433.25 V:1547.0
  📈 Trend: moderate_bearish | 🌍 Regime: ranging
  🗺️  Grid: 0.080% | 🔺 7435.00 🔻 7433.00
  📡 RSI: 55.1 | MACD: -0.35 | ATR: 2.71
  📊 Filled: 0 | Pending: 0
  🔲 Regime: RANGING | Range pos: 47% | RSI: 55.1
  💰 Daily P&L: $+0.00

[2026-07-23 13:26] O:7433.00 H:7433.75 L:7431.50 C:7431.50 V:1068.0
  📈 Trend: moderate_bearish | 🌍 Regime: ranging
  🗺️  Grid: 0.080% | 🔺 7435.50 🔻 7432.00
  📡 RSI: 45.5 | MACD: -0.38 | ATR: 2.64
  📊 Filled: 0 | Pending: 0
  🔲 Regime: RANGING | Range pos: 43% | RSI: 45.5
  💰 Daily P&L: $+0.00

[2026-07-23 13:27] O:7431.75 H:7433.25 L:7430.75 C:7431.00 V:910.0
  📈 Trend: moderate_bearish | 🌍 Regime: ranging
  🗺️  Grid: 0.080% | 🔺 7433.75 🔻 7431.50
  📡 RSI: 45.5 | MACD: -0.45 | ATR: 2.70
  📊 Filled: 0 | Pending: 0
  🔲 Regime: RANGING | Range pos: 42% | RSI: 45.5
  💰 Daily P&L: $+0.00

[2026-07-23 13:28] O:7431.25 H:7434.00 L:7431.25 C:7433.25 V:1377.0
  📈 Trend: moderate_bearish | 🌍 Regime: ranging
  🗺️  Grid: 0.080% | 🔺 7433.25 🔻 7430.75
  📡 RSI: 58.7 | MACD: -0.31 | ATR: 2.68
  📊 Filled: 0 | Pending: 0
  🔲 Regime: RANGING | Range pos: 47% | RSI: 58.7
  💰 Daily P&L: $+0.00

[2026-07-23 13:29] O:7433.50 H:7435.00 L:7433.25 C:7435.00 V:1015.0
  📈 Trend: moderate_bearish | 🌍 Regime: ranging
  🗺️  Grid: 0.080% | 🔺 7434.00 🔻 7431.25
  📡 RSI: 57.5 | MACD: -0.07 | ATR: 2.59
  📊 Filled: 0 | Pending: 0
  🔲 Regime: RANGING | Range pos: 51% | RSI: 57.5
  💰 Daily P&L: $+0.00

[2026-07-23 13:30] O:7434.75 H:7436.50 L:7433.75 C:7435.25 V:1768.0
  📈 Trend: moderate_bearish (raw: moderate_bullish) | 🌍 Regime: ranging
  🗺️  Grid: 0.080% | 🔺 7435.00 🔻 7433.25
  📡 RSI: 58.1 | MACD: 0.15 | ATR: 2.57
  📊 Filled: 0 | Pending: 0
  🔲 Regime: RANGING | Range pos: 51% | RSI: 58.1
  💰 Daily P&L: $+0.00

[2026-07-23 13:31] O:7435.50 H:7437.00 L:7435.00 C:7436.00 V:1869.0
  📈 Trend: moderate_bullish | 🌍 Regime: ranging
  🗺️  Grid: 0.080% | 🔺 7436.50 🔻 7433.75
  📡 RSI: 69.7 | MACD: 0.38 | ATR: 2.43
  📊 Filled: 0 | Pending: 0
  🔲 Regime: RANGING | Range pos: 53% | RSI: 69.7
  💰 Daily P&L: $+0.00

[2026-07-23 13:32] O:7436.00 H:7436.75 L:7434.00 C:7434.75 V:1309.0
  📈 Trend: moderate_bullish | 🌍 Regime: ranging
  🗺️  Grid: 0.080% | 🔺 7437.00 🔻 7435.00
  📡 RSI: 64.8 | MACD: 0.45 | ATR: 2.45
  📊 Filled: 0 | Pending: 0
  🔲 Regime: RANGING | Range pos: 50% | RSI: 64.8
  💰 Daily P&L: $+0.00

[2026-07-23 13:33] O:7434.50 H:7435.50 L:7434.00 C:7435.50 V:1095.0
  📈 Trend: moderate_bullish | 🌍 Regime: ranging
  🗺️  Grid: 0.080% | 🔺 7436.75 🔻 7434.00
  📡 RSI: 64.3 | MACD: 0.56 | ATR: 2.41
  📊 Filled: 0 | Pending: 0
  🔲 Regime: RANGING | Range pos: 52% | RSI: 64.3
  💰 Daily P&L: $+0.00

[2026-07-23 13:34] O:7435.75 H:7437.50 L:7435.75 C:7436.75 V:1303.0
  📈 Trend: moderate_bullish | 🌍 Regime: ranging
  🗺️  Grid: 0.080% | 🔺 7435.50 🔻 7434.00
  📡 RSI: 66.2 | MACD: 0.74 | ATR: 2.43
  📊 Filled: 0 | Pending: 0
  🔲 Regime: RANGING | Range pos: 55% | RSI: 66.2
  💰 Daily P&L: $+0.00

[2026-07-23 13:35] O:7436.75 H:7437.50 L:7433.50 C:7433.50 V:1554.0
  📈 Trend: moderate_bullish | 🌍 Regime: ranging
  🗺️  Grid: 0.080% | 🔺 7437.50 🔻 7435.75
  📡 RSI: 51.3 | MACD: 0.62 | ATR: 2.43
  📊 Filled: 0 | Pending: 0
  🔲 Regime: RANGING | Range pos: 48% | RSI: 51.3
  💰 Daily P&L: $+0.00

[2026-07-23 13:36] O:7433.50 H:7434.50 L:7431.00 C:7431.00 V:2136.0
  📈 Trend: moderate_bullish | 🌍 Regime: ranging
  🗺️  Grid: 0.080% | 🔺 7437.50 🔻 7433.50
  📡 RSI: 48.2 | MACD: 0.31 | ATR: 2.55
  📊 Filled: 0 | Pending: 0
  🔲 Regime: RANGING | Range pos: 42% | RSI: 48.2
  💰 Daily P&L: $+0.00

[2026-07-23 13:37] O:7431.00 H:7431.75 L:7429.00 C:7430.75 V:1728.0
  📈 Trend: moderate_bullish (raw: moderate_bearish) | 🌍 Regime: ranging
  🗺️  Grid: 0.080% | 🔺 7434.50 🔻 7431.00
  📡 RSI: 43.6 | MACD: 0.05 | ATR: 2.59
  📊 Filled: 0 | Pending: 0
  🔲 Regime: RANGING | Range pos: 42% | RSI: 43.6
  💰 Daily P&L: $+0.00

[2026-07-23 13:38] O:7431.00 H:7431.25 L:7429.00 C:7429.75 V:1162.0
  📈 Trend: moderate_bullish (raw: strong_bearish) | 🌍 Regime: ranging
  🗺️  Grid: 0.080% | 🔺 7431.75 🔻 7429.00
  📡 RSI: 36.8 | MACD: -0.23 | ATR: 2.61
  📊 Filled: 0 | Pending: 0
  🔲 Regime: RANGING | Range pos: 39% | RSI: 36.8
  💰 Daily P&L: $+0.00

[2026-07-23 13:39] O:7429.75 H:7431.00 L:7428.50 C:7429.75 V:1731.0
  📈 Trend: strong_bearish | 🌍 Regime: ranging
  🗺️  Grid: 0.080% | 🔺 7431.25 🔻 7429.00
  📡 RSI: 40.0 | MACD: -0.46 | ATR: 2.54
  📊 Filled: 0 | Pending: 0
  🔲 Regime: RANGING | Range pos: 39% | RSI: 40.0
  💰 Daily P&L: $+0.00

[2026-07-23 13:40] O:7430.00 H:7430.75 L:7428.25 C:7430.75 V:1512.0
  📈 Trend: strong_bearish | 🌍 Regime: ranging
  🗺️  Grid: 0.080% | 🔺 7431.00 🔻 7428.50
  📡 RSI: 47.8 | MACD: -0.54 | ATR: 2.55
  📊 Filled: 0 | Pending: 0
  🔲 Regime: RANGING | Range pos: 42% | RSI: 47.8
  💰 Daily P&L: $+0.00

[2026-07-23 13:41] O:7430.75 H:7430.75 L:7427.25 C:7428.00 V:1327.0
  📈 Trend: strong_bearish | 🌍 Regime: ranging
  🗺️  Grid: 0.080% | 🔺 7430.75 🔻 7428.25
  📡 RSI: 42.1 | MACD: -0.83 | ATR: 2.62
  📊 Filled: 0 | Pending: 0
  🔲 Regime: RANGING | Range pos: 36% | RSI: 42.1
  💰 Daily P&L: $+0.00

[2026-07-23 13:42] O:7428.00 H:7429.00 L:7426.75 C:7428.75 V:1427.0
  📈 Trend: strong_bearish | 🌍 Regime: ranging
  🗺️  Grid: 0.080% | 🔺 7430.75 🔻 7427.25
  📡 RSI: 37.1 | MACD: -0.98 | ATR: 2.57
  📊 Filled: 0 | Pending: 0
  🔲 Regime: RANGING | Range pos: 37% | RSI: 37.1
  💰 Daily P&L: $+0.00

[2026-07-23 13:43] O:7429.00 H:7429.50 L:7427.75 C:7429.00 V:1060.0
  📈 Trend: strong_bearish | 🌍 Regime: ranging
  🗺️  Grid: 0.080% | 🔺 7429.00 🔻 7426.75
  📡 RSI: 31.2 | MACD: -1.07 | ATR: 2.57
  📊 Filled: 0 | Pending: 0
  🔲 Regime: RANGING | Range pos: 38% | RSI: 31.2
  💰 Daily P&L: $+0.00

[2026-07-23 13:44] O:7429.00 H:7429.75 L:7427.75 C:7429.00 V:1090.0
  📈 Trend: strong_bearish | 🌍 Regime: ranging
  🗺️  Grid: 0.080% | 🔺 7429.50 🔻 7427.75
  📡 RSI: 30.2 | MACD: -1.12 | ATR: 2.52
  📊 Filled: 0 | Pending: 0
  🔲 Regime: RANGING | Range pos: 38% | RSI: 30.2
  💰 Daily P&L: $+0.00

[2026-07-23 13:45] O:7429.00 H:7432.50 L:7428.75 C:7431.75 V:2520.0
  📈 Trend: strong_bearish (raw: moderate_bullish) | 🌍 Regime: ranging
  🗺️  Grid: 0.080% | 🔺 7429.75 🔻 7427.75
  📡 RSI: 38.0 | MACD: -0.94 | ATR: 2.64
  📊 Filled: 0 | Pending: 0
  🔲 Regime: RANGING | Range pos: 44% | RSI: 38.0
  💰 Daily P&L: $+0.00

[2026-07-23 13:46] O:7431.75 H:7433.00 L:7431.75 C:7432.75 V:1264.0
  📈 Trend: moderate_bullish | 🌍 Regime: ranging
  🗺️  Grid: 0.080% | 🔺 7432.50 🔻 7428.75
  📡 RSI: 44.3 | MACD: -0.70 | ATR: 2.54
  📊 Filled: 0 | Pending: 0
  🔲 Regime: RANGING | Range pos: 46% | RSI: 44.3
  💰 Daily P&L: $+0.00

[2026-07-23 13:47] O:7432.75 H:7434.75 L:7432.50 C:7434.75 V:1436.0
  📈 Trend: moderate_bullish | 🌍 Regime: ranging
  🗺️  Grid: 0.080% | 🔺 7433.00 🔻 7431.75
  📡 RSI: 48.0 | MACD: -0.35 | ATR: 2.59
  📊 Filled: 0 | Pending: 0
  🔲 Regime: RANGING | Range pos: 50% | RSI: 48.0
  💰 Daily P&L: $+0.00

[2026-07-23 13:48] O:7434.75 H:7435.50 L:7433.50 C:7434.50 V:1407.0
  📈 Trend: moderate_bullish (raw: moderate_bearish) | 🌍 Regime: ranging
  🗺️  Grid: 0.080% | 🔺 7434.75 🔻 7432.50
  📡 RSI: 43.7 | MACD: -0.08 | ATR: 2.59
  📊 Filled: 0 | Pending: 0
  🔲 Regime: RANGING | Range pos: 50% | RSI: 43.7
  💰 Daily P&L: $+0.00

[2026-07-23 13:49] O:7434.75 H:7435.25 L:7432.75 C:7434.00 V:1608.0
  📈 Trend: moderate_bullish | 🌍 Regime: ranging
  🗺️  Grid: 0.080% | 🔺 7435.50 🔻 7433.50
  📡 RSI: 51.7 | MACD: 0.08 | ATR: 2.48
  📊 Filled: 0 | Pending: 0
  🔲 Regime: RANGING | Range pos: 49% | RSI: 51.7
  💰 Daily P&L: $+0.00

[2026-07-23 13:50] O:7434.00 H:7434.50 L:7432.00 C:7432.75 V:1767.0
  📈 Trend: moderate_bullish | 🌍 Regime: ranging
  🗺️  Grid: 0.080% | 🔺 7435.25 🔻 7432.75
  📡 RSI: 56.4 | MACD: 0.11 | ATR: 2.41
  📊 Filled: 0 | Pending: 0
  🔲 Regime: RANGING | Range pos: 46% | RSI: 56.4
  💰 Daily P&L: $+0.00

[2026-07-23 13:51] O:7432.75 H:7434.00 L:7432.25 C:7432.75 V:931.0
  📈 Trend: moderate_bullish | 🌍 Regime: ranging
  🗺️  Grid: 0.080% | 🔺 7434.50 🔻 7432.00
  📡 RSI: 57.4 | MACD: 0.13 | ATR: 2.34
  📊 Filled: 0 | Pending: 0
  🔲 Regime: RANGING | Range pos: 46% | RSI: 57.4
  💰 Daily P&L: $+0.00

[2026-07-23 13:52] O:7433.00 H:7433.75 L:7431.50 C:7432.75 V:1154.0
  📈 Trend: moderate_bullish | 🌍 Regime: ranging
  🗺️  Grid: 0.080% | 🔺 7434.00 🔻 7432.25
  📡 RSI: 62.0 | MACD: 0.15 | ATR: 2.34
  📊 Filled: 0 | Pending: 0
  🔲 Regime: RANGING | Range pos: 46% | RSI: 62.0
  💰 Daily P&L: $+0.00

[2026-07-23 13:53] O:7432.50 H:7433.50 L:7431.50 C:7432.00 V:1238.0
  📈 Trend: moderate_bullish (raw: strong_bearish) | 🌍 Regime: ranging
  🗺️  Grid: 0.080% | 🔺 7433.75 🔻 7431.50
  📡 RSI: 58.5 | MACD: 0.10 | ATR: 2.30
  📊 Filled: 0 | Pending: 0
  🔲 Regime: RANGING | Range pos: 44% | RSI: 58.5
  💰 Daily P&L: $+0.00

[2026-07-23 13:54] O:7432.00 H:7432.25 L:7427.50 C:7428.00 V:1858.0
  📈 Trend: strong_bearish | 🌍 Regime: ranging
  🗺️  Grid: 0.080% | 🔺 7433.50 🔻 7431.50
  📡 RSI: 41.5 | MACD: -0.26 | ATR: 2.46
  📊 Filled: 0 | Pending: 0
  🔲 Regime: RANGING | Range pos: 36% | RSI: 41.5
  💰 Daily P&L: $+0.00

[2026-07-23 13:55] O:7428.00 H:7429.00 L:7427.25 C:7429.00 V:1598.0
  📈 Trend: strong_bearish | 🌍 Regime: ranging
  🗺️  Grid: 0.080% | 🔺 7432.25 🔻 7427.50
  📡 RSI: 53.4 | MACD: -0.46 | ATR: 2.34
  📊 Filled: 0 | Pending: 0
  🔲 Regime: RANGING | Range pos: 38% | RSI: 53.4
  💰 Daily P&L: $+0.00

[2026-07-23 13:56] O:7429.00 H:7429.25 L:7427.25 C:7429.00 V:1232.0
  📈 Trend: strong_bearish | 🌍 Regime: ranging
  🗺️  Grid: 0.080% | 🔺 7429.00 🔻 7427.25
  📡 RSI: 50.9 | MACD: -0.61 | ATR: 2.32
  📊 Filled: 0 | Pending: 0
  🔲 Regime: RANGING | Range pos: 38% | RSI: 50.9
  💰 Daily P&L: $+0.00

[2026-07-23 13:57] O:7429.00 H:7429.00 L:7428.00 C:7428.00 V:773.0
  📈 Trend: strong_bearish | 🌍 Regime: ranging
  🗺️  Grid: 0.080% | 🔺 7429.25 🔻 7427.25
  📡 RSI: 46.6 | MACD: -0.80 | ATR: 2.27
  📊 Filled: 0 | Pending: 0
  🔲 Regime: RANGING | Range pos: 36% | RSI: 46.6
  💰 Daily P&L: $+0.00

[2026-07-23 13:58] O:7428.25 H:7429.00 L:7427.00 C:7428.75 V:1746.0
  📈 Trend: strong_bearish | 🌍 Regime: ranging
  🗺️  Grid: 0.080% | 🔺 7429.00 🔻 7428.00
  📡 RSI: 49.2 | MACD: -0.88 | ATR: 2.27
  📊 Filled: 0 | Pending: 0
  🔲 Regime: RANGING | Range pos: 37% | RSI: 49.2
  💰 Daily P&L: $+0.00

[2026-07-23 13:59] O:7429.00 H:7431.50 L:7428.75 C:7431.25 V:1909.0
  📈 Trend: strong_bearish | 🌍 Regime: ranging
  🗺️  Grid: 0.080% | 🔺 7429.00 🔻 7427.00
  📡 RSI: 48.3 | MACD: -0.73 | ATR: 2.20
  📊 Filled: 0 | Pending: 0
  🔲 Regime: RANGING | Range pos: 43% | RSI: 48.3
  💰 Daily P&L: $+0.00

[2026-07-23 14:00] O:7431.25 H:7435.00 L:7431.00 C:7433.25 V:2742.0
  📈 Trend: strong_bearish (raw: moderate_bearish) | 🌍 Regime: ranging
  🗺️  Grid: 0.080% | 🔺 7431.50 🔻 7428.75
  📡 RSI: 51.6 | MACD: -0.45 | ATR: 2.39
  📊 Filled: 0 | Pending: 0
  🔲 Regime: RANGING | Range pos: 47% | RSI: 51.6
  💰 Daily P&L: $+0.00

[2026-07-23 14:01] O:7433.25 H:7433.50 L:7431.75 C:7432.00 V:1172.0
  📈 Trend: moderate_bearish | 🌍 Regime: ranging
  🗺️  Grid: 0.080% | 🔺 7435.00 🔻 7431.00
  📡 RSI: 41.0 | MACD: -0.32 | ATR: 2.36
  📊 Filled: 0 | Pending: 0
  🔲 Regime: RANGING | Range pos: 44% | RSI: 41.0
  💰 Daily P&L: $+0.00

[2026-07-23 14:02] O:7432.00 H:7433.75 L:7431.75 C:7433.00 V:992.0
  📈 Trend: moderate_bearish | 🌍 Regime: ranging
  🗺️  Grid: 0.080% | 🔺 7433.50 🔻 7431.75
  📡 RSI: 45.3 | MACD: -0.14 | ATR: 2.36
  📊 Filled: 0 | Pending: 0
  🔲 Regime: RANGING | Range pos: 46% | RSI: 45.3
  💰 Daily P&L: $+0.00

[2026-07-23 14:03] O:7433.00 H:7433.00 L:7428.75 C:7429.00 V:1479.0
  📈 Trend: moderate_bearish (raw: strong_bearish) | 🌍 Regime: ranging
  🗺️  Grid: 0.080% | 🔺 7433.75 🔻 7431.75
  📡 RSI: 37.2 | MACD: -0.32 | ATR: 2.48
  📊 Filled: 0 | Pending: 0
  🔲 Regime: RANGING | Range pos: 38% | RSI: 37.2
  💰 Daily P&L: $+0.00

[2026-07-23 14:04] O:7429.00 H:7430.00 L:7428.50 C:7428.75 V:1275.0
  📈 Trend: strong_bearish | 🌍 Regime: ranging
  🗺️  Grid: 0.080% | 🔺 7433.00 🔻 7428.75
  📡 RSI: 39.2 | MACD: -0.47 | ATR: 2.41
  📊 Filled: 0 | Pending: 0
  🔲 Regime: RANGING | Range pos: 37% | RSI: 39.2
  💰 Daily P&L: $+0.00

[2026-07-23 14:05] O:7428.75 H:7430.00 L:7427.75 C:7429.75 V:1101.0
  📈 Trend: strong_bearish | 🌍 Regime: ranging
  🗺️  Grid: 0.080% | 🔺 7430.00 🔻 7428.50
  📡 RSI: 42.3 | MACD: -0.50 | ATR: 2.45
  📊 Filled: 0 | Pending: 0
  🔲 Regime: RANGING | Range pos: 39% | RSI: 42.3
  💰 Daily P&L: $+0.00

[2026-07-23 14:06] O:7429.75 H:7430.25 L:7428.75 C:7429.75 V:1114.0
  📈 Trend: strong_bearish | 🌍 Regime: ranging
  🗺️  Grid: 0.080% | 🔺 7430.00 🔻 7427.75
  📡 RSI: 42.3 | MACD: -0.52 | ATR: 2.39
  📊 Filled: 0 | Pending: 0
  🔲 Regime: RANGING | Range pos: 39% | RSI: 42.3
  💰 Daily P&L: $+0.00

[2026-07-23 14:07] O:7429.75 H:7430.00 L:7428.50 C:7428.75 V:845.0
  📈 Trend: strong_bearish | 🌍 Regime: ranging
  🗺️  Grid: 0.080% | 🔺 7430.25 🔻 7428.75
  📡 RSI: 41.8 | MACD: -0.62 | ATR: 2.36
  📊 Filled: 0 | Pending: 0
  🔲 Regime: RANGING | Range pos: 37% | RSI: 41.8
  💰 Daily P&L: $+0.00

[2026-07-23 14:08] O:7428.75 H:7430.50 L:7428.00 C:7430.50 V:2288.0
  📈 Trend: strong_bearish | 🌍 Regime: ranging
  🗺️  Grid: 0.080% | 🔺 7430.00 🔻 7428.50
  📡 RSI: 57.1 | MACD: -0.54 | ATR: 2.20
  📊 Filled: 0 | Pending: 0
  🔲 Regime: RANGING | Range pos: 41% | RSI: 57.1
  💰 Daily P&L: $+0.00

[2026-07-23 14:09] O:7430.75 H:7430.75 L:7428.00 C:7428.25 V:1124.0
  📈 Trend: strong_bearish | 🌍 Regime: ranging
  🗺️  Grid: 0.080% | 🔺 7430.50 🔻 7428.00
  📡 RSI: 48.0 | MACD: -0.65 | ATR: 2.27
  📊 Filled: 0 | Pending: 0
  🔲 Regime: RANGING | Range pos: 36% | RSI: 48.0
  💰 Daily P&L: $+0.00

[2026-07-23 14:10] O:7428.25 H:7428.25 L:7426.00 C:7426.25 V:1263.0
  📈 Trend: strong_bearish | 🌍 Regime: ranging
  🗺️  Grid: 0.080% | 🔺 7430.75 🔻 7428.00
  📡 RSI: 43.4 | MACD: -0.90 | ATR: 2.29
  📊 Filled: 0 | Pending: 0
  🔲 Regime: RANGING | Range pos: 32% | RSI: 43.4
  💰 Daily P&L: $+0.00

[2026-07-23 14:11] O:7426.50 H:7428.00 L:7425.50 C:7428.00 V:1378.0
  📈 Trend: strong_bearish | 🌍 Regime: ranging
  🗺️  Grid: 0.080% | 🔺 7428.25 🔻 7426.00
  📡 RSI: 50.0 | MACD: -0.93 | ATR: 2.39
  📊 Filled: 0 | Pending: 0
  🔲 Regime: RANGING | Range pos: 36% | RSI: 50.0
  💰 Daily P&L: $+0.00

[2026-07-23 14:12] O:7427.75 H:7430.00 L:7427.75 C:7428.25 V:1321.0
  📈 Trend: strong_bearish | 🌍 Regime: ranging
  🗺️  Grid: 0.080% | 🔺 7428.00 🔻 7425.50
  📡 RSI: 48.8 | MACD: -0.93 | ATR: 2.41
  📊 Filled: 0 | Pending: 0
  🔲 Regime: RANGING | Range pos: 36% | RSI: 48.8
  💰 Daily P&L: $+0.00

[2026-07-23 14:13] O:7428.50 H:7428.75 L:7427.25 C:7427.75 V:944.0
  📈 Trend: strong_bearish | 🌍 Regime: ranging
  🗺️  Grid: 0.080% | 🔺 7430.00 🔻 7427.75
  📡 RSI: 40.8 | MACD: -0.96 | ATR: 2.32
  📊 Filled: 0 | Pending: 0
  🔲 Regime: RANGING | Range pos: 35% | RSI: 40.8
  💰 Daily P&L: $+0.00

[2026-07-23 14:14] O:7427.75 H:7428.25 L:7427.00 C:7427.00 V:954.0
  📈 Trend: strong_bearish | 🌍 Regime: ranging
  🗺️  Grid: 0.080% | 🔺 7428.75 🔻 7427.25
  📡 RSI: 32.4 | MACD: -1.04 | ATR: 2.12
  📊 Filled: 0 | Pending: 0
  🔲 Regime: RANGING | Range pos: 33% | RSI: 32.4
  💰 Daily P&L: $+0.00

[2026-07-23 14:15] O:7427.25 H:7430.00 L:7427.00 C:7428.75 V:1365.0
  📈 Trend: strong_bearish | 🌍 Regime: ranging
  🗺️  Grid: 0.080% | 🔺 7428.25 🔻 7427.00
  📡 RSI: 41.1 | MACD: -0.94 | ATR: 2.21
  📊 Filled: 0 | Pending: 0
  🔲 Regime: RANGING | Range pos: 37% | RSI: 41.1
  💰 Daily P&L: $+0.00

[2026-07-23 14:16] O:7428.75 H:7430.50 L:7428.50 C:7430.00 V:1591.0
  📈 Trend: strong_bearish (raw: moderate_bearish) | 🌍 Regime: ranging
  🗺️  Grid: 0.080% | 🔺 7430.00 🔻 7427.00
  📡 RSI: 41.9 | MACD: -0.76 | ATR: 2.21
  📊 Filled: 0 | Pending: 0
  🔲 Regime: RANGING | Range pos: 40% | RSI: 41.9
  💰 Daily P&L: $+0.00

[2026-07-23 14:17] O:7430.00 H:7432.75 L:7429.75 C:7431.00 V:2041.0
  📈 Trend: moderate_bearish | 🌍 Regime: ranging
  🗺️  Grid: 0.080% | 🔺 7430.50 🔻 7428.50
  📡 RSI: 56.5 | MACD: -0.52 | ATR: 2.12
  📊 Filled: 0 | Pending: 0
  🔲 Regime: RANGING | Range pos: 42% | RSI: 56.5
  💰 Daily P&L: $+0.00

[2026-07-23 14:18] O:7431.25 H:7431.25 L:7428.75 C:7430.25 V:1711.0
  📈 Trend: moderate_bearish (raw: strong_bearish) | 🌍 Regime: ranging
  🗺️  Grid: 0.080% | 🔺 7432.75 🔻 7429.75
  📡 RSI: 54.7 | MACD: -0.39 | ATR: 2.20
  📊 Filled: 0 | Pending: 0
  🔲 Regime: RANGING | Range pos: 40% | RSI: 54.7
  💰 Daily P&L: $+0.00

[2026-07-23 14:19] O:7430.50 H:7431.25 L:7430.00 C:7430.75 V:1245.0
  📈 Trend: strong_bearish | 🌍 Regime: ranging
  🗺️  Grid: 0.080% | 🔺 7431.25 🔻 7428.75
  📡 RSI: 53.2 | MACD: -0.25 | ATR: 2.12
  📊 Filled: 0 | Pending: 0
  🔲 Regime: RANGING | Range pos: 42% | RSI: 53.2
  💰 Daily P&L: $+0.00

[2026-07-23 14:20] O:7430.75 H:7434.25 L:7430.75 C:7433.75 V:2528.0
  📈 Trend: strong_bearish (raw: moderate_bullish) | 🌍 Regime: ranging
  🗺️  Grid: 0.080% | 🔺 7431.25 🔻 7430.00
  📡 RSI: 60.8 | MACD: 0.11 | ATR: 2.27
  📊 Filled: 0 | Pending: 0
  🔲 Regime: RANGING | Range pos: 48% | RSI: 60.8
  💰 Daily P&L: $+0.00

[2026-07-23 14:21] O:7433.75 H:7436.75 L:7433.75 C:7435.50 V:2903.0
  📈 Trend: moderate_bullish | 🌍 Regime: ranging
  🗺️  Grid: 0.080% | 🔺 7434.25 🔻 7430.75
  📡 RSI: 67.5 | MACD: 0.52 | ATR: 2.38
  📊 Filled: 0 | Pending: 0
  🔲 Regime: RANGING | Range pos: 52% | RSI: 67.5
  💰 Daily P&L: $+0.00

[2026-07-23 14:22] O:7435.75 H:7437.25 L:7433.75 C:7434.25 V:2400.0
  📈 Trend: moderate_bullish | 🌍 Regime: ranging
  🗺️  Grid: 0.080% | 🔺 7436.75 🔻 7433.75
  📡 RSI: 60.0 | MACD: 0.75 | ATR: 2.45
  📊 Filled: 0 | Pending: 0
  🔲 Regime: RANGING | Range pos: 49% | RSI: 60.0
  💰 Daily P&L: $+0.00

[2026-07-23 14:23] O:7434.50 H:7436.25 L:7434.50 C:7435.75 V:1610.0
  📈 Trend: moderate_bullish | 🌍 Regime: ranging
  🗺️  Grid: 0.080% | 🔺 7437.25 🔻 7433.75
  📡 RSI: 70.8 | MACD: 1.03 | ATR: 2.39
  📊 Filled: 0 | Pending: 0
  🔲 Regime: RANGING | Range pos: 52% | RSI: 70.8
  💰 Daily P&L: $+0.00

[2026-07-23 14:24] O:7436.00 H:7437.75 L:7435.50 C:7437.50 V:1752.0
  📈 Trend: moderate_bullish | 🌍 Regime: ranging
  🗺️  Grid: 0.080% | 🔺 7436.25 🔻 7434.50
  📡 RSI: 81.7 | MACD: 1.38 | ATR: 2.39
  📊 Filled: 0 | Pending: 0
  🔲 Regime: RANGING | Range pos: 56% | RSI: 81.7
  💰 Daily P&L: $+0.00

[2026-07-23 14:25] O:7437.75 H:7440.75 L:7437.75 C:7439.00 V:3243.0
  📈 Trend: moderate_bullish (raw: strong_bullish) | 🌍 Regime: ranging
  🗺️  Grid: 0.080% | 🔺 7437.75 🔻 7435.50
  📡 RSI: 81.4 | MACD: 1.76 | ATR: 2.45
  📊 Filled: 0 | Pending: 0
  🔲 Regime: RANGING | Range pos: 60% | RSI: 81.4
  💰 Daily P&L: $+0.00

[2026-07-23 14:26] O:7439.00 H:7439.75 L:7438.00 C:7438.50 V:2367.0
  📈 Trend: strong_bullish | 🌍 Regime: ranging
  🗺️  Grid: 0.080% | 🔺 7440.75 🔻 7437.75
  📡 RSI: 78.9 | MACD: 2.00 | ATR: 2.41
  📊 Filled: 0 | Pending: 0
  🔲 Regime: RANGING | Range pos: 58% | RSI: 78.9
  💰 Daily P&L: $+0.00

[2026-07-23 14:27] O:7438.75 H:7440.25 L:7438.00 C:7438.75 V:2121.0
  📈 Trend: strong_bullish | 🌍 Regime: ranging
  🗺️  Grid: 0.080% | 🔺 7439.75 🔻 7438.00
  📡 RSI: 81.4 | MACD: 2.18 | ATR: 2.46
  📊 Filled: 0 | Pending: 0
  🔲 Regime: RANGING | Range pos: 59% | RSI: 81.4
  💰 Daily P&L: $+0.00

[2026-07-23 14:28] O:7439.00 H:7439.75 L:7435.25 C:7435.75 V:2798.0
  📈 Trend: strong_bullish | 🌍 Regime: ranging
  🗺️  Grid: 0.080% | 🔺 7440.25 🔻 7438.00
  📡 RSI: 72.2 | MACD: 2.06 | ATR: 2.70
  📊 Filled: 0 | Pending: 0
  🔲 Regime: RANGING | Range pos: 52% | RSI: 72.2
  💰 Daily P&L: $+0.00

[2026-07-23 14:29] O:7436.00 H:7436.50 L:7434.50 C:7436.25 V:2027.0
  📈 Trend: strong_bullish | 🌍 Regime: ranging
  🗺️  Grid: 0.080% | 🔺 7439.75 🔻 7435.25
  📡 RSI: 70.3 | MACD: 1.98 | ATR: 2.62
  📊 Filled: 0 | Pending: 0
  🔲 Regime: RANGING | Range pos: 54% | RSI: 70.3
  💰 Daily P&L: $+0.00

[2026-07-23 14:30] O:7436.25 H:7438.50 L:7435.00 C:7437.25 V:3464.0
  📈 Trend: strong_bullish | 🌍 Regime: ranging
  🗺️  Grid: 0.080% | 🔺 7436.50 🔻 7434.50
  📡 RSI: 69.9 | MACD: 1.98 | ATR: 2.73
  📊 Filled: 0 | Pending: 0
  🕐 Outside session (14:30 CT) — no entries
  💰 Daily P&L: $+0.00

[2026-07-23 14:31] O:7437.25 H:7437.25 L:7431.25 C:7431.50 V:3158.0
  📈 Trend: strong_bullish (raw: moderate_bullish) | 🌍 Regime: ranging
  🗺️  Grid: 0.080% | 🔺 7438.50 🔻 7435.00
  📡 RSI: 51.1 | MACD: 1.49 | ATR: 2.95
  📊 Filled: 0 | Pending: 0
  🕐 Outside session (14:31 CT) — no entries
  💰 Daily P&L: $+0.00

[2026-07-23 14:32] O:7431.50 H:7433.25 L:7431.00 C:7431.00 V:2408.0
  📈 Trend: moderate_bullish | 🌍 Regime: ranging
  🗺️  Grid: 0.080% | 🔺 7437.25 🔻 7431.25
  📡 RSI: 51.6 | MACD: 1.06 | ATR: 2.93
  📊 Filled: 0 | Pending: 0
  🕐 Outside session (14:32 CT) — no entries
  💰 Daily P&L: $+0.00

[2026-07-23 14:33] O:7431.25 H:7432.25 L:7428.25 C:7430.75 V:3687.0
  📈 Trend: moderate_bullish | 🌍 Regime: ranging
  🗺️  Grid: 0.080% | 🔺 7433.25 🔻 7431.00
  📡 RSI: 50.0 | MACD: 0.68 | ATR: 3.12
  📊 Filled: 0 | Pending: 0
  🕐 Outside session (14:33 CT) — no entries
  💰 Daily P&L: $+0.00

[2026-07-23 14:34] O:7430.75 H:7434.25 L:7430.75 C:7432.75 V:2133.0
  📈 Trend: moderate_bullish | 🌍 Regime: ranging
  🗺️  Grid: 0.080% | 🔺 7432.25 🔻 7428.25
  📡 RSI: 47.7 | MACD: 0.54 | ATR: 3.12
  📊 Filled: 0 | Pending: 0
  🕐 Outside session (14:34 CT) — no entries
  💰 Daily P&L: $+0.00

[2026-07-23 14:35] O:7432.75 H:7433.75 L:7431.25 C:7431.50 V:1511.0
  📈 Trend: moderate_bullish | 🌍 Regime: ranging
  🗺️  Grid: 0.080% | 🔺 7434.25 🔻 7430.75
  📡 RSI: 40.5 | MACD: 0.32 | ATR: 3.09
  📊 Filled: 0 | Pending: 0
  🕐 Outside session (14:35 CT) — no entries
  💰 Daily P&L: $+0.00

[2026-07-23 14:36] O:7431.75 H:7432.25 L:7430.00 C:7431.75 V:1501.0
  📈 Trend: moderate_bullish | 🌍 Regime: ranging
  🗺️  Grid: 0.080% | 🔺 7433.75 🔻 7431.25
  📡 RSI: 43.8 | MACD: 0.17 | ATR: 3.00
  📊 Filled: 0 | Pending: 0
  🕐 Outside session (14:36 CT) — no entries
  💰 Daily P&L: $+0.00

[2026-07-23 14:37] O:7431.75 H:7433.25 L:7431.25 C:7432.00 V:1099.0
  📈 Trend: moderate_bullish | 🌍 Regime: ranging
  🗺️  Grid: 0.080% | 🔺 7432.25 🔻 7430.00
  📡 RSI: 40.0 | MACD: 0.07 | ATR: 3.00
  📊 Filled: 0 | Pending: 0
  🕐 Outside session (14:37 CT) — no entries
  💰 Daily P&L: $+0.00

[2026-07-23 14:38] O:7432.00 H:7433.00 L:7429.75 C:7430.00 V:1464.0
  📈 Trend: moderate_bullish (raw: strong_bearish) | 🌍 Regime: ranging
  🗺️  Grid: 0.080% | 🔺 7433.25 🔻 7431.25
  📡 RSI: 30.3 | MACD: -0.17 | ATR: 3.07
  📊 Filled: 0 | Pending: 0
  🕐 Outside session (14:38 CT) — no entries
  💰 Daily P&L: $+0.00

[2026-07-23 14:39] O:7430.25 H:7432.00 L:7430.00 C:7430.25 V:1568.0
  📈 Trend: strong_bearish | 🌍 Regime: ranging
  🗺️  Grid: 0.080% | 🔺 7433.00 🔻 7429.75
  📡 RSI: 25.4 | MACD: -0.34 | ATR: 2.98
  📊 Filled: 0 | Pending: 0
  🕐 Outside session (14:39 CT) — no entries
  💰 Daily P&L: $+0.00

[2026-07-23 14:40] O:7430.50 H:7431.50 L:7429.50 C:7429.75 V:2159.0
  📈 Trend: strong_bearish | 🌍 Regime: ranging
  🗺️  Grid: 0.080% | 🔺 7432.00 🔻 7430.00
  📡 RSI: 25.4 | MACD: -0.51 | ATR: 3.00
  📊 Filled: 0 | Pending: 0
  🕐 Outside session (14:40 CT) — no entries
  💰 Daily P&L: $+0.00

[2026-07-23 14:41] O:7429.75 H:7429.75 L:7427.75 C:7429.50 V:1756.0
  📈 Trend: strong_bearish | 🌍 Regime: ranging
  🗺️  Grid: 0.080% | 🔺 7431.50 🔻 7429.50
  📡 RSI: 23.9 | MACD: -0.65 | ATR: 2.98
  📊 Filled: 0 | Pending: 0
  🕐 Outside session (14:41 CT) — no entries
  💰 Daily P&L: $+0.00

[2026-07-23 14:42] O:7429.25 H:7429.75 L:7425.25 C:7425.50 V:2990.0
  📈 Trend: strong_bearish | 🌍 Regime: ranging
  🗺️  Grid: 0.080% | 🔺 7429.75 🔻 7427.75
  📡 RSI: 22.7 | MACD: -1.07 | ATR: 2.98
  📊 Filled: 0 | Pending: 0
  🕐 Outside session (14:42 CT) — no entries
  💰 Daily P&L: $+0.00

[2026-07-23 14:43] O:7425.50 H:7426.25 L:7424.25 C:7426.00 V:2927.0
  📈 Trend: strong_bearish | 🌍 Regime: ranging
  🗺️  Grid: 0.080% | 🔺 7429.75 🔻 7425.25
  📡 RSI: 22.7 | MACD: -1.36 | ATR: 2.98
  📊 Filled: 0 | Pending: 0
  🕐 Outside session (14:43 CT) — no entries
  💰 Daily P&L: $+0.00

[2026-07-23 14:44] O:7426.25 H:7426.25 L:7424.00 C:7424.00 V:2328.0
  📈 Trend: strong_bearish | 🌍 Regime: ranging
  🗺️  Grid: 0.080% | 🔺 7426.25 🔻 7424.25
  📡 RSI: 16.5 | MACD: -1.72 | ATR: 2.89
  📊 Filled: 0 | Pending: 0
  🕐 Outside session (14:44 CT) — no entries
  💰 Daily P&L: $+0.00

[2026-07-23 14:45] O:7424.25 H:7425.75 L:7423.50 C:7424.00 V:3936.0
  📈 Trend: strong_bearish | 🌍 Regime: ranging
  🗺️  Grid: 0.080% | 🔺 7426.25 🔻 7424.00
  📡 RSI: 23.2 | MACD: -1.99 | ATR: 2.62
  📊 Filled: 0 | Pending: 0
  🕐 Outside session (14:45 CT) — no entries
  💰 Daily P&L: $+0.00

[2026-07-23 14:46] O:7424.25 H:7424.50 L:7421.00 C:7421.75 V:2985.0
  📈 Trend: strong_bearish | 🌍 Regime: ranging
  🗺️  Grid: 0.080% | 🔺 7425.75 🔻 7423.50
  📡 RSI: 20.6 | MACD: -2.35 | ATR: 2.71
  📊 Filled: 0 | Pending: 0
  🕐 Outside session (14:46 CT) — no entries
  💰 Daily P&L: $+0.00

[2026-07-23 14:47] O:7421.75 H:7424.50 L:7420.00 C:7423.25 V:3399.0
  📈 Trend: strong_bearish | 🌍 Regime: ranging
  🗺️  Grid: 0.080% | 🔺 7424.50 🔻 7421.00
  📡 RSI: 27.9 | MACD: -2.49 | ATR: 2.75
  📊 Filled: 0 | Pending: 0
  🕐 Outside session (14:47 CT) — no entries
  💰 Daily P&L: $+0.00

[2026-07-23 14:48] O:7423.00 H:7423.75 L:7421.00 C:7421.25 V:2414.0
  📈 Trend: strong_bearish | 🌍 Regime: ranging
  🗺️  Grid: 0.080% | 🔺 7424.50 🔻 7420.00
  📡 RSI: 16.2 | MACD: -2.73 | ATR: 2.70
  📊 Filled: 0 | Pending: 0
  🕐 Outside session (14:48 CT) — no entries
  💰 Daily P&L: $+0.00

[2026-07-23 14:49] O:7421.25 H:7421.75 L:7418.50 C:7420.75 V:3340.0
  📈 Trend: strong_bearish | 🌍 Regime: ranging
  🗺️  Grid: 0.080% | 🔺 7423.75 🔻 7421.00
  📡 RSI: 16.9 | MACD: -2.93 | ATR: 2.75
  📊 Filled: 0 | Pending: 0
  🕐 Outside session (14:49 CT) — no entries
  💰 Daily P&L: $+0.00

[2026-07-23 14:50] O:7420.75 H:7430.75 L:7420.75 C:7429.25 V:9690.0
  📈 Trend: strong_bearish | 🌍 Regime: ranging
  🗺️  Grid: 0.080% | 🔺 7421.75 🔻 7418.50
  📡 RSI: 44.9 | MACD: -2.37 | ATR: 3.30
  📊 Filled: 0 | Pending: 0
  🕐 Outside session (14:50 CT) — no entries
  💰 Daily P&L: $+0.00

[2026-07-23 14:51] O:7429.25 H:7430.00 L:7425.75 C:7429.50 V:4048.0
  📈 Trend: strong_bearish | 🌍 Regime: ranging
  🗺️  Grid: 0.080% | 🔺 7430.75 🔻 7420.75
  📡 RSI: 44.9 | MACD: -1.89 | ATR: 3.46
  📊 Filled: 0 | Pending: 0
  🕐 Outside session (14:51 CT) — no entries
  💰 Daily P&L: $+0.00

[2026-07-23 14:52] O:7429.50 H:7430.50 L:7426.00 C:7427.75 V:3635.0
  📈 Trend: strong_bearish | 🌍 Regime: trending_bearish
  🗺️  Grid: 0.080% | 🔺 7430.00 🔻 7425.75
  📡 RSI: 45.4 | MACD: -1.63 | ATR: 3.55
  📊 Filled: 0 | Pending: 0
  🕐 Outside session (14:52 CT) — no entries
  💰 Daily P&L: $+0.00

[2026-07-23 14:53] O:7427.75 H:7427.75 L:7423.75 C:7425.00 V:4216.0
  📈 Trend: strong_bearish | 🌍 Regime: trending_bearish
  🗺️  Grid: 0.080% | 🔺 7430.50 🔻 7426.00
  📡 RSI: 40.2 | MACD: -1.62 | ATR: 3.70
  📊 Filled: 0 | Pending: 0
  🕐 Outside session (14:53 CT) — no entries
  💰 Daily P&L: $+0.00

[2026-07-23 14:54] O:7425.25 H:7429.25 L:7423.75 C:7429.00 V:6162.0
  📈 Trend: strong_bearish | 🌍 Regime: trending_bearish
  🗺️  Grid: 0.080% | 🔺 7427.75 🔻 7423.75
  📡 RSI: 48.8 | MACD: -1.28 | ATR: 3.95
  📊 Filled: 0 | Pending: 0
  🕐 Outside session (14:54 CT) — no entries
  💰 Daily P&L: $+0.00

[2026-07-23 14:55] O:7429.25 H:7437.50 L:7429.25 C:7437.25 V:8436.0
  📈 Trend: strong_bearish (raw: moderate_bearish) | 🌍 Regime: trending_bearish
  🗺️  Grid: 0.080% | 🔺 7429.25 🔻 7423.75
  📡 RSI: 60.1 | MACD: -0.34 | ATR: 4.41
  📊 Filled: 0 | Pending: 0
  🕐 Outside session (14:55 CT) — no entries
  💰 Daily P&L: $+0.00

[2026-07-23 14:56] O:7437.25 H:7438.50 L:7436.00 C:7438.00 V:5821.0
  📈 Trend: strong_bearish (raw: moderate_bullish) | 🌍 Regime: ranging
  🗺️  Grid: 0.080% | 🔺 7437.50 🔻 7429.25
  📡 RSI: 67.9 | MACD: 0.46 | ATR: 4.27
  📊 Filled: 0 | Pending: 0
  🕐 Outside session (14:56 CT) — no entries
  💰 Daily P&L: $+0.00

[2026-07-23 14:57] O:7438.00 H:7442.75 L:7437.50 C:7442.50 V:6672.0
  📈 Trend: moderate_bullish | 🌍 Regime: trending_bullish
  🗺️  Grid: 0.080% | 🔺 7438.50 🔻 7436.00
