2026-07-03 14:41:46 | ERROR    | Error 1100, reqId -1: Connectivity between IBKR and Trader Workstation has been lost.
2026-07-03 14:41:51 | ERROR    | Error handling fields: ['10', '513', 'ES', 'FUT', '20260918 08:30:00 US/Central', '0', '', 'CME', 'USD', 'ESU6', 'ES', 'ES', '649180671', '0.25', '50', 'ACTIVETIM,AD,ADJUST,ALERT,ALGO,ALLOC,AVGCOST,BASKET,BENCHPX,COND,CONDORDER,DAY,DEACT,DEACTDIS,DEACTEOD,GAT,GTC,GTD,GTT,HID,ICE,IOC,LIT,LMT,LTH,MIT,MKT,MTL,NGCOMB,NONALGO,OCA,PEGBENCH,SCALE,SCALERST,SNAPMID,SNAPMKT,SNAPREL,STP,STPLMT,TRAIL,TRAILLIT,TRAILLMT,TRAILMIT,WHATIF', 'CME,QBALGO', '1', '11004968', 'E-mini S&P 500', '', '202609', '', '', '', 'US/Central', '20260703:CLOSED;20260704:CLOSED;20260702:1700-20260703:1200;20260705:1700-20260706:1600;20260706:1700-20260707:1600;20260707:1700-20260708:1600;20260708:1700-20260709:1600', '20260703:CLOSED;20260704:CLOSED;20260705:CLOSED;20260706:0830-20260706:1600;20260707:0830-20260707:1600;20260708:0830-20260708:1600;20260708:1700-20260709:1600', '', '', '0', '2147483647', 'ES', 'IND', '67,67', '20260918', '', '1', '1', '1']
Traceback (most recent call last):
  File "C:\Python312\Lib\site-packages\ib_insync\decoder.py", line 198, in interpret
    handler(fields)
  File "C:\Python312\Lib\site-packages\ib_insync\decoder.py", line 336, in contractDetails
    self.wrapper.contractDetails(int(reqId), cd)
  File "C:\Python312\Lib\site-packages\ib_insync\wrapper.py", line 521, in contractDetails
    self._results[reqId].append(contractDetails)
    ~~~~~~~~~~~~~^^^^^^^
KeyError: 513
2026-07-03 14:41:51 | ERROR    | Error 1102, reqId -1: Connectivity between IBKR and Trader Workstation has been restored - data maintained. All data farms are connected: usfarm.nj; usfuture; usfarm; euhmds; fundfarm; ushmds; secdefnj.
.75 V:466.0
  📈 Trend: moderate_bullish | 🌍 Regime: trending_bullish
  🗺️  Grid: 0.080% | 🔺 7554.25 🔻 7553.50
  📡 RSI: 65.1 | MACD: 0.10 | ATR: 1.57
  📊 Filled: 0 | Pending: 0
  💰 Daily P&L: $+0.00

[2026-07-03 09:02] O:7553.75 H:7554.25 L:7553.25 C:7553.50 V:250.0
  📈 Trend: moderate_bullish (raw: strong_bullish) | 🌍 Regime: trending_bullish
  🗺️  Grid: 0.080% | 🔺 7554.75 🔻 7552.25
  📡 RSI: 66.7 | MACD: 0.13 | ATR: 1.57
  📊 Filled: 0 | Pending: 0
  💰 Daily P&L: $+0.00

[2026-07-03 09:03] O:7553.50 H:7553.75 L:7552.75 C:7552.75 V:383.0
  📈 Trend: moderate_bullish | 🌍 Regime: trending_bullish
  🗺️  Grid: 0.080% | 🔺 7554.25 🔻 7553.25
  📡 RSI: 62.2 | MACD: 0.10 | ATR: 1.55
  📊 Filled: 0 | Pending: 0
  💰 Daily P&L: $+0.00

[2026-07-03 09:04] O:7552.75 H:7553.25 L:7552.25 C:7553.00 V:195.0
  📈 Trend: moderate_bullish | 🌍 Regime: trending_bullish
  🗺️  Grid: 0.080% | 🔺 7553.75 🔻 7552.75
  📡 RSI: 58.5 | MACD: 0.09 | ATR: 1.46
  📊 Filled: 0 | Pending: 0
  💰 Daily P&L: $+0.00

[2026-07-03 09:05] O:7553.00 H:7554.25 L:7552.75 C:7553.75 V:516.0
  📈 Trend: moderate_bullish (raw: strong_bullish) | 🌍 Regime: trending_bullish
  🗺️  Grid: 0.080% | 🔺 7553.25 🔻 7552.25
  📡 RSI: 69.2 | MACD: 0.14 | ATR: 1.46
  📊 Filled: 0 | Pending: 0
  💰 Daily P&L: $+0.00

[2026-07-03 09:06] O:7553.75 H:7553.75 L:7552.00 C:7552.25 V:160.0
  📈 Trend: strong_bullish | 🌍 Regime: trending_bullish
  🗺️  Grid: 0.080% | 🔺 7554.25 🔻 7552.75
  📡 RSI: 53.8 | MACD: 0.06 | ATR: 1.43
  📊 Filled: 0 | Pending: 0
  💰 Daily P&L: $+0.00

[2026-07-03 09:07] O:7552.50 H:7552.75 L:7551.25 C:7551.75 V:256.0
  📈 Trend: strong_bullish (raw: moderate_bullish) | 🌍 Regime: ranging
  🗺️  Grid: 0.080% | 🔺 7553.75 🔻 7552.00
  📡 RSI: 53.8 | MACD: -0.05 | ATR: 1.39
  📊 Filled: 0 | Pending: 0
  🔲 Regime: RANGING | Range pos: 14% | RSI: 53.8
  💰 Daily P&L: $+0.00

[2026-07-03 09:08] O:7551.75 H:7552.50 L:7551.00 C:7552.00 V:456.0
  📈 Trend: moderate_bullish | 🌍 Regime: ranging
  🗺️  Grid: 0.080% | 🔺 7552.75 🔻 7551.25
  📡 RSI: 59.5 | MACD: -0.11 | ATR: 1.41
  📊 Filled: 0 | Pending: 0
  🔲 Regime: RANGING | Range pos: 27% | RSI: 59.5
  💰 Daily P&L: $+0.00

[2026-07-03 09:09] O:7552.00 H:7552.25 L:7551.50 C:7552.00 V:132.0
  📈 Trend: moderate_bullish | 🌍 Regime: ranging
  🗺️  Grid: 0.080% | 🔺 7552.50 🔻 7551.00
  📡 RSI: 51.6 | MACD: -0.15 | ATR: 1.34
  📊 Filled: 0 | Pending: 0
  🔲 Regime: RANGING | Range pos: 27% | RSI: 51.6
  💰 Daily P&L: $+0.00

[2026-07-03 09:10] O:7552.00 H:7552.00 L:7551.25 C:7551.50 V:172.0
  📈 Trend: moderate_bullish | 🌍 Regime: ranging
  🗺️  Grid: 0.080% | 🔺 7552.25 🔻 7551.50
  📡 RSI: 37.0 | MACD: -0.23 | ATR: 1.23
  📊 Filled: 0 | Pending: 0
  🔲 Regime: RANGING | Range pos: 13% | RSI: 37.0
  💰 Daily P&L: $+0.00

[2026-07-03 09:11] O:7551.25 H:7551.25 L:7550.75 C:7551.25 V:161.0
  📈 Trend: moderate_bullish (raw: strong_bearish) | 🌍 Regime: ranging
  🗺️  Grid: 0.080% | 🔺 7552.00 🔻 7551.25
  📡 RSI: 33.3 | MACD: -0.30 | ATR: 1.18
  📊 Filled: 0 | Pending: 0
  🔲 Regime: RANGING | Range pos: 12% | RSI: 33.3
  🚫 Long blocked: price 7551.25 is 3.5 pts below session high 7554.75 (limit: 10.0 pts, window: 2.0 hrs)
  💰 Daily P&L: $+0.00

[2026-07-03 09:12] O:7551.00 H:7551.75 L:7550.50 C:7551.00 V:173.0
  📈 Trend: strong_bearish | 🌍 Regime: ranging
  🗺️  Grid: 0.080% | 🔺 7551.25 🔻 7550.75
  📡 RSI: 24.0 | MACD: -0.38 | ATR: 1.20
  📊 Filled: 0 | Pending: 0
  🔲 Regime: RANGING | Range pos: 12% | RSI: 24.0
  🚫 Long blocked: price 7551.00 is 3.8 pts below session high 7554.75 (limit: 10.0 pts, window: 2.0 hrs)
  💰 Daily P&L: $+0.00

[2026-07-03 09:13] O:7551.00 H:7551.25 L:7550.75 C:7551.00 V:111.0
  📈 Trend: strong_bearish (raw: moderate_bullish) | 🌍 Regime: ranging
  🗺️  Grid: 0.080% | 🔺 7551.75 🔻 7550.50
  📡 RSI: 25.0 | MACD: -0.44 | ATR: 1.18
  📊 Filled: 0 | Pending: 0
  🔲 Regime: RANGING | Range pos: 12% | RSI: 25.0
  🚫 Long blocked: price 7551.00 is 3.8 pts below session high 7554.75 (limit: 10.0 pts, window: 2.0 hrs)
  💰 Daily P&L: $+0.00

[2026-07-03 09:14] O:7551.00 H:7551.25 L:7550.75 C:7551.00 V:108.0
  📈 Trend: strong_bearish | 🌍 Regime: ranging
  🗺️  Grid: 0.080% | 🔺 7551.25 🔻 7550.75
  📡 RSI: 21.7 | MACD: -0.47 | ATR: 1.16
  📊 Filled: 0 | Pending: 0
  🔲 Regime: RANGING | Range pos: 12% | RSI: 21.7
  🚫 Long blocked: price 7551.00 is 3.8 pts below session high 7554.75 (limit: 10.0 pts, window: 2.0 hrs)
  💰 Daily P&L: $+0.00

[2026-07-03 09:15] O:7551.00 H:7552.25 L:7551.00 C:7552.00 V:232.0
  📈 Trend: strong_bearish | 🌍 Regime: ranging
  🗺️  Grid: 0.080% | 🔺 7551.25 🔻 7550.75
  📡 RSI: 36.0 | MACD: -0.42 | ATR: 1.07
  📊 Filled: 0 | Pending: 0
  🔲 Regime: RANGING | Range pos: 35% | RSI: 36.0
  💰 Daily P&L: $+0.00

[2026-07-03 09:16] O:7552.00 H:7553.25 L:7551.75 C:7552.75 V:218.0
  📈 Trend: strong_bearish (raw: moderate_bearish) | 🌍 Regime: ranging
  🗺️  Grid: 0.080% | 🔺 7552.25 🔻 7551.00
  📡 RSI: 44.4 | MACD: -0.31 | ATR: 1.11
  📊 Filled: 0 | Pending: 0
  🔲 Regime: RANGING | Range pos: 53% | RSI: 44.4
  💰 Daily P&L: $+0.00

[2026-07-03 09:17] O:7552.75 H:7555.75 L:7552.75 C:7554.75 V:491.0
  📈 Trend: strong_bearish (raw: moderate_bullish) | 🌍 Regime: ranging
  🗺️  Grid: 0.080% | 🔺 7553.25 🔻 7551.75
  📡 RSI: 62.5 | MACD: -0.06 | ATR: 1.25
  📊 Filled: 0 | Pending: 0
  🔲 Regime: RANGING | Range pos: 81% | RSI: 62.5
  💰 Daily P&L: $+0.00

[2026-07-03 09:18] O:7554.75 H:7554.75 L:7553.50 C:7553.50 V:144.0
  📈 Trend: moderate_bullish | 🌍 Regime: ranging
  🗺️  Grid: 0.080% | 🔺 7555.75 🔻 7552.75
  📡 RSI: 52.8 | MACD: 0.03 | ATR: 1.27
  📊 Filled: 0 | Pending: 0
  🔲 Regime: RANGING | Range pos: 57% | RSI: 52.8
  💰 Daily P&L: $+0.00

[2026-07-03 09:19] O:7553.50 H:7553.75 L:7552.25 C:7553.50 V:214.0
  📈 Trend: moderate_bullish | 🌍 Regime: ranging
  🗺️  Grid: 0.080% | 🔺 7554.75 🔻 7553.50
  📡 RSI: 48.5 | MACD: 0.11 | ATR: 1.27
  📊 Filled: 0 | Pending: 0
  🔲 Regime: RANGING | Range pos: 57% | RSI: 48.5
  💰 Daily P&L: $+0.00

[2026-07-03 09:20] O:7553.50 H:7554.25 L:7552.75 C:7553.00 V:216.0
  📈 Trend: moderate_bullish | 🌍 Regime: ranging
  🗺️  Grid: 0.080% | 🔺 7553.75 🔻 7552.25
  📡 RSI: 55.2 | MACD: 0.12 | ATR: 1.25
  📊 Filled: 0 | Pending: 0
  🔲 Regime: RANGING | Range pos: 48% | RSI: 55.2
  💰 Daily P&L: $+0.00

[2026-07-03 09:21] O:7553.00 H:7553.00 L:7551.75 C:7552.75 V:175.0
  📈 Trend: moderate_bullish | 🌍 Regime: ranging
  🗺️  Grid: 0.080% | 🔺 7554.25 🔻 7552.75
  📡 RSI: 57.1 | MACD: 0.11 | ATR: 1.23
  📊 Filled: 0 | Pending: 0
  🔲 Regime: RANGING | Range pos: 43% | RSI: 57.1
  💰 Daily P&L: $+0.00

[2026-07-03 09:22] O:7552.50 H:7555.00 L:7552.50 C:7555.00 V:219.0
  📈 Trend: moderate_bullish (raw: strong_bullish) | 🌍 Regime: ranging
  🗺️  Grid: 0.080% | 🔺 7553.00 🔻 7551.75
  📡 RSI: 66.7 | MACD: 0.29 | ATR: 1.30
  📊 Filled: 0 | Pending: 0
  🔲 Regime: RANGING | Range pos: 86% | RSI: 66.7
  💰 Daily P&L: $+0.00

[2026-07-03 09:23] O:7555.00 H:7555.75 L:7554.50 C:7554.50 V:135.0
  📈 Trend: strong_bullish | 🌍 Regime: ranging
  🗺️  Grid: 0.080% | 🔺 7555.00 🔻 7552.50
  📡 RSI: 63.2 | MACD: 0.38 | ATR: 1.34
  📊 Filled: 0 | Pending: 0
  🔲 Regime: RANGING | Range pos: 76% | RSI: 63.2
  💰 Daily P&L: $+0.00

[2026-07-03 09:24] O:7554.50 H:7556.00 L:7554.50 C:7555.25 V:131.0
  📈 Trend: strong_bullish | 🌍 Regime: ranging
  🗺️  Grid: 0.080% | 🔺 7555.75 🔻 7554.50
  📡 RSI: 69.2 | MACD: 0.51 | ATR: 1.39
  📊 Filled: 0 | Pending: 0
  🔲 Regime: RANGING | Range pos: 86% | RSI: 69.2
  💰 Daily P&L: $+0.00

[2026-07-03 09:25] O:7555.00 H:7555.50 L:7554.75 C:7555.25 V:95.0
  📈 Trend: strong_bullish | 🌍 Regime: ranging
  🗺️  Grid: 0.080% | 🔺 7556.00 🔻 7554.50
  📡 RSI: 71.1 | MACD: 0.60 | ATR: 1.39
  📊 Filled: 0 | Pending: 0
  🔲 Regime: RANGING | Range pos: 86% | RSI: 71.1
  🚫 Short blocked: price 7555.25 is 4.8 pts above session low 7550.50 (limit: 10.0 pts, window: 2.0 hrs)
  💰 Daily P&L: $+0.00

[2026-07-03 09:26] O:7555.25 H:7555.50 L:7555.00 C:7555.25 V:85.0
  📈 Trend: strong_bullish | 🌍 Regime: ranging
  🗺️  Grid: 0.080% | 🔺 7555.50 🔻 7554.75
  📡 RSI: 73.0 | MACD: 0.67 | ATR: 1.34
  📊 Filled: 0 | Pending: 0
  🔲 Regime: RANGING | Range pos: 86% | RSI: 73.0
  🚫 Short blocked: price 7555.25 is 4.8 pts above session low 7550.50 (limit: 10.0 pts, window: 2.0 hrs)
  💰 Daily P&L: $+0.00

[2026-07-03 09:27] O:7555.50 H:7555.50 L:7554.75 C:7554.75 V:104.0
  📈 Trend: strong_bullish | 🌍 Regime: ranging
  🗺️  Grid: 0.080% | 🔺 7555.50 🔻 7555.00
  📡 RSI: 69.2 | MACD: 0.67 | ATR: 1.36
  📊 Filled: 0 | Pending: 0
  🔲 Regime: RANGING | Range pos: 77% | RSI: 69.2
  💰 Daily P&L: $+0.00

[2026-07-03 09:28] O:7554.75 H:7555.50 L:7554.50 C:7555.00 V:119.0
  📈 Trend: strong_bullish | 🌍 Regime: ranging
  🗺️  Grid: 0.080% | 🔺 7555.50 🔻 7554.75
  📡 RSI: 70.0 | MACD: 0.69 | ATR: 1.39
  📊 Filled: 0 | Pending: 0
  🔲 Regime: RANGING | Range pos: 82% | RSI: 70.0
  💰 Daily P&L: $+0.00

[2026-07-03 09:29] O:7554.75 H:7555.50 L:7554.50 C:7554.50 V:157.0
  📈 Trend: strong_bullish | 🌍 Regime: ranging
  🗺️  Grid: 0.080% | 🔺 7555.50 🔻 7554.50
  📡 RSI: 63.2 | MACD: 0.65 | ATR: 1.38
  📊 Filled: 0 | Pending: 0
  🔲 Regime: RANGING | Range pos: 73% | RSI: 63.2
  💰 Daily P&L: $+0.00

[2026-07-03 09:30] O:7554.75 H:7555.25 L:7554.25 C:7555.00 V:160.0
  📈 Trend: strong_bullish | 🌍 Regime: ranging
  🗺️  Grid: 0.080% | 🔺 7555.50 🔻 7554.50
  📡 RSI: 62.2 | MACD: 0.66 | ATR: 1.34
  📊 Filled: 0 | Pending: 0
  🔲 Regime: RANGING | Range pos: 82% | RSI: 62.2
  💰 Daily P&L: $+0.00

[2026-07-03 09:31] O:7555.00 H:7555.50 L:7554.75 C:7555.00 V:99.0
  📈 Trend: strong_bullish | 🌍 Regime: ranging
  🗺️  Grid: 0.080% | 🔺 7555.25 🔻 7554.25
  📡 RSI: 51.7 | MACD: 0.65 | ATR: 1.18
  📊 Filled: 0 | Pending: 0
  🔲 Regime: RANGING | Range pos: 82% | RSI: 51.7
  💰 Daily P&L: $+0.00

[2026-07-03 09:32] O:7555.00 H:7555.25 L:7554.75 C:7555.00 V:49.0
  📈 Trend: strong_bullish | 🌍 Regime: ranging
  🗺️  Grid: 0.080% | 🔺 7555.50 🔻 7554.75
  📡 RSI: 62.5 | MACD: 0.64 | ATR: 1.12
  📊 Filled: 0 | Pending: 0
  🔲 Regime: RANGING | Range pos: 82% | RSI: 62.5
  💰 Daily P&L: $+0.00

[2026-07-03 09:33] O:7555.00 H:7555.00 L:7554.50 C:7554.75 V:174.0
  📈 Trend: strong_bullish | 🌍 Regime: trending_bullish
  🗺️  Grid: 0.080% | 🔺 7555.25 🔻 7554.75
  📡 RSI: 60.0 | MACD: 0.61 | ATR: 1.05
  📊 Filled: 0 | Pending: 0
  💰 Daily P&L: $+0.00

[2026-07-03 09:34] O:7554.75 H:7555.25 L:7554.50 C:7555.00 V:96.0
  📈 Trend: strong_bullish | 🌍 Regime: trending_bullish
  🗺️  Grid: 0.080% | 🔺 7555.00 🔻 7554.50
  📡 RSI: 66.7 | MACD: 0.59 | ATR: 1.00
  📊 Filled: 0 | Pending: 0
  💰 Daily P&L: $+0.00

[2026-07-03 09:35] O:7555.00 H:7555.75 L:7554.50 C:7555.25 V:211.0
  📈 Trend: strong_bullish | 🌍 Regime: trending_bullish
  🗺️  Grid: 0.080% | 🔺 7555.25 🔻 7554.50
  📡 RSI: 70.8 | MACD: 0.59 | ATR: 1.00
  📊 Filled: 0 | Pending: 0
  💰 Daily P&L: $+0.00

[2026-07-03 09:36] O:7555.50 H:7556.25 L:7555.50 C:7556.25 V:201.0
  📈 Trend: strong_bullish | 🌍 Regime: trending_bullish
  🗺️  Grid: 0.080% | 🔺 7555.75 🔻 7554.50
  📡 RSI: 63.2 | MACD: 0.67 | ATR: 0.89
  📊 Filled: 0 | Pending: 0
  💰 Daily P&L: $+0.00

[2026-07-03 09:37] O:7556.25 H:7556.25 L:7555.50 C:7556.00 V:220.0
  📈 Trend: strong_bullish | 🌍 Regime: trending_bullish
  🗺️  Grid: 0.080% | 🔺 7556.25 🔻 7555.50
  📡 RSI: 66.7 | MACD: 0.70 | ATR: 0.86
  📊 Filled: 0 | Pending: 0
  💰 Daily P&L: $+0.00

[2026-07-03 09:38] O:7555.75 H:7556.50 L:7555.75 C:7556.25 V:105.0
  📈 Trend: strong_bullish | 🌍 Regime: trending_bullish
  🗺️  Grid: 0.080% | 🔺 7556.25 🔻 7555.50
  📡 RSI: 62.5 | MACD: 0.74 | ATR: 0.80
  📊 Filled: 0 | Pending: 0
  💰 Daily P&L: $+0.00

[2026-07-03 09:39] O:7556.50 H:7557.00 L:7556.00 C:7556.75 V:229.0
  📈 Trend: strong_bullish | 🌍 Regime: trending_bullish
  🗺️  Grid: 0.080% | 🔺 7556.50 🔻 7555.75
  📡 RSI: 66.7 | MACD: 0.80 | ATR: 0.82
  📊 Filled: 0 | Pending: 0
  💰 Daily P&L: $+0.00

[2026-07-03 09:40] O:7557.00 H:7558.25 L:7557.00 C:7558.25 V:244.0
  📈 Trend: strong_bullish | 🌍 Regime: trending_bullish
  🗺️  Grid: 0.080% | 🔺 7557.00 🔻 7556.00
  📡 RSI: 75.0 | MACD: 0.95 | ATR: 0.89
  📊 Filled: 0 | Pending: 0
  💰 Daily P&L: $+0.00

[2026-07-03 09:41] O:7558.25 H:7559.00 L:7557.75 C:7559.00 V:307.0
  📈 Trend: strong_bullish | 🌍 Regime: trending_bullish
  🗺️  Grid: 0.080% | 🔺 7558.25 🔻 7557.00
  📡 RSI: 84.0 | MACD: 1.12 | ATR: 0.93
  📊 Filled: 0 | Pending: 0
  💰 Daily P&L: $+0.00

[2026-07-03 09:42] O:7559.00 H:7561.75 L:7558.75 C:7561.25 V:1177.0
  📈 Trend: strong_bullish | 🌍 Regime: trending_bullish
  🗺️  Grid: 0.080% | 🔺 7559.00 🔻 7557.75
  📡 RSI: 87.9 | MACD: 1.43 | ATR: 1.07
  📊 Filled: 0 | Pending: 0
  💰 Daily P&L: $+0.00

[2026-07-03 09:43] O:7560.75 H:7560.75 L:7558.75 C:7558.75 V:523.0
  📈 Trend: strong_bullish | 🌍 Regime: trending_bullish
  🗺️  Grid: 0.080% | 🔺 7561.75 🔻 7558.75
  📡 RSI: 70.7 | MACD: 1.45 | ATR: 1.18
  📊 Filled: 0 | Pending: 0
  💰 Daily P&L: $+0.00

[2026-07-03 09:44] O:7558.50 H:7558.75 L:7558.00 C:7558.50 V:237.0
  📈 Trend: strong_bullish | 🌍 Regime: trending_bullish
  🗺️  Grid: 0.080% | 🔺 7560.75 🔻 7558.75
  📡 RSI: 67.5 | MACD: 1.43 | ATR: 1.16
  📊 Filled: 0 | Pending: 0
  💰 Daily P&L: $+0.00

[2026-07-03 09:45] O:7558.50 H:7559.00 L:7557.75 C:7559.00 V:144.0
  📈 Trend: strong_bullish | 🌍 Regime: trending_bullish
  🗺️  Grid: 0.080% | 🔺 7558.75 🔻 7558.00
  📡 RSI: 69.0 | MACD: 1.43 | ATR: 1.20
  📊 Filled: 0 | Pending: 0
  💰 Daily P&L: $+0.00

[2026-07-03 09:46] O:7559.25 H:7559.75 L:7559.00 C:7559.50 V:137.0
  📈 Trend: strong_bullish | 🌍 Regime: trending_bullish
  🗺️  Grid: 0.080% | 🔺 7559.00 🔻 7557.75
  📡 RSI: 70.5 | MACD: 1.46 | ATR: 1.21
  📊 Filled: 0 | Pending: 0
  💰 Daily P&L: $+0.00

[2026-07-03 09:47] O:7559.25 H:7561.00 L:7559.25 C:7560.75 V:165.0
  📈 Trend: strong_bullish | 🌍 Regime: trending_bullish
  🗺️  Grid: 0.080% | 🔺 7559.75 🔻 7559.00
  📡 RSI: 75.0 | MACD: 1.57 | ATR: 1.30
  📊 Filled: 0 | Pending: 0
  💰 Daily P&L: $+0.00

[2026-07-03 09:48] O:7560.75 H:7561.00 L:7559.00 C:7559.25 V:190.0
  📈 Trend: strong_bullish | 🌍 Regime: trending_bullish
  🗺️  Grid: 0.080% | 🔺 7561.00 🔻 7559.25
  📡 RSI: 66.0 | MACD: 1.52 | ATR: 1.39
  📊 Filled: 0 | Pending: 0
  💰 Daily P&L: $+0.00

[2026-07-03 09:49] O:7559.25 H:7559.50 L:7559.25 C:7559.50 V:69.0
  📈 Trend: strong_bullish | 🌍 Regime: trending_bullish
  🗺️  Grid: 0.080% | 🔺 7561.00 🔻 7559.00
  📡 RSI: 66.0 | MACD: 1.48 | ATR: 1.32
  📊 Filled: 0 | Pending: 0
  💰 Daily P&L: $+0.00

[2026-07-03 09:50] O:7559.50 H:7560.00 L:7559.00 C:7560.00 V:149.0
  📈 Trend: strong_bullish | 🌍 Regime: trending_bullish
  🗺️  Grid: 0.080% | 🔺 7559.50 🔻 7559.25
  📡 RSI: 64.7 | MACD: 1.47 | ATR: 1.32
  📊 Filled: 0 | Pending: 0
  💰 Daily P&L: $+0.00

[2026-07-03 09:51] O:7560.00 H:7561.00 L:7559.50 C:7559.75 V:300.0
  📈 Trend: strong_bullish | 🌍 Regime: trending_bullish
  🗺️  Grid: 0.080% | 🔺 7560.00 🔻 7559.00
  📡 RSI: 64.7 | MACD: 1.42 | ATR: 1.38
  📊 Filled: 0 | Pending: 0
  💰 Daily P&L: $+0.00

[2026-07-03 09:52] O:7559.75 H:7561.50 L:7559.50 C:7561.00 V:211.0
  📈 Trend: strong_bullish | 🌍 Regime: trending_bullish
  🗺️  Grid: 0.080% | 🔺 7561.00 🔻 7559.50
  📡 RSI: 67.3 | MACD: 1.47 | ATR: 1.46
  📊 Filled: 0 | Pending: 0
  💰 Daily P&L: $+0.00

[2026-07-03 09:53] O:7560.75 H:7560.75 L:7559.50 C:7559.50 V:149.0
  📈 Trend: strong_bullish | 🌍 Regime: trending_bullish
  🗺️  Grid: 0.080% | 🔺 7561.50 🔻 7559.50
  📡 RSI: 59.3 | MACD: 1.38 | ATR: 1.50
  📊 Filled: 0 | Pending: 0
  💰 Daily P&L: $+0.00

[2026-07-03 09:54] O:7559.75 H:7560.50 L:7559.75 C:7560.25 V:145.0
  📈 Trend: strong_bullish | 🌍 Regime: trending_bullish
  🗺️  Grid: 0.080% | 🔺 7560.75 🔻 7559.50
  📡 RSI: 57.1 | MACD: 1.34 | ATR: 1.46
  📊 Filled: 0 | Pending: 0
  💰 Daily P&L: $+0.00

[2026-07-03 09:55] O:7560.25 H:7561.25 L:7559.75 C:7559.75 V:313.0
  📈 Trend: strong_bullish | 🌍 Regime: trending_bullish
  🗺️  Grid: 0.080% | 🔺 7560.50 🔻 7559.75
  📡 RSI: 52.7 | MACD: 1.26 | ATR: 1.48
  📊 Filled: 0 | Pending: 0
  💰 Daily P&L: $+0.00

[2026-07-03 09:56] O:7559.75 H:7560.00 L:7559.00 C:7559.75 V:142.0
  📈 Trend: strong_bullish | 🌍 Regime: trending_bullish
  🗺️  Grid: 0.080% | 🔺 7561.25 🔻 7559.75
  📡 RSI: 43.5 | MACD: 1.19 | ATR: 1.34
  📊 Filled: 0 | Pending: 0
  💰 Daily P&L: $+0.00

[2026-07-03 09:57] O:7559.75 H:7560.25 L:7559.75 C:7560.25 V:87.0
  📈 Trend: strong_bullish | 🌍 Regime: trending_bullish
  🗺️  Grid: 0.080% | 🔺 7560.00 🔻 7559.00
  📡 RSI: 57.9 | MACD: 1.15 | ATR: 1.20
  📊 Filled: 0 | Pending: 0
  💰 Daily P&L: $+0.00

[2026-07-03 09:58] O:7560.25 H:7560.50 L:7560.00 C:7560.50 V:108.0
  📈 Trend: strong_bullish | 🌍 Regime: trending_bullish
  🗺️  Grid: 0.080% | 🔺 7560.25 🔻 7559.75
  📡 RSI: 60.5 | MACD: 1.13 | ATR: 1.18
  📊 Filled: 0 | Pending: 0
  💰 Daily P&L: $+0.00

[2026-07-03 09:59] O:7560.25 H:7560.25 L:7560.00 C:7560.25 V:107.0
  📈 Trend: strong_bullish | 🌍 Regime: trending_bullish
  🗺️  Grid: 0.080% | 🔺 7560.50 🔻 7560.00
  📡 RSI: 56.8 | MACD: 1.08 | ATR: 1.12
  📊 Filled: 0 | Pending: 0
  💰 Daily P&L: $+0.00

[2026-07-03 10:00] O:7560.25 H:7560.50 L:7558.75 C:7559.00 V:215.0
  📈 Trend: strong_bullish (raw: moderate_bullish) | 🌍 Regime: trending_bullish
  🗺️  Grid: 0.080% | 🔺 7560.25 🔻 7560.00
  📡 RSI: 47.5 | MACD: 0.93 | ATR: 1.20
  📊 Filled: 0 | Pending: 0
  💰 Daily P&L: $+0.00

[2026-07-03 10:01] O:7559.00 H:7559.25 L:7558.25 C:7558.75 V:157.0
  📈 Trend: moderate_bullish | 🌍 Regime: trending_bullish
  🗺️  Grid: 0.080% | 🔺 7560.50 🔻 7558.75
  📡 RSI: 38.9 | MACD: 0.79 | ATR: 1.14
  📊 Filled: 0 | Pending: 0
  💰 Daily P&L: $+0.00

[2026-07-03 10:02] O:7558.75 H:7559.25 L:7558.25 C:7559.00 V:106.0
  📈 Trend: moderate_bullish (raw: strong_bullish) | 🌍 Regime: trending_bullish
  🗺️  Grid: 0.080% | 🔺 7559.25 🔻 7558.25
  📡 RSI: 48.4 | MACD: 0.68 | ATR: 1.07
  📊 Filled: 0 | Pending: 0
  💰 Daily P&L: $+0.00

[2026-07-03 10:03] O:7559.00 H:7559.50 L:7557.50 C:7558.50 V:516.0
  📈 Trend: moderate_bullish | 🌍 Regime: trending_bullish
  🗺️  Grid: 0.080% | 🔺 7559.25 🔻 7558.25
  📡 RSI: 43.8 | MACD: 0.55 | ATR: 1.20
  📊 Filled: 0 | Pending: 0
  💰 Daily P&L: $+0.00

[2026-07-03 10:04] O:7558.50 H:7558.50 L:7557.50 C:7557.50 V:178.0
  📈 Trend: moderate_bullish | 🌍 Regime: trending_bullish
  🗺️  Grid: 0.080% | 🔺 7559.50 🔻 7557.50
  📡 RSI: 35.3 | MACD: 0.36 | ATR: 1.20
  📊 Filled: 0 | Pending: 0
  💰 Daily P&L: $+0.00

[2026-07-03 10:05] O:7557.25 H:7558.25 L:7557.25 C:7558.00 V:242.0
  📈 Trend: moderate_bullish | 🌍 Regime: trending_bullish
  🗺️  Grid: 0.080% | 🔺 7558.50 🔻 7557.50
  📡 RSI: 40.0 | MACD: 0.25 | ATR: 1.16
  📊 Filled: 0 | Pending: 0
  💰 Daily P&L: $+0.00

[2026-07-03 10:06] O:7557.75 H:7558.25 L:7557.50 C:7557.75 V:183.0
  📈 Trend: moderate_bullish | 🌍 Regime: trending_bullish
  🗺️  Grid: 0.080% | 🔺 7558.25 🔻 7557.25
  📡 RSI: 29.0 | MACD: 0.14 | ATR: 1.07
  📊 Filled: 0 | Pending: 0
  💰 Daily P&L: $+0.00

[2026-07-03 10:07] O:7557.75 H:7558.75 L:7557.75 C:7558.50 V:91.0
  📈 Trend: moderate_bullish | 🌍 Regime: trending_bullish
  🗺️  Grid: 0.080% | 🔺 7558.25 🔻 7557.50
  📡 RSI: 42.9 | MACD: 0.11 | ATR: 1.04
  📊 Filled: 0 | Pending: 0
  💰 Daily P&L: $+0.00

[2026-07-03 10:08] O:7558.50 H:7558.75 L:7558.50 C:7558.50 V:39.0
  📈 Trend: moderate_bullish | 🌍 Regime: trending_bullish
  🗺️  Grid: 0.080% | 🔺 7558.75 🔻 7557.75
  📡 RSI: 36.0 | MACD: 0.09 | ATR: 0.98
  📊 Filled: 0 | Pending: 0
  💰 Daily P&L: $+0.00

[2026-07-03 10:09] O:7558.25 H:7558.50 L:7557.25 C:7557.75 V:196.0
  📈 Trend: moderate_bullish | 🌍 Regime: trending_bullish
  🗺️  Grid: 0.080% | 🔺 7558.75 🔻 7558.50
  📡 RSI: 34.6 | MACD: 0.01 | ATR: 0.96
  📊 Filled: 0 | Pending: 0
  💰 Daily P&L: $+0.00

[2026-07-03 10:10] O:7557.75 H:7558.75 L:7557.50 C:7558.75 V:82.0
  📈 Trend: moderate_bullish | 🌍 Regime: trending_bullish
  🗺️  Grid: 0.080% | 🔺 7558.50 🔻 7557.25
  📡 RSI: 43.3 | MACD: 0.03 | ATR: 0.98
  📊 Filled: 0 | Pending: 0
  💰 Daily P&L: $+0.00

[2026-07-03 10:11] O:7559.00 H:7560.50 L:7558.75 C:7560.50 V:403.0
  📈 Trend: moderate_bullish | 🌍 Regime: trending_bullish
  🗺️  Grid: 0.080% | 🔺 7558.75 🔻 7557.50
  📡 RSI: 51.4 | MACD: 0.18 | ATR: 1.07
  📊 Filled: 0 | Pending: 0
  💰 Daily P&L: $+0.00

[2026-07-03 10:12] O:7560.25 H:7560.25 L:7558.75 C:7559.00 V:265.0
  📈 Trend: moderate_bullish | 🌍 Regime: trending_bullish
  🗺️  Grid: 0.080% | 🔺 7560.50 🔻 7558.75
  📡 RSI: 42.5 | MACD: 0.18 | ATR: 1.16
  📊 Filled: 0 | Pending: 0
  💰 Daily P&L: $+0.00

[2026-07-03 10:13] O:7559.00 H:7559.00 L:7557.75 C:7557.75 V:220.0
  📈 Trend: moderate_bullish | 🌍 Regime: trending_bullish
  🗺️  Grid: 0.080% | 🔺 7560.25 🔻 7558.75
  📡 RSI: 38.6 | MACD: 0.08 | ATR: 1.21
  📊 Filled: 0 | Pending: 0
  💰 Daily P&L: $+0.00

[2026-07-03 10:14] O:7557.75 H:7558.50 L:7557.75 C:7558.25 V:68.0
  📈 Trend: moderate_bullish | 🌍 Regime: trending_bullish
  🗺️  Grid: 0.080% | 🔺 7559.00 🔻 7557.75
  📡 RSI: 46.3 | MACD: 0.03 | ATR: 1.14
  📊 Filled: 0 | Pending: 0
  💰 Daily P&L: $+0.00

[2026-07-03 10:15] O:7558.25 H:7559.25 L:7558.25 C:7558.75 V:156.0
  📈 Trend: moderate_bullish | 🌍 Regime: trending_bullish
  🗺️  Grid: 0.080% | 🔺 7558.50 🔻 7557.75
  📡 RSI: 50.0 | MACD: 0.04 | ATR: 1.14
  📊 Filled: 0 | Pending: 0
  💰 Daily P&L: $+0.00

[2026-07-03 10:16] O:7559.00 H:7560.25 L:7558.75 C:7560.00 V:190.0
  📈 Trend: moderate_bullish (raw: strong_bullish) | 🌍 Regime: ranging
  🗺️  Grid: 0.080% | 🔺 7559.25 🔻 7558.25
  📡 RSI: 54.3 | MACD: 0.15 | ATR: 1.18
  📊 Filled: 0 | Pending: 0
  🔲 Regime: RANGING | Range pos: 84% | RSI: 54.3
  💰 Daily P&L: $+0.00

[2026-07-03 10:17] O:7560.00 H:7560.50 L:7559.25 C:7559.25 V:217.0
  📈 Trend: strong_bullish | 🌍 Regime: ranging
  🗺️  Grid: 0.080% | 🔺 7560.25 🔻 7558.75
  📡 RSI: 53.2 | MACD: 0.17 | ATR: 1.12
  📊 Filled: 0 | Pending: 0
  🔲 Regime: RANGING | Range pos: 78% | RSI: 53.2
  💰 Daily P&L: $+0.00

[2026-07-03 10:18] O:7559.25 H:7559.75 L:7559.00 C:7559.25 V:223.0
  📈 Trend: strong_bullish | 🌍 Regime: ranging
  🗺️  Grid: 0.080% | 🔺 7560.50 🔻 7559.25
  📡 RSI: 58.1 | MACD: 0.18 | ATR: 1.11
  📊 Filled: 0 | Pending: 0
  🔲 Regime: RANGING | Range pos: 78% | RSI: 58.1
  💰 Daily P&L: $+0.00

[2026-07-03 10:19] O:7559.25 H:7559.75 L:7559.25 C:7559.50 V:93.0
  📈 Trend: strong_bullish | 🌍 Regime: trending_bullish
  🗺️  Grid: 0.080% | 🔺 7559.75 🔻 7559.00
  📡 RSI: 57.1 | MACD: 0.21 | ATR: 1.07
  📊 Filled: 0 | Pending: 0
  💰 Daily P&L: $+0.00

[2026-07-03 10:20] O:7559.75 H:7559.75 L:7558.50 C:7558.75 V:188.0
  📈 Trend: strong_bullish | 🌍 Regime: trending_bullish
  🗺️  Grid: 0.080% | 🔺 7559.75 🔻 7559.25
  📡 RSI: 54.5 | MACD: 0.17 | ATR: 1.11
  📊 Filled: 0 | Pending: 0
  💰 Daily P&L: $+0.00

[2026-07-03 10:21] O:7558.75 H:7558.75 L:7558.25 C:7558.50 V:137.0
  📈 Trend: strong_bullish (raw: moderate_bullish) | 🌍 Regime: trending_bullish
  🗺️  Grid: 0.080% | 🔺 7559.75 🔻 7558.50
  📡 RSI: 50.0 | MACD: 0.12 | ATR: 1.07
  📊 Filled: 0 | Pending: 0
  💰 Daily P&L: $+0.00

[2026-07-03 10:22] O:7558.50 H:7558.75 L:7557.75 C:7558.25 V:129.0
  📈 Trend: strong_bullish (raw: moderate_bearish) | 🌍 Regime: trending_bearish
  🗺️  Grid: 0.080% | 🔺 7558.75 🔻 7558.25
  📡 RSI: 48.8 | MACD: 0.05 | ATR: 1.12
  📊 Filled: 0 | Pending: 0
  💰 Daily P&L: $+0.00

[2026-07-03 10:23] O:7558.25 H:7558.25 L:7557.25 C:7557.50 V:118.0
  📈 Trend: strong_bullish (raw: strong_bearish) | 🌍 Regime: ranging
  🗺️  Grid: 0.080% | 🔺 7558.75 🔻 7557.75
  📡 RSI: 48.8 | MACD: -0.06 | ATR: 1.11
  📊 Filled: 0 | Pending: 0
  🔲 Regime: RANGING | Range pos: 62% | RSI: 48.8
  💰 Daily P&L: $+0.00

[2026-07-03 10:24] O:7557.50 H:7557.50 L:7556.75 C:7557.00 V:174.0
  📈 Trend: strong_bearish | 🌍 Regime: ranging
  🗺️  Grid: 0.080% | 🔺 7558.25 🔻 7557.25
  📡 RSI: 41.5 | MACD: -0.18 | ATR: 1.07
  📊 Filled: 0 | Pending: 0
  🔲 Regime: RANGING | Range pos: 58% | RSI: 41.5
  💰 Daily P&L: $+0.00

[2026-07-03 10:25] O:7557.25 H:7557.25 L:7556.25 C:7556.75 V:202.0
  📈 Trend: strong_bearish | 🌍 Regime: ranging
  🗺️  Grid: 0.080% | 🔺 7557.50 🔻 7556.75
  📡 RSI: 28.6 | MACD: -0.30 | ATR: 1.02
  📊 Filled: 0 | Pending: 0
  🔲 Regime: RANGING | Range pos: 56% | RSI: 28.6
  💰 Daily P&L: $+0.00

[2026-07-03 10:26] O:7556.75 H:7556.75 L:7556.00 C:7556.00 V:109.0
  📈 Trend: strong_bearish | 🌍 Regime: ranging
  🗺️  Grid: 0.080% | 🔺 7557.25 🔻 7556.25
  📡 RSI: 31.2 | MACD: -0.44 | ATR: 0.95
  📊 Filled: 0 | Pending: 0
  🔲 Regime: RANGING | Range pos: 49% | RSI: 31.2
  💰 Daily P&L: $+0.00

[2026-07-03 10:27] O:7556.00 H:7556.00 L:7555.25 C:7555.75 V:120.0
  📈 Trend: strong_bearish | 🌍 Regime: ranging
  🗺️  Grid: 0.080% | 🔺 7556.75 🔻 7556.00
  📡 RSI: 35.7 | MACD: -0.57 | ATR: 0.91
  📊 Filled: 0 | Pending: 0
  🔲 Regime: RANGING | Range pos: 47% | RSI: 35.7
  💰 Daily P&L: $+0.00

[2026-07-03 10:28] O:7555.75 H:7555.75 L:7555.25 C:7555.50 V:158.0
  📈 Trend: strong_bearish | 🌍 Regime: ranging
  🗺️  Grid: 0.080% | 🔺 7556.00 🔻 7555.25
  📡 RSI: 29.6 | MACD: -0.69 | ATR: 0.89
  📊 Filled: 0 | Pending: 0
  🔲 Regime: RANGING | Range pos: 44% | RSI: 29.6
  💰 Daily P&L: $+0.00

[2026-07-03 10:29] O:7555.75 H:7556.00 L:7555.25 C:7555.25 V:175.0
  📈 Trend: strong_bearish | 🌍 Regime: ranging
  🗺️  Grid: 0.080% | 🔺 7555.75 🔻 7555.25
  📡 RSI: 23.1 | MACD: -0.79 | ATR: 0.88
  📊 Filled: 0 | Pending: 0
  🔲 Regime: RANGING | Range pos: 42% | RSI: 23.1
  💰 Daily P&L: $+0.00

[2026-07-03 10:30] O:7555.25 H:7556.00 L:7554.25 C:7554.75 V:399.0
  📈 Trend: strong_bearish | 🌍 Regime: ranging
  🗺️  Grid: 0.080% | 🔺 7556.00 🔻 7555.25
  📡 RSI: 4.3 | MACD: -0.90 | ATR: 0.89
  📊 Filled: 0 | Pending: 0
  🔲 Regime: RANGING | Range pos: 38% | RSI: 4.3
  💰 Daily P&L: $+0.00

[2026-07-03 10:31] O:7554.75 H:7555.75 L:7554.50 C:7555.75 V:232.0
  📈 Trend: strong_bearish | 🌍 Regime: ranging
  🗺️  Grid: 0.080% | 🔺 7556.00 🔻 7554.25
  📡 RSI: 20.8 | MACD: -0.90 | ATR: 0.89
  📊 Filled: 0 | Pending: 0
  🔲 Regime: RANGING | Range pos: 47% | RSI: 20.8
  💰 Daily P&L: $+0.00

[2026-07-03 10:32] O:7555.75 H:7556.25 L:7555.50 C:7555.50 V:276.0
  📈 Trend: strong_bearish | 🌍 Regime: ranging
  🗺️  Grid: 0.080% | 🔺 7555.75 🔻 7554.50
  📡 RSI: 20.0 | MACD: -0.91 | ATR: 0.89
  📊 Filled: 0 | Pending: 0
  🔲 Regime: RANGING | Range pos: 44% | RSI: 20.0
  💰 Daily P&L: $+0.00

[2026-07-03 10:33] O:7555.75 H:7556.50 L:7555.75 C:7556.00 V:141.0
  📈 Trend: strong_bearish | 🌍 Regime: ranging
  🗺️  Grid: 0.080% | 🔺 7556.25 🔻 7555.50
  📡 RSI: 23.1 | MACD: -0.86 | ATR: 0.93
  📊 Filled: 0 | Pending: 0
  🔲 Regime: RANGING | Range pos: 49% | RSI: 23.1
  💰 Daily P&L: $+0.00

[2026-07-03 10:34] O:7556.00 H:7556.00 L:7555.00 C:7555.50 V:207.0
  📈 Trend: strong_bearish | 🌍 Regime: ranging
  🗺️  Grid: 0.080% | 🔺 7556.50 🔻 7555.75
  📡 RSI: 24.0 | MACD: -0.86 | ATR: 0.91
  📊 Filled: 0 | Pending: 0
  🔲 Regime: RANGING | Range pos: 44% | RSI: 24.0
  💰 Daily P&L: $+0.00

[2026-07-03 10:35] O:7555.25 H:7556.75 L:7555.25 C:7556.50 V:187.0
  📈 Trend: strong_bearish | 🌍 Regime: ranging
  🗺️  Grid: 0.080% | 🔺 7556.00 🔻 7555.00
  📡 RSI: 35.7 | MACD: -0.76 | ATR: 0.98
  📊 Filled: 0 | Pending: 0
  🔲 Regime: RANGING | Range pos: 53% | RSI: 35.7
  💰 Daily P&L: $+0.00

[2026-07-03 10:36] O:7556.50 H:7557.25 L:7556.50 C:7557.00 V:150.0
  📈 Trend: strong_bearish (raw: moderate_bearish) | 🌍 Regime: ranging
  🗺️  Grid: 0.080% | 🔺 7556.75 🔻 7555.25
  📡 RSI: 41.4 | MACD: -0.64 | ATR: 0.96
  📊 Filled: 0 | Pending: 0
  🔲 Regime: RANGING | Range pos: 58% | RSI: 41.4
  💰 Daily P&L: $+0.00

[2026-07-03 10:37] O:7557.25 H:7557.75 L:7557.00 C:7557.00 V:144.0
  📈 Trend: moderate_bearish | 🌍 Regime: ranging
  🗺️  Grid: 0.080% | 🔺 7557.25 🔻 7556.50
  📡 RSI: 46.2 | MACD: -0.54 | ATR: 0.95
  📊 Filled: 0 | Pending: 0
  🔲 Regime: RANGING | Range pos: 58% | RSI: 46.2
  💰 Daily P&L: $+0.00

[2026-07-03 10:38] O:7557.00 H:7557.75 L:7557.00 C:7557.75 V:110.0
  📈 Trend: moderate_bearish | 🌍 Regime: ranging
  🗺️  Grid: 0.080% | 🔺 7557.75 🔻 7557.00
  📡 RSI: 55.6 | MACD: -0.39 | ATR: 0.95
  📊 Filled: 0 | Pending: 0
  🔲 Regime: RANGING | Range pos: 64% | RSI: 55.6
  💰 Daily P&L: $+0.00

[2026-07-03 10:39] O:7557.50 H:7557.50 L:7557.00 C:7557.00 V:70.0
  📈 Trend: moderate_bearish | 🌍 Regime: ranging
  🗺️  Grid: 0.080% | 🔺 7557.75 🔻 7557.00
  📡 RSI: 51.7 | MACD: -0.33 | ATR: 0.93
  📊 Filled: 0 | Pending: 0
  🔲 Regime: RANGING | Range pos: 58% | RSI: 51.7
  💰 Daily P&L: $+0.00

[2026-07-03 10:40] O:7556.75 H:7556.75 L:7556.25 C:7556.50 V:47.0
  📈 Trend: moderate_bearish | 🌍 Regime: ranging
  🗺️  Grid: 0.080% | 🔺 7557.50 🔻 7557.00
  📡 RSI: 53.6 | MACD: -0.32 | ATR: 0.93
  📊 Filled: 0 | Pending: 0
  🔲 Regime: RANGING | Range pos: 53% | RSI: 53.6
  💰 Daily P&L: $+0.00

[2026-07-03 10:41] O:7556.75 H:7557.00 L:7556.00 C:7556.25 V:64.0
  📈 Trend: moderate_bearish | 🌍 Regime: trending_bearish
  🗺️  Grid: 0.080% | 🔺 7556.75 🔻 7556.25
  📡 RSI: 53.6 | MACD: -0.33 | ATR: 0.95
  📊 Filled: 0 | Pending: 0
  💰 Daily P&L: $+0.00

[2026-07-03 10:42] O:7556.00 H:7557.00 L:7555.50 C:7556.50 V:175.0
  📈 Trend: moderate_bearish | 🌍 Regime: trending_bearish
  🗺️  Grid: 0.080% | 🔺 7557.00 🔻 7556.00
  📡 RSI: 57.1 | MACD: -0.31 | ATR: 1.02
  📊 Filled: 0 | Pending: 0
  💰 Daily P&L: $+0.00

[2026-07-03 10:43] O:7556.50 H:7558.25 L:7556.50 C:7557.75 V:365.0
  📈 Trend: moderate_bearish (raw: moderate_bullish) | 🌍 Regime: trending_bullish
  🗺️  Grid: 0.080% | 🔺 7557.00 🔻 7555.50
  📡 RSI: 65.6 | MACD: -0.20 | ATR: 1.09
  📊 Filled: 0 | Pending: 0
  💰 Daily P&L: $+0.00

[2026-07-03 10:44] O:7558.00 H:7558.25 L:7557.50 C:7557.75 V:138.0
  📈 Trend: moderate_bullish | 🌍 Regime: trending_bullish
  🗺️  Grid: 0.080% | 🔺 7558.25 🔻 7556.50
  📡 RSI: 70.0 | MACD: -0.10 | ATR: 1.02
  📊 Filled: 0 | Pending: 0
  💰 Daily P&L: $+0.00

[2026-07-03 10:45] O:7557.75 H:7558.50 L:7557.50 C:7558.25 V:254.0
  📈 Trend: moderate_bullish (raw: strong_bullish) | 🌍 Regime: trending_bullish
  🗺️  Grid: 0.080% | 🔺 7558.25 🔻 7557.50
  📡 RSI: 67.9 | MACD: 0.01 | ATR: 1.00
  📊 Filled: 0 | Pending: 0
  💰 Daily P&L: $+0.00

[2026-07-03 10:46] O:7558.25 H:7558.50 L:7557.75 C:7558.00 V:157.0
  📈 Trend: strong_bullish | 🌍 Regime: trending_bullish
  🗺️  Grid: 0.080% | 🔺 7558.50 🔻 7557.50
  📡 RSI: 67.9 | MACD: 0.08 | ATR: 1.00
  📊 Filled: 0 | Pending: 0
  💰 Daily P&L: $+0.00

[2026-07-03 10:47] O:7558.25 H:7559.00 L:7558.25 C:7559.00 V:283.0
  📈 Trend: strong_bullish | 🌍 Regime: trending_bullish
  🗺️  Grid: 0.080% | 🔺 7558.50 🔻 7557.75
  📡 RSI: 70.0 | MACD: 0.21 | ATR: 1.00
  📊 Filled: 0 | Pending: 0
  💰 Daily P&L: $+0.00

[2026-07-03 10:48] O:7559.00 H:7559.75 L:7559.00 C:7559.50 V:184.0
  📈 Trend: strong_bullish | 🌍 Regime: trending_bullish
  🗺️  Grid: 0.080% | 🔺 7559.00 🔻 7558.25
  📡 RSI: 76.7 | MACD: 0.36 | ATR: 0.98
  📊 Filled: 0 | Pending: 0
  💰 Daily P&L: $+0.00

[2026-07-03 10:49] O:7559.50 H:7559.75 L:7559.25 C:7559.25 V:76.0
  📈 Trend: strong_bullish | 🌍 Regime: trending_bullish
  🗺️  Grid: 0.080% | 🔺 7559.75 🔻 7559.00
  📡 RSI: 70.4 | MACD: 0.44 | ATR: 0.91
  📊 Filled: 0 | Pending: 0
  💰 Daily P&L: $+0.00

[2026-07-03 10:50] O:7559.25 H:7559.25 L:7559.00 C:7559.00 V:14.0
  📈 Trend: strong_bullish | 🌍 Regime: trending_bullish
  🗺️  Grid: 0.080% | 🔺 7559.75 🔻 7559.25
  📡 RSI: 65.4 | MACD: 0.49 | ATR: 0.88
  📊 Filled: 0 | Pending: 0
  💰 Daily P&L: $+0.00

[2026-07-03 10:51] O:7559.00 H:7559.00 L:7558.50 C:7559.00 V:87.0
  📈 Trend: strong_bullish | 🌍 Regime: trending_bullish
  🗺️  Grid: 0.080% | 🔺 7559.25 🔻 7559.00
  📡 RSI: 65.4 | MACD: 0.51 | ATR: 0.86
  📊 Filled: 0 | Pending: 0
  💰 Daily P&L: $+0.00

[2026-07-03 10:52] O:7559.00 H:7559.25 L:7558.50 C:7558.50 V:75.0
  📈 Trend: strong_bullish | 🌍 Regime: trending_bullish
  🗺️  Grid: 0.080% | 🔺 7559.00 🔻 7558.50
  📡 RSI: 56.0 | MACD: 0.49 | ATR: 0.86
  📊 Filled: 0 | Pending: 0
  💰 Daily P&L: $+0.00

[2026-07-03 10:53] O:7558.50 H:7559.25 L:7558.50 C:7559.00 V:97.0
  📈 Trend: strong_bullish | 🌍 Regime: trending_bullish
  🗺️  Grid: 0.080% | 🔺 7559.25 🔻 7558.50
  📡 RSI: 66.7 | MACD: 0.51 | ATR: 0.86
  📊 Filled: 0 | Pending: 0
  💰 Daily P&L: $+0.00

[2026-07-03 10:54] O:7559.00 H:7559.75 L:7559.00 C:7559.25 V:107.0
  📈 Trend: strong_bullish | 🌍 Regime: trending_bullish
  🗺️  Grid: 0.080% | 🔺 7559.25 🔻 7558.50
  📡 RSI: 73.9 | MACD: 0.53 | ATR: 0.86
  📊 Filled: 0 | Pending: 0
  💰 Daily P&L: $+0.00

[2026-07-03 10:55] O:7559.50 H:7559.50 L:7559.25 C:7559.25 V:58.0
  📈 Trend: strong_bullish | 🌍 Regime: trending_bullish
  🗺️  Grid: 0.080% | 🔺 7559.75 🔻 7559.00
  📡 RSI: 77.3 | MACD: 0.55 | ATR: 0.80
  📊 Filled: 0 | Pending: 0
  💰 Daily P&L: $+0.00

[2026-07-03 10:56] O:7559.25 H:7559.75 L:7559.25 C:7559.75 V:49.0
  📈 Trend: strong_bullish | 🌍 Regime: trending_bullish
  🗺️  Grid: 0.080% | 🔺 7559.50 🔻 7559.25
  📡 RSI: 78.3 | MACD: 0.59 | ATR: 0.73
  📊 Filled: 0 | Pending: 0
  💰 Daily P&L: $+0.00

[2026-07-03 10:57] O:7560.00 H:7560.25 L:7559.00 C:7559.25 V:218.0
  📈 Trend: strong_bullish | 🌍 Regime: trending_bullish
  🗺️  Grid: 0.080% | 🔺 7559.75 🔻 7559.25
  📡 RSI: 65.0 | MACD: 0.58 | ATR: 0.70
  📊 Filled: 0 | Pending: 0
  💰 Daily P&L: $+0.00

[2026-07-03 10:58] O:7559.25 H:7559.25 L:7558.75 C:7558.75 V:88.0
  📈 Trend: strong_bullish | 🌍 Regime: trending_bullish
  🗺️  Grid: 0.080% | 🔺 7560.25 🔻 7559.00
  📡 RSI: 59.1 | MACD: 0.53 | ATR: 0.68
  📊 Filled: 0 | Pending: 0
  💰 Daily P&L: $+0.00

[2026-07-03 10:59] O:7559.00 H:7559.00 L:7558.50 C:7559.00 V:69.0
  📈 Trend: strong_bullish | 🌍 Regime: trending_bullish
  🗺️  Grid: 0.080% | 🔺 7559.25 🔻 7558.75
  📡 RSI: 57.1 | MACD: 0.50 | ATR: 0.64
  📊 Filled: 0 | Pending: 0
  💰 Daily P&L: $+0.00

[2026-07-03 11:00] O:7559.00 H:7559.00 L:7557.25 C:7558.00 V:173.0
  📈 Trend: strong_bullish | 🌍 Regime: ranging
  🗺️  Grid: 0.080% | 🔺 7559.00 🔻 7558.50
  📡 RSI: 50.0 | MACD: 0.39 | ATR: 0.71
  📊 Filled: 0 | Pending: 0
  🔲 Regime: RANGING | Range pos: 67% | RSI: 50.0
  💰 Daily P&L: $+0.00

[2026-07-03 11:01] O:7557.75 H:7558.50 L:7557.75 C:7558.50 V:54.0
  📈 Trend: strong_bullish | 🌍 Regime: ranging
  🗺️  Grid: 0.080% | 🔺 7559.00 🔻 7557.25
  📡 RSI: 45.5 | MACD: 0.34 | ATR: 0.70
  📊 Filled: 0 | Pending: 0
  🔲 Regime: RANGING | Range pos: 71% | RSI: 45.5
  💰 Daily P&L: $+0.00

[2026-07-03 11:02] O:7558.50 H:7558.50 L:7558.00 C:7558.00 V:35.0
  📈 Trend: strong_bullish | 🌍 Regime: ranging
  🗺️  Grid: 0.080% | 🔺 7558.50 🔻 7557.75
  📡 RSI: 36.4 | MACD: 0.26 | ATR: 0.68
  📊 Filled: 0 | Pending: 0
  🔲 Regime: RANGING | Range pos: 67% | RSI: 36.4
  💰 Daily P&L: $+0.00

[2026-07-03 11:03] O:7558.25 H:7558.25 L:7558.00 C:7558.25 V:32.0
  📈 Trend: strong_bullish | 🌍 Regime: ranging
  🗺️  Grid: 0.080% | 🔺 7558.50 🔻 7558.00
  📡 RSI: 40.9 | MACD: 0.21 | ATR: 0.66
  📊 Filled: 0 | Pending: 0
  🔲 Regime: RANGING | Range pos: 69% | RSI: 40.9
  💰 Daily P&L: $+0.00

[2026-07-03 11:04] O:7558.25 H:7558.25 L:7557.75 C:7557.75 V:64.0
  📈 Trend: strong_bullish (raw: moderate_bullish) | 🌍 Regime: ranging
  🗺️  Grid: 0.080% | 🔺 7558.25 🔻 7558.00
  📡 RSI: 39.1 | MACD: 0.13 | ATR: 0.68
  📊 Filled: 0 | Pending: 0
  🔲 Regime: RANGING | Range pos: 64% | RSI: 39.1
  💰 Daily P&L: $+0.00

[2026-07-03 11:05] O:7557.75 H:7557.75 L:7557.00 C:7557.75 V:73.0
  📈 Trend: moderate_bullish | 🌍 Regime: ranging
  🗺️  Grid: 0.080% | 🔺 7558.25 🔻 7557.75
  📡 RSI: 39.1 | MACD: 0.07 | ATR: 0.70
  📊 Filled: 0 | Pending: 0
  🔲 Regime: RANGING | Range pos: 64% | RSI: 39.1
  💰 Daily P&L: $+0.00

[2026-07-03 11:06] O:7557.75 H:7557.75 L:7557.75 C:7557.75 V:25.0
  📈 Trend: moderate_bullish | 🌍 Regime: ranging
  🗺️  Grid: 0.080% | 🔺 7557.75 🔻 7557.00
  📡 RSI: 42.9 | MACD: 0.02 | ATR: 0.64
  📊 Filled: 0 | Pending: 0
  🔲 Regime: RANGING | Range pos: 64% | RSI: 42.9
  💰 Daily P&L: $+0.00

[2026-07-03 11:07] O:7557.75 H:7558.00 L:7556.75 C:7556.75 V:113.0
  📈 Trend: moderate_bullish | 🌍 Regime: ranging
  🗺️  Grid: 0.080% | 🔺 7557.75 🔻 7557.75
  📡 RSI: 30.4 | MACD: -0.10 | ATR: 0.68
  📊 Filled: 0 | Pending: 0
  🔲 Regime: RANGING | Range pos: 56% | RSI: 30.4
  💰 Daily P&L: $+0.00

[2026-07-03 11:08] O:7556.75 H:7557.50 L:7556.75 C:7557.00 V:79.0
  📈 Trend: moderate_bullish | 🌍 Regime: ranging
  🗺️  Grid: 0.080% | 🔺 7558.00 🔻 7556.75
  📡 RSI: 30.4 | MACD: -0.18 | ATR: 0.68
  📊 Filled: 0 | Pending: 0
  🔲 Regime: RANGING | Range pos: 58% | RSI: 30.4
  💰 Daily P&L: $+0.00

[2026-07-03 11:09] O:7557.00 H:7558.00 L:7557.00 C:7557.75 V:34.0
  📈 Trend: moderate_bullish | 🌍 Regime: ranging
  🗺️  Grid: 0.080% | 🔺 7557.50 🔻 7556.75
  📡 RSI: 38.5 | MACD: -0.17 | ATR: 0.73
  📊 Filled: 0 | Pending: 0
  🔲 Regime: RANGING | Range pos: 64% | RSI: 38.5
  💰 Daily P&L: $+0.00

[2026-07-03 11:10] O:7557.75 H:7558.25 L:7557.50 C:7557.75 V:81.0
  📈 Trend: moderate_bullish | 🌍 Regime: ranging
  🗺️  Grid: 0.080% | 🔺 7558.00 🔻 7557.00
  📡 RSI: 33.3 | MACD: -0.17 | ATR: 0.75
  📊 Filled: 0 | Pending: 0
  🔲 Regime: RANGING | Range pos: 64% | RSI: 33.3
  💰 Daily P&L: $+0.00

[2026-07-03 11:11] O:7557.50 H:7557.75 L:7557.50 C:7557.50 V:26.0
  📈 Trend: moderate_bullish | 🌍 Regime: ranging
  🗺️  Grid: 0.080% | 🔺 7558.25 🔻 7557.50
  📡 RSI: 34.8 | MACD: -0.18 | ATR: 0.68
  📊 Filled: 0 | Pending: 0
  🔲 Regime: RANGING | Range pos: 62% | RSI: 34.8
  💰 Daily P&L: $+0.00

[2026-07-03 11:12] O:7557.50 H:7558.25 L:7557.50 C:7558.25 V:48.0
  📈 Trend: moderate_bullish | 🌍 Regime: ranging
  🗺️  Grid: 0.080% | 🔺 7557.75 🔻 7557.50
  📡 RSI: 45.8 | MACD: -0.13 | ATR: 0.70
  📊 Filled: 0 | Pending: 0
  🔲 Regime: RANGING | Range pos: 69% | RSI: 45.8
  💰 Daily P&L: $+0.00

[2026-07-03 11:13] O:7558.25 H:7558.50 L:7557.75 C:7557.75 V:55.0
  📈 Trend: moderate_bullish | 🌍 Regime: ranging
  🗺️  Grid: 0.080% | 🔺 7558.25 🔻 7557.50
  📡 RSI: 40.0 | MACD: -0.13 | ATR: 0.71
  📊 Filled: 0 | Pending: 0
  🔲 Regime: RANGING | Range pos: 64% | RSI: 40.0
  💰 Daily P&L: $+0.00

[2026-07-03 11:14] O:7557.75 H:7557.75 L:7557.00 C:7557.00 V:59.0
  📈 Trend: moderate_bullish | 🌍 Regime: ranging
  🗺️  Grid: 0.080% | 🔺 7558.50 🔻 7557.75
  📡 RSI: 41.7 | MACD: -0.18 | ATR: 0.64
  📊 Filled: 0 | Pending: 0
  🔲 Regime: RANGING | Range pos: 58% | RSI: 41.7
  💰 Daily P&L: $+0.00

[2026-07-03 11:15] O:7557.00 H:7557.50 L:7557.00 C:7557.50 V:60.0
  📈 Trend: moderate_bullish | 🌍 Regime: ranging
  🗺️  Grid: 0.080% | 🔺 7557.75 🔻 7557.00
  📡 RSI: 41.7 | MACD: -0.19 | ATR: 0.62
  📊 Filled: 0 | Pending: 0
  🔲 Regime: RANGING | Range pos: 62% | RSI: 41.7
  💰 Daily P&L: $+0.00

[2026-07-03 11:16] O:7557.50 H:7558.75 L:7557.25 C:7558.25 V:80.0
  📈 Trend: moderate_bullish | 🌍 Regime: ranging
  🗺️  Grid: 0.080% | 🔺 7557.50 🔻 7557.00
  📡 RSI: 52.0 | MACD: -0.13 | ATR: 0.70
  📊 Filled: 0 | Pending: 0
  🔲 Regime: RANGING | Range pos: 69% | RSI: 52.0
  💰 Daily P&L: $+0.00

[2026-07-03 11:17] O:7558.25 H:7558.50 L:7557.75 C:7558.00 V:85.0
  📈 Trend: moderate_bullish | 🌍 Regime: ranging
  🗺️  Grid: 0.080% | 🔺 7558.75 🔻 7557.25
  📡 RSI: 48.0 | MACD: -0.10 | ATR: 0.73
  📊 Filled: 0 | Pending: 0
  🔲 Regime: RANGING | Range pos: 67% | RSI: 48.0
  💰 Daily P&L: $+0.00

[2026-07-03 11:18] O:7558.00 H:7558.25 L:7558.00 C:7558.00 V:82.0
  📈 Trend: moderate_bullish | 🌍 Regime: ranging
  🗺️  Grid: 0.080% | 🔺 7558.50 🔻 7557.75
  📡 RSI: 52.2 | MACD: -0.07 | ATR: 0.71
  📊 Filled: 0 | Pending: 0
  🔲 Regime: RANGING | Range pos: 67% | RSI: 52.2
  💰 Daily P&L: $+0.00

[2026-07-03 11:19] O:7558.00 H:7558.00 L:7557.00 C:7557.00 V:178.0
  📈 Trend: moderate_bullish (raw: strong_bearish) | 🌍 Regime: ranging
  🗺️  Grid: 0.080% | 🔺 7558.25 🔻 7558.00
  📡 RSI: 44.4 | MACD: -0.14 | ATR: 0.73
  📊 Filled: 0 | Pending: 0
  🔲 Regime: RANGING | Range pos: 58% | RSI: 44.4
  💰 Daily P&L: $+0.00

[2026-07-03 11:20] O:7557.00 H:7557.25 L:7556.25 C:7556.75 V:180.0
  📈 Trend: strong_bearish | 🌍 Regime: ranging
  🗺️  Grid: 0.080% | 🔺 7558.00 🔻 7557.00
  📡 RSI: 42.9 | MACD: -0.20 | ATR: 0.80
  📊 Filled: 0 | Pending: 0
  🔲 Regime: RANGING | Range pos: 56% | RSI: 42.9
  💰 Daily P&L: $+0.00

[2026-07-03 11:21] O:7556.75 H:7557.75 L:7556.50 C:7556.50 V:123.0
  📈 Trend: strong_bearish | 🌍 Regime: ranging
  🗺️  Grid: 0.080% | 🔺 7557.25 🔻 7556.25
  📡 RSI: 48.0 | MACD: -0.27 | ATR: 0.80
  📊 Filled: 0 | Pending: 0
  🔲 Regime: RANGING | Range pos: 53% | RSI: 48.0
  💰 Daily P&L: $+0.00

[2026-07-03 11:22] O:7556.25 H:7556.25 L:7554.75 C:7555.00 V:219.0
  📈 Trend: strong_bearish | 🌍 Regime: ranging
  🗺️  Grid: 0.080% | 🔺 7557.75 🔻 7556.50
  📡 RSI: 36.7 | MACD: -0.44 | ATR: 0.88
  📊 Filled: 0 | Pending: 0
  🔲 Regime: RANGING | Range pos: 40% | RSI: 36.7
  💰 Daily P&L: $+0.00

[2026-07-03 11:23] O:7555.00 H:7555.75 L:7555.00 C:7555.75 V:78.0
  📈 Trend: strong_bearish | 🌍 Regime: ranging
  🗺️  Grid: 0.080% | 🔺 7556.25 🔻 7554.75
  📡 RSI: 36.7 | MACD: -0.51 | ATR: 0.86
  📊 Filled: 0 | Pending: 0
  🔲 Regime: RANGING | Range pos: 47% | RSI: 36.7
  💰 Daily P&L: $+0.00

[2026-07-03 11:24] O:7555.75 H:7555.75 L:7554.25 C:7554.75 V:134.0
  📈 Trend: strong_bearish | 🌍 Regime: ranging
  🗺️  Grid: 0.080% | 🔺 7555.75 🔻 7555.00
  📡 RSI: 32.4 | MACD: -0.64 | ATR: 0.91
  📊 Filled: 0 | Pending: 0
  🔲 Regime: RANGING | Range pos: 38% | RSI: 32.4
  💰 Daily P&L: $+0.00

[2026-07-03 11:25] O:7554.75 H:7556.00 L:7554.75 C:7555.25 V:83.0
  📈 Trend: strong_bearish | 🌍 Regime: ranging
  🗺️  Grid: 0.080% | 🔺 7555.75 🔻 7554.25
  📡 RSI: 37.1 | MACD: -0.69 | ATR: 0.98
  📊 Filled: 0 | Pending: 0
  🔲 Regime: RANGING | Range pos: 42% | RSI: 37.1
  💰 Daily P&L: $+0.00

[2026-07-03 11:26] O:7555.25 H:7555.25 L:7554.75 C:7555.25 V:85.0
  📈 Trend: strong_bearish | 🌍 Regime: ranging
  🗺️  Grid: 0.080% | 🔺 7556.00 🔻 7554.75
  📡 RSI: 31.2 | MACD: -0.73 | ATR: 0.96
  📊 Filled: 0 | Pending: 0
  🔲 Regime: RANGING | Range pos: 42% | RSI: 31.2
  💰 Daily P&L: $+0.00

[2026-07-03 11:27] O:7555.25 H:7555.25 L:7554.75 C:7555.00 V:94.0
  📈 Trend: strong_bearish | 🌍 Regime: ranging
  🗺️  Grid: 0.080% | 🔺 7555.25 🔻 7554.75
  📡 RSI: 32.3 | MACD: -0.76 | ATR: 0.95
  📊 Filled: 0 | Pending: 0
  🔲 Regime: RANGING | Range pos: 40% | RSI: 32.3
  💰 Daily P&L: $+0.00

[2026-07-03 11:28] O:7555.00 H:7555.00 L:7554.50 C:7554.75 V:41.0
  📈 Trend: strong_bearish | 🌍 Regime: ranging
  🗺️  Grid: 0.080% | 🔺 7555.25 🔻 7554.75
  📡 RSI: 34.5 | MACD: -0.80 | ATR: 0.93
  📊 Filled: 0 | Pending: 0
  🔲 Regime: RANGING | Range pos: 38% | RSI: 34.5
  💰 Daily P&L: $+0.00

[2026-07-03 11:29] O:7554.75 H:7555.00 L:7554.50 C:7554.75 V:41.0
  📈 Trend: strong_bearish | 🌍 Regime: ranging
  🗺️  Grid: 0.080% | 🔺 7555.00 🔻 7554.50
  📡 RSI: 29.6 | MACD: -0.83 | ATR: 0.93
  📊 Filled: 0 | Pending: 0
  🔲 Regime: RANGING | Range pos: 38% | RSI: 29.6
  💰 Daily P&L: $+0.00

[2026-07-03 11:30] O:7555.00 H:7555.50 L:7554.75 C:7555.50 V:110.0
  📈 Trend: strong_bearish | 🌍 Regime: ranging
  🗺️  Grid: 0.080% | 🔺 7555.00 🔻 7554.50
