2026-07-17 17:00:40 | ERROR    | Error 1100, reqId -1: Connectivity between IBKR and Trader Workstation has been lost.
2026-07-17 17:00:54 | ERROR    | Error 1100, reqId -1: Connectivity between IBKR and Trader Workstation has been lost.
2026-07-17 17:00:57 | ERROR    | Error handling fields: ['10', '540', 'ES', 'FUT', '20260918 08:30:00 US/Central', '0', '', 'CME', 'USD', 'ESU6', 'ES', 'ES', '649180671', '0.25', '50', 'ACTIVETIM,AD,ADJUST,ALERT,ALGO,ALLOC,AVGCOST,BASKET,BENCHPX,COND,CONDORDER,DAY,DEACT,DEACTDIS,DEACTEOD,GAT,GTC,GTD,GTT,HID,ICE,IOC,LIT,LMT,LTH,MIT,MKT,MTL,NGCOMB,NONALGO,OCA,PEGBENCH,SCALE,SCALERST,SNAPMID,SNAPMKT,SNAPREL,STP,STPLMT,TRAIL,TRAILLIT,TRAILLMT,TRAILMIT,WHATIF', 'CME,QBALGO', '1', '11004968', 'E-mini S&P 500', '', '202609', '', '', '', 'US/Central', '20260716:1700-20260717:1600;20260718:CLOSED;20260719:1700-20260720:1600;20260720:1700-20260721:1600;20260721:1700-20260722:1600;20260722:1700-20260723:1600', '20260717:0830-20260717:1600;20260718:CLOSED;20260719:CLOSED;20260720:0830-20260720:1600;20260721:0830-20260721:1600;20260722:0830-20260722:1600;20260722:1700-20260723:1600', '', '', '0', '2147483647', 'ES', 'IND', '67,67', '20260918', '', '1', '1', '1']
Traceback (most recent call last):
  File "C:\Python312\Lib\site-packages\ib_insync\decoder.py", line 198, in interpret
    handler(fields)
  File "C:\Python312\Lib\site-packages\ib_insync\decoder.py", line 336, in contractDetails
    self.wrapper.contractDetails(int(reqId), cd)
  File "C:\Python312\Lib\site-packages\ib_insync\wrapper.py", line 521, in contractDetails
    self._results[reqId].append(contractDetails)
    ~~~~~~~~~~~~~^^^^^^^
KeyError: 540
2026-07-17 17:00:57 | ERROR    | Error 1102, reqId -1: Connectivity between IBKR and Trader Workstation has been restored - data maintained. All data farms are connected: usfarm.nj; usfuture; usfarm; euhmds; fundfarm; ushmds; secdefnj.
arish
  🗺️  Grid: 0.080% | 🔺 7487.75 🔻 7487.00
  📡 RSI: 45.2 | MACD: -3.13 | ATR: 2.70
  📊 Filled: 0 | Pending: 0
  🕐 Outside session (08:25 CT) — no entries
  💰 Daily P&L: $+0.00

[2026-07-17 08:26] O:7492.75 H:7493.50 L:7491.00 C:7491.75 V:1509.0
  📈 Trend: strong_bearish | 🌍 Regime: trending_bearish
  🗺️  Grid: 0.080% | 🔺 7494.50 🔻 7487.25
  📡 RSI: 44.0 | MACD: -2.82 | ATR: 2.80
  📊 Filled: 0 | Pending: 0
  🕐 Outside session (08:26 CT) — no entries
  💰 Daily P&L: $+0.00

[2026-07-17 08:27] O:7491.75 H:7493.00 L:7483.75 C:7485.50 V:3457.0
  📈 Trend: strong_bearish | 🌍 Regime: trending_bearish
  🗺️  Grid: 0.080% | 🔺 7493.50 🔻 7491.00
  📡 RSI: 34.0 | MACD: -3.05 | ATR: 3.38
  📊 Filled: 0 | Pending: 0
  🕐 Outside session (08:27 CT) — no entries
  💰 Daily P&L: $+0.00

[2026-07-17 08:28] O:7485.25 H:7489.50 L:7484.00 C:7488.00 V:4606.0
  📈 Trend: strong_bearish | 🌍 Regime: trending_bearish
  🗺️  Grid: 0.080% | 🔺 7493.00 🔻 7483.75
  📡 RSI: 40.6 | MACD: -2.99 | ATR: 3.62
  📊 Filled: 0 | Pending: 0
  🕐 Outside session (08:28 CT) — no entries
  💰 Daily P&L: $+0.00

[2026-07-17 08:29] O:7488.00 H:7488.00 L:7483.25 C:7485.50 V:6489.0
  📈 Trend: strong_bearish | 🌍 Regime: trending_bearish
  🗺️  Grid: 0.080% | 🔺 7489.50 🔻 7484.00
  📡 RSI: 38.1 | MACD: -3.11 | ATR: 3.77
  📊 Filled: 0 | Pending: 0
  🕐 Outside session (08:29 CT) — no entries
  💰 Daily P&L: $+0.00

[2026-07-17 08:30] O:7485.25 H:7490.00 L:7482.50 C:7488.25 V:15656.0
  📈 Trend: strong_bearish | 🌍 Regime: trending_bearish
  🗺️  Grid: 0.080% | 🔺 7488.00 🔻 7483.25
  📡 RSI: 40.2 | MACD: -2.95 | ATR: 4.05
  📊 Filled: 0 | Pending: 0
  🕐 Outside session (08:30 CT) — no entries
  💰 Daily P&L: $+0.00

[2026-07-17 08:31] O:7488.25 H:7491.25 L:7486.00 C:7490.25 V:9428.0
  📈 Trend: strong_bearish | 🌍 Regime: trending_bearish
  🗺️  Grid: 0.080% | 🔺 7490.00 🔻 7482.50
  📡 RSI: 42.1 | MACD: -2.63 | ATR: 4.23
  📊 Filled: 0 | Pending: 0
  🕐 Outside session (08:31 CT) — no entries
  💰 Daily P&L: $+0.00

[2026-07-17 08:32] O:7490.25 H:7490.50 L:7483.25 C:7483.50 V:7927.0
  📈 Trend: strong_bearish | 🌍 Regime: trending_bearish
  🗺️  Grid: 0.080% | 🔺 7491.25 🔻 7486.00
  📡 RSI: 37.8 | MACD: -2.89 | ATR: 4.45
  📊 Filled: 0 | Pending: 0
  🕐 Outside session (08:32 CT) — no entries
  💰 Daily P&L: $+0.00

[2026-07-17 08:33] O:7483.50 H:7485.00 L:7477.50 C:7478.00 V:7890.0
  📈 Trend: strong_bearish | 🌍 Regime: trending_bearish
  🗺️  Grid: 0.080% | 🔺 7490.50 🔻 7483.25
  📡 RSI: 32.5 | MACD: -3.50 | ATR: 4.86
  📊 Filled: 0 | Pending: 0
  🕐 Outside session (08:33 CT) — no entries
  💰 Daily P&L: $+0.00

[2026-07-17 08:34] O:7478.25 H:7479.50 L:7475.00 C:7475.25 V:8340.0
  📈 Trend: strong_bearish | 🌍 Regime: trending_bearish
  🗺️  Grid: 0.080% | 🔺 7485.00 🔻 7477.50
  📡 RSI: 32.5 | MACD: -4.16 | ATR: 4.89
  📊 Filled: 0 | Pending: 0
  🕐 Outside session (08:34 CT) — no entries
  💰 Daily P&L: $+0.00

[2026-07-17 08:35] O:7475.25 H:7478.00 L:7473.00 C:7474.00 V:8076.0
  📈 Trend: strong_bearish | 🌍 Regime: trending_bearish
  🗺️  Grid: 0.081% | 🔺 7479.50 🔻 7475.00
  📡 RSI: 31.7 | MACD: -4.72 | ATR: 5.05
  📊 Filled: 0 | Pending: 0
  🕐 Outside session (08:35 CT) — no entries
  💰 Daily P&L: $+0.00

[2026-07-17 08:36] O:7474.00 H:7479.50 L:7473.50 C:7475.00 V:8632.0
  📈 Trend: strong_bearish | 🌍 Regime: trending_bearish
  🗺️  Grid: 0.085% | 🔺 7478.00 🔻 7473.00
  📡 RSI: 34.2 | MACD: -5.03 | ATR: 5.32
  📊 Filled: 0 | Pending: 0
  🕐 Outside session (08:36 CT) — no entries
  💰 Daily P&L: $+0.00

[2026-07-17 08:37] O:7475.00 H:7477.75 L:7474.00 C:7477.50 V:5518.0
  📈 Trend: strong_bearish | 🌍 Regime: trending_bearish
  🗺️  Grid: 0.088% | 🔺 7479.50 🔻 7473.50
  📡 RSI: 38.2 | MACD: -5.02 | ATR: 5.50
  📊 Filled: 0 | Pending: 0
  🕐 Outside session (08:37 CT) — no entries
  💰 Daily P&L: $+0.00

[2026-07-17 08:38] O:7477.25 H:7480.75 L:7475.00 C:7477.50 V:6369.0
  📈 Trend: strong_bearish | 🌍 Regime: trending_bearish
  🗺️  Grid: 0.094% | 🔺 7477.75 🔻 7474.00
  📡 RSI: 38.7 | MACD: -4.95 | ATR: 5.86
  📊 Filled: 0 | Pending: 0
  🕐 Outside session (08:38 CT) — no entries
  💰 Daily P&L: $+0.00

[2026-07-17 08:39] O:7477.25 H:7482.00 L:7476.50 C:7480.50 V:7871.0
  📈 Trend: strong_bearish | 🌍 Regime: trending_bearish
  🗺️  Grid: 0.092% | 🔺 7480.75 🔻 7475.00
  📡 RSI: 34.8 | MACD: -4.60 | ATR: 5.71
  📊 Filled: 0 | Pending: 0
  🕐 Outside session (08:39 CT) — no entries
  💰 Daily P&L: $+0.00

[2026-07-17 08:40] O:7480.75 H:7488.50 L:7478.75 C:7484.25 V:9911.0
  📈 Trend: strong_bearish | 🌍 Regime: trending_bearish
  🗺️  Grid: 0.100% | 🔺 7482.00 🔻 7476.50
  📡 RSI: 41.2 | MACD: -3.98 | ATR: 6.23
  📊 Filled: 0 | Pending: 0
  🕐 Outside session (08:40 CT) — no entries
  💰 Daily P&L: $+0.00

[2026-07-17 08:41] O:7484.00 H:7492.25 L:7483.75 C:7486.75 V:7089.0
  📈 Trend: strong_bearish | 🌍 Regime: trending_bearish
  🗺️  Grid: 0.099% | 🔺 7488.50 🔻 7478.75
  📡 RSI: 51.6 | MACD: -3.24 | ATR: 6.18
  📊 Filled: 0 | Pending: 0
  🕐 Outside session (08:41 CT) — no entries
  💰 Daily P&L: $+0.00

[2026-07-17 08:42] O:7487.00 H:7488.25 L:7478.75 C:7478.75 V:5897.0
  📈 Trend: strong_bearish | 🌍 Regime: trending_bearish
  🗺️  Grid: 0.104% | 🔺 7492.25 🔻 7483.75
  📡 RSI: 39.5 | MACD: -3.27 | ATR: 6.46
  📊 Filled: 0 | Pending: 0
  🕐 Outside session (08:42 CT) — no entries
  💰 Daily P&L: $+0.00

[2026-07-17 08:43] O:7478.75 H:7481.25 L:7477.25 C:7478.00 V:4487.0
  📈 Trend: strong_bearish | 🌍 Regime: trending_bearish
  🗺️  Grid: 0.103% | 🔺 7488.25 🔻 7478.75
  📡 RSI: 41.2 | MACD: -3.31 | ATR: 6.41
  📊 Filled: 0 | Pending: 0
  🕐 Outside session (08:43 CT) — no entries
  💰 Daily P&L: $+0.00

[2026-07-17 08:44] O:7477.75 H:7477.75 L:7473.50 C:7475.75 V:6631.0
  📈 Trend: strong_bearish | 🌍 Regime: trending_bearish
  🗺️  Grid: 0.099% | 🔺 7481.25 🔻 7477.25
  📡 RSI: 35.1 | MACD: -3.49 | ATR: 6.20
  📊 Filled: 0 | Pending: 0
  🕐 Outside session (08:44 CT) — no entries
  💰 Daily P&L: $+0.00

[2026-07-17 08:45] O:7475.75 H:7486.25 L:7475.00 C:7484.75 V:8763.0
  📈 Trend: strong_bearish | 🌍 Regime: trending_bearish
  🗺️  Grid: 0.106% | 🔺 7477.75 🔻 7473.50
  📡 RSI: 44.4 | MACD: -2.87 | ATR: 6.62
  📊 Filled: 0 | Pending: 0
  💰 Daily P&L: $+0.00

[2026-07-17 08:46] O:7484.50 H:7489.75 L:7484.00 C:7484.00 V:5903.0
  📈 Trend: strong_bearish | 🌍 Regime: trending_bearish
  🗺️  Grid: 0.105% | 🔺 7486.25 🔻 7475.00
  📡 RSI: 50.6 | MACD: -2.41 | ATR: 6.52
  📊 Filled: 0 | Pending: 0
  💰 Daily P&L: $+0.00

[2026-07-17 08:47] O:7484.00 H:7492.75 L:7482.25 C:7492.25 V:5069.0
  📈 Trend: strong_bearish (raw: moderate_bearish) | 🌍 Regime: trending_bearish
  🗺️  Grid: 0.108% | 🔺 7489.75 🔻 7484.00
  📡 RSI: 65.6 | MACD: -1.36 | ATR: 6.73
  📊 Filled: 0 | Pending: 0
  💰 Daily P&L: $+0.00

[2026-07-17 08:48] O:7492.25 H:7496.75 L:7491.50 C:7495.75 V:7010.0
  📈 Trend: moderate_bearish | 🌍 Regime: trending_bearish
  🗺️  Grid: 0.109% | 🔺 7492.75 🔻 7482.25
  📡 RSI: 72.0 | MACD: -0.25 | ATR: 6.79
  📊 Filled: 0 | Pending: 0
  💰 Daily P&L: $+0.00

[2026-07-17 08:49] O:7495.75 H:7497.00 L:7492.25 C:7495.75 V:4657.0
  📈 Trend: moderate_bearish (raw: moderate_bullish) | 🌍 Regime: trending_bullish
  🗺️  Grid: 0.108% | 🔺 7496.75 🔻 7491.50
  📡 RSI: 74.0 | MACD: 0.63 | ATR: 6.77
  📊 Filled: 0 | Pending: 0
  💰 Daily P&L: $+0.00

[2026-07-17 08:50] O:7495.75 H:7499.00 L:7495.50 C:7497.50 V:4749.0
  📈 Trend: moderate_bullish | 🌍 Regime: trending_bullish
  🗺️  Grid: 0.105% | 🔺 7497.00 🔻 7492.25
  📡 RSI: 74.5 | MACD: 1.44 | ATR: 6.59
  📊 Filled: 0 | Pending: 0
  💰 Daily P&L: $+0.00

[2026-07-17 08:51] O:7497.50 H:7500.75 L:7496.00 C:7496.50 V:4910.0
  📈 Trend: moderate_bullish | 🌍 Regime: trending_bullish
  🗺️  Grid: 0.107% | 🔺 7499.00 🔻 7495.50
  📡 RSI: 71.3 | MACD: 1.99 | ATR: 6.66
  📊 Filled: 0 | Pending: 0
  💰 Daily P&L: $+0.00

[2026-07-17 08:52] O:7496.50 H:7502.75 L:7496.00 C:7500.75 V:4551.0
  📈 Trend: moderate_bullish | 🌍 Regime: trending_bullish
  🗺️  Grid: 0.108% | 🔺 7500.75 🔻 7496.00
  📡 RSI: 73.8 | MACD: 2.73 | ATR: 6.73
  📊 Filled: 0 | Pending: 0
  💰 Daily P&L: $+0.00

[2026-07-17 08:53] O:7500.75 H:7506.25 L:7499.50 C:7505.75 V:5119.0
  📈 Trend: moderate_bullish | 🌍 Regime: trending_bullish
  🗺️  Grid: 0.109% | 🔺 7502.75 🔻 7496.00
  📡 RSI: 74.9 | MACD: 3.68 | ATR: 6.82
  📊 Filled: 0 | Pending: 0
  💰 Daily P&L: $+0.00

[2026-07-17 08:54] O:7505.75 H:7507.75 L:7503.75 C:7504.00 V:5059.0
  📈 Trend: moderate_bullish | 🌍 Regime: trending_bullish
  🗺️  Grid: 0.103% | 🔺 7506.25 🔻 7499.50
  📡 RSI: 70.3 | MACD: 4.25 | ATR: 6.41
  📊 Filled: 0 | Pending: 0
  💰 Daily P&L: $+0.00

[2026-07-17 08:55] O:7504.25 H:7509.25 L:7501.50 C:7506.25 V:5684.0
  📈 Trend: moderate_bullish | 🌍 Regime: trending_bullish
  🗺️  Grid: 0.102% | 🔺 7507.75 🔻 7503.75
  📡 RSI: 70.1 | MACD: 4.82 | ATR: 6.36
  📊 Filled: 0 | Pending: 0
  💰 Daily P&L: $+0.00

[2026-07-17 08:56] O:7506.25 H:7508.75 L:7504.25 C:7506.25 V:4490.0
  📈 Trend: moderate_bullish (raw: strong_bullish) | 🌍 Regime: trending_bullish
  🗺️  Grid: 0.096% | 🔺 7509.25 🔻 7501.50
  📡 RSI: 84.0 | MACD: 5.21 | ATR: 6.00
  📊 Filled: 0 | Pending: 0
  💰 Daily P&L: $+0.00

[2026-07-17 08:57] O:7506.25 H:7511.00 L:7504.75 C:7509.00 V:4820.0
  📈 Trend: strong_bullish | 🌍 Regime: trending_bullish
  🗺️  Grid: 0.098% | 🔺 7508.75 🔻 7504.25
  📡 RSI: 86.5 | MACD: 5.68 | ATR: 6.16
  📊 Filled: 0 | Pending: 0
  💰 Daily P&L: $+0.00

[2026-07-17 08:58] O:7509.00 H:7513.75 L:7508.75 C:7513.25 V:4346.0
  📈 Trend: strong_bullish | 🌍 Regime: trending_bullish
  🗺️  Grid: 0.099% | 🔺 7511.00 🔻 7504.75
  📡 RSI: 92.1 | MACD: 6.32 | ATR: 6.20
  📊 Filled: 0 | Pending: 0
  💰 Daily P&L: $+0.00

[2026-07-17 08:59] O:7513.00 H:7514.00 L:7511.50 C:7513.75 V:3479.0
  📈 Trend: strong_bullish | 🌍 Regime: trending_bullish
  🗺️  Grid: 0.089% | 🔺 7513.75 🔻 7508.75
  📡 RSI: 90.3 | MACD: 6.79 | ATR: 5.57
  📊 Filled: 0 | Pending: 0
  💰 Daily P&L: $+0.00

[2026-07-17 09:00] O:7513.75 H:7521.75 L:7512.50 C:7521.75 V:10649.0
  📈 Trend: strong_bullish | 🌍 Regime: trending_bullish
  🗺️  Grid: 0.093% | 🔺 7514.00 🔻 7511.50
  📡 RSI: 93.6 | MACD: 7.72 | ATR: 5.82
  📊 Filled: 0 | Pending: 0
  💰 Daily P&L: $+0.00

[2026-07-17 09:01] O:7521.75 H:7522.50 L:7517.25 C:7517.75 V:8063.0
  📈 Trend: strong_bullish | 🌍 Regime: trending_bullish
  🗺️  Grid: 0.087% | 🔺 7521.75 🔻 7512.50
  📡 RSI: 82.7 | MACD: 8.04 | ATR: 5.45
  📊 Filled: 0 | Pending: 0
  💰 Daily P&L: $+0.00

[2026-07-17 09:02] O:7517.75 H:7522.25 L:7517.50 C:7520.50 V:6636.0
  📈 Trend: strong_bullish | 🌍 Regime: trending_bullish
  🗺️  Grid: 0.086% | 🔺 7522.50 🔻 7517.25
  📡 RSI: 82.4 | MACD: 8.42 | ATR: 5.41
  📊 Filled: 0 | Pending: 0
  💰 Daily P&L: $+0.00

[2026-07-17 09:03] O:7520.50 H:7523.75 L:7518.50 C:7519.75 V:6669.0
  📈 Trend: strong_bullish | 🌍 Regime: trending_bullish
  🗺️  Grid: 0.087% | 🔺 7522.25 🔻 7517.50
  📡 RSI: 80.8 | MACD: 8.56 | ATR: 5.45
  📊 Filled: 0 | Pending: 0
  💰 Daily P&L: $+0.00

[2026-07-17 09:04] O:7519.75 H:7522.25 L:7518.00 C:7519.00 V:6460.0
  📈 Trend: strong_bullish | 🌍 Regime: trending_bullish
  🗺️  Grid: 0.088% | 🔺 7523.75 🔻 7518.50
  📡 RSI: 78.3 | MACD: 8.51 | ATR: 5.50
  📊 Filled: 0 | Pending: 0
  💰 Daily P&L: $+0.00

[2026-07-17 09:05] O:7518.75 H:7527.25 L:7518.75 C:7523.50 V:7995.0
  📈 Trend: strong_bullish | 🌍 Regime: trending_bullish
  🗺️  Grid: 0.092% | 🔺 7522.25 🔻 7518.00
  📡 RSI: 82.5 | MACD: 8.74 | ATR: 5.77
  📊 Filled: 0 | Pending: 0
  💰 Daily P&L: $+0.00

[2026-07-17 09:06] O:7523.25 H:7530.50 L:7522.50 C:7528.25 V:6172.0
  📈 Trend: strong_bullish | 🌍 Regime: trending_bullish
  🗺️  Grid: 0.093% | 🔺 7527.25 🔻 7518.75
  📡 RSI: 82.7 | MACD: 9.20 | ATR: 5.86
  📊 Filled: 0 | Pending: 0
  💰 Daily P&L: $+0.00

[2026-07-17 09:07] O:7528.50 H:7529.50 L:7525.25 C:7526.75 V:4906.0
  📈 Trend: strong_bullish | 🌍 Regime: trending_bullish
  🗺️  Grid: 0.091% | 🔺 7530.50 🔻 7522.50
  📡 RSI: 77.3 | MACD: 9.33 | ATR: 5.68
  📊 Filled: 0 | Pending: 0
  💰 Daily P&L: $+0.00

[2026-07-17 09:08] O:7526.50 H:7529.25 L:7526.00 C:7527.25 V:4831.0
  📈 Trend: strong_bullish | 🌍 Regime: trending_bullish
  🗺️  Grid: 0.090% | 🔺 7529.50 🔻 7525.25
  📡 RSI: 81.2 | MACD: 9.37 | ATR: 5.62
  📊 Filled: 0 | Pending: 0
  💰 Daily P&L: $+0.00

[2026-07-17 09:09] O:7527.25 H:7529.75 L:7524.75 C:7529.00 V:4502.0
  📈 Trend: strong_bullish | 🌍 Regime: trending_bullish
  🗺️  Grid: 0.087% | 🔺 7529.25 🔻 7526.00
  📡 RSI: 81.0 | MACD: 9.43 | ATR: 5.43
  📊 Filled: 0 | Pending: 0
  💰 Daily P&L: $+0.00

[2026-07-17 09:10] O:7529.00 H:7533.75 L:7528.75 C:7532.25 V:5923.0
  📈 Trend: strong_bullish | 🌍 Regime: trending_bullish
  🗺️  Grid: 0.087% | 🔺 7529.75 🔻 7524.75
  📡 RSI: 82.5 | MACD: 9.63 | ATR: 5.46
  📊 Filled: 0 | Pending: 0
  💰 Daily P&L: $+0.00

[2026-07-17 09:11] O:7532.00 H:7533.25 L:7530.50 C:7531.75 V:6470.0
  📈 Trend: strong_bullish | 🌍 Regime: trending_bullish
  🗺️  Grid: 0.083% | 🔺 7533.75 🔻 7528.75
  📡 RSI: 80.1 | MACD: 9.64 | ATR: 5.21
  📊 Filled: 0 | Pending: 0
  💰 Daily P&L: $+0.00

[2026-07-17 09:12] O:7531.75 H:7532.75 L:7528.00 C:7529.25 V:5929.0
  📈 Trend: strong_bullish | 🌍 Regime: trending_bullish
  🗺️  Grid: 0.083% | 🔺 7533.25 🔻 7530.50
  📡 RSI: 72.2 | MACD: 9.33 | ATR: 5.20
  📊 Filled: 0 | Pending: 0
  💰 Daily P&L: $+0.00

[2026-07-17 09:13] O:7529.00 H:7531.25 L:7526.50 C:7527.75 V:4789.0
  📈 Trend: strong_bullish (raw: moderate_bullish) | 🌍 Regime: trending_bullish
  🗺️  Grid: 0.085% | 🔺 7532.75 🔻 7528.00
  📡 RSI: 68.9 | MACD: 8.87 | ATR: 5.36
  📊 Filled: 0 | Pending: 0
  💰 Daily P&L: $+0.00

[2026-07-17 09:14] O:7527.50 H:7529.75 L:7525.00 C:7528.75 V:5226.0
  📈 Trend: moderate_bullish | 🌍 Regime: trending_bullish
  🗺️  Grid: 0.080% | 🔺 7531.25 🔻 7526.50
  📡 RSI: 61.7 | MACD: 8.48 | ATR: 5.04
  📊 Filled: 0 | Pending: 0
  💰 Daily P&L: $+0.00

[2026-07-17 09:15] O:7528.50 H:7536.50 L:7527.50 C:7535.25 V:6042.0
  📈 Trend: moderate_bullish | 🌍 Regime: trending_bullish
  🗺️  Grid: 0.084% | 🔺 7529.75 🔻 7525.00
  📡 RSI: 76.9 | MACD: 8.60 | ATR: 5.30
  📊 Filled: 0 | Pending: 0
  💰 Daily P&L: $+0.00

[2026-07-17 09:16] O:7535.25 H:7536.00 L:7531.50 C:7534.75 V:4968.0
  📈 Trend: moderate_bullish | 🌍 Regime: trending_bullish
  🗺️  Grid: 0.084% | 🔺 7536.50 🔻 7527.50
  📡 RSI: 73.6 | MACD: 8.56 | ATR: 5.29
  📊 Filled: 0 | Pending: 0
  💰 Daily P&L: $+0.00

[2026-07-17 09:17] O:7534.50 H:7539.00 L:7533.25 C:7533.50 V:6116.0
  📈 Trend: moderate_bullish | 🌍 Regime: trending_bullish
  🗺️  Grid: 0.085% | 🔺 7536.00 🔻 7531.50
  📡 RSI: 72.4 | MACD: 8.33 | ATR: 5.32
  📊 Filled: 0 | Pending: 0
  💰 Daily P&L: $+0.00

[2026-07-17 09:18] O:7533.50 H:7534.75 L:7531.75 C:7534.00 V:4252.0
  📈 Trend: moderate_bullish | 🌍 Regime: trending_bullish
  🗺️  Grid: 0.083% | 🔺 7539.00 🔻 7533.25
  📡 RSI: 74.6 | MACD: 8.09 | ATR: 5.23
  📊 Filled: 0 | Pending: 0
  💰 Daily P&L: $+0.00

[2026-07-17 09:19] O:7534.25 H:7534.50 L:7530.50 C:7531.50 V:3897.0
  📈 Trend: moderate_bullish | 🌍 Regime: trending_bullish
  🗺️  Grid: 0.080% | 🔺 7534.75 🔻 7531.75
  📡 RSI: 64.0 | MACD: 7.62 | ATR: 4.91
  📊 Filled: 0 | Pending: 0
  💰 Daily P&L: $+0.00

[2026-07-17 09:20] O:7531.50 H:7533.25 L:7528.25 C:7528.50 V:4124.0
  📈 Trend: moderate_bullish | 🌍 Regime: trending_bullish
  🗺️  Grid: 0.080% | 🔺 7534.50 🔻 7530.50
  📡 RSI: 50.5 | MACD: 6.92 | ATR: 4.70
  📊 Filled: 0 | Pending: 0
  💰 Daily P&L: $+0.00

[2026-07-17 09:21] O:7528.50 H:7532.75 L:7527.75 C:7531.75 V:4891.0
  📈 Trend: moderate_bullish | 🌍 Regime: trending_bullish
  🗺️  Grid: 0.080% | 🔺 7533.25 🔻 7528.25
  📡 RSI: 58.8 | MACD: 6.55 | ATR: 4.75
  📊 Filled: 0 | Pending: 0
  💰 Daily P&L: $+0.00

[2026-07-17 09:22] O:7531.75 H:7534.25 L:7529.00 C:7532.50 V:5002.0
  📈 Trend: moderate_bullish (raw: strong_bullish) | 🌍 Regime: trending_bullish
  🗺️  Grid: 0.080% | 🔺 7532.75 🔻 7527.75
  📡 RSI: 59.1 | MACD: 6.25 | ATR: 4.89
  📊 Filled: 0 | Pending: 0
  💰 Daily P&L: $+0.00

[2026-07-17 09:23] O:7532.50 H:7533.75 L:7530.25 C:7531.50 V:3607.0
  📈 Trend: strong_bullish | 🌍 Regime: trending_bullish
  🗺️  Grid: 0.080% | 🔺 7534.25 🔻 7529.00
  📡 RSI: 54.5 | MACD: 5.86 | ATR: 4.79
  📊 Filled: 0 | Pending: 0
  💰 Daily P&L: $+0.00

[2026-07-17 09:24] O:7531.75 H:7536.50 L:7531.50 C:7534.50 V:3430.0
  📈 Trend: strong_bullish | 🌍 Regime: trending_bullish
  🗺️  Grid: 0.080% | 🔺 7533.75 🔻 7530.25
  📡 RSI: 54.1 | MACD: 5.73 | ATR: 4.79
  📊 Filled: 0 | Pending: 0
  💰 Daily P&L: $+0.00

[2026-07-17 09:25] O:7534.25 H:7538.00 L:7534.00 C:7534.75 V:3846.0
  📈 Trend: strong_bullish | 🌍 Regime: trending_bullish
  🗺️  Grid: 0.080% | 🔺 7536.50 🔻 7531.50
  📡 RSI: 55.5 | MACD: 5.58 | ATR: 4.88
  📊 Filled: 0 | Pending: 0
  💰 Daily P&L: $+0.00

[2026-07-17 09:26] O:7534.75 H:7535.00 L:7532.75 C:7533.50 V:3991.0
  📈 Trend: strong_bullish | 🌍 Regime: trending_bullish
  🗺️  Grid: 0.080% | 🔺 7538.00 🔻 7534.00
  📡 RSI: 58.1 | MACD: 5.30 | ATR: 4.70
  📊 Filled: 0 | Pending: 0
  💰 Daily P&L: $+0.00

[2026-07-17 09:27] O:7533.50 H:7536.50 L:7531.75 C:7533.50 V:3741.0
  📈 Trend: strong_bullish | 🌍 Regime: trending_bullish
  🗺️  Grid: 0.080% | 🔺 7535.00 🔻 7532.75
  📡 RSI: 61.6 | MACD: 5.02 | ATR: 4.70
  📊 Filled: 0 | Pending: 0
  💰 Daily P&L: $+0.00

[2026-07-17 09:28] O:7533.50 H:7534.00 L:7529.75 C:7530.75 V:3956.0
  📈 Trend: strong_bullish | 🌍 Regime: trending_bullish
  🗺️  Grid: 0.080% | 🔺 7536.50 🔻 7531.75
  📡 RSI: 53.8 | MACD: 4.52 | ATR: 4.66
  📊 Filled: 0 | Pending: 0
  💰 Daily P&L: $+0.00

[2026-07-17 09:29] O:7530.75 H:7531.00 L:7527.50 C:7529.25 V:4257.0
  📈 Trend: strong_bullish (raw: moderate_bullish) | 🌍 Regime: trending_bullish
  🗺️  Grid: 0.080% | 🔺 7534.00 🔻 7529.75
  📡 RSI: 36.0 | MACD: 3.96 | ATR: 4.27
  📊 Filled: 0 | Pending: 0
  💰 Daily P&L: $+0.00

[2026-07-17 09:30] O:7529.50 H:7531.50 L:7527.75 C:7530.25 V:5482.0
  📈 Trend: moderate_bullish | 🌍 Regime: trending_bullish
  🗺️  Grid: 0.080% | 🔺 7531.00 🔻 7527.50
  📡 RSI: 39.8 | MACD: 3.56 | ATR: 4.21
  📊 Filled: 0 | Pending: 0
  💰 Daily P&L: $+0.00

[2026-07-17 09:31] O:7530.25 H:7532.50 L:7527.00 C:7527.00 V:4221.0
  📈 Trend: moderate_bullish | 🌍 Regime: trending_bullish
  🗺️  Grid: 0.080% | 🔺 7531.50 🔻 7527.75
  📡 RSI: 36.5 | MACD: 2.94 | ATR: 4.20
  📊 Filled: 0 | Pending: 0
  💰 Daily P&L: $+0.00

[2026-07-17 09:32] O:7527.00 H:7527.75 L:7523.25 C:7523.50 V:4269.0
  📈 Trend: moderate_bullish | 🌍 Regime: trending_bullish
  🗺️  Grid: 0.080% | 🔺 7532.50 🔻 7527.00
  📡 RSI: 30.6 | MACD: 2.15 | ATR: 4.30
  📊 Filled: 0 | Pending: 0
  💰 Daily P&L: $+0.00

[2026-07-17 09:33] O:7523.50 H:7527.00 L:7521.75 C:7523.50 V:5074.0
  📈 Trend: moderate_bullish | 🌍 Regime: trending_bullish
  🗺️  Grid: 0.080% | 🔺 7527.75 🔻 7523.25
  📡 RSI: 33.7 | MACD: 1.50 | ATR: 4.39
  📊 Filled: 0 | Pending: 0
  💰 Daily P&L: $+0.00

[2026-07-17 09:34] O:7523.75 H:7529.25 L:7523.25 C:7525.75 V:3550.0
  📈 Trend: moderate_bullish | 🌍 Regime: trending_bullish
  🗺️  Grid: 0.080% | 🔺 7527.00 🔻 7521.75
  📡 RSI: 44.2 | MACD: 1.16 | ATR: 4.46
  📊 Filled: 0 | Pending: 0
  💰 Daily P&L: $+0.00

[2026-07-17 09:35] O:7526.00 H:7530.50 L:7523.00 C:7530.25 V:5416.0
  📈 Trend: moderate_bullish | 🌍 Regime: trending_bullish
  🗺️  Grid: 0.080% | 🔺 7529.25 🔻 7523.25
  📡 RSI: 47.0 | MACD: 1.23 | ATR: 4.64
  📊 Filled: 0 | Pending: 0
  💰 Daily P&L: $+0.00

[2026-07-17 09:36] O:7530.25 H:7533.00 L:7528.75 C:7530.50 V:3315.0
  📈 Trend: moderate_bullish | 🌍 Regime: trending_bullish
  🗺️  Grid: 0.080% | 🔺 7530.50 🔻 7523.00
  📡 RSI: 45.9 | MACD: 1.30 | ATR: 4.57
  📊 Filled: 0 | Pending: 0
  💰 Daily P&L: $+0.00

[2026-07-17 09:37] O:7530.25 H:7532.00 L:7527.50 C:7529.25 V:2529.0
  📈 Trend: moderate_bullish | 🌍 Regime: trending_bullish
  🗺️  Grid: 0.080% | 🔺 7533.00 🔻 7528.75
  📡 RSI: 45.5 | MACD: 1.23 | ATR: 4.64
  📊 Filled: 0 | Pending: 0
  💰 Daily P&L: $+0.00

[2026-07-17 09:38] O:7529.25 H:7534.00 L:7528.75 C:7531.25 V:3684.0
  📈 Trend: moderate_bullish | 🌍 Regime: trending_bullish
  🗺️  Grid: 0.080% | 🔺 7532.00 🔻 7527.50
  📡 RSI: 43.2 | MACD: 1.33 | ATR: 4.66
  📊 Filled: 0 | Pending: 0
  💰 Daily P&L: $+0.00

[2026-07-17 09:39] O:7531.25 H:7533.25 L:7530.00 C:7532.75 V:3895.0
  📈 Trend: moderate_bullish (raw: strong_bullish) | 🌍 Regime: trending_bullish
  🗺️  Grid: 0.080% | 🔺 7534.00 🔻 7528.75
  📡 RSI: 46.0 | MACD: 1.51 | ATR: 4.61
  📊 Filled: 0 | Pending: 0
  💰 Daily P&L: $+0.00

[2026-07-17 09:40] O:7532.75 H:7533.75 L:7529.50 C:7530.25 V:3619.0
  📈 Trend: moderate_bullish | 🌍 Regime: trending_bullish
  🗺️  Grid: 0.080% | 🔺 7533.25 🔻 7530.00
  📡 RSI: 43.8 | MACD: 1.43 | ATR: 4.75
  📊 Filled: 0 | Pending: 0
  💰 Daily P&L: $+0.00

[2026-07-17 09:41] O:7530.25 H:7532.75 L:7529.25 C:7530.25 V:3330.0
  📈 Trend: moderate_bullish | 🌍 Regime: trending_bullish
  🗺️  Grid: 0.080% | 🔺 7533.75 🔻 7529.50
  📡 RSI: 43.8 | MACD: 1.36 | ATR: 4.66
  📊 Filled: 0 | Pending: 0
  💰 Daily P&L: $+0.00

[2026-07-17 09:42] O:7530.50 H:7531.75 L:7526.75 C:7528.75 V:2830.0
  📈 Trend: moderate_bullish | 🌍 Regime: trending_bullish
  🗺️  Grid: 0.080% | 🔺 7532.75 🔻 7529.25
  📡 RSI: 46.0 | MACD: 1.16 | ATR: 4.71
  📊 Filled: 0 | Pending: 0
  💰 Daily P&L: $+0.00

[2026-07-17 09:43] O:7528.50 H:7528.50 L:7523.25 C:7523.75 V:3794.0
  📈 Trend: moderate_bullish | 🌍 Regime: trending_bullish
  🗺️  Grid: 0.080% | 🔺 7531.75 🔻 7526.75
  📡 RSI: 40.4 | MACD: 0.60 | ATR: 4.86
  📊 Filled: 0 | Pending: 0
  💰 Daily P&L: $+0.00

[2026-07-17 09:44] O:7523.50 H:7526.00 L:7523.25 C:7524.50 V:2793.0
  📈 Trend: moderate_bullish | 🌍 Regime: trending_bullish
  🗺️  Grid: 0.080% | 🔺 7528.50 🔻 7523.25
  📡 RSI: 39.8 | MACD: 0.21 | ATR: 4.79
  📊 Filled: 0 | Pending: 0
  💰 Daily P&L: $+0.00

[2026-07-17 09:45] O:7524.75 H:7525.50 L:7522.25 C:7523.75 V:3717.0
  📈 Trend: moderate_bullish | 🌍 Regime: trending_bullish
  🗺️  Grid: 0.080% | 🔺 7526.00 🔻 7523.25
  📡 RSI: 43.7 | MACD: -0.16 | ATR: 4.62
  📊 Filled: 0 | Pending: 0
  💰 Daily P&L: $+0.00

[2026-07-17 09:46] O:7523.75 H:7523.75 L:7518.50 C:7523.75 V:4176.0
  📈 Trend: moderate_bullish | 🌍 Regime: trending_bullish
  🗺️  Grid: 0.080% | 🔺 7525.50 🔻 7522.25
  📡 RSI: 50.6 | MACD: -0.45 | ATR: 4.68
  📊 Filled: 0 | Pending: 0
  💰 Daily P&L: $+0.00

[2026-07-17 09:47] O:7524.00 H:7531.50 L:7523.50 C:7529.50 V:5059.0
  📈 Trend: moderate_bullish (raw: strong_bearish) | 🌍 Regime: trending_bearish
  🗺️  Grid: 0.080% | 🔺 7523.75 🔻 7518.50
  📡 RSI: 60.7 | MACD: -0.21 | ATR: 4.88
  📊 Filled: 0 | Pending: 0
  💰 Daily P&L: $+0.00

[2026-07-17 09:48] O:7529.50 H:7530.00 L:7523.75 C:7524.25 V:3466.0
  📈 Trend: strong_bearish | 🌍 Regime: trending_bearish
  🗺️  Grid: 0.080% | 🔺 7531.50 🔻 7523.50
  📡 RSI: 47.6 | MACD: -0.43 | ATR: 4.89
  📊 Filled: 0 | Pending: 0
  💰 Daily P&L: $+0.00

[2026-07-17 09:49] O:7524.50 H:7525.75 L:7522.25 C:7522.25 V:2348.0
  📈 Trend: strong_bearish | 🌍 Regime: trending_bearish
  🗺️  Grid: 0.080% | 🔺 7530.00 🔻 7523.75
  📡 RSI: 36.0 | MACD: -0.77 | ATR: 4.61
  📊 Filled: 0 | Pending: 0
  💰 Daily P&L: $+0.00

[2026-07-17 09:50] O:7522.50 H:7523.75 L:7520.00 C:7522.25 V:3190.0
  📈 Trend: strong_bearish | 🌍 Regime: trending_bearish
  🗺️  Grid: 0.080% | 🔺 7525.75 🔻 7522.25
  📡 RSI: 35.4 | MACD: -1.02 | ATR: 4.57
  📊 Filled: 0 | Pending: 0
  💰 Daily P&L: $+0.00

[2026-07-17 09:51] O:7522.50 H:7522.50 L:7517.25 C:7517.75 V:3110.0
  📈 Trend: strong_bearish | 🌍 Regime: trending_bearish
  🗺️  Grid: 0.080% | 🔺 7523.75 🔻 7520.00
  📡 RSI: 31.7 | MACD: -1.57 | ATR: 4.62
  📊 Filled: 0 | Pending: 0
  💰 Daily P&L: $+0.00

[2026-07-17 09:52] O:7517.75 H:7524.25 L:7517.50 C:7520.00 V:3051.0
  📈 Trend: strong_bearish | 🌍 Regime: trending_bearish
  🗺️  Grid: 0.080% | 🔺 7522.50 🔻 7517.25
  📡 RSI: 32.3 | MACD: -1.80 | ATR: 4.73
  📊 Filled: 0 | Pending: 0
  💰 Daily P&L: $+0.00

[2026-07-17 09:53] O:7520.00 H:7520.50 L:7518.00 C:7518.50 V:2754.0
  📈 Trend: strong_bearish | 🌍 Regime: trending_bearish
  🗺️  Grid: 0.080% | 🔺 7524.25 🔻 7517.50
  📡 RSI: 27.6 | MACD: -2.07 | ATR: 4.68
  📊 Filled: 0 | Pending: 0
  💰 Daily P&L: $+0.00

[2026-07-17 09:54] O:7518.50 H:7520.25 L:7517.50 C:7520.00 V:3198.0
  📈 Trend: strong_bearish | 🌍 Regime: trending_bearish
  🗺️  Grid: 0.080% | 🔺 7520.50 🔻 7518.00
  📡 RSI: 33.3 | MACD: -2.15 | ATR: 4.57
  📊 Filled: 0 | Pending: 0
  💰 Daily P&L: $+0.00

[2026-07-17 09:55] O:7519.75 H:7527.50 L:7519.00 C:7526.50 V:3993.0
  📈 Trend: strong_bearish | 🌍 Regime: trending_bearish
  🗺️  Grid: 0.080% | 🔺 7520.25 🔻 7517.50
  📡 RSI: 45.0 | MACD: -1.67 | ATR: 4.93
  📊 Filled: 0 | Pending: 0
  💰 Daily P&L: $+0.00

[2026-07-17 09:56] O:7526.75 H:7527.00 L:7519.25 C:7520.50 V:3525.0
  📈 Trend: strong_bearish | 🌍 Regime: trending_bearish
  🗺️  Grid: 0.082% | 🔺 7527.50 🔻 7519.00
  📡 RSI: 40.1 | MACD: -1.75 | ATR: 5.12
  📊 Filled: 0 | Pending: 0
  💰 Daily P&L: $+0.00

[2026-07-17 09:57] O:7520.75 H:7523.50 L:7519.75 C:7519.75 V:2327.0
  📈 Trend: strong_bearish | 🌍 Regime: trending_bearish
  🗺️  Grid: 0.080% | 🔺 7527.00 🔻 7519.25
  📡 RSI: 44.7 | MACD: -1.85 | ATR: 5.00
  📊 Filled: 0 | Pending: 0
  💰 Daily P&L: $+0.00

[2026-07-17 09:58] O:7519.75 H:7520.25 L:7514.25 C:7515.00 V:3132.0
  📈 Trend: strong_bearish | 🌍 Regime: trending_bearish
  🗺️  Grid: 0.084% | 🔺 7523.50 🔻 7519.75
  📡 RSI: 38.6 | MACD: -2.29 | ATR: 5.23
  📊 Filled: 0 | Pending: 0
  💰 Daily P&L: $+0.00

[2026-07-17 09:59] O:7515.00 H:7517.00 L:7514.50 C:7516.25 V:2894.0
  📈 Trend: strong_bearish | 🌍 Regime: trending_bearish
  🗺️  Grid: 0.083% | 🔺 7520.25 🔻 7514.25
  📡 RSI: 41.1 | MACD: -2.51 | ATR: 5.18
  📊 Filled: 0 | Pending: 0
  💰 Daily P&L: $+0.00

[2026-07-17 10:00] O:7516.25 H:7518.00 L:7511.50 C:7511.75 V:4255.0
  📈 Trend: strong_bearish | 🌍 Regime: trending_bearish
  🗺️  Grid: 0.084% | 🔺 7517.00 🔻 7514.50
  📡 RSI: 37.1 | MACD: -3.01 | ATR: 5.27
  📊 Filled: 0 | Pending: 0
  💰 Daily P&L: $+0.00

[2026-07-17 10:01] O:7512.00 H:7512.75 L:7508.75 C:7511.00 V:3779.0
  📈 Trend: strong_bearish | 🌍 Regime: trending_bearish
  🗺️  Grid: 0.080% | 🔺 7518.00 🔻 7511.50
  📡 RSI: 27.7 | MACD: -3.43 | ATR: 4.98
  📊 Filled: 0 | Pending: 0
  💰 Daily P&L: $+0.00

[2026-07-17 10:02] O:7511.00 H:7512.75 L:7509.25 C:7511.25 V:3369.0
  📈 Trend: strong_bearish | 🌍 Regime: trending_bearish
  🗺️  Grid: 0.080% | 🔺 7512.75 🔻 7508.75
  📡 RSI: 32.2 | MACD: -3.69 | ATR: 4.79
  📊 Filled: 0 | Pending: 0
  💰 Daily P&L: $+0.00

[2026-07-17 10:03] O:7511.25 H:7511.50 L:7507.75 C:7508.00 V:3051.0
  📈 Trend: strong_bearish | 🌍 Regime: trending_bearish
  🗺️  Grid: 0.080% | 🔺 7512.75 🔻 7509.25
  📡 RSI: 31.1 | MACD: -4.12 | ATR: 4.80
  📊 Filled: 0 | Pending: 0
  💰 Daily P&L: $+0.00

[2026-07-17 10:04] O:7508.00 H:7509.75 L:7506.75 C:7507.75 V:2975.0
  📈 Trend: strong_bearish | 🌍 Regime: trending_bearish
  🗺️  Grid: 0.080% | 🔺 7511.50 🔻 7507.75
  📡 RSI: 30.9 | MACD: -4.43 | ATR: 4.75
  📊 Filled: 0 | Pending: 0
  💰 Daily P&L: $+0.00

[2026-07-17 10:05] O:7507.75 H:7512.25 L:7506.75 C:7511.00 V:4534.0
  📈 Trend: strong_bearish | 🌍 Regime: trending_bearish
  🗺️  Grid: 0.080% | 🔺 7509.75 🔻 7506.75
  📡 RSI: 40.8 | MACD: -4.36 | ATR: 4.77
  📊 Filled: 0 | Pending: 0
  💰 Daily P&L: $+0.00

[2026-07-17 10:06] O:7511.00 H:7511.50 L:7507.75 C:7510.50 V:2576.0
  📈 Trend: strong_bearish | 🌍 Regime: trending_bearish
  🗺️  Grid: 0.080% | 🔺 7512.25 🔻 7506.75
  📡 RSI: 36.4 | MACD: -4.30 | ATR: 4.55
  📊 Filled: 0 | Pending: 0
  💰 Daily P&L: $+0.00

[2026-07-17 10:07] O:7510.50 H:7513.50 L:7508.25 C:7510.00 V:3151.0
  📈 Trend: strong_bearish | 🌍 Regime: trending_bearish
  🗺️  Grid: 0.080% | 🔺 7511.50 🔻 7507.75
  📡 RSI: 37.5 | MACD: -4.24 | ATR: 4.75
  📊 Filled: 0 | Pending: 0
  💰 Daily P&L: $+0.00

[2026-07-17 10:08] O:7510.25 H:7515.50 L:7510.25 C:7514.75 V:2517.0
  📈 Trend: strong_bearish | 🌍 Regime: trending_bearish
  🗺️  Grid: 0.080% | 🔺 7513.50 🔻 7508.25
  📡 RSI: 43.0 | MACD: -3.77 | ATR: 4.95
  📊 Filled: 0 | Pending: 0
  💰 Daily P&L: $+0.00

[2026-07-17 10:09] O:7514.50 H:7515.75 L:7511.50 C:7514.25 V:2485.0
  📈 Trend: strong_bearish (raw: moderate_bearish) | 🌍 Regime: trending_bearish
  🗺️  Grid: 0.080% | 🔺 7515.50 🔻 7510.25
  📡 RSI: 30.4 | MACD: -3.39 | ATR: 4.64
  📊 Filled: 0 | Pending: 0
  💰 Daily P&L: $+0.00

[2026-07-17 10:10] O:7514.25 H:7517.75 L:7510.25 C:7511.00 V:4012.0
  📈 Trend: moderate_bearish | 🌍 Regime: trending_bearish
  🗺️  Grid: 0.080% | 🔺 7515.75 🔻 7511.50
  📡 RSI: 33.3 | MACD: -3.32 | ATR: 4.62
  📊 Filled: 0 | Pending: 0
  💰 Daily P&L: $+0.00

[2026-07-17 10:11] O:7511.25 H:7512.00 L:7508.25 C:7508.50 V:3214.0
  📈 Trend: moderate_bearish | 🌍 Regime: trending_bearish
  🗺️  Grid: 0.080% | 🔺 7517.75 🔻 7510.25
  📡 RSI: 31.4 | MACD: -3.42 | ATR: 4.62
  📊 Filled: 0 | Pending: 0
  💰 Daily P&L: $+0.00

[2026-07-17 10:12] O:7508.50 H:7512.25 L:7507.50 C:7509.50 V:2573.0
  📈 Trend: moderate_bearish | 🌍 Regime: trending_bearish
  🗺️  Grid: 0.080% | 🔺 7512.00 🔻 7508.25
  📡 RSI: 39.6 | MACD: -3.39 | ATR: 4.54
  📊 Filled: 0 | Pending: 0
  💰 Daily P&L: $+0.00

[2026-07-17 10:13] O:7509.75 H:7511.25 L:7506.75 C:7507.25 V:2181.0
  📈 Trend: moderate_bearish | 🌍 Regime: trending_bearish
  🗺️  Grid: 0.080% | 🔺 7512.25 🔻 7507.50
  📡 RSI: 33.6 | MACD: -3.50 | ATR: 4.68
  📊 Filled: 0 | Pending: 0
  💰 Daily P&L: $+0.00

[2026-07-17 10:14] O:7507.25 H:7509.25 L:7506.50 C:7509.00 V:2093.0
  📈 Trend: moderate_bearish | 🌍 Regime: trending_bearish
  🗺️  Grid: 0.080% | 🔺 7511.25 🔻 7506.75
  📡 RSI: 44.4 | MACD: -3.41 | ATR: 4.41
  📊 Filled: 0 | Pending: 0
  💰 Daily P&L: $+0.00

[2026-07-17 10:15] O:7509.00 H:7509.75 L:7506.25 C:7506.25 V:2753.0
  📈 Trend: moderate_bearish (raw: strong_bearish) | 🌍 Regime: trending_bearish
  🗺️  Grid: 0.080% | 🔺 7509.25 🔻 7506.50
  📡 RSI: 41.1 | MACD: -3.52 | ATR: 4.38
  📊 Filled: 0 | Pending: 0
  💰 Daily P&L: $+0.00

[2026-07-17 10:16] O:7506.25 H:7508.50 L:7505.25 C:7506.75 V:2714.0
  📈 Trend: strong_bearish | 🌍 Regime: trending_bearish
  🗺️  Grid: 0.080% | 🔺 7509.75 🔻 7506.25
  📡 RSI: 41.7 | MACD: -3.52 | ATR: 4.36
  📊 Filled: 0 | Pending: 0
  💰 Daily P&L: $+0.00

[2026-07-17 10:17] O:7506.75 H:7507.75 L:7505.50 C:7506.75 V:2424.0
  📈 Trend: strong_bearish (raw: moderate_bearish) | 🌍 Regime: trending_bearish
  🗺️  Grid: 0.080% | 🔺 7508.50 🔻 7505.25
  📡 RSI: 47.4 | MACD: -3.49 | ATR: 4.25
  📊 Filled: 0 | Pending: 0
  💰 Daily P&L: $+0.00

[2026-07-17 10:18] O:7506.50 H:7511.25 L:7505.50 C:7511.00 V:3586.0
  📈 Trend: moderate_bearish | 🌍 Regime: trending_bearish
  🗺️  Grid: 0.080% | 🔺 7507.75 🔻 7505.50
  📡 RSI: 55.9 | MACD: -3.08 | ATR: 4.45
  📊 Filled: 0 | Pending: 0
  💰 Daily P&L: $+0.00

[2026-07-17 10:19] O:7511.00 H:7514.25 L:7510.00 C:7511.00 V:4707.0
  📈 Trend: moderate_bearish | 🌍 Regime: trending_bearish
  🗺️  Grid: 0.080% | 🔺 7511.25 🔻 7505.50
  📡 RSI: 50.0 | MACD: -2.73 | ATR: 4.36
  📊 Filled: 0 | Pending: 0
  💰 Daily P&L: $+0.00

[2026-07-17 10:20] O:7511.00 H:7511.50 L:7505.75 C:7511.00 V:3155.0
  📈 Trend: moderate_bearish | 🌍 Regime: trending_bearish
  🗺️  Grid: 0.080% | 🔺 7514.25 🔻 7510.00
  📡 RSI: 51.0 | MACD: -2.42 | ATR: 4.50
  📊 Filled: 0 | Pending: 0
  💰 Daily P&L: $+0.00

[2026-07-17 10:21] O:7511.00 H:7513.25 L:7510.00 C:7511.75 V:3081.0
  📈 Trend: moderate_bearish (raw: moderate_bullish) | 🌍 Regime: ranging
  🗺️  Grid: 0.080% | 🔺 7511.50 🔻 7505.75
  📡 RSI: 53.6 | MACD: -2.09 | ATR: 4.36
  📊 Filled: 0 | Pending: 0
  🔲 Regime: RANGING | Range pos: 59% | RSI: 53.6
  💰 Daily P&L: $+0.00

[2026-07-17 10:22] O:7512.00 H:7514.75 L:7509.75 C:7512.75 V:3689.0
  📈 Trend: moderate_bullish | 🌍 Regime: ranging
  🗺️  Grid: 0.080% | 🔺 7513.25 🔻 7510.00
  📡 RSI: 45.1 | MACD: -1.73 | ATR: 4.32
  📊 Filled: 0 | Pending: 0
  🔲 Regime: RANGING | Range pos: 60% | RSI: 45.1
  💰 Daily P&L: $+0.00

[2026-07-17 10:23] O:7512.75 H:7514.50 L:7507.25 C:7507.50 V:3746.0
  📈 Trend: moderate_bullish (raw: moderate_bearish) | 🌍 Regime: ranging
  🗺️  Grid: 0.080% | 🔺 7514.75 🔻 7509.75
  📡 RSI: 36.6 | MACD: -1.84 | ATR: 4.54
  📊 Filled: 0 | Pending: 0
  🔲 Regime: RANGING | Range pos: 52% | RSI: 36.6
  💰 Daily P&L: $+0.00

[2026-07-17 10:24] O:7507.50 H:7509.00 L:7504.75 C:7508.75 V:3828.0
  📈 Trend: moderate_bearish | 🌍 Regime: ranging
  🗺️  Grid: 0.080% | 🔺 7514.50 🔻 7507.25
  📡 RSI: 45.2 | MACD: -1.81 | ATR: 4.30
  📊 Filled: 0 | Pending: 0
  🔲 Regime: RANGING | Range pos: 54% | RSI: 45.2
  💰 Daily P&L: $+0.00

[2026-07-17 10:25] O:7508.75 H:7514.25 L:7508.25 C:7513.75 V:3829.0
  📈 Trend: moderate_bearish (raw: moderate_bullish) | 🌍 Regime: ranging
  🗺️  Grid: 0.080% | 🔺 7509.00 🔻 7504.75
  📡 RSI: 60.2 | MACD: -1.37 | ATR: 4.46
  📊 Filled: 0 | Pending: 0
  🔲 Regime: RANGING | Range pos: 62% | RSI: 60.2
  💰 Daily P&L: $+0.00

[2026-07-17 10:26] O:7513.75 H:7516.25 L:7512.75 C:7515.50 V:3701.0
  📈 Trend: moderate_bullish | 🌍 Regime: ranging
  🗺️  Grid: 0.080% | 🔺 7514.25 🔻 7508.25
  📡 RSI: 61.3 | MACD: -0.87 | ATR: 4.38
  📊 Filled: 0 | Pending: 0
  🔲 Regime: RANGING | Range pos: 64% | RSI: 61.3
  💰 Daily P&L: $+0.00

[2026-07-17 10:27] O:7515.50 H:7517.50 L:7514.00 C:7515.25 V:3856.0
  📈 Trend: moderate_bullish | 🌍 Regime: ranging
  🗺️  Grid: 0.080% | 🔺 7516.25 🔻 7512.75
  📡 RSI: 66.3 | MACD: -0.48 | ATR: 4.30
  📊 Filled: 0 | Pending: 0
  🔲 Regime: RANGING | Range pos: 64% | RSI: 66.3
  💰 Daily P&L: $+0.00

[2026-07-17 10:28] O:7515.25 H:7519.50 L:7514.75 C:7517.50 V:3518.0
  📈 Trend: moderate_bullish (raw: strong_bullish) | 🌍 Regime: ranging
  🗺️  Grid: 0.080% | 🔺 7517.50 🔻 7514.00
  📡 RSI: 67.0 | MACD: 0.00 | ATR: 4.45
  📊 Filled: 0 | Pending: 0
  🔲 Regime: RANGING | Range pos: 67% | RSI: 67.0
  💰 Daily P&L: $+0.00

[2026-07-17 10:29] O:7517.25 H:7521.50 L:7517.00 C:7520.25 V:3631.0
  📈 Trend: strong_bullish | 🌍 Regime: ranging
  🗺️  Grid: 0.080% | 🔺 7519.50 🔻 7514.75
  📡 RSI: 78.0 | MACD: 0.60 | ATR: 4.52
  📊 Filled: 0 | Pending: 0
  🔲 Regime: RANGING | Range pos: 72% | RSI: 78.0
  🚫 Raw trend blocks RANGING SHORT | raw: strong_bullish
  💰 Daily P&L: $+0.00

[2026-07-17 10:30] O:7520.25 H:7525.00 L:7518.50 C:7524.50 V:4635.0
  📈 Trend: strong_bullish | 🌍 Regime: ranging
  🗺️  Grid: 0.080% | 🔺 7521.50 🔻 7517.00
  📡 RSI: 80.9 | MACD: 1.40 | ATR: 4.75
  📊 Filled: 0 | Pending: 0
  🔲 Regime: RANGING | Range pos: 78% | RSI: 80.9
  🚫 Raw trend blocks RANGING SHORT | raw: strong_bullish
  💰 Daily P&L: $+0.00

[2026-07-17 10:31] O:7524.25 H:7525.00 L:7521.00 C:7522.00 V:4003.0
  📈 Trend: strong_bullish | 🌍 Regime: ranging
  🗺️  Grid: 0.080% | 🔺 7525.00 🔻 7518.50
  📡 RSI: 74.4 | MACD: 1.82 | ATR: 4.88
  📊 Filled: 0 | Pending: 0
  🔲 Regime: RANGING | Range pos: 74% | RSI: 74.4
  🚫 Raw trend blocks RANGING SHORT | raw: strong_bullish
  💰 Daily P&L: $+0.00

[2026-07-17 10:32] O:7522.00 H:7523.75 L:7514.25 C:7522.50 V:8364.0
  📈 Trend: strong_bullish | 🌍 Regime: ranging
  🗺️  Grid: 0.082% | 🔺 7525.00 🔻 7521.00
  📡 RSI: 70.9 | MACD: 2.16 | ATR: 5.14
  📊 Filled: 0 | Pending: 0
  🔲 Regime: RANGING | Range pos: 75% | RSI: 70.9
  🚫 Raw trend blocks RANGING SHORT | raw: strong_bullish
  💰 Daily P&L: $+0.00

[2026-07-17 10:33] O:7522.50 H:7524.00 L:7520.25 C:7520.50 V:2731.0
  📈 Trend: strong_bullish | 🌍 Regime: ranging
  🗺️  Grid: 0.081% | 🔺 7523.75 🔻 7514.25
  📡 RSI: 66.1 | MACD: 2.24 | ATR: 5.11
  📊 Filled: 0 | Pending: 0
  🔲 Regime: RANGING | Range pos: 72% | RSI: 66.1
  💰 Daily P&L: $+0.00

[2026-07-17 10:34] O:7520.25 H:7520.50 L:7514.50 C:7515.50 V:3936.0
  📈 Trend: strong_bullish | 🌍 Regime: ranging
  🗺️  Grid: 0.082% | 🔺 7524.00 🔻 7520.25
  📡 RSI: 56.5 | MACD: 1.88 | ATR: 5.12
  📊 Filled: 0 | Pending: 0
  🔲 Regime: RANGING | Range pos: 64% | RSI: 56.5
  💰 Daily P&L: $+0.00

[2026-07-17 10:35] O:7515.75 H:7516.00 L:7510.00 C:7513.25 V:4405.0
  📈 Trend: strong_bullish | 🌍 Regime: ranging
  🗺️  Grid: 0.085% | 🔺 7520.50 🔻 7514.50
  📡 RSI: 52.1 | MACD: 1.40 | ATR: 5.32
  📊 Filled: 0 | Pending: 0
  🔲 Regime: RANGING | Range pos: 61% | RSI: 52.1
  💰 Daily P&L: $+0.00

[2026-07-17 10:36] O:7513.25 H:7516.50 L:7511.75 C:7514.50 V:3013.0
  📈 Trend: strong_bullish | 🌍 Regime: ranging
  🗺️  Grid: 0.085% | 🔺 7516.00 🔻 7510.00
  📡 RSI: 52.4 | MACD: 1.11 | ATR: 5.30
  📊 Filled: 0 | Pending: 0
  🔲 Regime: RANGING | Range pos: 63% | RSI: 52.4
  💰 Daily P&L: $+0.00

[2026-07-17 10:37] O:7514.50 H:7518.50 L:7513.50 C:7516.75 V:3157.0
  📈 Trend: strong_bullish | 🌍 Regime: ranging
  🗺️  Grid: 0.082% | 🔺 7516.50 🔻 7511.75
  📡 RSI: 63.9 | MACD: 1.05 | ATR: 5.14
  📊 Filled: 0 | Pending: 0
  🔲 Regime: RANGING | Range pos: 66% | RSI: 63.9
  💰 Daily P&L: $+0.00

[2026-07-17 10:38] O:7516.50 H:7522.75 L:7513.75 C:7521.75 V:2868.0
  📈 Trend: strong_bullish | 🌍 Regime: ranging
  🗺️  Grid: 0.087% | 🔺 7518.50 🔻 7513.50
  📡 RSI: 67.6 | MACD: 1.38 | ATR: 5.48
  📊 Filled: 0 | Pending: 0
  🔲 Regime: RANGING | Range pos: 74% | RSI: 67.6
  💰 Daily P&L: $+0.00

[2026-07-17 10:39] O:7521.75 H:7523.50 L:7520.00 C:7522.00 V:2333.0
  📈 Trend: strong_bullish | 🌍 Regime: ranging
  🗺️  Grid: 0.085% | 🔺 7522.75 🔻 7513.75
  📡 RSI: 62.8 | MACD: 1.65 | ATR: 5.30
  📊 Filled: 0 | Pending: 0
  🔲 Regime: RANGING | Range pos: 74% | RSI: 62.8
  💰 Daily P&L: $+0.00

[2026-07-17 10:40] O:7522.00 H:7524.50 L:7521.25 C:7522.00 V:3038.0
  📈 Trend: strong_bullish | 🌍 Regime: ranging
  🗺️  Grid: 0.084% | 🔺 7523.50 🔻 7520.00
  📡 RSI: 60.7 | MACD: 1.84 | ATR: 5.29
  📊 Filled: 0 | Pending: 0
  🔲 Regime: RANGING | Range pos: 74% | RSI: 60.7
  💰 Daily P&L: $+0.00

[2026-07-17 10:41] O:7522.00 H:7522.00 L:7517.00 C:7518.75 V:2767.0
  📈 Trend: strong_bullish | 🌍 Regime: trending_bullish
  🗺️  Grid: 0.086% | 🔺 7524.50 🔻 7521.25
  📡 RSI: 55.2 | MACD: 1.71 | ATR: 5.39
  📊 Filled: 0 | Pending: 0
  💰 Daily P&L: $+0.00

[2026-07-17 10:42] O:7518.50 H:7520.50 L:7515.75 C:7518.00 V:2137.0
  📈 Trend: strong_bullish | 🌍 Regime: trending_bullish
  🗺️  Grid: 0.086% | 🔺 7522.00 🔻 7517.00
  📡 RSI: 50.8 | MACD: 1.53 | ATR: 5.39
  📊 Filled: 0 | Pending: 0
  💰 Daily P&L: $+0.00

[2026-07-17 10:43] O:7518.25 H:7519.50 L:7515.25 C:7517.50 V:1764.0
  📈 Trend: strong_bullish | 🌍 Regime: trending_bullish
  🗺️  Grid: 0.086% | 🔺 7520.50 🔻 7515.75
  📡 RSI: 45.4 | MACD: 1.33 | ATR: 5.38
  📊 Filled: 0 | Pending: 0
  💰 Daily P&L: $+0.00

[2026-07-17 10:44] O:7517.25 H:7521.25 L:7516.00 C:7520.75 V:1644.0
  📈 Trend: strong_bullish | 🌍 Regime: trending_bullish
  🗺️  Grid: 0.084% | 🔺 7519.50 🔻 7515.25
  📡 RSI: 43.5 | MACD: 1.42 | ATR: 5.29
  📊 Filled: 0 | Pending: 0
  💰 Daily P&L: $+0.00

[2026-07-17 10:45] O:7520.50 H:7520.50 L:7515.50 C:7515.75 V:3150.0
  📈 Trend: strong_bullish | 🌍 Regime: trending_bullish
  🗺️  Grid: 0.086% | 🔺 7521.25 🔻 7516.00
  📡 RSI: 40.0 | MACD: 1.07 | ATR: 5.38
  📊 Filled: 0 | Pending: 0
  💰 Daily P&L: $+0.00

[2026-07-17 10:46] O:7515.75 H:7519.50 L:7514.50 C:7519.50 V:2644.0
  📈 Trend: strong_bullish | 🌍 Regime: trending_bullish
  🗺️  Grid: 0.081% | 🔺 7520.50 🔻 7515.50
  📡 RSI: 45.7 | MACD: 1.09 | ATR: 5.05
  📊 Filled: 0 | Pending: 0
  💰 Daily P&L: $+0.00

[2026-07-17 10:47] O:7519.25 H:7521.50 L:7519.25 C:7521.00 V:2856.0
  📈 Trend: strong_bullish | 🌍 Regime: trending_bullish
  🗺️  Grid: 0.080% | 🔺 7519.50 🔻 7514.50
  📡 RSI: 50.7 | MACD: 1.21 | ATR: 4.95
  📊 Filled: 0 | Pending: 0
  💰 Daily P&L: $+0.00

[2026-07-17 10:48] O:7521.00 H:7521.75 L:7517.50 C:7517.75 V:2362.0
  📈 Trend: strong_bullish (raw: moderate_bullish) | 🌍 Regime: trending_bullish
  🗺️  Grid: 0.080% | 🔺 7521.50 🔻 7519.25
  📡 RSI: 53.5 | MACD: 1.03 | ATR: 4.82
  📊 Filled: 0 | Pending: 0
  💰 Daily P&L: $+0.00

[2026-07-17 10:49] O:7517.75 H:7521.50 L:7517.75 C:7521.25 V:2018.0
  📈 Trend: moderate_bullish | 🌍 Regime: trending_bullish
  🗺️  Grid: 0.080% | 🔺 7521.75 🔻 7517.50
  📡 RSI: 61.9 | MACD: 1.16 | ATR: 4.66
  📊 Filled: 0 | Pending: 0
  💰 Daily P&L: $+0.00

[2026-07-17 10:50] O:7521.00 H:7521.25 L:7517.25 C:7517.75 V:2253.0
  📈 Trend: moderate_bullish | 🌍 Regime: trending_bullish
  🗺️  Grid: 0.080% | 🔺 7521.50 🔻 7517.75
  📡 RSI: 54.5 | MACD: 0.96 | ATR: 4.61
  📊 Filled: 0 | Pending: 0
  💰 Daily P&L: $+0.00

[2026-07-17 10:51] O:7518.00 H:7520.50 L:7517.25 C:7519.00 V:1910.0
  📈 Trend: moderate_bullish | 🌍 Regime: trending_bullish
  🗺️  Grid: 0.080% | 🔺 7521.25 🔻 7517.25
  📡 RSI: 53.2 | MACD: 0.90 | ATR: 4.48
  📊 Filled: 0 | Pending: 0
  💰 Daily P&L: $+0.00

[2026-07-17 10:52] O:7519.25 H:7519.75 L:7517.50 C:7519.50 V:1509.0
  📈 Trend: moderate_bullish | 🌍 Regime: trending_bullish
  🗺️  Grid: 0.080% | 🔺 7520.50 🔻 7517.25
  📡 RSI: 46.3 | MACD: 0.88 | ATR: 4.00
  📊 Filled: 0 | Pending: 0
  💰 Daily P&L: $+0.00

[2026-07-17 10:53] O:7519.50 H:7521.25 L:7518.75 C:7520.75 V:2202.0
  📈 Trend: moderate_bullish (raw: strong_bullish) | 🌍 Regime: trending_bullish
  🗺️  Grid: 0.080% | 🔺 7519.75 🔻 7517.50
  📡 RSI: 48.0 | MACD: 0.96 | ATR: 3.93
  📊 Filled: 0 | Pending: 0
  💰 Daily P&L: $+0.00

[2026-07-17 10:54] O:7521.00 H:7526.25 L:7520.75 C:7526.00 V:3418.0
  📈 Trend: strong_bullish | 🌍 Regime: trending_bullish
  🗺️  Grid: 0.080% | 🔺 7521.25 🔻 7518.75
  📡 RSI: 55.5 | MACD: 1.42 | ATR: 4.09
  📊 Filled: 0 | Pending: 0
  💰 Daily P&L: $+0.00

[2026-07-17 10:55] O:7526.50 H:7530.00 L:7525.50 C:7530.00 V:3011.0
  📈 Trend: strong_bullish | 🌍 Regime: trending_bullish
  🗺️  Grid: 0.080% | 🔺 7526.25 🔻 7520.75
  📡 RSI: 65.1 | MACD: 2.09 | ATR: 4.05
  📊 Filled: 0 | Pending: 0
  💰 Daily P&L: $+0.00

[2026-07-17 10:56] O:7530.00 H:7531.25 L:7528.75 C:7530.25 V:3234.0
  📈 Trend: strong_bullish | 🌍 Regime: trending_bullish
  🗺️  Grid: 0.080% | 🔺 7530.00 🔻 7525.50
  📡 RSI: 66.7 | MACD: 2.61 | ATR: 3.89
  📊 Filled: 0 | Pending: 0
  💰 Daily P&L: $+0.00

[2026-07-17 10:57] O:7530.50 H:7532.25 L:7528.75 C:7531.00 V:3215.0
  📈 Trend: strong_bullish | 🌍 Regime: trending_bullish
  🗺️  Grid: 0.080% | 🔺 7531.25 🔻 7528.75
  📡 RSI: 68.2 | MACD: 3.05 | ATR: 3.84
  📊 Filled: 0 | Pending: 0
  💰 Daily P&L: $+0.00

[2026-07-17 10:58] O:7531.00 H:7534.25 L:7530.75 C:7534.25 V:2966.0
  📈 Trend: strong_bullish | 🌍 Regime: trending_bullish
  🗺️  Grid: 0.080% | 🔺 7532.25 🔻 7528.75
  📡 RSI: 68.2 | MACD: 3.61 | ATR: 3.71
  📊 Filled: 0 | Pending: 0
  💰 Daily P&L: $+0.00

[2026-07-17 10:59] O:7534.25 H:7536.50 L:7533.75 C:7534.25 V:3763.0
  📈 Trend: strong_bullish | 🌍 Regime: trending_bullish
  🗺️  Grid: 0.080% | 🔺 7534.25 🔻 7530.75
  📡 RSI: 78.9 | MACD: 4.02 | ATR: 3.54
  📊 Filled: 0 | Pending: 0
  💰 Daily P&L: $+0.00

[2026-07-17 11:00] O:7534.25 H:7536.75 L:7534.00 C:7535.00 V:3809.0
  📈 Trend: strong_bullish | 🌍 Regime: ranging
  🗺️  Grid: 0.080% | 🔺 7536.50 🔻 7533.75
  📡 RSI: 76.7 | MACD: 4.35 | ATR: 3.38
  📊 Filled: 0 | Pending: 0
  🔲 Regime: RANGING | Range pos: 94% | RSI: 76.7
  🚫 Raw trend blocks RANGING SHORT | raw: strong_bullish
  💰 Daily P&L: $+0.00

[2026-07-17 11:01] O:7535.00 H:7536.00 L:7523.50 C:7524.00 V:12237.0
  📈 Trend: strong_bullish | 🌍 Regime: trending_bullish
  🗺️  Grid: 0.080% | 🔺 7536.75 🔻 7534.00
  📡 RSI: 53.9 | MACD: 3.68 | ATR: 4.11
  📊 Filled: 0 | Pending: 0
  💰 Daily P&L: $+0.00

[2026-07-17 11:02] O:7524.00 H:7526.25 L:7521.50 C:7522.75 V:4237.0
  📈 Trend: strong_bullish | 🌍 Regime: trending_bullish
  🗺️  Grid: 0.080% | 🔺 7536.00 🔻 7523.50
  📡 RSI: 56.8 | MACD: 3.01 | ATR: 4.14
  📊 Filled: 0 | Pending: 0
  💰 Daily P&L: $+0.00

[2026-07-17 11:03] O:7522.75 H:7522.75 L:7517.00 C:7520.00 V:4294.0
  📈 Trend: strong_bullish (raw: moderate_bullish) | 🌍 Regime: trending_bullish
  🗺️  Grid: 0.080% | 🔺 7526.25 🔻 7521.50
  📡 RSI: 48.3 | MACD: 2.24 | ATR: 4.29
  📊 Filled: 0 | Pending: 0
  💰 Daily P&L: $+0.00

[2026-07-17 11:04] O:7520.00 H:7521.00 L:7518.25 C:7521.00 V:2616.0
  📈 Trend: strong_bullish | 🌍 Regime: ranging
  🗺️  Grid: 0.080% | 🔺 7522.75 🔻 7517.00
  📡 RSI: 54.9 | MACD: 1.69 | ATR: 4.20
  📊 Filled: 0 | Pending: 0
  🔲 Regime: RANGING | Range pos: 73% | RSI: 54.9
  💰 Daily P&L: $+0.00

[2026-07-17 11:05] O:7521.00 H:7521.00 L:7517.25 C:7519.00 V:2646.0
  📈 Trend: strong_bullish (raw: moderate_bullish) | 🌍 Regime: ranging
  🗺️  Grid: 0.080% | 🔺 7521.00 🔻 7518.25
  📡 RSI: 50.0 | MACD: 1.07 | ATR: 4.23
  📊 Filled: 0 | Pending: 0
  🔲 Regime: RANGING | Range pos: 70% | RSI: 50.0
  💰 Daily P&L: $+0.00

[2026-07-17 11:06] O:7519.00 H:7519.75 L:7516.00 C:7519.25 V:2783.0
  📈 Trend: moderate_bullish | 🌍 Regime: ranging
  🗺️  Grid: 0.080% | 🔺 7521.00 🔻 7517.25
  📡 RSI: 49.6 | MACD: 0.60 | ATR: 4.34
  📊 Filled: 0 | Pending: 0
  🔲 Regime: RANGING | Range pos: 70% | RSI: 49.6
  💰 Daily P&L: $+0.00

[2026-07-17 11:07] O:7519.00 H:7521.75 L:7513.50 C:7516.00 V:5421.0
  📈 Trend: moderate_bullish | 🌍 Regime: ranging
  🗺️  Grid: 0.080% | 🔺 7519.75 🔻 7516.00
  📡 RSI: 43.4 | MACD: -0.03 | ATR: 4.75
  📊 Filled: 0 | Pending: 0
  🔲 Regime: RANGING | Range pos: 65% | RSI: 43.4
  💰 Daily P&L: $+0.00

[2026-07-17 11:08] O:7515.75 H:7518.25 L:7514.75 C:7517.75 V:2642.0
  📈 Trend: moderate_bullish | 🌍 Regime: ranging
  🗺️  Grid: 0.080% | 🔺 7521.75 🔻 7513.50
  📡 RSI: 37.2 | MACD: -0.39 | ATR: 4.61
  📊 Filled: 0 | Pending: 0
  🔲 Regime: RANGING | Range pos: 68% | RSI: 37.2
  💰 Daily P&L: $+0.00

[2026-07-17 11:09] O:7517.50 H:7525.00 L:7517.50 C:7525.00 V:3058.0
  📈 Trend: moderate_bullish (raw: strong_bullish) | 🌍 Regime: ranging
  🗺️  Grid: 0.080% | 🔺 7518.25 🔻 7514.75
  📡 RSI: 43.0 | MACD: -0.09 | ATR: 4.82
  📊 Filled: 0 | Pending: 0
  🔲 Regime: RANGING | Range pos: 79% | RSI: 43.0
  💰 Daily P&L: $+0.00

[2026-07-17 11:10] O:7524.75 H:7528.50 L:7524.50 C:7526.50 V:3329.0
  📈 Trend: strong_bullish | 🌍 Regime: ranging
  🗺️  Grid: 0.080% | 🔺 7525.00 🔻 7517.50
  📡 RSI: 44.9 | MACD: 0.27 | ATR: 4.93
  📊 Filled: 0 | Pending: 0
  🔲 Regime: RANGING | Range pos: 81% | RSI: 44.9
  💰 Daily P&L: $+0.00

[2026-07-17 11:11] O:7526.50 H:7527.50 L:7523.25 C:7523.25 V:2417.0
  📈 Trend: strong_bullish | 🌍 Regime: ranging
  🗺️  Grid: 0.080% | 🔺 7528.50 🔻 7524.50
  📡 RSI: 40.1 | MACD: 0.29 | ATR: 4.98
  📊 Filled: 0 | Pending: 0
  🔲 Regime: RANGING | Range pos: 76% | RSI: 40.1
  💰 Daily P&L: $+0.00

[2026-07-17 11:12] O:7523.00 H:7526.00 L:7522.50 C:7525.50 V:2046.0
  📈 Trend: strong_bullish | 🌍 Regime: ranging
  🗺️  Grid: 0.080% | 🔺 7527.50 🔻 7523.25
  📡 RSI: 38.6 | MACD: 0.48 | ATR: 4.98
  📊 Filled: 0 | Pending: 0
  🔲 Regime: RANGING | Range pos: 80% | RSI: 38.6
  💰 Daily P&L: $+0.00

[2026-07-17 11:13] O:7525.25 H:7526.50 L:7524.25 C:7525.75 V:1725.0
  📈 Trend: strong_bullish (raw: moderate_bullish) | 🌍 Regime: ranging
  🗺️  Grid: 0.080% | 🔺 7526.00 🔻 7522.50
  📡 RSI: 39.0 | MACD: 0.64 | ATR: 4.95
  📊 Filled: 0 | Pending: 0
  🔲 Regime: RANGING | Range pos: 80% | RSI: 39.0
  💰 Daily P&L: $+0.00

[2026-07-17 11:14] O:7525.75 H:7529.00 L:7525.75 C:7528.25 V:1525.0
  📈 Trend: strong_bullish | 🌍 Regime: ranging
  🗺️  Grid: 0.080% | 🔺 7526.50 🔻 7524.25
  📡 RSI: 41.6 | MACD: 0.96 | ATR: 4.98
  📊 Filled: 0 | Pending: 0
  🔲 Regime: RANGING | Range pos: 84% | RSI: 41.6
  💰 Daily P&L: $+0.00

[2026-07-17 11:15] O:7528.50 H:7529.50 L:7527.00 C:7528.50 V:1737.0
  📈 Trend: strong_bullish | 🌍 Regime: ranging
  🗺️  Grid: 0.080% | 🔺 7529.00 🔻 7525.75
  📡 RSI: 57.6 | MACD: 1.22 | ATR: 4.27
  📊 Filled: 0 | Pending: 0
  🔲 Regime: RANGING | Range pos: 84% | RSI: 57.6
  💰 Daily P&L: $+0.00

[2026-07-17 11:16] O:7528.75 H:7529.50 L:7525.75 C:7526.00 V:2026.0
  📈 Trend: strong_bullish | 🌍 Regime: ranging
  🗺️  Grid: 0.080% | 🔺 7529.50 🔻 7527.00
  📡 RSI: 55.3 | MACD: 1.21 | ATR: 4.20
  📊 Filled: 0 | Pending: 0
  🔲 Regime: RANGING | Range pos: 80% | RSI: 55.3
  💰 Daily P&L: $+0.00

[2026-07-17 11:17] O:7526.00 H:7530.25 L:7525.25 C:7528.50 V:2486.0
  📈 Trend: strong_bullish | 🌍 Regime: ranging
  🗺️  Grid: 0.080% | 🔺 7529.50 🔻 7525.75
  📡 RSI: 63.9 | MACD: 1.39 | ATR: 4.14
  📊 Filled: 0 | Pending: 0
  🔲 Regime: RANGING | Range pos: 84% | RSI: 63.9
  💰 Daily P&L: $+0.00

[2026-07-17 11:18] O:7528.50 H:7531.00 L:7527.75 C:7528.25 V:1813.0
  📈 Trend: strong_bullish | 🌍 Regime: ranging
  🗺️  Grid: 0.080% | 🔺 7530.25 🔻 7525.25
  📡 RSI: 62.2 | MACD: 1.49 | ATR: 4.18
  📊 Filled: 0 | Pending: 0
  🔲 Regime: RANGING | Range pos: 84% | RSI: 62.2
  💰 Daily P&L: $+0.00

[2026-07-17 11:19] O:7528.50 H:7530.50 L:7527.50 C:7529.00 V:1956.0
  📈 Trend: strong_bullish | 🌍 Regime: ranging
  🗺️  Grid: 0.080% | 🔺 7531.00 🔻 7527.75
  📡 RSI: 67.5 | MACD: 1.62 | ATR: 4.12
  📊 Filled: 0 | Pending: 0
  🔲 Regime: RANGING | Range pos: 85% | RSI: 67.5
  💰 Daily P&L: $+0.00

[2026-07-17 11:20] O:7528.75 H:7530.75 L:7527.75 C:7527.75 V:2374.0
  📈 Trend: strong_bullish | 🌍 Regime: ranging
  🗺️  Grid: 0.080% | 🔺 7530.50 🔻 7527.50
  📡 RSI: 64.4 | MACD: 1.59 | ATR: 4.07
  📊 Filled: 0 | Pending: 0
  🔲 Regime: RANGING | Range pos: 83% | RSI: 64.4
  💰 Daily P&L: $+0.00

[2026-07-17 11:21] O:7527.75 H:7528.00 L:7523.25 C:7523.50 V:2558.0
  📈 Trend: strong_bullish | 🌍 Regime: ranging
  🗺️  Grid: 0.080% | 🔺 7530.75 🔻 7527.75
  📡 RSI: 62.3 | MACD: 1.22 | ATR: 3.82
  📊 Filled: 0 | Pending: 0
  🔲 Regime: RANGING | Range pos: 77% | RSI: 62.3
  💰 Daily P&L: $+0.00

[2026-07-17 11:22] O:7523.75 H:7524.50 L:7519.50 C:7519.50 V:2893.0
  📈 Trend: strong_bullish (raw: moderate_bullish) | 🌍 Regime: ranging
  🗺️  Grid: 0.080% | 🔺 7528.00 🔻 7523.25
  📡 RSI: 52.7 | MACD: 0.60 | ATR: 3.93
  📊 Filled: 0 | Pending: 0
  🔲 Regime: RANGING | Range pos: 70% | RSI: 52.7
  💰 Daily P&L: $+0.00

[2026-07-17 11:23] O:7519.75 H:7519.75 L:7518.00 C:7518.50 V:2438.0
  📈 Trend: moderate_bullish | 🌍 Regime: ranging
  🗺️  Grid: 0.080% | 🔺 7524.50 🔻 7519.50
  📡 RSI: 37.7 | MACD: 0.02 | ATR: 3.52
  📊 Filled: 0 | Pending: 0
  🔲 Regime: RANGING | Range pos: 69% | RSI: 37.7
  💰 Daily P&L: $+0.00

[2026-07-17 11:24] O:7518.75 H:7521.00 L:7517.50 C:7517.75 V:2234.0
  📈 Trend: moderate_bullish | 🌍 Regime: ranging
  🗺️  Grid: 0.080% | 🔺 7519.75 🔻 7518.00
  📡 RSI: 33.0 | MACD: -0.49 | ATR: 3.48
  📊 Filled: 0 | Pending: 0
  🔲 Regime: RANGING | Range pos: 68% | RSI: 33.0
  💰 Daily P&L: $+0.00

[2026-07-17 11:25] O:7517.75 H:7521.75 L:7516.50 C:7520.75 V:2429.0
  📈 Trend: moderate_bullish (raw: strong_bullish) | 🌍 Regime: ranging
  🗺️  Grid: 0.080% | 🔺 7521.00 🔻 7517.50
  📡 RSI: 45.1 | MACD: -0.65 | ATR: 3.55
  📊 Filled: 0 | Pending: 0
  🔲 Regime: RANGING | Range pos: 72% | RSI: 45.1
  💰 Daily P&L: $+0.00

[2026-07-17 11:26] O:7521.00 H:7522.25 L:7518.50 C:7522.25 V:1687.0
  📈 Trend: strong_bullish | 🌍 Regime: ranging
  🗺️  Grid: 0.080% | 🔺 7521.75 🔻 7516.50
  📡 RSI: 43.4 | MACD: -0.64 | ATR: 3.57
  📊 Filled: 0 | Pending: 0
  🔲 Regime: RANGING | Range pos: 75% | RSI: 43.4
  💰 Daily P&L: $+0.00

[2026-07-17 11:27] O:7522.25 H:7529.50 L:7522.25 C:7528.00 V:3620.0
  📈 Trend: strong_bullish | 🌍 Regime: ranging
  🗺️  Grid: 0.080% | 🔺 7522.25 🔻 7518.50
  📡 RSI: 53.7 | MACD: -0.18 | ATR: 3.93
  📊 Filled: 0 | Pending: 0
  🔲 Regime: RANGING | Range pos: 83% | RSI: 53.7
  💰 Daily P&L: $+0.00

[2026-07-17 11:28] O:7528.00 H:7529.25 L:7527.00 C:7527.00 V:1776.0
  📈 Trend: strong_bullish | 🌍 Regime: ranging
  🗺️  Grid: 0.080% | 🔺 7529.50 🔻 7522.25
  📡 RSI: 47.8 | MACD: 0.12 | ATR: 3.86
  📊 Filled: 0 | Pending: 0
  🔲 Regime: RANGING | Range pos: 82% | RSI: 47.8
  💰 Daily P&L: $+0.00

[2026-07-17 11:29] O:7527.25 H:7528.25 L:7524.50 C:7524.75 V:1965.0
  📈 Trend: strong_bullish | 🌍 Regime: ranging
  🗺️  Grid: 0.080% | 🔺 7529.25 🔻 7527.00
  📡 RSI: 43.9 | MACD: 0.16 | ATR: 3.95
  📊 Filled: 0 | Pending: 0
  🔲 Regime: RANGING | Range pos: 78% | RSI: 43.9
  💰 Daily P&L: $+0.00

[2026-07-17 11:30] O:7524.75 H:7527.25 L:7520.75 C:7521.00 V:2677.0
  📈 Trend: strong_bullish (raw: moderate_bullish) | 🌍 Regime: ranging
  🗺️  Grid: 0.080% | 🔺 7528.25 🔻 7524.50
  📡 RSI: 42.2 | MACD: -0.10 | ATR: 4.14
  📊 Filled: 0 | Pending: 0
  🔲 Regime: RANGING | Range pos: 73% | RSI: 42.2
  💰 Daily P&L: $+0.00

[2026-07-17 11:31] O:7521.25 H:7523.00 L:7521.00 C:7522.25 V:2086.0
  📈 Trend: moderate_bullish | 🌍 Regime: ranging
  🗺️  Grid: 0.080% | 🔺 7527.25 🔻 7520.75
  📡 RSI: 39.8 | MACD: -0.21 | ATR: 3.93
  📊 Filled: 0 | Pending: 0
  🔲 Regime: RANGING | Range pos: 75% | RSI: 39.8
  💰 Daily P&L: $+0.00

[2026-07-17 11:32] O:7522.50 H:7524.25 L:7520.75 C:7523.75 V:1437.0
  📈 Trend: moderate_bullish | 🌍 Regime: ranging
  🗺️  Grid: 0.080% | 🔺 7523.00 🔻 7521.00
  📡 RSI: 43.0 | MACD: -0.17 | ATR: 3.95
  📊 Filled: 0 | Pending: 0
  🔲 Regime: RANGING | Range pos: 77% | RSI: 43.0
  💰 Daily P&L: $+0.00

[2026-07-17 11:33] O:7523.75 H:7525.00 L:7521.25 C:7523.50 V:1481.0
  📈 Trend: moderate_bullish | 🌍 Regime: ranging
  🗺️  Grid: 0.080% | 🔺 7524.25 🔻 7520.75
  📡 RSI: 41.3 | MACD: -0.16 | ATR: 4.00
  📊 Filled: 0 | Pending: 0
  🔲 Regime: RANGING | Range pos: 77% | RSI: 41.3
  💰 Daily P&L: $+0.00

[2026-07-17 11:34] O:7523.50 H:7523.50 L:7521.00 C:7521.00 V:1115.0
  📈 Trend: moderate_bullish | 🌍 Regime: ranging
  🗺️  Grid: 0.080% | 🔺 7525.00 🔻 7521.25
  📡 RSI: 39.7 | MACD: -0.35 | ATR: 3.96
  📊 Filled: 0 | Pending: 0
  🔲 Regime: RANGING | Range pos: 73% | RSI: 39.7
  💰 Daily P&L: $+0.00

[2026-07-17 11:35] O:7521.25 H:7524.75 L:7521.00 C:7522.25 V:1329.0
  📈 Trend: moderate_bullish (raw: strong_bearish) | 🌍 Regime: ranging
  🗺️  Grid: 0.080% | 🔺 7523.50 🔻 7521.00
  📡 RSI: 47.9 | MACD: -0.39 | ATR: 3.89
  📊 Filled: 0 | Pending: 0
  🔲 Regime: RANGING | Range pos: 75% | RSI: 47.9
  💰 Daily P&L: $+0.00

[2026-07-17 11:36] O:7522.25 H:7525.50 L:7520.75 C:7524.50 V:1411.0
  📈 Trend: strong_bearish | 🌍 Regime: ranging
  🗺️  Grid: 0.080% | 🔺 7524.75 🔻 7521.00
  📡 RSI: 58.9 | MACD: -0.24 | ATR: 3.88
  📊 Filled: 0 | Pending: 0
  🔲 Regime: RANGING | Range pos: 78% | RSI: 58.9
  💰 Daily P&L: $+0.00

[2026-07-17 11:37] O:7524.75 H:7525.25 L:7522.25 C:7522.25 V:1072.0
  📈 Trend: strong_bearish | 🌍 Regime: ranging
  🗺️  Grid: 0.080% | 🔺 7525.50 🔻 7520.75
  📡 RSI: 56.4 | MACD: -0.30 | ATR: 3.96
  📊 Filled: 0 | Pending: 0
  🔲 Regime: RANGING | Range pos: 75% | RSI: 56.4
  💰 Daily P&L: $+0.00

[2026-07-17 11:38] O:7522.25 H:7524.50 L:7521.50 C:7523.75 V:1475.0
  📈 Trend: strong_bearish | 🌍 Regime: ranging
  🗺️  Grid: 0.080% | 🔺 7525.25 🔻 7522.25
  📡 RSI: 60.0 | MACD: -0.22 | ATR: 3.93
  📊 Filled: 0 | Pending: 0
  🔲 Regime: RANGING | Range pos: 77% | RSI: 60.0
  💰 Daily P&L: $+0.00

[2026-07-17 11:39] O:7524.00 H:7526.25 L:7523.50 C:7524.50 V:1359.0
  📈 Trend: strong_bearish (raw: moderate_bearish) | 🌍 Regime: ranging
  🗺️  Grid: 0.080% | 🔺 7524.50 🔻 7521.50
  📡 RSI: 56.8 | MACD: -0.10 | ATR: 3.75
  📊 Filled: 0 | Pending: 0
  🔲 Regime: RANGING | Range pos: 78% | RSI: 56.8
  💰 Daily P&L: $+0.00

[2026-07-17 11:40] O:7524.50 H:7525.50 L:7521.25 C:7522.50 V:1637.0
  📈 Trend: moderate_bearish | 🌍 Regime: ranging
  🗺️  Grid: 0.080% | 🔺 7526.25 🔻 7523.50
  📡 RSI: 50.4 | MACD: -0.16 | ATR: 3.79
  📊 Filled: 0 | Pending: 0
  🔲 Regime: RANGING | Range pos: 75% | RSI: 50.4
  💰 Daily P&L: $+0.00

[2026-07-17 11:41] O:7522.75 H:7524.00 L:7522.25 C:7523.75 V:1510.0
  📈 Trend: moderate_bearish (raw: moderate_bullish) | 🌍 Regime: ranging
  🗺️  Grid: 0.080% | 🔺 7525.50 🔻 7521.25
  📡 RSI: 41.1 | MACD: -0.11 | ATR: 3.39
  📊 Filled: 0 | Pending: 0
  🔲 Regime: RANGING | Range pos: 77% | RSI: 41.1
  💰 Daily P&L: $+0.00

[2026-07-17 11:42] O:7523.75 H:7526.50 L:7523.75 C:7526.00 V:1634.0
  📈 Trend: moderate_bearish (raw: strong_bullish) | 🌍 Regime: ranging
  🗺️  Grid: 0.080% | 🔺 7524.00 🔻 7522.25
  📡 RSI: 48.0 | MACD: 0.11 | ATR: 3.43
  📊 Filled: 0 | Pending: 0
  🔲 Regime: RANGING | Range pos: 80% | RSI: 48.0
  💰 Daily P&L: $+0.00

[2026-07-17 11:43] O:7526.00 H:7530.00 L:7525.75 C:7528.25 V:2506.0
  📈 Trend: strong_bullish | 🌍 Regime: ranging
  🗺️  Grid: 0.080% | 🔺 7526.50 🔻 7523.75
  📡 RSI: 57.0 | MACD: 0.46 | ATR: 3.46
  📊 Filled: 0 | Pending: 0
  🔲 Regime: RANGING | Range pos: 84% | RSI: 57.0
  💰 Daily P&L: $+0.00

[2026-07-17 11:44] O:7528.25 H:7529.75 L:7526.50 C:7529.75 V:1669.0
  📈 Trend: strong_bullish | 🌍 Regime: ranging
  🗺️  Grid: 0.080% | 🔺 7530.00 🔻 7525.75
  📡 RSI: 69.2 | MACD: 0.85 | ATR: 3.23
  📊 Filled: 0 | Pending: 0
  🔲 Regime: RANGING | Range pos: 86% | RSI: 69.2
  💰 Daily P&L: $+0.00

[2026-07-17 11:45] O:7529.75 H:7530.00 L:7528.00 C:7528.25 V:1632.0
  📈 Trend: strong_bullish | 🌍 Regime: ranging
  🗺️  Grid: 0.080% | 🔺 7529.75 🔻 7526.50
  📡 RSI: 63.0 | MACD: 1.03 | ATR: 3.23
  📊 Filled: 0 | Pending: 0
  🔲 Regime: RANGING | Range pos: 84% | RSI: 63.0
  💰 Daily P&L: $+0.00

[2026-07-17 11:46] O:7528.25 H:7529.25 L:7528.00 C:7529.00 V:1377.0
  📈 Trend: strong_bullish | 🌍 Regime: ranging
  🗺️  Grid: 0.080% | 🔺 7530.00 🔻 7528.00
  📡 RSI: 61.8 | MACD: 1.22 | ATR: 3.07
  📊 Filled: 0 | Pending: 0
  🔲 Regime: RANGING | Range pos: 85% | RSI: 61.8
  💰 Daily P&L: $+0.00

[2026-07-17 11:47] O:7528.75 H:7532.75 L:7528.25 C:7532.75 V:2116.0
  📈 Trend: strong_bullish | 🌍 Regime: ranging
  🗺️  Grid: 0.080% | 🔺 7529.25 🔻 7528.00
  📡 RSI: 68.0 | MACD: 1.65 | ATR: 3.12
  📊 Filled: 0 | Pending: 0
  🔲 Regime: RANGING | Range pos: 91% | RSI: 68.0
  💰 Daily P&L: $+0.00

[2026-07-17 11:48] O:7532.50 H:7536.00 L:7532.25 C:7535.00 V:4428.0
  📈 Trend: strong_bullish | 🌍 Regime: ranging
  🗺️  Grid: 0.080% | 🔺 7532.75 🔻 7528.25
  📡 RSI: 77.5 | MACD: 2.15 | ATR: 3.21
  📊 Filled: 0 | Pending: 0
  🔲 Regime: RANGING | Range pos: 94% | RSI: 77.5
  🚫 Raw trend blocks RANGING SHORT | raw: strong_bullish
  💰 Daily P&L: $+0.00

[2026-07-17 11:49] O:7535.00 H:7536.00 L:7533.50 C:7534.25 V:2653.0
  📈 Trend: strong_bullish | 🌍 Regime: ranging
  🗺️  Grid: 0.080% | 🔺 7536.00 🔻 7532.25
  📡 RSI: 74.0 | MACD: 2.45 | ATR: 3.12
  📊 Filled: 0 | Pending: 0
  🔲 Regime: RANGING | Range pos: 93% | RSI: 74.0
  🚫 Raw trend blocks RANGING SHORT | raw: strong_bullish
  💰 Daily P&L: $+0.00

[2026-07-17 11:50] O:7534.50 H:7536.50 L:7531.25 C:7532.50 V:2412.0
  📈 Trend: strong_bullish | 🌍 Regime: ranging
  🗺️  Grid: 0.080% | 🔺 7536.00 🔻 7533.50
  📡 RSI: 66.3 | MACD: 2.52 | ATR: 3.16
  📊 Filled: 0 | Pending: 0
  🔲 Regime: RANGING | Range pos: 90% | RSI: 66.3
  💰 Daily P&L: $+0.00

[2026-07-17 11:51] O:7532.75 H:7538.50 L:7532.50 C:7537.50 V:3503.0
  📈 Trend: strong_bullish | 🌍 Regime: ranging
  🗺️  Grid: 0.080% | 🔺 7536.50 🔻 7531.25
  📡 RSI: 78.0 | MACD: 2.95 | ATR: 3.38
  📊 Filled: 0 | Pending: 0
  🔲 Regime: RANGING | Range pos: 98% | RSI: 78.0
  🚫 Raw trend blocks RANGING SHORT | raw: strong_bullish
  💰 Daily P&L: $+0.00

[2026-07-17 11:52] O:7537.50 H:7538.50 L:7534.75 C:7536.50 V:2900.0
  📈 Trend: strong_bullish | 🌍 Regime: ranging
  🗺️  Grid: 0.080% | 🔺 7538.50 🔻 7532.50
  📡 RSI: 73.8 | MACD: 3.17 | ATR: 3.43
  📊 Filled: 0 | Pending: 0
  🔲 Regime: RANGING | Range pos: 96% | RSI: 73.8
  🚫 Raw trend blocks RANGING SHORT | raw: strong_bullish
  💰 Daily P&L: $+0.00

[2026-07-17 11:53] O:7536.25 H:7537.00 L:7534.25 C:7534.50 V:1790.0
  📈 Trend: strong_bullish | 🌍 Regime: ranging
  🗺️  Grid: 0.080% | 🔺 7538.50 🔻 7534.75
  📡 RSI: 67.9 | MACD: 3.15 | ATR: 3.43
  📊 Filled: 0 | Pending: 0
  🔲 Regime: RANGING | Range pos: 93% | RSI: 67.9
  💰 Daily P&L: $+0.00

[2026-07-17 11:54] O:7534.50 H:7535.50 L:7532.50 C:7534.25 V:2429.0
  📈 Trend: strong_bullish | 🌍 Regime: ranging
  🗺️  Grid: 0.080% | 🔺 7537.00 🔻 7534.25
  📡 RSI: 72.4 | MACD: 3.08 | ATR: 3.34
  📊 Filled: 0 | Pending: 0
  🔲 Regime: RANGING | Range pos: 93% | RSI: 72.4
  🚫 Raw trend blocks RANGING SHORT | raw: strong_bullish
  💰 Daily P&L: $+0.00

[2026-07-17 11:55] O:7534.25 H:7535.25 L:7530.50 C:7531.00 V:1731.0
  📈 Trend: strong_bullish | 🌍 Regime: trending_bullish
  🗺️  Grid: 0.080% | 🔺 7535.50 🔻 7532.50
  📡 RSI: 62.8 | MACD: 2.72 | ATR: 3.55
  📊 Filled: 0 | Pending: 0
  💰 Daily P&L: $+0.00

[2026-07-17 11:56] O:7531.00 H:7531.50 L:7528.00 C:7530.00 V:2056.0
  📈 Trend: strong_bullish | 🌍 Regime: trending_bullish
  🗺️  Grid: 0.080% | 🔺 7535.25 🔻 7530.50
  📡 RSI: 57.4 | MACD: 2.34 | ATR: 3.61
  📊 Filled: 0 | Pending: 0
  💰 Daily P&L: $+0.00

[2026-07-17 11:57] O:7530.00 H:7530.25 L:7527.25 C:7527.75 V:1631.0
  📈 Trend: strong_bullish | 🌍 Regime: trending_bullish
  🗺️  Grid: 0.080% | 🔺 7531.50 🔻 7528.00
  📡 RSI: 49.1 | MACD: 1.83 | ATR: 3.52
  📊 Filled: 0 | Pending: 0
  💰 Daily P&L: $+0.00

[2026-07-17 11:58] O:7527.75 H:7530.00 L:7527.00 C:7529.00 V:1216.0
  📈 Trend: strong_bullish | 🌍 Regime: trending_bullish
  🗺️  Grid: 0.080% | 🔺 7530.25 🔻 7527.25
  📡 RSI: 48.6 | MACD: 1.51 | ATR: 3.50
  📊 Filled: 0 | Pending: 0
  💰 Daily P&L: $+0.00

[2026-07-17 11:59] O:7528.75 H:7530.25 L:7528.25 C:7529.25 V:948.0
  📈 Trend: strong_bullish | 🌍 Regime: trending_bullish
  🗺️  Grid: 0.080% | 🔺 7530.00 🔻 7527.00
  📡 RSI: 52.0 | MACD: 1.26 | ATR: 3.50
  📊 Filled: 0 | Pending: 0
  💰 Daily P&L: $+0.00

[2026-07-17 12:00] O:7529.00 H:7534.50 L:7527.75 C:7534.50 V:2068.0
  📈 Trend: strong_bullish | 🌍 Regime: trending_bullish
  🗺️  Grid: 0.080% | 🔺 7530.25 🔻 7528.25
  📡 RSI: 59.2 | MACD: 1.47 | ATR: 3.89
  📊 Filled: 0 | Pending: 0
  💰 Daily P&L: $+0.00

[2026-07-17 12:01] O:7534.25 H:7538.00 L:7533.75 C:7534.00 V:3569.0
  📈 Trend: strong_bullish | 🌍 Regime: trending_bullish
  🗺️  Grid: 0.080% | 🔺 7534.50 🔻 7527.75
  📡 RSI: 52.3 | MACD: 1.58 | ATR: 3.88
  📊 Filled: 0 | Pending: 0
  💰 Daily P&L: $+0.00

[2026-07-17 12:02] O:7534.00 H:7534.25 L:7531.50 C:7533.25 V:2196.0
  📈 Trend: strong_bullish | 🌍 Regime: trending_bullish
  🗺️  Grid: 0.080% | 🔺 7538.00 🔻 7533.75
  📡 RSI: 46.5 | MACD: 1.59 | ATR: 3.80
  📊 Filled: 0 | Pending: 0
  💰 Daily P&L: $+0.00

[2026-07-17 12:03] O:7533.00 H:7534.25 L:7531.75 C:7533.50 V:1270.0
  📈 Trend: strong_bullish | 🌍 Regime: trending_bullish
  🗺️  Grid: 0.080% | 🔺 7534.25 🔻 7531.50
  📡 RSI: 48.5 | MACD: 1.59 | ATR: 3.80
  📊 Filled: 0 | Pending: 0
  💰 Daily P&L: $+0.00

[2026-07-17 12:04] O:7533.50 H:7534.25 L:7531.50 C:7532.50 V:2266.0
  📈 Trend: strong_bullish | 🌍 Regime: trending_bullish
  🗺️  Grid: 0.080% | 🔺 7534.25 🔻 7531.75
  📡 RSI: 50.0 | MACD: 1.50 | ATR: 3.62
  📊 Filled: 0 | Pending: 0
  💰 Daily P&L: $+0.00

[2026-07-17 12:05] O:7532.25 H:7532.50 L:7530.25 C:7531.50 V:1437.0
  📈 Trend: strong_bullish | 🌍 Regime: ranging
  🗺️  Grid: 0.080% | 🔺 7534.25 🔻 7531.50
  📡 RSI: 35.0 | MACD: 1.33 | ATR: 3.36
  📊 Filled: 0 | Pending: 0
  🔲 Regime: RANGING | Range pos: 89% | RSI: 35.0
  💰 Daily P&L: $+0.00

[2026-07-17 12:06] O:7531.25 H:7535.00 L:7530.50 C:7535.00 V:1226.0
  📈 Trend: strong_bullish | 🌍 Regime: ranging
  🗺️  Grid: 0.080% | 🔺 7532.50 🔻 7530.25
  📡 RSI: 46.7 | MACD: 1.46 | ATR: 3.41
  📊 Filled: 0 | Pending: 0
  🔲 Regime: RANGING | Range pos: 94% | RSI: 46.7
  💰 Daily P&L: $+0.00

[2026-07-17 12:07] O:7535.00 H:7535.50 L:7533.50 C:7534.00 V:1210.0
  📈 Trend: strong_bullish (raw: moderate_bullish) | 🌍 Regime: ranging
  🗺️  Grid: 0.080% | 🔺 7535.00 🔻 7530.50
  📡 RSI: 48.8 | MACD: 1.47 | ATR: 3.36
  📊 Filled: 0 | Pending: 0
  🔲 Regime: RANGING | Range pos: 92% | RSI: 48.8
  💰 Daily P&L: $+0.00

[2026-07-17 12:08] O:7533.75 H:7535.25 L:7533.75 C:7534.25 V:739.0
  📈 Trend: moderate_bullish | 🌍 Regime: ranging
  🗺️  Grid: 0.080% | 🔺 7535.50 🔻 7533.50
  📡 RSI: 50.0 | MACD: 1.48 | ATR: 3.25
  📊 Filled: 0 | Pending: 0
  🔲 Regime: RANGING | Range pos: 93% | RSI: 50.0
  💰 Daily P&L: $+0.00

[2026-07-17 12:09] O:7534.25 H:7535.50 L:7533.75 C:7535.50 V:775.0
  📈 Trend: moderate_bullish (raw: strong_bullish) | 🌍 Regime: ranging
  🗺️  Grid: 0.080% | 🔺 7535.25 🔻 7533.75
  📡 RSI: 61.5 | MACD: 1.57 | ATR: 3.04
  📊 Filled: 0 | Pending: 0
  🔲 Regime: RANGING | Range pos: 95% | RSI: 61.5
  💰 Daily P&L: $+0.00

[2026-07-17 12:10] O:7535.25 H:7536.00 L:7534.00 C:7535.75 V:970.0
  📈 Trend: strong_bullish | 🌍 Regime: ranging
  🗺️  Grid: 0.080% | 🔺 7535.50 🔻 7533.75
  📡 RSI: 65.3 | MACD: 1.64 | ATR: 2.93
  📊 Filled: 0 | Pending: 0
  🔲 Regime: RANGING | Range pos: 95% | RSI: 65.3
  💰 Daily P&L: $+0.00

[2026-07-17 12:11] O:7535.75 H:7536.75 L:7535.00 C:7535.25 V:1309.0
  📈 Trend: strong_bullish | 🌍 Regime: ranging
  🗺️  Grid: 0.080% | 🔺 7536.00 🔻 7534.00
  📡 RSI: 72.1 | MACD: 1.64 | ATR: 2.84
  📊 Filled: 0 | Pending: 0
  🔲 Regime: RANGING | Range pos: 94% | RSI: 72.1
  🚫 Raw trend blocks RANGING SHORT | raw: strong_bullish
  💰 Daily P&L: $+0.00

[2026-07-17 12:12] O:7535.00 H:7537.00 L:7532.50 C:7533.25 V:1914.0
  📈 Trend: strong_bullish (raw: moderate_bullish) | 🌍 Regime: ranging
  🗺️  Grid: 0.080% | 🔺 7536.75 🔻 7535.00
  📡 RSI: 62.0 | MACD: 1.46 | ATR: 2.95
  📊 Filled: 0 | Pending: 0
  🔲 Regime: RANGING | Range pos: 91% | RSI: 62.0
  💰 Daily P&L: $+0.00

[2026-07-17 12:13] O:7533.25 H:7533.75 L:7531.50 C:7532.25 V:1554.0
  📈 Trend: moderate_bullish | 🌍 Regime: ranging
  🗺️  Grid: 0.080% | 🔺 7537.00 🔻 7532.50
  📡 RSI: 58.1 | MACD: 1.22 | ATR: 2.96
  📊 Filled: 0 | Pending: 0
  🔲 Regime: RANGING | Range pos: 90% | RSI: 58.1
  💰 Daily P&L: $+0.00

[2026-07-17 12:14] O:7532.25 H:7532.25 L:7529.75 C:7530.00 V:1330.0
  📈 Trend: moderate_bullish | 🌍 Regime: ranging
  🗺️  Grid: 0.080% | 🔺 7533.75 🔻 7531.50
  📡 RSI: 35.5 | MACD: 0.84 | ATR: 2.66
  📊 Filled: 0 | Pending: 0
  🔲 Regime: RANGING | Range pos: 86% | RSI: 35.5
  💰 Daily P&L: $+0.00

[2026-07-17 12:15] O:7530.00 H:7532.00 L:7528.00 C:7531.75 V:2003.0
  📈 Trend: moderate_bullish (raw: strong_bullish) | 🌍 Regime: ranging
  🗺️  Grid: 0.080% | 🔺 7532.25 🔻 7529.75
  📡 RSI: 43.3 | MACD: 0.67 | ATR: 2.64
  📊 Filled: 0 | Pending: 0
  🔲 Regime: RANGING | Range pos: 89% | RSI: 43.3
  💰 Daily P&L: $+0.00

[2026-07-17 12:16] O:7531.75 H:7534.50 L:7531.25 C:7534.25 V:1229.0
  📈 Trend: strong_bullish | 🌍 Regime: ranging
  🗺️  Grid: 0.080% | 🔺 7532.00 🔻 7528.00
  📡 RSI: 52.7 | MACD: 0.74 | ATR: 2.68
  📊 Filled: 0 | Pending: 0
  🔲 Regime: RANGING | Range pos: 93% | RSI: 52.7
  💰 Daily P&L: $+0.00

[2026-07-17 12:17] O:7534.25 H:7535.75 L:7532.75 C:7533.25 V:1367.0
  📈 Trend: strong_bullish | 🌍 Regime: ranging
  🗺️  Grid: 0.080% | 🔺 7534.50 🔻 7531.25
  📡 RSI: 49.4 | MACD: 0.69 | ATR: 2.71
  📊 Filled: 0 | Pending: 0
  🔲 Regime: RANGING | Range pos: 91% | RSI: 49.4
  💰 Daily P&L: $+0.00

[2026-07-17 12:18] O:7533.25 H:7534.00 L:7530.75 C:7531.25 V:1218.0
  📈 Trend: strong_bullish | 🌍 Regime: ranging
  🗺️  Grid: 0.080% | 🔺 7535.75 🔻 7532.75
  📡 RSI: 46.9 | MACD: 0.50 | ATR: 2.75
  📊 Filled: 0 | Pending: 0
  🔲 Regime: RANGING | Range pos: 88% | RSI: 46.9
  💰 Daily P&L: $+0.00

[2026-07-17 12:19] O:7531.25 H:7531.50 L:7528.25 C:7528.75 V:1826.0
  📈 Trend: strong_bullish (raw: moderate_bullish) | 🌍 Regime: ranging
  🗺️  Grid: 0.080% | 🔺 7534.00 🔻 7530.75
  📡 RSI: 43.7 | MACD: 0.13 | ATR: 2.82
  📊 Filled: 0 | Pending: 0
  🔲 Regime: RANGING | Range pos: 84% | RSI: 43.7
  💰 Daily P&L: $+0.00

[2026-07-17 12:20] O:7528.50 H:7528.75 L:7525.25 C:7527.25 V:2242.0
  📈 Trend: moderate_bullish | 🌍 Regime: ranging
  🗺️  Grid: 0.080% | 🔺 7531.50 🔻 7528.25
  📡 RSI: 30.4 | MACD: -0.27 | ATR: 2.75
  📊 Filled: 0 | Pending: 0
  🔲 Regime: RANGING | Range pos: 82% | RSI: 30.4
  💰 Daily P&L: $+0.00

[2026-07-17 12:21] O:7527.25 H:7527.75 L:7525.50 C:7526.50 V:1437.0
  📈 Trend: moderate_bullish | 🌍 Regime: ranging
  🗺️  Grid: 0.080% | 🔺 7528.75 🔻 7525.25
  📡 RSI: 30.8 | MACD: -0.64 | ATR: 2.77
  📊 Filled: 0 | Pending: 0
  🔲 Regime: RANGING | Range pos: 81% | RSI: 30.8
  💰 Daily P&L: $+0.00

[2026-07-17 12:22] O:7526.50 H:7529.75 L:7526.50 C:7529.75 V:1338.0
  📈 Trend: moderate_bullish | 🌍 Regime: ranging
  🗺️  Grid: 0.080% | 🔺 7527.75 🔻 7525.50
  📡 RSI: 40.0 | MACD: -0.67 | ATR: 2.89
  📊 Filled: 0 | Pending: 0
  🔲 Regime: RANGING | Range pos: 86% | RSI: 40.0
  💰 Daily P&L: $+0.00

[2026-07-17 12:23] O:7529.75 H:7530.00 L:7527.50 C:7528.50 V:1406.0
  📈 Trend: moderate_bullish | 🌍 Regime: ranging
  🗺️  Grid: 0.080% | 🔺 7529.75 🔻 7526.50
  📡 RSI: 34.4 | MACD: -0.78 | ATR: 2.95
  📊 Filled: 0 | Pending: 0
  🔲 Regime: RANGING | Range pos: 84% | RSI: 34.4
  💰 Daily P&L: $+0.00

[2026-07-17 12:24] O:7528.50 H:7529.50 L:7527.00 C:7528.75 V:1227.0
  📈 Trend: moderate_bullish | 🌍 Regime: ranging
  🗺️  Grid: 0.080% | 🔺 7530.00 🔻 7527.50
  📡 RSI: 34.4 | MACD: -0.84 | ATR: 2.98
  📊 Filled: 0 | Pending: 0
  🔲 Regime: RANGING | Range pos: 84% | RSI: 34.4
  💰 Daily P&L: $+0.00

[2026-07-17 12:25] O:7528.75 H:7532.25 L:7528.50 C:7532.25 V:1725.0
  📈 Trend: moderate_bullish | 🌍 Regime: ranging
  🗺️  Grid: 0.080% | 🔺 7529.50 🔻 7527.00
  📡 RSI: 44.1 | MACD: -0.60 | ATR: 3.12
  📊 Filled: 0 | Pending: 0
  🔲 Regime: RANGING | Range pos: 90% | RSI: 44.1
  💰 Daily P&L: $+0.00

[2026-07-17 12:26] O:7532.25 H:7535.00 L:7532.25 C:7534.50 V:1845.0
  📈 Trend: moderate_bullish (raw: strong_bullish) | 🌍 Regime: ranging
  🗺️  Grid: 0.080% | 🔺 7532.25 🔻 7528.50
  📡 RSI: 52.4 | MACD: -0.22 | ATR: 3.00
  📊 Filled: 0 | Pending: 0
  🔲 Regime: RANGING | Range pos: 93% | RSI: 52.4
  💰 Daily P&L: $+0.00

[2026-07-17 12:27] O:7534.25 H:7535.00 L:7533.50 C:7534.25 V:1217.0
  📈 Trend: strong_bullish | 🌍 Regime: ranging
  🗺️  Grid: 0.080% | 🔺 7535.00 🔻 7532.25
  📡 RSI: 54.0 | MACD: 0.05 | ATR: 2.95
  📊 Filled: 0 | Pending: 0
  🔲 Regime: RANGING | Range pos: 93% | RSI: 54.0
  💰 Daily P&L: $+0.00

[2026-07-17 12:28] O:7534.50 H:7536.00 L:7533.75 C:7534.50 V:947.0
  📈 Trend: strong_bullish | 🌍 Regime: ranging
  🗺️  Grid: 0.080% | 🔺 7535.00 🔻 7533.50
  📡 RSI: 59.8 | MACD: 0.29 | ATR: 2.93
  📊 Filled: 0 | Pending: 0
  🔲 Regime: RANGING | Range pos: 93% | RSI: 59.8
  💰 Daily P&L: $+0.00

[2026-07-17 12:29] O:7534.25 H:7536.00 L:7533.75 C:7534.50 V:1197.0
  📈 Trend: strong_bullish | 🌍 Regime: ranging
  🗺️  Grid: 0.080% | 🔺 7536.00 🔻 7533.75
  📡 RSI: 56.5 | MACD: 0.47 | ATR: 2.80
  📊 Filled: 0 | Pending: 0
  🔲 Regime: RANGING | Range pos: 93% | RSI: 56.5
  💰 Daily P&L: $+0.00

[2026-07-17 12:30] O:7534.50 H:7535.25 L:7533.25 C:7535.25 V:1600.0
  📈 Trend: strong_bullish (raw: moderate_bullish) | 🌍 Regime: ranging
  🗺️  Grid: 0.080% | 🔺 7536.00 🔻 7533.75
  📡 RSI: 52.6 | MACD: 0.67 | ATR: 2.71
  📊 Filled: 0 | Pending: 0
  🔲 Regime: RANGING | Range pos: 94% | RSI: 52.6
  💰 Daily P&L: $+0.00

[2026-07-17 12:31] O:7535.00 H:7535.50 L:7532.75 C:7533.25 V:1536.0
  📈 Trend: moderate_bullish | 🌍 Regime: ranging
  🗺️  Grid: 0.080% | 🔺 7535.25 🔻 7533.25
  📡 RSI: 50.0 | MACD: 0.66 | ATR: 2.70
  📊 Filled: 0 | Pending: 0
  🔲 Regime: RANGING | Range pos: 91% | RSI: 50.0
  💰 Daily P&L: $+0.00

[2026-07-17 12:32] O:7533.00 H:7533.75 L:7532.00 C:7532.00 V:1236.0
  📈 Trend: moderate_bullish | 🌍 Regime: ranging
  🗺️  Grid: 0.080% | 🔺 7535.50 🔻 7532.75
  📡 RSI: 51.9 | MACD: 0.54 | ATR: 2.59
  📊 Filled: 0 | Pending: 0
  🔲 Regime: RANGING | Range pos: 89% | RSI: 51.9
  💰 Daily P&L: $+0.00

[2026-07-17 12:33] O:7532.00 H:7534.00 L:7531.75 C:7532.25 V:1035.0
  📈 Trend: moderate_bullish (raw: strong_bullish) | 🌍 Regime: ranging
  🗺️  Grid: 0.080% | 🔺 7533.75 🔻 7532.00
  📡 RSI: 60.0 | MACD: 0.46 | ATR: 2.52
  📊 Filled: 0 | Pending: 0
  🔲 Regime: RANGING | Range pos: 90% | RSI: 60.0
  💰 Daily P&L: $+0.00

[2026-07-17 12:34] O:7532.25 H:7532.75 L:7530.75 C:7531.50 V:1047.0
  📈 Trend: moderate_bullish | 🌍 Regime: ranging
  🗺️  Grid: 0.080% | 🔺 7534.00 🔻 7531.75
  📡 RSI: 62.7 | MACD: 0.34 | ATR: 2.41
  📊 Filled: 0 | Pending: 0
  🔲 Regime: RANGING | Range pos: 89% | RSI: 62.7
  💰 Daily P&L: $+0.00

[2026-07-17 12:35] O:7531.50 H:7532.50 L:7526.00 C:7526.50 V:1621.0
  📈 Trend: moderate_bullish (raw: strong_bearish) | 🌍 Regime: ranging
  🗺️  Grid: 0.080% | 🔺 7532.75 🔻 7530.75
  📡 RSI: 50.0 | MACD: -0.17 | ATR: 2.71
  📊 Filled: 0 | Pending: 0
  🔲 Regime: RANGING | Range pos: 81% | RSI: 50.0
  💰 Daily P&L: $+0.00

[2026-07-17 12:36] O:7526.25 H:7527.50 L:7525.00 C:7525.75 V:2182.0
  📈 Trend: strong_bearish | 🌍 Regime: ranging
  🗺️  Grid: 0.080% | 🔺 7532.50 🔻 7526.00
  📡 RSI: 39.2 | MACD: -0.62 | ATR: 2.66
  📊 Filled: 0 | Pending: 0
  🔲 Regime: RANGING | Range pos: 80% | RSI: 39.2
  💰 Daily P&L: $+0.00

[2026-07-17 12:37] O:7525.75 H:7528.25 L:7525.75 C:7527.25 V:1486.0
  📈 Trend: strong_bearish | 🌍 Regime: ranging
  🗺️  Grid: 0.080% | 🔺 7527.50 🔻 7525.00
  📡 RSI: 46.7 | MACD: -0.84 | ATR: 2.66
  📊 Filled: 0 | Pending: 0
  🔲 Regime: RANGING | Range pos: 82% | RSI: 46.7
  💰 Daily P&L: $+0.00

[2026-07-17 12:38] O:7527.00 H:7527.00 L:7524.50 C:7525.00 V:1102.0
  📈 Trend: strong_bearish | 🌍 Regime: ranging
  🗺️  Grid: 0.080% | 🔺 7528.25 🔻 7525.75
  📡 RSI: 41.0 | MACD: -1.19 | ATR: 2.68
  📊 Filled: 0 | Pending: 0
  🔲 Regime: RANGING | Range pos: 79% | RSI: 41.0
  💰 Daily P&L: $+0.00

[2026-07-17 12:39] O:7525.00 H:7526.25 L:7524.50 C:7525.50 V:1253.0
  📈 Trend: strong_bearish | 🌍 Regime: ranging
  🗺️  Grid: 0.080% | 🔺 7527.00 🔻 7524.50
  📡 RSI: 31.0 | MACD: -1.41 | ATR: 2.54
  📊 Filled: 0 | Pending: 0
  🔲 Regime: RANGING | Range pos: 80% | RSI: 31.0
  💰 Daily P&L: $+0.00

[2026-07-17 12:40] O:7525.25 H:7526.00 L:7521.50 C:7522.75 V:2214.0
  📈 Trend: strong_bearish | 🌍 Regime: ranging
  🗺️  Grid: 0.080% | 🔺 7526.25 🔻 7524.50
  📡 RSI: 17.8 | MACD: -1.78 | ATR: 2.66
  📊 Filled: 0 | Pending: 0
  🔲 Regime: RANGING | Range pos: 75% | RSI: 17.8
  💰 Daily P&L: $+0.00

[2026-07-17 12:41] O:7522.50 H:7523.75 L:7520.50 C:7523.50 V:1951.0
  📈 Trend: strong_bearish | 🌍 Regime: ranging
  🗺️  Grid: 0.080% | 🔺 7526.00 🔻 7521.50
  📡 RSI: 21.3 | MACD: -2.00 | ATR: 2.79
  📊 Filled: 0 | Pending: 0
  🔲 Regime: RANGING | Range pos: 77% | RSI: 21.3
  💰 Daily P&L: $+0.00

[2026-07-17 12:42] O:7523.25 H:7524.75 L:7521.50 C:7522.25 V:1482.0
  📈 Trend: strong_bearish | 🌍 Regime: ranging
  🗺️  Grid: 0.080% | 🔺 7523.75 🔻 7520.50
  📡 RSI: 19.0 | MACD: -2.24 | ATR: 2.86
  📊 Filled: 0 | Pending: 0
  🔲 Regime: RANGING | Range pos: 75% | RSI: 19.0
  💰 Daily P&L: $+0.00

[2026-07-17 12:43] O:7522.00 H:7522.75 L:7521.00 C:7522.25 V:1164.0
  📈 Trend: strong_bearish | 🌍 Regime: ranging
  🗺️  Grid: 0.080% | 🔺 7524.75 🔻 7521.50
  📡 RSI: 19.0 | MACD: -2.41 | ATR: 2.82
  📊 Filled: 0 | Pending: 0
  🔲 Regime: RANGING | Range pos: 75% | RSI: 19.0
  💰 Daily P&L: $+0.00

[2026-07-17 12:44] O:7522.00 H:7522.25 L:7520.25 C:7521.50 V:1034.0
  📈 Trend: strong_bearish | 🌍 Regime: ranging
  🗺️  Grid: 0.080% | 🔺 7522.75 🔻 7521.00
  📡 RSI: 15.2 | MACD: -2.57 | ATR: 2.82
  📊 Filled: 0 | Pending: 0
  🔲 Regime: RANGING | Range pos: 73% | RSI: 15.2
  💰 Daily P&L: $+0.00

[2026-07-17 12:45] O:7521.25 H:7524.25 L:7520.00 C:7523.25 V:1554.0
  📈 Trend: strong_bearish | 🌍 Regime: ranging
  🗺️  Grid: 0.080% | 🔺 7522.25 🔻 7520.25
  📡 RSI: 24.4 | MACD: -2.53 | ATR: 2.93
  📊 Filled: 0 | Pending: 0
  🔲 Regime: RANGING | Range pos: 76% | RSI: 24.4
  💰 Daily P&L: $+0.00

[2026-07-17 12:46] O:7523.25 H:7523.25 L:7519.50 C:7520.00 V:1756.0
  📈 Trend: strong_bearish | 🌍 Regime: ranging
  🗺️  Grid: 0.080% | 🔺 7524.25 🔻 7520.00
  📡 RSI: 22.1 | MACD: -2.73 | ATR: 3.07
  📊 Filled: 0 | Pending: 0
  🔲 Regime: RANGING | Range pos: 71% | RSI: 22.1
  💰 Daily P&L: $+0.00

[2026-07-17 12:47] O:7519.75 H:7521.25 L:7519.50 C:7520.50 V:1697.0
  📈 Trend: strong_bearish | 🌍 Regime: ranging
  🗺️  Grid: 0.080% | 🔺 7523.25 🔻 7519.50
  📡 RSI: 23.0 | MACD: -2.81 | ATR: 3.04
  📊 Filled: 0 | Pending: 0
  🔲 Regime: RANGING | Range pos: 72% | RSI: 23.0
  💰 Daily P&L: $+0.00

[2026-07-17 12:48] O:7520.75 H:7522.00 L:7519.75 C:7520.25 V:1589.0
  📈 Trend: strong_bearish | 🌍 Regime: ranging
  🗺️  Grid: 0.080% | 🔺 7521.25 🔻 7519.50
  📡 RSI: 23.5 | MACD: -2.86 | ATR: 3.05
  📊 Filled: 0 | Pending: 0
  🔲 Regime: RANGING | Range pos: 72% | RSI: 23.5
  💰 Daily P&L: $+0.00

[2026-07-17 12:49] O:7520.25 H:7521.00 L:7519.25 C:7521.00 V:914.0
  📈 Trend: strong_bearish | 🌍 Regime: ranging
  🗺️  Grid: 0.080% | 🔺 7522.00 🔻 7519.75
  📡 RSI: 33.8 | MACD: -2.81 | ATR: 2.71
  📊 Filled: 0 | Pending: 0
  🔲 Regime: RANGING | Range pos: 73% | RSI: 33.8
  💰 Daily P&L: $+0.00

[2026-07-17 12:50] O:7521.00 H:7521.75 L:7516.00 C:7516.75 V:1718.0
  📈 Trend: strong_bearish | 🌍 Regime: ranging
  🗺️  Grid: 0.080% | 🔺 7521.00 🔻 7519.25
  📡 RSI: 28.0 | MACD: -3.08 | ATR: 2.95
  📊 Filled: 0 | Pending: 0
  🔲 Regime: RANGING | Range pos: 66% | RSI: 28.0
  💰 Daily P&L: $+0.00

[2026-07-17 12:51] O:7516.50 H:7517.00 L:7514.50 C:7515.25 V:1750.0
  📈 Trend: strong_bearish | 🌍 Regime: ranging
  🗺️  Grid: 0.080% | 🔺 7521.75 🔻 7516.00
  📡 RSI: 20.7 | MACD: -3.37 | ATR: 2.95
  📊 Filled: 0 | Pending: 0
  🔲 Regime: RANGING | Range pos: 64% | RSI: 20.7
  💰 Daily P&L: $+0.00

[2026-07-17 12:52] O:7515.25 H:7516.75 L:7513.50 C:7514.75 V:1714.0
  📈 Trend: strong_bearish | 🌍 Regime: ranging
  🗺️  Grid: 0.080% | 🔺 7517.00 🔻 7514.50
  📡 RSI: 22.7 | MACD: -3.61 | ATR: 2.98
  📊 Filled: 0 | Pending: 0
  🔲 Regime: RANGING | Range pos: 63% | RSI: 22.7
  💰 Daily P&L: $+0.00

[2026-07-17 12:53] O:7514.50 H:7515.00 L:7513.00 C:7514.25 V:2265.0
  📈 Trend: strong_bearish | 🌍 Regime: ranging
  🗺️  Grid: 0.080% | 🔺 7516.75 🔻 7513.50
  📡 RSI: 20.0 | MACD: -3.79 | ATR: 3.00
  📊 Filled: 0 | Pending: 0
  🔲 Regime: RANGING | Range pos: 62% | RSI: 20.0
  💰 Daily P&L: $+0.00

[2026-07-17 12:54] O:7514.25 H:7517.00 L:7514.00 C:7514.00 V:1317.0
  📈 Trend: strong_bearish | 🌍 Regime: ranging
  🗺️  Grid: 0.080% | 🔺 7515.00 🔻 7513.00
  📡 RSI: 23.1 | MACD: -3.90 | ATR: 2.89
  📊 Filled: 0 | Pending: 0
  🔲 Regime: RANGING | Range pos: 62% | RSI: 23.1
  💰 Daily P&L: $+0.00

[2026-07-17 12:55] O:7514.00 H:7515.25 L:7512.25 C:7513.25 V:1590.0
  📈 Trend: strong_bearish | 🌍 Regime: ranging
  🗺️  Grid: 0.080% | 🔺 7517.00 🔻 7514.00
  📡 RSI: 18.5 | MACD: -4.01 | ATR: 2.88
  📊 Filled: 0 | Pending: 0
  🔲 Regime: RANGING | Range pos: 61% | RSI: 18.5
  💰 Daily P&L: $+0.00

[2026-07-17 12:56] O:7513.00 H:7513.50 L:7510.50 C:7511.00 V:2020.0
  📈 Trend: strong_bearish | 🌍 Regime: ranging
  🗺️  Grid: 0.080% | 🔺 7515.25 🔻 7512.25
  📡 RSI: 17.4 | MACD: -4.23 | ATR: 2.86
  📊 Filled: 0 | Pending: 0
  🔲 Regime: RANGING | Range pos: 58% | RSI: 17.4
  💰 Daily P&L: $+0.00

[2026-07-17 12:57] O:7510.75 H:7512.25 L:7509.50 C:7510.75 V:1903.0
  📈 Trend: strong_bearish | 🌍 Regime: ranging
  🗺️  Grid: 0.080% | 🔺 7513.50 🔻 7510.50
  📡 RSI: 17.1 | MACD: -4.37 | ATR: 2.93
  📊 Filled: 0 | Pending: 0
  🔲 Regime: RANGING | Range pos: 57% | RSI: 17.1
  💰 Daily P&L: $+0.00

[2026-07-17 12:58] O:7510.50 H:7511.00 L:7508.75 C:7510.50 V:1556.0
  📈 Trend: strong_bearish | 🌍 Regime: ranging
  🗺️  Grid: 0.080% | 🔺 7512.25 🔻 7509.50
  📡 RSI: 17.6 | MACD: -4.46 | ATR: 2.95
  📊 Filled: 0 | Pending: 0
  🔲 Regime: RANGING | Range pos: 57% | RSI: 17.6
  💰 Daily P&L: $+0.00

[2026-07-17 12:59] O:7510.25 H:7511.50 L:7509.75 C:7510.75 V:1494.0
  📈 Trend: strong_bearish | 🌍 Regime: ranging
  🗺️  Grid: 0.080% | 🔺 7511.00 🔻 7508.75
  📡 RSI: 9.7 | MACD: -4.45 | ATR: 2.77
  📊 Filled: 0 | Pending: 0
  🔲 Regime: RANGING | Range pos: 57% | RSI: 9.7
  💰 Daily P&L: $+0.00

[2026-07-17 13:00] O:7511.00 H:7513.00 L:7509.00 C:7509.75 V:2318.0
  📈 Trend: strong_bearish | 🌍 Regime: ranging
  🗺️  Grid: 0.080% | 🔺 7511.50 🔻 7509.75
  📡 RSI: 11.3 | MACD: -4.47 | ATR: 2.79
  📊 Filled: 0 | Pending: 0
  🔲 Regime: RANGING | Range pos: 56% | RSI: 11.3
  💰 Daily P&L: $+0.00

[2026-07-17 13:01] O:7509.75 H:7512.50 L:7509.25 C:7510.25 V:1609.0
  📈 Trend: strong_bearish | 🌍 Regime: ranging
  🗺️  Grid: 0.080% | 🔺 7513.00 🔻 7509.00
  📡 RSI: 11.3 | MACD: -4.40 | ATR: 2.89
  📊 Filled: 0 | Pending: 0
  🔲 Regime: RANGING | Range pos: 56% | RSI: 11.3
  💰 Daily P&L: $+0.00

[2026-07-17 13:02] O:7510.25 H:7514.75 L:7510.00 C:7514.25 V:2026.0
  📈 Trend: strong_bearish (raw: moderate_bearish) | 🌍 Regime: ranging
  🗺️  Grid: 0.080% | 🔺 7512.50 🔻 7509.25
  📡 RSI: 32.4 | MACD: -3.98 | ATR: 3.07
  📊 Filled: 0 | Pending: 0
  🔲 Regime: RANGING | Range pos: 62% | RSI: 32.4
  💰 Daily P&L: $+0.00

[2026-07-17 13:03] O:7514.00 H:7516.50 L:7513.75 C:7516.00 V:2911.0
  📈 Trend: moderate_bearish | 🌍 Regime: ranging
  🗺️  Grid: 0.080% | 🔺 7514.75 🔻 7510.00
  📡 RSI: 36.1 | MACD: -3.46 | ATR: 3.14
  📊 Filled: 0 | Pending: 0
  🔲 Regime: RANGING | Range pos: 65% | RSI: 36.1
  💰 Daily P&L: $+0.00

[2026-07-17 13:04] O:7516.00 H:7516.75 L:7511.25 C:7511.50 V:2071.0
  📈 Trend: moderate_bearish | 🌍 Regime: ranging
  🗺️  Grid: 0.080% | 🔺 7516.50 🔻 7513.75
  📡 RSI: 35.6 | MACD: -3.37 | ATR: 3.12
  📊 Filled: 0 | Pending: 0
  🔲 Regime: RANGING | Range pos: 58% | RSI: 35.6
  💰 Daily P&L: $+0.00

[2026-07-17 13:05] O:7511.50 H:7511.50 L:7508.00 C:7510.50 V:2564.0
  📈 Trend: moderate_bearish | 🌍 Regime: ranging
  🗺️  Grid: 0.080% | 🔺 7516.75 🔻 7511.25
  📡 RSI: 36.6 | MACD: -3.34 | ATR: 3.20
  📊 Filled: 0 | Pending: 0
  🔲 Regime: RANGING | Range pos: 57% | RSI: 36.6
  💰 Daily P&L: $+0.00

[2026-07-17 13:06] O:7510.25 H:7510.50 L:7506.75 C:7508.00 V:1747.0
  📈 Trend: moderate_bearish (raw: strong_bearish) | 🌍 Regime: ranging
  🗺️  Grid: 0.080% | 🔺 7511.50 🔻 7508.00
  📡 RSI: 32.9 | MACD: -3.48 | ATR: 3.23
  📊 Filled: 0 | Pending: 0
  🔲 Regime: RANGING | Range pos: 53% | RSI: 32.9
  💰 Daily P&L: $+0.00

[2026-07-17 13:07] O:7508.00 H:7509.75 L:7506.75 C:7509.50 V:1408.0
  📈 Trend: strong_bearish | 🌍 Regime: ranging
  🗺️  Grid: 0.080% | 🔺 7510.50 🔻 7506.75
  📡 RSI: 38.6 | MACD: -3.44 | ATR: 3.30
  📊 Filled: 0 | Pending: 0
  🔲 Regime: RANGING | Range pos: 55% | RSI: 38.6
  💰 Daily P&L: $+0.00

[2026-07-17 13:08] O:7509.25 H:7510.25 L:7507.25 C:7509.25 V:1253.0
  📈 Trend: strong_bearish | 🌍 Regime: ranging
  🗺️  Grid: 0.080% | 🔺 7509.75 🔻 7506.75
  📡 RSI: 38.6 | MACD: -3.38 | ATR: 3.30
  📊 Filled: 0 | Pending: 0
  🔲 Regime: RANGING | Range pos: 55% | RSI: 38.6
  💰 Daily P&L: $+0.00

[2026-07-17 13:09] O:7509.25 H:7510.25 L:7508.00 C:7508.50 V:1268.0
  📈 Trend: strong_bearish | 🌍 Regime: ranging
  🗺️  Grid: 0.080% | 🔺 7510.25 🔻 7507.25
  📡 RSI: 38.6 | MACD: -3.35 | ATR: 3.25
  📊 Filled: 0 | Pending: 0
  🔲 Regime: RANGING | Range pos: 54% | RSI: 38.6
  💰 Daily P&L: $+0.00

[2026-07-17 13:10] O:7508.50 H:7510.00 L:7507.25 C:7508.00 V:1762.0
  📈 Trend: strong_bearish | 🌍 Regime: ranging
  🗺️  Grid: 0.080% | 🔺 7510.25 🔻 7508.00
  📡 RSI: 42.1 | MACD: -3.34 | ATR: 3.23
  📊 Filled: 0 | Pending: 0
  🔲 Regime: RANGING | Range pos: 53% | RSI: 42.1
  💰 Daily P&L: $+0.00

[2026-07-17 13:11] O:7508.00 H:7508.25 L:7506.50 C:7507.75 V:1271.0
  📈 Trend: strong_bearish | 🌍 Regime: ranging
  🗺️  Grid: 0.080% | 🔺 7510.00 🔻 7507.25
  📡 RSI: 42.1 | MACD: -3.30 | ATR: 3.16
  📊 Filled: 0 | Pending: 0
  🔲 Regime: RANGING | Range pos: 53% | RSI: 42.1
  💰 Daily P&L: $+0.00

[2026-07-17 13:12] O:7507.50 H:7508.50 L:7506.50 C:7507.00 V:1312.0
  📈 Trend: strong_bearish | 🌍 Regime: ranging
  🗺️  Grid: 0.080% | 🔺 7508.25 🔻 7506.50
  📡 RSI: 41.0 | MACD: -3.30 | ATR: 3.14
  📊 Filled: 0 | Pending: 0
  🔲 Regime: RANGING | Range pos: 52% | RSI: 41.0
  💰 Daily P&L: $+0.00

[2026-07-17 13:13] O:7506.75 H:7508.00 L:7506.00 C:7507.75 V:1415.0
  📈 Trend: strong_bearish | 🌍 Regime: ranging
  🗺️  Grid: 0.080% | 🔺 7508.50 🔻 7506.50
  📡 RSI: 42.5 | MACD: -3.20 | ATR: 3.16
  📊 Filled: 0 | Pending: 0
  🔲 Regime: RANGING | Range pos: 53% | RSI: 42.5
  💰 Daily P&L: $+0.00

[2026-07-17 13:14] O:7507.75 H:7508.25 L:7506.25 C:7506.50 V:1633.0
  📈 Trend: strong_bearish | 🌍 Regime: ranging
  🗺️  Grid: 0.080% | 🔺 7508.00 🔻 7506.00
  📡 RSI: 42.0 | MACD: -3.19 | ATR: 3.02
  📊 Filled: 0 | Pending: 0
  🔲 Regime: RANGING | Range pos: 51% | RSI: 42.0
  💰 Daily P&L: $+0.00

[2026-07-17 13:15] O:7506.25 H:7507.25 L:7501.50 C:7502.25 V:5180.0
  📈 Trend: strong_bearish | 🌍 Regime: ranging
  🗺️  Grid: 0.080% | 🔺 7508.25 🔻 7506.25
  📡 RSI: 33.3 | MACD: -3.48 | ATR: 3.20
  📊 Filled: 0 | Pending: 0
  🔲 Regime: RANGING | Range pos: 44% | RSI: 33.3
  💰 Daily P&L: $+0.00

[2026-07-17 13:16] O:7502.00 H:7503.25 L:7501.00 C:7502.25 V:2680.0
  📈 Trend: strong_bearish | 🌍 Regime: ranging
  🗺️  Grid: 0.080% | 🔺 7507.25 🔻 7501.50
  📡 RSI: 20.0 | MACD: -3.67 | ATR: 3.02
  📊 Filled: 0 | Pending: 0
  🔲 Regime: RANGING | Range pos: 44% | RSI: 20.0
  💰 Daily P&L: $+0.00

[2026-07-17 13:17] O:7502.25 H:7503.75 L:7501.75 C:7502.75 V:2036.0
  📈 Trend: strong_bearish | 🌍 Regime: ranging
  🗺️  Grid: 0.080% | 🔺 7503.25 🔻 7501.00
  📡 RSI: 14.7 | MACD: -3.73 | ATR: 2.96
  📊 Filled: 0 | Pending: 0
  🔲 Regime: RANGING | Range pos: 45% | RSI: 14.7
  💰 Daily P&L: $+0.00

[2026-07-17 13:18] O:7503.00 H:7504.25 L:7501.50 C:7502.25 V:2097.0
  📈 Trend: strong_bearish | 🌍 Regime: ranging
  🗺️  Grid: 0.080% | 🔺 7503.75 🔻 7501.75
  📡 RSI: 18.6 | MACD: -3.78 | ATR: 2.77
  📊 Filled: 0 | Pending: 0
  🔲 Regime: RANGING | Range pos: 44% | RSI: 18.6
  💰 Daily P&L: $+0.00

[2026-07-17 13:19] O:7502.00 H:7503.75 L:7500.75 C:7503.50 V:1536.0
  📈 Trend: strong_bearish | 🌍 Regime: ranging
  🗺️  Grid: 0.080% | 🔺 7504.25 🔻 7501.50
  📡 RSI: 26.7 | MACD: -3.68 | ATR: 2.73
  📊 Filled: 0 | Pending: 0
  🔲 Regime: RANGING | Range pos: 46% | RSI: 26.7
  💰 Daily P&L: $+0.00

[2026-07-17 13:20] O:7503.50 H:7504.00 L:7500.75 C:7502.00 V:1587.0
  📈 Trend: strong_bearish | 🌍 Regime: ranging
  🗺️  Grid: 0.080% | 🔺 7503.75 🔻 7500.75
  📡 RSI: 28.6 | MACD: -3.67 | ATR: 2.70
  📊 Filled: 0 | Pending: 0
  🔲 Regime: RANGING | Range pos: 44% | RSI: 28.6
  💰 Daily P&L: $+0.00

[2026-07-17 13:21] O:7502.00 H:7503.75 L:7501.50 C:7502.75 V:1308.0
  📈 Trend: strong_bearish | 🌍 Regime: ranging
  🗺️  Grid: 0.080% | 🔺 7504.00 🔻 7500.75
  📡 RSI: 24.5 | MACD: -3.57 | ATR: 2.64
  📊 Filled: 0 | Pending: 0
  🔲 Regime: RANGING | Range pos: 45% | RSI: 24.5
  💰 Daily P&L: $+0.00

[2026-07-17 13:22] O:7502.75 H:7504.75 L:7502.75 C:7504.75 V:1749.0
  📈 Trend: strong_bearish | 🌍 Regime: ranging
  🗺️  Grid: 0.080% | 🔺 7503.75 🔻 7501.50
  📡 RSI: 35.0 | MACD: -3.29 | ATR: 2.57
  📊 Filled: 0 | Pending: 0
  🔲 Regime: RANGING | Range pos: 48% | RSI: 35.0
  💰 Daily P&L: $+0.00

[2026-07-17 13:23] O:7504.50 H:7507.00 L:7503.50 C:7506.00 V:2039.0
  📈 Trend: strong_bearish | 🌍 Regime: ranging
  🗺️  Grid: 0.080% | 🔺 7504.75 🔻 7502.75
  📡 RSI: 41.9 | MACD: -2.93 | ATR: 2.66
  📊 Filled: 0 | Pending: 0
  🔲 Regime: RANGING | Range pos: 50% | RSI: 41.9
  💰 Daily P&L: $+0.00

[2026-07-17 13:24] O:7506.00 H:7506.00 L:7501.75 C:7502.50 V:1942.0
  📈 Trend: strong_bearish | 🌍 Regime: ranging
  🗺️  Grid: 0.080% | 🔺 7507.00 🔻 7503.50
  📡 RSI: 35.1 | MACD: -2.89 | ATR: 2.77
  📊 Filled: 0 | Pending: 0
  🔲 Regime: RANGING | Range pos: 45% | RSI: 35.1
  💰 Daily P&L: $+0.00

[2026-07-17 13:25] O:7502.25 H:7502.50 L:7500.25 C:7500.25 V:1692.0
  📈 Trend: strong_bearish | 🌍 Regime: ranging
  🗺️  Grid: 0.080% | 🔺 7506.00 🔻 7501.75
  📡 RSI: 31.7 | MACD: -3.01 | ATR: 2.80
  📊 Filled: 0 | Pending: 0
  🔲 Regime: RANGING | Range pos: 41% | RSI: 31.7
  💰 Daily P&L: $+0.00

[2026-07-17 13:26] O:7500.50 H:7501.50 L:7499.50 C:7499.50 V:2086.0
  📈 Trend: strong_bearish | 🌍 Regime: ranging
  🗺️  Grid: 0.080% | 🔺 7502.50 🔻 7500.25
  📡 RSI: 31.7 | MACD: -3.13 | ATR: 2.80
  📊 Filled: 0 | Pending: 0
  🔲 Regime: RANGING | Range pos: 40% | RSI: 31.7
  💰 Daily P&L: $+0.00

[2026-07-17 13:27] O:7499.25 H:7500.00 L:7497.75 C:7499.00 V:2198.0
  📈 Trend: strong_bearish | 🌍 Regime: ranging
  🗺️  Grid: 0.080% | 🔺 7501.50 🔻 7499.50
  📡 RSI: 28.4 | MACD: -3.23 | ATR: 2.82
  📊 Filled: 0 | Pending: 0
  🔲 Regime: RANGING | Range pos: 39% | RSI: 28.4
  💰 Daily P&L: $+0.00

[2026-07-17 13:28] O:7499.00 H:7501.25 L:7498.25 C:7500.25 V:2159.0
  📈 Trend: strong_bearish | 🌍 Regime: ranging
  🗺️  Grid: 0.080% | 🔺 7500.00 🔻 7497.75
  📡 RSI: 34.6 | MACD: -3.17 | ATR: 2.89
  📊 Filled: 0 | Pending: 0
  🔲 Regime: RANGING | Range pos: 41% | RSI: 34.6
  💰 Daily P&L: $+0.00

[2026-07-17 13:29] O:7500.25 H:7502.75 L:7500.25 C:7502.25 V:2047.0
  📈 Trend: strong_bearish | 🌍 Regime: ranging
  🗺️  Grid: 0.080% | 🔺 7501.25 🔻 7498.25
  📡 RSI: 50.0 | MACD: -2.93 | ATR: 2.66
  📊 Filled: 0 | Pending: 0
  🔲 Regime: RANGING | Range pos: 44% | RSI: 50.0
  💰 Daily P&L: $+0.00

[2026-07-17 13:30] O:7502.25 H:7508.50 L:7501.25 C:7507.25 V:4155.0
  📈 Trend: strong_bearish | 🌍 Regime: trending_bearish
  🗺️  Grid: 0.080% | 🔺 7502.75 🔻 7500.25
  📡 RSI: 60.9 | MACD: -2.30 | ATR: 3.02
  📊 Filled: 0 | Pending: 0
  💰 Daily P&L: $+0.00

[2026-07-17 13:31] O:7507.50 H:7508.25 L:7504.50 C:7504.50 V:2066.0
  📈 Trend: strong_bearish | 🌍 Regime: trending_bearish
  🗺️  Grid: 0.080% | 🔺 7508.50 🔻 7501.25
  📡 RSI: 53.5 | MACD: -2.01 | ATR: 3.14
  📊 Filled: 0 | Pending: 0
  💰 Daily P&L: $+0.00

[2026-07-17 13:32] O:7504.50 H:7505.75 L:7501.00 C:7501.50 V:2767.0
  📈 Trend: strong_bearish | 🌍 Regime: trending_bearish
  🗺️  Grid: 0.080% | 🔺 7508.25 🔻 7504.50
  📡 RSI: 48.6 | MACD: -1.99 | ATR: 3.29
  📊 Filled: 0 | Pending: 0
  💰 Daily P&L: $+0.00

[2026-07-17 13:33] O:7501.50 H:7503.50 L:7499.25 C:7500.00 V:1994.0
  📈 Trend: strong_bearish | 🌍 Regime: trending_bearish
  🗺️  Grid: 0.080% | 🔺 7505.75 🔻 7501.00
  📡 RSI: 43.8 | MACD: -2.08 | ATR: 3.38
  📊 Filled: 0 | Pending: 0
  💰 Daily P&L: $+0.00

[2026-07-17 13:34] O:7499.75 H:7502.00 L:7498.75 C:7501.75 V:1786.0
  📈 Trend: strong_bearish | 🌍 Regime: trending_bearish
  🗺️  Grid: 0.080% | 🔺 7503.50 🔻 7499.25
  📡 RSI: 49.6 | MACD: -1.98 | ATR: 3.38
  📊 Filled: 0 | Pending: 0
  💰 Daily P&L: $+0.00

[2026-07-17 13:35] O:7501.50 H:7502.50 L:7500.25 C:7501.25 V:1165.0
  📈 Trend: strong_bearish | 🌍 Regime: trending_bearish
  🗺️  Grid: 0.080% | 🔺 7502.00 🔻 7498.75
  📡 RSI: 47.3 | MACD: -1.93 | ATR: 3.38
  📊 Filled: 0 | Pending: 0
  💰 Daily P&L: $+0.00

[2026-07-17 13:36] O:7501.25 H:7504.00 L:7501.25 C:7502.75 V:1503.0
  📈 Trend: strong_bearish | 🌍 Regime: trending_bearish
  🗺️  Grid: 0.080% | 🔺 7502.50 🔻 7500.25
  📡 RSI: 46.4 | MACD: -1.74 | ATR: 3.43
  📊 Filled: 0 | Pending: 0
  💰 Daily P&L: $+0.00

[2026-07-17 13:37] O:7502.50 H:7503.75 L:7501.75 C:7502.75 V:886.0
  📈 Trend: strong_bearish (raw: moderate_bearish) | 🌍 Regime: trending_bearish
  🗺️  Grid: 0.080% | 🔺 7504.00 🔻 7501.25
  📡 RSI: 43.8 | MACD: -1.57 | ATR: 3.32
  📊 Filled: 0 | Pending: 0
  💰 Daily P&L: $+0.00

[2026-07-17 13:38] O:7502.75 H:7504.50 L:7501.75 C:7503.75 V:1118.0
  📈 Trend: moderate_bearish | 🌍 Regime: trending_bearish
  🗺️  Grid: 0.080% | 🔺 7503.75 🔻 7501.75
  📡 RSI: 52.6 | MACD: -1.34 | ATR: 3.21
  📊 Filled: 0 | Pending: 0
  💰 Daily P&L: $+0.00

[2026-07-17 13:39] O:7503.75 H:7504.00 L:7501.50 C:7502.50 V:910.0
  📈 Trend: moderate_bearish | 🌍 Regime: trending_bearish
  🗺️  Grid: 0.080% | 🔺 7504.50 🔻 7501.75
  📡 RSI: 54.9 | MACD: -1.25 | ATR: 3.23
  📊 Filled: 0 | Pending: 0
  💰 Daily P&L: $+0.00

[2026-07-17 13:40] O:7502.75 H:7503.50 L:7499.00 C:7499.50 V:1648.0
  📈 Trend: moderate_bearish (raw: strong_bearish) | 🌍 Regime: trending_bearish
  🗺️  Grid: 0.080% | 🔺 7504.00 🔻 7501.50
  📡 RSI: 50.0 | MACD: -1.40 | ATR: 3.41
  📊 Filled: 0 | Pending: 0
  💰 Daily P&L: $+0.00

[2026-07-17 13:41] O:7499.25 H:7500.25 L:7498.75 C:7499.75 V:1225.0
  📈 Trend: strong_bearish | 🌍 Regime: trending_bearish
  🗺️  Grid: 0.080% | 🔺 7503.50 🔻 7499.00
  📡 RSI: 51.5 | MACD: -1.48 | ATR: 3.36
  📊 Filled: 0 | Pending: 0
  💰 Daily P&L: $+0.00

[2026-07-17 13:42] O:7499.50 H:7501.75 L:7497.25 C:7498.00 V:2312.0
  📈 Trend: strong_bearish | 🌍 Regime: trending_bearish
  🗺️  Grid: 0.080% | 🔺 7500.25 🔻 7498.75
  📡 RSI: 45.5 | MACD: -1.67 | ATR: 3.46
  📊 Filled: 0 | Pending: 0
  💰 Daily P&L: $+0.00

[2026-07-17 13:43] O:7497.75 H:7499.00 L:7496.25 C:7496.25 V:1888.0
  📈 Trend: strong_bearish | 🌍 Regime: trending_bearish
  🗺️  Grid: 0.080% | 🔺 7501.75 🔻 7497.25
  📡 RSI: 38.0 | MACD: -1.94 | ATR: 3.48
  📊 Filled: 0 | Pending: 0
  💰 Daily P&L: $+0.00

[2026-07-17 13:44] O:7496.25 H:7498.25 L:7495.75 C:7497.50 V:1925.0
  📈 Trend: strong_bearish | 🌍 Regime: trending_bearish
  🗺️  Grid: 0.080% | 🔺 7499.00 🔻 7496.25
  📡 RSI: 27.1 | MACD: -2.03 | ATR: 3.14
  📊 Filled: 0 | Pending: 0
  💰 Daily P&L: $+0.00

[2026-07-17 13:45] O:7497.50 H:7499.25 L:7495.75 C:7498.00 V:2388.0
  📈 Trend: strong_bearish | 🌍 Regime: trending_bearish
  🗺️  Grid: 0.080% | 🔺 7498.25 🔻 7495.75
  📡 RSI: 32.9 | MACD: -2.03 | ATR: 3.12
  📊 Filled: 0 | Pending: 0
  💰 Daily P&L: $+0.00

[2026-07-17 13:46] O:7498.25 H:7501.50 L:7496.75 C:7501.00 V:1548.0
  📈 Trend: strong_bearish (raw: moderate_bearish) | 🌍 Regime: trending_bearish
  🗺️  Grid: 0.080% | 🔺 7499.25 🔻 7495.75
  📡 RSI: 48.7 | MACD: -1.77 | ATR: 3.12
  📊 Filled: 0 | Pending: 0
  💰 Daily P&L: $+0.00

[2026-07-17 13:47] O:7501.25 H:7504.25 L:7500.00 C:7504.00 V:2026.0
  📈 Trend: moderate_bearish | 🌍 Regime: trending_bearish
  🗺️  Grid: 0.080% | 🔺 7501.50 🔻 7496.75
  📡 RSI: 59.8 | MACD: -1.31 | ATR: 3.12
  📊 Filled: 0 | Pending: 0
  💰 Daily P&L: $+0.00

[2026-07-17 13:48] O:7504.00 H:7506.50 L:7503.25 C:7506.00 V:2136.0
  📈 Trend: moderate_bearish | 🌍 Regime: trending_bearish
  🗺️  Grid: 0.080% | 🔺 7504.25 🔻 7500.00
  📡 RSI: 60.2 | MACD: -0.78 | ATR: 3.12
  📊 Filled: 0 | Pending: 0
  💰 Daily P&L: $+0.00

[2026-07-17 13:49] O:7506.00 H:7507.25 L:7503.50 C:7504.00 V:1691.0
  📈 Trend: moderate_bearish (raw: strong_bearish) | 🌍 Regime: ranging
  🗺️  Grid: 0.080% | 🔺 7506.50 🔻 7503.25
  📡 RSI: 56.2 | MACD: -0.51 | ATR: 3.23
  📊 Filled: 0 | Pending: 0
  🔲 Regime: RANGING | Range pos: 47% | RSI: 56.2
  💰 Daily P&L: $+0.00

[2026-07-17 13:50] O:7504.00 H:7505.00 L:7501.50 C:7504.00 V:1734.0
  📈 Trend: strong_bearish | 🌍 Regime: ranging
  🗺️  Grid: 0.080% | 🔺 7507.25 🔻 7503.50
  📡 RSI: 53.0 | MACD: -0.29 | ATR: 3.29
  📊 Filled: 0 | Pending: 0
  🔲 Regime: RANGING | Range pos: 47% | RSI: 53.0
  💰 Daily P&L: $+0.00

[2026-07-17 13:51] O:7503.75 H:7506.25 L:7503.75 C:7504.75 V:1643.0
  📈 Trend: strong_bearish (raw: moderate_bearish) | 🌍 Regime: ranging
  🗺️  Grid: 0.080% | 🔺 7505.00 🔻 7501.50
  📡 RSI: 54.7 | MACD: -0.06 | ATR: 3.32
  📊 Filled: 0 | Pending: 0
  🔲 Regime: RANGING | Range pos: 48% | RSI: 54.7
  💰 Daily P&L: $+0.00

[2026-07-17 13:52] O:7504.75 H:7506.50 L:7503.75 C:7505.25 V:1611.0
  📈 Trend: strong_bearish (raw: moderate_bullish) | 🌍 Regime: ranging
  🗺️  Grid: 0.080% | 🔺 7506.25 🔻 7503.75
  📡 RSI: 53.6 | MACD: 0.17 | ATR: 3.32
  📊 Filled: 0 | Pending: 0
  🔲 Regime: RANGING | Range pos: 49% | RSI: 53.6
  💰 Daily P&L: $+0.00

[2026-07-17 13:53] O:7505.25 H:7508.75 L:7505.25 C:7507.75 V:1596.0
  📈 Trend: moderate_bullish | 🌍 Regime: ranging
  🗺️  Grid: 0.080% | 🔺 7506.50 🔻 7503.75
  📡 RSI: 61.8 | MACD: 0.54 | ATR: 3.39
  📊 Filled: 0 | Pending: 0
  🔲 Regime: RANGING | Range pos: 53% | RSI: 61.8
  💰 Daily P&L: $+0.00
