Logging to: es_bot_20260506_170958.log

============================================================
📈 MODE: SCALP
   • 10 contract(s) max
   • Grid entries only
   • Trailing stop enabled
   • SL: ~8 pts | TP: ~12 pts | Trail activates: +6 pts
   • Best for: Normal sessions, choppy/ranging opens
============================================================
✓ Connected to IBKR (paper) - clientId=10
✓ Front-month contract: ESM6 expiry=20260618

============================================================
Loading historical data for indicator warm-up...
============================================================
→ Fetching historical bars (1 D, 1 min)...
✓ Loaded 1380 historical bars

Processing 1380 historical bars...

Indicators ready!
  Bars loaded: 1380
  Last price: 7386.75
  Trend: moderate_bearish
  RSI: 46.2
  ATR: 1.16
  MACD: -0.87 / Signal: -1.11
  MA: 7386.21 / 7389.02 / 7383.42

------------------------------------------------------------
Account Value: $1,057,067.70
Buying Power: $4,227,370.48
Current Position: 0 contracts
------------------------------------------------------------

============================================================
Starting live 1-minute bar stream...
Strategy is now ACTIVE (SCALP mode)
============================================================

→ Subscribed to 5-second real-time bars (aggregating to 1 min)
→ Real-time bars cancelled
✓ Disconnected from IBKR
