2026-09-03 10:08:05 | ERROR    | Error 10147, reqId 786: OrderId 786 that needs to be cancelled is not found.
2026-09-03 11:05:05 | ERROR    | Error 10148, reqId 790: OrderId 790 that needs to be cancelled cannot be cancelled, state: Cancelled.
2026-09-03 11:12:05 | ERROR    | Error 10148, reqId 793: OrderId 793 that needs to be cancelled cannot be cancelled, state: Cancelled.
est for: Normal sessions, choppy/ranging opens
============================================================
✓ Connected to IBKR (paper) - clientId=10
✓ Front-month contract: ESU6 expiry=20260918

============================================================
Loading historical data for indicator warm-up...
============================================================
→ Fetching historical bars (1 D, 1 min)...
✓ Loaded 956 historical bars

Processing 956 historical bars...

Indicators ready!
  Bars loaded: 956
  Last price: 7720.75
  Trend: strong_bullish
  RSI: 42.5
  ATR: 2.98
  MACD: 3.39 / Signal: 4.39
  MA: 7722.07 / 7710.52 / 7688.57

------------------------------------------------------------
Account Value: $1,000,549.73
Buying Power: $3,980,026.89
Current Position: 0 contracts
------------------------------------------------------------

============================================================
Starting live 1-minute bar stream...
Strategy is now ACTIVE (SCALP mode)
============================================================

→ Subscribed to 5-second real-time bars (aggregating to 1 min)

[2026-09-03 08:55] O:7720.75 H:7721.25 L:7719.50 C:7719.50 V:1315.0
  📈 Trend: sideways (raw: strong_bullish) | 🌍 Regime: trending_bullish
  🗺️  Grid: 0.080% | 🔺 7721.75 🔻 7719.75
  📡 RSI: 43.6 | MACD: 2.93 | ATR: 2.89
  📊 Filled: 0 | Pending: 0
  💰 Daily P&L: $+0.00

[2026-09-03 08:56] O:7719.75 H:7719.75 L:7717.75 C:7718.25 V:4339.0
  📈 Trend: sideways (raw: moderate_bullish) | 🌍 Regime: trending_bullish
  🗺️  Grid: 0.080% | 🔺 7721.25 🔻 7719.50
  📡 RSI: 43.6 | MACD: 2.43 | ATR: 2.86
  📊 Filled: 0 | Pending: 0
  💰 Daily P&L: $+0.00

[2026-09-03 08:57] O:7718.25 H:7719.75 L:7717.00 C:7717.50 V:3877.0
  📈 Trend: moderate_bullish | 🌍 Regime: trending_bullish
  🗺️  Grid: 0.080% | 🔺 7719.75 🔻 7717.75
  📡 RSI: 31.9 | MACD: 1.96 | ATR: 2.77
  📊 Filled: 0 | Pending: 0
  💰 Daily P&L: $+0.00

[2026-09-03 08:58] O:7717.25 H:7719.50 L:7717.00 C:7719.50 V:2610.0
  📈 Trend: moderate_bullish | 🌍 Regime: trending_bullish
  🗺️  Grid: 0.080% | 🔺 7719.75 🔻 7717.00
  📡 RSI: 39.5 | MACD: 1.72 | ATR: 2.75
  📊 Filled: 0 | Pending: 0
  💰 Daily P&L: $+0.00

[2026-09-03 08:59] O:7719.50 H:7722.00 L:7718.75 C:7721.75 V:3425.0
  📈 Trend: moderate_bullish | 🌍 Regime: trending_bullish
  🗺️  Grid: 0.080% | 🔺 7719.50 🔻 7717.00
  📡 RSI: 46.4 | MACD: 1.70 | ATR: 2.77
  📊 Filled: 0 | Pending: 0
  💰 Daily P&L: $+0.00

[2026-09-03 09:00] O:7722.00 H:7722.00 L:7713.50 C:7713.50 V:7214.0
  📈 Trend: moderate_bullish | 🌍 Regime: trending_bullish
  🗺️  Grid: 0.080% | 🔺 7722.00 🔻 7718.75
  📡 RSI: 30.4 | MACD: 1.00 | ATR: 3.21
  📊 Filled: 0 | Pending: 0
  💰 Daily P&L: $+0.00

[2026-09-03 09:01] O:7713.75 H:7714.00 L:7709.50 C:7710.25 V:6426.0
  📈 Trend: moderate_bullish | 🌍 Regime: trending_bullish
  🗺️  Grid: 0.080% | 🔺 7722.00 🔻 7713.50
  📡 RSI: 29.3 | MACD: 0.18 | ATR: 3.32
  📊 Filled: 0 | Pending: 0
  💰 Daily P&L: $+0.00

[2026-09-03 09:02] O:7710.00 H:7711.00 L:7707.00 C:7709.50 V:6708.0
  📈 Trend: moderate_bullish | 🌍 Regime: trending_bullish
  🗺️  Grid: 0.080% | 🔺 7714.00 🔻 7709.50
  📡 RSI: 28.0 | MACD: -0.52 | ATR: 3.36
  📊 Filled: 0 | Pending: 0
  💰 Daily P&L: $+0.00

[2026-09-03 09:03] O:7709.75 H:7712.00 L:7707.75 C:7712.00 V:4777.0
  📈 Trend: moderate_bullish | 🌍 Regime: trending_bullish
  🗺️  Grid: 0.080% | 🔺 7711.00 🔻 7707.00
  📡 RSI: 28.0 | MACD: -0.86 | ATR: 3.38
  📊 Filled: 0 | Pending: 0
  📤 Limit BUY 10 @ 7712.00 submitted (ID: 784)
  ⬆️ LONG ORDER @ 7712.00 | Size: 1.00 | SL: 7705.25 | TP: 7722.00 [10cts]
     Reason: Grid Long (moderate_bullish, RSI: 28.0)
  🔬 SHADOW [long trending]: 🟥 ROBUST WOULD BLOCK (1 filter)
       MACD=BLOCK (-0.86 vs -0.52, Δ-0.34) | 5m=PASS (1m=moderate_bullish, 5m=sideways)
     ⏳ Order 784 PENDING - awaiting fill confirmation
  💰 Daily P&L: $+0.00
  📋 Order 784 status: PreSubmitted
  ✅ Fill: BOT 10.0 @ 7710.5
  📋 Order 784 status: Filled
  📤 Stop-Market SELL 10 @ 7702.50 submitted (ID: 785) [OCA:exit_784_1788444305]
  📋 Order 785 status: PreSubmitted
  📤 Limit SELL 10 @ 7720.50 submitted (ID: 786) [OCA:exit_784_1788444305]
  📋 Order 786 status: PreSubmitted
  ✅ FILL CONFIRMED: LONG @ 7710.50 (order 784)
     📊 Bracket placed: SL #785 @ 7702.50 | TP #786 @ 7720.50
     Trail activates @ +7.5 pts

[2026-09-03 09:04] O:7712.00 H:7712.25 L:7706.50 C:7706.75 V:4572.0
  📈 Trend: moderate_bullish | 🌍 Regime: trending_bullish
  🗺️  Grid: 0.080% | 🔺 7712.00 🔻 7707.75
  📡 RSI: 20.9 | MACD: -1.54 | ATR: 3.57
  📊 Filled: 1 | Pending: 0
  📍 LONG @ 7710.50 | SL: 7702.50 | TP: 7720.50 | P&L: $-1,875.00 | +7.5 to trail
  💰 Daily P&L: $+0.00
  📋 Order 786 status: Submitted

[2026-09-03 09:05] O:7707.00 H:7708.75 L:7705.00 C:7708.75 V:6355.0
  📈 Trend: moderate_bullish | 🌍 Regime: trending_bullish
  🗺️  Grid: 0.080% | 🔺 7712.25 🔻 7706.50
  📡 RSI: 27.1 | MACD: -1.90 | ATR: 3.66
  📊 Filled: 1 | Pending: 0
  📍 LONG @ 7710.50 | SL: 7702.50 | TP: 7720.50 | P&L: $-875.00 | +5.8 to trail
  💰 Daily P&L: $+0.00

[2026-09-03 09:06] O:7708.50 H:7709.00 L:7705.50 C:7708.25 V:4812.0
  📈 Trend: moderate_bullish | 🌍 Regime: trending_bullish
  🗺️  Grid: 0.080% | 🔺 7708.75 🔻 7705.00
  📡 RSI: 28.8 | MACD: -2.19 | ATR: 3.68
  📊 Filled: 1 | Pending: 0
  📍 LONG @ 7710.50 | SL: 7702.50 | TP: 7720.50 | P&L: $-1,125.00 | +5.8 to trail
  💰 Daily P&L: $+0.00
  📋 Order 786 status: PreSubmitted
  📋 Order 786 status: PendingCancel
  ✅ Fill: SLD 10.0 @ 7703.5
  📋 Order 785 status: Filled
  📋 Order 786 status: Cancelled

[2026-09-03 09:07] O:7708.25 H:7708.50 L:7702.25 C:7703.00 V:5489.0
  📈 Trend: moderate_bullish | 🌍 Regime: trending_bullish
  🗺️  Grid: 0.080% | 🔺 7709.00 🔻 7705.50
  📡 RSI: 24.1 | MACD: -2.82 | ATR: 3.91
  📊 Filled: 1 | Pending: 0
  📍 LONG @ 7710.50 | SL: 7702.50 | TP: 7720.50 | P&L: $-3,750.00 | +5.8 to trail
  ❌ EXIT LONG @ 7703.50 | Stop Loss
     P&L: -7.00 pts ($-3,500.00) | Daily: $-3,500.00
  ⏸️ Cooldown: 2 bar(s) remaining after exit
  💰 Daily P&L: $-3,500.00

[2026-09-03 09:08] O:7703.00 H:7704.25 L:7700.50 C:7702.75 V:6332.0
  📈 Trend: moderate_bullish | 🌍 Regime: trending_bullish
  🗺️  Grid: 0.080% | 🔺 7708.50 🔻 7702.25
  📡 RSI: 24.6 | MACD: -3.30 | ATR: 4.04
  📊 Filled: 0 | Pending: 0
  ⏸️ Cooldown: 1 bar(s) remaining after exit
  💰 Daily P&L: $-3,500.00

[2026-09-03 09:09] O:7702.75 H:7704.75 L:7701.75 C:7703.50 V:4069.0
  📈 Trend: moderate_bullish | 🌍 Regime: trending_bullish
  🗺️  Grid: 0.080% | 🔺 7704.25 🔻 7700.50
  📡 RSI: 27.1 | MACD: -3.57 | ATR: 4.12
  📊 Filled: 0 | Pending: 0
  💰 Daily P&L: $-3,500.00

[2026-09-03 09:10] O:7703.50 H:7704.50 L:7700.50 C:7702.00 V:4509.0
  📈 Trend: moderate_bullish (raw: strong_bearish) | 🌍 Regime: trending_bearish
  🗺️  Grid: 0.080% | 🔺 7704.75 🔻 7701.75
  📡 RSI: 27.0 | MACD: -3.87 | ATR: 4.27
  📊 Filled: 0 | Pending: 0
  💰 Daily P&L: $-3,500.00

[2026-09-03 09:11] O:7701.75 H:7705.75 L:7701.00 C:7705.75 V:3583.0
  📈 Trend: strong_bearish | 🌍 Regime: trending_bearish
  🗺️  Grid: 0.080% | 🔺 7704.50 🔻 7700.50
  📡 RSI: 34.6 | MACD: -3.76 | ATR: 4.41
  📊 Filled: 0 | Pending: 0
  💰 Daily P&L: $-3,500.00

[2026-09-03 09:12] O:7705.75 H:7708.25 L:7704.50 C:7706.50 V:4996.0
  📈 Trend: strong_bearish | 🌍 Regime: trending_bearish
  🗺️  Grid: 0.080% | 🔺 7705.75 🔻 7701.00
  📡 RSI: 32.4 | MACD: -3.57 | ATR: 4.50
  📊 Filled: 0 | Pending: 0
  💰 Daily P&L: $-3,500.00

[2026-09-03 09:13] O:7706.50 H:7708.25 L:7704.25 C:7706.75 V:3928.0
  📈 Trend: strong_bearish | 🌍 Regime: trending_bearish
  🗺️  Grid: 0.080% | 🔺 7708.25 🔻 7704.50
  📡 RSI: 28.6 | MACD: -3.36 | ATR: 4.55
  📊 Filled: 0 | Pending: 0
  💰 Daily P&L: $-3,500.00

[2026-09-03 09:14] O:7706.75 H:7709.25 L:7706.00 C:7709.25 V:3593.0
  📈 Trend: strong_bearish | 🌍 Regime: trending_bearish
  🗺️  Grid: 0.080% | 🔺 7708.25 🔻 7704.25
  📡 RSI: 42.7 | MACD: -2.96 | ATR: 4.18
  📊 Filled: 0 | Pending: 0
  💰 Daily P&L: $-3,500.00

[2026-09-03 09:15] O:7709.00 H:7712.50 L:7708.50 C:7710.75 V:5717.0
  📈 Trend: strong_bearish (raw: moderate_bearish) | 🌍 Regime: trending_bearish
  🗺️  Grid: 0.080% | 🔺 7709.25 🔻 7706.00
  📡 RSI: 50.9 | MACD: -2.49 | ATR: 4.14
  📊 Filled: 0 | Pending: 0
  💰 Daily P&L: $-3,500.00

[2026-09-03 09:16] O:7710.75 H:7711.75 L:7708.50 C:7709.50 V:4518.0
  📈 Trend: moderate_bearish | 🌍 Regime: trending_bearish
  🗺️  Grid: 0.080% | 🔺 7712.50 🔻 7708.50
  📡 RSI: 50.0 | MACD: -2.20 | ATR: 4.09
  📊 Filled: 0 | Pending: 0
  💰 Daily P&L: $-3,500.00

[2026-09-03 09:17] O:7709.25 H:7710.25 L:7707.50 C:7710.00 V:4338.0
  📈 Trend: moderate_bearish | 🌍 Regime: trending_bearish
  🗺️  Grid: 0.080% | 🔺 7711.75 🔻 7708.50
  📡 RSI: 46.2 | MACD: -1.90 | ATR: 3.98
  📊 Filled: 0 | Pending: 0
  💰 Daily P&L: $-3,500.00

[2026-09-03 09:18] O:7710.00 H:7710.00 L:7708.25 C:7709.00 V:2719.0
  📈 Trend: moderate_bearish | 🌍 Regime: trending_bearish
  🗺️  Grid: 0.080% | 🔺 7710.25 🔻 7707.50
  📡 RSI: 55.2 | MACD: -1.72 | ATR: 3.70
  📊 Filled: 0 | Pending: 0
  💰 Daily P&L: $-3,500.00

[2026-09-03 09:19] O:7709.25 H:7714.25 L:7709.25 C:7714.00 V:4067.0
  📈 Trend: moderate_bearish (raw: moderate_bullish) | 🌍 Regime: trending_bullish
  🗺️  Grid: 0.080% | 🔺 7710.00 🔻 7708.25
  📡 RSI: 60.6 | MACD: -1.17 | ATR: 3.80
  📊 Filled: 0 | Pending: 0
  💰 Daily P&L: $-3,500.00

[2026-09-03 09:20] O:7714.00 H:7715.25 L:7713.25 C:7714.00 V:4065.0
  📈 Trend: moderate_bullish | 🌍 Regime: trending_bullish
  🗺️  Grid: 0.080% | 🔺 7714.25 🔻 7709.25
  📡 RSI: 61.9 | MACD: -0.72 | ATR: 3.70
  📊 Filled: 0 | Pending: 0
  💰 Daily P&L: $-3,500.00

[2026-09-03 09:21] O:7714.00 H:7714.75 L:7710.50 C:7711.25 V:3309.0
  📈 Trend: moderate_bullish | 🌍 Regime: trending_bullish
  🗺️  Grid: 0.080% | 🔺 7715.25 🔻 7713.25
  📡 RSI: 69.0 | MACD: -0.58 | ATR: 3.55
  📊 Filled: 0 | Pending: 0
  💰 Daily P&L: $-3,500.00

[2026-09-03 09:22] O:7711.50 H:7713.75 L:7711.25 C:7713.75 V:3865.0
  📈 Trend: moderate_bullish | 🌍 Regime: trending_bullish
  🗺️  Grid: 0.080% | 🔺 7714.75 🔻 7710.50
  📡 RSI: 72.9 | MACD: -0.27 | ATR: 3.46
  📊 Filled: 0 | Pending: 0
  💰 Daily P&L: $-3,500.00

[2026-09-03 09:23] O:7713.75 H:7715.25 L:7713.50 C:7714.50 V:2733.0
  📈 Trend: moderate_bullish (raw: strong_bullish) | 🌍 Regime: ranging
  🗺️  Grid: 0.080% | 🔺 7713.75 🔻 7711.25
  📡 RSI: 72.9 | MACD: 0.04 | ATR: 3.38
  📊 Filled: 0 | Pending: 0
  🔲 Regime: RANGING | Range pos: 65% | RSI: 72.9
  💰 Daily P&L: $-3,500.00

[2026-09-03 09:24] O:7714.25 H:7716.25 L:7714.00 C:7714.25 V:2799.0
  📈 Trend: strong_bullish | 🌍 Regime: ranging
  🗺️  Grid: 0.080% | 🔺 7715.25 🔻 7713.50
  📡 RSI: 76.9 | MACD: 0.27 | ATR: 3.25
  📊 Filled: 0 | Pending: 0
  🔲 Regime: RANGING | Range pos: 64% | RSI: 76.9
  💰 Daily P&L: $-3,500.00

[2026-09-03 09:25] O:7714.00 H:7714.25 L:7710.50 C:7712.75 V:5159.0
  📈 Trend: strong_bullish | 🌍 Regime: ranging
  🗺️  Grid: 0.080% | 🔺 7716.25 🔻 7714.00
  📡 RSI: 67.1 | MACD: 0.32 | ATR: 3.18
  📊 Filled: 0 | Pending: 0
  🔲 Regime: RANGING | Range pos: 57% | RSI: 67.1
  💰 Daily P&L: $-3,500.00

[2026-09-03 09:26] O:7712.75 H:7715.25 L:7712.50 C:7713.25 V:3415.0
  📈 Trend: strong_bullish | 🌍 Regime: ranging
  🗺️  Grid: 0.080% | 🔺 7714.25 🔻 7710.50
  📡 RSI: 66.7 | MACD: 0.40 | ATR: 3.11
  📊 Filled: 0 | Pending: 0
  🔲 Regime: RANGING | Range pos: 59% | RSI: 66.7
  💰 Daily P&L: $-3,500.00

[2026-09-03 09:27] O:7713.25 H:7714.75 L:7713.25 C:7714.50 V:2220.0
  📈 Trend: strong_bullish | 🌍 Regime: ranging
  🗺️  Grid: 0.080% | 🔺 7715.25 🔻 7712.50
  📡 RSI: 68.2 | MACD: 0.55 | ATR: 2.93
  📊 Filled: 0 | Pending: 0
  🔲 Regime: RANGING | Range pos: 65% | RSI: 68.2
  💰 Daily P&L: $-3,500.00

[2026-09-03 09:28] O:7714.50 H:7715.00 L:7712.00 C:7712.25 V:3400.0
  📈 Trend: strong_bullish | 🌍 Regime: ranging
  🗺️  Grid: 0.080% | 🔺 7714.75 🔻 7713.25
  📡 RSI: 57.1 | MACD: 0.49 | ATR: 2.91
  📊 Filled: 0 | Pending: 0
  🔲 Regime: RANGING | Range pos: 55% | RSI: 57.1
  💰 Daily P&L: $-3,500.00

[2026-09-03 09:29] O:7712.50 H:7713.50 L:7712.25 C:7712.25 V:1854.0
  📈 Trend: strong_bullish | 🌍 Regime: ranging
  🗺️  Grid: 0.080% | 🔺 7715.00 🔻 7712.00
  📡 RSI: 53.8 | MACD: 0.43 | ATR: 2.71
  📊 Filled: 0 | Pending: 0
  🔲 Regime: RANGING | Range pos: 55% | RSI: 53.8
  💰 Daily P&L: $-3,500.00

[2026-09-03 09:30] O:7712.25 H:7715.25 L:7710.75 C:7715.00 V:4779.0
  📈 Trend: strong_bullish | 🌍 Regime: trending_bullish
  🗺️  Grid: 0.080% | 🔺 7713.50 🔻 7712.25
  📡 RSI: 63.1 | MACD: 0.60 | ATR: 2.80
  📊 Filled: 0 | Pending: 0
  💰 Daily P&L: $-3,500.00

[2026-09-03 09:31] O:7715.00 H:7715.00 L:7709.00 C:7711.00 V:3854.0
  📈 Trend: strong_bullish | 🌍 Regime: trending_bullish
  🗺️  Grid: 0.080% | 🔺 7715.25 🔻 7710.75
  📡 RSI: 52.0 | MACD: 0.41 | ATR: 3.04
  📊 Filled: 0 | Pending: 0
  💰 Daily P&L: $-3,500.00

[2026-09-03 09:32] O:7710.75 H:7711.50 L:7707.50 C:7710.25 V:3298.0
  📈 Trend: strong_bullish (raw: moderate_bullish) | 🌍 Regime: ranging
  🗺️  Grid: 0.080% | 🔺 7715.00 🔻 7709.00
  📡 RSI: 52.6 | MACD: 0.19 | ATR: 3.20
  📊 Filled: 0 | Pending: 0
  🔲 Regime: RANGING | Range pos: 45% | RSI: 52.6
  💰 Daily P&L: $-3,500.00

[2026-09-03 09:33] O:7710.50 H:7711.75 L:7707.50 C:7707.75 V:2985.0
  📈 Trend: strong_bullish (raw: strong_bearish) | 🌍 Regime: ranging
  🗺️  Grid: 0.080% | 🔺 7711.50 🔻 7707.50
  📡 RSI: 35.6 | MACD: -0.18 | ATR: 3.12
  📊 Filled: 0 | Pending: 0
  🔲 Regime: RANGING | Range pos: 34% | RSI: 35.6
  💰 Daily P&L: $-3,500.00

[2026-09-03 09:34] O:7707.75 H:7708.25 L:7703.75 C:7704.00 V:3612.0
  📈 Trend: strong_bearish | 🌍 Regime: ranging
  🗺️  Grid: 0.080% | 🔺 7711.75 🔻 7707.50
  📡 RSI: 30.4 | MACD: -0.76 | ATR: 3.30
  📊 Filled: 0 | Pending: 0
  🔲 Regime: RANGING | Range pos: 16% | RSI: 30.4
  📤 Limit BUY 10 @ 7704.00 submitted (ID: 787)
  📋 Order 787 status: Submitted
  ⬆️ LONG ORDER @ 7704.00 | Size: 1.00 | SL: 7697.50 | TP: 7714.00 [10cts]
     Reason: Grid Long (sideways, RSI: 30.4)
  🔬 SHADOW [long ranging]: 🟥 ROBUST WOULD BLOCK (1 filter)
       MACD=BLOCK (-0.76 vs -0.18, Δ-0.59) | 5m=N/A (ranging)
     ⏳ Order 787 PENDING - awaiting fill confirmation
  💰 Daily P&L: $-3,500.00

[2026-09-03 09:35] O:7704.25 H:7709.25 L:7703.75 C:7708.75 V:4025.0
  📈 Trend: strong_bearish | 🌍 Regime: ranging
  🗺️  Grid: 0.080% | 🔺 7708.25 🔻 7703.75
  📡 RSI: 45.5 | MACD: -0.84 | ATR: 3.39
  📊 Filled: 0 | Pending: 1
     ⏳ PENDING LONG @ 7704.00 (order 787, 60s)
  💰 Daily P&L: $-3,500.00

[2026-09-03 09:36] O:7709.00 H:7710.00 L:7707.00 C:7708.25 V:3253.0
  📈 Trend: strong_bearish | 🌍 Regime: ranging
  🗺️  Grid: 0.080% | 🔺 7709.25 🔻 7703.75
  📡 RSI: 39.2 | MACD: -0.92 | ATR: 3.43
  📊 Filled: 0 | Pending: 1
     ⏳ PENDING LONG @ 7704.00 (order 787, 119s)
  💰 Daily P&L: $-3,500.00
  ⏰ Order 787 timed out after 179s - cancelling remainder
  📋 Order 787 status: PendingCancel

[2026-09-03 09:37] O:7708.25 H:7709.25 L:7707.00 C:7708.25 V:2296.0
  📈 Trend: strong_bearish | 🌍 Regime: ranging
  🗺️  Grid: 0.080% | 🔺 7710.00 🔻 7707.00
  📡 RSI: 37.4 | MACD: -0.98 | ATR: 3.46
  📊 Filled: 0 | Pending: 1
     ⏳ PENDING LONG @ 7704.00 (order 787, 180s)
  💰 Daily P&L: $-3,500.00
  📋 Order 787 status: Cancelled
  ❌ Order 787 cancelled/expired with no fill - removing from pending

[2026-09-03 09:38] O:7708.50 H:7710.50 L:7707.00 C:7708.50 V:2436.0
  📈 Trend: strong_bearish | 🌍 Regime: ranging
  🗺️  Grid: 0.080% | 🔺 7709.25 🔻 7707.00
  📡 RSI: 38.4 | MACD: -0.99 | ATR: 3.55
  📊 Filled: 0 | Pending: 0
  🔲 Regime: RANGING | Range pos: 37% | RSI: 38.4
  💰 Daily P&L: $-3,500.00

[2026-09-03 09:39] O:7708.50 H:7708.50 L:7706.25 C:7707.00 V:2773.0
  📈 Trend: strong_bearish | 🌍 Regime: ranging
  🗺️  Grid: 0.080% | 🔺 7710.50 🔻 7707.00
  📡 RSI: 38.4 | MACD: -1.11 | ATR: 3.45
  📊 Filled: 0 | Pending: 0
  🔲 Regime: RANGING | Range pos: 30% | RSI: 38.4
  💰 Daily P&L: $-3,500.00

[2026-09-03 09:40] O:7707.00 H:7709.00 L:7705.50 C:7705.75 V:3339.0
  📈 Trend: strong_bearish | 🌍 Regime: trending_bearish
  🗺️  Grid: 0.080% | 🔺 7708.50 🔻 7706.25
  📡 RSI: 35.3 | MACD: -1.29 | ATR: 3.50
  📊 Filled: 0 | Pending: 0
  💰 Daily P&L: $-3,500.00

[2026-09-03 09:41] O:7706.00 H:7709.75 L:7705.75 C:7709.75 V:2430.0
  📈 Trend: strong_bearish | 🌍 Regime: trending_bearish
  🗺️  Grid: 0.080% | 🔺 7709.00 🔻 7705.50
  📡 RSI: 41.6 | MACD: -1.10 | ATR: 3.68
  📊 Filled: 0 | Pending: 0
  💰 Daily P&L: $-3,500.00

[2026-09-03 09:42] O:7709.75 H:7712.25 L:7709.25 C:7709.75 V:3377.0
  📈 Trend: strong_bearish | 🌍 Regime: trending_bearish
  🗺️  Grid: 0.080% | 🔺 7709.75 🔻 7705.75
  📡 RSI: 45.2 | MACD: -0.94 | ATR: 3.68
  📊 Filled: 0 | Pending: 0
  💰 Daily P&L: $-3,500.00

[2026-09-03 09:43] O:7709.75 H:7710.25 L:7706.50 C:7707.25 V:2764.0
  📈 Trend: strong_bearish | 🌍 Regime: trending_bearish
  🗺️  Grid: 0.080% | 🔺 7712.25 🔻 7709.25
  📡 RSI: 41.2 | MACD: -1.00 | ATR: 3.86
  📊 Filled: 0 | Pending: 0
  💰 Daily P&L: $-3,500.00

[2026-09-03 09:44] O:7707.25 H:7708.25 L:7706.50 C:7707.25 V:2264.0
  📈 Trend: strong_bearish | 🌍 Regime: trending_bearish
  🗺️  Grid: 0.080% | 🔺 7710.25 🔻 7706.50
  📡 RSI: 35.0 | MACD: -1.04 | ATR: 3.66
  📊 Filled: 0 | Pending: 0
  💰 Daily P&L: $-3,500.00

[2026-09-03 09:45] O:7707.25 H:7709.50 L:7705.75 C:7709.50 V:3068.0
  📈 Trend: strong_bearish (raw: moderate_bearish) | 🌍 Regime: trending_bearish
  🗺️  Grid: 0.080% | 🔺 7708.25 🔻 7706.50
  📡 RSI: 46.9 | MACD: -0.87 | ATR: 3.50
  📊 Filled: 0 | Pending: 0
  💰 Daily P&L: $-3,500.00

[2026-09-03 09:46] O:7709.25 H:7709.50 L:7706.75 C:7707.50 V:2586.0
  📈 Trend: moderate_bearish | 🌍 Regime: trending_bearish
  🗺️  Grid: 0.080% | 🔺 7709.50 🔻 7705.75
  📡 RSI: 44.6 | MACD: -0.89 | ATR: 3.41
  📊 Filled: 0 | Pending: 0
  💰 Daily P&L: $-3,500.00

[2026-09-03 09:47] O:7707.75 H:7712.00 L:7707.25 C:7711.25 V:2591.0
  📈 Trend: moderate_bearish | 🌍 Regime: trending_bearish
  🗺️  Grid: 0.080% | 🔺 7709.50 🔻 7706.75
  📡 RSI: 56.6 | MACD: -0.60 | ATR: 3.45
  📊 Filled: 0 | Pending: 0
  💰 Daily P&L: $-3,500.00

[2026-09-03 09:48] O:7711.25 H:7713.25 L:7709.50 C:7713.00 V:2750.0
  📈 Trend: moderate_bearish (raw: moderate_bullish) | 🌍 Regime: ranging
  🗺️  Grid: 0.080% | 🔺 7712.00 🔻 7707.25
  📡 RSI: 68.4 | MACD: -0.23 | ATR: 3.39
  📊 Filled: 0 | Pending: 0
  🔲 Regime: RANGING | Range pos: 58% | RSI: 68.4
  💰 Daily P&L: $-3,500.00

[2026-09-03 09:49] O:7713.00 H:7713.25 L:7710.75 C:7712.75 V:2791.0
  📈 Trend: moderate_bullish | 🌍 Regime: ranging
  🗺️  Grid: 0.080% | 🔺 7713.25 🔻 7709.50
  📡 RSI: 60.0 | MACD: 0.05 | ATR: 3.18
  📊 Filled: 0 | Pending: 0
  🔲 Regime: RANGING | Range pos: 57% | RSI: 60.0
  💰 Daily P&L: $-3,500.00

[2026-09-03 09:50] O:7712.75 H:7714.00 L:7710.00 C:7711.50 V:4102.0
  📈 Trend: moderate_bullish (raw: strong_bullish) | 🌍 Regime: ranging
  🗺️  Grid: 0.080% | 🔺 7713.25 🔻 7710.75
  📡 RSI: 57.8 | MACD: 0.17 | ATR: 3.25
  📊 Filled: 0 | Pending: 0
  🔲 Regime: RANGING | Range pos: 51% | RSI: 57.8
  💰 Daily P&L: $-3,500.00

[2026-09-03 09:51] O:7711.50 H:7711.75 L:7708.25 C:7710.50 V:3107.0
  📈 Trend: strong_bullish | 🌍 Regime: ranging
  🗺️  Grid: 0.080% | 🔺 7714.00 🔻 7710.00
  📡 RSI: 55.2 | MACD: 0.18 | ATR: 3.34
  📊 Filled: 0 | Pending: 0
  🔲 Regime: RANGING | Range pos: 47% | RSI: 55.2
  💰 Daily P&L: $-3,500.00

[2026-09-03 09:52] O:7710.25 H:7710.25 L:7707.50 C:7707.75 V:2968.0
  📈 Trend: strong_bullish (raw: moderate_bearish) | 🌍 Regime: ranging
  🗺️  Grid: 0.080% | 🔺 7711.75 🔻 7708.25
  📡 RSI: 48.5 | MACD: -0.04 | ATR: 3.30
  📊 Filled: 0 | Pending: 0
  🔲 Regime: RANGING | Range pos: 34% | RSI: 48.5
  💰 Daily P&L: $-3,500.00

[2026-09-03 09:53] O:7708.00 H:7708.75 L:7707.50 C:7708.25 V:2488.0
  📈 Trend: strong_bullish (raw: moderate_bullish) | 🌍 Regime: ranging
  🗺️  Grid: 0.080% | 🔺 7710.25 🔻 7707.50
  📡 RSI: 52.7 | MACD: -0.17 | ATR: 3.23
  📊 Filled: 0 | Pending: 0
  🔲 Regime: RANGING | Range pos: 36% | RSI: 52.7
  💰 Daily P&L: $-3,500.00

[2026-09-03 09:54] O:7708.50 H:7712.00 L:7708.00 C:7711.75 V:3299.0
  📈 Trend: strong_bullish | 🌍 Regime: ranging
  🗺️  Grid: 0.080% | 🔺 7708.75 🔻 7707.50
  📡 RSI: 61.8 | MACD: 0.02 | ATR: 3.27
  📊 Filled: 0 | Pending: 0
  🔲 Regime: RANGING | Range pos: 52% | RSI: 61.8
  💰 Daily P&L: $-3,500.00

[2026-09-03 09:55] O:7711.75 H:7713.00 L:7710.75 C:7712.75 V:2646.0
  📈 Trend: strong_bullish | 🌍 Regime: ranging
  🗺️  Grid: 0.080% | 🔺 7712.00 🔻 7708.00
  📡 RSI: 56.7 | MACD: 0.24 | ATR: 3.14
  📊 Filled: 0 | Pending: 0
  🔲 Regime: RANGING | Range pos: 57% | RSI: 56.7
  💰 Daily P&L: $-3,500.00

[2026-09-03 09:56] O:7712.75 H:7713.75 L:7700.00 C:7709.50 V:10620.0
  📈 Trend: strong_bullish | 🌍 Regime: ranging
  🗺️  Grid: 0.080% | 🔺 7713.00 🔻 7710.75
  📡 RSI: 49.5 | MACD: 0.15 | ATR: 3.91
  📊 Filled: 0 | Pending: 0
  🔲 Regime: RANGING | Range pos: 43% | RSI: 49.5
  💰 Daily P&L: $-3,500.00

[2026-09-03 09:57] O:7709.50 H:7712.00 L:7707.75 C:7711.75 V:3373.0
  📈 Trend: strong_bullish | 🌍 Regime: ranging
  🗺️  Grid: 0.080% | 🔺 7713.75 🔻 7700.00
  📡 RSI: 58.8 | MACD: 0.26 | ATR: 3.95
  📊 Filled: 0 | Pending: 0
  🔲 Regime: RANGING | Range pos: 53% | RSI: 58.8
  💰 Daily P&L: $-3,500.00

[2026-09-03 09:58] O:7712.00 H:7715.50 L:7711.75 C:7714.75 V:3521.0
  📈 Trend: strong_bullish | 🌍 Regime: ranging
  🗺️  Grid: 0.080% | 🔺 7712.00 🔻 7707.75
  📡 RSI: 63.2 | MACD: 0.58 | ATR: 4.09
  📊 Filled: 0 | Pending: 0
  🔲 Regime: RANGING | Range pos: 67% | RSI: 63.2
  💰 Daily P&L: $-3,500.00

[2026-09-03 09:59] O:7715.00 H:7719.00 L:7714.50 C:7718.25 V:3428.0
  📈 Trend: strong_bullish | 🌍 Regime: ranging
  🗺️  Grid: 0.080% | 🔺 7715.50 🔻 7711.75
  📡 RSI: 64.7 | MACD: 1.10 | ATR: 4.14
  📊 Filled: 0 | Pending: 0
  🔲 Regime: RANGING | Range pos: 83% | RSI: 64.7
  💰 Daily P&L: $-3,500.00

[2026-09-03 10:00] O:7718.25 H:7721.00 L:7718.00 C:7720.25 V:5226.0
  📈 Trend: strong_bullish | 🌍 Regime: ranging
  🗺️  Grid: 0.080% | 🔺 7719.00 🔻 7714.50
  📡 RSI: 71.4 | MACD: 1.66 | ATR: 4.16
  📊 Filled: 0 | Pending: 0
  🔲 Regime: RANGING | Range pos: 92% | RSI: 71.4
  📤 Limit SELL 10 @ 7720.25 submitted (ID: 788)
  📋 Order 788 status: PreSubmitted
  ✅ Fill: SLD 7.0 @ 7720.5
  ⬇️ SHORT ORDER @ 7720.25 | Size: 1.00 | SL: 7728.50 | TP: 7707.75 [10cts]
     Reason: Grid Short (sideways, RSI: 71.4)
  🔬 SHADOW [short ranging]: 🟥 ROBUST WOULD BLOCK (1 filter)
       MACD=BLOCK (+1.66 vs +1.10, Δ+0.56) | 5m=N/A (ranging)
     ⏳ Order 788 PENDING - awaiting fill confirmation
  💰 Daily P&L: $-3,500.00
  📋 Order 788 status: PreSubmitted
  📋 Order 788 status: Submitted
  ✅ Fill: SLD 1.0 @ 7720.25
  📋 Order 788 status: Submitted
  ✅ Fill: SLD 1.0 @ 7720.25
  📋 Order 788 status: Submitted
  ✅ Fill: SLD 1.0 @ 7720.25
  📋 Order 788 status: Filled
  📤 Stop-Market BUY 10 @ 7728.75 submitted (ID: 789) [OCA:exit_788_1788447725]
  📋 Order 789 status: PreSubmitted
  📤 Limit BUY 10 @ 7708.00 submitted (ID: 790) [OCA:exit_788_1788447725]
  📋 Order 790 status: PreSubmitted
  ✅ FILL CONFIRMED: SHORT @ 7720.43 (order 788)
     📊 Bracket placed: SL #789 @ 7728.75 | TP #790 @ 7708.00
     Trail activates @ +7.5 pts

[2026-09-03 10:01] O:7720.25 H:7722.25 L:7720.00 C:7721.00 V:4432.0
  📈 Trend: strong_bullish | 🌍 Regime: ranging
  🗺️  Grid: 0.080% | 🔺 7721.00 🔻 7718.00
  📡 RSI: 68.2 | MACD: 2.14 | ATR: 3.98
  📊 Filled: 1 | Pending: 0
  📍 SHORT @ 7720.43 | SL: 7728.75 | TP: 7708.00 | P&L: $-287.50 | +7.5 to trail
  💰 Daily P&L: $-3,500.00
  📋 Order 790 status: Submitted

[2026-09-03 10:02] O:7721.00 H:7723.50 L:7720.75 C:7723.25 V:3651.0
  📈 Trend: strong_bullish | 🌍 Regime: ranging
  🗺️  Grid: 0.080% | 🔺 7722.25 🔻 7720.00
  📡 RSI: 68.8 | MACD: 2.67 | ATR: 3.91
  📊 Filled: 1 | Pending: 0
  📍 SHORT @ 7720.43 | SL: 7728.75 | TP: 7708.00 | P&L: $-1,412.50 | +7.1 to trail
  💰 Daily P&L: $-3,500.00

[2026-09-03 10:03] O:7723.25 H:7728.50 L:7723.00 C:7726.00 V:6542.0
  📈 Trend: strong_bullish | 🌍 Regime: ranging
  🗺️  Grid: 0.080% | 🔺 7723.50 🔻 7720.75
  📡 RSI: 72.3 | MACD: 3.27 | ATR: 4.12
  📊 Filled: 1 | Pending: 0
  📍 SHORT @ 7720.43 | SL: 7728.75 | TP: 7708.00 | P&L: $-2,787.50 | +7.1 to trail
  💰 Daily P&L: $-3,500.00
  📋 Order 790 status: PreSubmitted
  📋 Order 790 status: PendingCancel
  ✅ Fill: BOT 10.0 @ 7728.75
  📋 Order 789 status: Filled
  📋 Order 790 status: Cancelled

[2026-09-03 10:04] O:7725.75 H:7730.50 L:7725.50 C:7730.25 V:6229.0
  📈 Trend: strong_bullish | 🌍 Regime: ranging
  🗺️  Grid: 0.080% | 🔺 7728.50 🔻 7723.00
  📡 RSI: 78.6 | MACD: 4.05 | ATR: 4.20
  📊 Filled: 1 | Pending: 0
  📍 SHORT @ 7720.43 | SL: 7728.75 | TP: 7708.00 | P&L: $-4,912.50 | +7.1 to trail
  ❌ EXIT SHORT @ 7728.75 | Stop Loss
     P&L: -8.32 pts ($-4,162.50) | Daily: $-7,662.50
  ⏸️ Cooldown: 2 bar(s) remaining after exit
  💰 Daily P&L: $-7,662.50

[2026-09-03 10:05] O:7730.50 H:7732.50 L:7730.00 C:7731.75 V:7478.0
  📈 Trend: strong_bullish | 🌍 Regime: ranging
  🗺️  Grid: 0.080% | 🔺 7730.50 🔻 7725.50
  📡 RSI: 82.0 | MACD: 4.73 | ATR: 4.12
  📊 Filled: 0 | Pending: 0
  ⏸️ Cooldown: 1 bar(s) remaining after exit
  💰 Daily P&L: $-7,662.50

[2026-09-03 10:06] O:7731.75 H:7733.00 L:7730.00 C:7730.50 V:5281.0
  📈 Trend: strong_bullish | 🌍 Regime: ranging
  🗺️  Grid: 0.080% | 🔺 7732.50 🔻 7730.00
  📡 RSI: 85.8 | MACD: 5.11 | ATR: 4.12
  📊 Filled: 0 | Pending: 0
  🔲 Regime: RANGING | Range pos: 92% | RSI: 85.8
  📤 Limit SELL 10 @ 7730.50 submitted (ID: 791)
  📋 Order 791 status: PreSubmitted
  ✅ Fill: SLD 10.0 @ 7730.5
  📋 Order 791 status: Filled
  ⬇️ SHORT ORDER @ 7730.50 | Size: 1.00 | SL: 7738.75 | TP: 7718.00 [10cts]
     Reason: Grid Short (sideways, RSI: 85.8)
  🔬 SHADOW [short ranging]: 🟥 ROBUST WOULD BLOCK (1 filter)
       MACD=BLOCK (+5.11 vs +4.73, Δ+0.38) | 5m=N/A (ranging)
     ⏳ Order 791 PENDING - awaiting fill confirmation
  💰 Daily P&L: $-7,662.50
  📤 Stop-Market BUY 10 @ 7738.75 submitted (ID: 792) [OCA:exit_791_1788448085]
  📋 Order 792 status: PreSubmitted
  📤 Limit BUY 10 @ 7718.00 submitted (ID: 793) [OCA:exit_791_1788448085]
  📋 Order 793 status: PreSubmitted
  ✅ FILL CONFIRMED: SHORT @ 7730.50 (order 791)
     📊 Bracket placed: SL #792 @ 7738.75 | TP #793 @ 7718.00
     Trail activates @ +7.5 pts

[2026-09-03 10:07] O:7730.75 H:7733.00 L:7730.25 C:7732.50 V:7970.0
  📈 Trend: strong_bullish | 🌍 Regime: ranging
  🗺️  Grid: 0.080% | 🔺 7733.00 🔻 7730.00
  📡 RSI: 86.5 | MACD: 5.51 | ATR: 4.23
  📊 Filled: 1 | Pending: 0
  📍 SHORT @ 7730.50 | SL: 7738.75 | TP: 7718.00 | P&L: $-1,000.00 | +7.5 to trail
  💰 Daily P&L: $-7,662.50
  📋 Order 793 status: Submitted

[2026-09-03 10:08] O:7732.50 H:7734.75 L:7731.75 C:7734.25 V:7155.0
  📈 Trend: strong_bullish | 🌍 Regime: ranging
  🗺️  Grid: 0.080% | 🔺 7733.00 🔻 7730.25
  📡 RSI: 85.7 | MACD: 5.90 | ATR: 4.16
  📊 Filled: 1 | Pending: 0
  📍 SHORT @ 7730.50 | SL: 7738.75 | TP: 7718.00 | P&L: $-1,875.00 | +7.2 to trail
  💰 Daily P&L: $-7,662.50

[2026-09-03 10:09] O:7734.25 H:7734.75 L:7732.75 C:7733.25 V:4729.0
  📈 Trend: strong_bullish | 🌍 Regime: trending_bullish
  🗺️  Grid: 0.080% | 🔺 7734.75 🔻 7731.75
  📡 RSI: 82.5 | MACD: 6.05 | ATR: 4.14
  📊 Filled: 1 | Pending: 0
  📍 SHORT @ 7730.50 | SL: 7738.75 | TP: 7718.00 | P&L: $-1,375.00 | +7.2 to trail
  💰 Daily P&L: $-7,662.50

[2026-09-03 10:10] O:7733.25 H:7736.50 L:7732.50 C:7735.50 V:6390.0
  📈 Trend: strong_bullish | 🌍 Regime: ranging
  🗺️  Grid: 0.080% | 🔺 7734.75 🔻 7732.75
  📡 RSI: 92.6 | MACD: 6.29 | ATR: 3.45
  📊 Filled: 1 | Pending: 0
  📍 SHORT @ 7730.50 | SL: 7738.75 | TP: 7718.00 | P&L: $-2,500.00 | +7.2 to trail
  💰 Daily P&L: $-7,662.50
  📋 Order 793 status: PreSubmitted
  📋 Order 793 status: PendingCancel
  ✅ Fill: BOT 10.0 @ 7738.75
  📋 Order 792 status: Filled
  📋 Order 793 status: Cancelled

[2026-09-03 10:11] O:7735.75 H:7738.50 L:7735.00 C:7737.75 V:7093.0
  📈 Trend: strong_bullish | 🌍 Regime: trending_bullish
  🗺️  Grid: 0.080% | 🔺 7736.50 🔻 7732.50
  📡 RSI: 92.6 | MACD: 6.58 | ATR: 3.39
  📊 Filled: 1 | Pending: 0
  📍 SHORT @ 7730.50 | SL: 7738.75 | TP: 7718.00 | P&L: $-3,625.00 | +7.2 to trail
  ❌ EXIT SHORT @ 7738.75 | Stop Loss
     P&L: -8.25 pts ($-4,125.00) | Daily: $-11,787.50
  ⏸️ Cooldown: 2 bar(s) remaining after exit
  💰 Daily P&L: $-11,787.50

[2026-09-03 10:12] O:7738.00 H:7738.75 L:7737.25 C:7737.75 V:4746.0
  📈 Trend: strong_bullish | 🌍 Regime: trending_bullish
  🗺️  Grid: 0.080% | 🔺 7738.50 🔻 7735.00
  📡 RSI: 91.8 | MACD: 6.73 | ATR: 3.23
  📊 Filled: 0 | Pending: 0
  ⏸️ Cooldown: 1 bar(s) remaining after exit
  💰 Daily P&L: $-11,787.50

[2026-09-03 10:13] O:7737.75 H:7740.50 L:7737.50 C:7740.00 V:5428.0
  📈 Trend: strong_bullish | 🌍 Regime: trending_bullish
  🗺️  Grid: 0.080% | 🔺 7738.75 🔻 7737.25
  📡 RSI: 91.4 | MACD: 6.96 | ATR: 3.12
  📊 Filled: 0 | Pending: 0
  💰 Daily P&L: $-11,787.50

[2026-09-03 10:14] O:7740.25 H:7741.25 L:7739.00 C:7741.25 V:4813.0
  📈 Trend: strong_bullish | 🌍 Regime: trending_bullish
  🗺️  Grid: 0.080% | 🔺 7740.50 🔻 7737.50
  📡 RSI: 91.2 | MACD: 7.15 | ATR: 3.07
  📊 Filled: 0 | Pending: 0
  💰 Daily P&L: $-11,787.50

[2026-09-03 10:15] O:7741.50 H:7743.50 L:7741.00 C:7743.25 V:7698.0
  📈 Trend: strong_bullish | 🌍 Regime: trending_bullish
  🗺️  Grid: 0.080% | 🔺 7741.25 🔻 7739.00
  📡 RSI: 91.6 | MACD: 7.38 | ATR: 3.09
  📊 Filled: 0 | Pending: 0
  💰 Daily P&L: $-11,787.50

[2026-09-03 10:16] O:7743.50 H:7744.50 L:7742.00 C:7744.00 V:5621.0
  📈 Trend: strong_bullish | 🌍 Regime: trending_bullish
  🗺️  Grid: 0.080% | 🔺 7743.50 🔻 7741.00
  📡 RSI: 91.1 | MACD: 7.54 | ATR: 3.07
  📊 Filled: 0 | Pending: 0
  💰 Daily P&L: $-11,787.50

[2026-09-03 10:17] O:7744.00 H:7745.00 L:7742.75 C:7743.75 V:5564.0
  📈 Trend: strong_bullish | 🌍 Regime: trending_bullish
  🗺️  Grid: 0.080% | 🔺 7744.50 🔻 7742.00
  📡 RSI: 89.0 | MACD: 7.56 | ATR: 2.84
  📊 Filled: 0 | Pending: 0
  💰 Daily P&L: $-11,787.50

[2026-09-03 10:18] O:7743.75 H:7745.50 L:7742.25 C:7745.25 V:5246.0
  📈 Trend: strong_bullish | 🌍 Regime: trending_bullish
  🗺️  Grid: 0.080% | 🔺 7745.00 🔻 7742.75
  📡 RSI: 87.5 | MACD: 7.60 | ATR: 2.71
  📊 Filled: 0 | Pending: 0
  💰 Daily P&L: $-11,787.50

[2026-09-03 10:19] O:7745.25 H:7746.75 L:7744.75 C:7746.25 V:4675.0
  📈 Trend: strong_bullish | 🌍 Regime: trending_bullish
  🗺️  Grid: 0.080% | 🔺 7745.50 🔻 7742.25
  📡 RSI: 87.2 | MACD: 7.63 | ATR: 2.68
  📊 Filled: 0 | Pending: 0
  💰 Daily P&L: $-11,787.50

[2026-09-03 10:20] O:7746.25 H:7746.50 L:7742.00 C:7742.00 V:6028.0
  📈 Trend: strong_bullish | 🌍 Regime: trending_bullish
  🗺️  Grid: 0.080% | 🔺 7746.75 🔻 7744.75
  📡 RSI: 75.6 | MACD: 7.23 | ATR: 2.79
  📊 Filled: 0 | Pending: 0
  💰 Daily P&L: $-11,787.50

[2026-09-03 10:21] O:7742.00 H:7742.50 L:7740.75 C:7742.50 V:4698.0
  📈 Trend: strong_bullish | 🌍 Regime: trending_bullish
  🗺️  Grid: 0.080% | 🔺 7746.50 🔻 7742.00
  📡 RSI: 73.8 | MACD: 6.87 | ATR: 2.71
  📊 Filled: 0 | Pending: 0
  💰 Daily P&L: $-11,787.50

[2026-09-03 10:22] O:7742.50 H:7745.75 L:7742.00 C:7744.75 V:4086.0
  📈 Trend: strong_bullish | 🌍 Regime: trending_bullish
  🗺️  Grid: 0.080% | 🔺 7742.50 🔻 7740.75
  📡 RSI: 74.4 | MACD: 6.69 | ATR: 2.77
  📊 Filled: 0 | Pending: 0
  💰 Daily P&L: $-11,787.50

[2026-09-03 10:23] O:7745.00 H:7748.25 L:7744.75 C:7747.75 V:3769.0
  📈 Trend: strong_bullish | 🌍 Regime: trending_bullish
  🗺️  Grid: 0.080% | 🔺 7745.75 🔻 7742.00
  📡 RSI: 80.9 | MACD: 6.71 | ATR: 2.88
  📊 Filled: 0 | Pending: 0
  💰 Daily P&L: $-11,787.50

[2026-09-03 10:24] O:7747.75 H:7748.50 L:7746.75 C:7746.75 V:4081.0
  📈 Trend: strong_bullish | 🌍 Regime: trending_bullish
  🗺️  Grid: 0.080% | 🔺 7748.25 🔻 7744.75
  📡 RSI: 75.3 | MACD: 6.58 | ATR: 2.71
  📊 Filled: 0 | Pending: 0
  💰 Daily P&L: $-11,787.50

[2026-09-03 10:25] O:7746.75 H:7748.75 L:7746.25 C:7748.25 V:3890.0
  📈 Trend: strong_bullish | 🌍 Regime: trending_bullish
  🗺️  Grid: 0.080% | 🔺 7748.50 🔻 7746.75
  📡 RSI: 74.4 | MACD: 6.51 | ATR: 2.64
  📊 Filled: 0 | Pending: 0
  💰 Daily P&L: $-11,787.50

[2026-09-03 10:26] O:7748.50 H:7751.00 L:7748.00 C:7750.50 V:4530.0
  📈 Trend: strong_bullish | 🌍 Regime: trending_bullish
  🗺️  Grid: 0.080% | 🔺 7748.75 🔻 7746.25
  📡 RSI: 76.8 | MACD: 6.57 | ATR: 2.75
  📊 Filled: 0 | Pending: 0
  💰 Daily P&L: $-11,787.50

[2026-09-03 10:27] O:7750.75 H:7752.75 L:7750.00 C:7752.25 V:4279.0
  📈 Trend: strong_bullish | 🌍 Regime: trending_bullish
  🗺️  Grid: 0.080% | 🔺 7751.00 🔻 7748.00
  📡 RSI: 76.3 | MACD: 6.68 | ATR: 2.73
  📊 Filled: 0 | Pending: 0
  💰 Daily P&L: $-11,787.50

[2026-09-03 10:28] O:7752.25 H:7753.00 L:7751.50 C:7752.50 V:4090.0
  📈 Trend: strong_bullish | 🌍 Regime: trending_bullish
  🗺️  Grid: 0.080% | 🔺 7752.75 🔻 7750.00
  📡 RSI: 75.3 | MACD: 6.70 | ATR: 2.68
  📊 Filled: 0 | Pending: 0
  💰 Daily P&L: $-11,787.50

[2026-09-03 10:29] O:7752.75 H:7756.00 L:7752.75 C:7755.50 V:5797.0
  📈 Trend: strong_bullish | 🌍 Regime: trending_bullish
  🗺️  Grid: 0.080% | 🔺 7753.00 🔻 7751.50
  📡 RSI: 76.3 | MACD: 6.89 | ATR: 2.75
  📊 Filled: 0 | Pending: 0
  💰 Daily P&L: $-11,787.50

[2026-09-03 10:30] O:7755.50 H:7757.75 L:7754.25 C:7757.75 V:6409.0
  📈 Trend: strong_bullish | 🌍 Regime: trending_bullish
  🗺️  Grid: 0.080% | 🔺 7756.00 🔻 7752.75
  📡 RSI: 77.8 | MACD: 7.14 | ATR: 2.82
  📊 Filled: 0 | Pending: 0
  💰 Daily P&L: $-11,787.50

[2026-09-03 10:31] O:7757.50 H:7758.50 L:7755.75 C:7757.50 V:5601.0
  📈 Trend: strong_bullish | 🌍 Regime: trending_bullish
  🗺️  Grid: 0.080% | 🔺 7757.75 🔻 7754.25
  📡 RSI: 77.8 | MACD: 7.23 | ATR: 2.86
  📊 Filled: 0 | Pending: 0
  💰 Daily P&L: $-11,787.50

[2026-09-03 10:32] O:7757.75 H:7758.00 L:7755.50 C:7756.50 V:4018.0
  📈 Trend: strong_bullish | 🌍 Regime: trending_bullish
  🗺️  Grid: 0.080% | 🔺 7758.50 🔻 7755.75
  📡 RSI: 73.2 | MACD: 7.14 | ATR: 2.80
  📊 Filled: 0 | Pending: 0
  💰 Daily P&L: $-11,787.50

[2026-09-03 10:33] O:7756.50 H:7756.75 L:7753.25 C:7754.00 V:4628.0
  📈 Trend: strong_bullish | 🌍 Regime: trending_bullish
  🗺️  Grid: 0.080% | 🔺 7758.00 🔻 7755.50
  📡 RSI: 65.0 | MACD: 6.78 | ATR: 2.91
  📊 Filled: 0 | Pending: 0
  💰 Daily P&L: $-11,787.50

[2026-09-03 10:34] O:7754.00 H:7755.25 L:7752.50 C:7754.75 V:4611.0
  📈 Trend: strong_bullish | 🌍 Regime: trending_bullish
  🗺️  Grid: 0.080% | 🔺 7756.75 🔻 7753.25
  📡 RSI: 78.7 | MACD: 6.49 | ATR: 2.79
  📊 Filled: 0 | Pending: 0
  💰 Daily P&L: $-11,787.50

[2026-09-03 10:35] O:7755.00 H:7756.00 L:7754.25 C:7754.50 V:4108.0
  📈 Trend: strong_bullish | 🌍 Regime: trending_bullish
  🗺️  Grid: 0.080% | 🔺 7755.25 🔻 7752.50
  📡 RSI: 77.3 | MACD: 6.17 | ATR: 2.79
  📊 Filled: 0 | Pending: 0
  💰 Daily P&L: $-11,787.50

[2026-09-03 10:36] O:7754.50 H:7754.50 L:7752.25 C:7752.50 V:3614.0
  📈 Trend: strong_bullish | 🌍 Regime: trending_bullish
  🗺️  Grid: 0.080% | 🔺 7756.00 🔻 7754.25
  📡 RSI: 67.8 | MACD: 5.69 | ATR: 2.68
  📊 Filled: 0 | Pending: 0
  💰 Daily P&L: $-11,787.50
→ Real-time bars cancelled
✓ Disconnected from IBKR
