Logging to: es_bot_20260814_100652.log

============================================================
📈 MODE: SCALP
   • 10 contract(s) max
   • Grid entries only
   • Trailing stop enabled
   • SL: ~8 pts | TP: ~12 pts | Trail activates: +6 pts
   • Best for: Normal sessions, choppy/ranging opens
============================================================
✓ Connected to IBKR (paper) - clientId=10
✓ Front-month contract: ESU6 expiry=20260918

============================================================
Loading historical data for indicator warm-up...
============================================================
→ Fetching historical bars (1 D, 1 min)...
✓ Loaded 967 historical bars

Processing 967 historical bars...

Indicators ready!
  Bars loaded: 967
  Last price: 7829.00
  Trend: strong_bullish
  RSI: 58.3
  ATR: 2.48
  MACD: 0.85 / Signal: 0.42
  MA: 7826.01 / 7825.81 / 7827.65

------------------------------------------------------------
Account Value: $1,010,758.74
Buying Power: $4,033,317.96
Current Position: 0 contracts
------------------------------------------------------------

============================================================
Starting live 1-minute bar stream...
Strategy is now ACTIVE (SCALP mode)
============================================================

→ Subscribed to 5-second real-time bars (aggregating to 1 min)

[2026-08-14 09:06] O:7829.25 H:7829.75 L:7829.25 C:7829.50 V:148.0
  📈 Trend: sideways (raw: strong_bullish) | 🌍 Regime: trending_bullish
  🗺️  Grid: 0.080% | 🔺 7830.25 🔻 7829.00
  📡 RSI: 60.0 | MACD: 0.97 | ATR: 2.39
  📊 Filled: 0 | Pending: 0
  💰 Daily P&L: $+0.00

[2026-08-14 09:07] O:7829.25 H:7829.75 L:7828.75 C:7829.75 V:1439.0
  📈 Trend: strong_bullish | 🌍 Regime: trending_bullish
  🗺️  Grid: 0.080% | 🔺 7829.75 🔻 7829.25
  📡 RSI: 60.8 | MACD: 1.08 | ATR: 2.34
  📊 Filled: 0 | Pending: 0
  💰 Daily P&L: $+0.00

[2026-08-14 09:08] O:7829.75 H:7830.75 L:7828.25 C:7828.25 V:2131.0
  📈 Trend: strong_bullish | 🌍 Regime: trending_bullish
  🗺️  Grid: 0.080% | 🔺 7829.75 🔻 7828.75
  📡 RSI: 56.4 | MACD: 1.03 | ATR: 2.36
  📊 Filled: 0 | Pending: 0
  💰 Daily P&L: $+0.00

[2026-08-14 09:09] O:7828.25 H:7830.00 L:7827.25 C:7828.00 V:2707.0
  📈 Trend: strong_bullish | 🌍 Regime: trending_bullish
  🗺️  Grid: 0.080% | 🔺 7830.75 🔻 7828.25
  📡 RSI: 56.4 | MACD: 0.96 | ATR: 2.45
  📊 Filled: 0 | Pending: 0
  💰 Daily P&L: $+0.00

[2026-08-14 09:10] O:7828.00 H:7829.25 L:7826.50 C:7826.50 V:2401.0
  📈 Trend: strong_bullish (raw: moderate_bullish) | 🌍 Regime: trending_bullish
  🗺️  Grid: 0.080% | 🔺 7830.00 🔻 7827.25
  📡 RSI: 57.4 | MACD: 0.77 | ATR: 2.43
  📊 Filled: 0 | Pending: 0
  💰 Daily P&L: $+0.00

[2026-08-14 09:11] O:7826.75 H:7827.75 L:7825.75 C:7827.75 V:2223.0
  📈 Trend: moderate_bullish | 🌍 Regime: trending_bullish
  🗺️  Grid: 0.080% | 🔺 7829.25 🔻 7826.50
  📡 RSI: 58.9 | MACD: 0.72 | ATR: 2.41
  📊 Filled: 0 | Pending: 0
  💰 Daily P&L: $+0.00

[2026-08-14 09:12] O:7827.50 H:7829.00 L:7827.00 C:7828.50 V:2349.0
  📈 Trend: moderate_bullish | 🌍 Regime: trending_bullish
  🗺️  Grid: 0.080% | 🔺 7827.75 🔻 7825.75
  📡 RSI: 58.2 | MACD: 0.73 | ATR: 2.25
  📊 Filled: 0 | Pending: 0
  💰 Daily P&L: $+0.00

[2026-08-14 09:13] O:7828.50 H:7829.50 L:7827.25 C:7827.50 V:2004.0
  📈 Trend: moderate_bullish | 🌍 Regime: trending_bullish
  🗺️  Grid: 0.080% | 🔺 7829.00 🔻 7827.00
  📡 RSI: 54.2 | MACD: 0.65 | ATR: 2.09
  📊 Filled: 0 | Pending: 0
  💰 Daily P&L: $+0.00

[2026-08-14 09:14] O:7827.75 H:7828.50 L:7825.25 C:7825.25 V:2036.0
  📈 Trend: moderate_bullish (raw: moderate_bearish) | 🌍 Regime: trending_bearish
  🗺️  Grid: 0.080% | 🔺 7829.50 🔻 7827.25
  📡 RSI: 50.0 | MACD: 0.40 | ATR: 2.20
  📊 Filled: 0 | Pending: 0
  💰 Daily P&L: $+0.00

[2026-08-14 09:15] O:7825.50 H:7826.00 L:7823.50 C:7824.75 V:3392.0
  📈 Trend: moderate_bullish | 🌍 Regime: trending_bullish
  🗺️  Grid: 0.080% | 🔺 7828.50 🔻 7825.25
  📡 RSI: 42.4 | MACD: 0.15 | ATR: 2.20
  📊 Filled: 0 | Pending: 0
  💰 Daily P&L: $+0.00

[2026-08-14 09:16] O:7825.00 H:7825.25 L:7822.50 C:7824.50 V:3420.0
  📈 Trend: moderate_bullish (raw: strong_bearish) | 🌍 Regime: ranging
  🗺️  Grid: 0.080% | 🔺 7826.00 🔻 7823.50
  📡 RSI: 43.1 | MACD: -0.06 | ATR: 2.25
  📊 Filled: 0 | Pending: 0
  🔲 Regime: RANGING | Range pos: 24% | RSI: 43.1
  💰 Daily P&L: $+0.00

[2026-08-14 09:17] O:7824.25 H:7825.50 L:7823.75 C:7824.00 V:2461.0
  📈 Trend: strong_bearish | 🌍 Regime: ranging
  🗺️  Grid: 0.080% | 🔺 7825.25 🔻 7822.50
  📡 RSI: 34.0 | MACD: -0.26 | ATR: 2.18
  📊 Filled: 0 | Pending: 0
  🔲 Regime: RANGING | Range pos: 18% | RSI: 34.0
  🚫 Long blocked: price 7824.00 is 6.8 pts below session high 7830.75 (limit: 10.0 pts, window: 2.0 hrs)
  💰 Daily P&L: $+0.00

[2026-08-14 09:18] O:7824.00 H:7824.25 L:7821.25 C:7822.50 V:2612.0
  📈 Trend: strong_bearish | 🌍 Regime: ranging
  🗺️  Grid: 0.080% | 🔺 7825.50 🔻 7823.75
  📡 RSI: 21.2 | MACD: -0.54 | ATR: 2.18
  📊 Filled: 0 | Pending: 0
  🔲 Regime: RANGING | Range pos: 13% | RSI: 21.2
  🚫 Long blocked: price 7822.50 is 8.2 pts below session high 7830.75 (limit: 10.0 pts, window: 2.0 hrs)
  💰 Daily P&L: $+0.00

[2026-08-14 09:19] O:7822.75 H:7823.25 L:7820.25 C:7820.50 V:2679.0
  📈 Trend: strong_bearish | 🌍 Regime: ranging
  🗺️  Grid: 0.080% | 🔺 7824.25 🔻 7821.25
  📡 RSI: 19.6 | MACD: -0.91 | ATR: 2.30
  📊 Filled: 0 | Pending: 0
  🔲 Regime: RANGING | Range pos: 2% | RSI: 19.6
  🚫 Raw trend blocks RANGING LONG | raw: strong_bearish
  💰 Daily P&L: $+0.00

[2026-08-14 09:20] O:7820.50 H:7821.75 L:7818.75 C:7820.75 V:3634.0
  📈 Trend: strong_bearish | 🌍 Regime: ranging
  🗺️  Grid: 0.080% | 🔺 7823.25 🔻 7820.25
  📡 RSI: 18.2 | MACD: -1.17 | ATR: 2.46
  📊 Filled: 0 | Pending: 0
  🔲 Regime: RANGING | Range pos: 17% | RSI: 18.2
  🚫 Raw trend blocks RANGING LONG | raw: strong_bearish
  💰 Daily P&L: $+0.00

[2026-08-14 09:21] O:7820.50 H:7821.00 L:7816.25 C:7819.00 V:4314.0
  📈 Trend: strong_bearish | 🌍 Regime: ranging
  🗺️  Grid: 0.080% | 🔺 7821.75 🔻 7818.75
  📡 RSI: 14.8 | MACD: -1.50 | ATR: 2.73
  📊 Filled: 0 | Pending: 0
  🔲 Regime: RANGING | Range pos: 19% | RSI: 14.8
  🚫 Raw trend blocks RANGING LONG | raw: strong_bearish
  💰 Daily P&L: $+0.00

[2026-08-14 09:22] O:7819.00 H:7819.00 L:7816.75 C:7818.25 V:2121.0
  📈 Trend: strong_bearish | 🌍 Regime: ranging
  🗺️  Grid: 0.080% | 🔺 7821.00 🔻 7816.25
  📡 RSI: 15.5 | MACD: -1.80 | ATR: 2.71
  📊 Filled: 0 | Pending: 0
  🔲 Regime: RANGING | Range pos: 14% | RSI: 15.5
  🚫 Raw trend blocks RANGING LONG | raw: strong_bearish
  💰 Daily P&L: $+0.00

[2026-08-14 09:23] O:7818.25 H:7819.75 L:7817.25 C:7817.50 V:2430.0
  📈 Trend: strong_bearish | 🌍 Regime: ranging
  🗺️  Grid: 0.080% | 🔺 7819.00 🔻 7816.75
  📡 RSI: 15.0 | MACD: -2.07 | ATR: 2.70
  📊 Filled: 0 | Pending: 0
  🔲 Regime: RANGING | Range pos: 9% | RSI: 15.0
  🚫 Raw trend blocks RANGING LONG | raw: strong_bearish
  💰 Daily P&L: $+0.00

[2026-08-14 09:24] O:7817.50 H:7819.00 L:7816.50 C:7817.75 V:2700.0
  📈 Trend: strong_bearish | 🌍 Regime: ranging
  🗺️  Grid: 0.080% | 🔺 7819.75 🔻 7817.25
  📡 RSI: 18.2 | MACD: -2.24 | ATR: 2.68
  📊 Filled: 0 | Pending: 0
  🔲 Regime: RANGING | Range pos: 10% | RSI: 18.2
  🚫 Raw trend blocks RANGING LONG | raw: strong_bearish
  💰 Daily P&L: $+0.00

[2026-08-14 09:25] O:7817.75 H:7818.75 L:7816.75 C:7817.50 V:2339.0
  📈 Trend: strong_bearish | 🌍 Regime: ranging
  🗺️  Grid: 0.080% | 🔺 7819.00 🔻 7816.50
  📡 RSI: 9.8 | MACD: -2.37 | ATR: 2.68
  📊 Filled: 0 | Pending: 0
  🔲 Regime: RANGING | Range pos: 9% | RSI: 9.8
  🚫 Raw trend blocks RANGING LONG | raw: strong_bearish
  💰 Daily P&L: $+0.00

[2026-08-14 09:26] O:7817.50 H:7818.00 L:7815.50 C:7816.00 V:2743.0
  📈 Trend: strong_bearish | 🌍 Regime: ranging
  🗺️  Grid: 0.080% | 🔺 7818.75 🔻 7816.75
  📡 RSI: 3.7 | MACD: -2.57 | ATR: 2.71
  📊 Filled: 0 | Pending: 0
  🔲 Regime: RANGING | Range pos: 3% | RSI: 3.7
  🚫 Raw trend blocks RANGING LONG | raw: strong_bearish
  💰 Daily P&L: $+0.00

[2026-08-14 09:27] O:7816.00 H:7817.25 L:7815.00 C:7815.50 V:2995.0
  📈 Trend: strong_bearish | 🌍 Regime: ranging
  🗺️  Grid: 0.080% | 🔺 7818.00 🔻 7815.50
  📡 RSI: 3.8 | MACD: -2.73 | ATR: 2.71
  📊 Filled: 0 | Pending: 0
  🔲 Regime: RANGING | Range pos: 3% | RSI: 3.8
  🚫 Raw trend blocks RANGING LONG | raw: strong_bearish
  💰 Daily P&L: $+0.00

[2026-08-14 09:28] O:7815.75 H:7816.00 L:7813.75 C:7815.00 V:3156.0
  📈 Trend: strong_bearish | 🌍 Regime: ranging
  🗺️  Grid: 0.080% | 🔺 7817.25 🔻 7815.00
  📡 RSI: 4.4 | MACD: -2.87 | ATR: 2.64
  📊 Filled: 0 | Pending: 0
  🔲 Regime: RANGING | Range pos: 7% | RSI: 4.4
  🚫 Raw trend blocks RANGING LONG | raw: strong_bearish
  💰 Daily P&L: $+0.00

[2026-08-14 09:29] O:7815.25 H:7817.00 L:7814.00 C:7816.75 V:2908.0
  📈 Trend: strong_bearish | 🌍 Regime: trending_bearish
  🗺️  Grid: 0.080% | 🔺 7816.00 🔻 7813.75
  📡 RSI: 18.0 | MACD: -2.80 | ATR: 2.68
  📊 Filled: 0 | Pending: 0
  💰 Daily P&L: $+0.00

[2026-08-14 09:30] O:7816.75 H:7817.50 L:7812.00 C:7812.00 V:5320.0
  📈 Trend: strong_bearish | 🌍 Regime: trending_bearish
  🗺️  Grid: 0.080% | 🔺 7817.00 🔻 7814.00
  📡 RSI: 13.2 | MACD: -3.10 | ATR: 2.88
  📊 Filled: 0 | Pending: 0
  💰 Daily P&L: $+0.00

[2026-08-14 09:31] O:7812.00 H:7814.00 L:7811.00 C:7813.50 V:4057.0
  📈 Trend: strong_bearish | 🌍 Regime: trending_bearish
  🗺️  Grid: 0.080% | 🔺 7817.50 🔻 7812.00
  📡 RSI: 20.8 | MACD: -3.17 | ATR: 2.96
  📊 Filled: 0 | Pending: 0
  💰 Daily P&L: $+0.00

[2026-08-14 09:32] O:7813.25 H:7814.00 L:7810.75 C:7812.25 V:2780.0
  📈 Trend: strong_bearish | 🌍 Regime: trending_bearish
  🗺️  Grid: 0.080% | 🔺 7814.00 🔻 7811.00
  📡 RSI: 21.1 | MACD: -3.30 | ATR: 2.98
  📊 Filled: 0 | Pending: 0
  💰 Daily P&L: $+0.00

[2026-08-14 09:33] O:7812.25 H:7812.50 L:7810.50 C:7811.25 V:1917.0
  📈 Trend: strong_bearish | 🌍 Regime: trending_bearish
  🗺️  Grid: 0.080% | 🔺 7814.00 🔻 7810.75
  📡 RSI: 22.4 | MACD: -3.44 | ATR: 2.91
  📊 Filled: 0 | Pending: 0
  💰 Daily P&L: $+0.00

[2026-08-14 09:34] O:7811.00 H:7812.50 L:7810.50 C:7811.25 V:2471.0
  📈 Trend: strong_bearish | 🌍 Regime: trending_bearish
  🗺️  Grid: 0.080% | 🔺 7812.50 🔻 7810.50
  📡 RSI: 21.2 | MACD: -3.50 | ATR: 2.84
  📊 Filled: 0 | Pending: 0
  💰 Daily P&L: $+0.00

[2026-08-14 09:35] O:7811.00 H:7813.25 L:7810.50 C:7812.75 V:2576.0
  📈 Trend: strong_bearish | 🌍 Regime: trending_bearish
  🗺️  Grid: 0.080% | 🔺 7812.50 🔻 7810.50
  📡 RSI: 30.8 | MACD: -3.40 | ATR: 2.70
  📊 Filled: 0 | Pending: 0
  💰 Daily P&L: $+0.00

[2026-08-14 09:36] O:7812.50 H:7815.50 L:7812.25 C:7815.50 V:2819.0
  📈 Trend: strong_bearish | 🌍 Regime: trending_bearish
  🗺️  Grid: 0.080% | 🔺 7813.25 🔻 7810.50
  📡 RSI: 42.5 | MACD: -3.06 | ATR: 2.77
  📊 Filled: 0 | Pending: 0
  💰 Daily P&L: $+0.00

[2026-08-14 09:37] O:7815.50 H:7816.50 L:7813.50 C:7813.50 V:2839.0
  📈 Trend: strong_bearish | 🌍 Regime: trending_bearish
  🗺️  Grid: 0.080% | 🔺 7815.50 🔻 7812.25
  📡 RSI: 39.7 | MACD: -2.92 | ATR: 2.80
  📊 Filled: 0 | Pending: 0
  💰 Daily P&L: $+0.00

[2026-08-14 09:38] O:7813.25 H:7815.25 L:7813.00 C:7814.50 V:2160.0
  📈 Trend: strong_bearish | 🌍 Regime: trending_bearish
  🗺️  Grid: 0.080% | 🔺 7816.50 🔻 7813.50
  📡 RSI: 42.0 | MACD: -2.69 | ATR: 2.79
  📊 Filled: 0 | Pending: 0
  💰 Daily P&L: $+0.00

[2026-08-14 09:39] O:7814.75 H:7817.00 L:7814.25 C:7816.50 V:2433.0
  📈 Trend: strong_bearish | 🌍 Regime: trending_bearish
  🗺️  Grid: 0.080% | 🔺 7815.25 🔻 7813.00
  📡 RSI: 47.7 | MACD: -2.33 | ATR: 2.84
  📊 Filled: 0 | Pending: 0
  💰 Daily P&L: $+0.00

[2026-08-14 09:40] O:7816.50 H:7816.50 L:7812.75 C:7813.25 V:2708.0
  📈 Trend: strong_bearish | 🌍 Regime: trending_bearish
  🗺️  Grid: 0.080% | 🔺 7817.00 🔻 7814.25
  📡 RSI: 44.2 | MACD: -2.27 | ATR: 2.93
  📊 Filled: 0 | Pending: 0
  💰 Daily P&L: $+0.00

[2026-08-14 09:41] O:7813.50 H:7813.75 L:7812.50 C:7813.50 V:1781.0
  📈 Trend: strong_bearish | 🌍 Regime: trending_bearish
  🗺️  Grid: 0.080% | 🔺 7816.50 🔻 7812.75
  📡 RSI: 45.7 | MACD: -2.19 | ATR: 2.86
  📊 Filled: 0 | Pending: 0
  💰 Daily P&L: $+0.00

[2026-08-14 09:42] O:7813.75 H:7814.75 L:7812.75 C:7814.00 V:2006.0
  📈 Trend: strong_bearish | 🌍 Regime: trending_bearish
  🗺️  Grid: 0.080% | 🔺 7813.75 🔻 7812.50
  📡 RSI: 47.9 | MACD: -2.05 | ATR: 2.84
  📊 Filled: 0 | Pending: 0
  💰 Daily P&L: $+0.00

[2026-08-14 09:43] O:7814.25 H:7815.00 L:7813.00 C:7813.25 V:1414.0
  📈 Trend: strong_bearish | 🌍 Regime: trending_bearish
  🗺️  Grid: 0.080% | 🔺 7814.75 🔻 7812.75
  📡 RSI: 42.2 | MACD: -1.98 | ATR: 2.77
  📊 Filled: 0 | Pending: 0
  💰 Daily P&L: $+0.00

[2026-08-14 09:44] O:7813.50 H:7814.25 L:7812.75 C:7813.75 V:983.0
  📈 Trend: strong_bearish | 🌍 Regime: trending_bearish
  🗺️  Grid: 0.080% | 🔺 7815.00 🔻 7813.00
  📡 RSI: 54.8 | MACD: -1.87 | ATR: 2.48
  📊 Filled: 0 | Pending: 0
  💰 Daily P&L: $+0.00

[2026-08-14 09:45] O:7813.75 H:7814.75 L:7812.75 C:7813.75 V:2067.0
  📈 Trend: strong_bearish | 🌍 Regime: trending_bearish
  🗺️  Grid: 0.080% | 🔺 7814.25 🔻 7812.75
  📡 RSI: 50.7 | MACD: -1.75 | ATR: 2.41
  📊 Filled: 0 | Pending: 0
  💰 Daily P&L: $+0.00

[2026-08-14 09:46] O:7813.75 H:7816.00 L:7813.50 C:7815.50 V:1990.0
  📈 Trend: strong_bearish | 🌍 Regime: trending_bearish
  🗺️  Grid: 0.080% | 🔺 7814.75 🔻 7812.75
  📡 RSI: 59.4 | MACD: -1.51 | ATR: 2.36
  📊 Filled: 0 | Pending: 0
  💰 Daily P&L: $+0.00

[2026-08-14 09:47] O:7815.50 H:7816.75 L:7815.00 C:7815.50 V:1432.0
  📈 Trend: strong_bearish (raw: moderate_bearish) | 🌍 Regime: trending_bearish
  🗺️  Grid: 0.080% | 🔺 7816.00 🔻 7813.50
  📡 RSI: 63.1 | MACD: -1.30 | ATR: 2.34
  📊 Filled: 0 | Pending: 0
  💰 Daily P&L: $+0.00

[2026-08-14 09:48] O:7815.50 H:7816.50 L:7815.00 C:7815.75 V:1639.0
  📈 Trend: strong_bearish | 🌍 Regime: trending_bearish
  🗺️  Grid: 0.080% | 🔺 7816.75 🔻 7815.00
  📡 RSI: 63.6 | MACD: -1.10 | ATR: 2.30
  📊 Filled: 0 | Pending: 0
  💰 Daily P&L: $+0.00

[2026-08-14 09:49] O:7815.75 H:7815.75 L:7814.25 C:7815.00 V:1520.0
  📈 Trend: strong_bearish (raw: moderate_bearish) | 🌍 Regime: trending_bearish
  🗺️  Grid: 0.080% | 🔺 7816.50 🔻 7815.00
  📡 RSI: 57.1 | MACD: -0.99 | ATR: 2.21
  📊 Filled: 0 | Pending: 0
  💰 Daily P&L: $+0.00

[2026-08-14 09:50] O:7815.00 H:7815.50 L:7813.75 C:7814.75 V:1328.0
  📈 Trend: moderate_bearish | 🌍 Regime: trending_bearish
  🗺️  Grid: 0.080% | 🔺 7815.75 🔻 7814.25
  📡 RSI: 47.2 | MACD: -0.91 | ATR: 2.11
  📊 Filled: 0 | Pending: 0
  💰 Daily P&L: $+0.00

[2026-08-14 09:51] O:7814.75 H:7815.50 L:7814.00 C:7815.00 V:1298.0
  📈 Trend: moderate_bearish | 🌍 Regime: trending_bearish
  🗺️  Grid: 0.080% | 🔺 7815.50 🔻 7813.75
  📡 RSI: 56.5 | MACD: -0.82 | ATR: 2.00
  📊 Filled: 0 | Pending: 0
  💰 Daily P&L: $+0.00

[2026-08-14 09:52] O:7814.75 H:7815.75 L:7814.00 C:7815.50 V:1062.0
  📈 Trend: moderate_bearish | 🌍 Regime: trending_bearish
  🗺️  Grid: 0.080% | 🔺 7815.50 🔻 7814.00
  📡 RSI: 54.5 | MACD: -0.70 | ATR: 1.96
  📊 Filled: 0 | Pending: 0
  💰 Daily P&L: $+0.00

[2026-08-14 09:53] O:7815.50 H:7816.75 L:7812.75 C:7812.75 V:1979.0
  📈 Trend: moderate_bearish | 🌍 Regime: trending_bearish
  🗺️  Grid: 0.080% | 🔺 7815.75 🔻 7814.00
  📡 RSI: 34.0 | MACD: -0.82 | ATR: 2.05
  📊 Filled: 0 | Pending: 0
  💰 Daily P&L: $+0.00

[2026-08-14 09:54] O:7812.75 H:7814.00 L:7812.00 C:7812.50 V:2158.0
  📈 Trend: moderate_bearish (raw: strong_bearish) | 🌍 Regime: ranging
  🗺️  Grid: 0.080% | 🔺 7816.75 🔻 7812.75
  📡 RSI: 45.7 | MACD: -0.92 | ATR: 1.93
  📊 Filled: 0 | Pending: 0
  🔲 Regime: RANGING | Range pos: 10% | RSI: 45.7
  💰 Daily P&L: $+0.00

[2026-08-14 09:55] O:7812.25 H:7814.00 L:7812.25 C:7813.25 V:1962.0
  📈 Trend: strong_bearish | 🌍 Regime: ranging
  🗺️  Grid: 0.080% | 🔺 7814.00 🔻 7812.00
  📡 RSI: 48.6 | MACD: -0.93 | ATR: 1.96
  📊 Filled: 0 | Pending: 0
  🔲 Regime: RANGING | Range pos: 14% | RSI: 48.6
  💰 Daily P&L: $+0.00

[2026-08-14 09:56] O:7813.50 H:7813.75 L:7811.75 C:7811.75 V:2248.0
  📈 Trend: strong_bearish | 🌍 Regime: ranging
  🗺️  Grid: 0.080% | 🔺 7814.00 🔻 7812.25
  📡 RSI: 39.0 | MACD: -1.05 | ATR: 1.96
  📊 Filled: 0 | Pending: 0
  🔲 Regime: RANGING | Range pos: 6% | RSI: 39.0
  💰 Daily P&L: $+0.00

[2026-08-14 09:57] O:7811.75 H:7813.50 L:7811.50 C:7812.25 V:1684.0
  📈 Trend: strong_bearish | 🌍 Regime: ranging
  🗺️  Grid: 0.080% | 🔺 7813.75 🔻 7811.75
  📡 RSI: 45.0 | MACD: -1.09 | ATR: 1.96
  📊 Filled: 0 | Pending: 0
  🔲 Regime: RANGING | Range pos: 9% | RSI: 45.0
  💰 Daily P&L: $+0.00

[2026-08-14 09:58] O:7812.00 H:7812.50 L:7811.25 C:7811.75 V:1234.0
  📈 Trend: strong_bearish | 🌍 Regime: ranging
  🗺️  Grid: 0.080% | 🔺 7813.50 🔻 7811.50
  📡 RSI: 40.0 | MACD: -1.14 | ATR: 1.95
  📊 Filled: 0 | Pending: 0
  🔲 Regime: RANGING | Range pos: 6% | RSI: 40.0
  💰 Daily P&L: $+0.00

[2026-08-14 09:59] O:7811.75 H:7811.75 L:7809.50 C:7809.50 V:3233.0
  📈 Trend: strong_bearish | 🌍 Regime: ranging
  🗺️  Grid: 0.080% | 🔺 7812.50 🔻 7811.25
  📡 RSI: 32.7 | MACD: -1.36 | ATR: 1.96
  📊 Filled: 0 | Pending: 0
  🔲 Regime: RANGING | Range pos: 0% | RSI: 32.7
  🚫 Raw trend blocks RANGING LONG | raw: strong_bearish
  💰 Daily P&L: $+0.00

[2026-08-14 10:00] O:7809.75 H:7813.00 L:7809.50 C:7813.00 V:3020.0
  📈 Trend: strong_bearish | 🌍 Regime: ranging
  🗺️  Grid: 0.080% | 🔺 7811.75 🔻 7809.50
  📡 RSI: 41.1 | MACD: -1.23 | ATR: 2.04
  📊 Filled: 0 | Pending: 0
  🔲 Regime: RANGING | Range pos: 16% | RSI: 41.1
  💰 Daily P&L: $+0.00

[2026-08-14 10:01] O:7812.75 H:7813.75 L:7810.75 C:7812.50 V:3099.0
  📈 Trend: strong_bearish | 🌍 Regime: ranging
  🗺️  Grid: 0.080% | 🔺 7813.00 🔻 7809.50
  📡 RSI: 39.7 | MACD: -1.15 | ATR: 2.12
  📊 Filled: 0 | Pending: 0
  🔲 Regime: RANGING | Range pos: 14% | RSI: 39.7
  💰 Daily P&L: $+0.00

[2026-08-14 10:02] O:7812.75 H:7813.00 L:7810.50 C:7811.00 V:2234.0
  📈 Trend: strong_bearish | 🌍 Regime: ranging
  🗺️  Grid: 0.080% | 🔺 7813.75 🔻 7810.75
  📡 RSI: 34.9 | MACD: -1.20 | ATR: 2.20
  📊 Filled: 0 | Pending: 0
  🔲 Regime: RANGING | Range pos: 7% | RSI: 34.9
  🚫 Raw trend blocks RANGING LONG | raw: strong_bearish
  💰 Daily P&L: $+0.00

[2026-08-14 10:03] O:7811.00 H:7812.00 L:7810.50 C:7811.50 V:1555.0
  📈 Trend: strong_bearish | 🌍 Regime: ranging
  🗺️  Grid: 0.080% | 🔺 7813.00 🔻 7810.50
  📡 RSI: 38.7 | MACD: -1.19 | ATR: 2.20
  📊 Filled: 0 | Pending: 0
  🔲 Regime: RANGING | Range pos: 9% | RSI: 38.7
  💰 Daily P&L: $+0.00

[2026-08-14 10:04] O:7811.25 H:7812.75 L:7810.50 C:7812.00 V:1350.0
  📈 Trend: strong_bearish | 🌍 Regime: ranging
  🗺️  Grid: 0.080% | 🔺 7812.00 🔻 7810.50
  📡 RSI: 41.3 | MACD: -1.12 | ATR: 2.23
  📊 Filled: 0 | Pending: 0
  🔲 Regime: RANGING | Range pos: 12% | RSI: 41.3
  💰 Daily P&L: $+0.00

[2026-08-14 10:05] O:7812.00 H:7813.00 L:7811.75 C:7812.75 V:1418.0
  📈 Trend: strong_bearish | 🌍 Regime: ranging
  🗺️  Grid: 0.080% | 🔺 7812.75 🔻 7810.50
  📡 RSI: 43.1 | MACD: -1.00 | ATR: 2.21
  📊 Filled: 0 | Pending: 0
  🔲 Regime: RANGING | Range pos: 15% | RSI: 43.1
  💰 Daily P&L: $+0.00

[2026-08-14 10:06] O:7812.50 H:7813.00 L:7811.00 C:7811.25 V:1657.0
  📈 Trend: strong_bearish | 🌍 Regime: trending_bearish
  🗺️  Grid: 0.080% | 🔺 7813.00 🔻 7811.75
  📡 RSI: 37.7 | MACD: -1.01 | ATR: 2.23
  📊 Filled: 0 | Pending: 0
  💰 Daily P&L: $+0.00

[2026-08-14 10:07] O:7811.25 H:7812.25 L:7810.25 C:7810.50 V:1279.0
  📈 Trend: strong_bearish | 🌍 Regime: trending_bearish
  🗺️  Grid: 0.080% | 🔺 7813.00 🔻 7811.00
  📡 RSI: 42.6 | MACD: -1.06 | ATR: 2.09
  📊 Filled: 0 | Pending: 0
  💰 Daily P&L: $+0.00

[2026-08-14 10:08] O:7810.75 H:7810.75 L:7808.50 C:7808.75 V:2140.0
  📈 Trend: strong_bearish | 🌍 Regime: trending_bearish
  🗺️  Grid: 0.080% | 🔺 7812.25 🔻 7810.25
  📡 RSI: 38.8 | MACD: -1.24 | ATR: 2.11
  📊 Filled: 0 | Pending: 0
  💰 Daily P&L: $+0.00

[2026-08-14 10:09] O:7808.75 H:7809.75 L:7808.00 C:7809.00 V:2383.0
  📈 Trend: strong_bearish | 🌍 Regime: trending_bearish
  🗺️  Grid: 0.080% | 🔺 7810.75 🔻 7808.50
  📡 RSI: 36.9 | MACD: -1.34 | ATR: 2.11
  📊 Filled: 0 | Pending: 0
  💰 Daily P&L: $+0.00

[2026-08-14 10:10] O:7809.00 H:7809.75 L:7808.25 C:7809.00 V:1519.0
  📈 Trend: strong_bearish | 🌍 Regime: trending_bearish
  🗺️  Grid: 0.080% | 🔺 7809.75 🔻 7808.00
  📡 RSI: 40.7 | MACD: -1.40 | ATR: 2.07
  📊 Filled: 0 | Pending: 0
  💰 Daily P&L: $+0.00

[2026-08-14 10:11] O:7808.75 H:7810.00 L:7808.50 C:7809.00 V:1638.0
  📈 Trend: strong_bearish | 🌍 Regime: trending_bearish
  🗺️  Grid: 0.080% | 🔺 7809.75 🔻 7808.25
  📡 RSI: 38.6 | MACD: -1.43 | ATR: 2.04
  📊 Filled: 0 | Pending: 0
  💰 Daily P&L: $+0.00

[2026-08-14 10:12] O:7809.00 H:7810.00 L:7808.25 C:7810.00 V:2101.0
  📈 Trend: strong_bearish | 🌍 Regime: trending_bearish
  🗺️  Grid: 0.080% | 🔺 7810.00 🔻 7808.50
  📡 RSI: 44.1 | MACD: -1.36 | ATR: 2.07
  📊 Filled: 0 | Pending: 0
  💰 Daily P&L: $+0.00

[2026-08-14 10:13] O:7810.25 H:7810.50 L:7808.50 C:7809.00 V:1228.0
  📈 Trend: strong_bearish | 🌍 Regime: trending_bearish
  🗺️  Grid: 0.080% | 🔺 7810.00 🔻 7808.25
  📡 RSI: 48.1 | MACD: -1.37 | ATR: 2.05
  📊 Filled: 0 | Pending: 0
  💰 Daily P&L: $+0.00

[2026-08-14 10:14] O:7808.75 H:7809.00 L:7806.50 C:7806.75 V:3274.0
  📈 Trend: strong_bearish | 🌍 Regime: trending_bearish
  🗺️  Grid: 0.080% | 🔺 7810.50 🔻 7808.50
  📡 RSI: 24.5 | MACD: -1.55 | ATR: 1.98
  📊 Filled: 0 | Pending: 0
  💰 Daily P&L: $+0.00

[2026-08-14 10:15] O:7806.75 H:7808.50 L:7806.75 C:7807.25 V:2476.0
  📈 Trend: strong_bearish | 🌍 Regime: trending_bearish
  🗺️  Grid: 0.080% | 🔺 7809.00 🔻 7806.50
  📡 RSI: 28.6 | MACD: -1.62 | ATR: 1.89
  📊 Filled: 0 | Pending: 0
  💰 Daily P&L: $+0.00

[2026-08-14 10:16] O:7807.25 H:7807.75 L:7806.50 C:7807.75 V:1221.0
  📈 Trend: strong_bearish | 🌍 Regime: trending_bearish
  🗺️  Grid: 0.080% | 🔺 7808.50 🔻 7806.75
  📡 RSI: 35.6 | MACD: -1.62 | ATR: 1.80
  📊 Filled: 0 | Pending: 0
  💰 Daily P&L: $+0.00

[2026-08-14 10:17] O:7807.75 H:7808.75 L:7807.25 C:7808.25 V:1927.0
  📈 Trend: strong_bearish | 🌍 Regime: trending_bearish
  🗺️  Grid: 0.080% | 🔺 7807.75 🔻 7806.50
  📡 RSI: 35.6 | MACD: -1.57 | ATR: 1.80
  📊 Filled: 0 | Pending: 0
  💰 Daily P&L: $+0.00

[2026-08-14 10:18] O:7808.25 H:7809.50 L:7808.00 C:7809.00 V:1561.0
  📈 Trend: strong_bearish | 🌍 Regime: trending_bearish
  🗺️  Grid: 0.080% | 🔺 7808.75 🔻 7807.25
  📡 RSI: 37.0 | MACD: -1.45 | ATR: 1.75
  📊 Filled: 0 | Pending: 0
  💰 Daily P&L: $+0.00

[2026-08-14 10:19] O:7809.00 H:7809.00 L:7807.25 C:7808.25 V:1761.0
  📈 Trend: strong_bearish | 🌍 Regime: trending_bearish
  🗺️  Grid: 0.080% | 🔺 7809.50 🔻 7808.00
  📡 RSI: 30.4 | MACD: -1.39 | ATR: 1.79
  📊 Filled: 0 | Pending: 0
  💰 Daily P&L: $+0.00

[2026-08-14 10:20] O:7808.25 H:7808.75 L:7807.50 C:7807.75 V:908.0
  📈 Trend: strong_bearish | 🌍 Regime: trending_bearish
  🗺️  Grid: 0.080% | 🔺 7809.00 🔻 7807.25
  📡 RSI: 33.3 | MACD: -1.38 | ATR: 1.73
  📊 Filled: 0 | Pending: 0
  💰 Daily P&L: $+0.00

[2026-08-14 10:21] O:7807.75 H:7808.00 L:7805.25 C:7805.25 V:2924.0
  📈 Trend: strong_bearish | 🌍 Regime: trending_bearish
  🗺️  Grid: 0.080% | 🔺 7808.75 🔻 7807.50
  📡 RSI: 28.6 | MACD: -1.55 | ATR: 1.79
  📊 Filled: 0 | Pending: 0
  💰 Daily P&L: $+0.00

[2026-08-14 10:22] O:7805.25 H:7806.00 L:7803.75 C:7804.00 V:2851.0
  📈 Trend: strong_bearish | 🌍 Regime: trending_bearish
  🗺️  Grid: 0.080% | 🔺 7808.00 🔻 7805.25
  📡 RSI: 29.8 | MACD: -1.76 | ATR: 1.79
  📊 Filled: 0 | Pending: 0
  💰 Daily P&L: $+0.00

[2026-08-14 10:23] O:7803.75 H:7805.00 L:7803.75 C:7804.50 V:2072.0
  📈 Trend: strong_bearish | 🌍 Regime: trending_bearish
  🗺️  Grid: 0.080% | 🔺 7806.00 🔻 7803.75
  📡 RSI: 31.2 | MACD: -1.87 | ATR: 1.75
  📊 Filled: 0 | Pending: 0
  💰 Daily P&L: $+0.00

[2026-08-14 10:24] O:7804.50 H:7804.50 L:7802.25 C:7802.50 V:3824.0
  📈 Trend: strong_bearish | 🌍 Regime: trending_bearish
  🗺️  Grid: 0.080% | 🔺 7805.00 🔻 7803.75
  📡 RSI: 26.8 | MACD: -2.09 | ATR: 1.80
  📊 Filled: 0 | Pending: 0
  💰 Daily P&L: $+0.00

[2026-08-14 10:25] O:7802.50 H:7803.75 L:7802.25 C:7802.75 V:2853.0
  📈 Trend: strong_bearish | 🌍 Regime: trending_bearish
  🗺️  Grid: 0.080% | 🔺 7804.50 🔻 7802.25
  📡 RSI: 28.1 | MACD: -2.23 | ATR: 1.80
  📊 Filled: 0 | Pending: 0
  💰 Daily P&L: $+0.00

[2026-08-14 10:26] O:7802.50 H:7803.00 L:7801.00 C:7802.75 V:3984.0
  📈 Trend: strong_bearish | 🌍 Regime: trending_bearish
  🗺️  Grid: 0.080% | 🔺 7803.75 🔻 7802.25
  📡 RSI: 22.6 | MACD: -2.30 | ATR: 1.82
  📊 Filled: 0 | Pending: 0
  💰 Daily P&L: $+0.00

[2026-08-14 10:27] O:7802.75 H:7803.75 L:7802.25 C:7803.00 V:2270.0
  📈 Trend: strong_bearish | 🌍 Regime: trending_bearish
  🗺️  Grid: 0.080% | 🔺 7803.00 🔻 7801.00
  📡 RSI: 26.0 | MACD: -2.32 | ATR: 1.79
  📊 Filled: 0 | Pending: 0
  💰 Daily P&L: $+0.00

[2026-08-14 10:28] O:7803.00 H:7804.00 L:7802.25 C:7802.50 V:2606.0
  📈 Trend: strong_bearish | 🌍 Regime: trending_bearish
  🗺️  Grid: 0.080% | 🔺 7803.75 🔻 7802.25
  📡 RSI: 30.2 | MACD: -2.34 | ATR: 1.73
  📊 Filled: 0 | Pending: 0
  💰 Daily P&L: $+0.00

[2026-08-14 10:29] O:7802.75 H:7805.25 L:7802.50 C:7805.00 V:2817.0
  📈 Trend: strong_bearish | 🌍 Regime: trending_bearish
  🗺️  Grid: 0.080% | 🔺 7804.00 🔻 7802.25
  📡 RSI: 41.2 | MACD: -2.14 | ATR: 1.80
  📊 Filled: 0 | Pending: 0
  💰 Daily P&L: $+0.00

[2026-08-14 10:30] O:7805.00 H:7806.50 L:7803.75 C:7804.25 V:3279.0
  📈 Trend: strong_bearish | 🌍 Regime: trending_bearish
  🗺️  Grid: 0.080% | 🔺 7805.25 🔻 7802.50
  📡 RSI: 36.5 | MACD: -2.01 | ATR: 1.91
  📊 Filled: 0 | Pending: 0
  💰 Daily P&L: $+0.00

[2026-08-14 10:31] O:7804.50 H:7804.75 L:7802.25 C:7802.75 V:2435.0
  📈 Trend: strong_bearish | 🌍 Regime: trending_bearish
  🗺️  Grid: 0.080% | 🔺 7806.50 🔻 7803.75
  📡 RSI: 30.4 | MACD: -2.01 | ATR: 1.98
  📊 Filled: 0 | Pending: 0
  💰 Daily P&L: $+0.00

[2026-08-14 10:32] O:7802.75 H:7804.50 L:7802.25 C:7803.75 V:2069.0
  📈 Trend: strong_bearish | 🌍 Regime: trending_bearish
  🗺️  Grid: 0.080% | 🔺 7804.75 🔻 7802.25
  📡 RSI: 31.6 | MACD: -1.90 | ATR: 2.04
  📊 Filled: 0 | Pending: 0
  💰 Daily P&L: $+0.00

[2026-08-14 10:33] O:7803.50 H:7804.75 L:7802.75 C:7803.25 V:1312.0
  📈 Trend: strong_bearish | 🌍 Regime: trending_bearish
  🗺️  Grid: 0.080% | 🔺 7804.50 🔻 7802.25
  📡 RSI: 32.1 | MACD: -1.84 | ATR: 2.05
  📊 Filled: 0 | Pending: 0
  💰 Daily P&L: $+0.00

[2026-08-14 10:34] O:7803.25 H:7804.25 L:7803.25 C:7804.25 V:1542.0
  📈 Trend: strong_bearish | 🌍 Regime: trending_bearish
  🗺️  Grid: 0.080% | 🔺 7804.75 🔻 7802.75
  📡 RSI: 37.9 | MACD: -1.69 | ATR: 2.04
  📊 Filled: 0 | Pending: 0
  💰 Daily P&L: $+0.00

[2026-08-14 10:35] O:7804.25 H:7805.50 L:7804.00 C:7805.25 V:1976.0
  📈 Trend: strong_bearish | 🌍 Regime: trending_bearish
  🗺️  Grid: 0.080% | 🔺 7804.25 🔻 7803.25
  📡 RSI: 50.0 | MACD: -1.47 | ATR: 1.95
  📊 Filled: 0 | Pending: 0
  💰 Daily P&L: $+0.00

[2026-08-14 10:36] O:7805.50 H:7807.00 L:7804.50 C:7804.50 V:3130.0
  📈 Trend: strong_bearish | 🌍 Regime: trending_bearish
  🗺️  Grid: 0.080% | 🔺 7805.50 🔻 7804.00
  📡 RSI: 52.0 | MACD: -1.34 | ATR: 1.96
  📊 Filled: 0 | Pending: 0
  💰 Daily P&L: $+0.00

[2026-08-14 10:37] O:7804.50 H:7804.50 L:7802.75 C:7803.50 V:1657.0
  📈 Trend: strong_bearish | 🌍 Regime: trending_bearish
  🗺️  Grid: 0.080% | 🔺 7807.00 🔻 7804.50
  📡 RSI: 46.2 | MACD: -1.31 | ATR: 2.00
  📊 Filled: 0 | Pending: 0
  💰 Daily P&L: $+0.00

[2026-08-14 10:38] O:7803.50 H:7805.25 L:7803.00 C:7805.00 V:1820.0
  📈 Trend: strong_bearish | 🌍 Regime: trending_bearish
  🗺️  Grid: 0.080% | 🔺 7804.50 🔻 7802.75
  📡 RSI: 60.0 | MACD: -1.15 | ATR: 2.00
  📊 Filled: 0 | Pending: 0
  💰 Daily P&L: $+0.00

[2026-08-14 10:39] O:7805.00 H:7805.75 L:7802.75 C:7803.25 V:2749.0
  📈 Trend: strong_bearish | 🌍 Regime: trending_bearish
  🗺️  Grid: 0.080% | 🔺 7805.25 🔻 7803.00
  📡 RSI: 51.8 | MACD: -1.15 | ATR: 2.11
  📊 Filled: 0 | Pending: 0
  💰 Daily P&L: $+0.00

[2026-08-14 10:40] O:7803.25 H:7803.50 L:7801.50 C:7801.75 V:1959.0
  📈 Trend: strong_bearish | 🌍 Regime: trending_bearish
  🗺️  Grid: 0.080% | 🔺 7805.75 🔻 7802.75
  📡 RSI: 46.8 | MACD: -1.25 | ATR: 2.11
  📊 Filled: 0 | Pending: 0
  💰 Daily P&L: $+0.00

[2026-08-14 10:41] O:7801.75 H:7802.25 L:7800.75 C:7801.25 V:2371.0
  📈 Trend: strong_bearish | 🌍 Regime: trending_bearish
  🗺️  Grid: 0.080% | 🔺 7803.50 🔻 7801.50
  📡 RSI: 44.4 | MACD: -1.36 | ATR: 2.11
  📊 Filled: 0 | Pending: 0
  💰 Daily P&L: $+0.00

[2026-08-14 10:42] O:7801.25 H:7802.00 L:7800.50 C:7801.00 V:2144.0
  📈 Trend: strong_bearish | 🌍 Regime: trending_bearish
  🗺️  Grid: 0.080% | 🔺 7802.25 🔻 7800.75
  📡 RSI: 45.2 | MACD: -1.45 | ATR: 2.09
  📊 Filled: 0 | Pending: 0
  💰 Daily P&L: $+0.00

[2026-08-14 10:43] O:7801.25 H:7801.75 L:7800.75 C:7801.00 V:1690.0
  📈 Trend: strong_bearish | 🌍 Regime: trending_bearish
  🗺️  Grid: 0.080% | 🔺 7802.00 🔻 7800.50
  📡 RSI: 34.6 | MACD: -1.51 | ATR: 1.96
  📊 Filled: 0 | Pending: 0
  💰 Daily P&L: $+0.00

[2026-08-14 10:44] O:7801.00 H:7803.25 L:7801.00 C:7802.50 V:1865.0
  📈 Trend: strong_bearish | 🌍 Regime: trending_bearish
  🗺️  Grid: 0.080% | 🔺 7801.75 🔻 7800.75
  📡 RSI: 43.6 | MACD: -1.41 | ATR: 1.93
  📊 Filled: 0 | Pending: 0
  💰 Daily P&L: $+0.00

[2026-08-14 10:45] O:7802.50 H:7805.25 L:7802.50 C:7805.00 V:2070.0
  📈 Trend: strong_bearish (raw: moderate_bearish) | 🌍 Regime: trending_bearish
  🗺️  Grid: 0.080% | 🔺 7803.25 🔻 7801.00
  📡 RSI: 57.6 | MACD: -1.12 | ATR: 1.95
  📊 Filled: 0 | Pending: 0
  💰 Daily P&L: $+0.00

[2026-08-14 10:46] O:7805.25 H:7805.75 L:7804.75 C:7805.50 V:1725.0
  📈 Trend: moderate_bearish | 🌍 Regime: trending_bearish
  🗺️  Grid: 0.080% | 🔺 7805.25 🔻 7802.50
  📡 RSI: 56.1 | MACD: -0.84 | ATR: 1.86
  📊 Filled: 0 | Pending: 0
  💰 Daily P&L: $+0.00

[2026-08-14 10:47] O:7805.50 H:7805.50 L:7802.75 C:7802.75 V:1466.0
  📈 Trend: moderate_bearish | 🌍 Regime: trending_bearish
  🗺️  Grid: 0.080% | 🔺 7805.75 🔻 7804.75
  📡 RSI: 48.5 | MACD: -0.83 | ATR: 1.91
  📊 Filled: 0 | Pending: 0
  💰 Daily P&L: $+0.00

[2026-08-14 10:48] O:7802.75 H:7803.75 L:7800.50 C:7801.00 V:2379.0
  📈 Trend: moderate_bearish (raw: strong_bearish) | 🌍 Regime: trending_bearish
  🗺️  Grid: 0.080% | 🔺 7805.50 🔻 7802.75
  📡 RSI: 40.6 | MACD: -0.96 | ATR: 2.07
  📊 Filled: 0 | Pending: 0
  💰 Daily P&L: $+0.00

[2026-08-14 10:49] O:7801.00 H:7801.50 L:7800.50 C:7801.00 V:1534.0
  📈 Trend: strong_bearish | 🌍 Regime: trending_bearish
  🗺️  Grid: 0.080% | 🔺 7803.75 🔻 7800.50
  📡 RSI: 36.9 | MACD: -1.04 | ATR: 2.04
  📊 Filled: 0 | Pending: 0
  💰 Daily P&L: $+0.00

[2026-08-14 10:50] O:7801.00 H:7801.75 L:7800.25 C:7801.50 V:1846.0
  📈 Trend: strong_bearish | 🌍 Regime: trending_bearish
  🗺️  Grid: 0.080% | 🔺 7801.50 🔻 7800.50
  📡 RSI: 40.6 | MACD: -1.06 | ATR: 1.96
  📊 Filled: 0 | Pending: 0
  💰 Daily P&L: $+0.00

[2026-08-14 10:51] O:7801.50 H:7802.00 L:7800.00 C:7801.75 V:1943.0
  📈 Trend: strong_bearish | 🌍 Regime: trending_bearish
  🗺️  Grid: 0.080% | 🔺 7801.75 🔻 7800.25
  📡 RSI: 44.3 | MACD: -1.04 | ATR: 1.98
  📊 Filled: 0 | Pending: 0
  💰 Daily P&L: $+0.00

[2026-08-14 10:52] O:7801.75 H:7803.75 L:7801.50 C:7803.50 V:2142.0
  📈 Trend: strong_bearish (raw: moderate_bearish) | 🌍 Regime: trending_bearish
  🗺️  Grid: 0.080% | 🔺 7802.00 🔻 7800.00
  📡 RSI: 45.2 | MACD: -0.87 | ATR: 1.98
  📊 Filled: 0 | Pending: 0
  💰 Daily P&L: $+0.00

[2026-08-14 10:53] O:7803.50 H:7803.75 L:7802.25 C:7803.50 V:1247.0
  📈 Trend: strong_bearish | 🌍 Regime: ranging
  🗺️  Grid: 0.080% | 🔺 7803.75 🔻 7801.50
  📡 RSI: 50.9 | MACD: -0.73 | ATR: 1.88
  📊 Filled: 0 | Pending: 0
  🔲 Regime: RANGING | Range pos: 11% | RSI: 50.9
  💰 Daily P&L: $+0.00

[2026-08-14 10:54] O:7803.50 H:7804.25 L:7803.25 C:7803.25 V:1554.0
  📈 Trend: strong_bearish | 🌍 Regime: ranging
  🗺️  Grid: 0.080% | 🔺 7803.75 🔻 7802.25
  📡 RSI: 56.0 | MACD: -0.63 | ATR: 1.80
  📊 Filled: 0 | Pending: 0
  🔲 Regime: RANGING | Range pos: 11% | RSI: 56.0
  💰 Daily P&L: $+0.00

[2026-08-14 10:55] O:7803.50 H:7804.50 L:7803.25 C:7803.50 V:1380.0
  📈 Trend: strong_bearish | 🌍 Regime: ranging
  🗺️  Grid: 0.080% | 🔺 7804.25 🔻 7803.25
  📡 RSI: 59.2 | MACD: -0.52 | ATR: 1.79
  📊 Filled: 0 | Pending: 0
  🔲 Regime: RANGING | Range pos: 11% | RSI: 59.2
  💰 Daily P&L: $+0.00

[2026-08-14 10:56] O:7803.75 H:7804.00 L:7802.50 C:7803.25 V:1424.0
  📈 Trend: strong_bearish | 🌍 Regime: ranging
  🗺️  Grid: 0.080% | 🔺 7804.50 🔻 7803.25
  📡 RSI: 59.2 | MACD: -0.46 | ATR: 1.79
  📊 Filled: 0 | Pending: 0
  🔲 Regime: RANGING | Range pos: 11% | RSI: 59.2
  💰 Daily P&L: $+0.00

[2026-08-14 10:57] O:7803.25 H:7804.50 L:7802.25 C:7804.50 V:1228.0
  📈 Trend: strong_bearish | 🌍 Regime: ranging
  🗺️  Grid: 0.080% | 🔺 7804.00 🔻 7802.50
  📡 RSI: 63.0 | MACD: -0.30 | ATR: 1.88
  📊 Filled: 0 | Pending: 0
  🔲 Regime: RANGING | Range pos: 15% | RSI: 63.0
  💰 Daily P&L: $+0.00

[2026-08-14 10:58] O:7804.50 H:7805.75 L:7804.00 C:7804.00 V:1928.0
  📈 Trend: strong_bearish (raw: moderate_bearish) | 🌍 Regime: ranging
  🗺️  Grid: 0.080% | 🔺 7804.50 🔻 7802.25
  📡 RSI: 56.0 | MACD: -0.21 | ATR: 1.84
  📊 Filled: 0 | Pending: 0
  🔲 Regime: RANGING | Range pos: 13% | RSI: 56.0
  💰 Daily P&L: $+0.00

[2026-08-14 10:59] O:7804.00 H:7804.75 L:7804.00 C:7804.25 V:991.0
  📈 Trend: moderate_bearish | 🌍 Regime: ranging
  🗺️  Grid: 0.080% | 🔺 7805.75 🔻 7804.00
  📡 RSI: 46.3 | MACD: -0.12 | ATR: 1.70
  📊 Filled: 0 | Pending: 0
  🔲 Regime: RANGING | Range pos: 14% | RSI: 46.3
  💰 Daily P&L: $+0.00

[2026-08-14 11:00] O:7804.50 H:7807.50 L:7804.50 C:7807.50 V:1911.0
  📈 Trend: moderate_bearish (raw: moderate_bullish) | 🌍 Regime: ranging
  🗺️  Grid: 0.080% | 🔺 7804.75 🔻 7804.00
  📡 RSI: 57.7 | MACD: 0.21 | ATR: 1.86
  📊 Filled: 0 | Pending: 0
  🔲 Regime: RANGING | Range pos: 24% | RSI: 57.7
  💰 Daily P&L: $+0.00

[2026-08-14 11:01] O:7807.50 H:7807.75 L:7806.25 C:7806.50 V:1771.0
  📈 Trend: moderate_bullish | 🌍 Regime: ranging
  🗺️  Grid: 0.080% | 🔺 7807.50 🔻 7804.50
  📡 RSI: 66.7 | MACD: 0.39 | ATR: 1.77
  📊 Filled: 0 | Pending: 0
  🔲 Regime: RANGING | Range pos: 21% | RSI: 66.7
  💰 Daily P&L: $+0.00

[2026-08-14 11:02] O:7806.50 H:7806.75 L:7805.25 C:7805.50 V:962.0
  📈 Trend: moderate_bullish | 🌍 Regime: ranging
  🗺️  Grid: 0.080% | 🔺 7807.75 🔻 7806.25
  📡 RSI: 71.4 | MACD: 0.44 | ATR: 1.64
  📊 Filled: 0 | Pending: 0
  🔲 Regime: RANGING | Range pos: 18% | RSI: 71.4
  💰 Daily P&L: $+0.00

[2026-08-14 11:03] O:7805.50 H:7807.25 L:7804.75 C:7807.00 V:2168.0
  📈 Trend: moderate_bullish | 🌍 Regime: ranging
  🗺️  Grid: 0.080% | 🔺 7806.75 🔻 7805.25
  📡 RSI: 75.0 | MACD: 0.60 | ATR: 1.75
  📊 Filled: 0 | Pending: 0
  🔲 Regime: RANGING | Range pos: 23% | RSI: 75.0
  💰 Daily P&L: $+0.00

[2026-08-14 11:04] O:7807.25 H:7808.00 L:7806.25 C:7806.50 V:2072.0
  📈 Trend: moderate_bullish | 🌍 Regime: ranging
  🗺️  Grid: 0.080% | 🔺 7807.25 🔻 7804.75
  📡 RSI: 70.8 | MACD: 0.68 | ATR: 1.77
  📊 Filled: 0 | Pending: 0
  🔲 Regime: RANGING | Range pos: 21% | RSI: 70.8
  💰 Daily P&L: $+0.00

[2026-08-14 11:05] O:7806.50 H:7807.25 L:7805.75 C:7806.75 V:1132.0
  📈 Trend: moderate_bullish | 🌍 Regime: ranging
  🗺️  Grid: 0.080% | 🔺 7808.00 🔻 7806.25
  📡 RSI: 70.8 | MACD: 0.75 | ATR: 1.73
  📊 Filled: 0 | Pending: 0
  🔲 Regime: RANGING | Range pos: 22% | RSI: 70.8
  💰 Daily P&L: $+0.00

[2026-08-14 11:06] O:7806.50 H:7806.50 L:7805.25 C:7806.00 V:1146.0
  📈 Trend: moderate_bullish (raw: strong_bullish) | 🌍 Regime: ranging
  🗺️  Grid: 0.080% | 🔺 7807.25 🔻 7805.75
  📡 RSI: 61.4 | MACD: 0.74 | ATR: 1.68
  📊 Filled: 0 | Pending: 0
  🔲 Regime: RANGING | Range pos: 20% | RSI: 61.4
  💰 Daily P&L: $+0.00

[2026-08-14 11:07] O:7806.00 H:7807.25 L:7805.75 C:7806.00 V:1040.0
  📈 Trend: strong_bullish | 🌍 Regime: ranging
  🗺️  Grid: 0.080% | 🔺 7806.50 🔻 7805.25
  📡 RSI: 61.4 | MACD: 0.72 | ATR: 1.68
  📊 Filled: 0 | Pending: 0
  🔲 Regime: RANGING | Range pos: 20% | RSI: 61.4
  💰 Daily P&L: $+0.00

[2026-08-14 11:08] O:7806.00 H:7806.50 L:7805.00 C:7805.00 V:790.0
  📈 Trend: strong_bullish | 🌍 Regime: ranging
  🗺️  Grid: 0.080% | 🔺 7807.25 🔻 7805.75
  📡 RSI: 57.4 | MACD: 0.62 | ATR: 1.71
  📊 Filled: 0 | Pending: 0
  🔲 Regime: RANGING | Range pos: 16% | RSI: 57.4
  💰 Daily P&L: $+0.00

[2026-08-14 11:09] O:7805.00 H:7805.50 L:7803.00 C:7804.25 V:1930.0
  📈 Trend: strong_bullish (raw: moderate_bullish) | 🌍 Regime: ranging
  🗺️  Grid: 0.080% | 🔺 7806.50 🔻 7805.00
  📡 RSI: 53.1 | MACD: 0.47 | ATR: 1.80
  📊 Filled: 0 | Pending: 0
  🔲 Regime: RANGING | Range pos: 14% | RSI: 53.1
  💰 Daily P&L: $+0.00

[2026-08-14 11:10] O:7804.25 H:7805.50 L:7803.75 C:7805.25 V:1518.0
  📈 Trend: moderate_bullish | 🌍 Regime: ranging
  🗺️  Grid: 0.080% | 🔺 7805.50 🔻 7803.00
  📡 RSI: 57.7 | MACD: 0.43 | ATR: 1.82
  📊 Filled: 0 | Pending: 0
  🔲 Regime: RANGING | Range pos: 17% | RSI: 57.7
  💰 Daily P&L: $+0.00

[2026-08-14 11:11] O:7805.25 H:7805.25 L:7803.75 C:7805.00 V:1394.0
  📈 Trend: moderate_bullish | 🌍 Regime: ranging
  🗺️  Grid: 0.080% | 🔺 7805.50 🔻 7803.75
  📡 RSI: 52.1 | MACD: 0.38 | ATR: 1.77
  📊 Filled: 0 | Pending: 0
  🔲 Regime: RANGING | Range pos: 16% | RSI: 52.1
  💰 Daily P&L: $+0.00

[2026-08-14 11:12] O:7804.75 H:7806.25 L:7804.25 C:7806.25 V:1036.0
  📈 Trend: moderate_bullish | 🌍 Regime: ranging
  🗺️  Grid: 0.080% | 🔺 7805.25 🔻 7803.75
  📡 RSI: 58.8 | MACD: 0.43 | ATR: 1.79
  📊 Filled: 0 | Pending: 0
  🔲 Regime: RANGING | Range pos: 20% | RSI: 58.8
  💰 Daily P&L: $+0.00

[2026-08-14 11:13] O:7806.25 H:7806.75 L:7805.00 C:7806.50 V:1436.0
  📈 Trend: moderate_bullish (raw: strong_bullish) | 🌍 Regime: ranging
  🗺️  Grid: 0.080% | 🔺 7806.25 🔻 7804.25
  📡 RSI: 58.8 | MACD: 0.48 | ATR: 1.86
  📊 Filled: 0 | Pending: 0
  🔲 Regime: RANGING | Range pos: 21% | RSI: 58.8
  💰 Daily P&L: $+0.00

[2026-08-14 11:14] O:7806.50 H:7807.50 L:7806.25 C:7807.50 V:1197.0
  📈 Trend: strong_bullish | 🌍 Regime: ranging
  🗺️  Grid: 0.080% | 🔺 7806.75 🔻 7805.00
  📡 RSI: 50.0 | MACD: 0.60 | ATR: 1.71
  📊 Filled: 0 | Pending: 0
  🔲 Regime: RANGING | Range pos: 24% | RSI: 50.0
  💰 Daily P&L: $+0.00

[2026-08-14 11:15] O:7807.50 H:7808.75 L:7807.25 C:7807.75 V:1961.0
  📈 Trend: strong_bullish | 🌍 Regime: ranging
  🗺️  Grid: 0.080% | 🔺 7807.50 🔻 7806.25
  📡 RSI: 56.4 | MACD: 0.71 | ATR: 1.71
  📊 Filled: 0 | Pending: 0
  🔲 Regime: RANGING | Range pos: 25% | RSI: 56.4
  💰 Daily P&L: $+0.00

[2026-08-14 11:16] O:7808.00 H:7808.50 L:7807.50 C:7808.50 V:1194.0
  📈 Trend: strong_bullish | 🌍 Regime: ranging
  🗺️  Grid: 0.080% | 🔺 7808.75 🔻 7807.25
  📡 RSI: 65.8 | MACD: 0.84 | ATR: 1.68
  📊 Filled: 0 | Pending: 0
  🔲 Regime: RANGING | Range pos: 28% | RSI: 65.8
  💰 Daily P&L: $+0.00

[2026-08-14 11:17] O:7808.50 H:7809.25 L:7807.25 C:7809.00 V:1225.0
  📈 Trend: strong_bullish | 🌍 Regime: ranging
  🗺️  Grid: 0.080% | 🔺 7808.50 🔻 7807.50
  📡 RSI: 61.8 | MACD: 0.97 | ATR: 1.64
  📊 Filled: 0 | Pending: 0
  🔲 Regime: RANGING | Range pos: 29% | RSI: 61.8
  💰 Daily P&L: $+0.00

[2026-08-14 11:18] O:7809.25 H:7809.50 L:7808.50 C:7808.75 V:1461.0
  📈 Trend: strong_bullish | 🌍 Regime: ranging
  🗺️  Grid: 0.080% | 🔺 7809.25 🔻 7807.25
  📡 RSI: 63.6 | MACD: 1.05 | ATR: 1.59
  📊 Filled: 0 | Pending: 0
  🔲 Regime: RANGING | Range pos: 28% | RSI: 63.6
  💰 Daily P&L: $+0.00

[2026-08-14 11:19] O:7809.00 H:7809.50 L:7807.25 C:7807.75 V:1414.0
  📈 Trend: strong_bullish | 🌍 Regime: ranging
  🗺️  Grid: 0.080% | 🔺 7809.50 🔻 7808.50
  📡 RSI: 55.6 | MACD: 1.02 | ATR: 1.64
  📊 Filled: 0 | Pending: 0
  🔲 Regime: RANGING | Range pos: 25% | RSI: 55.6
  💰 Daily P&L: $+0.00

[2026-08-14 11:20] O:7808.00 H:7808.00 L:7806.50 C:7807.25 V:1069.0
  📈 Trend: strong_bullish | 🌍 Regime: trending_bullish
  🗺️  Grid: 0.080% | 🔺 7809.50 🔻 7807.25
  📡 RSI: 57.1 | MACD: 0.94 | ATR: 1.64
  📊 Filled: 0 | Pending: 0
  💰 Daily P&L: $+0.00

[2026-08-14 11:21] O:7807.25 H:7809.25 L:7807.25 C:7808.75 V:884.0
  📈 Trend: strong_bullish | 🌍 Regime: trending_bullish
  🗺️  Grid: 0.080% | 🔺 7808.00 🔻 7806.50
  📡 RSI: 63.4 | MACD: 0.99 | ATR: 1.68
  📊 Filled: 0 | Pending: 0
  💰 Daily P&L: $+0.00

[2026-08-14 11:22] O:7808.75 H:7808.75 L:7807.75 C:7807.75 V:635.0
  📈 Trend: strong_bullish | 🌍 Regime: trending_bullish
  🗺️  Grid: 0.080% | 🔺 7809.25 🔻 7807.25
  📡 RSI: 63.4 | MACD: 0.93 | ATR: 1.64
  📊 Filled: 0 | Pending: 0
  💰 Daily P&L: $+0.00

[2026-08-14 11:23] O:7807.75 H:7808.25 L:7807.25 C:7807.50 V:812.0
  📈 Trend: strong_bullish (raw: moderate_bullish) | 🌍 Regime: ranging
  🗺️  Grid: 0.080% | 🔺 7808.75 🔻 7807.75
  📡 RSI: 66.7 | MACD: 0.86 | ATR: 1.54
  📊 Filled: 0 | Pending: 0
  🔲 Regime: RANGING | Range pos: 24% | RSI: 66.7
  💰 Daily P&L: $+0.00

[2026-08-14 11:24] O:7807.75 H:7808.75 L:7807.50 C:7808.50 V:527.0
  📈 Trend: strong_bullish | 🌍 Regime: ranging
  🗺️  Grid: 0.080% | 🔺 7808.25 🔻 7807.25
  📡 RSI: 66.7 | MACD: 0.88 | ATR: 1.50
  📊 Filled: 0 | Pending: 0
  🔲 Regime: RANGING | Range pos: 28% | RSI: 66.7
  💰 Daily P&L: $+0.00

[2026-08-14 11:25] O:7808.75 H:7808.75 L:7808.25 C:7808.75 V:488.0
  📈 Trend: strong_bullish | 🌍 Regime: ranging
  🗺️  Grid: 0.080% | 🔺 7808.75 🔻 7807.50
  📡 RSI: 69.2 | MACD: 0.90 | ATR: 1.43
  📊 Filled: 0 | Pending: 0
  🔲 Regime: RANGING | Range pos: 28% | RSI: 69.2
  💰 Daily P&L: $+0.00

[2026-08-14 11:26] O:7809.00 H:7810.25 L:7808.75 C:7809.25 V:1324.0
  📈 Trend: strong_bullish | 🌍 Regime: ranging
  🗺️  Grid: 0.080% | 🔺 7808.75 🔻 7808.25
  📡 RSI: 66.7 | MACD: 0.94 | ATR: 1.39
  📊 Filled: 0 | Pending: 0
  🔲 Regime: RANGING | Range pos: 30% | RSI: 66.7
  💰 Daily P&L: $+0.00

[2026-08-14 11:27] O:7809.50 H:7809.75 L:7808.50 C:7809.00 V:788.0
  📈 Trend: strong_bullish | 🌍 Regime: ranging
  🗺️  Grid: 0.080% | 🔺 7810.25 🔻 7808.75
  📡 RSI: 63.9 | MACD: 0.95 | ATR: 1.36
  📊 Filled: 0 | Pending: 0
  🔲 Regime: RANGING | Range pos: 29% | RSI: 63.9
  💰 Daily P&L: $+0.00

[2026-08-14 11:28] O:7809.00 H:7809.25 L:7808.00 C:7808.50 V:908.0
  📈 Trend: strong_bullish (raw: moderate_bullish) | 🌍 Regime: ranging
  🗺️  Grid: 0.080% | 🔺 7809.75 🔻 7808.50
  📡 RSI: 55.9 | MACD: 0.90 | ATR: 1.36
  📊 Filled: 0 | Pending: 0
  🔲 Regime: RANGING | Range pos: 28% | RSI: 55.9
  💰 Daily P&L: $+0.00

[2026-08-14 11:29] O:7808.50 H:7809.75 L:7808.50 C:7808.75 V:729.0
  📈 Trend: moderate_bullish | 🌍 Regime: ranging
  🗺️  Grid: 0.080% | 🔺 7809.25 🔻 7808.00
  📡 RSI: 55.9 | MACD: 0.87 | ATR: 1.34
  📊 Filled: 0 | Pending: 0
  🔲 Regime: RANGING | Range pos: 28% | RSI: 55.9
  💰 Daily P&L: $+0.00

[2026-08-14 11:30] O:7808.75 H:7809.50 L:7808.00 C:7809.00 V:1914.0
  📈 Trend: moderate_bullish | 🌍 Regime: ranging
  🗺️  Grid: 0.080% | 🔺 7809.75 🔻 7808.50
  📡 RSI: 53.1 | MACD: 0.86 | ATR: 1.38
  📊 Filled: 0 | Pending: 0
  🔲 Regime: RANGING | Range pos: 29% | RSI: 53.1
  💰 Daily P&L: $+0.00

[2026-08-14 11:31] O:7809.00 H:7809.00 L:7806.75 C:7806.75 V:1774.0
  📈 Trend: moderate_bullish | 🌍 Regime: ranging
  🗺️  Grid: 0.080% | 🔺 7809.50 🔻 7808.00
  📡 RSI: 38.5 | MACD: 0.66 | ATR: 1.39
  📊 Filled: 0 | Pending: 0
  🔲 Regime: RANGING | Range pos: 22% | RSI: 38.5
  💰 Daily P&L: $+0.00

[2026-08-14 11:32] O:7806.75 H:7807.00 L:7805.50 C:7805.50 V:1602.0
  📈 Trend: moderate_bullish (raw: moderate_bearish) | 🌍 Regime: ranging
  🗺️  Grid: 0.080% | 🔺 7809.00 🔻 7806.75
  📡 RSI: 34.9 | MACD: 0.40 | ATR: 1.43
  📊 Filled: 0 | Pending: 0
  🔲 Regime: RANGING | Range pos: 18% | RSI: 34.9
  🚫 Raw trend blocks RANGING LONG | raw: moderate_bearish
  💰 Daily P&L: $+0.00

[2026-08-14 11:33] O:7805.75 H:7806.00 L:7805.00 C:7805.75 V:1676.0
  📈 Trend: moderate_bearish | 🌍 Regime: ranging
  🗺️  Grid: 0.080% | 🔺 7807.00 🔻 7805.50
  📡 RSI: 40.0 | MACD: 0.21 | ATR: 1.34
  📊 Filled: 0 | Pending: 0
  🔲 Regime: RANGING | Range pos: 19% | RSI: 40.0
  💰 Daily P&L: $+0.00

[2026-08-14 11:34] O:7806.00 H:7806.25 L:7805.00 C:7805.75 V:1002.0
  📈 Trend: moderate_bearish | 🌍 Regime: ranging
  🗺️  Grid: 0.080% | 🔺 7806.00 🔻 7805.00
  📡 RSI: 42.1 | MACD: 0.06 | ATR: 1.32
  📊 Filled: 0 | Pending: 0
  🔲 Regime: RANGING | Range pos: 19% | RSI: 42.1
  💰 Daily P&L: $+0.00

[2026-08-14 11:35] O:7805.75 H:7806.75 L:7805.25 C:7806.25 V:864.0
  📈 Trend: moderate_bearish (raw: strong_bearish) | 🌍 Regime: ranging
  🗺️  Grid: 0.080% | 🔺 7806.25 🔻 7805.00
  📡 RSI: 35.3 | MACD: -0.02 | ATR: 1.29
  📊 Filled: 0 | Pending: 0
  🔲 Regime: RANGING | Range pos: 20% | RSI: 35.3
  💰 Daily P&L: $+0.00

[2026-08-14 11:36] O:7806.25 H:7807.75 L:7805.75 C:7807.50 V:973.0
  📈 Trend: moderate_bearish | 🌍 Regime: ranging
  🗺️  Grid: 0.080% | 🔺 7806.75 🔻 7805.25
  📡 RSI: 48.6 | MACD: 0.02 | ATR: 1.36
  📊 Filled: 0 | Pending: 0
  🔲 Regime: RANGING | Range pos: 24% | RSI: 48.6
  💰 Daily P&L: $+0.00

[2026-08-14 11:37] O:7807.75 H:7808.25 L:7807.25 C:7808.00 V:1641.0
  📈 Trend: moderate_bearish | 🌍 Regime: ranging
  🗺️  Grid: 0.080% | 🔺 7807.75 🔻 7805.75
  📡 RSI: 52.8 | MACD: 0.09 | ATR: 1.36
  📊 Filled: 0 | Pending: 0
  🔲 Regime: RANGING | Range pos: 26% | RSI: 52.8
  💰 Daily P&L: $+0.00

[2026-08-14 11:38] O:7808.25 H:7808.25 L:7806.50 C:7807.25 V:786.0
  📈 Trend: moderate_bearish | 🌍 Regime: ranging
  🗺️  Grid: 0.080% | 🔺 7808.25 🔻 7807.25
  📡 RSI: 42.9 | MACD: 0.08 | ATR: 1.39
  📊 Filled: 0 | Pending: 0
  🔲 Regime: RANGING | Range pos: 24% | RSI: 42.9
  💰 Daily P&L: $+0.00

[2026-08-14 11:39] O:7807.25 H:7807.25 L:7806.25 C:7806.75 V:1220.0
  📈 Trend: moderate_bearish | 🌍 Regime: ranging
  🗺️  Grid: 0.080% | 🔺 7808.25 🔻 7806.50
  📡 RSI: 38.9 | MACD: 0.04 | ATR: 1.43
  📊 Filled: 0 | Pending: 0
  🔲 Regime: RANGING | Range pos: 22% | RSI: 38.9
  💰 Daily P&L: $+0.00

[2026-08-14 11:40] O:7806.75 H:7806.75 L:7806.00 C:7806.25 V:1100.0
  📈 Trend: moderate_bearish (raw: strong_bearish) | 🌍 Regime: ranging
  🗺️  Grid: 0.080% | 🔺 7807.25 🔻 7806.25
  📡 RSI: 33.3 | MACD: -0.04 | ATR: 1.38
  📊 Filled: 0 | Pending: 0
  🔲 Regime: RANGING | Range pos: 20% | RSI: 33.3
  🚫 Raw trend blocks RANGING LONG | raw: strong_bearish
  💰 Daily P&L: $+0.00

[2026-08-14 11:41] O:7806.25 H:7806.25 L:7804.25 C:7805.75 V:1938.0
  📈 Trend: strong_bearish | 🌍 Regime: ranging
  🗺️  Grid: 0.080% | 🔺 7806.75 🔻 7806.00
  📡 RSI: 32.4 | MACD: -0.14 | ATR: 1.43
  📊 Filled: 0 | Pending: 0
  🔲 Regime: RANGING | Range pos: 19% | RSI: 32.4
  🚫 Raw trend blocks RANGING LONG | raw: strong_bearish
  💰 Daily P&L: $+0.00

[2026-08-14 11:42] O:7805.50 H:7805.75 L:7804.75 C:7805.25 V:816.0
  📈 Trend: strong_bearish | 🌍 Regime: ranging
  🗺️  Grid: 0.080% | 🔺 7806.25 🔻 7804.25
  📡 RSI: 32.4 | MACD: -0.26 | ATR: 1.41
  📊 Filled: 0 | Pending: 0
  🔲 Regime: RANGING | Range pos: 17% | RSI: 32.4
  🚫 Raw trend blocks RANGING LONG | raw: strong_bearish
  💰 Daily P&L: $+0.00

[2026-08-14 11:43] O:7805.25 H:7806.25 L:7805.25 C:7805.25 V:986.0
  📈 Trend: strong_bearish | 🌍 Regime: ranging
  🗺️  Grid: 0.080% | 🔺 7805.75 🔻 7804.75
  📡 RSI: 30.6 | MACD: -0.34 | ATR: 1.39
  📊 Filled: 0 | Pending: 0
  🔲 Regime: RANGING | Range pos: 17% | RSI: 30.6
  🚫 Raw trend blocks RANGING LONG | raw: strong_bearish
  💰 Daily P&L: $+0.00

[2026-08-14 11:44] O:7805.25 H:7805.50 L:7803.25 C:7803.25 V:1534.0
  📈 Trend: strong_bearish | 🌍 Regime: ranging
  🗺️  Grid: 0.080% | 🔺 7806.25 🔻 7805.25
  📡 RSI: 23.3 | MACD: -0.57 | ATR: 1.45
  📊 Filled: 0 | Pending: 0
  🔲 Regime: RANGING | Range pos: 11% | RSI: 23.3
  🚫 Raw trend blocks RANGING LONG | raw: strong_bearish
  💰 Daily P&L: $+0.00

[2026-08-14 11:45] O:7803.25 H:7804.00 L:7802.50 C:7803.00 V:1382.0
  📈 Trend: strong_bearish | 🌍 Regime: ranging
  🗺️  Grid: 0.080% | 🔺 7805.50 🔻 7803.25
  📡 RSI: 28.6 | MACD: -0.76 | ATR: 1.39
  📊 Filled: 0 | Pending: 0
  🔲 Regime: RANGING | Range pos: 10% | RSI: 28.6
  🚫 Raw trend blocks RANGING LONG | raw: strong_bearish
  💰 Daily P&L: $+0.00

[2026-08-14 11:46] O:7803.00 H:7803.00 L:7802.00 C:7802.50 V:1145.0
  📈 Trend: strong_bearish | 🌍 Regime: ranging
  🗺️  Grid: 0.080% | 🔺 7804.00 🔻 7802.50
  📡 RSI: 31.2 | MACD: -0.94 | ATR: 1.36
  📊 Filled: 0 | Pending: 0
  🔲 Regime: RANGING | Range pos: 8% | RSI: 31.2
  🚫 Raw trend blocks RANGING LONG | raw: strong_bearish
  💰 Daily P&L: $+0.00

[2026-08-14 11:47] O:7802.50 H:7803.25 L:7802.25 C:7802.50 V:1158.0
  📈 Trend: strong_bearish | 🌍 Regime: ranging
  🗺️  Grid: 0.080% | 🔺 7803.00 🔻 7802.00
  📡 RSI: 29.0 | MACD: -1.07 | ATR: 1.36
  📊 Filled: 0 | Pending: 0
  🔲 Regime: RANGING | Range pos: 8% | RSI: 29.0
  🚫 Raw trend blocks RANGING LONG | raw: strong_bearish
  💰 Daily P&L: $+0.00

[2026-08-14 11:48] O:7802.50 H:7803.75 L:7802.25 C:7803.50 V:959.0
  📈 Trend: strong_bearish | 🌍 Regime: ranging
  🗺️  Grid: 0.080% | 🔺 7803.25 🔻 7802.25
  📡 RSI: 37.1 | MACD: -1.08 | ATR: 1.38
  📊 Filled: 0 | Pending: 0
  🔲 Regime: RANGING | Range pos: 11% | RSI: 37.1
  💰 Daily P&L: $+0.00

[2026-08-14 11:49] O:7803.50 H:7804.25 L:7803.25 C:7803.25 V:1067.0
  📈 Trend: strong_bearish | 🌍 Regime: ranging
  🗺️  Grid: 0.080% | 🔺 7803.75 🔻 7802.25
  📡 RSI: 32.4 | MACD: -1.09 | ATR: 1.34
  📊 Filled: 0 | Pending: 0
  🔲 Regime: RANGING | Range pos: 11% | RSI: 32.4
  🚫 Raw trend blocks RANGING LONG | raw: strong_bearish
  💰 Daily P&L: $+0.00

[2026-08-14 11:50] O:7803.25 H:7803.50 L:7800.50 C:7801.00 V:1745.0
  📈 Trend: strong_bearish | 🌍 Regime: ranging
  🗺️  Grid: 0.080% | 🔺 7804.25 🔻 7803.25
  📡 RSI: 15.8 | MACD: -1.27 | ATR: 1.41
  📊 Filled: 0 | Pending: 0
  🔲 Regime: RANGING | Range pos: 3% | RSI: 15.8
  🚫 Raw trend blocks RANGING LONG | raw: strong_bearish
  💰 Daily P&L: $+0.00
→ Real-time bars cancelled
✓ Disconnected from IBKR
