2026-07-02 14:32:06 | ERROR    | Error 10147, reqId 509: OrderId 509 that needs to be cancelled is not found.
DE: SCALP
   • 10 contract(s) max
   • Grid entries only
   • Trailing stop enabled
   • SL: ~8 pts | TP: ~12 pts | Trail activates: +6 pts
   • Best for: Normal sessions, choppy/ranging opens
============================================================
✓ Connected to IBKR (paper) - clientId=10
✓ Front-month contract: ESU6 expiry=20260918

============================================================
Loading historical data for indicator warm-up...
============================================================
→ Fetching historical bars (1 D, 1 min)...
✓ Loaded 1007 historical bars

Processing 1007 historical bars...

Indicators ready!
  Bars loaded: 1007
  Last price: 7549.25
  Trend: strong_bearish
  RSI: 27.8
  ATR: 7.55
  MACD: -7.43 / Signal: -6.20
  MA: 7560.79 / 7575.71 / 7563.21

------------------------------------------------------------
Account Value: $1,010,822.79
Buying Power: $4,015,478.24
Current Position: 0 contracts
------------------------------------------------------------

============================================================
Starting live 1-minute bar stream...
Strategy is now ACTIVE (SCALP mode)
============================================================

→ Subscribed to 5-second real-time bars (aggregating to 1 min)

[2026-07-02 09:46] O:7548.00 H:7554.25 L:7547.75 C:7554.00 V:3418.0
  📈 Trend: sideways (raw: strong_bearish) | 🌍 Regime: trending_bearish
  🗺️  Grid: 0.119% | 🔺 7551.25 🔻 7548.25
  📡 RSI: 33.9 | MACD: -7.04 | ATR: 7.48
  📊 Filled: 0 | Pending: 0
  💰 Daily P&L: $+0.00

[2026-07-02 09:47] O:7554.00 H:7557.75 L:7550.00 C:7550.50 V:5859.0
  📈 Trend: strong_bearish | 🌍 Regime: trending_bearish
  🗺️  Grid: 0.116% | 🔺 7554.25 🔻 7547.75
  📡 RSI: 35.7 | MACD: -6.94 | ATR: 7.32
  📊 Filled: 0 | Pending: 0
  💰 Daily P&L: $+0.00

[2026-07-02 09:48] O:7550.50 H:7550.75 L:7543.50 C:7544.50 V:5856.0
  📈 Trend: strong_bearish | 🌍 Regime: trending_bearish
  🗺️  Grid: 0.116% | 🔺 7557.75 🔻 7550.00
  📡 RSI: 33.2 | MACD: -7.26 | ATR: 7.32
  📊 Filled: 0 | Pending: 0
  💰 Daily P&L: $+0.00

[2026-07-02 09:49] O:7544.50 H:7554.75 L:7543.75 C:7553.25 V:5858.0
  📈 Trend: strong_bearish | 🌍 Regime: trending_bearish
  🗺️  Grid: 0.119% | 🔺 7550.75 🔻 7543.50
  📡 RSI: 36.1 | MACD: -6.73 | ATR: 7.50
  📊 Filled: 0 | Pending: 0
  💰 Daily P&L: $+0.00

[2026-07-02 09:50] O:7553.25 H:7554.50 L:7550.00 C:7552.00 V:5140.0
  📈 Trend: strong_bearish (raw: moderate_bearish) | 🌍 Regime: trending_bearish
  🗺️  Grid: 0.118% | 🔺 7554.75 🔻 7543.75
  📡 RSI: 33.0 | MACD: -6.34 | ATR: 7.41
  📊 Filled: 0 | Pending: 0
  💰 Daily P&L: $+0.00

[2026-07-02 09:51] O:7551.75 H:7557.75 L:7550.25 C:7554.75 V:5659.0
  📈 Trend: moderate_bearish | 🌍 Regime: trending_bearish
  🗺️  Grid: 0.119% | 🔺 7554.50 🔻 7550.00
  📡 RSI: 36.2 | MACD: -5.74 | ATR: 7.48
  📊 Filled: 0 | Pending: 0
  💰 Daily P&L: $+0.00

[2026-07-02 09:52] O:7554.50 H:7556.00 L:7545.50 C:7546.50 V:4539.0
  📈 Trend: moderate_bearish | 🌍 Regime: trending_bearish
  🗺️  Grid: 0.121% | 🔺 7557.75 🔻 7550.25
  📡 RSI: 33.6 | MACD: -5.86 | ATR: 7.62
  📊 Filled: 0 | Pending: 0
  💰 Daily P&L: $+0.00

[2026-07-02 09:53] O:7546.50 H:7548.75 L:7540.25 C:7545.25 V:6430.0
  📈 Trend: moderate_bearish | 🌍 Regime: trending_bearish
  🗺️  Grid: 0.125% | 🔺 7556.00 🔻 7545.50
  📡 RSI: 34.1 | MACD: -5.99 | ATR: 7.84
  📊 Filled: 0 | Pending: 0
  💰 Daily P&L: $+0.00

[2026-07-02 09:54] O:7545.50 H:7547.25 L:7543.00 C:7545.25 V:5370.0
  📈 Trend: moderate_bearish | 🌍 Regime: trending_bearish
  🗺️  Grid: 0.118% | 🔺 7548.75 🔻 7540.25
  📡 RSI: 40.1 | MACD: -6.02 | ATR: 7.41
  📊 Filled: 0 | Pending: 0
  💰 Daily P&L: $+0.00

[2026-07-02 09:55] O:7545.00 H:7551.50 L:7544.50 C:7549.25 V:5428.0
  📈 Trend: moderate_bearish | 🌍 Regime: trending_bearish
  🗺️  Grid: 0.115% | 🔺 7547.25 🔻 7543.00
  📡 RSI: 48.7 | MACD: -5.66 | ATR: 7.21
  📊 Filled: 0 | Pending: 0
  💰 Daily P&L: $+0.00

[2026-07-02 09:56] O:7549.00 H:7554.00 L:7549.00 C:7550.75 V:4354.0
  📈 Trend: moderate_bearish | 🌍 Regime: trending_bearish
  🗺️  Grid: 0.111% | 🔺 7551.50 🔻 7544.50
  📡 RSI: 54.7 | MACD: -5.19 | ATR: 6.96
  📊 Filled: 0 | Pending: 0
  💰 Daily P&L: $+0.00

[2026-07-02 09:57] O:7550.75 H:7551.25 L:7545.75 C:7549.50 V:3587.0
  📈 Trend: moderate_bearish | 🌍 Regime: trending_bearish
  🗺️  Grid: 0.109% | 🔺 7554.00 🔻 7549.00
  📡 RSI: 50.3 | MACD: -4.87 | ATR: 6.88
  📊 Filled: 0 | Pending: 0
  💰 Daily P&L: $+0.00

[2026-07-02 09:58] O:7549.25 H:7551.75 L:7547.75 C:7551.25 V:2958.0
  📈 Trend: moderate_bearish | 🌍 Regime: trending_bearish
  🗺️  Grid: 0.105% | 🔺 7551.25 🔻 7545.75
  📡 RSI: 52.5 | MACD: -4.42 | ATR: 6.59
  📊 Filled: 0 | Pending: 0
  💰 Daily P&L: $+0.00

[2026-07-02 09:59] O:7551.50 H:7557.50 L:7551.00 C:7557.25 V:4835.0
  📈 Trend: moderate_bearish (raw: moderate_bullish) | 🌍 Regime: trending_bullish
  🗺️  Grid: 0.109% | 🔺 7551.75 🔻 7547.75
  📡 RSI: 57.8 | MACD: -3.54 | ATR: 6.84
  📊 Filled: 0 | Pending: 0
  💰 Daily P&L: $+0.00

[2026-07-02 10:00] O:7557.25 H:7558.00 L:7552.50 C:7557.00 V:4140.0
  📈 Trend: moderate_bullish | 🌍 Regime: trending_bullish
  🗺️  Grid: 0.107% | 🔺 7557.50 🔻 7551.00
  📡 RSI: 53.2 | MACD: -2.82 | ATR: 6.77
  📊 Filled: 0 | Pending: 0
  💰 Daily P&L: $+0.00

[2026-07-02 10:01] O:7556.75 H:7559.00 L:7554.00 C:7555.50 V:4674.0
  📈 Trend: moderate_bullish | 🌍 Regime: trending_bullish
  🗺️  Grid: 0.104% | 🔺 7558.00 🔻 7552.50
  📡 RSI: 55.6 | MACD: -2.35 | ATR: 6.57
  📊 Filled: 0 | Pending: 0
  💰 Daily P&L: $+0.00

[2026-07-02 10:02] O:7555.50 H:7557.25 L:7552.75 C:7553.75 V:3029.0
  📈 Trend: moderate_bullish (raw: moderate_bearish) | 🌍 Regime: trending_bearish
  🗺️  Grid: 0.101% | 🔺 7559.00 🔻 7554.00
  📡 RSI: 61.5 | MACD: -2.10 | ATR: 6.38
  📊 Filled: 0 | Pending: 0
  💰 Daily P&L: $+0.00

[2026-07-02 10:03] O:7554.00 H:7556.25 L:7547.75 C:7548.25 V:4757.0
  📈 Trend: moderate_bullish (raw: strong_bearish) | 🌍 Regime: ranging
  🗺️  Grid: 0.099% | 🔺 7557.25 🔻 7552.75
  📡 RSI: 43.2 | MACD: -2.31 | ATR: 6.20
  📊 Filled: 0 | Pending: 0
  🔲 Regime: RANGING | Range pos: 43% | RSI: 43.2
  💰 Daily P&L: $+0.00

[2026-07-02 10:04] O:7548.25 H:7549.25 L:7541.00 C:7541.25 V:5374.0
  📈 Trend: strong_bearish | 🌍 Regime: ranging
  🗺️  Grid: 0.103% | 🔺 7556.25 🔻 7547.75
  📡 RSI: 37.4 | MACD: -3.01 | ATR: 6.46
  📊 Filled: 0 | Pending: 0
  🔲 Regime: RANGING | Range pos: 5% | RSI: 37.4
  💰 Daily P&L: $+0.00

[2026-07-02 10:05] O:7541.50 H:7544.25 L:7538.00 C:7538.50 V:5522.0
  📈 Trend: strong_bearish | 🌍 Regime: ranging
  🗺️  Grid: 0.101% | 🔺 7549.25 🔻 7541.00
  📡 RSI: 31.0 | MACD: -3.75 | ATR: 6.38
  📊 Filled: 0 | Pending: 0
  🔲 Regime: RANGING | Range pos: 2% | RSI: 31.0
  🚫 Raw trend blocks RANGING LONG | raw: strong_bearish
  💰 Daily P&L: $+0.00

[2026-07-02 10:06] O:7538.75 H:7539.00 L:7532.00 C:7533.25 V:7645.0
  📈 Trend: strong_bearish | 🌍 Regime: ranging
  🗺️  Grid: 0.098% | 🔺 7544.25 🔻 7538.00
  📡 RSI: 33.3 | MACD: -4.70 | ATR: 6.12
  📊 Filled: 0 | Pending: 0
  🔲 Regime: RANGING | Range pos: 5% | RSI: 33.3
  🚫 Raw trend blocks RANGING LONG | raw: strong_bearish
  💰 Daily P&L: $+0.00

[2026-07-02 10:07] O:7533.25 H:7534.00 L:7522.50 C:7524.25 V:9102.0
  📈 Trend: strong_bearish | 🌍 Regime: ranging
  🗺️  Grid: 0.101% | 🔺 7539.00 🔻 7532.00
  📡 RSI: 27.9 | MACD: -6.11 | ATR: 6.34
  📊 Filled: 0 | Pending: 0
  🔲 Regime: RANGING | Range pos: 5% | RSI: 27.9
  🚫 Raw trend blocks RANGING LONG | raw: strong_bearish
  💰 Daily P&L: $+0.00

[2026-07-02 10:08] O:7524.25 H:7533.50 L:7524.00 C:7530.75 V:7338.0
  📈 Trend: strong_bearish | 🌍 Regime: ranging
  🗺️  Grid: 0.107% | 🔺 7534.00 🔻 7522.50
  📡 RSI: 36.6 | MACD: -6.62 | ATR: 6.71
  📊 Filled: 0 | Pending: 0
  🔲 Regime: RANGING | Range pos: 23% | RSI: 36.6
  💰 Daily P&L: $+0.00

[2026-07-02 10:09] O:7530.75 H:7535.75 L:7529.00 C:7534.25 V:6233.0
  📈 Trend: strong_bearish | 🌍 Regime: trending_bearish
  🗺️  Grid: 0.107% | 🔺 7533.50 🔻 7524.00
  📡 RSI: 36.0 | MACD: -6.67 | ATR: 6.70
  📊 Filled: 0 | Pending: 0
  💰 Daily P&L: $+0.00

[2026-07-02 10:10] O:7534.50 H:7535.00 L:7530.75 C:7534.25 V:4606.0
  📈 Trend: strong_bearish | 🌍 Regime: trending_bearish
  🗺️  Grid: 0.106% | 🔺 7535.75 🔻 7529.00
  📡 RSI: 34.1 | MACD: -6.64 | ATR: 6.64
  📊 Filled: 0 | Pending: 0
  💰 Daily P&L: $+0.00

[2026-07-02 10:11] O:7534.00 H:7546.25 L:7533.50 C:7544.25 V:6406.0
  📈 Trend: strong_bearish | 🌍 Regime: trending_bearish
  🗺️  Grid: 0.114% | 🔺 7535.00 🔻 7530.75
  📡 RSI: 45.7 | MACD: -5.73 | ATR: 7.16
  📊 Filled: 0 | Pending: 0
  💰 Daily P&L: $+0.00

[2026-07-02 10:12] O:7544.25 H:7545.00 L:7541.50 C:7543.50 V:3760.0
  📈 Trend: strong_bearish | 🌍 Regime: trending_bearish
  🗺️  Grid: 0.113% | 🔺 7546.25 🔻 7533.50
  📡 RSI: 43.5 | MACD: -5.02 | ATR: 7.12
  📊 Filled: 0 | Pending: 0
  💰 Daily P&L: $+0.00

[2026-07-02 10:13] O:7543.50 H:7546.25 L:7542.25 C:7543.50 V:4632.0
  📈 Trend: strong_bearish | 🌍 Regime: trending_bearish
  🗺️  Grid: 0.111% | 🔺 7545.00 🔻 7541.50
  📡 RSI: 37.2 | MACD: -4.41 | ATR: 6.95
  📊 Filled: 0 | Pending: 0
  💰 Daily P&L: $+0.00

[2026-07-02 10:14] O:7543.75 H:7545.25 L:7540.75 C:7541.25 V:3639.0
  📈 Trend: strong_bearish | 🌍 Regime: trending_bearish
  🗺️  Grid: 0.109% | 🔺 7546.25 🔻 7542.25
  📡 RSI: 35.9 | MACD: -4.05 | ATR: 6.88
  📊 Filled: 0 | Pending: 0
  💰 Daily P&L: $+0.00

[2026-07-02 10:15] O:7541.25 H:7544.50 L:7536.25 C:7537.00 V:4579.0
  📈 Trend: strong_bearish | 🌍 Regime: trending_bearish
  🗺️  Grid: 0.113% | 🔺 7545.25 🔻 7540.75
  📡 RSI: 34.2 | MACD: -4.07 | ATR: 7.11
  📊 Filled: 0 | Pending: 0
  💰 Daily P&L: $+0.00

[2026-07-02 10:16] O:7536.75 H:7537.00 L:7529.75 C:7531.25 V:4554.0
  📈 Trend: strong_bearish | 🌍 Regime: trending_bearish
  🗺️  Grid: 0.116% | 🔺 7544.50 🔻 7536.25
  📡 RSI: 32.0 | MACD: -4.49 | ATR: 7.30
  📊 Filled: 0 | Pending: 0
  💰 Daily P&L: $+0.00

[2026-07-02 10:17] O:7531.50 H:7533.50 L:7527.00 C:7528.50 V:5205.0
  📈 Trend: strong_bearish | 🌍 Regime: trending_bearish
  🗺️  Grid: 0.114% | 🔺 7537.00 🔻 7529.75
  📡 RSI: 33.5 | MACD: -5.00 | ATR: 7.16
  📊 Filled: 0 | Pending: 0
  💰 Daily P&L: $+0.00

[2026-07-02 10:18] O:7528.50 H:7535.25 L:7527.00 C:7530.50 V:5515.0
  📈 Trend: strong_bearish | 🌍 Regime: trending_bearish
  🗺️  Grid: 0.114% | 🔺 7533.50 🔻 7527.00
  📡 RSI: 40.2 | MACD: -5.17 | ATR: 7.16
  📊 Filled: 0 | Pending: 0
  💰 Daily P&L: $+0.00

[2026-07-02 10:19] O:7530.50 H:7530.75 L:7524.75 C:7527.00 V:4863.0
  📈 Trend: strong_bearish | 🌍 Regime: trending_bearish
  🗺️  Grid: 0.114% | 🔺 7535.25 🔻 7527.00
  📡 RSI: 39.6 | MACD: -5.53 | ATR: 7.14
  📊 Filled: 0 | Pending: 0
  💰 Daily P&L: $+0.00

[2026-07-02 10:20] O:7527.00 H:7531.75 L:7524.00 C:7530.25 V:7186.0
  📈 Trend: strong_bearish | 🌍 Regime: trending_bearish
  🗺️  Grid: 0.115% | 🔺 7530.75 🔻 7524.75
  📡 RSI: 47.2 | MACD: -5.49 | ATR: 7.20
  📊 Filled: 0 | Pending: 0
  💰 Daily P&L: $+0.00

[2026-07-02 10:21] O:7530.25 H:7533.50 L:7528.50 C:7531.00 V:4890.0
  📈 Trend: strong_bearish | 🌍 Regime: trending_bearish
  🗺️  Grid: 0.107% | 🔺 7531.75 🔻 7524.00
  📡 RSI: 57.5 | MACD: -5.33 | ATR: 6.73
  📊 Filled: 0 | Pending: 0
  💰 Daily P&L: $+0.00

[2026-07-02 10:22] O:7530.75 H:7533.75 L:7529.75 C:7531.00 V:3845.0
  📈 Trend: strong_bearish | 🌍 Regime: trending_bearish
  🗺️  Grid: 0.101% | 🔺 7533.50 🔻 7528.50
  📡 RSI: 50.3 | MACD: -5.15 | ATR: 6.34
  📊 Filled: 0 | Pending: 0
  💰 Daily P&L: $+0.00

[2026-07-02 10:23] O:7531.00 H:7534.50 L:7527.75 C:7532.50 V:4328.0
  📈 Trend: strong_bearish | 🌍 Regime: trending_bearish
  🗺️  Grid: 0.101% | 🔺 7533.75 🔻 7529.75
  📡 RSI: 47.6 | MACD: -4.83 | ATR: 6.34
  📊 Filled: 0 | Pending: 0
  💰 Daily P&L: $+0.00

[2026-07-02 10:24] O:7532.50 H:7540.00 L:7532.50 C:7539.75 V:6195.0
  📈 Trend: strong_bearish (raw: moderate_bearish) | 🌍 Regime: trending_bearish
  🗺️  Grid: 0.105% | 🔺 7534.50 🔻 7527.75
  📡 RSI: 56.2 | MACD: -3.95 | ATR: 6.57
  📊 Filled: 0 | Pending: 0
  💰 Daily P&L: $+0.00

[2026-07-02 10:25] O:7540.00 H:7540.25 L:7532.00 C:7534.50 V:5735.0
  📈 Trend: moderate_bearish | 🌍 Regime: trending_bearish
  🗺️  Grid: 0.100% | 🔺 7540.00 🔻 7532.50
  📡 RSI: 37.6 | MACD: -3.63 | ATR: 6.25
  📊 Filled: 0 | Pending: 0
  💰 Daily P&L: $+0.00

[2026-07-02 10:26] O:7534.75 H:7540.75 L:7534.75 C:7537.25 V:5135.0
  📈 Trend: moderate_bearish | 🌍 Regime: trending_bearish
  🗺️  Grid: 0.103% | 🔺 7540.25 🔻 7532.00
  📡 RSI: 42.4 | MACD: -3.12 | ATR: 6.45
  📊 Filled: 0 | Pending: 0
  💰 Daily P&L: $+0.00

[2026-07-02 10:27] O:7537.25 H:7541.00 L:7535.75 C:7536.00 V:3708.0
  📈 Trend: moderate_bearish | 🌍 Regime: trending_bearish
  🗺️  Grid: 0.104% | 🔺 7540.75 🔻 7534.75
  📡 RSI: 41.2 | MACD: -2.78 | ATR: 6.54
  📊 Filled: 0 | Pending: 0
  💰 Daily P&L: $+0.00

[2026-07-02 10:28] O:7536.25 H:7537.75 L:7534.50 C:7536.25 V:3415.0
  📈 Trend: moderate_bearish | 🌍 Regime: trending_bearish
  🗺️  Grid: 0.103% | 🔺 7541.00 🔻 7535.75
  📡 RSI: 43.8 | MACD: -2.46 | ATR: 6.45
  📊 Filled: 0 | Pending: 0
  💰 Daily P&L: $+0.00

[2026-07-02 10:29] O:7536.25 H:7537.75 L:7529.00 C:7529.25 V:4244.0
  📈 Trend: moderate_bearish (raw: strong_bearish) | 🌍 Regime: trending_bearish
  🗺️  Grid: 0.103% | 🔺 7537.75 🔻 7534.50
  📡 RSI: 41.0 | MACD: -2.75 | ATR: 6.48
  📊 Filled: 0 | Pending: 0
  💰 Daily P&L: $+0.00

[2026-07-02 10:30] O:7529.00 H:7537.50 L:7528.00 C:7534.75 V:5784.0
  📈 Trend: strong_bearish | 🌍 Regime: trending_bearish
  🗺️  Grid: 0.106% | 🔺 7537.75 🔻 7529.00
  📡 RSI: 54.1 | MACD: -2.50 | ATR: 6.64
  📊 Filled: 0 | Pending: 0
  💰 Daily P&L: $+0.00

[2026-07-02 10:31] O:7535.00 H:7540.25 L:7533.75 C:7540.00 V:3623.0
  📈 Trend: strong_bearish | 🌍 Regime: trending_bearish
  🗺️  Grid: 0.106% | 🔺 7537.50 🔻 7528.00
  📡 RSI: 62.6 | MACD: -1.86 | ATR: 6.64
  📊 Filled: 0 | Pending: 0
  💰 Daily P&L: $+0.00

[2026-07-02 10:32] O:7540.25 H:7542.00 L:7537.50 C:7540.75 V:3475.0
  📈 Trend: strong_bearish | 🌍 Regime: trending_bearish
  🗺️  Grid: 0.101% | 🔺 7540.25 🔻 7533.75
  📡 RSI: 61.6 | MACD: -1.27 | ATR: 6.38
  📊 Filled: 0 | Pending: 0
  💰 Daily P&L: $+0.00

[2026-07-02 10:33] O:7540.75 H:7542.25 L:7538.75 C:7541.25 V:2489.0
  📈 Trend: strong_bearish | 🌍 Regime: trending_bearish
  🗺️  Grid: 0.099% | 🔺 7542.00 🔻 7537.50
  📡 RSI: 67.3 | MACD: -0.76 | ATR: 6.20
  📊 Filled: 0 | Pending: 0
  💰 Daily P&L: $+0.00

[2026-07-02 10:34] O:7541.25 H:7543.00 L:7540.25 C:7541.00 V:3444.0
  📈 Trend: strong_bearish (raw: moderate_bearish) | 🌍 Regime: trending_bearish
  🗺️  Grid: 0.093% | 🔺 7542.25 🔻 7538.75
  📡 RSI: 64.1 | MACD: -0.37 | ATR: 5.84
  📊 Filled: 0 | Pending: 0
  💰 Daily P&L: $+0.00

[2026-07-02 10:35] O:7541.25 H:7545.25 L:7539.75 C:7544.25 V:3812.0
  📈 Trend: strong_bearish (raw: moderate_bullish) | 🌍 Regime: ranging
  🗺️  Grid: 0.093% | 🔺 7543.00 🔻 7540.25
  📡 RSI: 66.3 | MACD: 0.20 | ATR: 5.88
  📊 Filled: 0 | Pending: 0
  🔲 Regime: RANGING | Range pos: 60% | RSI: 66.3
  💰 Daily P&L: $+0.00

[2026-07-02 10:36] O:7544.25 H:7547.50 L:7543.75 C:7546.25 V:3559.0
  📈 Trend: moderate_bullish | 🌍 Regime: ranging
  🗺️  Grid: 0.093% | 🔺 7545.25 🔻 7539.75
  📡 RSI: 67.8 | MACD: 0.80 | ATR: 5.86
  📊 Filled: 0 | Pending: 0
  🔲 Regime: RANGING | Range pos: 65% | RSI: 67.8
  💰 Daily P&L: $+0.00

[2026-07-02 10:37] O:7546.00 H:7546.75 L:7543.75 C:7545.50 V:2875.0
  📈 Trend: moderate_bullish | 🌍 Regime: ranging
  🗺️  Grid: 0.089% | 🔺 7547.50 🔻 7543.75
  📡 RSI: 65.5 | MACD: 1.20 | ATR: 5.59
  📊 Filled: 0 | Pending: 0
  🔲 Regime: RANGING | Range pos: 63% | RSI: 65.5
  💰 Daily P&L: $+0.00

[2026-07-02 10:38] O:7545.50 H:7547.00 L:7544.00 C:7545.25 V:3063.0
  📈 Trend: moderate_bullish | 🌍 Regime: ranging
  🗺️  Grid: 0.084% | 🔺 7546.75 🔻 7543.75
  📡 RSI: 57.9 | MACD: 1.48 | ATR: 5.27
  📊 Filled: 0 | Pending: 0
  🔲 Regime: RANGING | Range pos: 62% | RSI: 57.9
  💰 Daily P&L: $+0.00

[2026-07-02 10:39] O:7545.25 H:7545.75 L:7542.00 C:7542.50 V:3713.0
  📈 Trend: moderate_bullish | 🌍 Regime: ranging
  🗺️  Grid: 0.080% | 🔺 7547.00 🔻 7544.00
  📡 RSI: 62.3 | MACD: 1.47 | ATR: 4.95
  📊 Filled: 0 | Pending: 0
  🔲 Regime: RANGING | Range pos: 55% | RSI: 62.3
  💰 Daily P&L: $+0.00

[2026-07-02 10:40] O:7542.75 H:7546.00 L:7540.75 C:7544.25 V:2834.0
  📈 Trend: moderate_bullish | 🌍 Regime: ranging
  🗺️  Grid: 0.080% | 🔺 7545.75 🔻 7542.00
  📡 RSI: 61.1 | MACD: 1.58 | ATR: 4.88
  📊 Filled: 0 | Pending: 0
  🔲 Regime: RANGING | Range pos: 60% | RSI: 61.1
  💰 Daily P&L: $+0.00

[2026-07-02 10:41] O:7544.25 H:7544.75 L:7540.50 C:7541.50 V:2701.0
  📈 Trend: moderate_bullish | 🌍 Regime: ranging
  🗺️  Grid: 0.080% | 🔺 7546.00 🔻 7540.75
  📡 RSI: 58.3 | MACD: 1.43 | ATR: 4.80
  📊 Filled: 0 | Pending: 0
  🔲 Regime: RANGING | Range pos: 52% | RSI: 58.3
  💰 Daily P&L: $+0.00

[2026-07-02 10:42] O:7541.50 H:7541.50 L:7538.00 C:7539.00 V:4006.0
  📈 Trend: moderate_bullish | 🌍 Regime: ranging
  🗺️  Grid: 0.080% | 🔺 7544.75 🔻 7540.50
  📡 RSI: 53.9 | MACD: 1.10 | ATR: 4.82
  📊 Filled: 0 | Pending: 0
  🔲 Regime: RANGING | Range pos: 45% | RSI: 53.9
  💰 Daily P&L: $+0.00

[2026-07-02 10:43] O:7539.00 H:7540.75 L:7535.50 C:7536.25 V:2770.0
  📈 Trend: moderate_bullish (raw: strong_bearish) | 🌍 Regime: ranging
  🗺️  Grid: 0.080% | 🔺 7541.50 🔻 7538.00
  📡 RSI: 61.3 | MACD: 0.60 | ATR: 4.57
  📊 Filled: 0 | Pending: 0
  🔲 Regime: RANGING | Range pos: 38% | RSI: 61.3
  💰 Daily P&L: $+0.00

[2026-07-02 10:44] O:7536.25 H:7537.75 L:7533.25 C:7533.50 V:3429.0
  📈 Trend: strong_bearish | 🌍 Regime: ranging
  🗺️  Grid: 0.080% | 🔺 7540.75 🔻 7535.50
  📡 RSI: 47.8 | MACD: -0.01 | ATR: 4.21
  📊 Filled: 0 | Pending: 0
  🔲 Regime: RANGING | Range pos: 30% | RSI: 47.8
  💰 Daily P&L: $+0.00

[2026-07-02 10:45] O:7533.25 H:7537.75 L:7532.75 C:7536.75 V:3206.0
  📈 Trend: strong_bearish | 🌍 Regime: ranging
  🗺️  Grid: 0.080% | 🔺 7537.75 🔻 7533.25
  📡 RSI: 43.8 | MACD: -0.23 | ATR: 4.11
  📊 Filled: 0 | Pending: 0
  🔲 Regime: RANGING | Range pos: 39% | RSI: 43.8
  💰 Daily P&L: $+0.00

[2026-07-02 10:46] O:7536.75 H:7537.00 L:7532.00 C:7534.00 V:3305.0
  📈 Trend: strong_bearish | 🌍 Regime: ranging
  🗺️  Grid: 0.080% | 🔺 7537.75 🔻 7532.75
  📡 RSI: 38.1 | MACD: -0.62 | ATR: 4.14
  📊 Filled: 0 | Pending: 0
  🔲 Regime: RANGING | Range pos: 32% | RSI: 38.1
  💰 Daily P&L: $+0.00

[2026-07-02 10:47] O:7534.00 H:7535.50 L:7531.25 C:7533.00 V:3072.0
  📈 Trend: strong_bearish | 🌍 Regime: ranging
  🗺️  Grid: 0.080% | 🔺 7537.00 🔻 7532.00
  📡 RSI: 35.7 | MACD: -1.00 | ATR: 4.20
  📊 Filled: 0 | Pending: 0
  🔲 Regime: RANGING | Range pos: 29% | RSI: 35.7
  💰 Daily P&L: $+0.00

[2026-07-02 10:48] O:7532.75 H:7535.50 L:7531.75 C:7533.25 V:2267.0
  📈 Trend: strong_bearish (raw: moderate_bullish) | 🌍 Regime: ranging
  🗺️  Grid: 0.080% | 🔺 7535.50 🔻 7531.25
  📡 RSI: 36.5 | MACD: -1.26 | ATR: 4.27
  📊 Filled: 0 | Pending: 0
  🔲 Regime: RANGING | Range pos: 29% | RSI: 36.5
  💰 Daily P&L: $+0.00

[2026-07-02 10:49] O:7533.25 H:7534.00 L:7527.75 C:7529.00 V:2640.0
  📈 Trend: strong_bearish | 🌍 Regime: ranging
  🗺️  Grid: 0.080% | 🔺 7535.50 🔻 7531.75
  📡 RSI: 24.4 | MACD: -1.79 | ATR: 4.32
  📊 Filled: 0 | Pending: 0
  🔲 Regime: RANGING | Range pos: 18% | RSI: 24.4
  🚫 Raw trend blocks RANGING LONG | raw: strong_bearish
  💰 Daily P&L: $+0.00

[2026-07-02 10:50] O:7529.00 H:7529.25 L:7524.50 C:7525.75 V:3411.0
  📈 Trend: strong_bearish | 🌍 Regime: ranging
  🗺️  Grid: 0.080% | 🔺 7534.00 🔻 7527.75
  📡 RSI: 16.9 | MACD: -2.45 | ATR: 4.39
  📊 Filled: 0 | Pending: 0
  🔲 Regime: RANGING | Range pos: 9% | RSI: 16.9
  🚫 Raw trend blocks RANGING LONG | raw: strong_bearish
  💰 Daily P&L: $+0.00

[2026-07-02 10:51] O:7525.75 H:7528.25 L:7523.50 C:7527.00 V:3494.0
  📈 Trend: strong_bearish | 🌍 Regime: ranging
  🗺️  Grid: 0.080% | 🔺 7529.25 🔻 7524.50
  📡 RSI: 20.6 | MACD: -2.84 | ATR: 4.52
  📊 Filled: 0 | Pending: 0
  🔲 Regime: RANGING | Range pos: 12% | RSI: 20.6
  🚫 Raw trend blocks RANGING LONG | raw: strong_bearish
  💰 Daily P&L: $+0.00

[2026-07-02 10:52] O:7527.00 H:7528.50 L:7522.75 C:7523.50 V:3551.0
  📈 Trend: strong_bearish | 🌍 Regime: ranging
  🗺️  Grid: 0.080% | 🔺 7528.25 🔻 7523.50
  📡 RSI: 18.7 | MACD: -3.39 | ATR: 4.71
  📊 Filled: 0 | Pending: 0
  🔲 Regime: RANGING | Range pos: 3% | RSI: 18.7
  🚫 Raw trend blocks RANGING LONG | raw: strong_bearish
  💰 Daily P&L: $+0.00

[2026-07-02 10:53] O:7523.50 H:7524.00 L:7520.75 C:7523.25 V:3393.0
  📈 Trend: strong_bearish | 🌍 Regime: ranging
  🗺️  Grid: 0.080% | 🔺 7528.50 🔻 7522.75
  📡 RSI: 20.2 | MACD: -3.80 | ATR: 4.68
  📊 Filled: 0 | Pending: 0
  🔲 Regime: RANGING | Range pos: 7% | RSI: 20.2
  🚫 Raw trend blocks RANGING LONG | raw: strong_bearish
  💰 Daily P&L: $+0.00

[2026-07-02 10:54] O:7523.25 H:7527.00 L:7522.50 C:7526.50 V:3303.0
  📈 Trend: strong_bearish | 🌍 Regime: trending_bearish
  🗺️  Grid: 0.080% | 🔺 7524.00 🔻 7520.75
  📡 RSI: 23.7 | MACD: -3.82 | ATR: 4.62
  📊 Filled: 0 | Pending: 0
  💰 Daily P&L: $+0.00

[2026-07-02 10:55] O:7526.50 H:7527.75 L:7522.50 C:7522.75 V:3199.0
  📈 Trend: strong_bearish | 🌍 Regime: trending_bearish
  🗺️  Grid: 0.080% | 🔺 7527.00 🔻 7522.50
  📡 RSI: 23.0 | MACD: -4.09 | ATR: 4.70
  📊 Filled: 0 | Pending: 0
  💰 Daily P&L: $+0.00

[2026-07-02 10:56] O:7522.75 H:7524.00 L:7521.00 C:7523.25 V:2768.0
  📈 Trend: strong_bearish | 🌍 Regime: trending_bearish
  🗺️  Grid: 0.080% | 🔺 7527.75 🔻 7522.50
  📡 RSI: 26.0 | MACD: -4.21 | ATR: 4.66
  📊 Filled: 0 | Pending: 0
  💰 Daily P&L: $+0.00

[2026-07-02 10:57] O:7523.00 H:7524.75 L:7521.75 C:7524.50 V:2360.0
  📈 Trend: strong_bearish | 🌍 Regime: trending_bearish
  🗺️  Grid: 0.080% | 🔺 7524.00 🔻 7521.00
  📡 RSI: 31.2 | MACD: -4.17 | ATR: 4.50
  📊 Filled: 0 | Pending: 0
  💰 Daily P&L: $+0.00

[2026-07-02 10:58] O:7524.25 H:7528.75 L:7523.25 C:7528.00 V:3501.0
  📈 Trend: strong_bearish | 🌍 Regime: trending_bearish
  🗺️  Grid: 0.080% | 🔺 7524.75 🔻 7521.75
  📡 RSI: 41.4 | MACD: -3.80 | ATR: 4.57
  📊 Filled: 0 | Pending: 0
  💰 Daily P&L: $+0.00

[2026-07-02 10:59] O:7528.00 H:7530.00 L:7525.75 C:7526.75 V:3043.0
  📈 Trend: strong_bearish | 🌍 Regime: trending_bearish
  🗺️  Grid: 0.080% | 🔺 7528.75 🔻 7523.25
  📡 RSI: 33.3 | MACD: -3.57 | ATR: 4.52
  📊 Filled: 0 | Pending: 0
  💰 Daily P&L: $+0.00

[2026-07-02 11:00] O:7527.00 H:7529.50 L:7523.25 C:7524.50 V:3209.0
  📈 Trend: strong_bearish | 🌍 Regime: trending_bearish
  🗺️  Grid: 0.080% | 🔺 7530.00 🔻 7525.75
  📡 RSI: 33.9 | MACD: -3.53 | ATR: 4.61
  📊 Filled: 0 | Pending: 0
  💰 Daily P&L: $+0.00

[2026-07-02 11:01] O:7524.50 H:7526.00 L:7521.50 C:7522.25 V:2695.0
  📈 Trend: strong_bearish | 🌍 Regime: trending_bearish
  🗺️  Grid: 0.080% | 🔺 7529.50 🔻 7523.25
  📡 RSI: 32.5 | MACD: -3.64 | ATR: 4.62
  📊 Filled: 0 | Pending: 0
  💰 Daily P&L: $+0.00

[2026-07-02 11:02] O:7522.25 H:7522.50 L:7518.00 C:7519.25 V:3902.0
  📈 Trend: strong_bearish | 🌍 Regime: trending_bearish
  🗺️  Grid: 0.080% | 🔺 7526.00 🔻 7521.50
  📡 RSI: 29.1 | MACD: -3.92 | ATR: 4.68
  📊 Filled: 0 | Pending: 0
  💰 Daily P&L: $+0.00

[2026-07-02 11:03] O:7519.00 H:7523.25 L:7517.00 C:7521.75 V:3805.0
  📈 Trend: strong_bearish | 🌍 Regime: trending_bearish
  🗺️  Grid: 0.080% | 🔺 7522.50 🔻 7518.00
  📡 RSI: 38.6 | MACD: -3.90 | ATR: 4.68
  📊 Filled: 0 | Pending: 0
  💰 Daily P&L: $+0.00

[2026-07-02 11:04] O:7521.50 H:7524.75 L:7519.50 C:7523.75 V:2570.0
  📈 Trend: strong_bearish | 🌍 Regime: trending_bearish
  🗺️  Grid: 0.080% | 🔺 7523.25 🔻 7517.00
  📡 RSI: 46.7 | MACD: -3.67 | ATR: 4.71
  📊 Filled: 0 | Pending: 0
  💰 Daily P&L: $+0.00

[2026-07-02 11:05] O:7523.50 H:7526.50 L:7522.00 C:7522.25 V:2574.0
  📈 Trend: strong_bearish | 🌍 Regime: trending_bearish
  🗺️  Grid: 0.080% | 🔺 7524.75 🔻 7519.50
  📡 RSI: 42.3 | MACD: -3.58 | ATR: 4.70
  📊 Filled: 0 | Pending: 0
  💰 Daily P&L: $+0.00

[2026-07-02 11:06] O:7522.25 H:7523.00 L:7519.00 C:7521.50 V:2268.0
  📈 Trend: strong_bearish | 🌍 Regime: trending_bearish
  🗺️  Grid: 0.080% | 🔺 7526.50 🔻 7522.00
  📡 RSI: 46.4 | MACD: -3.52 | ATR: 4.57
  📊 Filled: 0 | Pending: 0
  💰 Daily P&L: $+0.00

[2026-07-02 11:07] O:7521.25 H:7523.25 L:7518.75 C:7520.75 V:1817.0
  📈 Trend: strong_bearish | 🌍 Regime: trending_bearish
  🗺️  Grid: 0.080% | 🔺 7523.00 🔻 7519.00
  📡 RSI: 45.6 | MACD: -3.50 | ATR: 4.66
  📊 Filled: 0 | Pending: 0
  💰 Daily P&L: $+0.00

[2026-07-02 11:08] O:7520.75 H:7522.00 L:7519.00 C:7521.75 V:1972.0
  📈 Trend: strong_bearish | 🌍 Regime: trending_bearish
  🗺️  Grid: 0.080% | 🔺 7523.25 🔻 7518.75
  📡 RSI: 41.0 | MACD: -3.36 | ATR: 4.55
  📊 Filled: 0 | Pending: 0
  💰 Daily P&L: $+0.00

[2026-07-02 11:09] O:7521.75 H:7522.25 L:7518.25 C:7519.75 V:2403.0
  📈 Trend: strong_bearish | 🌍 Regime: trending_bearish
  🗺️  Grid: 0.080% | 🔺 7522.00 🔻 7519.00
  📡 RSI: 43.9 | MACD: -3.37 | ATR: 4.46
  📊 Filled: 0 | Pending: 0
  💰 Daily P&L: $+0.00

[2026-07-02 11:10] O:7519.75 H:7524.75 L:7518.50 C:7524.75 V:2917.0
  📈 Trend: strong_bearish | 🌍 Regime: trending_bearish
  🗺️  Grid: 0.080% | 🔺 7522.25 🔻 7518.25
  📡 RSI: 52.6 | MACD: -2.94 | ATR: 4.70
  📊 Filled: 0 | Pending: 0
  💰 Daily P&L: $+0.00

[2026-07-02 11:11] O:7524.75 H:7527.00 L:7522.75 C:7523.25 V:2709.0
  📈 Trend: strong_bearish | 🌍 Regime: trending_bearish
  🗺️  Grid: 0.080% | 🔺 7524.75 🔻 7518.50
  📡 RSI: 47.9 | MACD: -2.69 | ATR: 4.79
  📊 Filled: 0 | Pending: 0
  💰 Daily P&L: $+0.00

[2026-07-02 11:12] O:7523.00 H:7526.75 L:7520.50 C:7526.75 V:2342.0
  📈 Trend: strong_bearish (raw: moderate_bearish) | 🌍 Regime: trending_bearish
  🗺️  Grid: 0.080% | 🔺 7527.00 🔻 7522.75
  📡 RSI: 47.9 | MACD: -2.19 | ATR: 4.84
  📊 Filled: 0 | Pending: 0
  💰 Daily P&L: $+0.00

[2026-07-02 11:13] O:7526.75 H:7527.00 L:7523.75 C:7524.25 V:2707.0
  📈 Trend: strong_bearish | 🌍 Regime: trending_bearish
  🗺️  Grid: 0.080% | 🔺 7526.75 🔻 7520.50
  📡 RSI: 45.9 | MACD: -1.97 | ATR: 4.77
  📊 Filled: 0 | Pending: 0
  💰 Daily P&L: $+0.00

[2026-07-02 11:14] O:7524.00 H:7526.50 L:7523.25 C:7525.00 V:1492.0
  📈 Trend: strong_bearish (raw: moderate_bearish) | 🌍 Regime: trending_bearish
  🗺️  Grid: 0.080% | 🔺 7527.00 🔻 7523.75
  📡 RSI: 50.9 | MACD: -1.71 | ATR: 4.55
  📊 Filled: 0 | Pending: 0
  💰 Daily P&L: $+0.00

[2026-07-02 11:15] O:7525.25 H:7525.75 L:7520.75 C:7523.75 V:2063.0
  📈 Trend: moderate_bearish | 🌍 Regime: trending_bearish
  🗺️  Grid: 0.080% | 🔺 7526.50 🔻 7523.25
  📡 RSI: 52.7 | MACD: -1.59 | ATR: 4.59
  📊 Filled: 0 | Pending: 0
  💰 Daily P&L: $+0.00

[2026-07-02 11:16] O:7523.50 H:7526.50 L:7523.50 C:7525.00 V:1873.0
  📈 Trend: moderate_bearish | 🌍 Regime: trending_bearish
  🗺️  Grid: 0.080% | 🔺 7525.75 🔻 7520.75
  📡 RSI: 61.0 | MACD: -1.38 | ATR: 4.48
  📊 Filled: 0 | Pending: 0
  💰 Daily P&L: $+0.00

[2026-07-02 11:17] O:7525.00 H:7525.50 L:7520.25 C:7521.00 V:1897.0
  📈 Trend: moderate_bearish (raw: strong_bearish) | 🌍 Regime: trending_bearish
  🗺️  Grid: 0.080% | 🔺 7526.50 🔻 7523.50
  📡 RSI: 48.6 | MACD: -1.52 | ATR: 4.41
  📊 Filled: 0 | Pending: 0
  💰 Daily P&L: $+0.00

[2026-07-02 11:18] O:7520.75 H:7522.50 L:7519.50 C:7521.75 V:2199.0
  📈 Trend: strong_bearish | 🌍 Regime: trending_bearish
  🗺️  Grid: 0.080% | 🔺 7525.50 🔻 7520.25
  📡 RSI: 46.2 | MACD: -1.55 | ATR: 4.25
  📊 Filled: 0 | Pending: 0
  💰 Daily P&L: $+0.00

[2026-07-02 11:19] O:7521.75 H:7524.50 L:7520.25 C:7520.50 V:2163.0
  📈 Trend: strong_bearish | 🌍 Regime: trending_bearish
  🗺️  Grid: 0.080% | 🔺 7522.50 🔻 7519.50
  📡 RSI: 46.7 | MACD: -1.65 | ATR: 4.23
  📊 Filled: 0 | Pending: 0
  💰 Daily P&L: $+0.00

[2026-07-02 11:20] O:7520.50 H:7521.00 L:7515.75 C:7517.75 V:3009.0
  📈 Trend: strong_bearish | 🌍 Regime: trending_bearish
  🗺️  Grid: 0.080% | 🔺 7524.50 🔻 7520.25
  📡 RSI: 43.4 | MACD: -1.94 | ATR: 4.32
  📊 Filled: 0 | Pending: 0
  💰 Daily P&L: $+0.00

[2026-07-02 11:21] O:7518.00 H:7519.00 L:7516.50 C:7517.25 V:2140.0
  📈 Trend: strong_bearish | 🌍 Regime: trending_bearish
  🗺️  Grid: 0.080% | 🔺 7521.00 🔻 7515.75
  📡 RSI: 43.8 | MACD: -2.18 | ATR: 4.18
  📊 Filled: 0 | Pending: 0
  💰 Daily P&L: $+0.00

[2026-07-02 11:22] O:7517.25 H:7519.00 L:7515.50 C:7517.50 V:3048.0
  📈 Trend: strong_bearish | 🌍 Regime: trending_bearish
  🗺️  Grid: 0.080% | 🔺 7519.00 🔻 7516.50
  📡 RSI: 42.2 | MACD: -2.32 | ATR: 4.21
  📊 Filled: 0 | Pending: 0
  💰 Daily P&L: $+0.00

[2026-07-02 11:23] O:7517.50 H:7517.75 L:7515.00 C:7515.25 V:2391.0
  📈 Trend: strong_bearish | 🌍 Regime: trending_bearish
  🗺️  Grid: 0.080% | 🔺 7519.00 🔻 7515.50
  📡 RSI: 41.8 | MACD: -2.59 | ATR: 4.12
  📊 Filled: 0 | Pending: 0
  💰 Daily P&L: $+0.00

[2026-07-02 11:24] O:7515.25 H:7515.50 L:7513.75 C:7514.50 V:3083.0
  📈 Trend: strong_bearish | 🌍 Regime: trending_bearish
  🗺️  Grid: 0.080% | 🔺 7517.75 🔻 7515.00
  📡 RSI: 28.0 | MACD: -2.82 | ATR: 3.80
  📊 Filled: 0 | Pending: 0
  💰 Daily P&L: $+0.00

[2026-07-02 11:25] O:7514.75 H:7520.50 L:7514.50 C:7517.50 V:3859.0
  📈 Trend: strong_bearish | 🌍 Regime: trending_bearish
  🗺️  Grid: 0.080% | 🔺 7515.50 🔻 7513.75
  📡 RSI: 38.4 | MACD: -2.74 | ATR: 3.93
  📊 Filled: 0 | Pending: 0
  💰 Daily P&L: $+0.00

[2026-07-02 11:26] O:7517.50 H:7518.25 L:7514.50 C:7516.25 V:2397.0
  📈 Trend: strong_bearish | 🌍 Regime: trending_bearish
  🗺️  Grid: 0.080% | 🔺 7520.50 🔻 7514.50
  📡 RSI: 26.7 | MACD: -2.74 | ATR: 3.75
  📊 Filled: 0 | Pending: 0
  💰 Daily P&L: $+0.00

[2026-07-02 11:27] O:7516.50 H:7517.50 L:7515.00 C:7516.00 V:2341.0
  📈 Trend: strong_bearish | 🌍 Regime: trending_bearish
  🗺️  Grid: 0.080% | 🔺 7518.25 🔻 7514.50
  📡 RSI: 29.6 | MACD: -2.73 | ATR: 3.70
  📊 Filled: 0 | Pending: 0
  💰 Daily P&L: $+0.00

[2026-07-02 11:28] O:7516.25 H:7518.00 L:7515.75 C:7517.50 V:3121.0
  📈 Trend: strong_bearish | 🌍 Regime: trending_bearish
  🗺️  Grid: 0.080% | 🔺 7517.50 🔻 7515.00
  📡 RSI: 32.1 | MACD: -2.57 | ATR: 3.62
  📊 Filled: 0 | Pending: 0
  💰 Daily P&L: $+0.00

[2026-07-02 11:29] O:7517.50 H:7519.00 L:7515.00 C:7515.75 V:2203.0
  📈 Trend: strong_bearish | 🌍 Regime: trending_bearish
  🗺️  Grid: 0.080% | 🔺 7518.00 🔻 7515.75
  📡 RSI: 31.4 | MACD: -2.56 | ATR: 3.55
  📊 Filled: 0 | Pending: 0
  💰 Daily P&L: $+0.00

[2026-07-02 11:30] O:7515.75 H:7516.00 L:7510.75 C:7512.25 V:3417.0
  📈 Trend: strong_bearish | 🌍 Regime: trending_bearish
  🗺️  Grid: 0.080% | 🔺 7519.00 🔻 7515.00
  📡 RSI: 23.2 | MACD: -2.80 | ATR: 3.71
  📊 Filled: 0 | Pending: 0
  💰 Daily P&L: $+0.00

[2026-07-02 11:31] O:7512.25 H:7513.50 L:7511.00 C:7511.50 V:2746.0
  📈 Trend: strong_bearish | 🌍 Regime: trending_bearish
  🗺️  Grid: 0.080% | 🔺 7516.00 🔻 7510.75
  📡 RSI: 26.8 | MACD: -3.01 | ATR: 3.52
  📊 Filled: 0 | Pending: 0
  💰 Daily P&L: $+0.00

[2026-07-02 11:32] O:7511.50 H:7512.00 L:7509.00 C:7510.75 V:2988.0
  📈 Trend: strong_bearish | 🌍 Regime: trending_bearish
  🗺️  Grid: 0.080% | 🔺 7513.50 🔻 7511.00
  📡 RSI: 23.2 | MACD: -3.21 | ATR: 3.52
  📊 Filled: 0 | Pending: 0
  💰 Daily P&L: $+0.00

[2026-07-02 11:33] O:7510.50 H:7513.50 L:7510.25 C:7512.00 V:2595.0
  📈 Trend: strong_bearish | 🌍 Regime: trending_bearish
  🗺️  Grid: 0.080% | 🔺 7512.00 🔻 7509.00
  📡 RSI: 29.3 | MACD: -3.22 | ATR: 3.45
  📊 Filled: 0 | Pending: 0
  💰 Daily P&L: $+0.00

[2026-07-02 11:34] O:7512.00 H:7512.25 L:7508.75 C:7508.75 V:3004.0
  📈 Trend: strong_bearish | 🌍 Regime: trending_bearish
  🗺️  Grid: 0.080% | 🔺 7513.50 🔻 7510.25
  📡 RSI: 28.6 | MACD: -3.46 | ATR: 3.32
  📊 Filled: 0 | Pending: 0
  💰 Daily P&L: $+0.00

[2026-07-02 11:35] O:7508.75 H:7510.75 L:7506.75 C:7510.75 V:3798.0
  📈 Trend: strong_bearish | 🌍 Regime: trending_bearish
  🗺️  Grid: 0.080% | 🔺 7512.25 🔻 7508.75
  📡 RSI: 35.6 | MACD: -3.44 | ATR: 3.43
  📊 Filled: 0 | Pending: 0
  💰 Daily P&L: $+0.00

[2026-07-02 11:36] O:7510.75 H:7511.75 L:7507.00 C:7508.50 V:3044.0
  📈 Trend: strong_bearish | 🌍 Regime: trending_bearish
  🗺️  Grid: 0.080% | 🔺 7510.75 🔻 7506.75
  📡 RSI: 31.6 | MACD: -3.57 | ATR: 3.52
  📊 Filled: 0 | Pending: 0
  💰 Daily P&L: $+0.00

[2026-07-02 11:37] O:7508.50 H:7509.50 L:7502.25 C:7503.00 V:4710.0
  📈 Trend: strong_bearish | 🌍 Regime: trending_bearish
  🗺️  Grid: 0.080% | 🔺 7511.75 🔻 7507.00
  📡 RSI: 27.9 | MACD: -4.07 | ATR: 3.84
  📊 Filled: 0 | Pending: 0
  💰 Daily P&L: $+0.00

[2026-07-02 11:38] O:7503.00 H:7505.25 L:7501.25 C:7504.50 V:4674.0
  📈 Trend: strong_bearish | 🌍 Regime: trending_bearish
  🗺️  Grid: 0.080% | 🔺 7509.50 🔻 7502.25
  📡 RSI: 32.5 | MACD: -4.30 | ATR: 4.00
  📊 Filled: 0 | Pending: 0
  💰 Daily P&L: $+0.00

[2026-07-02 11:39] O:7504.50 H:7507.00 L:7503.25 C:7506.75 V:2916.0
  📈 Trend: strong_bearish | 🌍 Regime: trending_bearish
  🗺️  Grid: 0.080% | 🔺 7505.25 🔻 7501.25
  📡 RSI: 30.6 | MACD: -4.24 | ATR: 3.84
  📊 Filled: 0 | Pending: 0
  💰 Daily P&L: $+0.00

[2026-07-02 11:40] O:7506.75 H:7512.00 L:7506.00 C:7511.00 V:4918.0
  📈 Trend: strong_bearish | 🌍 Regime: trending_bearish
  🗺️  Grid: 0.080% | 🔺 7507.00 🔻 7503.25
  📡 RSI: 41.5 | MACD: -3.82 | ATR: 4.00
  📊 Filled: 0 | Pending: 0
  💰 Daily P&L: $+0.00

[2026-07-02 11:41] O:7511.25 H:7513.25 L:7509.00 C:7510.00 V:3193.0
  📈 Trend: strong_bearish | 🌍 Regime: trending_bearish
  🗺️  Grid: 0.080% | 🔺 7512.00 🔻 7506.00
  📡 RSI: 40.5 | MACD: -3.52 | ATR: 4.12
  📊 Filled: 0 | Pending: 0
  💰 Daily P&L: $+0.00

[2026-07-02 11:42] O:7510.00 H:7511.75 L:7508.50 C:7510.00 V:2518.0
  📈 Trend: strong_bearish | 🌍 Regime: trending_bearish
  🗺️  Grid: 0.080% | 🔺 7513.25 🔻 7509.00
  📡 RSI: 37.5 | MACD: -3.24 | ATR: 4.20
  📊 Filled: 0 | Pending: 0
  💰 Daily P&L: $+0.00

[2026-07-02 11:43] O:7510.00 H:7512.75 L:7509.25 C:7510.75 V:3685.0
  📈 Trend: strong_bearish | 🌍 Regime: trending_bearish
  🗺️  Grid: 0.080% | 🔺 7511.75 🔻 7508.50
  📡 RSI: 41.4 | MACD: -2.93 | ATR: 4.16
  📊 Filled: 0 | Pending: 0
  💰 Daily P&L: $+0.00

[2026-07-02 11:44] O:7511.00 H:7513.75 L:7510.50 C:7512.25 V:2452.0
  📈 Trend: strong_bearish | 🌍 Regime: trending_bearish
  🗺️  Grid: 0.080% | 🔺 7512.75 🔻 7509.25
  📡 RSI: 50.0 | MACD: -2.53 | ATR: 4.02
  📊 Filled: 0 | Pending: 0
  💰 Daily P&L: $+0.00

[2026-07-02 11:45] O:7512.25 H:7512.75 L:7508.00 C:7509.50 V:2432.0
  📈 Trend: strong_bearish | 🌍 Regime: trending_bearish
  🗺️  Grid: 0.080% | 🔺 7513.75 🔻 7510.50
  📡 RSI: 46.6 | MACD: -2.41 | ATR: 4.18
  📊 Filled: 0 | Pending: 0
  💰 Daily P&L: $+0.00

[2026-07-02 11:46] O:7509.50 H:7511.00 L:7508.50 C:7509.00 V:1582.0
  📈 Trend: strong_bearish | 🌍 Regime: trending_bearish
  🗺️  Grid: 0.080% | 🔺 7512.75 🔻 7508.00
  📡 RSI: 47.0 | MACD: -2.33 | ATR: 4.14
  📊 Filled: 0 | Pending: 0
  💰 Daily P&L: $+0.00

[2026-07-02 11:47] O:7509.00 H:7511.75 L:7507.50 C:7510.75 V:2234.0
  📈 Trend: strong_bearish | 🌍 Regime: trending_bearish
  🗺️  Grid: 0.080% | 🔺 7511.00 🔻 7508.50
  📡 RSI: 47.9 | MACD: -2.10 | ATR: 4.21
  📊 Filled: 0 | Pending: 0
  💰 Daily P&L: $+0.00

[2026-07-02 11:48] O:7511.00 H:7512.25 L:7508.25 C:7510.50 V:3154.0
  📈 Trend: strong_bearish | 🌍 Regime: trending_bearish
  🗺️  Grid: 0.080% | 🔺 7511.75 🔻 7507.50
  📡 RSI: 53.3 | MACD: -1.91 | ATR: 4.25
  📊 Filled: 0 | Pending: 0
  💰 Daily P&L: $+0.00

[2026-07-02 11:49] O:7510.75 H:7512.75 L:7509.00 C:7509.75 V:2153.0
  📈 Trend: strong_bearish | 🌍 Regime: trending_bearish
  🗺️  Grid: 0.080% | 🔺 7512.25 🔻 7508.25
  📡 RSI: 48.0 | MACD: -1.81 | ATR: 4.23
  📊 Filled: 0 | Pending: 0
  💰 Daily P&L: $+0.00

[2026-07-02 11:50] O:7509.75 H:7509.75 L:7505.75 C:7507.50 V:2786.0
  📈 Trend: strong_bearish | 🌍 Regime: trending_bearish
  🗺️  Grid: 0.080% | 🔺 7512.75 🔻 7509.00
  📡 RSI: 48.0 | MACD: -1.88 | ATR: 4.18
  📊 Filled: 0 | Pending: 0
  💰 Daily P&L: $+0.00

[2026-07-02 11:51] O:7507.50 H:7512.00 L:7507.00 C:7510.25 V:2466.0
  📈 Trend: strong_bearish | 🌍 Regime: trending_bearish
  🗺️  Grid: 0.080% | 🔺 7509.75 🔻 7505.75
  📡 RSI: 66.3 | MACD: -1.70 | ATR: 4.02
  📊 Filled: 0 | Pending: 0
  💰 Daily P&L: $+0.00

[2026-07-02 11:52] O:7510.25 H:7513.00 L:7509.75 C:7512.25 V:2571.0
  📈 Trend: strong_bearish (raw: moderate_bearish) | 🌍 Regime: trending_bearish
  🗺️  Grid: 0.080% | 🔺 7512.00 🔻 7507.00
  📡 RSI: 67.0 | MACD: -1.38 | ATR: 3.96
  📊 Filled: 0 | Pending: 0
  💰 Daily P&L: $+0.00

[2026-07-02 11:53] O:7512.25 H:7513.50 L:7507.25 C:7508.25 V:2179.0
  📈 Trend: strong_bearish | 🌍 Regime: trending_bearish
  🗺️  Grid: 0.080% | 🔺 7513.00 🔻 7509.75
  📡 RSI: 53.1 | MACD: -1.43 | ATR: 4.14
  📊 Filled: 0 | Pending: 0
  💰 Daily P&L: $+0.00

[2026-07-02 11:54] O:7508.25 H:7511.25 L:7508.25 C:7509.00 V:1503.0
  📈 Trend: strong_bearish | 🌍 Regime: trending_bearish
  🗺️  Grid: 0.080% | 🔺 7513.50 🔻 7507.25
  📡 RSI: 45.2 | MACD: -1.40 | ATR: 3.93
  📊 Filled: 0 | Pending: 0
  💰 Daily P&L: $+0.00

[2026-07-02 11:55] O:7509.25 H:7509.25 L:7503.75 C:7504.50 V:2282.0
  📈 Trend: strong_bearish | 🌍 Regime: trending_bearish
  🗺️  Grid: 0.080% | 🔺 7511.25 🔻 7508.25
  📡 RSI: 38.8 | MACD: -1.71 | ATR: 4.02
  📊 Filled: 0 | Pending: 0
  💰 Daily P&L: $+0.00

[2026-07-02 11:56] O:7504.75 H:7504.75 L:7499.25 C:7500.25 V:2934.0
  📈 Trend: strong_bearish | 🌍 Regime: trending_bearish
  🗺️  Grid: 0.080% | 🔺 7509.25 🔻 7503.75
  📡 RSI: 33.0 | MACD: -2.28 | ATR: 4.18
  📊 Filled: 0 | Pending: 0
  💰 Daily P&L: $+0.00

[2026-07-02 11:57] O:7500.00 H:7502.00 L:7499.00 C:7499.25 V:2759.0
  📈 Trend: strong_bearish | 🌍 Regime: trending_bearish
  🗺️  Grid: 0.080% | 🔺 7504.75 🔻 7499.25
  📡 RSI: 30.2 | MACD: -2.77 | ATR: 4.14
  📊 Filled: 0 | Pending: 0
  💰 Daily P&L: $+0.00

[2026-07-02 11:58] O:7499.50 H:7501.25 L:7498.00 C:7501.25 V:3022.0
  📈 Trend: strong_bearish | 🌍 Regime: trending_bearish
  🗺️  Grid: 0.080% | 🔺 7502.00 🔻 7499.00
  📡 RSI: 31.4 | MACD: -2.97 | ATR: 4.14
  📊 Filled: 0 | Pending: 0
  💰 Daily P&L: $+0.00

[2026-07-02 11:59] O:7501.25 H:7502.50 L:7500.25 C:7501.50 V:2437.0
  📈 Trend: strong_bearish | 🌍 Regime: trending_bearish
  🗺️  Grid: 0.080% | 🔺 7501.25 🔻 7498.00
  📡 RSI: 35.2 | MACD: -3.07 | ATR: 3.96
  📊 Filled: 0 | Pending: 0
  💰 Daily P&L: $+0.00

[2026-07-02 12:00] O:7501.50 H:7503.00 L:7499.25 C:7499.50 V:3902.0
  📈 Trend: strong_bearish | 🌍 Regime: trending_bearish
  🗺️  Grid: 0.080% | 🔺 7502.50 🔻 7500.25
  📡 RSI: 33.3 | MACD: -3.28 | ATR: 4.05
  📊 Filled: 0 | Pending: 0
  💰 Daily P&L: $+0.00

[2026-07-02 12:01] O:7499.25 H:7499.75 L:7494.25 C:7496.25 V:3219.0
  📈 Trend: strong_bearish | 🌍 Regime: trending_bearish
  🗺️  Grid: 0.080% | 🔺 7503.00 🔻 7499.25
  📡 RSI: 25.8 | MACD: -3.66 | ATR: 4.14
  📊 Filled: 0 | Pending: 0
  💰 Daily P&L: $+0.00

[2026-07-02 12:02] O:7496.00 H:7499.00 L:7494.75 C:7495.25 V:3274.0
  📈 Trend: strong_bearish | 🌍 Regime: trending_bearish
  🗺️  Grid: 0.080% | 🔺 7499.75 🔻 7494.25
  📡 RSI: 25.2 | MACD: -4.00 | ATR: 4.16
  📊 Filled: 0 | Pending: 0
  💰 Daily P&L: $+0.00

[2026-07-02 12:03] O:7495.00 H:7495.25 L:7489.25 C:7490.50 V:5548.0
  📈 Trend: strong_bearish | 🌍 Regime: trending_bearish
  🗺️  Grid: 0.080% | 🔺 7499.00 🔻 7494.75
  📡 RSI: 22.3 | MACD: -4.60 | ATR: 4.32
  📊 Filled: 0 | Pending: 0
  💰 Daily P&L: $+0.00

[2026-07-02 12:04] O:7490.25 H:7491.00 L:7485.00 C:7488.25 V:4757.0
  📈 Trend: strong_bearish | 🌍 Regime: trending_bearish
  🗺️  Grid: 0.080% | 🔺 7495.25 🔻 7489.25
  📡 RSI: 22.3 | MACD: -5.19 | ATR: 4.46
  📊 Filled: 0 | Pending: 0
  💰 Daily P&L: $+0.00

[2026-07-02 12:05] O:7488.25 H:7489.75 L:7483.25 C:7489.75 V:6062.0
  📈 Trend: strong_bearish | 🌍 Regime: trending_bearish
  🗺️  Grid: 0.080% | 🔺 7491.00 🔻 7485.00
  📡 RSI: 19.4 | MACD: -5.48 | ATR: 4.57
  📊 Filled: 0 | Pending: 0
  💰 Daily P&L: $+0.00

[2026-07-02 12:06] O:7489.75 H:7496.75 L:7488.75 C:7496.75 V:5335.0
  📈 Trend: strong_bearish | 🌍 Regime: trending_bearish
  🗺️  Grid: 0.080% | 🔺 7489.75 🔻 7483.25
  📡 RSI: 29.9 | MACD: -5.08 | ATR: 4.91
  📊 Filled: 0 | Pending: 0
  💰 Daily P&L: $+0.00

[2026-07-02 12:07] O:7496.75 H:7499.50 L:7495.50 C:7496.75 V:3712.0
  📈 Trend: strong_bearish | 🌍 Regime: trending_bearish
  🗺️  Grid: 0.080% | 🔺 7496.75 🔻 7488.75
  📡 RSI: 33.3 | MACD: -4.72 | ATR: 4.75
  📊 Filled: 0 | Pending: 0
  💰 Daily P&L: $+0.00

[2026-07-02 12:08] O:7496.75 H:7497.50 L:7493.75 C:7496.50 V:2534.0
  📈 Trend: strong_bearish | 🌍 Regime: trending_bearish
  🗺️  Grid: 0.080% | 🔺 7499.50 🔻 7495.50
  📡 RSI: 31.6 | MACD: -4.39 | ATR: 4.80
  📊 Filled: 0 | Pending: 0
  💰 Daily P&L: $+0.00

[2026-07-02 12:09] O:7496.50 H:7497.75 L:7494.00 C:7495.00 V:2458.0
  📈 Trend: strong_bearish | 🌍 Regime: trending_bearish
  🗺️  Grid: 0.080% | 🔺 7497.50 🔻 7493.75
  📡 RSI: 34.7 | MACD: -4.21 | ATR: 4.68
  📊 Filled: 0 | Pending: 0
  💰 Daily P&L: $+0.00

[2026-07-02 12:10] O:7495.00 H:7496.75 L:7492.25 C:7494.25 V:1971.0
  📈 Trend: strong_bearish | 🌍 Regime: trending_bearish
  🗺️  Grid: 0.080% | 🔺 7497.75 🔻 7494.00
  📡 RSI: 39.1 | MACD: -4.08 | ATR: 4.61
  📊 Filled: 0 | Pending: 0
  💰 Daily P&L: $+0.00

[2026-07-02 12:11] O:7494.50 H:7495.50 L:7492.75 C:7495.25 V:1655.0
  📈 Trend: strong_bearish | 🌍 Regime: trending_bearish
  🗺️  Grid: 0.080% | 🔺 7496.75 🔻 7492.25
  📡 RSI: 42.7 | MACD: -3.85 | ATR: 4.59
  📊 Filled: 0 | Pending: 0
  💰 Daily P&L: $+0.00

[2026-07-02 12:12] O:7495.25 H:7496.00 L:7493.25 C:7494.25 V:1990.0
  📈 Trend: strong_bearish | 🌍 Regime: trending_bearish
  🗺️  Grid: 0.080% | 🔺 7495.50 🔻 7492.75
  📡 RSI: 36.8 | MACD: -3.71 | ATR: 4.55
  📊 Filled: 0 | Pending: 0
  💰 Daily P&L: $+0.00

[2026-07-02 12:13] O:7494.25 H:7496.00 L:7493.25 C:7495.75 V:1929.0
  📈 Trend: strong_bearish | 🌍 Regime: trending_bearish
  🗺️  Grid: 0.080% | 🔺 7496.00 🔻 7493.25
  📡 RSI: 39.6 | MACD: -3.43 | ATR: 4.59
  📊 Filled: 0 | Pending: 0
  💰 Daily P&L: $+0.00

[2026-07-02 12:14] O:7495.75 H:7499.25 L:7495.25 C:7497.50 V:2345.0
  📈 Trend: strong_bearish | 🌍 Regime: trending_bearish
  🗺️  Grid: 0.080% | 🔺 7496.00 🔻 7493.25
  📡 RSI: 46.4 | MACD: -3.04 | ATR: 4.61
  📊 Filled: 0 | Pending: 0
  💰 Daily P&L: $+0.00

[2026-07-02 12:15] O:7497.25 H:7497.75 L:7495.25 C:7497.00 V:1682.0
  📈 Trend: strong_bearish | 🌍 Regime: trending_bearish
  🗺️  Grid: 0.080% | 🔺 7499.25 🔻 7495.25
  📡 RSI: 51.5 | MACD: -2.74 | ATR: 4.39
  📊 Filled: 0 | Pending: 0
  💰 Daily P&L: $+0.00

[2026-07-02 12:16] O:7497.00 H:7500.25 L:7497.00 C:7500.00 V:2992.0
  📈 Trend: strong_bearish (raw: moderate_bearish) | 🌍 Regime: trending_bearish
  🗺️  Grid: 0.080% | 🔺 7497.75 🔻 7495.25
  📡 RSI: 58.9 | MACD: -2.23 | ATR: 4.32
  📊 Filled: 0 | Pending: 0
  💰 Daily P&L: $+0.00

[2026-07-02 12:17] O:7500.25 H:7501.75 L:7496.50 C:7497.50 V:2659.0
  📈 Trend: strong_bearish | 🌍 Regime: trending_bearish
  🗺️  Grid: 0.080% | 🔺 7500.25 🔻 7497.00
  📡 RSI: 64.3 | MACD: -2.00 | ATR: 4.27
  📊 Filled: 0 | Pending: 0
  💰 Daily P&L: $+0.00

[2026-07-02 12:18] O:7497.50 H:7500.25 L:7495.75 C:7497.25 V:1883.0
  📈 Trend: strong_bearish | 🌍 Regime: trending_bearish
  🗺️  Grid: 0.080% | 🔺 7501.75 🔻 7496.50
  📡 RSI: 70.0 | MACD: -1.83 | ATR: 4.16
  📊 Filled: 0 | Pending: 0
  💰 Daily P&L: $+0.00

[2026-07-02 12:19] O:7497.00 H:7497.25 L:7493.50 C:7494.50 V:2383.0
  📈 Trend: strong_bearish | 🌍 Regime: trending_bearish
  🗺️  Grid: 0.080% | 🔺 7500.25 🔻 7495.75
  📡 RSI: 60.0 | MACD: -1.88 | ATR: 3.96
  📊 Filled: 0 | Pending: 0
  💰 Daily P&L: $+0.00

[2026-07-02 12:20] O:7494.50 H:7496.00 L:7492.50 C:7493.75 V:2014.0
  📈 Trend: strong_bearish | 🌍 Regime: trending_bearish
  🗺️  Grid: 0.080% | 🔺 7497.25 🔻 7493.50
  📡 RSI: 41.4 | MACD: -1.97 | ATR: 3.64
  📊 Filled: 0 | Pending: 0
  💰 Daily P&L: $+0.00

[2026-07-02 12:21] O:7493.75 H:7497.75 L:7493.75 C:7496.00 V:1894.0
  📈 Trend: strong_bearish (raw: moderate_bearish) | 🌍 Regime: trending_bearish
  🗺️  Grid: 0.080% | 🔺 7496.00 🔻 7492.50
  📡 RSI: 48.1 | MACD: -1.83 | ATR: 3.64
  📊 Filled: 0 | Pending: 0
  💰 Daily P&L: $+0.00

[2026-07-02 12:22] O:7496.25 H:7499.00 L:7495.25 C:7495.50 V:1757.0
  📈 Trend: moderate_bearish | 🌍 Regime: trending_bearish
  🗺️  Grid: 0.080% | 🔺 7497.75 🔻 7493.75
  📡 RSI: 47.5 | MACD: -1.75 | ATR: 3.64
  📊 Filled: 0 | Pending: 0
  💰 Daily P&L: $+0.00

[2026-07-02 12:23] O:7495.25 H:7496.25 L:7493.75 C:7494.50 V:1396.0
  📈 Trend: moderate_bearish | 🌍 Regime: trending_bearish
  🗺️  Grid: 0.080% | 🔺 7499.00 🔻 7495.25
  📡 RSI: 48.7 | MACD: -1.74 | ATR: 3.55
  📊 Filled: 0 | Pending: 0
  💰 Daily P&L: $+0.00

[2026-07-02 12:24] O:7494.50 H:7495.75 L:7492.50 C:7493.25 V:2191.0
  📈 Trend: moderate_bearish | 🌍 Regime: trending_bearish
  🗺️  Grid: 0.080% | 🔺 7496.25 🔻 7493.75
  📡 RSI: 47.5 | MACD: -1.81 | ATR: 3.46
  📊 Filled: 0 | Pending: 0
  💰 Daily P&L: $+0.00

[2026-07-02 12:25] O:7493.25 H:7494.00 L:7492.50 C:7493.50 V:1302.0
  📈 Trend: moderate_bearish (raw: strong_bearish) | 🌍 Regime: ranging
  🗺️  Grid: 0.080% | 🔺 7495.75 🔻 7492.50
  📡 RSI: 45.5 | MACD: -1.83 | ATR: 3.38
  📊 Filled: 0 | Pending: 0
  🔲 Regime: RANGING | Range pos: 14% | RSI: 45.5
  💰 Daily P&L: $+0.00

[2026-07-02 12:26] O:7493.50 H:7495.25 L:7491.25 C:7491.75 V:1465.0
  📈 Trend: strong_bearish | 🌍 Regime: ranging
  🗺️  Grid: 0.080% | 🔺 7494.00 🔻 7492.50
  📡 RSI: 43.8 | MACD: -1.96 | ATR: 3.46
  📊 Filled: 0 | Pending: 0
  🔲 Regime: RANGING | Range pos: 11% | RSI: 43.8
  💰 Daily P&L: $+0.00

[2026-07-02 12:27] O:7491.75 H:7494.25 L:7491.75 C:7493.50 V:1366.0
  📈 Trend: strong_bearish | 🌍 Regime: ranging
  🗺️  Grid: 0.080% | 🔺 7495.25 🔻 7491.25
  📡 RSI: 44.4 | MACD: -1.90 | ATR: 3.45
  📊 Filled: 0 | Pending: 0
  🔲 Regime: RANGING | Range pos: 14% | RSI: 44.4
  💰 Daily P&L: $+0.00

[2026-07-02 12:28] O:7493.50 H:7495.00 L:7492.50 C:7495.00 V:1378.0
  📈 Trend: strong_bearish | 🌍 Regime: ranging
  🗺️  Grid: 0.080% | 🔺 7494.25 🔻 7491.75
  📡 RSI: 43.8 | MACD: -1.71 | ATR: 3.34
  📊 Filled: 0 | Pending: 0
  🔲 Regime: RANGING | Range pos: 16% | RSI: 43.8
  💰 Daily P&L: $+0.00

[2026-07-02 12:29] O:7495.00 H:7496.25 L:7493.50 C:7495.00 V:1393.0
  📈 Trend: strong_bearish (raw: moderate_bearish) | 🌍 Regime: ranging
  🗺️  Grid: 0.080% | 🔺 7495.00 🔻 7492.50
  📡 RSI: 44.9 | MACD: -1.55 | ATR: 3.36
  📊 Filled: 0 | Pending: 0
  🔲 Regime: RANGING | Range pos: 16% | RSI: 44.9
  💰 Daily P&L: $+0.00

[2026-07-02 12:30] O:7495.00 H:7497.50 L:7494.50 C:7495.75 V:2301.0
  📈 Trend: moderate_bearish | 🌍 Regime: ranging
  🗺️  Grid: 0.080% | 🔺 7496.25 🔻 7493.50
  📡 RSI: 37.7 | MACD: -1.34 | ATR: 3.34
  📊 Filled: 0 | Pending: 0
  🔲 Regime: RANGING | Range pos: 17% | RSI: 37.7
  💰 Daily P&L: $+0.00

[2026-07-02 12:31] O:7495.75 H:7498.00 L:7495.75 C:7497.25 V:2379.0
  📈 Trend: moderate_bearish | 🌍 Regime: ranging
  🗺️  Grid: 0.080% | 🔺 7497.50 🔻 7494.50
  📡 RSI: 49.2 | MACD: -1.04 | ATR: 3.12
  📊 Filled: 0 | Pending: 0
  🔲 Regime: RANGING | Range pos: 18% | RSI: 49.2
  💰 Daily P&L: $+0.00

[2026-07-02 12:32] O:7497.50 H:7498.75 L:7496.50 C:7498.25 V:1784.0
  📈 Trend: moderate_bearish | 🌍 Regime: ranging
  🗺️  Grid: 0.080% | 🔺 7498.00 🔻 7495.75
  📡 RSI: 52.9 | MACD: -0.72 | ATR: 2.96
  📊 Filled: 0 | Pending: 0
  🔲 Regime: RANGING | Range pos: 20% | RSI: 52.9
  💰 Daily P&L: $+0.00

[2026-07-02 12:33] O:7498.25 H:7500.75 L:7497.25 C:7498.00 V:2122.0
  📈 Trend: moderate_bearish | 🌍 Regime: ranging
  🗺️  Grid: 0.080% | 🔺 7498.75 🔻 7496.50
  📡 RSI: 62.1 | MACD: -0.47 | ATR: 2.95
  📊 Filled: 0 | Pending: 0
  🔲 Regime: RANGING | Range pos: 19% | RSI: 62.1
  💰 Daily P&L: $+0.00

[2026-07-02 12:34] O:7498.25 H:7499.50 L:7493.50 C:7493.75 V:2448.0
  📈 Trend: moderate_bearish (raw: strong_bearish) | 🌍 Regime: ranging
  🗺️  Grid: 0.080% | 🔺 7500.75 🔻 7497.25
  📡 RSI: 50.0 | MACD: -0.62 | ATR: 3.12
  📊 Filled: 0 | Pending: 0
  🔲 Regime: RANGING | Range pos: 14% | RSI: 50.0
  💰 Daily P&L: $+0.00

[2026-07-02 12:35] O:7493.75 H:7495.50 L:7491.50 C:7493.25 V:2189.0
  📈 Trend: strong_bearish | 🌍 Regime: ranging
  🗺️  Grid: 0.080% | 🔺 7499.50 🔻 7493.50
  📡 RSI: 41.5 | MACD: -0.76 | ATR: 3.12
  📊 Filled: 0 | Pending: 0
  🔲 Regime: RANGING | Range pos: 13% | RSI: 41.5
  💰 Daily P&L: $+0.00

[2026-07-02 12:36] O:7493.25 H:7493.75 L:7489.25 C:7490.00 V:2275.0
  📈 Trend: strong_bearish | 🌍 Regime: ranging
  🗺️  Grid: 0.080% | 🔺 7495.50 🔻 7491.50
  📡 RSI: 35.5 | MACD: -1.13 | ATR: 3.18
  📊 Filled: 0 | Pending: 0
  🔲 Regime: RANGING | Range pos: 9% | RSI: 35.5
  💰 Daily P&L: $+0.00

[2026-07-02 12:37] O:7490.25 H:7490.50 L:7487.75 C:7489.75 V:1937.0
  📈 Trend: strong_bearish | 🌍 Regime: ranging
  🗺️  Grid: 0.080% | 🔺 7493.75 🔻 7489.25
  📡 RSI: 37.0 | MACD: -1.42 | ATR: 3.20
  📊 Filled: 0 | Pending: 0
  🔲 Regime: RANGING | Range pos: 9% | RSI: 37.0
  💰 Daily P&L: $+0.00

[2026-07-02 12:38] O:7489.50 H:7491.75 L:7487.25 C:7488.50 V:1981.0
  📈 Trend: strong_bearish | 🌍 Regime: ranging
  🗺️  Grid: 0.080% | 🔺 7490.50 🔻 7487.75
  📡 RSI: 37.0 | MACD: -1.73 | ATR: 3.29
  📊 Filled: 0 | Pending: 0
  🔲 Regime: RANGING | Range pos: 7% | RSI: 37.0
  💰 Daily P&L: $+0.00

[2026-07-02 12:39] O:7488.25 H:7489.25 L:7485.75 C:7487.00 V:2648.0
  📈 Trend: strong_bearish | 🌍 Regime: ranging
  🗺️  Grid: 0.080% | 🔺 7491.75 🔻 7487.25
  📡 RSI: 33.3 | MACD: -2.08 | ATR: 3.43
  📊 Filled: 0 | Pending: 0
  🔲 Regime: RANGING | Range pos: 5% | RSI: 33.3
  🚫 Raw trend blocks RANGING LONG | raw: strong_bearish
  💰 Daily P&L: $+0.00

[2026-07-02 12:40] O:7487.00 H:7488.25 L:7483.50 C:7487.50 V:3360.0
  📈 Trend: strong_bearish | 🌍 Regime: ranging
  🗺️  Grid: 0.080% | 🔺 7489.25 🔻 7485.75
  📡 RSI: 38.4 | MACD: -2.28 | ATR: 3.48
  📊 Filled: 0 | Pending: 0
  🔲 Regime: RANGING | Range pos: 6% | RSI: 38.4
  💰 Daily P&L: $+0.00

[2026-07-02 12:41] O:7487.75 H:7491.25 L:7487.75 C:7490.25 V:2903.0
  📈 Trend: strong_bearish | 🌍 Regime: trending_bearish
  🗺️  Grid: 0.080% | 🔺 7488.25 🔻 7483.50
  📡 RSI: 41.6 | MACD: -2.20 | ATR: 3.57
  📊 Filled: 0 | Pending: 0
  💰 Daily P&L: $+0.00

[2026-07-02 12:42] O:7490.25 H:7491.75 L:7489.00 C:7490.25 V:1902.0
  📈 Trend: strong_bearish | 🌍 Regime: trending_bearish
  🗺️  Grid: 0.080% | 🔺 7491.25 🔻 7487.75
  📡 RSI: 36.6 | MACD: -2.11 | ATR: 3.59
  📊 Filled: 0 | Pending: 0
  💰 Daily P&L: $+0.00

[2026-07-02 12:43] O:7490.25 H:7491.25 L:7488.00 C:7490.50 V:1872.0
  📈 Trend: strong_bearish | 🌍 Regime: trending_bearish
  🗺️  Grid: 0.080% | 🔺 7491.75 🔻 7489.00
  📡 RSI: 37.5 | MACD: -2.00 | ATR: 3.62
  📊 Filled: 0 | Pending: 0
  💰 Daily P&L: $+0.00

[2026-07-02 12:44] O:7490.50 H:7491.50 L:7488.00 C:7490.75 V:1501.0
  📈 Trend: strong_bearish | 🌍 Regime: trending_bearish
  🗺️  Grid: 0.080% | 🔺 7491.25 🔻 7488.00
  📡 RSI: 35.7 | MACD: -1.86 | ATR: 3.66
  📊 Filled: 0 | Pending: 0
  💰 Daily P&L: $+0.00

[2026-07-02 12:45] O:7490.75 H:7491.00 L:7487.50 C:7488.50 V:1757.0
  📈 Trend: strong_bearish | 🌍 Regime: trending_bearish
  🗺️  Grid: 0.080% | 🔺 7491.50 🔻 7488.00
  📡 RSI: 26.0 | MACD: -1.92 | ATR: 3.75
  📊 Filled: 0 | Pending: 0
  💰 Daily P&L: $+0.00

[2026-07-02 12:46] O:7488.50 H:7489.25 L:7485.75 C:7486.50 V:1807.0
  📈 Trend: strong_bearish | 🌍 Regime: trending_bearish
  🗺️  Grid: 0.080% | 🔺 7491.00 🔻 7487.50
  📡 RSI: 19.5 | MACD: -2.10 | ATR: 3.84
  📊 Filled: 0 | Pending: 0
  💰 Daily P&L: $+0.00

[2026-07-02 12:47] O:7486.50 H:7487.25 L:7482.75 C:7483.00 V:2286.0
  📈 Trend: strong_bearish | 🌍 Regime: trending_bearish
  🗺️  Grid: 0.080% | 🔺 7489.25 🔻 7485.75
  📡 RSI: 16.7 | MACD: -2.49 | ATR: 3.91
  📊 Filled: 0 | Pending: 0
  💰 Daily P&L: $+0.00

[2026-07-02 12:48] O:7483.00 H:7486.00 L:7481.50 C:7485.25 V:2657.0
  📈 Trend: strong_bearish | 🌍 Regime: trending_bearish
  🗺️  Grid: 0.080% | 🔺 7487.25 🔻 7482.75
  📡 RSI: 29.3 | MACD: -2.60 | ATR: 3.80
  📊 Filled: 0 | Pending: 0
  💰 Daily P&L: $+0.00

[2026-07-02 12:49] O:7485.00 H:7487.00 L:7484.25 C:7485.75 V:2057.0
  📈 Trend: strong_bearish | 🌍 Regime: trending_bearish
  🗺️  Grid: 0.080% | 🔺 7486.00 🔻 7481.50
  📡 RSI: 31.7 | MACD: -2.61 | ATR: 3.71
  📊 Filled: 0 | Pending: 0
  💰 Daily P&L: $+0.00

[2026-07-02 12:50] O:7485.75 H:7486.25 L:7483.00 C:7485.00 V:1678.0
  📈 Trend: strong_bearish | 🌍 Regime: trending_bearish
  🗺️  Grid: 0.080% | 🔺 7487.00 🔻 7484.25
  📡 RSI: 36.1 | MACD: -2.65 | ATR: 3.62
  📊 Filled: 0 | Pending: 0
  💰 Daily P&L: $+0.00

[2026-07-02 12:51] O:7485.25 H:7487.00 L:7483.50 C:7485.75 V:1869.0
  📈 Trend: strong_bearish | 🌍 Regime: trending_bearish
  🗺️  Grid: 0.080% | 🔺 7486.25 🔻 7483.00
  📡 RSI: 39.2 | MACD: -2.59 | ATR: 3.68
  📊 Filled: 0 | Pending: 0
  💰 Daily P&L: $+0.00

[2026-07-02 12:52] O:7486.00 H:7487.25 L:7484.00 C:7486.50 V:1525.0
  📈 Trend: strong_bearish | 🌍 Regime: trending_bearish
  🗺️  Grid: 0.080% | 🔺 7487.00 🔻 7483.50
  📡 RSI: 44.4 | MACD: -2.45 | ATR: 3.59
  📊 Filled: 0 | Pending: 0
  💰 Daily P&L: $+0.00

[2026-07-02 12:53] O:7486.75 H:7488.25 L:7486.25 C:7487.00 V:1483.0
  📈 Trend: strong_bearish | 🌍 Regime: trending_bearish
  🗺️  Grid: 0.080% | 🔺 7487.25 🔻 7484.00
  📡 RSI: 50.0 | MACD: -2.28 | ATR: 3.48
  📊 Filled: 0 | Pending: 0
  💰 Daily P&L: $+0.00

[2026-07-02 12:54] O:7487.25 H:7490.50 L:7487.00 C:7489.00 V:2957.0
  📈 Trend: strong_bearish | 🌍 Regime: trending_bearish
  🗺️  Grid: 0.080% | 🔺 7488.25 🔻 7486.25
  📡 RSI: 54.1 | MACD: -1.95 | ATR: 3.39
  📊 Filled: 0 | Pending: 0
  💰 Daily P&L: $+0.00

[2026-07-02 12:55] O:7489.25 H:7490.00 L:7486.75 C:7487.25 V:1552.0
  📈 Trend: strong_bearish | 🌍 Regime: trending_bearish
  🗺️  Grid: 0.080% | 🔺 7490.50 🔻 7487.00
  📡 RSI: 41.4 | MACD: -1.82 | ATR: 3.36
  📊 Filled: 0 | Pending: 0
  💰 Daily P&L: $+0.00

[2026-07-02 12:56] O:7487.25 H:7487.50 L:7483.75 C:7485.50 V:1418.0
  📈 Trend: strong_bearish | 🌍 Regime: trending_bearish
  🗺️  Grid: 0.080% | 🔺 7490.00 🔻 7486.75
  📡 RSI: 37.7 | MACD: -1.83 | ATR: 3.43
  📊 Filled: 0 | Pending: 0
  💰 Daily P&L: $+0.00

[2026-07-02 12:57] O:7485.50 H:7486.50 L:7484.50 C:7485.00 V:1302.0
  📈 Trend: strong_bearish | 🌍 Regime: trending_bearish
  🗺️  Grid: 0.080% | 🔺 7487.50 🔻 7483.75
  📡 RSI: 35.9 | MACD: -1.86 | ATR: 3.34
  📊 Filled: 0 | Pending: 0
  💰 Daily P&L: $+0.00

[2026-07-02 12:58] O:7485.25 H:7485.25 L:7480.25 C:7480.50 V:2299.0
  📈 Trend: strong_bearish | 🌍 Regime: trending_bearish
  🗺️  Grid: 0.080% | 🔺 7486.50 🔻 7484.50
  📡 RSI: 28.4 | MACD: -2.22 | ATR: 3.45
  📊 Filled: 0 | Pending: 0
  💰 Daily P&L: $+0.00

[2026-07-02 12:59] O:7480.50 H:7482.25 L:7479.50 C:7482.00 V:3120.0
  📈 Trend: strong_bearish | 🌍 Regime: trending_bearish
  🗺️  Grid: 0.080% | 🔺 7485.25 🔻 7480.25
  📡 RSI: 35.9 | MACD: -2.36 | ATR: 3.39
  📊 Filled: 0 | Pending: 0
  💰 Daily P&L: $+0.00

[2026-07-02 13:00] O:7482.25 H:7484.75 L:7480.00 C:7484.25 V:3093.0
  📈 Trend: strong_bearish | 🌍 Regime: trending_bearish
  🗺️  Grid: 0.080% | 🔺 7482.25 🔻 7479.50
  📡 RSI: 45.2 | MACD: -2.26 | ATR: 3.48
  📊 Filled: 0 | Pending: 0
  💰 Daily P&L: $+0.00

[2026-07-02 13:01] O:7484.25 H:7486.50 L:7483.00 C:7484.50 V:2310.0
  📈 Trend: strong_bearish | 🌍 Regime: trending_bearish
  🗺️  Grid: 0.080% | 🔺 7484.75 🔻 7480.00
  📡 RSI: 53.8 | MACD: -2.14 | ATR: 3.41
  📊 Filled: 0 | Pending: 0
  💰 Daily P&L: $+0.00

[2026-07-02 13:02] O:7484.50 H:7486.75 L:7484.25 C:7485.25 V:1553.0
  📈 Trend: strong_bearish | 🌍 Regime: trending_bearish
  🗺️  Grid: 0.080% | 🔺 7486.50 🔻 7483.00
  📡 RSI: 50.0 | MACD: -1.96 | ATR: 3.27
  📊 Filled: 0 | Pending: 0
  💰 Daily P&L: $+0.00

[2026-07-02 13:03] O:7485.00 H:7486.25 L:7483.75 C:7486.00 V:1515.0
  📈 Trend: strong_bearish | 🌍 Regime: trending_bearish
  🗺️  Grid: 0.080% | 🔺 7486.75 🔻 7484.25
  📡 RSI: 50.7 | MACD: -1.73 | ATR: 3.25
  📊 Filled: 0 | Pending: 0
  💰 Daily P&L: $+0.00

[2026-07-02 13:04] O:7486.25 H:7489.25 L:7486.00 C:7489.00 V:2230.0
  📈 Trend: strong_bearish (raw: moderate_bearish) | 🌍 Regime: trending_bearish
  🗺️  Grid: 0.080% | 🔺 7486.25 🔻 7483.75
  📡 RSI: 59.5 | MACD: -1.30 | ATR: 3.25
  📊 Filled: 0 | Pending: 0
  💰 Daily P&L: $+0.00

[2026-07-02 13:05] O:7489.00 H:7495.25 L:7488.25 C:7494.50 V:3350.0
  📈 Trend: moderate_bearish | 🌍 Regime: trending_bearish
  🗺️  Grid: 0.080% | 🔺 7489.25 🔻 7486.00
  📡 RSI: 67.0 | MACD: -0.51 | ATR: 3.50
  📊 Filled: 0 | Pending: 0
  💰 Daily P&L: $+0.00

[2026-07-02 13:06] O:7494.50 H:7502.25 L:7494.25 C:7499.00 V:4531.0
  📈 Trend: moderate_bearish (raw: moderate_bullish) | 🌍 Regime: trending_bullish
  🗺️  Grid: 0.080% | 🔺 7495.25 🔻 7488.25
  📡 RSI: 71.2 | MACD: 0.48 | ATR: 3.84
  📊 Filled: 0 | Pending: 0
  💰 Daily P&L: $+0.00

[2026-07-02 13:07] O:7498.75 H:7501.25 L:7497.00 C:7499.50 V:4113.0
  📈 Trend: moderate_bullish | 🌍 Regime: trending_bullish
  🗺️  Grid: 0.080% | 🔺 7502.25 🔻 7494.25
  📡 RSI: 71.2 | MACD: 1.29 | ATR: 4.00
  📊 Filled: 0 | Pending: 0
  💰 Daily P&L: $+0.00

[2026-07-02 13:08] O:7499.50 H:7502.00 L:7498.75 C:7501.50 V:2253.0
  📈 Trend: moderate_bullish | 🌍 Regime: trending_bullish
  🗺️  Grid: 0.080% | 🔺 7501.25 🔻 7497.00
  📡 RSI: 71.2 | MACD: 2.07 | ATR: 3.98
  📊 Filled: 0 | Pending: 0
  💰 Daily P&L: $+0.00

[2026-07-02 13:09] O:7501.50 H:7504.50 L:7500.75 C:7504.25 V:2598.0
  📈 Trend: moderate_bullish | 🌍 Regime: trending_bullish
  🗺️  Grid: 0.080% | 🔺 7502.00 🔻 7498.75
  📡 RSI: 77.9 | MACD: 2.87 | ATR: 4.02
  📊 Filled: 0 | Pending: 0
  💰 Daily P&L: $+0.00

[2026-07-02 13:10] O:7504.00 H:7508.75 L:7502.75 C:7505.00 V:5354.0
  📈 Trend: moderate_bullish | 🌍 Regime: trending_bullish
  🗺️  Grid: 0.080% | 🔺 7504.50 🔻 7500.75
  📡 RSI: 83.1 | MACD: 3.53 | ATR: 4.18
  📊 Filled: 0 | Pending: 0
  💰 Daily P&L: $+0.00

[2026-07-02 13:11] O:7505.00 H:7506.25 L:7503.00 C:7504.50 V:1945.0
  📈 Trend: moderate_bullish | 🌍 Regime: trending_bullish
  🗺️  Grid: 0.080% | 🔺 7508.75 🔻 7502.75
  📡 RSI: 83.1 | MACD: 3.96 | ATR: 4.27
  📊 Filled: 0 | Pending: 0
  💰 Daily P&L: $+0.00

[2026-07-02 13:12] O:7504.50 H:7506.00 L:7503.00 C:7505.75 V:1984.0
  📈 Trend: moderate_bullish (raw: strong_bullish) | 🌍 Regime: trending_bullish
  🗺️  Grid: 0.080% | 🔺 7506.25 🔻 7503.00
  📡 RSI: 98.1 | MACD: 4.36 | ATR: 4.12
  📊 Filled: 0 | Pending: 0
  💰 Daily P&L: $+0.00

[2026-07-02 13:13] O:7505.50 H:7506.00 L:7503.00 C:7503.50 V:2077.0
  📈 Trend: strong_bullish | 🌍 Regime: trending_bullish
  🗺️  Grid: 0.080% | 🔺 7506.00 🔻 7503.00
  📡 RSI: 89.8 | MACD: 4.44 | ATR: 4.14
  📊 Filled: 0 | Pending: 0
  💰 Daily P&L: $+0.00

[2026-07-02 13:14] O:7503.75 H:7504.25 L:7501.00 C:7501.75 V:1913.0
  📈 Trend: strong_bullish | 🌍 Regime: trending_bullish
  🗺️  Grid: 0.080% | 🔺 7506.00 🔻 7503.00
  📡 RSI: 83.0 | MACD: 4.31 | ATR: 4.04
  📊 Filled: 0 | Pending: 0
  💰 Daily P&L: $+0.00

[2026-07-02 13:15] O:7501.75 H:7503.50 L:7499.75 C:7501.75 V:2677.0
  📈 Trend: strong_bullish | 🌍 Regime: trending_bullish
  🗺️  Grid: 0.080% | 🔺 7504.25 🔻 7501.00
  📡 RSI: 82.9 | MACD: 4.16 | ATR: 4.05
  📊 Filled: 0 | Pending: 0
  💰 Daily P&L: $+0.00

[2026-07-02 13:16] O:7501.50 H:7502.75 L:7500.00 C:7501.25 V:1836.0
  📈 Trend: strong_bullish | 🌍 Regime: trending_bullish
  🗺️  Grid: 0.080% | 🔺 7503.50 🔻 7499.75
  📡 RSI: 80.8 | MACD: 3.96 | ATR: 4.07
  📊 Filled: 0 | Pending: 0
  💰 Daily P&L: $+0.00

[2026-07-02 13:17] O:7501.00 H:7501.25 L:7495.00 C:7495.50 V:2197.0
  📈 Trend: strong_bullish (raw: moderate_bullish) | 🌍 Regime: ranging
  🗺️  Grid: 0.080% | 🔺 7502.75 🔻 7500.00
  📡 RSI: 65.3 | MACD: 3.30 | ATR: 4.34
  📊 Filled: 0 | Pending: 0
  🔲 Regime: RANGING | Range pos: 20% | RSI: 65.3
  💰 Daily P&L: $+0.00

[2026-07-02 13:18] O:7495.25 H:7497.75 L:7493.50 C:7495.25 V:3524.0
  📈 Trend: moderate_bullish | 🌍 Regime: ranging
  🗺️  Grid: 0.080% | 🔺 7501.25 🔻 7495.00
  📡 RSI: 61.1 | MACD: 2.72 | ATR: 4.41
  📊 Filled: 0 | Pending: 0
  🔲 Regime: RANGING | Range pos: 20% | RSI: 61.1
  💰 Daily P&L: $+0.00

[2026-07-02 13:19] O:7495.25 H:7497.00 L:7494.50 C:7496.25 V:1752.0
  📈 Trend: moderate_bullish | 🌍 Regime: ranging
  🗺️  Grid: 0.080% | 🔺 7497.75 🔻 7493.50
  📡 RSI: 53.7 | MACD: 2.32 | ATR: 4.09
  📊 Filled: 0 | Pending: 0
  🔲 Regime: RANGING | Range pos: 21% | RSI: 53.7
  💰 Daily P&L: $+0.00

[2026-07-02 13:20] O:7496.25 H:7500.50 L:7496.25 C:7499.75 V:2202.0
  📈 Trend: moderate_bullish | 🌍 Regime: ranging
  🗺️  Grid: 0.080% | 🔺 7497.00 🔻 7494.50
  📡 RSI: 51.6 | MACD: 2.25 | ATR: 3.82
  📊 Filled: 0 | Pending: 0
  🔲 Regime: RANGING | Range pos: 25% | RSI: 51.6
  💰 Daily P&L: $+0.00

[2026-07-02 13:21] O:7499.75 H:7501.00 L:7499.00 C:7500.50 V:2159.0
  📈 Trend: moderate_bullish | 🌍 Regime: ranging
  🗺️  Grid: 0.080% | 🔺 7500.50 🔻 7496.25
  📡 RSI: 52.2 | MACD: 2.24 | ATR: 3.66
  📊 Filled: 0 | Pending: 0
  🔲 Regime: RANGING | Range pos: 26% | RSI: 52.2
  💰 Daily P&L: $+0.00

[2026-07-02 13:22] O:7500.50 H:7502.75 L:7499.75 C:7500.75 V:1282.0
  📈 Trend: moderate_bullish | 🌍 Regime: ranging
  🗺️  Grid: 0.080% | 🔺 7501.00 🔻 7499.00
  📡 RSI: 48.2 | MACD: 2.22 | ATR: 3.64
  📊 Filled: 0 | Pending: 0
  🔲 Regime: RANGING | Range pos: 27% | RSI: 48.2
  💰 Daily P&L: $+0.00

[2026-07-02 13:23] O:7500.75 H:7500.75 L:7499.00 C:7500.25 V:1058.0
  📈 Trend: moderate_bullish | 🌍 Regime: trending_bullish
  🗺️  Grid: 0.080% | 🔺 7502.75 🔻 7499.75
  📡 RSI: 39.5 | MACD: 2.14 | ATR: 3.50
  📊 Filled: 0 | Pending: 0
  💰 Daily P&L: $+0.00

[2026-07-02 13:24] O:7500.25 H:7501.25 L:7499.75 C:7501.00 V:1216.0
  📈 Trend: moderate_bullish | 🌍 Regime: trending_bullish
  🗺️  Grid: 0.080% | 🔺 7500.75 🔻 7499.00
  📡 RSI: 39.5 | MACD: 2.11 | ATR: 3.18
  📊 Filled: 0 | Pending: 0
  📤 Limit BUY 10 @ 7501.00 submitted (ID: 507)
  ⬆️ LONG ORDER @ 7501.00 | Size: 1.00 | SL: 7494.75 | TP: 7510.50 [10cts]
     Reason: Grid Long (moderate_bullish, RSI: 39.5)
  🔬 SHADOW [long trending]: 🟥 ROBUST WOULD BLOCK (1 filter)
       MACD=BLOCK (+2.11 vs +2.14, Δ-0.03) | 5m=PASS (1m=moderate_bullish, 5m=sideways)
     ⏳ Order 507 PENDING - awaiting fill confirmation
  💰 Daily P&L: $+0.00
  📋 Order 507 status: Submitted
  ✅ Fill: BOT 5.0 @ 7501.0
  📋 Order 507 status: Submitted
  ✅ Fill: BOT 5.0 @ 7501.0
  📋 Order 507 status: Filled
  📤 Stop-Limit SELL 10 @ stop:7493.00 / lmt:7489.00 submitted (ID: 508)
  📋 Order 508 status: PreSubmitted
  📤 Limit SELL 10 @ 7510.50 submitted (ID: 509)
  📋 Order 509 status: Submitted
  ✅ FILL CONFIRMED: LONG @ 7501.00 (order 507)
     📊 Bracket placed: SL #508 @ 7493.00 | TP #509 @ 7510.50
     Trail activates @ +7.5 pts

[2026-07-02 13:25] O:7501.00 H:7504.50 L:7500.50 C:7500.50 V:1603.0
  📈 Trend: moderate_bullish | 🌍 Regime: trending_bullish
  🗺️  Grid: 0.080% | 🔺 7501.25 🔻 7499.75
  📡 RSI: 39.5 | MACD: 2.03 | ATR: 3.23
  📊 Filled: 1 | Pending: 0
  📍 LONG @ 7501.00 | SL: 7493.00 | TP: 7510.50 | P&L: $-250.00 | +7.5 to trail
  💰 Daily P&L: $+0.00

[2026-07-02 13:26] O:7500.50 H:7503.50 L:7499.25 C:7503.25 V:1242.0
  📈 Trend: moderate_bullish | 🌍 Regime: trending_bullish
  🗺️  Grid: 0.080% | 🔺 7504.50 🔻 7500.50
  📡 RSI: 43.9 | MACD: 2.16 | ATR: 3.32
  📊 Filled: 1 | Pending: 0
  📍 LONG @ 7501.00 | SL: 7493.00 | TP: 7510.50 | P&L: $+1,125.00 | +4.0 to trail
  💰 Daily P&L: $+0.00

[2026-07-02 13:27] O:7503.25 H:7504.50 L:7502.00 C:7503.75 V:1791.0
  📈 Trend: moderate_bullish | 🌍 Regime: trending_bullish
  🗺️  Grid: 0.080% | 🔺 7503.50 🔻 7499.25
  📡 RSI: 50.7 | MACD: 2.28 | ATR: 3.29
  📊 Filled: 1 | Pending: 0
  📍 LONG @ 7501.00 | SL: 7493.00 | TP: 7510.50 | P&L: $+1,375.00 | +4.0 to trail
  💰 Daily P&L: $+0.00

[2026-07-02 13:28] O:7504.00 H:7506.25 L:7503.50 C:7505.25 V:1789.0
  📈 Trend: moderate_bullish (raw: strong_bullish) | 🌍 Regime: trending_bullish
  🗺️  Grid: 0.080% | 🔺 7504.50 🔻 7502.00
  📡 RSI: 59.5 | MACD: 2.46 | ATR: 3.25
  📊 Filled: 1 | Pending: 0
  📍 LONG @ 7501.00 | SL: 7493.00 | TP: 7510.50 | P&L: $+2,125.00 | +4.0 to trail
  💰 Daily P&L: $+0.00

[2026-07-02 13:29] O:7505.25 H:7506.75 L:7504.25 C:7506.50 V:1587.0
  📈 Trend: strong_bullish | 🌍 Regime: trending_bullish
  🗺️  Grid: 0.080% | 🔺 7506.25 🔻 7503.50
  📡 RSI: 62.0 | MACD: 2.68 | ATR: 3.16
  📊 Filled: 1 | Pending: 0
  📍 LONG @ 7501.00 | SL: 7493.00 | TP: 7510.50 | P&L: $+2,750.00 | +2.2 to trail
  💰 Daily P&L: $+0.00
  ✅ Fill: SLD 2.0 @ 7510.5
  📋 Order 509 status: Submitted

[2026-07-02 13:30] O:7506.50 H:7510.75 L:7505.75 C:7509.00 V:3568.0
  📈 Trend: strong_bullish | 🌍 Regime: trending_bullish
  🗺️  Grid: 0.080% | 🔺 7506.75 🔻 7504.25
  📡 RSI: 67.8 | MACD: 3.02 | ATR: 3.32
  📊 Filled: 1 | Pending: 0
  📍 LONG @ 7501.00 | SL: 7493.00 | TP: 7510.50 | P&L: $+4,000.00 | +1.8 to trail
  ✏️ Stop order 508 modified → 7509.25 [confirmed]
  🔄 TRAILING ACTIVATED @ +9.75pts | Stop: 7493.00 → 7509.25
  💰 Daily P&L: $+0.00
  ✅ Fill: SLD 10.0 @ 7509.0
  📋 Order 508 status: Filled
  ✅ Fill: SLD 8.0 @ 7510.5
  📋 Order 509 status: Filled

[2026-07-02 13:31] O:7509.25 H:7512.25 L:7509.00 C:7512.00 V:2651.0
  📈 Trend: strong_bullish | 🌍 Regime: trending_bullish
  🗺️  Grid: 0.080% | 🔺 7510.75 🔻 7505.75
  📡 RSI: 93.4 | MACD: 3.49 | ATR: 3.11
  📊 Filled: 1 | Pending: 0
  📍 LONG @ 7501.00 | Trail: 7509.25 | TP: 7510.50 | P&L: $+5,500.00 | 🔒 Trailing
  ✅ EXIT LONG @ 7509.00 | Trailing Stop
     P&L: +8.00 pts ($+4,000.00) | Daily: $+4,000.00
  ⏸️ Cooldown: 2 bar(s) remaining after exit
  💰 Daily P&L: $+4,000.00

[2026-07-02 13:32] O:7512.00 H:7512.25 L:7509.50 C:7511.50 V:2365.0
  📈 Trend: strong_bullish | 🌍 Regime: trending_bullish
  🗺️  Grid: 0.080% | 🔺 7512.25 🔻 7509.00
  📡 RSI: 92.2 | MACD: 3.78 | ATR: 3.00
  📊 Filled: 0 | Pending: 0
  ⏸️ Cooldown: 1 bar(s) remaining after exit
  💰 Daily P&L: $+4,000.00

[2026-07-02 13:33] O:7511.50 H:7512.75 L:7511.25 C:7511.75 V:1949.0
  📈 Trend: strong_bullish | 🌍 Regime: trending_bullish
  🗺️  Grid: 0.080% | 🔺 7512.25 🔻 7509.50
  📡 RSI: 91.9 | MACD: 3.98 | ATR: 2.93
  📊 Filled: 0 | Pending: 0
  💰 Daily P&L: $+4,000.00

[2026-07-02 13:34] O:7511.75 H:7511.75 L:7507.50 C:7508.75 V:3037.0
  📈 Trend: strong_bullish | 🌍 Regime: trending_bullish
  🗺️  Grid: 0.080% | 🔺 7512.75 🔻 7511.25
  📡 RSI: 75.0 | MACD: 3.85 | ATR: 2.93
  📊 Filled: 0 | Pending: 0
  💰 Daily P&L: $+4,000.00

[2026-07-02 13:35] O:7509.00 H:7512.00 L:7508.50 C:7509.25 V:2325.0
  📈 Trend: strong_bullish | 🌍 Regime: trending_bullish
  🗺️  Grid: 0.080% | 🔺 7511.75 🔻 7507.50
  📡 RSI: 74.6 | MACD: 3.75 | ATR: 3.04
  📊 Filled: 0 | Pending: 0
  💰 Daily P&L: $+4,000.00

[2026-07-02 13:36] O:7509.50 H:7510.50 L:7508.00 C:7509.00 V:2275.0
  📈 Trend: strong_bullish | 🌍 Regime: trending_bullish
  🗺️  Grid: 0.080% | 🔺 7512.00 🔻 7508.50
  📡 RSI: 73.2 | MACD: 3.61 | ATR: 3.00
  📊 Filled: 0 | Pending: 0
  💰 Daily P&L: $+4,000.00

[2026-07-02 13:37] O:7509.25 H:7511.25 L:7508.50 C:7510.50 V:1200.0
  📈 Trend: strong_bullish | 🌍 Regime: trending_bullish
  🗺️  Grid: 0.080% | 🔺 7510.50 🔻 7508.00
  📡 RSI: 77.3 | MACD: 3.58 | ATR: 3.07
  📊 Filled: 0 | Pending: 0
  💰 Daily P&L: $+4,000.00

[2026-07-02 13:38] O:7510.75 H:7512.50 L:7510.00 C:7510.00 V:1345.0
  📈 Trend: strong_bullish | 🌍 Regime: trending_bullish
  🗺️  Grid: 0.080% | 🔺 7511.25 🔻 7508.50
  📡 RSI: 74.3 | MACD: 3.47 | ATR: 3.14
  📊 Filled: 0 | Pending: 0
  💰 Daily P&L: $+4,000.00

[2026-07-02 13:39] O:7510.25 H:7512.25 L:7508.75 C:7511.25 V:982.0
  📈 Trend: strong_bullish (raw: moderate_bullish) | 🌍 Regime: trending_bullish
  🗺️  Grid: 0.080% | 🔺 7512.50 🔻 7510.00
  📡 RSI: 77.9 | MACD: 3.45 | ATR: 3.11
  📊 Filled: 0 | Pending: 0
  💰 Daily P&L: $+4,000.00

[2026-07-02 13:40] O:7511.50 H:7512.00 L:7509.75 C:7510.75 V:1344.0
  📈 Trend: moderate_bullish | 🌍 Regime: trending_bullish
  🗺️  Grid: 0.080% | 🔺 7512.25 🔻 7508.75
  📡 RSI: 72.1 | MACD: 3.35 | ATR: 2.96
  📊 Filled: 0 | Pending: 0
  💰 Daily P&L: $+4,000.00

[2026-07-02 13:41] O:7511.00 H:7511.75 L:7509.50 C:7510.00 V:1502.0
  📈 Trend: moderate_bullish | 🌍 Regime: trending_bullish
  🗺️  Grid: 0.080% | 🔺 7512.00 🔻 7509.75
  📡 RSI: 68.1 | MACD: 3.17 | ATR: 2.95
  📊 Filled: 0 | Pending: 0
  💰 Daily P&L: $+4,000.00

[2026-07-02 13:42] O:7510.25 H:7512.00 L:7510.25 C:7511.25 V:1256.0
  📈 Trend: moderate_bullish | 🌍 Regime: trending_bullish
  🗺️  Grid: 0.080% | 🔺 7511.75 🔻 7509.50
  📡 RSI: 67.6 | MACD: 3.10 | ATR: 2.89
  📊 Filled: 0 | Pending: 0
  💰 Daily P&L: $+4,000.00

[2026-07-02 13:43] O:7511.50 H:7512.75 L:7510.50 C:7512.25 V:1543.0
  📈 Trend: moderate_bullish | 🌍 Regime: trending_bullish
  🗺️  Grid: 0.080% | 🔺 7512.00 🔻 7510.25
  📡 RSI: 67.2 | MACD: 3.09 | ATR: 2.88
  📊 Filled: 0 | Pending: 0
  💰 Daily P&L: $+4,000.00

[2026-07-02 13:44] O:7512.50 H:7513.00 L:7509.75 C:7510.50 V:1490.0
  📈 Trend: moderate_bullish | 🌍 Regime: trending_bullish
  🗺️  Grid: 0.080% | 🔺 7512.75 🔻 7510.50
  📡 RSI: 54.7 | MACD: 2.90 | ATR: 2.75
  📊 Filled: 0 | Pending: 0
  💰 Daily P&L: $+4,000.00

[2026-07-02 13:45] O:7510.25 H:7510.50 L:7505.00 C:7506.25 V:3075.0
  📈 Trend: moderate_bullish | 🌍 Regime: trending_bullish
  🗺️  Grid: 0.080% | 🔺 7513.00 🔻 7509.75
  📡 RSI: 33.3 | MACD: 2.39 | ATR: 2.91
  📊 Filled: 0 | Pending: 0
  💰 Daily P&L: $+4,000.00

[2026-07-02 13:46] O:7506.25 H:7507.00 L:7505.25 C:7506.00 V:1974.0
  📈 Trend: moderate_bullish | 🌍 Regime: trending_bullish
  🗺️  Grid: 0.080% | 🔺 7510.50 🔻 7505.00
  📡 RSI: 33.8 | MACD: 1.93 | ATR: 2.84
  📊 Filled: 0 | Pending: 0
  💰 Daily P&L: $+4,000.00

[2026-07-02 13:47] O:7506.25 H:7509.50 L:7506.00 C:7509.00 V:1687.0
  📈 Trend: moderate_bullish | 🌍 Regime: trending_bullish
  🗺️  Grid: 0.080% | 🔺 7507.00 🔻 7505.25
  📡 RSI: 43.0 | MACD: 1.80 | ATR: 2.98
  📊 Filled: 0 | Pending: 0
  💰 Daily P&L: $+4,000.00

[2026-07-02 13:48] O:7509.00 H:7511.50 L:7508.00 C:7511.25 V:1624.0
  📈 Trend: moderate_bullish | 🌍 Regime: trending_bullish
  🗺️  Grid: 0.080% | 🔺 7509.50 🔻 7506.00
  📡 RSI: 56.6 | MACD: 1.85 | ATR: 2.93
  📊 Filled: 0 | Pending: 0
  💰 Daily P&L: $+4,000.00

[2026-07-02 13:49] O:7511.00 H:7512.50 L:7511.00 C:7511.75 V:1528.0
  📈 Trend: moderate_bullish | 🌍 Regime: trending_bullish
  🗺️  Grid: 0.080% | 🔺 7511.50 🔻 7508.00
  📡 RSI: 56.6 | MACD: 1.91 | ATR: 2.79
  📊 Filled: 0 | Pending: 0
  💰 Daily P&L: $+4,000.00

[2026-07-02 13:50] O:7511.75 H:7512.00 L:7509.75 C:7511.25 V:1623.0
  📈 Trend: moderate_bullish (raw: moderate_bearish) | 🌍 Regime: trending_bearish
  🗺️  Grid: 0.080% | 🔺 7512.50 🔻 7511.00
  📡 RSI: 55.8 | MACD: 1.89 | ATR: 2.77
  📊 Filled: 0 | Pending: 0
  💰 Daily P&L: $+4,000.00

[2026-07-02 13:51] O:7511.50 H:7513.25 L:7511.00 C:7512.00 V:1815.0
  📈 Trend: moderate_bullish | 🌍 Regime: trending_bullish
  🗺️  Grid: 0.080% | 🔺 7512.00 🔻 7509.75
  📡 RSI: 54.1 | MACD: 1.92 | ATR: 2.73
  📊 Filled: 0 | Pending: 0
  💰 Daily P&L: $+4,000.00

[2026-07-02 13:52] O:7512.00 H:7514.75 L:7511.75 C:7513.00 V:1960.0
  📈 Trend: moderate_bullish | 🌍 Regime: trending_bullish
  🗺️  Grid: 0.080% | 🔺 7513.25 🔻 7511.00
  📡 RSI: 57.9 | MACD: 2.00 | ATR: 2.77
  📊 Filled: 0 | Pending: 0
  💰 Daily P&L: $+4,000.00

[2026-07-02 13:53] O:7513.00 H:7513.00 L:7510.00 C:7510.50 V:1484.0
  📈 Trend: moderate_bullish | 🌍 Regime: trending_bullish
  🗺️  Grid: 0.080% | 🔺 7514.75 🔻 7511.75
  📡 RSI: 48.1 | MACD: 1.84 | ATR: 2.73
  📊 Filled: 0 | Pending: 0
  💰 Daily P&L: $+4,000.00

[2026-07-02 13:54] O:7510.75 H:7510.75 L:7508.25 C:7508.25 V:2057.0
  📈 Trend: moderate_bullish (raw: moderate_bearish) | 🌍 Regime: ranging
  🗺️  Grid: 0.080% | 🔺 7513.00 🔻 7510.00
  📡 RSI: 44.3 | MACD: 1.51 | ATR: 2.75
  📊 Filled: 0 | Pending: 0
  🔲 Regime: RANGING | Range pos: 36% | RSI: 44.3
  💰 Daily P&L: $+4,000.00

[2026-07-02 13:55] O:7508.25 H:7509.50 L:7506.75 C:7508.75 V:1759.0
  📈 Trend: moderate_bearish | 🌍 Regime: ranging
  🗺️  Grid: 0.080% | 🔺 7510.75 🔻 7508.25
  📡 RSI: 47.1 | MACD: 1.28 | ATR: 2.79
  📊 Filled: 0 | Pending: 0
  🔲 Regime: RANGING | Range pos: 37% | RSI: 47.1
  💰 Daily P&L: $+4,000.00

[2026-07-02 13:56] O:7509.00 H:7510.25 L:7505.25 C:7506.00 V:1878.0
  📈 Trend: moderate_bearish | 🌍 Regime: ranging
  🗺️  Grid: 0.080% | 🔺 7509.50 🔻 7506.75
  📡 RSI: 38.7 | MACD: 0.86 | ATR: 3.00
  📊 Filled: 0 | Pending: 0
  🔲 Regime: RANGING | Range pos: 33% | RSI: 38.7
  💰 Daily P&L: $+4,000.00

[2026-07-02 13:57] O:7506.25 H:7509.50 L:7505.50 C:7508.25 V:1440.0
  📈 Trend: moderate_bearish | 🌍 Regime: ranging
  🗺️  Grid: 0.080% | 🔺 7510.25 🔻 7505.25
  📡 RSI: 41.8 | MACD: 0.70 | ATR: 3.12
  📊 Filled: 0 | Pending: 0
  🔲 Regime: RANGING | Range pos: 36% | RSI: 41.8
  💰 Daily P&L: $+4,000.00
→ Real-time bars cancelled
✓ Disconnected from IBKR
