2026-07-15 10:32:06 | ERROR    | Error 10147, reqId 536: OrderId 536 that needs to be cancelled is not found.
Logging to: es_bot_20260715_095112.log

============================================================
📈 MODE: SCALP
   • 10 contract(s) max
   • Grid entries only
   • Trailing stop enabled
   • SL: ~8 pts | TP: ~12 pts | Trail activates: +6 pts
   • Best for: Normal sessions, choppy/ranging opens
============================================================
✓ Connected to IBKR (paper) - clientId=10
✓ Front-month contract: ESU6 expiry=20260918

============================================================
Loading historical data for indicator warm-up...
============================================================
→ Fetching historical bars (1 D, 1 min)...
✓ Loaded 952 historical bars

Processing 952 historical bars...

Indicators ready!
  Bars loaded: 952
  Last price: 7602.00
  Trend: moderate_bullish
  RSI: 19.5
  ATR: 4.11
  MACD: -2.56 / Signal: -0.83
  MA: 7613.65 / 7611.54 / 7604.15

------------------------------------------------------------
Account Value: $1,024,916.43
Buying Power: $4,089,722.91
Current Position: 0 contracts
------------------------------------------------------------

============================================================
Starting live 1-minute bar stream...
Strategy is now ACTIVE (SCALP mode)
============================================================

→ Subscribed to 5-second real-time bars (aggregating to 1 min)

[2026-07-15 08:51] O:7602.00 H:7604.25 L:7601.25 C:7602.75 V:3445.0
  📈 Trend: sideways (raw: moderate_bullish) | 🌍 Regime: trending_bullish
  🗺️  Grid: 0.080% | 🔺 7603.75 🔻 7601.50
  📡 RSI: 23.1 | MACD: -2.80 | ATR: 3.98
  📊 Filled: 0 | Pending: 0
  💰 Daily P&L: $+0.00

[2026-07-15 08:52] O:7602.50 H:7608.25 L:7602.25 C:7607.00 V:5048.0
  📈 Trend: moderate_bullish | 🌍 Regime: trending_bullish
  🗺️  Grid: 0.080% | 🔺 7604.25 🔻 7601.25
  📡 RSI: 30.8 | MACD: -2.61 | ATR: 4.16
  📊 Filled: 0 | Pending: 0
  🚫 Long blocked: price 7607.00 is 1.2 pts below session high 7608.25 (limit: 10.0 pts, window: 2.0 hrs)
  💰 Daily P&L: $+0.00

[2026-07-15 08:53] O:7607.00 H:7607.50 L:7603.50 C:7604.75 V:3762.0
  📈 Trend: moderate_bullish | 🌍 Regime: trending_bullish
  🗺️  Grid: 0.080% | 🔺 7608.25 🔻 7602.25
  📡 RSI: 31.4 | MACD: -2.62 | ATR: 4.14
  📊 Filled: 0 | Pending: 0
  💰 Daily P&L: $+0.00

[2026-07-15 08:54] O:7604.50 H:7610.75 L:7604.25 C:7610.75 V:3467.0
  📈 Trend: moderate_bullish (raw: strong_bearish) | 🌍 Regime: trending_bearish
  🗺️  Grid: 0.080% | 🔺 7607.50 🔻 7603.50
  📡 RSI: 44.2 | MACD: -2.11 | ATR: 4.39
  📊 Filled: 0 | Pending: 0
  💰 Daily P&L: $+0.00

[2026-07-15 08:55] O:7610.50 H:7613.75 L:7609.00 C:7611.75 V:4783.0
  📈 Trend: moderate_bullish (raw: moderate_bearish) | 🌍 Regime: trending_bearish
  🗺️  Grid: 0.080% | 🔺 7610.75 🔻 7604.25
  📡 RSI: 47.8 | MACD: -1.62 | ATR: 4.48
  📊 Filled: 0 | Pending: 0
  💰 Daily P&L: $+0.00

[2026-07-15 08:56] O:7611.75 H:7614.50 L:7608.50 C:7609.50 V:4980.0
  📈 Trend: moderate_bearish | 🌍 Regime: trending_bearish
  🗺️  Grid: 0.080% | 🔺 7613.75 🔻 7609.00
  📡 RSI: 38.5 | MACD: -1.39 | ATR: 4.57
  📊 Filled: 0 | Pending: 0
  💰 Daily P&L: $+0.00

[2026-07-15 08:57] O:7609.50 H:7613.50 L:7609.50 C:7613.50 V:4220.0
  📈 Trend: moderate_bearish | 🌍 Regime: trending_bearish
  🗺️  Grid: 0.080% | 🔺 7614.50 🔻 7608.50
  📡 RSI: 50.0 | MACD: -0.87 | ATR: 4.50
  📊 Filled: 0 | Pending: 0
  💰 Daily P&L: $+0.00

[2026-07-15 08:58] O:7613.50 H:7616.75 L:7611.50 C:7614.50 V:6954.0
  📈 Trend: moderate_bearish | 🌍 Regime: trending_bearish
  🗺️  Grid: 0.080% | 🔺 7613.50 🔻 7609.50
  📡 RSI: 57.9 | MACD: -0.38 | ATR: 4.46
  📊 Filled: 0 | Pending: 0
  💰 Daily P&L: $+0.00

[2026-07-15 08:59] O:7614.50 H:7614.75 L:7611.00 C:7614.50 V:3600.0
  📈 Trend: moderate_bearish (raw: moderate_bullish) | 🌍 Regime: trending_bullish
  🗺️  Grid: 0.080% | 🔺 7616.75 🔻 7611.50
  📡 RSI: 65.4 | MACD: 0.01 | ATR: 4.43
  📊 Filled: 0 | Pending: 0
  💰 Daily P&L: $+0.00

[2026-07-15 09:00] O:7614.50 H:7619.25 L:7614.50 C:7618.25 V:4877.0
  📈 Trend: moderate_bearish (raw: strong_bullish) | 🌍 Regime: ranging
  🗺️  Grid: 0.080% | 🔺 7614.75 🔻 7611.00
  📡 RSI: 70.8 | MACD: 0.62 | ATR: 4.45
  📊 Filled: 0 | Pending: 0
  🔲 Regime: RANGING | Range pos: 94% | RSI: 70.8
  🚫 Raw trend blocks RANGING SHORT | raw: strong_bullish
  💰 Daily P&L: $+0.00

[2026-07-15 09:01] O:7618.25 H:7621.25 L:7617.50 C:7620.75 V:4711.0
  📈 Trend: strong_bullish | 🌍 Regime: ranging
  🗺️  Grid: 0.080% | 🔺 7619.25 🔻 7614.50
  📡 RSI: 74.8 | MACD: 1.28 | ATR: 4.45
  📊 Filled: 0 | Pending: 0
  🔲 Regime: RANGING | Range pos: 98% | RSI: 74.8
  🚫 Raw trend blocks RANGING SHORT | raw: strong_bullish
  💰 Daily P&L: $+0.00

[2026-07-15 09:02] O:7621.00 H:7621.00 L:7618.25 C:7619.00 V:4326.0
  📈 Trend: strong_bullish | 🌍 Regime: ranging
  🗺️  Grid: 0.080% | 🔺 7621.25 🔻 7617.50
  📡 RSI: 70.5 | MACD: 1.65 | ATR: 4.43
  📊 Filled: 0 | Pending: 0
  🔲 Regime: RANGING | Range pos: 89% | RSI: 70.5
  🚫 Raw trend blocks RANGING SHORT | raw: strong_bullish
  💰 Daily P&L: $+0.00

[2026-07-15 09:03] O:7618.75 H:7621.75 L:7618.25 C:7620.25 V:4090.0
  📈 Trend: strong_bullish | 🌍 Regime: ranging
  🗺️  Grid: 0.080% | 🔺 7621.00 🔻 7618.25
  📡 RSI: 77.8 | MACD: 2.02 | ATR: 4.30
  📊 Filled: 0 | Pending: 0
  🔲 Regime: RANGING | Range pos: 93% | RSI: 77.8
  🚫 Raw trend blocks RANGING SHORT | raw: strong_bullish
  💰 Daily P&L: $+0.00

[2026-07-15 09:04] O:7620.50 H:7620.75 L:7617.25 C:7618.00 V:3290.0
  📈 Trend: strong_bullish | 🌍 Regime: ranging
  🗺️  Grid: 0.080% | 🔺 7621.75 🔻 7618.25
  📡 RSI: 74.2 | MACD: 2.11 | ATR: 4.39
  📊 Filled: 0 | Pending: 0
  🔲 Regime: RANGING | Range pos: 82% | RSI: 74.2
  🚫 Raw trend blocks RANGING SHORT | raw: strong_bullish
  💰 Daily P&L: $+0.00

[2026-07-15 09:05] O:7618.00 H:7619.50 L:7616.50 C:7618.25 V:3492.0
  📈 Trend: strong_bullish | 🌍 Regime: ranging
  🗺️  Grid: 0.080% | 🔺 7620.75 🔻 7617.25
  📡 RSI: 73.8 | MACD: 2.17 | ATR: 4.39
  📊 Filled: 0 | Pending: 0
  🔲 Regime: RANGING | Range pos: 83% | RSI: 73.8
  🚫 Raw trend blocks RANGING SHORT | raw: strong_bullish
  💰 Daily P&L: $+0.00

[2026-07-15 09:06] O:7618.25 H:7623.25 L:7617.75 C:7623.00 V:4609.0
  📈 Trend: strong_bullish | 🌍 Regime: ranging
  🗺️  Grid: 0.080% | 🔺 7619.50 🔻 7616.50
  📡 RSI: 74.2 | MACD: 2.57 | ATR: 4.36
  📊 Filled: 0 | Pending: 0
  🔲 Regime: RANGING | Range pos: 99% | RSI: 74.2
  🚫 Raw trend blocks RANGING SHORT | raw: strong_bullish
  💰 Daily P&L: $+0.00

[2026-07-15 09:07] O:7623.00 H:7623.00 L:7620.25 C:7622.00 V:3001.0
  📈 Trend: strong_bullish | 🌍 Regime: ranging
  🗺️  Grid: 0.080% | 🔺 7623.25 🔻 7617.75
  📡 RSI: 77.2 | MACD: 2.78 | ATR: 4.27
  📊 Filled: 0 | Pending: 0
  🔲 Regime: RANGING | Range pos: 94% | RSI: 77.2
  🚫 Raw trend blocks RANGING SHORT | raw: strong_bullish
  💰 Daily P&L: $+0.00

[2026-07-15 09:08] O:7622.00 H:7623.50 L:7621.00 C:7621.50 V:2386.0
  📈 Trend: strong_bullish | 🌍 Regime: ranging
  🗺️  Grid: 0.080% | 🔺 7623.00 🔻 7620.25
  📡 RSI: 70.5 | MACD: 2.87 | ATR: 3.98
  📊 Filled: 0 | Pending: 0
  🔲 Regime: RANGING | Range pos: 91% | RSI: 70.5
  🚫 Raw trend blocks RANGING SHORT | raw: strong_bullish
  💰 Daily P&L: $+0.00

[2026-07-15 09:09] O:7621.25 H:7621.75 L:7619.25 C:7620.50 V:2755.0
  📈 Trend: strong_bullish | 🌍 Regime: ranging
  🗺️  Grid: 0.080% | 🔺 7623.50 🔻 7621.00
  📡 RSI: 66.7 | MACD: 2.83 | ATR: 3.82
  📊 Filled: 0 | Pending: 0
  🔲 Regime: RANGING | Range pos: 87% | RSI: 66.7
  💰 Daily P&L: $+0.00

[2026-07-15 09:10] O:7620.75 H:7622.25 L:7619.75 C:7621.00 V:2987.0
  📈 Trend: strong_bullish | 🌍 Regime: ranging
  🗺️  Grid: 0.080% | 🔺 7621.75 🔻 7619.25
  📡 RSI: 73.5 | MACD: 2.81 | ATR: 3.57
  📊 Filled: 0 | Pending: 0
  🔲 Regime: RANGING | Range pos: 89% | RSI: 73.5
  🚫 Raw trend blocks RANGING SHORT | raw: strong_bullish
  💰 Daily P&L: $+0.00

[2026-07-15 09:11] O:7621.00 H:7621.50 L:7619.00 C:7619.75 V:2403.0
  📈 Trend: strong_bullish | 🌍 Regime: ranging
  🗺️  Grid: 0.080% | 🔺 7622.25 🔻 7619.75
  📡 RSI: 64.4 | MACD: 2.66 | ATR: 3.46
  📊 Filled: 0 | Pending: 0
  🔲 Regime: RANGING | Range pos: 83% | RSI: 64.4
  💰 Daily P&L: $+0.00

[2026-07-15 09:12] O:7619.50 H:7621.75 L:7618.75 C:7621.50 V:2243.0
  📈 Trend: strong_bullish | 🌍 Regime: ranging
  🗺️  Grid: 0.080% | 🔺 7621.50 🔻 7619.00
  📡 RSI: 65.6 | MACD: 2.65 | ATR: 3.30
  📊 Filled: 0 | Pending: 0
  🔲 Regime: RANGING | Range pos: 91% | RSI: 65.6
  💰 Daily P&L: $+0.00

[2026-07-15 09:13] O:7621.50 H:7621.50 L:7618.75 C:7620.00 V:2222.0
  📈 Trend: strong_bullish | 🌍 Regime: ranging
  🗺️  Grid: 0.080% | 🔺 7621.75 🔻 7618.75
  📡 RSI: 61.5 | MACD: 2.49 | ATR: 3.23
  📊 Filled: 0 | Pending: 0
  🔲 Regime: RANGING | Range pos: 84% | RSI: 61.5
  💰 Daily P&L: $+0.00

[2026-07-15 09:14] O:7620.00 H:7621.50 L:7616.50 C:7617.75 V:3651.0
  📈 Trend: strong_bullish | 🌍 Regime: trending_bullish
  🗺️  Grid: 0.080% | 🔺 7621.50 🔻 7618.75
  📡 RSI: 48.9 | MACD: 2.16 | ATR: 3.25
  📊 Filled: 0 | Pending: 0
  💰 Daily P&L: $+0.00

[2026-07-15 09:15] O:7617.75 H:7620.50 L:7617.00 C:7620.00 V:2705.0
  📈 Trend: strong_bullish | 🌍 Regime: trending_bullish
  🗺️  Grid: 0.080% | 🔺 7621.50 🔻 7616.50
  📡 RSI: 48.3 | MACD: 2.06 | ATR: 3.23
  📊 Filled: 0 | Pending: 0
  💰 Daily P&L: $+0.00

[2026-07-15 09:16] O:7620.00 H:7623.75 L:7619.00 C:7623.00 V:3177.0
  📈 Trend: strong_bullish | 🌍 Regime: trending_bullish
  🗺️  Grid: 0.080% | 🔺 7620.50 🔻 7617.00
  📡 RSI: 58.5 | MACD: 2.19 | ATR: 3.38
  📊 Filled: 0 | Pending: 0
  💰 Daily P&L: $+0.00

[2026-07-15 09:17] O:7623.00 H:7625.50 L:7623.00 C:7624.00 V:3507.0
  📈 Trend: strong_bullish | 🌍 Regime: trending_bullish
  🗺️  Grid: 0.080% | 🔺 7623.75 🔻 7619.00
  📡 RSI: 58.1 | MACD: 2.35 | ATR: 3.30
  📊 Filled: 0 | Pending: 0
  💰 Daily P&L: $+0.00

[2026-07-15 09:18] O:7624.25 H:7624.75 L:7622.25 C:7623.00 V:2923.0
  📈 Trend: strong_bullish | 🌍 Regime: trending_bullish
  🗺️  Grid: 0.080% | 🔺 7625.50 🔻 7623.00
  📡 RSI: 61.4 | MACD: 2.37 | ATR: 3.23
  📊 Filled: 0 | Pending: 0
  💰 Daily P&L: $+0.00

[2026-07-15 09:19] O:7623.00 H:7626.00 L:7622.00 C:7623.50 V:2793.0
  📈 Trend: strong_bullish | 🌍 Regime: trending_bullish
  🗺️  Grid: 0.080% | 🔺 7624.75 🔻 7622.25
  📡 RSI: 61.8 | MACD: 2.40 | ATR: 3.30
  📊 Filled: 0 | Pending: 0
  💰 Daily P&L: $+0.00

[2026-07-15 09:20] O:7623.50 H:7624.00 L:7616.25 C:7617.50 V:4715.0
  📈 Trend: strong_bullish (raw: moderate_bullish) | 🌍 Regime: trending_bullish
  🗺️  Grid: 0.080% | 🔺 7626.00 🔻 7622.00
  📡 RSI: 38.3 | MACD: 1.91 | ATR: 3.46
  📊 Filled: 0 | Pending: 0
  💰 Daily P&L: $+0.00

[2026-07-15 09:21] O:7617.50 H:7619.50 L:7615.25 C:7619.25 V:3866.0
  📈 Trend: strong_bullish | 🌍 Regime: trending_bullish
  🗺️  Grid: 0.080% | 🔺 7624.00 🔻 7616.25
  📡 RSI: 44.3 | MACD: 1.65 | ATR: 3.57
  📊 Filled: 0 | Pending: 0
  💰 Daily P&L: $+0.00

[2026-07-15 09:22] O:7619.25 H:7619.75 L:7616.50 C:7617.75 V:2515.0
  📈 Trend: strong_bullish (raw: moderate_bullish) | 🌍 Regime: trending_bullish
  🗺️  Grid: 0.080% | 🔺 7619.50 🔻 7615.25
  📡 RSI: 42.6 | MACD: 1.31 | ATR: 3.62
  📊 Filled: 0 | Pending: 0
  💰 Daily P&L: $+0.00

[2026-07-15 09:23] O:7617.75 H:7617.75 L:7609.50 C:7610.75 V:5710.0
  📈 Trend: moderate_bullish | 🌍 Regime: trending_bullish
  🗺️  Grid: 0.080% | 🔺 7619.75 🔻 7616.50
  📡 RSI: 34.4 | MACD: 0.46 | ATR: 4.04
  📊 Filled: 0 | Pending: 0
  💰 Daily P&L: $+0.00

[2026-07-15 09:24] O:7610.75 H:7611.75 L:7603.25 C:7608.00 V:8230.0
  📈 Trend: moderate_bullish | 🌍 Regime: trending_bullish
  🗺️  Grid: 0.080% | 🔺 7617.75 🔻 7609.50
  📡 RSI: 30.6 | MACD: -0.42 | ATR: 4.46
  📊 Filled: 0 | Pending: 0
  💰 Daily P&L: $+0.00

[2026-07-15 09:25] O:7607.75 H:7608.50 L:7603.75 C:7606.75 V:7063.0
  📈 Trend: moderate_bullish | 🌍 Regime: trending_bullish
  🗺️  Grid: 0.080% | 🔺 7611.75 🔻 7603.25
  📡 RSI: 30.6 | MACD: -1.21 | ATR: 4.62
  📊 Filled: 0 | Pending: 0
  💰 Daily P&L: $+0.00

[2026-07-15 09:26] O:7607.00 H:7608.50 L:7604.50 C:7608.25 V:4965.0
  📈 Trend: moderate_bullish | 🌍 Regime: trending_bullish
  🗺️  Grid: 0.080% | 🔺 7608.50 🔻 7603.75
  📡 RSI: 30.1 | MACD: -1.69 | ATR: 4.70
  📊 Filled: 0 | Pending: 0
  💰 Daily P&L: $+0.00

[2026-07-15 09:27] O:7608.25 H:7611.75 L:7605.75 C:7611.00 V:5048.0
  📈 Trend: moderate_bullish | 🌍 Regime: trending_bullish
  🗺️  Grid: 0.080% | 🔺 7608.50 🔻 7604.50
  📡 RSI: 37.0 | MACD: -1.83 | ATR: 4.93
  📊 Filled: 0 | Pending: 0
  📤 Limit BUY 5 @ 7611.00 submitted (ID: 534)
  ⬆️ LONG ORDER @ 7611.00 | Size: 1.00 | SL: 7601.25 | TP: 7625.75 [HIGH VOL ATR:4.93→5cts]
     Reason: Grid Long (moderate_bullish, RSI: 37.0)
  🔬 SHADOW [long trending]: 🟥 ROBUST WOULD BLOCK (1 filter)
       MACD=BLOCK (-1.83 vs -1.69, Δ-0.14) | 5m=PASS (1m=moderate_bullish, 5m=sideways)
     ⏳ Order 534 PENDING - awaiting fill confirmation
  💰 Daily P&L: $+0.00
  📋 Order 534 status: Submitted
  ✅ Fill: BOT 5.0 @ 7611.0
  📋 Order 534 status: Filled
  📤 Stop-Limit SELL 5 @ stop:7601.25 / lmt:7597.25 submitted (ID: 535) [OCA:exit_534_1784125745]
  📋 Order 535 status: PreSubmitted
  📤 Limit SELL 5 @ 7625.75 submitted (ID: 536) [OCA:exit_534_1784125745]
  📋 Order 536 status: PreSubmitted
  ✅ FILL CONFIRMED: LONG @ 7611.00 (order 534)
     📊 Bracket placed: SL #535 @ 7601.25 | TP #536 @ 7625.75
     Trail activates @ +7.5 pts

[2026-07-15 09:28] O:7610.75 H:7614.75 L:7610.50 C:7612.75 V:4758.0
  📈 Trend: moderate_bullish | 🌍 Regime: trending_bullish
  🗺️  Grid: 0.080% | 🔺 7611.75 🔻 7605.75
  📡 RSI: 42.6 | MACD: -1.78 | ATR: 4.88
  📊 Filled: 1 | Pending: 0
  📍 LONG @ 7611.00 | SL: 7601.25 | TP: 7625.75 | P&L: $+437.50 | +7.5 to trail
  💰 Daily P&L: $+0.00
  📋 Order 536 status: Submitted

[2026-07-15 09:29] O:7612.50 H:7617.50 L:7612.50 C:7616.50 V:3582.0
  📈 Trend: moderate_bullish | 🌍 Regime: trending_bullish
  🗺️  Grid: 0.080% | 🔺 7614.75 🔻 7610.50
  📡 RSI: 45.1 | MACD: -1.42 | ATR: 4.98
  📊 Filled: 1 | Pending: 0
  📍 LONG @ 7611.00 | SL: 7601.25 | TP: 7625.75 | P&L: $+1,375.00 | +3.8 to trail
  💰 Daily P&L: $+0.00

[2026-07-15 09:30] O:7616.25 H:7618.75 L:7615.25 C:7616.50 V:4011.0
  📈 Trend: moderate_bullish | 🌍 Regime: trending_bullish
  🗺️  Grid: 0.080% | 🔺 7617.50 🔻 7612.50
  📡 RSI: 40.0 | MACD: -1.13 | ATR: 4.89
  📊 Filled: 1 | Pending: 0
  📍 LONG @ 7611.00 | SL: 7601.25 | TP: 7625.75 | P&L: $+1,375.00 | +1.0 to trail
  ✏️ Stop order 535 modified → 7617.25 [confirmed]
  🔄 TRAILING ACTIVATED @ +7.75pts | Stop: 7601.25 → 7617.25
  💰 Daily P&L: $+0.00
  📋 Order 536 status: PreSubmitted
  📋 Order 536 status: PendingCancel
  ✅ Fill: SLD 5.0 @ 7615.5
  📋 Order 535 status: Filled
  📋 Order 536 status: Cancelled

[2026-07-15 09:31] O:7616.25 H:7616.50 L:7612.00 C:7612.75 V:3750.0
  📈 Trend: moderate_bullish | 🌍 Regime: trending_bullish
  🗺️  Grid: 0.080% | 🔺 7618.75 🔻 7615.25
  📡 RSI: 34.0 | MACD: -1.18 | ATR: 5.04
  📊 Filled: 1 | Pending: 0
  📍 LONG @ 7611.00 | Trail: 7617.25 | TP: 7625.75 | P&L: $+437.50 | 🔒 Trailing
  ✅ EXIT LONG @ 7615.50 | Trailing Stop
     P&L: +4.50 pts ($+1,125.00) | Daily: $+1,125.00
  ⏸️ Cooldown: 2 bar(s) remaining after exit
  💰 Daily P&L: $+1,125.00

[2026-07-15 09:32] O:7612.50 H:7614.00 L:7609.25 C:7612.75 V:4100.0
  📈 Trend: moderate_bullish | 🌍 Regime: trending_bullish
  🗺️  Grid: 0.082% | 🔺 7616.50 🔻 7612.00
  📡 RSI: 35.0 | MACD: -1.21 | ATR: 5.20
  📊 Filled: 0 | Pending: 0
  ⏸️ Cooldown: 1 bar(s) remaining after exit
  💰 Daily P&L: $+1,125.00

[2026-07-15 09:33] O:7612.75 H:7617.25 L:7612.75 C:7617.25 V:2795.0
  📈 Trend: moderate_bullish | 🌍 Regime: trending_bullish
  🗺️  Grid: 0.082% | 🔺 7614.00 🔻 7609.25
  📡 RSI: 41.8 | MACD: -0.86 | ATR: 5.23
  📊 Filled: 0 | Pending: 0
  💰 Daily P&L: $+1,125.00

[2026-07-15 09:34] O:7617.00 H:7617.75 L:7615.50 C:7616.25 V:1754.0
  📈 Trend: moderate_bullish | 🌍 Regime: trending_bullish
  🗺️  Grid: 0.080% | 🔺 7617.25 🔻 7612.75
  📡 RSI: 48.1 | MACD: -0.65 | ATR: 4.84
  📊 Filled: 0 | Pending: 0
  💰 Daily P&L: $+1,125.00

[2026-07-15 09:35] O:7616.25 H:7618.00 L:7613.75 C:7615.25 V:2042.0
  📈 Trend: moderate_bullish | 🌍 Regime: trending_bullish
  🗺️  Grid: 0.080% | 🔺 7617.75 🔻 7615.50
  📡 RSI: 43.8 | MACD: -0.56 | ATR: 4.84
  📊 Filled: 0 | Pending: 0
  💰 Daily P&L: $+1,125.00

[2026-07-15 09:36] O:7615.25 H:7615.25 L:7609.25 C:7609.25 V:2464.0
  📈 Trend: moderate_bullish (raw: strong_bearish) | 🌍 Regime: trending_bearish
  🗺️  Grid: 0.080% | 🔺 7618.00 🔻 7613.75
  📡 RSI: 38.5 | MACD: -0.97 | ATR: 5.04
  📊 Filled: 0 | Pending: 0
  💰 Daily P&L: $+1,125.00

[2026-07-15 09:37] O:7609.50 H:7611.00 L:7607.75 C:7608.00 V:3376.0
  📈 Trend: strong_bearish | 🌍 Regime: trending_bearish
  🗺️  Grid: 0.080% | 🔺 7615.25 🔻 7609.25
  📡 RSI: 45.6 | MACD: -1.37 | ATR: 4.68
  📊 Filled: 0 | Pending: 0
  💰 Daily P&L: $+1,125.00

[2026-07-15 09:38] O:7608.25 H:7610.25 L:7605.25 C:7608.25 V:3781.0
  📈 Trend: strong_bearish | 🌍 Regime: trending_bearish
  🗺️  Grid: 0.080% | 🔺 7611.00 🔻 7607.75
  📡 RSI: 50.4 | MACD: -1.65 | ATR: 4.43
  📊 Filled: 0 | Pending: 0
  💰 Daily P&L: $+1,125.00

[2026-07-15 09:39] O:7608.25 H:7608.50 L:7605.00 C:7606.75 V:3417.0
  📈 Trend: strong_bearish | 🌍 Regime: trending_bearish
  🗺️  Grid: 0.080% | 🔺 7610.25 🔻 7605.25
  📡 RSI: 50.0 | MACD: -1.98 | ATR: 4.34
  📊 Filled: 0 | Pending: 0
  💰 Daily P&L: $+1,125.00

[2026-07-15 09:40] O:7606.75 H:7609.75 L:7604.75 C:7608.25 V:3424.0
  📈 Trend: strong_bearish | 🌍 Regime: trending_bearish
  🗺️  Grid: 0.080% | 🔺 7608.50 🔻 7605.00
  📡 RSI: 50.0 | MACD: -2.08 | ATR: 4.41
  📊 Filled: 0 | Pending: 0
  💰 Daily P&L: $+1,125.00

[2026-07-15 09:41] O:7608.25 H:7609.75 L:7605.75 C:7607.00 V:2826.0
  📈 Trend: strong_bearish | 🌍 Regime: trending_bearish
  🗺️  Grid: 0.080% | 🔺 7609.75 🔻 7604.75
  📡 RSI: 42.7 | MACD: -2.25 | ATR: 4.27
  📊 Filled: 0 | Pending: 0
  💰 Daily P&L: $+1,125.00

[2026-07-15 09:42] O:7607.00 H:7607.00 L:7597.75 C:7598.75 V:6884.0
  📈 Trend: strong_bearish | 🌍 Regime: trending_bearish
  🗺️  Grid: 0.080% | 🔺 7609.75 🔻 7605.75
  📡 RSI: 29.4 | MACD: -3.01 | ATR: 4.62
  📊 Filled: 0 | Pending: 0
  💰 Daily P&L: $+1,125.00

[2026-07-15 09:43] O:7599.00 H:7604.25 L:7598.50 C:7602.75 V:4626.0
  📈 Trend: strong_bearish | 🌍 Regime: trending_bearish
  🗺️  Grid: 0.080% | 🔺 7607.00 🔻 7597.75
  📡 RSI: 29.9 | MACD: -3.25 | ATR: 4.68
  📊 Filled: 0 | Pending: 0
  💰 Daily P&L: $+1,125.00

[2026-07-15 09:44] O:7602.75 H:7606.50 L:7602.50 C:7605.00 V:3633.0
  📈 Trend: strong_bearish | 🌍 Regime: trending_bearish
  🗺️  Grid: 0.080% | 🔺 7604.25 🔻 7598.50
  📡 RSI: 34.2 | MACD: -3.22 | ATR: 4.71
  📊 Filled: 0 | Pending: 0
  💰 Daily P&L: $+1,125.00

[2026-07-15 09:45] O:7605.00 H:7605.00 L:7599.50 C:7600.50 V:4337.0
  📈 Trend: strong_bearish | 🌍 Regime: trending_bearish
  🗺️  Grid: 0.080% | 🔺 7606.50 🔻 7602.50
  📡 RSI: 33.6 | MACD: -3.52 | ATR: 4.79
  📊 Filled: 0 | Pending: 0
  💰 Daily P&L: $+1,125.00

[2026-07-15 09:46] O:7600.25 H:7603.50 L:7599.00 C:7602.50 V:3647.0
  📈 Trend: strong_bearish | 🌍 Regime: trending_bearish
  🗺️  Grid: 0.080% | 🔺 7605.00 🔻 7599.50
  📡 RSI: 36.9 | MACD: -3.56 | ATR: 4.77
  📊 Filled: 0 | Pending: 0
  💰 Daily P&L: $+1,125.00

[2026-07-15 09:47] O:7602.50 H:7604.50 L:7602.00 C:7603.75 V:2643.0
  📈 Trend: strong_bearish | 🌍 Regime: trending_bearish
  🗺️  Grid: 0.080% | 🔺 7603.50 🔻 7599.00
  📡 RSI: 31.2 | MACD: -3.45 | ATR: 4.62
  📊 Filled: 0 | Pending: 0
  💰 Daily P&L: $+1,125.00

[2026-07-15 09:48] O:7603.50 H:7607.00 L:7601.50 C:7606.75 V:2297.0
  📈 Trend: strong_bearish | 🌍 Regime: trending_bearish
  🗺️  Grid: 0.080% | 🔺 7604.50 🔻 7602.00
  📡 RSI: 37.5 | MACD: -3.08 | ATR: 4.86
  📊 Filled: 0 | Pending: 0
  💰 Daily P&L: $+1,125.00

[2026-07-15 09:49] O:7606.50 H:7608.25 L:7605.00 C:7607.75 V:2359.0
  📈 Trend: strong_bearish (raw: moderate_bearish) | 🌍 Regime: trending_bearish
  🗺️  Grid: 0.080% | 🔺 7607.00 🔻 7601.50
  📡 RSI: 40.1 | MACD: -2.68 | ATR: 4.79
  📊 Filled: 0 | Pending: 0
  💰 Daily P&L: $+1,125.00

[2026-07-15 09:50] O:7607.75 H:7608.25 L:7605.50 C:7605.50 V:2343.0
  📈 Trend: moderate_bearish | 🌍 Regime: trending_bearish
  🗺️  Grid: 0.080% | 🔺 7608.25 🔻 7605.00
  📡 RSI: 44.5 | MACD: -2.51 | ATR: 4.55
  📊 Filled: 0 | Pending: 0
  💰 Daily P&L: $+1,125.00

[2026-07-15 09:51] O:7605.75 H:7606.00 L:7602.00 C:7603.50 V:2776.0
  📈 Trend: moderate_bearish | 🌍 Regime: trending_bearish
  🗺️  Grid: 0.080% | 🔺 7608.25 🔻 7605.50
  📡 RSI: 43.6 | MACD: -2.51 | ATR: 4.61
  📊 Filled: 0 | Pending: 0
  💰 Daily P&L: $+1,125.00

[2026-07-15 09:52] O:7603.50 H:7604.75 L:7600.50 C:7600.50 V:2815.0
  📈 Trend: moderate_bearish | 🌍 Regime: trending_bearish
  🗺️  Grid: 0.080% | 🔺 7606.00 🔻 7602.00
  📡 RSI: 39.7 | MACD: -2.72 | ATR: 4.55
  📊 Filled: 0 | Pending: 0
  💰 Daily P&L: $+1,125.00

[2026-07-15 09:53] O:7600.50 H:7602.25 L:7600.00 C:7601.50 V:2332.0
  📈 Trend: moderate_bearish (raw: strong_bearish) | 🌍 Regime: trending_bearish
  🗺️  Grid: 0.080% | 🔺 7604.75 🔻 7600.50
  📡 RSI: 43.0 | MACD: -2.78 | ATR: 4.46
  📊 Filled: 0 | Pending: 0
  💰 Daily P&L: $+1,125.00

[2026-07-15 09:54] O:7601.25 H:7601.25 L:7597.25 C:7600.50 V:3193.0
  📈 Trend: strong_bearish | 🌍 Regime: trending_bearish
  🗺️  Grid: 0.080% | 🔺 7602.25 🔻 7600.00
  📡 RSI: 39.5 | MACD: -2.87 | ATR: 4.41
  📊 Filled: 0 | Pending: 0
  💰 Daily P&L: $+1,125.00

[2026-07-15 09:55] O:7600.75 H:7602.25 L:7598.25 C:7600.00 V:3171.0
  📈 Trend: strong_bearish | 🌍 Regime: trending_bearish
  🗺️  Grid: 0.080% | 🔺 7601.25 🔻 7597.25
  📡 RSI: 40.3 | MACD: -2.95 | ATR: 4.41
  📊 Filled: 0 | Pending: 0
  💰 Daily P&L: $+1,125.00

[2026-07-15 09:56] O:7600.00 H:7603.75 L:7599.00 C:7603.00 V:2377.0
  📈 Trend: strong_bearish (raw: moderate_bearish) | 🌍 Regime: trending_bearish
  🗺️  Grid: 0.080% | 🔺 7602.25 🔻 7598.25
  📡 RSI: 56.9 | MACD: -2.74 | ATR: 4.09
  📊 Filled: 0 | Pending: 0
  💰 Daily P&L: $+1,125.00

[2026-07-15 09:57] O:7603.00 H:7604.75 L:7601.75 C:7602.25 V:2360.0
  📈 Trend: moderate_bearish | 🌍 Regime: trending_bearish
  🗺️  Grid: 0.080% | 🔺 7603.75 🔻 7599.00
  📡 RSI: 49.1 | MACD: -2.60 | ATR: 3.89
  📊 Filled: 0 | Pending: 0
  💰 Daily P&L: $+1,125.00

[2026-07-15 09:58] O:7602.25 H:7603.75 L:7600.75 C:7601.50 V:1942.0
  📈 Trend: moderate_bearish | 🌍 Regime: trending_bearish
  🗺️  Grid: 0.080% | 🔺 7604.75 🔻 7601.75
  📡 RSI: 43.3 | MACD: -2.52 | ATR: 3.82
  📊 Filled: 0 | Pending: 0
  💰 Daily P&L: $+1,125.00

[2026-07-15 09:59] O:7601.25 H:7605.75 L:7601.25 C:7604.75 V:1774.0
  📈 Trend: moderate_bearish | 🌍 Regime: trending_bearish
  🗺️  Grid: 0.080% | 🔺 7603.75 🔻 7600.75
  📡 RSI: 58.6 | MACD: -2.17 | ATR: 3.75
  📊 Filled: 0 | Pending: 0
  💰 Daily P&L: $+1,125.00

[2026-07-15 10:00] O:7605.00 H:7606.75 L:7603.25 C:7604.50 V:2836.0
  📈 Trend: moderate_bearish | 🌍 Regime: trending_bearish
  🗺️  Grid: 0.080% | 🔺 7605.75 🔻 7601.25
  📡 RSI: 54.3 | MACD: -1.90 | ATR: 3.68
  📊 Filled: 0 | Pending: 0
  💰 Daily P&L: $+1,125.00

[2026-07-15 10:01] O:7604.50 H:7604.50 L:7600.00 C:7601.50 V:2063.0
  📈 Trend: moderate_bearish (raw: moderate_bullish) | 🌍 Regime: ranging
  🗺️  Grid: 0.080% | 🔺 7606.75 🔻 7603.25
  📡 RSI: 45.5 | MACD: -1.90 | ATR: 3.82
  📊 Filled: 0 | Pending: 0
  🔲 Regime: RANGING | Range pos: 15% | RSI: 45.5
  💰 Daily P&L: $+1,125.00

[2026-07-15 10:02] O:7601.50 H:7604.75 L:7600.75 C:7604.00 V:1529.0
  📈 Trend: moderate_bullish | 🌍 Regime: ranging
  🗺️  Grid: 0.080% | 🔺 7604.50 🔻 7600.00
  📡 RSI: 44.3 | MACD: -1.68 | ATR: 3.71
  📊 Filled: 0 | Pending: 0
  🔲 Regime: RANGING | Range pos: 23% | RSI: 44.3
  💰 Daily P&L: $+1,125.00

[2026-07-15 10:03] O:7604.25 H:7604.75 L:7601.25 C:7602.25 V:1433.0
  📈 Trend: moderate_bullish (raw: moderate_bearish) | 🌍 Regime: ranging
  🗺️  Grid: 0.080% | 🔺 7604.75 🔻 7600.75
  📡 RSI: 39.0 | MACD: -1.62 | ATR: 3.73
  📊 Filled: 0 | Pending: 0
  🔲 Regime: RANGING | Range pos: 17% | RSI: 39.0
  💰 Daily P&L: $+1,125.00

[2026-07-15 10:04] O:7602.25 H:7602.50 L:7600.75 C:7602.00 V:1038.0
  📈 Trend: moderate_bullish | 🌍 Regime: ranging
  🗺️  Grid: 0.080% | 🔺 7604.75 🔻 7601.25
  📡 RSI: 42.4 | MACD: -1.58 | ATR: 3.66
  📊 Filled: 0 | Pending: 0
  🔲 Regime: RANGING | Range pos: 17% | RSI: 42.4
  💰 Daily P&L: $+1,125.00

[2026-07-15 10:05] O:7602.00 H:7604.25 L:7599.50 C:7604.25 V:1760.0
  📈 Trend: moderate_bullish | 🌍 Regime: ranging
  🗺️  Grid: 0.080% | 🔺 7602.50 🔻 7600.75
  📡 RSI: 51.6 | MACD: -1.35 | ATR: 3.71
  📊 Filled: 0 | Pending: 0
  🔲 Regime: RANGING | Range pos: 24% | RSI: 51.6
  💰 Daily P&L: $+1,125.00

[2026-07-15 10:06] O:7604.00 H:7605.00 L:7602.75 C:7604.75 V:1259.0
  📈 Trend: moderate_bullish | 🌍 Regime: ranging
  🗺️  Grid: 0.080% | 🔺 7604.25 🔻 7599.50
  📡 RSI: 60.2 | MACD: -1.12 | ATR: 3.57
  📊 Filled: 0 | Pending: 0
  🔲 Regime: RANGING | Range pos: 26% | RSI: 60.2
  💰 Daily P&L: $+1,125.00

[2026-07-15 10:07] O:7604.75 H:7607.50 L:7604.00 C:7607.25 V:1741.0
  📈 Trend: moderate_bullish (raw: moderate_bearish) | 🌍 Regime: ranging
  🗺️  Grid: 0.080% | 🔺 7605.00 🔻 7602.75
  📡 RSI: 62.9 | MACD: -0.72 | ATR: 3.66
  📊 Filled: 0 | Pending: 0
  🔲 Regime: RANGING | Range pos: 35% | RSI: 62.9
  💰 Daily P&L: $+1,125.00

[2026-07-15 10:08] O:7607.50 H:7610.00 L:7606.25 C:7609.75 V:2011.0
  📈 Trend: moderate_bearish | 🌍 Regime: ranging
  🗺️  Grid: 0.080% | 🔺 7607.50 🔻 7604.00
  📡 RSI: 69.5 | MACD: -0.21 | ATR: 3.62
  📊 Filled: 0 | Pending: 0
  🔲 Regime: RANGING | Range pos: 43% | RSI: 69.5
  💰 Daily P&L: $+1,125.00

[2026-07-15 10:09] O:7609.50 H:7611.25 L:7609.00 C:7610.00 V:2254.0
  📈 Trend: moderate_bearish (raw: moderate_bullish) | 🌍 Regime: ranging
  🗺️  Grid: 0.080% | 🔺 7610.00 🔻 7606.25
  📡 RSI: 71.3 | MACD: 0.22 | ATR: 3.50
  📊 Filled: 0 | Pending: 0
  🔲 Regime: RANGING | Range pos: 44% | RSI: 71.3
  💰 Daily P&L: $+1,125.00

[2026-07-15 10:10] O:7610.00 H:7611.50 L:7606.75 C:7608.00 V:2319.0
  📈 Trend: moderate_bullish | 🌍 Regime: ranging
  🗺️  Grid: 0.080% | 🔺 7611.25 🔻 7609.00
  📡 RSI: 61.1 | MACD: 0.40 | ATR: 3.50
  📊 Filled: 0 | Pending: 0
  🔲 Regime: RANGING | Range pos: 37% | RSI: 61.1
  💰 Daily P&L: $+1,125.00

[2026-07-15 10:11] O:7608.00 H:7608.75 L:7606.50 C:7607.75 V:1278.0
  📈 Trend: moderate_bullish | 🌍 Regime: ranging
  🗺️  Grid: 0.080% | 🔺 7611.50 🔻 7606.75
  📡 RSI: 62.5 | MACD: 0.51 | ATR: 3.45
  📊 Filled: 0 | Pending: 0
  🔲 Regime: RANGING | Range pos: 37% | RSI: 62.5
  💰 Daily P&L: $+1,125.00

[2026-07-15 10:12] O:7607.75 H:7608.75 L:7604.75 C:7605.25 V:1725.0
  📈 Trend: moderate_bullish | 🌍 Regime: ranging
  🗺️  Grid: 0.080% | 🔺 7608.75 🔻 7606.50
  📡 RSI: 57.9 | MACD: 0.39 | ATR: 3.52
  📊 Filled: 0 | Pending: 0
  🔲 Regime: RANGING | Range pos: 28% | RSI: 57.9
  💰 Daily P&L: $+1,125.00

[2026-07-15 10:13] O:7605.50 H:7607.75 L:7604.50 C:7605.00 V:1279.0
  📈 Trend: moderate_bullish | 🌍 Regime: ranging
  🗺️  Grid: 0.080% | 🔺 7608.75 🔻 7604.75
  📡 RSI: 50.6 | MACD: 0.27 | ATR: 3.43
  📊 Filled: 0 | Pending: 0
  🔲 Regime: RANGING | Range pos: 27% | RSI: 50.6
  💰 Daily P&L: $+1,125.00

[2026-07-15 10:14] O:7604.75 H:7605.50 L:7600.50 C:7601.00 V:2250.0
  📈 Trend: moderate_bullish (raw: moderate_bearish) | 🌍 Regime: ranging
  🗺️  Grid: 0.080% | 🔺 7607.75 🔻 7604.50
  📡 RSI: 42.9 | MACD: -0.14 | ATR: 3.54
  📊 Filled: 0 | Pending: 0
  🔲 Regime: RANGING | Range pos: 13% | RSI: 42.9
  💰 Daily P&L: $+1,125.00

[2026-07-15 10:15] O:7601.25 H:7601.75 L:7596.50 C:7597.75 V:3455.0
  📈 Trend: moderate_bullish (raw: strong_bearish) | 🌍 Regime: ranging
  🗺️  Grid: 0.080% | 🔺 7605.50 🔻 7600.50
  📡 RSI: 42.4 | MACD: -0.72 | ATR: 3.59
  📊 Filled: 0 | Pending: 0
  🔲 Regime: RANGING | Range pos: 4% | RSI: 42.4
  💰 Daily P&L: $+1,125.00

[2026-07-15 10:16] O:7598.00 H:7598.75 L:7595.50 C:7595.50 V:3152.0
  📈 Trend: strong_bearish | 🌍 Regime: ranging
  🗺️  Grid: 0.080% | 🔺 7601.75 🔻 7596.50
  📡 RSI: 32.7 | MACD: -1.35 | ATR: 3.54
  📊 Filled: 0 | Pending: 0
  🔲 Regime: RANGING | Range pos: 0% | RSI: 32.7
  🚫 Raw trend blocks RANGING LONG | raw: strong_bearish
  💰 Daily P&L: $+1,125.00

[2026-07-15 10:17] O:7595.50 H:7599.75 L:7592.00 C:7599.25 V:5680.0
  📈 Trend: strong_bearish | 🌍 Regime: ranging
  🗺️  Grid: 0.080% | 🔺 7598.75 🔻 7595.50
  📡 RSI: 44.3 | MACD: -1.53 | ATR: 3.84
  📊 Filled: 0 | Pending: 0
  🔲 Regime: RANGING | Range pos: 21% | RSI: 44.3
  💰 Daily P&L: $+1,125.00

[2026-07-15 10:18] O:7599.25 H:7602.50 L:7598.50 C:7602.25 V:2846.0
  📈 Trend: strong_bearish | 🌍 Regime: ranging
  🗺️  Grid: 0.080% | 🔺 7599.75 🔻 7592.00
  📡 RSI: 50.4 | MACD: -1.41 | ATR: 4.00
  📊 Filled: 0 | Pending: 0
  🔲 Regime: RANGING | Range pos: 30% | RSI: 50.4
  💰 Daily P&L: $+1,125.00

[2026-07-15 10:19] O:7602.50 H:7603.50 L:7601.25 C:7602.50 V:2036.0
  📈 Trend: strong_bearish | 🌍 Regime: ranging
  🗺️  Grid: 0.080% | 🔺 7602.50 🔻 7598.50
  📡 RSI: 46.8 | MACD: -1.28 | ATR: 3.82
  📊 Filled: 0 | Pending: 0
  🔲 Regime: RANGING | Range pos: 31% | RSI: 46.8
  💰 Daily P&L: $+1,125.00

[2026-07-15 10:20] O:7602.50 H:7602.75 L:7599.00 C:7601.50 V:2169.0
  📈 Trend: strong_bearish | 🌍 Regime: ranging
  🗺️  Grid: 0.080% | 🔺 7603.50 🔻 7601.25
  📡 RSI: 44.1 | MACD: -1.24 | ATR: 3.93
  📊 Filled: 0 | Pending: 0
  🔲 Regime: RANGING | Range pos: 28% | RSI: 44.1
  💰 Daily P&L: $+1,125.00

[2026-07-15 10:21] O:7601.50 H:7602.25 L:7598.75 C:7599.25 V:1946.0
  📈 Trend: strong_bearish | 🌍 Regime: ranging
  🗺️  Grid: 0.080% | 🔺 7602.75 🔻 7599.00
  📡 RSI: 35.5 | MACD: -1.38 | ATR: 3.93
  📊 Filled: 0 | Pending: 0
  🔲 Regime: RANGING | Range pos: 21% | RSI: 35.5
  💰 Daily P&L: $+1,125.00

[2026-07-15 10:22] O:7599.25 H:7599.25 L:7595.50 C:7595.75 V:2120.0
  📈 Trend: strong_bearish | 🌍 Regime: ranging
  🗺️  Grid: 0.080% | 🔺 7602.25 🔻 7598.75
  📡 RSI: 25.4 | MACD: -1.75 | ATR: 3.93
  📊 Filled: 0 | Pending: 0
  🔲 Regime: RANGING | Range pos: 11% | RSI: 25.4
  🚫 Raw trend blocks RANGING LONG | raw: strong_bearish
  💰 Daily P&L: $+1,125.00

[2026-07-15 10:23] O:7595.50 H:7597.25 L:7594.25 C:7596.75 V:2808.0
  📈 Trend: strong_bearish | 🌍 Regime: ranging
  🗺️  Grid: 0.080% | 🔺 7599.25 🔻 7595.50
  📡 RSI: 27.4 | MACD: -1.94 | ATR: 3.98
  📊 Filled: 0 | Pending: 0
  🔲 Regime: RANGING | Range pos: 14% | RSI: 27.4
  🚫 Raw trend blocks RANGING LONG | raw: strong_bearish
  💰 Daily P&L: $+1,125.00

[2026-07-15 10:24] O:7596.75 H:7599.00 L:7595.75 C:7598.75 V:2876.0
  📈 Trend: strong_bearish | 🌍 Regime: ranging
  🗺️  Grid: 0.080% | 🔺 7597.25 🔻 7594.25
  📡 RSI: 34.2 | MACD: -1.91 | ATR: 3.88
  📊 Filled: 0 | Pending: 0
  🔲 Regime: RANGING | Range pos: 20% | RSI: 34.2
  🚫 Raw trend blocks RANGING LONG | raw: strong_bearish
  💰 Daily P&L: $+1,125.00

[2026-07-15 10:25] O:7599.00 H:7601.25 L:7597.50 C:7599.75 V:4511.0
  📈 Trend: strong_bearish | 🌍 Regime: ranging
  🗺️  Grid: 0.080% | 🔺 7599.00 🔻 7595.75
  📡 RSI: 36.7 | MACD: -1.79 | ATR: 3.98
  📊 Filled: 0 | Pending: 0
  🔲 Regime: RANGING | Range pos: 23% | RSI: 36.7
  💰 Daily P&L: $+1,125.00

[2026-07-15 10:26] O:7599.75 H:7601.75 L:7599.50 C:7600.00 V:2674.0
  📈 Trend: strong_bearish | 🌍 Regime: ranging
  🗺️  Grid: 0.080% | 🔺 7601.25 🔻 7597.50
  📡 RSI: 40.5 | MACD: -1.65 | ATR: 3.86
  📊 Filled: 0 | Pending: 0
  🔲 Regime: RANGING | Range pos: 24% | RSI: 40.5
  💰 Daily P&L: $+1,125.00

[2026-07-15 10:27] O:7600.25 H:7601.25 L:7598.50 C:7601.00 V:1938.0
  📈 Trend: strong_bearish | 🌍 Regime: trending_bearish
  🗺️  Grid: 0.080% | 🔺 7601.75 🔻 7599.50
  📡 RSI: 43.0 | MACD: -1.44 | ATR: 3.82
  📊 Filled: 0 | Pending: 0
  💰 Daily P&L: $+1,125.00

[2026-07-15 10:28] O:7600.75 H:7604.50 L:7600.75 C:7602.75 V:4941.0
  📈 Trend: strong_bearish | 🌍 Regime: trending_bearish
  🗺️  Grid: 0.080% | 🔺 7601.25 🔻 7598.50
  📡 RSI: 53.3 | MACD: -1.12 | ATR: 3.73
  📊 Filled: 0 | Pending: 0
  💰 Daily P&L: $+1,125.00
→ Real-time bars cancelled
✓ Disconnected from IBKR
