2026-09-02 11:45:05 | ERROR    | Error 10147, reqId 785: OrderId 785 that needs to be cancelled is not found.
DE: SCALP
   • 10 contract(s) max
   • Grid entries only
   • Trailing stop enabled
   • SL: ~8 pts | TP: ~12 pts | Trail activates: +6 pts
   • Best for: Normal sessions, choppy/ranging opens
============================================================
✓ Connected to IBKR (paper) - clientId=10
✓ Front-month contract: ESU6 expiry=20260918

============================================================
Loading historical data for indicator warm-up...
============================================================
→ Fetching historical bars (1 D, 1 min)...
✓ Loaded 962 historical bars

Processing 962 historical bars...

Indicators ready!
  Bars loaded: 962
  Last price: 7661.25
  Trend: strong_bullish
  RSI: 69.8
  ATR: 3.46
  MACD: 2.34 / Signal: 1.25
  MA: 7651.59 / 7649.23 / 7641.51

------------------------------------------------------------
Account Value: $994,272.67
Buying Power: $3,948,258.41
Current Position: 0 contracts
------------------------------------------------------------

============================================================
Starting live 1-minute bar stream...
Strategy is now ACTIVE (SCALP mode)
============================================================

→ Subscribed to 5-second real-time bars (aggregating to 1 min)

[2026-09-02 09:01] O:7661.25 H:7661.75 L:7659.75 C:7660.00 V:1229.0
  📈 Trend: sideways (raw: strong_bullish) | 🌍 Regime: trending_bullish
  🗺️  Grid: 0.080% | 🔺 7662.25 🔻 7659.00
  📡 RSI: 68.6 | MACD: 2.64 | ATR: 3.43
  📊 Filled: 0 | Pending: 0
  💰 Daily P&L: $+0.00

[2026-09-02 09:02] O:7660.00 H:7661.25 L:7657.50 C:7660.75 V:8731.0
  📈 Trend: strong_bullish | 🌍 Regime: trending_bullish
  🗺️  Grid: 0.080% | 🔺 7661.75 🔻 7659.75
  📡 RSI: 75.0 | MACD: 2.90 | ATR: 3.43
  📊 Filled: 0 | Pending: 0
  💰 Daily P&L: $+0.00

[2026-09-02 09:03] O:7661.00 H:7661.00 L:7659.25 C:7659.75 V:3424.0
  📈 Trend: strong_bullish | 🌍 Regime: trending_bullish
  🗺️  Grid: 0.080% | 🔺 7661.25 🔻 7657.50
  📡 RSI: 68.6 | MACD: 3.00 | ATR: 3.25
  📊 Filled: 0 | Pending: 0
  💰 Daily P&L: $+0.00

[2026-09-02 09:04] O:7659.75 H:7664.00 L:7659.50 C:7664.00 V:4656.0
  📈 Trend: strong_bullish | 🌍 Regime: trending_bullish
  🗺️  Grid: 0.080% | 🔺 7661.00 🔻 7659.25
  📡 RSI: 82.9 | MACD: 3.38 | ATR: 3.30
  📊 Filled: 0 | Pending: 0
  💰 Daily P&L: $+0.00

[2026-09-02 09:05] O:7664.00 H:7665.50 L:7663.75 C:7664.25 V:4788.0
  📈 Trend: strong_bullish | 🌍 Regime: trending_bullish
  🗺️  Grid: 0.080% | 🔺 7664.00 🔻 7659.50
  📡 RSI: 80.9 | MACD: 3.66 | ATR: 3.11
  📊 Filled: 0 | Pending: 0
  💰 Daily P&L: $+0.00

[2026-09-02 09:06] O:7664.50 H:7666.75 L:7663.50 C:7666.50 V:4900.0
  📈 Trend: strong_bullish | 🌍 Regime: trending_bullish
  🗺️  Grid: 0.080% | 🔺 7665.50 🔻 7663.75
  📡 RSI: 81.8 | MACD: 4.01 | ATR: 3.16
  📊 Filled: 0 | Pending: 0
  💰 Daily P&L: $+0.00

[2026-09-02 09:07] O:7666.75 H:7667.75 L:7666.50 C:7667.00 V:3731.0
  📈 Trend: strong_bullish | 🌍 Regime: trending_bullish
  🗺️  Grid: 0.080% | 🔺 7666.75 🔻 7663.50
  📡 RSI: 83.0 | MACD: 4.29 | ATR: 3.07
  📊 Filled: 0 | Pending: 0
  💰 Daily P&L: $+0.00

[2026-09-02 09:08] O:7666.75 H:7667.50 L:7665.25 C:7666.50 V:4060.0
  📈 Trend: strong_bullish | 🌍 Regime: trending_bullish
  🗺️  Grid: 0.080% | 🔺 7667.75 🔻 7666.50
  📡 RSI: 83.8 | MACD: 4.41 | ATR: 2.98
  📊 Filled: 0 | Pending: 0
  💰 Daily P&L: $+0.00

[2026-09-02 09:09] O:7666.50 H:7667.00 L:7662.50 C:7663.50 V:5026.0
  📈 Trend: strong_bullish | 🌍 Regime: trending_bullish
  🗺️  Grid: 0.080% | 🔺 7667.50 🔻 7665.25
  📡 RSI: 71.4 | MACD: 4.22 | ATR: 3.05
  📊 Filled: 0 | Pending: 0
  💰 Daily P&L: $+0.00

[2026-09-02 09:10] O:7663.50 H:7667.25 L:7662.75 C:7665.75 V:4468.0
  📈 Trend: strong_bullish | 🌍 Regime: trending_bullish
  🗺️  Grid: 0.080% | 🔺 7667.00 🔻 7662.50
  📡 RSI: 77.5 | MACD: 4.20 | ATR: 3.23
  📊 Filled: 0 | Pending: 0
  💰 Daily P&L: $+0.00

[2026-09-02 09:11] O:7665.75 H:7666.00 L:7664.00 C:7666.00 V:3764.0
  📈 Trend: strong_bullish | 🌍 Regime: trending_bullish
  🗺️  Grid: 0.080% | 🔺 7667.25 🔻 7662.75
  📡 RSI: 77.7 | MACD: 4.16 | ATR: 3.20
  📊 Filled: 0 | Pending: 0
  💰 Daily P&L: $+0.00

[2026-09-02 09:12] O:7665.75 H:7666.25 L:7662.75 C:7664.25 V:4442.0
  📈 Trend: strong_bullish | 🌍 Regime: trending_bullish
  🗺️  Grid: 0.080% | 🔺 7666.00 🔻 7664.00
  📡 RSI: 66.7 | MACD: 3.94 | ATR: 3.07
  📊 Filled: 0 | Pending: 0
  💰 Daily P&L: $+0.00

[2026-09-02 09:13] O:7664.50 H:7667.25 L:7664.00 C:7667.00 V:4365.0
  📈 Trend: strong_bullish | 🌍 Regime: trending_bullish
  🗺️  Grid: 0.080% | 🔺 7666.25 🔻 7662.75
  📡 RSI: 66.7 | MACD: 3.94 | ATR: 2.96
  📊 Filled: 0 | Pending: 0
  💰 Daily P&L: $+0.00

[2026-09-02 09:14] O:7667.50 H:7669.25 L:7667.00 C:7668.75 V:5339.0
  📈 Trend: strong_bullish | 🌍 Regime: trending_bullish
  🗺️  Grid: 0.080% | 🔺 7667.25 🔻 7664.00
  📡 RSI: 66.7 | MACD: 4.04 | ATR: 2.89
  📊 Filled: 0 | Pending: 0
  💰 Daily P&L: $+0.00

[2026-09-02 09:15] O:7668.75 H:7670.00 L:7667.00 C:7668.50 V:4768.0
  📈 Trend: strong_bullish | 🌍 Regime: trending_bullish
  🗺️  Grid: 0.080% | 🔺 7669.25 🔻 7667.00
  📡 RSI: 69.8 | MACD: 4.05 | ATR: 2.96
  📊 Filled: 0 | Pending: 0
  💰 Daily P&L: $+0.00

[2026-09-02 09:16] O:7668.50 H:7670.50 L:7668.25 C:7670.00 V:6332.0
  📈 Trend: strong_bullish | 🌍 Regime: trending_bullish
  🗺️  Grid: 0.080% | 🔺 7670.00 🔻 7667.00
  📡 RSI: 70.8 | MACD: 4.13 | ATR: 2.86
  📊 Filled: 0 | Pending: 0
  💰 Daily P&L: $+0.00

[2026-09-02 09:17] O:7670.00 H:7672.25 L:7669.50 C:7672.00 V:5502.0
  📈 Trend: strong_bullish | 🌍 Regime: trending_bullish
  🗺️  Grid: 0.080% | 🔺 7670.50 🔻 7668.25
  📡 RSI: 76.3 | MACD: 4.30 | ATR: 2.93
  📊 Filled: 0 | Pending: 0
  💰 Daily P&L: $+0.00

[2026-09-02 09:18] O:7671.75 H:7673.25 L:7670.25 C:7673.00 V:4558.0
  📈 Trend: strong_bullish | 🌍 Regime: trending_bullish
  🗺️  Grid: 0.080% | 🔺 7672.25 🔻 7669.50
  📡 RSI: 72.5 | MACD: 4.47 | ATR: 2.82
  📊 Filled: 0 | Pending: 0
  💰 Daily P&L: $+0.00

[2026-09-02 09:19] O:7673.25 H:7676.25 L:7673.25 C:7674.75 V:5723.0
  📈 Trend: strong_bullish | 🌍 Regime: trending_bullish
  🗺️  Grid: 0.080% | 🔺 7673.25 🔻 7670.25
  📡 RSI: 74.4 | MACD: 4.69 | ATR: 2.93
  📊 Filled: 0 | Pending: 0
  💰 Daily P&L: $+0.00

[2026-09-02 09:20] O:7675.00 H:7675.75 L:7673.75 C:7674.50 V:5345.0
  📈 Trend: strong_bullish | 🌍 Regime: trending_bullish
  🗺️  Grid: 0.080% | 🔺 7676.25 🔻 7673.25
  📡 RSI: 70.5 | MACD: 4.79 | ATR: 2.84
  📊 Filled: 0 | Pending: 0
  💰 Daily P&L: $+0.00

[2026-09-02 09:21] O:7674.50 H:7679.00 L:7674.50 C:7678.75 V:7284.0
  📈 Trend: strong_bullish | 🌍 Regime: trending_bullish
  🗺️  Grid: 0.080% | 🔺 7675.75 🔻 7673.75
  📡 RSI: 75.3 | MACD: 5.15 | ATR: 3.07
  📊 Filled: 0 | Pending: 0
  💰 Daily P&L: $+0.00

[2026-09-02 09:22] O:7679.00 H:7680.00 L:7678.00 C:7679.00 V:4793.0
  📈 Trend: strong_bullish | 🌍 Regime: trending_bullish
  🗺️  Grid: 0.080% | 🔺 7679.00 🔻 7674.50
  📡 RSI: 77.2 | MACD: 5.40 | ATR: 3.05
  📊 Filled: 0 | Pending: 0
  💰 Daily P&L: $+0.00

[2026-09-02 09:23] O:7679.00 H:7679.75 L:7677.00 C:7679.50 V:4472.0
  📈 Trend: strong_bullish | 🌍 Regime: trending_bullish
  🗺️  Grid: 0.080% | 🔺 7680.00 🔻 7678.00
  📡 RSI: 89.0 | MACD: 5.57 | ATR: 2.93
  📊 Filled: 0 | Pending: 0
  💰 Daily P&L: $+0.00

[2026-09-02 09:24] O:7679.25 H:7679.75 L:7678.00 C:7678.50 V:3281.0
  📈 Trend: strong_bullish | 🌍 Regime: trending_bullish
  🗺️  Grid: 0.080% | 🔺 7679.75 🔻 7677.00
  📡 RSI: 83.1 | MACD: 5.56 | ATR: 2.73
  📊 Filled: 0 | Pending: 0
  💰 Daily P&L: $+0.00

[2026-09-02 09:25] O:7678.25 H:7679.00 L:7676.75 C:7678.50 V:5972.0
  📈 Trend: strong_bullish | 🌍 Regime: trending_bullish
  🗺️  Grid: 0.080% | 🔺 7679.75 🔻 7678.00
  📡 RSI: 82.9 | MACD: 5.49 | ATR: 2.75
  📊 Filled: 0 | Pending: 0
  💰 Daily P&L: $+0.00

[2026-09-02 09:26] O:7678.50 H:7682.50 L:7678.25 C:7682.00 V:5606.0
  📈 Trend: strong_bullish | 🌍 Regime: trending_bullish
  🗺️  Grid: 0.080% | 🔺 7679.00 🔻 7676.75
  📡 RSI: 92.8 | MACD: 5.65 | ATR: 2.80
  📊 Filled: 0 | Pending: 0
  💰 Daily P&L: $+0.00

[2026-09-02 09:27] O:7682.00 H:7682.00 L:7679.75 C:7680.50 V:3648.0
  📈 Trend: strong_bullish | 🌍 Regime: trending_bullish
  🗺️  Grid: 0.080% | 🔺 7682.50 🔻 7678.25
  📡 RSI: 84.6 | MACD: 5.59 | ATR: 2.73
  📊 Filled: 0 | Pending: 0
  💰 Daily P&L: $+0.00

[2026-09-02 09:28] O:7680.50 H:7680.75 L:7679.75 C:7680.75 V:2263.0
  📈 Trend: strong_bullish | 🌍 Regime: trending_bullish
  🗺️  Grid: 0.080% | 🔺 7682.00 🔻 7679.75
  📡 RSI: 83.3 | MACD: 5.50 | ATR: 2.64
  📊 Filled: 0 | Pending: 0
  💰 Daily P&L: $+0.00

[2026-09-02 09:29] O:7680.75 H:7681.00 L:7678.50 C:7679.50 V:4312.0
  📈 Trend: strong_bullish | 🌍 Regime: trending_bullish
  🗺️  Grid: 0.080% | 🔺 7680.75 🔻 7679.75
  📡 RSI: 78.9 | MACD: 5.27 | ATR: 2.61
  📊 Filled: 0 | Pending: 0
  💰 Daily P&L: $+0.00

[2026-09-02 09:30] O:7679.25 H:7680.00 L:7677.25 C:7678.00 V:5123.0
  📈 Trend: strong_bullish | 🌍 Regime: trending_bullish
  🗺️  Grid: 0.080% | 🔺 7681.00 🔻 7678.50
  📡 RSI: 71.1 | MACD: 4.91 | ATR: 2.64
  📊 Filled: 0 | Pending: 0
  💰 Daily P&L: $+0.00

[2026-09-02 09:31] O:7678.00 H:7679.50 L:7677.00 C:7679.25 V:4221.0
  📈 Trend: strong_bullish | 🌍 Regime: trending_bullish
  🗺️  Grid: 0.080% | 🔺 7680.00 🔻 7677.25
  📡 RSI: 69.9 | MACD: 4.67 | ATR: 2.62
  📊 Filled: 0 | Pending: 0
  💰 Daily P&L: $+0.00

[2026-09-02 09:32] O:7679.25 H:7680.00 L:7677.25 C:7677.75 V:3631.0
  📈 Trend: strong_bullish | 🌍 Regime: trending_bullish
  🗺️  Grid: 0.080% | 🔺 7679.50 🔻 7677.00
  📡 RSI: 62.7 | MACD: 4.31 | ATR: 2.61
  📊 Filled: 0 | Pending: 0
  💰 Daily P&L: $+0.00

[2026-09-02 09:33] O:7677.75 H:7677.75 L:7675.50 C:7677.75 V:3989.0
  📈 Trend: strong_bullish | 🌍 Regime: trending_bullish
  🗺️  Grid: 0.080% | 🔺 7680.00 🔻 7677.25
  📡 RSI: 58.8 | MACD: 3.98 | ATR: 2.54
  📊 Filled: 0 | Pending: 0
  💰 Daily P&L: $+0.00

[2026-09-02 09:34] O:7677.50 H:7682.50 L:7677.00 C:7682.50 V:5736.0
  📈 Trend: strong_bullish | 🌍 Regime: trending_bullish
  🗺️  Grid: 0.080% | 🔺 7677.75 🔻 7675.50
  📡 RSI: 68.6 | MACD: 4.05 | ATR: 2.79
  📊 Filled: 0 | Pending: 0
  💰 Daily P&L: $+0.00

[2026-09-02 09:35] O:7682.25 H:7684.25 L:7681.50 C:7683.25 V:6840.0
  📈 Trend: strong_bullish | 🌍 Regime: trending_bullish
  🗺️  Grid: 0.080% | 🔺 7682.50 🔻 7677.00
  📡 RSI: 62.5 | MACD: 4.12 | ATR: 2.66
  📊 Filled: 0 | Pending: 0
  💰 Daily P&L: $+0.00

[2026-09-02 09:36] O:7683.25 H:7684.25 L:7681.50 C:7684.00 V:4488.0
  📈 Trend: strong_bullish | 🌍 Regime: trending_bullish
  🗺️  Grid: 0.080% | 🔺 7684.25 🔻 7681.50
  📡 RSI: 63.5 | MACD: 4.19 | ATR: 2.71
  📊 Filled: 0 | Pending: 0
  💰 Daily P&L: $+0.00

[2026-09-02 09:37] O:7683.75 H:7684.50 L:7682.75 C:7683.50 V:2264.0
  📈 Trend: strong_bullish | 🌍 Regime: trending_bullish
  🗺️  Grid: 0.080% | 🔺 7684.25 🔻 7681.50
  📡 RSI: 60.8 | MACD: 4.16 | ATR: 2.64
  📊 Filled: 0 | Pending: 0
  💰 Daily P&L: $+0.00

[2026-09-02 09:38] O:7683.25 H:7683.50 L:7681.25 C:7682.25 V:3054.0
  📈 Trend: strong_bullish | 🌍 Regime: trending_bullish
  🗺️  Grid: 0.080% | 🔺 7684.50 🔻 7682.75
  📡 RSI: 60.0 | MACD: 3.98 | ATR: 2.68
  📊 Filled: 0 | Pending: 0
  💰 Daily P&L: $+0.00

[2026-09-02 09:39] O:7682.50 H:7685.50 L:7681.25 C:7685.50 V:2901.0
  📈 Trend: strong_bullish | 🌍 Regime: trending_bullish
  🗺️  Grid: 0.080% | 🔺 7683.50 🔻 7681.25
  📡 RSI: 65.9 | MACD: 4.06 | ATR: 2.82
  📊 Filled: 0 | Pending: 0
  💰 Daily P&L: $+0.00

[2026-09-02 09:40] O:7685.50 H:7687.00 L:7684.50 C:7687.00 V:4293.0
  📈 Trend: strong_bullish | 🌍 Regime: trending_bullish
  🗺️  Grid: 0.080% | 🔺 7685.50 🔻 7681.25
  📡 RSI: 62.5 | MACD: 4.20 | ATR: 2.70
  📊 Filled: 0 | Pending: 0
  💰 Daily P&L: $+0.00

[2026-09-02 09:41] O:7687.00 H:7687.50 L:7685.75 C:7686.00 V:3075.0
  📈 Trend: strong_bullish | 🌍 Regime: trending_bullish
  🗺️  Grid: 0.080% | 🔺 7687.00 🔻 7684.50
  📡 RSI: 64.1 | MACD: 4.17 | ATR: 2.66
  📊 Filled: 0 | Pending: 0
  💰 Daily P&L: $+0.00

[2026-09-02 09:42] O:7685.75 H:7688.75 L:7685.75 C:7686.50 V:4959.0
  📈 Trend: strong_bullish | 🌍 Regime: trending_bullish
  🗺️  Grid: 0.080% | 🔺 7687.50 🔻 7685.75
  📡 RSI: 64.6 | MACD: 4.15 | ATR: 2.80
  📊 Filled: 0 | Pending: 0
  💰 Daily P&L: $+0.00

[2026-09-02 09:43] O:7686.50 H:7688.00 L:7685.00 C:7688.00 V:3105.0
  📈 Trend: strong_bullish | 🌍 Regime: trending_bullish
  🗺️  Grid: 0.080% | 🔺 7688.75 🔻 7685.75
  📡 RSI: 71.2 | MACD: 4.20 | ATR: 2.84
  📊 Filled: 0 | Pending: 0
  💰 Daily P&L: $+0.00

[2026-09-02 09:44] O:7688.00 H:7690.25 L:7688.00 C:7689.50 V:3476.0
  📈 Trend: strong_bullish | 🌍 Regime: trending_bullish
  🗺️  Grid: 0.080% | 🔺 7688.00 🔻 7685.00
  📡 RSI: 78.8 | MACD: 4.31 | ATR: 2.80
  📊 Filled: 0 | Pending: 0
  💰 Daily P&L: $+0.00

[2026-09-02 09:45] O:7689.50 H:7690.00 L:7686.50 C:7686.50 V:4047.0
  📈 Trend: strong_bullish | 🌍 Regime: trending_bullish
  🗺️  Grid: 0.080% | 🔺 7690.25 🔻 7688.00
  📡 RSI: 66.7 | MACD: 4.11 | ATR: 2.88
  📊 Filled: 0 | Pending: 0
  💰 Daily P&L: $+0.00

[2026-09-02 09:46] O:7686.25 H:7686.75 L:7685.00 C:7685.75 V:3370.0
  📈 Trend: strong_bullish | 🌍 Regime: trending_bullish
  🗺️  Grid: 0.080% | 🔺 7690.00 🔻 7686.50
  📡 RSI: 69.0 | MACD: 3.85 | ATR: 2.80
  📊 Filled: 0 | Pending: 0
  💰 Daily P&L: $+0.00

[2026-09-02 09:47] O:7685.75 H:7686.25 L:7684.75 C:7685.75 V:2321.0
  📈 Trend: strong_bullish | 🌍 Regime: trending_bullish
  🗺️  Grid: 0.080% | 🔺 7686.75 🔻 7685.00
  📡 RSI: 69.0 | MACD: 3.60 | ATR: 2.75
  📊 Filled: 0 | Pending: 0
  💰 Daily P&L: $+0.00

[2026-09-02 09:48] O:7685.50 H:7686.75 L:7684.00 C:7684.50 V:3188.0
  📈 Trend: strong_bullish | 🌍 Regime: trending_bullish
  🗺️  Grid: 0.080% | 🔺 7686.25 🔻 7684.75
  📡 RSI: 55.7 | MACD: 3.26 | ATR: 2.55
  📊 Filled: 0 | Pending: 0
  💰 Daily P&L: $+0.00

[2026-09-02 09:49] O:7684.25 H:7685.00 L:7682.75 C:7685.00 V:3269.0
  📈 Trend: strong_bullish | 🌍 Regime: trending_bullish
  🗺️  Grid: 0.080% | 🔺 7686.75 🔻 7684.00
  📡 RSI: 55.1 | MACD: 3.00 | ATR: 2.52
  📊 Filled: 0 | Pending: 0
  💰 Daily P&L: $+0.00

[2026-09-02 09:50] O:7684.75 H:7685.00 L:7681.50 C:7681.50 V:3865.0
  📈 Trend: strong_bullish | 🌍 Regime: trending_bullish
  🗺️  Grid: 0.080% | 🔺 7685.00 🔻 7682.75
  📡 RSI: 43.8 | MACD: 2.49 | ATR: 2.57
  📊 Filled: 0 | Pending: 0
  💰 Daily P&L: $+0.00

[2026-09-02 09:51] O:7681.50 H:7683.00 L:7680.50 C:7683.00 V:3610.0
  📈 Trend: strong_bullish | 🌍 Regime: trending_bullish
  🗺️  Grid: 0.080% | 🔺 7685.00 🔻 7681.50
  📡 RSI: 48.8 | MACD: 2.17 | ATR: 2.62
  📊 Filled: 0 | Pending: 0
  💰 Daily P&L: $+0.00

[2026-09-02 09:52] O:7682.75 H:7683.50 L:7682.00 C:7682.50 V:2974.0
  📈 Trend: strong_bullish | 🌍 Regime: trending_bullish
  🗺️  Grid: 0.080% | 🔺 7683.00 🔻 7680.50
  📡 RSI: 50.6 | MACD: 1.86 | ATR: 2.57
  📊 Filled: 0 | Pending: 0
  💰 Daily P&L: $+0.00

[2026-09-02 09:53] O:7682.75 H:7682.75 L:7680.00 C:7680.75 V:3293.0
  📈 Trend: strong_bullish (raw: moderate_bullish) | 🌍 Regime: trending_bullish
  🗺️  Grid: 0.080% | 🔺 7683.50 🔻 7682.00
  📡 RSI: 37.3 | MACD: 1.45 | ATR: 2.46
  📊 Filled: 0 | Pending: 0
  💰 Daily P&L: $+0.00

[2026-09-02 09:54] O:7680.50 H:7681.50 L:7679.75 C:7680.75 V:2648.0
  📈 Trend: moderate_bullish | 🌍 Regime: trending_bullish
  🗺️  Grid: 0.080% | 🔺 7682.75 🔻 7680.00
  📡 RSI: 31.9 | MACD: 1.12 | ATR: 2.41
  📊 Filled: 0 | Pending: 0
  💰 Daily P&L: $+0.00

[2026-09-02 09:55] O:7680.75 H:7682.25 L:7680.50 C:7681.25 V:2518.0
  📈 Trend: moderate_bullish | 🌍 Regime: trending_bullish
  🗺️  Grid: 0.080% | 🔺 7681.50 🔻 7679.75
  📡 RSI: 35.8 | MACD: 0.89 | ATR: 2.41
  📊 Filled: 0 | Pending: 0
  💰 Daily P&L: $+0.00

[2026-09-02 09:56] O:7681.25 H:7682.00 L:7679.50 C:7680.75 V:2771.0
  📈 Trend: moderate_bullish | 🌍 Regime: trending_bullish
  🗺️  Grid: 0.080% | 🔺 7682.25 🔻 7680.50
  📡 RSI: 32.8 | MACD: 0.65 | ATR: 2.38
  📊 Filled: 0 | Pending: 0
  💰 Daily P&L: $+0.00

[2026-09-02 09:57] O:7680.50 H:7682.25 L:7679.75 C:7682.25 V:1842.0
  📈 Trend: moderate_bullish | 🌍 Regime: trending_bullish
  🗺️  Grid: 0.080% | 🔺 7682.00 🔻 7679.50
  📡 RSI: 32.8 | MACD: 0.58 | ATR: 2.34
  📊 Filled: 0 | Pending: 0
  🚫 Long blocked: price 7682.25 is 8.0 pts below session high 7690.25 (limit: 10.0 pts, window: 2.0 hrs)
  💰 Daily P&L: $+0.00

[2026-09-02 09:58] O:7682.25 H:7682.50 L:7679.00 C:7679.25 V:2897.0
  📈 Trend: moderate_bullish | 🌍 Regime: trending_bullish
  🗺️  Grid: 0.080% | 🔺 7682.25 🔻 7679.75
  📡 RSI: 21.9 | MACD: 0.28 | ATR: 2.43
  📊 Filled: 0 | Pending: 0
  💰 Daily P&L: $+0.00

[2026-09-02 09:59] O:7679.50 H:7679.75 L:7678.00 C:7679.75 V:2878.0
  📈 Trend: moderate_bullish | 🌍 Regime: trending_bullish
  🗺️  Grid: 0.080% | 🔺 7682.50 🔻 7679.00
  📡 RSI: 28.6 | MACD: 0.08 | ATR: 2.30
  📊 Filled: 0 | Pending: 0
  💰 Daily P&L: $+0.00

[2026-09-02 10:00] O:7679.50 H:7680.25 L:7678.00 C:7678.25 V:2983.0
  📈 Trend: moderate_bullish | 🌍 Regime: trending_bullish
  🗺️  Grid: 0.080% | 🔺 7679.75 🔻 7678.00
  📡 RSI: 27.3 | MACD: -0.19 | ATR: 2.34
  📊 Filled: 0 | Pending: 0
  💰 Daily P&L: $+0.00

[2026-09-02 10:01] O:7678.50 H:7680.00 L:7677.50 C:7678.25 V:2579.0
  📈 Trend: moderate_bullish | 🌍 Regime: trending_bullish
  🗺️  Grid: 0.080% | 🔺 7680.25 🔻 7678.00
  📡 RSI: 27.3 | MACD: -0.41 | ATR: 2.41
  📊 Filled: 0 | Pending: 0
  💰 Daily P&L: $+0.00

[2026-09-02 10:02] O:7678.00 H:7680.50 L:7678.00 C:7679.50 V:2971.0
  📈 Trend: moderate_bullish | 🌍 Regime: trending_bullish
  🗺️  Grid: 0.080% | 🔺 7680.00 🔻 7677.50
  📡 RSI: 34.8 | MACD: -0.47 | ATR: 2.39
  📊 Filled: 0 | Pending: 0
  💰 Daily P&L: $+0.00

[2026-09-02 10:03] O:7679.50 H:7683.00 L:7679.25 C:7682.75 V:2956.0
  📈 Trend: moderate_bullish | 🌍 Regime: trending_bullish
  🗺️  Grid: 0.080% | 🔺 7680.50 🔻 7678.00
  📡 RSI: 44.2 | MACD: -0.26 | ATR: 2.50
  📊 Filled: 0 | Pending: 0
  💰 Daily P&L: $+0.00

[2026-09-02 10:04] O:7682.75 H:7683.00 L:7679.50 C:7680.75 V:3202.0
  📈 Trend: moderate_bullish | 🌍 Regime: trending_bullish
  🗺️  Grid: 0.080% | 🔺 7683.00 🔻 7679.25
  📡 RSI: 47.9 | MACD: -0.25 | ATR: 2.50
  📊 Filled: 0 | Pending: 0
  💰 Daily P&L: $+0.00

[2026-09-02 10:05] O:7680.75 H:7681.00 L:7679.25 C:7680.25 V:2479.0
  📈 Trend: moderate_bullish | 🌍 Regime: trending_bullish
  🗺️  Grid: 0.080% | 🔺 7683.00 🔻 7679.50
  📡 RSI: 41.8 | MACD: -0.27 | ATR: 2.45
  📊 Filled: 0 | Pending: 0
  💰 Daily P&L: $+0.00

[2026-09-02 10:06] O:7680.50 H:7682.75 L:7679.75 C:7681.50 V:2558.0
  📈 Trend: moderate_bullish | 🌍 Regime: trending_bullish
  🗺️  Grid: 0.080% | 🔺 7681.00 🔻 7679.25
  📡 RSI: 47.1 | MACD: -0.19 | ATR: 2.55
  📊 Filled: 0 | Pending: 0
  💰 Daily P&L: $+0.00

[2026-09-02 10:07] O:7681.25 H:7681.50 L:7678.75 C:7679.50 V:2297.0
  📈 Trend: moderate_bullish (raw: strong_bearish) | 🌍 Regime: trending_bearish
  🗺️  Grid: 0.080% | 🔺 7682.75 🔻 7679.75
  📡 RSI: 46.5 | MACD: -0.29 | ATR: 2.55
  📊 Filled: 0 | Pending: 0
  💰 Daily P&L: $+0.00

[2026-09-02 10:08] O:7679.25 H:7679.75 L:7678.50 C:7679.25 V:2839.0
  📈 Trend: strong_bearish | 🌍 Regime: trending_bearish
  🗺️  Grid: 0.080% | 🔺 7681.50 🔻 7678.75
  📡 RSI: 45.8 | MACD: -0.38 | ATR: 2.52
  📊 Filled: 0 | Pending: 0
  💰 Daily P&L: $+0.00

[2026-09-02 10:09] O:7679.50 H:7681.25 L:7679.00 C:7680.75 V:2091.0
  📈 Trend: strong_bearish | 🌍 Regime: trending_bearish
  🗺️  Grid: 0.080% | 🔺 7679.75 🔻 7678.50
  📡 RSI: 48.7 | MACD: -0.32 | ATR: 2.55
  📊 Filled: 0 | Pending: 0
  💰 Daily P&L: $+0.00

[2026-09-02 10:10] O:7680.50 H:7680.75 L:7678.50 C:7679.25 V:2709.0
  📈 Trend: strong_bearish | 🌍 Regime: trending_bearish
  🗺️  Grid: 0.080% | 🔺 7681.25 🔻 7679.00
  📡 RSI: 46.2 | MACD: -0.40 | ATR: 2.54
  📊 Filled: 0 | Pending: 0
  💰 Daily P&L: $+0.00

[2026-09-02 10:11] O:7679.50 H:7683.75 L:7678.50 C:7683.75 V:3059.0
  📈 Trend: strong_bearish (raw: moderate_bullish) | 🌍 Regime: trending_bullish
  🗺️  Grid: 0.080% | 🔺 7680.75 🔻 7678.50
  📡 RSI: 53.3 | MACD: -0.09 | ATR: 2.73
  📊 Filled: 0 | Pending: 0
  💰 Daily P&L: $+0.00

[2026-09-02 10:12] O:7683.75 H:7684.25 L:7680.25 C:7680.25 V:3323.0
  📈 Trend: strong_bearish (raw: moderate_bearish) | 🌍 Regime: ranging
  🗺️  Grid: 0.080% | 🔺 7683.75 🔻 7678.50
  📡 RSI: 52.1 | MACD: -0.13 | ATR: 2.77
  📊 Filled: 0 | Pending: 0
  🔲 Regime: RANGING | Range pos: 69% | RSI: 52.1
  💰 Daily P&L: $+0.00

[2026-09-02 10:13] O:7680.25 H:7681.25 L:7678.75 C:7678.75 V:3398.0
  📈 Trend: strong_bearish | 🌍 Regime: ranging
  🗺️  Grid: 0.080% | 🔺 7684.25 🔻 7680.25
  📡 RSI: 48.0 | MACD: -0.28 | ATR: 2.82
  📊 Filled: 0 | Pending: 0
  🔲 Regime: RANGING | Range pos: 65% | RSI: 48.0
  💰 Daily P&L: $+0.00

[2026-09-02 10:14] O:7679.00 H:7681.75 L:7678.75 C:7681.75 V:2243.0
  📈 Trend: strong_bearish (raw: moderate_bullish) | 🌍 Regime: ranging
  🗺️  Grid: 0.080% | 🔺 7681.25 🔻 7678.75
  📡 RSI: 56.7 | MACD: -0.16 | ATR: 2.88
  📊 Filled: 0 | Pending: 0
  🔲 Regime: RANGING | Range pos: 74% | RSI: 56.7
  💰 Daily P&L: $+0.00

[2026-09-02 10:15] O:7681.75 H:7683.00 L:7680.25 C:7683.00 V:1999.0
  📈 Trend: strong_bearish (raw: strong_bullish) | 🌍 Regime: ranging
  🗺️  Grid: 0.080% | 🔺 7681.75 🔻 7678.75
  📡 RSI: 58.7 | MACD: 0.05 | ATR: 2.89
  📊 Filled: 0 | Pending: 0
  🔲 Regime: RANGING | Range pos: 78% | RSI: 58.7
  💰 Daily P&L: $+0.00

[2026-09-02 10:16] O:7683.00 H:7684.00 L:7682.25 C:7683.50 V:1833.0
  📈 Trend: strong_bullish | 🌍 Regime: ranging
  🗺️  Grid: 0.080% | 🔺 7683.00 🔻 7680.25
  📡 RSI: 57.5 | MACD: 0.24 | ATR: 2.84
  📊 Filled: 0 | Pending: 0
  🔲 Regime: RANGING | Range pos: 79% | RSI: 57.5
  💰 Daily P&L: $+0.00

[2026-09-02 10:17] O:7683.50 H:7684.25 L:7682.75 C:7683.50 V:1648.0
  📈 Trend: strong_bullish | 🌍 Regime: ranging
  🗺️  Grid: 0.080% | 🔺 7684.00 🔻 7682.25
  📡 RSI: 51.6 | MACD: 0.39 | ATR: 2.68
  📊 Filled: 0 | Pending: 0
  🔲 Regime: RANGING | Range pos: 79% | RSI: 51.6
  💰 Daily P&L: $+0.00

[2026-09-02 10:18] O:7683.50 H:7685.00 L:7682.75 C:7685.00 V:2342.0
  📈 Trend: strong_bullish | 🌍 Regime: ranging
  🗺️  Grid: 0.080% | 🔺 7684.25 🔻 7682.75
  📡 RSI: 59.3 | MACD: 0.63 | ATR: 2.59
  📊 Filled: 0 | Pending: 0
  🔲 Regime: RANGING | Range pos: 84% | RSI: 59.3
  💰 Daily P&L: $+0.00

[2026-09-02 10:19] O:7685.00 H:7686.75 L:7685.00 C:7686.50 V:3096.0
  📈 Trend: strong_bullish | 🌍 Regime: ranging
  🗺️  Grid: 0.080% | 🔺 7685.00 🔻 7682.75
  📡 RSI: 63.2 | MACD: 0.92 | ATR: 2.59
  📊 Filled: 0 | Pending: 0
  🔲 Regime: RANGING | Range pos: 89% | RSI: 63.2
  💰 Daily P&L: $+0.00

[2026-09-02 10:20] O:7686.25 H:7687.00 L:7685.25 C:7685.75 V:2356.0
  📈 Trend: strong_bullish | 🌍 Regime: ranging
  🗺️  Grid: 0.080% | 🔺 7686.75 🔻 7685.00
  📡 RSI: 59.1 | MACD: 1.08 | ATR: 2.50
  📊 Filled: 0 | Pending: 0
  🔲 Regime: RANGING | Range pos: 86% | RSI: 59.1
  💰 Daily P&L: $+0.00

[2026-09-02 10:21] O:7685.50 H:7685.75 L:7683.75 C:7684.25 V:2062.0
  📈 Trend: strong_bullish | 🌍 Regime: ranging
  🗺️  Grid: 0.080% | 🔺 7687.00 🔻 7685.25
  📡 RSI: 60.4 | MACD: 1.08 | ATR: 2.45
  📊 Filled: 0 | Pending: 0
  🔲 Regime: RANGING | Range pos: 82% | RSI: 60.4
  💰 Daily P&L: $+0.00

[2026-09-02 10:22] O:7684.25 H:7685.75 L:7684.00 C:7685.75 V:1881.0
  📈 Trend: strong_bullish | 🌍 Regime: ranging
  🗺️  Grid: 0.080% | 🔺 7685.75 🔻 7683.75
  📡 RSI: 63.5 | MACD: 1.18 | ATR: 2.48
  📊 Filled: 0 | Pending: 0
  🔲 Regime: RANGING | Range pos: 86% | RSI: 63.5
  💰 Daily P&L: $+0.00

[2026-09-02 10:23] O:7685.75 H:7686.50 L:7683.50 C:7684.50 V:3061.0
  📈 Trend: strong_bullish | 🌍 Regime: ranging
  🗺️  Grid: 0.080% | 🔺 7685.75 🔻 7684.00
  📡 RSI: 57.9 | MACD: 1.15 | ATR: 2.54
  📊 Filled: 0 | Pending: 0
  🔲 Regime: RANGING | Range pos: 82% | RSI: 57.9
  💰 Daily P&L: $+0.00

[2026-09-02 10:24] O:7684.50 H:7685.75 L:7684.25 C:7685.25 V:1244.0
  📈 Trend: strong_bullish | 🌍 Regime: ranging
  🗺️  Grid: 0.080% | 🔺 7686.50 🔻 7683.50
  📡 RSI: 63.0 | MACD: 1.17 | ATR: 2.48
  📊 Filled: 0 | Pending: 0
  🔲 Regime: RANGING | Range pos: 85% | RSI: 63.0
  💰 Daily P&L: $+0.00

[2026-09-02 10:25] O:7685.25 H:7687.75 L:7685.00 C:7687.75 V:2266.0
  📈 Trend: strong_bullish | 🌍 Regime: ranging
  🗺️  Grid: 0.080% | 🔺 7685.75 🔻 7684.25
  📡 RSI: 59.5 | MACD: 1.37 | ATR: 2.30
  📊 Filled: 0 | Pending: 0
  🔲 Regime: RANGING | Range pos: 92% | RSI: 59.5
  💰 Daily P&L: $+0.00

[2026-09-02 10:26] O:7687.75 H:7687.75 L:7686.50 C:7687.00 V:1601.0
  📈 Trend: strong_bullish | 🌍 Regime: ranging
  🗺️  Grid: 0.080% | 🔺 7687.75 🔻 7685.00
  📡 RSI: 68.5 | MACD: 1.45 | ATR: 2.11
  📊 Filled: 0 | Pending: 0
  🔲 Regime: RANGING | Range pos: 90% | RSI: 68.5
  💰 Daily P&L: $+0.00

[2026-09-02 10:27] O:7687.00 H:7687.25 L:7686.25 C:7687.25 V:1387.0
  📈 Trend: strong_bullish | 🌍 Regime: ranging
  🗺️  Grid: 0.080% | 🔺 7687.75 🔻 7686.50
  📡 RSI: 75.0 | MACD: 1.52 | ATR: 2.00
  📊 Filled: 0 | Pending: 0
  🔲 Regime: RANGING | Range pos: 91% | RSI: 75.0
  📤 Limit SELL 10 @ 7687.25 submitted (ID: 784)
  📋 Order 784 status: PreSubmitted
  ✅ Fill: SLD 10.0 @ 7689.25
  📋 Order 784 status: Filled
  ⬇️ SHORT ORDER @ 7687.25 | Size: 1.00 | SL: 7691.25 | TP: 7681.25 [10cts]
     Reason: Grid Short (sideways, RSI: 75.0)
  🔬 SHADOW [short ranging]: 🟥 ROBUST WOULD BLOCK (1 filter)
       MACD=BLOCK (+1.52 vs +1.45, Δ+0.07) | 5m=N/A (ranging)
     ⏳ Order 784 PENDING - awaiting fill confirmation
  💰 Daily P&L: $+0.00
  📤 Stop-Market BUY 10 @ 7697.25 submitted (ID: 785) [OCA:exit_784_1788362945]
  📋 Order 785 status: PreSubmitted
  📤 Limit BUY 10 @ 7683.25 submitted (ID: 786) [OCA:exit_784_1788362945]
  📋 Order 786 status: PreSubmitted
  ✅ FILL CONFIRMED: SHORT @ 7689.25 (order 784)
     📊 Bracket placed: SL #785 @ 7697.25 | TP #786 @ 7683.25
     Trail activates @ +7.5 pts

[2026-09-02 10:28] O:7687.00 H:7690.75 L:7687.00 C:7688.50 V:3971.0
  📈 Trend: strong_bullish | 🌍 Regime: ranging
  🗺️  Grid: 0.080% | 🔺 7687.25 🔻 7686.25
  📡 RSI: 72.1 | MACD: 1.66 | ATR: 2.05
  📊 Filled: 1 | Pending: 0
  📍 SHORT @ 7689.25 | SL: 7697.25 | TP: 7683.25 | P&L: $+375.00 | +7.5 to trail
  💰 Daily P&L: $+0.00
  📋 Order 786 status: Submitted

[2026-09-02 10:29] O:7688.75 H:7690.25 L:7688.00 C:7689.50 V:3423.0
  📈 Trend: strong_bullish | 🌍 Regime: ranging
  🗺️  Grid: 0.080% | 🔺 7690.75 🔻 7687.00
  📡 RSI: 71.7 | MACD: 1.83 | ATR: 2.02
  📊 Filled: 1 | Pending: 0
  📍 SHORT @ 7689.25 | SL: 7697.25 | TP: 7683.25 | P&L: $-125.00 | +5.2 to trail
  💰 Daily P&L: $+0.00

[2026-09-02 10:30] O:7689.75 H:7691.25 L:7688.00 C:7688.25 V:3476.0
  📈 Trend: strong_bullish | 🌍 Regime: ranging
  🗺️  Grid: 0.080% | 🔺 7690.25 🔻 7688.00
  📡 RSI: 65.1 | MACD: 1.84 | ATR: 2.12
  📊 Filled: 1 | Pending: 0
  📍 SHORT @ 7689.25 | SL: 7697.25 | TP: 7683.25 | P&L: $+500.00 | +5.2 to trail
  💰 Daily P&L: $+0.00

[2026-09-02 10:31] O:7688.00 H:7688.75 L:7687.50 C:7688.75 V:3383.0
  📈 Trend: strong_bullish | 🌍 Regime: trending_bullish
  🗺️  Grid: 0.080% | 🔺 7691.25 🔻 7688.00
  📡 RSI: 66.2 | MACD: 1.87 | ATR: 2.11
  📊 Filled: 1 | Pending: 0
  📍 SHORT @ 7689.25 | SL: 7697.25 | TP: 7683.25 | P&L: $+250.00 | +5.2 to trail
  💰 Daily P&L: $+0.00

[2026-09-02 10:32] O:7688.75 H:7689.75 L:7687.75 C:7689.50 V:2453.0
  📈 Trend: strong_bullish | 🌍 Regime: trending_bullish
  🗺️  Grid: 0.080% | 🔺 7688.75 🔻 7687.50
  📡 RSI: 64.5 | MACD: 1.93 | ATR: 2.09
  📊 Filled: 1 | Pending: 0
  📍 SHORT @ 7689.25 | SL: 7697.25 | TP: 7683.25 | P&L: $-125.00 | +5.2 to trail
  💰 Daily P&L: $+0.00

[2026-09-02 10:33] O:7689.25 H:7689.50 L:7687.50 C:7688.75 V:2235.0
  📈 Trend: strong_bullish | 🌍 Regime: trending_bullish
  🗺️  Grid: 0.080% | 🔺 7689.75 🔻 7687.75
  📡 RSI: 57.6 | MACD: 1.89 | ATR: 2.11
  📊 Filled: 1 | Pending: 0
  📍 SHORT @ 7689.25 | SL: 7697.25 | TP: 7683.25 | P&L: $+250.00 | +5.2 to trail
  💰 Daily P&L: $+0.00

[2026-09-02 10:34] O:7688.50 H:7688.50 L:7686.50 C:7686.50 V:2783.0
  📈 Trend: strong_bullish | 🌍 Regime: trending_bullish
  🗺️  Grid: 0.080% | 🔺 7689.50 🔻 7687.50
  📡 RSI: 52.3 | MACD: 1.66 | ATR: 2.14
  📊 Filled: 1 | Pending: 0
  📍 SHORT @ 7689.25 | SL: 7697.25 | TP: 7683.25 | P&L: $+1,375.00 | +5.2 to trail
  💰 Daily P&L: $+0.00

[2026-09-02 10:35] O:7686.50 H:7687.50 L:7685.25 C:7686.25 V:3192.0
  📈 Trend: strong_bullish | 🌍 Regime: trending_bullish
  🗺️  Grid: 0.080% | 🔺 7688.50 🔻 7686.50
  📡 RSI: 56.7 | MACD: 1.44 | ATR: 2.16
  📊 Filled: 1 | Pending: 0
  📍 SHORT @ 7689.25 | SL: 7697.25 | TP: 7683.25 | P&L: $+1,500.00 | +4.8 to trail
  💰 Daily P&L: $+0.00

[2026-09-02 10:36] O:7686.25 H:7688.00 L:7686.00 C:7687.25 V:2258.0
  📈 Trend: strong_bullish | 🌍 Regime: trending_bullish
  🗺️  Grid: 0.080% | 🔺 7687.50 🔻 7685.25
  📡 RSI: 55.2 | MACD: 1.34 | ATR: 2.18
  📊 Filled: 1 | Pending: 0
  📍 SHORT @ 7689.25 | SL: 7697.25 | TP: 7683.25 | P&L: $+1,000.00 | +3.5 to trail
  💰 Daily P&L: $+0.00

[2026-09-02 10:37] O:7687.00 H:7688.00 L:7686.50 C:7687.50 V:1684.0
  📈 Trend: strong_bullish | 🌍 Regime: trending_bullish
  🗺️  Grid: 0.080% | 🔺 7688.00 🔻 7686.00
  📡 RSI: 61.1 | MACD: 1.26 | ATR: 2.07
  📊 Filled: 1 | Pending: 0
  📍 SHORT @ 7689.25 | SL: 7697.25 | TP: 7683.25 | P&L: $+875.00 | +3.5 to trail
  💰 Daily P&L: $+0.00

[2026-09-02 10:38] O:7687.25 H:7687.75 L:7686.25 C:7686.25 V:1382.0
  📈 Trend: strong_bullish (raw: moderate_bullish) | 🌍 Regime: trending_bullish
  🗺️  Grid: 0.080% | 🔺 7688.00 🔻 7686.50
  📡 RSI: 53.6 | MACD: 1.08 | ATR: 2.07
  📊 Filled: 1 | Pending: 0
  📍 SHORT @ 7689.25 | SL: 7697.25 | TP: 7683.25 | P&L: $+1,500.00 | +3.5 to trail
  💰 Daily P&L: $+0.00

[2026-09-02 10:39] O:7686.25 H:7686.75 L:7684.00 C:7685.25 V:2980.0
  📈 Trend: moderate_bullish | 🌍 Regime: trending_bullish
  🗺️  Grid: 0.080% | 🔺 7687.75 🔻 7686.25
  📡 RSI: 40.0 | MACD: 0.85 | ATR: 2.07
  📊 Filled: 1 | Pending: 0
  📍 SHORT @ 7689.25 | SL: 7697.25 | TP: 7683.25 | P&L: $+2,000.00 | +3.5 to trail
  💰 Daily P&L: $+0.00

[2026-09-02 10:40] O:7685.25 H:7686.50 L:7684.75 C:7685.25 V:1750.0
  📈 Trend: moderate_bullish (raw: strong_bullish) | 🌍 Regime: trending_bullish
  🗺️  Grid: 0.080% | 🔺 7686.75 🔻 7684.00
  📡 RSI: 42.6 | MACD: 0.66 | ATR: 2.11
  📊 Filled: 1 | Pending: 0
  📍 SHORT @ 7689.25 | SL: 7697.25 | TP: 7683.25 | P&L: $+2,000.00 | +2.2 to trail
  💰 Daily P&L: $+0.00

[2026-09-02 10:41] O:7685.00 H:7686.00 L:7684.50 C:7685.25 V:1727.0
  📈 Trend: moderate_bullish | 🌍 Regime: trending_bullish
  🗺️  Grid: 0.080% | 🔺 7686.50 🔻 7684.75
  📡 RSI: 41.3 | MACD: 0.51 | ATR: 2.14
  📊 Filled: 1 | Pending: 0
  📍 SHORT @ 7689.25 | SL: 7697.25 | TP: 7683.25 | P&L: $+2,000.00 | +2.2 to trail
  💰 Daily P&L: $+0.00

[2026-09-02 10:42] O:7685.25 H:7685.50 L:7684.00 C:7684.25 V:1600.0
  📈 Trend: moderate_bullish | 🌍 Regime: trending_bullish
  🗺️  Grid: 0.080% | 🔺 7686.00 🔻 7684.50
  📡 RSI: 31.1 | MACD: 0.30 | ATR: 1.98
  📊 Filled: 1 | Pending: 0
  📍 SHORT @ 7689.25 | SL: 7697.25 | TP: 7683.25 | P&L: $+2,500.00 | +2.2 to trail
  💰 Daily P&L: $+0.00

[2026-09-02 10:43] O:7684.25 H:7685.25 L:7683.25 C:7683.75 V:2665.0
  📈 Trend: moderate_bullish | 🌍 Regime: trending_bullish
  🗺️  Grid: 0.080% | 🔺 7685.50 🔻 7684.00
  📡 RSI: 23.3 | MACD: 0.09 | ATR: 1.96
  📊 Filled: 1 | Pending: 0
  📍 SHORT @ 7689.25 | SL: 7697.25 | TP: 7683.25 | P&L: $+2,750.00 | +2.2 to trail
  💰 Daily P&L: $+0.00
  📋 Order 785 status: Cancelled
  ✅ Fill: BOT 4.0 @ 7683.25
  📋 Order 786 status: Submitted
  ✅ Fill: BOT 2.0 @ 7683.25
  📋 Order 786 status: Submitted
  ✅ Fill: BOT 4.0 @ 7683.25
  📋 Order 786 status: Filled

[2026-09-02 10:44] O:7683.50 H:7684.25 L:7682.75 C:7683.00 V:1654.0
  📈 Trend: moderate_bullish | 🌍 Regime: trending_bullish
  🗺️  Grid: 0.080% | 🔺 7685.25 🔻 7683.25
  📡 RSI: 24.4 | MACD: -0.13 | ATR: 1.84
  📊 Filled: 1 | Pending: 0
  📍 SHORT @ 7689.25 | SL: 7697.25 | TP: 7683.25 | P&L: $+3,125.00 | +1.5 to trail
  ✅ EXIT SHORT @ 7683.25 | Take Profit
     P&L: +6.00 pts ($+3,000.00) | Daily: $+3,000.00
  ⏸️ Cooldown: 2 bar(s) remaining after exit
  💰 Daily P&L: $+3,000.00

[2026-09-02 10:45] O:7683.00 H:7683.00 L:7678.75 C:7679.00 V:3273.0
  📈 Trend: moderate_bullish | 🌍 Regime: trending_bullish
  🗺️  Grid: 0.080% | 🔺 7684.25 🔻 7682.75
  📡 RSI: 14.5 | MACD: -0.62 | ATR: 2.05
  📊 Filled: 0 | Pending: 0
  ⏸️ Cooldown: 1 bar(s) remaining after exit
  💰 Daily P&L: $+3,000.00

[2026-09-02 10:46] O:7679.00 H:7680.75 L:7678.50 C:7680.50 V:2777.0
  📈 Trend: moderate_bullish | 🌍 Regime: trending_bullish
  🗺️  Grid: 0.080% | 🔺 7683.00 🔻 7678.75
  📡 RSI: 19.0 | MACD: -0.88 | ATR: 2.07
  📊 Filled: 0 | Pending: 0
  💰 Daily P&L: $+3,000.00

[2026-09-02 10:47] O:7680.50 H:7680.75 L:7678.75 C:7679.00 V:2182.0
  📈 Trend: moderate_bullish | 🌍 Regime: trending_bullish
  🗺️  Grid: 0.080% | 🔺 7680.75 🔻 7678.50
  📡 RSI: 18.0 | MACD: -1.19 | ATR: 2.07
  📊 Filled: 0 | Pending: 0
  💰 Daily P&L: $+3,000.00

[2026-09-02 10:48] O:7679.00 H:7679.50 L:7677.00 C:7677.25 V:2359.0
  📈 Trend: moderate_bullish | 🌍 Regime: trending_bullish
  🗺️  Grid: 0.080% | 🔺 7680.75 🔻 7678.75
  📡 RSI: 18.6 | MACD: -1.57 | ATR: 2.09
  📊 Filled: 0 | Pending: 0
  💰 Daily P&L: $+3,000.00

[2026-09-02 10:49] O:7677.25 H:7678.00 L:7676.25 C:7676.75 V:2769.0
  📈 Trend: moderate_bullish | 🌍 Regime: trending_bullish
  🗺️  Grid: 0.080% | 🔺 7679.50 🔻 7677.00
  📡 RSI: 18.3 | MACD: -1.88 | ATR: 2.05
  📊 Filled: 0 | Pending: 0
  💰 Daily P&L: $+3,000.00

[2026-09-02 10:50] O:7676.75 H:7678.00 L:7676.00 C:7677.25 V:3034.0
  📈 Trend: moderate_bullish | 🌍 Regime: trending_bullish
  🗺️  Grid: 0.080% | 🔺 7678.00 🔻 7676.25
  📡 RSI: 15.5 | MACD: -2.06 | ATR: 2.05
  📊 Filled: 0 | Pending: 0
  💰 Daily P&L: $+3,000.00

[2026-09-02 10:51] O:7677.25 H:7679.00 L:7676.25 C:7678.75 V:2585.0
  📈 Trend: moderate_bullish (raw: strong_bearish) | 🌍 Regime: ranging
  🗺️  Grid: 0.080% | 🔺 7678.00 🔻 7676.00
  📡 RSI: 22.2 | MACD: -2.06 | ATR: 2.14
  📊 Filled: 0 | Pending: 0
  🔲 Regime: RANGING | Range pos: 63% | RSI: 22.2
  💰 Daily P&L: $+3,000.00

[2026-09-02 10:52] O:7678.75 H:7682.00 L:7678.50 C:7681.75 V:3622.0
  📈 Trend: strong_bearish | 🌍 Regime: ranging
  🗺️  Grid: 0.080% | 🔺 7679.00 🔻 7676.25
  📡 RSI: 37.1 | MACD: -1.80 | ATR: 2.29
  📊 Filled: 0 | Pending: 0
  🔲 Regime: RANGING | Range pos: 72% | RSI: 37.1
  💰 Daily P&L: $+3,000.00

[2026-09-02 10:53] O:7681.75 H:7682.50 L:7679.25 C:7679.50 V:2048.0
  📈 Trend: strong_bearish | 🌍 Regime: ranging
  🗺️  Grid: 0.080% | 🔺 7682.00 🔻 7678.50
  📡 RSI: 34.7 | MACD: -1.75 | ATR: 2.32
  📊 Filled: 0 | Pending: 0
  🔲 Regime: RANGING | Range pos: 65% | RSI: 34.7
  💰 Daily P&L: $+3,000.00

[2026-09-02 10:54] O:7679.75 H:7680.00 L:7678.75 C:7679.00 V:1974.0
  📈 Trend: strong_bearish | 🌍 Regime: ranging
  🗺️  Grid: 0.080% | 🔺 7682.50 🔻 7679.25
  📡 RSI: 33.8 | MACD: -1.74 | ATR: 2.29
  📊 Filled: 0 | Pending: 0
  🔲 Regime: RANGING | Range pos: 64% | RSI: 33.8
  💰 Daily P&L: $+3,000.00

[2026-09-02 10:55] O:7679.00 H:7680.00 L:7678.25 C:7678.50 V:1801.0
  📈 Trend: strong_bearish | 🌍 Regime: ranging
  🗺️  Grid: 0.080% | 🔺 7680.00 🔻 7678.75
  📡 RSI: 32.9 | MACD: -1.74 | ATR: 2.30
  📊 Filled: 0 | Pending: 0
  🔲 Regime: RANGING | Range pos: 62% | RSI: 32.9
  💰 Daily P&L: $+3,000.00

[2026-09-02 10:56] O:7678.75 H:7679.25 L:7677.75 C:7678.50 V:1720.0
  📈 Trend: strong_bearish | 🌍 Regime: ranging
  🗺️  Grid: 0.080% | 🔺 7680.00 🔻 7678.25
  📡 RSI: 34.7 | MACD: -1.73 | ATR: 2.30
  📊 Filled: 0 | Pending: 0
  🔲 Regime: RANGING | Range pos: 62% | RSI: 34.7
  💰 Daily P&L: $+3,000.00

[2026-09-02 10:57] O:7678.50 H:7680.50 L:7678.25 C:7679.75 V:1666.0
  📈 Trend: strong_bearish | 🌍 Regime: trending_bearish
  🗺️  Grid: 0.080% | 🔺 7679.25 🔻 7677.75
  📡 RSI: 39.7 | MACD: -1.60 | ATR: 2.32
  📊 Filled: 0 | Pending: 0
  💰 Daily P&L: $+3,000.00

[2026-09-02 10:58] O:7679.75 H:7684.75 L:7679.75 C:7684.50 V:3133.0
  📈 Trend: strong_bearish (raw: moderate_bearish) | 🌍 Regime: ranging
  🗺️  Grid: 0.080% | 🔺 7680.50 🔻 7678.25
  📡 RSI: 53.2 | MACD: -1.10 | ATR: 2.57
  📊 Filled: 0 | Pending: 0
  🔲 Regime: RANGING | Range pos: 80% | RSI: 53.2
  💰 Daily P&L: $+3,000.00

[2026-09-02 10:59] O:7684.25 H:7686.00 L:7684.25 C:7685.75 V:2870.0
  📈 Trend: strong_bearish (raw: moderate_bullish) | 🌍 Regime: ranging
  🗺️  Grid: 0.080% | 🔺 7684.75 🔻 7679.75
  📡 RSI: 66.3 | MACD: -0.60 | ATR: 2.39
  📊 Filled: 0 | Pending: 0
  🔲 Regime: RANGING | Range pos: 84% | RSI: 66.3
  💰 Daily P&L: $+3,000.00

[2026-09-02 11:00] O:7685.50 H:7685.75 L:7684.25 C:7685.25 V:2129.0
  📈 Trend: strong_bearish (raw: moderate_bearish) | 🌍 Regime: ranging
  🗺️  Grid: 0.080% | 🔺 7686.00 🔻 7684.25
  📡 RSI: 62.0 | MACD: -0.23 | ATR: 2.34
  📊 Filled: 0 | Pending: 0
  🔲 Regime: RANGING | Range pos: 82% | RSI: 62.0
  💰 Daily P&L: $+3,000.00

[2026-09-02 11:01] O:7685.50 H:7685.50 L:7683.25 C:7683.50 V:1883.0
  📈 Trend: moderate_bearish | 🌍 Regime: ranging
  🗺️  Grid: 0.080% | 🔺 7685.75 🔻 7684.25
  📡 RSI: 61.2 | MACD: -0.09 | ATR: 2.36
  📊 Filled: 0 | Pending: 0
  🔲 Regime: RANGING | Range pos: 77% | RSI: 61.2
  💰 Daily P&L: $+3,000.00

[2026-09-02 11:02] O:7683.50 H:7684.50 L:7682.50 C:7682.50 V:1733.0
  📈 Trend: moderate_bearish | 🌍 Regime: ranging
  🗺️  Grid: 0.080% | 🔺 7685.50 🔻 7683.25
  📡 RSI: 63.6 | MACD: -0.05 | ATR: 2.32
  📊 Filled: 0 | Pending: 0
  🔲 Regime: RANGING | Range pos: 74% | RSI: 63.6
  💰 Daily P&L: $+3,000.00

[2026-09-02 11:03] O:7682.75 H:7683.25 L:7681.75 C:7683.00 V:1778.0
  📈 Trend: moderate_bearish (raw: moderate_bullish) | 🌍 Regime: ranging
  🗺️  Grid: 0.080% | 🔺 7684.50 🔻 7682.50
  📡 RSI: 66.2 | MACD: 0.02 | ATR: 2.30
  📊 Filled: 0 | Pending: 0
  🔲 Regime: RANGING | Range pos: 76% | RSI: 66.2
  💰 Daily P&L: $+3,000.00

[2026-09-02 11:04] O:7682.75 H:7685.00 L:7682.50 C:7684.50 V:1973.0
  📈 Trend: moderate_bearish (raw: strong_bullish) | 🌍 Regime: ranging
  🗺️  Grid: 0.080% | 🔺 7683.25 🔻 7681.75
  📡 RSI: 67.9 | MACD: 0.19 | ATR: 2.34
  📊 Filled: 0 | Pending: 0
  🔲 Regime: RANGING | Range pos: 80% | RSI: 67.9
  💰 Daily P&L: $+3,000.00

[2026-09-02 11:05] O:7684.50 H:7685.00 L:7682.75 C:7684.00 V:1276.0
  📈 Trend: strong_bullish | 🌍 Regime: ranging
  🗺️  Grid: 0.080% | 🔺 7685.00 🔻 7682.50
  📡 RSI: 63.6 | MACD: 0.28 | ATR: 2.30
  📊 Filled: 0 | Pending: 0
  🔲 Regime: RANGING | Range pos: 79% | RSI: 63.6
  💰 Daily P&L: $+3,000.00

[2026-09-02 11:06] O:7683.75 H:7684.50 L:7682.75 C:7684.25 V:1268.0
  📈 Trend: strong_bullish | 🌍 Regime: ranging
  🗺️  Grid: 0.080% | 🔺 7685.00 🔻 7682.75
  📡 RSI: 57.6 | MACD: 0.37 | ATR: 2.18
  📊 Filled: 0 | Pending: 0
  🔲 Regime: RANGING | Range pos: 79% | RSI: 57.6
  💰 Daily P&L: $+3,000.00

[2026-09-02 11:07] O:7684.25 H:7685.00 L:7684.00 C:7684.50 V:1015.0
  📈 Trend: strong_bullish | 🌍 Regime: ranging
  🗺️  Grid: 0.080% | 🔺 7684.50 🔻 7682.75
  📡 RSI: 67.2 | MACD: 0.46 | ATR: 2.02
  📊 Filled: 0 | Pending: 0
  🔲 Regime: RANGING | Range pos: 80% | RSI: 67.2
  💰 Daily P&L: $+3,000.00

[2026-09-02 11:08] O:7684.50 H:7685.25 L:7684.00 C:7685.00 V:1201.0
  📈 Trend: strong_bullish | 🌍 Regime: ranging
  🗺️  Grid: 0.080% | 🔺 7685.00 🔻 7684.00
  📡 RSI: 70.7 | MACD: 0.56 | ATR: 2.02
  📊 Filled: 0 | Pending: 0
  🔲 Regime: RANGING | Range pos: 81% | RSI: 70.7
  📤 Limit SELL 10 @ 7685.00 submitted (ID: 787)
  📋 Order 787 status: Submitted
  ⬇️ SHORT ORDER @ 7685.00 | Size: 1.00 | SL: 7689.00 | TP: 7679.00 [10cts]
     Reason: Grid Short (sideways, RSI: 70.7)
  🔬 SHADOW [short ranging]: 🟥 ROBUST WOULD BLOCK (1 filter)
       MACD=BLOCK (+0.56 vs +0.46, Δ+0.10) | 5m=N/A (ranging)
     ⏳ Order 787 PENDING - awaiting fill confirmation
  💰 Daily P&L: $+3,000.00
  ✅ Fill: SLD 1.0 @ 7685.0
  📋 Order 787 status: Submitted

[2026-09-02 11:09] O:7684.75 H:7685.00 L:7683.00 C:7683.75 V:1184.0
  📈 Trend: strong_bullish | 🌍 Regime: ranging
  🗺️  Grid: 0.080% | 🔺 7685.25 🔻 7684.00
  📡 RSI: 67.2 | MACD: 0.54 | ATR: 2.04
  📊 Filled: 0 | Pending: 1
     ⏳ PENDING SHORT @ 7685.00 (order 787, 61s)
  💰 Daily P&L: $+3,000.00
  ✅ Fill: SLD 8.0 @ 7685.0
  📋 Order 787 status: Submitted
  ⏰ Order 787 timed out after 121s - cancelling
  📋 Order 787 status: PendingCancel

[2026-09-02 11:10] O:7683.75 H:7684.75 L:7683.25 C:7684.50 V:1210.0
  📈 Trend: strong_bullish | 🌍 Regime: ranging
  🗺️  Grid: 0.080% | 🔺 7685.00 🔻 7683.00
  📡 RSI: 68.8 | MACD: 0.57 | ATR: 2.04
  📊 Filled: 0 | Pending: 0
  🔲 Regime: RANGING | Range pos: 80% | RSI: 68.8
  💰 Daily P&L: $+3,000.00
  📋 Order 787 status: Cancelled

[2026-09-02 11:11] O:7684.50 H:7685.00 L:7682.75 C:7683.00 V:1084.0
  📈 Trend: strong_bullish | 🌍 Regime: ranging
  🗺️  Grid: 0.080% | 🔺 7684.75 🔻 7683.25
  📡 RSI: 60.0 | MACD: 0.47 | ATR: 2.04
  📊 Filled: 0 | Pending: 0
  🔲 Regime: RANGING | Range pos: 76% | RSI: 60.0
  💰 Daily P&L: $+3,000.00

[2026-09-02 11:12] O:7683.00 H:7683.75 L:7682.75 C:7683.50 V:1053.0
  📈 Trend: strong_bullish | 🌍 Regime: ranging
  🗺️  Grid: 0.080% | 🔺 7685.00 🔻 7682.75
  📡 RSI: 45.8 | MACD: 0.43 | ATR: 1.75
  📊 Filled: 0 | Pending: 0
  🔲 Regime: RANGING | Range pos: 77% | RSI: 45.8
  💰 Daily P&L: $+3,000.00

[2026-09-02 11:13] O:7683.50 H:7684.25 L:7682.75 C:7683.25 V:1080.0
  📈 Trend: strong_bullish | 🌍 Regime: ranging
  🗺️  Grid: 0.080% | 🔺 7683.75 🔻 7682.75
  📡 RSI: 38.6 | MACD: 0.37 | ATR: 1.73
  📊 Filled: 0 | Pending: 0
  🔲 Regime: RANGING | Range pos: 76% | RSI: 38.6
  💰 Daily P&L: $+3,000.00

[2026-09-02 11:14] O:7683.50 H:7684.00 L:7682.75 C:7683.50 V:1063.0
  📈 Trend: strong_bullish | 🌍 Regime: ranging
  🗺️  Grid: 0.080% | 🔺 7684.25 🔻 7682.75
  📡 RSI: 41.9 | MACD: 0.34 | ATR: 1.71
  📊 Filled: 0 | Pending: 0
  🔲 Regime: RANGING | Range pos: 77% | RSI: 41.9
  💰 Daily P&L: $+3,000.00

[2026-09-02 11:15] O:7683.25 H:7683.50 L:7681.00 C:7681.00 V:1434.0
  📈 Trend: strong_bullish (raw: moderate_bullish) | 🌍 Regime: ranging
  🗺️  Grid: 0.080% | 🔺 7684.00 🔻 7682.75
  📡 RSI: 39.1 | MACD: 0.11 | ATR: 1.73
  📊 Filled: 0 | Pending: 0
  🔲 Regime: RANGING | Range pos: 70% | RSI: 39.1
  💰 Daily P&L: $+3,000.00

[2026-09-02 11:16] O:7681.00 H:7682.00 L:7680.00 C:7680.25 V:1377.0
  📈 Trend: moderate_bullish | 🌍 Regime: ranging
  🗺️  Grid: 0.080% | 🔺 7683.50 🔻 7681.00
  📡 RSI: 40.0 | MACD: -0.13 | ATR: 1.73
  📊 Filled: 0 | Pending: 0
  🔲 Regime: RANGING | Range pos: 67% | RSI: 40.0
  💰 Daily P&L: $+3,000.00

[2026-09-02 11:17] O:7680.25 H:7680.75 L:7679.75 C:7679.75 V:1259.0
  📈 Trend: moderate_bullish | 🌍 Regime: ranging
  🗺️  Grid: 0.080% | 🔺 7682.00 🔻 7680.00
  📡 RSI: 35.6 | MACD: -0.36 | ATR: 1.70
  📊 Filled: 0 | Pending: 0
  🔲 Regime: RANGING | Range pos: 66% | RSI: 35.6
  💰 Daily P&L: $+3,000.00

[2026-09-02 11:18] O:7679.50 H:7680.25 L:7679.50 C:7680.00 V:1395.0
  📈 Trend: moderate_bullish | 🌍 Regime: ranging
  🗺️  Grid: 0.080% | 🔺 7680.75 🔻 7679.75
  📡 RSI: 27.5 | MACD: -0.51 | ATR: 1.57
  📊 Filled: 0 | Pending: 0
  🔲 Regime: RANGING | Range pos: 67% | RSI: 27.5
  💰 Daily P&L: $+3,000.00

[2026-09-02 11:19] O:7680.00 H:7681.25 L:7679.75 C:7680.75 V:1288.0
  📈 Trend: moderate_bullish (raw: strong_bearish) | 🌍 Regime: ranging
  🗺️  Grid: 0.080% | 🔺 7680.25 🔻 7679.50
  📡 RSI: 34.1 | MACD: -0.56 | ATR: 1.52
  📊 Filled: 0 | Pending: 0
  🔲 Regime: RANGING | Range pos: 69% | RSI: 34.1
  💰 Daily P&L: $+3,000.00

[2026-09-02 11:20] O:7680.75 H:7682.00 L:7680.25 C:7681.50 V:1186.0
  📈 Trend: strong_bearish | 🌍 Regime: ranging
  🗺️  Grid: 0.080% | 🔺 7681.25 🔻 7679.75
  📡 RSI: 37.2 | MACD: -0.54 | ATR: 1.52
  📊 Filled: 0 | Pending: 0
  🔲 Regime: RANGING | Range pos: 71% | RSI: 37.2
  💰 Daily P&L: $+3,000.00

[2026-09-02 11:21] O:7681.25 H:7681.25 L:7679.25 C:7679.75 V:984.0
  📈 Trend: strong_bearish | 🌍 Regime: ranging
  🗺️  Grid: 0.080% | 🔺 7682.00 🔻 7680.25
  📡 RSI: 30.6 | MACD: -0.65 | ATR: 1.61
  📊 Filled: 0 | Pending: 0
  🔲 Regime: RANGING | Range pos: 66% | RSI: 30.6
  💰 Daily P&L: $+3,000.00

[2026-09-02 11:22] O:7679.75 H:7680.25 L:7678.75 C:7679.50 V:1342.0
  📈 Trend: strong_bearish | 🌍 Regime: ranging
  🗺️  Grid: 0.080% | 🔺 7681.25 🔻 7679.25
  📡 RSI: 27.1 | MACD: -0.76 | ATR: 1.62
  📊 Filled: 0 | Pending: 0
  🔲 Regime: RANGING | Range pos: 65% | RSI: 27.1
  💰 Daily P&L: $+3,000.00

[2026-09-02 11:23] O:7679.50 H:7679.75 L:7677.25 C:7677.50 V:1686.0
  📈 Trend: strong_bearish | 🌍 Regime: trending_bearish
  🗺️  Grid: 0.080% | 🔺 7680.25 🔻 7678.75
  📡 RSI: 25.5 | MACD: -0.99 | ATR: 1.66
  📊 Filled: 0 | Pending: 0
  💰 Daily P&L: $+3,000.00

[2026-09-02 11:24] O:7677.50 H:7677.50 L:7676.00 C:7676.25 V:2045.0
  📈 Trend: strong_bearish | 🌍 Regime: trending_bearish
  🗺️  Grid: 0.080% | 🔺 7679.75 🔻 7677.25
  📡 RSI: 18.9 | MACD: -1.26 | ATR: 1.66
  📊 Filled: 0 | Pending: 0
  💰 Daily P&L: $+3,000.00

[2026-09-02 11:25] O:7676.25 H:7677.75 L:7676.00 C:7676.50 V:1592.0
  📈 Trend: strong_bearish | 🌍 Regime: trending_bearish
  🗺️  Grid: 0.080% | 🔺 7677.50 🔻 7676.00
  📡 RSI: 22.9 | MACD: -1.43 | ATR: 1.62
  📊 Filled: 0 | Pending: 0
  💰 Daily P&L: $+3,000.00

[2026-09-02 11:26] O:7676.50 H:7677.00 L:7675.00 C:7675.25 V:2215.0
  📈 Trend: strong_bearish | 🌍 Regime: trending_bearish
  🗺️  Grid: 0.080% | 🔺 7677.75 🔻 7676.00
  📡 RSI: 17.6 | MACD: -1.66 | ATR: 1.70
  📊 Filled: 0 | Pending: 0
  💰 Daily P&L: $+3,000.00

[2026-09-02 11:27] O:7675.25 H:7676.25 L:7674.75 C:7675.25 V:3455.0
  📈 Trend: strong_bearish | 🌍 Regime: trending_bearish
  🗺️  Grid: 0.080% | 🔺 7677.00 🔻 7675.00
  📡 RSI: 18.0 | MACD: -1.81 | ATR: 1.70
  📊 Filled: 0 | Pending: 0
  💰 Daily P&L: $+3,000.00

[2026-09-02 11:28] O:7675.00 H:7675.50 L:7673.75 C:7674.25 V:1778.0
  📈 Trend: strong_bearish | 🌍 Regime: trending_bearish
  🗺️  Grid: 0.080% | 🔺 7676.25 🔻 7674.75
  📡 RSI: 15.1 | MACD: -1.99 | ATR: 1.73
  📊 Filled: 0 | Pending: 0
  💰 Daily P&L: $+3,000.00

[2026-09-02 11:29] O:7674.25 H:7675.00 L:7673.00 C:7675.00 V:2267.0
  📈 Trend: strong_bearish | 🌍 Regime: trending_bearish
  🗺️  Grid: 0.080% | 🔺 7675.50 🔻 7673.75
  📡 RSI: 23.9 | MACD: -2.05 | ATR: 1.70
  📊 Filled: 0 | Pending: 0
  💰 Daily P&L: $+3,000.00

[2026-09-02 11:30] O:7674.75 H:7675.75 L:7674.50 C:7674.75 V:3079.0
  📈 Trend: strong_bearish | 🌍 Regime: trending_bearish
  🗺️  Grid: 0.080% | 🔺 7675.00 🔻 7673.00
  📡 RSI: 25.0 | MACD: -2.09 | ATR: 1.64
  📊 Filled: 0 | Pending: 0
  💰 Daily P&L: $+3,000.00

[2026-09-02 11:31] O:7674.75 H:7678.00 L:7674.75 C:7678.00 V:3163.0
  📈 Trend: strong_bearish | 🌍 Regime: trending_bearish
  🗺️  Grid: 0.080% | 🔺 7675.75 🔻 7674.50
  📡 RSI: 43.6 | MACD: -1.84 | ATR: 1.80
  📊 Filled: 0 | Pending: 0
  💰 Daily P&L: $+3,000.00

[2026-09-02 11:32] O:7677.75 H:7679.50 L:7677.00 C:7677.75 V:2976.0
  📈 Trend: strong_bearish | 🌍 Regime: trending_bearish
  🗺️  Grid: 0.080% | 🔺 7678.00 🔻 7674.75
  📡 RSI: 41.8 | MACD: -1.65 | ATR: 1.93
  📊 Filled: 0 | Pending: 0
  💰 Daily P&L: $+3,000.00

[2026-09-02 11:33] O:7678.00 H:7678.25 L:7676.00 C:7676.25 V:2031.0
  📈 Trend: strong_bearish (raw: moderate_bearish) | 🌍 Regime: trending_bearish
  🗺️  Grid: 0.080% | 🔺 7679.50 🔻 7677.00
  📡 RSI: 34.5 | MACD: -1.59 | ATR: 1.98
  📊 Filled: 0 | Pending: 0
  💰 Daily P&L: $+3,000.00

[2026-09-02 11:34] O:7676.00 H:7678.50 L:7676.00 C:7677.50 V:1415.0
  📈 Trend: moderate_bearish | 🌍 Regime: trending_bearish
  🗺️  Grid: 0.080% | 🔺 7678.25 🔻 7676.00
  📡 RSI: 36.7 | MACD: -1.43 | ATR: 2.04
  📊 Filled: 0 | Pending: 0
  💰 Daily P&L: $+3,000.00

[2026-09-02 11:35] O:7677.25 H:7678.25 L:7677.25 C:7677.75 V:1087.0
  📈 Trend: moderate_bearish | 🌍 Regime: trending_bearish
  🗺️  Grid: 0.080% | 🔺 7678.50 🔻 7676.00
  📡 RSI: 42.6 | MACD: -1.27 | ATR: 1.95
  📊 Filled: 0 | Pending: 0
  💰 Daily P&L: $+3,000.00

[2026-09-02 11:36] O:7677.75 H:7679.00 L:7676.50 C:7677.50 V:1656.0
  📈 Trend: moderate_bearish | 🌍 Regime: trending_bearish
  🗺️  Grid: 0.080% | 🔺 7678.25 🔻 7677.25
  📡 RSI: 42.6 | MACD: -1.15 | ATR: 2.02
  📊 Filled: 0 | Pending: 0
  💰 Daily P&L: $+3,000.00

[2026-09-02 11:37] O:7677.50 H:7679.00 L:7676.25 C:7678.50 V:1371.0
  📈 Trend: moderate_bearish | 🌍 Regime: trending_bearish
  🗺️  Grid: 0.080% | 🔺 7679.00 🔻 7676.50
  📡 RSI: 54.0 | MACD: -0.96 | ATR: 2.04
  📊 Filled: 0 | Pending: 0
  💰 Daily P&L: $+3,000.00

[2026-09-02 11:38] O:7678.25 H:7678.50 L:7677.00 C:7677.25 V:1163.0
  📈 Trend: moderate_bearish | 🌍 Regime: trending_bearish
  🗺️  Grid: 0.080% | 🔺 7679.00 🔻 7676.25
  📡 RSI: 54.0 | MACD: -0.91 | ATR: 2.04
  📊 Filled: 0 | Pending: 0
  💰 Daily P&L: $+3,000.00

[2026-09-02 11:39] O:7677.00 H:7677.75 L:7676.50 C:7677.00 V:930.0
  📈 Trend: moderate_bearish | 🌍 Regime: trending_bearish
  🗺️  Grid: 0.080% | 🔺 7678.50 🔻 7677.00
  📡 RSI: 52.0 | MACD: -0.87 | ATR: 2.00
  📊 Filled: 0 | Pending: 0
  💰 Daily P&L: $+3,000.00
→ Real-time bars cancelled
✓ Disconnected from IBKR
