2026-08-04 15:03:05 | ERROR    | Error 10147, reqId 578: OrderId 578 that needs to be cancelled is not found.
DE: SCALP
   • 10 contract(s) max
   • Grid entries only
   • Trailing stop enabled
   • SL: ~8 pts | TP: ~12 pts | Trail activates: +6 pts
   • Best for: Normal sessions, choppy/ranging opens
============================================================
✓ Connected to IBKR (paper) - clientId=10
✓ Front-month contract: ESU6 expiry=20260918

============================================================
Loading historical data for indicator warm-up...
============================================================
→ Fetching historical bars (1 D, 1 min)...
✓ Loaded 940 historical bars

Processing 940 historical bars...

Indicators ready!
  Bars loaded: 940
  Last price: 7670.25
  Trend: strong_bullish
  RSI: 69.3
  ATR: 3.54
  MACD: 3.81 / Signal: 3.45
  MA: 7664.07 / 7657.47 / 7650.43

------------------------------------------------------------
Account Value: $1,012,469.51
Buying Power: $4,035,413.85
Current Position: 0 contracts
------------------------------------------------------------

============================================================
Starting live 1-minute bar stream...
Strategy is now ACTIVE (SCALP mode)
============================================================

→ Subscribed to 5-second real-time bars (aggregating to 1 min)

[2026-08-04 08:39] O:7670.00 H:7670.75 L:7669.75 C:7670.25 V:308.0
  📈 Trend: sideways (raw: strong_bullish) | 🌍 Regime: trending_bullish
  🗺️  Grid: 0.080% | 🔺 7670.25 🔻 7666.75
  📡 RSI: 68.2 | MACD: 3.78 | ATR: 3.48
  📊 Filled: 0 | Pending: 0
  🕐 Outside session (08:39 CT) — no entries
  💰 Daily P&L: $+0.00

[2026-08-04 08:40] O:7670.25 H:7671.50 L:7667.75 C:7670.00 V:5773.0
  📈 Trend: strong_bullish | 🌍 Regime: trending_bullish
  🗺️  Grid: 0.080% | 🔺 7670.75 🔻 7669.75
  📡 RSI: 68.2 | MACD: 3.69 | ATR: 3.62
  📊 Filled: 0 | Pending: 0
  🕐 Outside session (08:40 CT) — no entries
  💰 Daily P&L: $+0.00

[2026-08-04 08:41] O:7670.00 H:7673.00 L:7669.50 C:7672.00 V:4394.0
  📈 Trend: strong_bullish | 🌍 Regime: trending_bullish
  🗺️  Grid: 0.080% | 🔺 7671.50 🔻 7667.75
  📡 RSI: 70.1 | MACD: 3.74 | ATR: 3.75
  📊 Filled: 0 | Pending: 0
  🕐 Outside session (08:41 CT) — no entries
  💰 Daily P&L: $+0.00

[2026-08-04 08:42] O:7672.00 H:7673.50 L:7670.00 C:7672.50 V:4024.0
  📈 Trend: strong_bullish | 🌍 Regime: trending_bullish
  🗺️  Grid: 0.080% | 🔺 7673.00 🔻 7669.50
  📡 RSI: 77.8 | MACD: 3.78 | ATR: 3.77
  📊 Filled: 0 | Pending: 0
  🕐 Outside session (08:42 CT) — no entries
  💰 Daily P&L: $+0.00

[2026-08-04 08:43] O:7672.50 H:7673.50 L:7671.25 C:7671.75 V:3833.0
  📈 Trend: strong_bullish | 🌍 Regime: trending_bullish
  🗺️  Grid: 0.080% | 🔺 7673.50 🔻 7670.00
  📡 RSI: 67.1 | MACD: 3.71 | ATR: 3.20
  📊 Filled: 0 | Pending: 0
  🕐 Outside session (08:43 CT) — no entries
  💰 Daily P&L: $+0.00

[2026-08-04 08:44] O:7671.75 H:7671.75 L:7667.50 C:7670.00 V:3994.0
  📈 Trend: strong_bullish | 🌍 Regime: trending_bullish
  🗺️  Grid: 0.080% | 🔺 7673.50 🔻 7671.25
  📡 RSI: 58.5 | MACD: 3.47 | ATR: 3.25
  📊 Filled: 0 | Pending: 0
  🕐 Outside session (08:44 CT) — no entries
  💰 Daily P&L: $+0.00

[2026-08-04 08:45] O:7669.75 H:7676.00 L:7669.75 C:7675.75 V:7011.0
  📈 Trend: strong_bullish | 🌍 Regime: trending_bullish
  🗺️  Grid: 0.080% | 🔺 7671.75 🔻 7667.50
  📡 RSI: 63.0 | MACD: 3.70 | ATR: 3.45
  📊 Filled: 0 | Pending: 0
  💰 Daily P&L: $+0.00

[2026-08-04 08:46] O:7676.00 H:7676.50 L:7673.00 C:7673.00 V:5845.0
  📈 Trend: strong_bullish | 🌍 Regime: trending_bullish
  🗺️  Grid: 0.080% | 🔺 7676.00 🔻 7669.75
  📡 RSI: 58.6 | MACD: 3.62 | ATR: 3.55
  📊 Filled: 0 | Pending: 0
  💰 Daily P&L: $+0.00

[2026-08-04 08:47] O:7673.00 H:7675.00 L:7670.75 C:7671.25 V:5290.0
  📈 Trend: strong_bullish | 🌍 Regime: trending_bullish
  🗺️  Grid: 0.080% | 🔺 7676.50 🔻 7673.00
  📡 RSI: 53.4 | MACD: 3.37 | ATR: 3.66
  📊 Filled: 0 | Pending: 0
  💰 Daily P&L: $+0.00

[2026-08-04 08:48] O:7671.50 H:7675.50 L:7671.00 C:7674.50 V:4816.0
  📈 Trend: strong_bullish | 🌍 Regime: trending_bullish
  🗺️  Grid: 0.080% | 🔺 7675.00 🔻 7670.75
  📡 RSI: 55.1 | MACD: 3.40 | ATR: 3.75
  📊 Filled: 0 | Pending: 0
  💰 Daily P&L: $+0.00

[2026-08-04 08:49] O:7674.50 H:7677.00 L:7673.50 C:7677.00 V:4213.0
  📈 Trend: strong_bullish | 🌍 Regime: trending_bullish
  🗺️  Grid: 0.080% | 🔺 7675.50 🔻 7671.00
  📡 RSI: 62.7 | MACD: 3.59 | ATR: 3.79
  📊 Filled: 0 | Pending: 0
  💰 Daily P&L: $+0.00

[2026-08-04 08:50] O:7677.00 H:7682.25 L:7675.25 C:7681.00 V:8459.0
  📈 Trend: strong_bullish | 🌍 Regime: trending_bullish
  🗺️  Grid: 0.080% | 🔺 7677.00 🔻 7673.50
  📡 RSI: 68.5 | MACD: 4.01 | ATR: 4.00
  📊 Filled: 0 | Pending: 0
  💰 Daily P&L: $+0.00

[2026-08-04 08:51] O:7681.00 H:7682.75 L:7679.75 C:7680.75 V:4753.0
  📈 Trend: strong_bullish | 🌍 Regime: trending_bullish
  🗺️  Grid: 0.080% | 🔺 7682.25 🔻 7675.25
  📡 RSI: 73.9 | MACD: 4.27 | ATR: 3.84
  📊 Filled: 0 | Pending: 0
  💰 Daily P&L: $+0.00

[2026-08-04 08:52] O:7680.50 H:7682.75 L:7680.25 C:7682.00 V:5267.0
  📈 Trend: strong_bullish | 🌍 Regime: trending_bullish
  🗺️  Grid: 0.080% | 🔺 7682.75 🔻 7679.75
  📡 RSI: 72.0 | MACD: 4.53 | ATR: 3.77
  📊 Filled: 0 | Pending: 0
  💰 Daily P&L: $+0.00

[2026-08-04 08:53] O:7682.00 H:7684.00 L:7681.00 C:7683.75 V:4839.0
  📈 Trend: strong_bullish | 🌍 Regime: trending_bullish
  🗺️  Grid: 0.080% | 🔺 7682.75 🔻 7680.25
  📡 RSI: 73.7 | MACD: 4.82 | ATR: 3.91
  📊 Filled: 0 | Pending: 0
  💰 Daily P&L: $+0.00

[2026-08-04 08:54] O:7683.75 H:7686.50 L:7683.50 C:7686.00 V:4186.0
  📈 Trend: strong_bullish | 🌍 Regime: trending_bullish
  🗺️  Grid: 0.080% | 🔺 7684.00 🔻 7681.00
  📡 RSI: 76.2 | MACD: 5.18 | ATR: 3.86
  📊 Filled: 0 | Pending: 0
  💰 Daily P&L: $+0.00

[2026-08-04 08:55] O:7686.00 H:7686.25 L:7681.00 C:7681.00 V:6401.0
  📈 Trend: strong_bullish | 🌍 Regime: trending_bullish
  🗺️  Grid: 0.080% | 🔺 7686.50 🔻 7683.50
  📡 RSI: 63.4 | MACD: 4.99 | ATR: 3.98
  📊 Filled: 0 | Pending: 0
  💰 Daily P&L: $+0.00

[2026-08-04 08:56] O:7681.25 H:7681.50 L:7678.25 C:7680.50 V:5371.0
  📈 Trend: strong_bullish | 🌍 Regime: trending_bullish
  🗺️  Grid: 0.080% | 🔺 7686.25 🔻 7681.00
  📡 RSI: 61.9 | MACD: 4.76 | ATR: 3.96
  📊 Filled: 0 | Pending: 0
  💰 Daily P&L: $+0.00

[2026-08-04 08:57] O:7680.50 H:7682.50 L:7679.50 C:7680.25 V:4054.0
  📈 Trend: strong_bullish | 🌍 Regime: trending_bullish
  🗺️  Grid: 0.080% | 🔺 7681.50 🔻 7678.25
  📡 RSI: 62.9 | MACD: 4.49 | ATR: 4.02
  📊 Filled: 0 | Pending: 0
  💰 Daily P&L: $+0.00

[2026-08-04 08:58] O:7680.25 H:7684.00 L:7680.00 C:7683.75 V:3096.0
  📈 Trend: strong_bullish | 🌍 Regime: trending_bullish
  🗺️  Grid: 0.080% | 🔺 7682.50 🔻 7679.50
  📡 RSI: 69.8 | MACD: 4.52 | ATR: 4.00
  📊 Filled: 0 | Pending: 0
  💰 Daily P&L: $+0.00

[2026-08-04 08:59] O:7683.50 H:7685.50 L:7681.00 C:7685.50 V:3338.0
  📈 Trend: strong_bullish | 🌍 Regime: trending_bullish
  🗺️  Grid: 0.080% | 🔺 7684.00 🔻 7680.00
  📡 RSI: 65.9 | MACD: 4.62 | ATR: 3.88
  📊 Filled: 0 | Pending: 0
  💰 Daily P&L: $+0.00

[2026-08-04 09:00] O:7685.25 H:7686.50 L:7682.50 C:7686.50 V:4912.0
  📈 Trend: strong_bullish | 🌍 Regime: trending_bullish
  🗺️  Grid: 0.080% | 🔺 7685.50 🔻 7681.00
  📡 RSI: 73.3 | MACD: 4.73 | ATR: 3.91
  📊 Filled: 0 | Pending: 0
  💰 Daily P&L: $+0.00

[2026-08-04 09:01] O:7686.25 H:7689.75 L:7685.75 C:7689.75 V:5528.0
  📈 Trend: strong_bullish | 🌍 Regime: trending_bullish
  🗺️  Grid: 0.080% | 🔺 7686.50 🔻 7682.50
  📡 RSI: 80.3 | MACD: 5.02 | ATR: 3.89
  📊 Filled: 0 | Pending: 0
  💰 Daily P&L: $+0.00

[2026-08-04 09:02] O:7689.75 H:7693.00 L:7689.25 C:7691.75 V:8050.0
  📈 Trend: strong_bullish | 🌍 Regime: trending_bullish
  🗺️  Grid: 0.080% | 🔺 7689.75 🔻 7685.75
  📡 RSI: 79.5 | MACD: 5.36 | ATR: 3.84
  📊 Filled: 0 | Pending: 0
  💰 Daily P&L: $+0.00

[2026-08-04 09:03] O:7691.50 H:7693.00 L:7689.25 C:7692.75 V:5639.0
  📈 Trend: strong_bullish | 🌍 Regime: trending_bullish
  🗺️  Grid: 0.080% | 🔺 7693.00 🔻 7689.25
  📡 RSI: 78.4 | MACD: 5.63 | ATR: 3.86
  📊 Filled: 0 | Pending: 0
  💰 Daily P&L: $+0.00

[2026-08-04 09:04] O:7693.00 H:7693.25 L:7690.50 C:7690.50 V:4468.0
  📈 Trend: strong_bullish | 🌍 Regime: trending_bullish
  🗺️  Grid: 0.080% | 🔺 7693.00 🔻 7689.25
  📡 RSI: 68.3 | MACD: 5.61 | ATR: 3.55
  📊 Filled: 0 | Pending: 0
  💰 Daily P&L: $+0.00

[2026-08-04 09:05] O:7690.50 H:7696.50 L:7690.00 C:7695.00 V:5820.0
  📈 Trend: strong_bullish | 🌍 Regime: trending_bullish
  🗺️  Grid: 0.080% | 🔺 7693.25 🔻 7690.50
  📡 RSI: 73.6 | MACD: 5.88 | ATR: 3.80
  📊 Filled: 0 | Pending: 0
  💰 Daily P&L: $+0.00

[2026-08-04 09:06] O:7694.75 H:7696.75 L:7694.25 C:7695.50 V:4316.0
  📈 Trend: strong_bullish | 🌍 Regime: trending_bullish
  🗺️  Grid: 0.080% | 🔺 7696.50 🔻 7690.00
  📡 RSI: 72.9 | MACD: 6.07 | ATR: 3.80
  📊 Filled: 0 | Pending: 0
  💰 Daily P&L: $+0.00

[2026-08-04 09:07] O:7695.50 H:7697.25 L:7694.50 C:7697.25 V:5457.0
  📈 Trend: strong_bullish | 🌍 Regime: trending_bullish
  🗺️  Grid: 0.080% | 🔺 7696.75 🔻 7694.25
  📡 RSI: 72.9 | MACD: 6.29 | ATR: 3.79
  📊 Filled: 0 | Pending: 0
  💰 Daily P&L: $+0.00

[2026-08-04 09:08] O:7697.25 H:7697.75 L:7695.00 C:7697.00 V:4317.0
  📈 Trend: strong_bullish | 🌍 Regime: trending_bullish
  🗺️  Grid: 0.080% | 🔺 7697.25 🔻 7694.50
  📡 RSI: 70.0 | MACD: 6.37 | ATR: 3.77
  📊 Filled: 0 | Pending: 0
  💰 Daily P&L: $+0.00

[2026-08-04 09:09] O:7697.00 H:7697.50 L:7694.75 C:7695.25 V:3976.0
  📈 Trend: strong_bullish | 🌍 Regime: trending_bullish
  🗺️  Grid: 0.080% | 🔺 7697.75 🔻 7695.00
  📡 RSI: 79.4 | MACD: 6.22 | ATR: 3.59
  📊 Filled: 0 | Pending: 0
  💰 Daily P&L: $+0.00

[2026-08-04 09:10] O:7695.25 H:7697.00 L:7695.00 C:7696.50 V:3414.0
  📈 Trend: strong_bullish | 🌍 Regime: trending_bullish
  🗺️  Grid: 0.080% | 🔺 7697.50 🔻 7694.75
  📡 RSI: 82.0 | MACD: 6.13 | ATR: 3.50
  📊 Filled: 0 | Pending: 0
  💰 Daily P&L: $+0.00

[2026-08-04 09:11] O:7696.75 H:7697.00 L:7695.00 C:7696.25 V:3338.0
  📈 Trend: strong_bullish | 🌍 Regime: trending_bullish
  🗺️  Grid: 0.080% | 🔺 7697.00 🔻 7695.00
  📡 RSI: 82.0 | MACD: 5.97 | ATR: 3.43
  📊 Filled: 0 | Pending: 0
  💰 Daily P&L: $+0.00

[2026-08-04 09:12] O:7696.25 H:7698.25 L:7696.00 C:7698.00 V:4082.0
  📈 Trend: strong_bullish | 🌍 Regime: trending_bullish
  🗺️  Grid: 0.080% | 🔺 7697.00 🔻 7695.00
  📡 RSI: 80.6 | MACD: 5.92 | ATR: 3.30
  📊 Filled: 0 | Pending: 0
  💰 Daily P&L: $+0.00

[2026-08-04 09:13] O:7698.00 H:7699.25 L:7698.00 C:7698.75 V:2587.0
  📈 Trend: strong_bullish | 🌍 Regime: trending_bullish
  🗺️  Grid: 0.080% | 🔺 7698.25 🔻 7696.00
  📡 RSI: 79.8 | MACD: 5.87 | ATR: 3.07
  📊 Filled: 0 | Pending: 0
  💰 Daily P&L: $+0.00

[2026-08-04 09:14] O:7698.75 H:7700.75 L:7698.50 C:7700.50 V:4620.0
  📈 Trend: strong_bullish | 🌍 Regime: trending_bullish
  🗺️  Grid: 0.080% | 🔺 7699.25 🔻 7698.00
  📡 RSI: 80.4 | MACD: 5.90 | ATR: 2.95
  📊 Filled: 0 | Pending: 0
  💰 Daily P&L: $+0.00

[2026-08-04 09:15] O:7700.75 H:7702.75 L:7700.00 C:7702.25 V:4831.0
  📈 Trend: strong_bullish | 🌍 Regime: trending_bullish
  🗺️  Grid: 0.080% | 🔺 7700.75 🔻 7698.50
  📡 RSI: 79.1 | MACD: 6.00 | ATR: 2.86
  📊 Filled: 0 | Pending: 0
  💰 Daily P&L: $+0.00

[2026-08-04 09:16] O:7702.50 H:7702.50 L:7699.50 C:7701.00 V:4558.0
  📈 Trend: strong_bullish | 🌍 Regime: trending_bullish
  🗺️  Grid: 0.080% | 🔺 7702.75 🔻 7700.00
  📡 RSI: 72.3 | MACD: 5.91 | ATR: 2.80
  📊 Filled: 0 | Pending: 0
  💰 Daily P&L: $+0.00

[2026-08-04 09:17] O:7701.25 H:7705.25 L:7700.25 C:7705.25 V:5039.0
  📈 Trend: strong_bullish | 🌍 Regime: trending_bullish
  🗺️  Grid: 0.080% | 🔺 7702.50 🔻 7699.50
  📡 RSI: 76.0 | MACD: 6.11 | ATR: 2.89
  📊 Filled: 0 | Pending: 0
  💰 Daily P&L: $+0.00

[2026-08-04 09:18] O:7705.25 H:7705.75 L:7703.25 C:7704.50 V:4274.0
  📈 Trend: strong_bullish | 🌍 Regime: trending_bullish
  🗺️  Grid: 0.080% | 🔺 7705.25 🔻 7700.25
  📡 RSI: 81.1 | MACD: 6.14 | ATR: 2.88
  📊 Filled: 0 | Pending: 0
  💰 Daily P&L: $+0.00

[2026-08-04 09:19] O:7704.50 H:7706.25 L:7703.25 C:7704.50 V:4027.0
  📈 Trend: strong_bullish | 🌍 Regime: trending_bullish
  🗺️  Grid: 0.080% | 🔺 7705.75 🔻 7703.25
  📡 RSI: 76.4 | MACD: 6.09 | ATR: 2.62
  📊 Filled: 0 | Pending: 0
  💰 Daily P&L: $+0.00

[2026-08-04 09:20] O:7704.75 H:7705.00 L:7698.75 C:7700.50 V:5576.0
  📈 Trend: strong_bullish | 🌍 Regime: trending_bullish
  🗺️  Grid: 0.080% | 🔺 7706.25 🔻 7703.25
  📡 RSI: 61.6 | MACD: 5.66 | ATR: 2.89
  📊 Filled: 0 | Pending: 0
  💰 Daily P&L: $+0.00

[2026-08-04 09:21] O:7700.25 H:7700.75 L:7696.75 C:7698.00 V:5737.0
  📈 Trend: strong_bullish | 🌍 Regime: trending_bullish
  🗺️  Grid: 0.080% | 🔺 7705.00 🔻 7698.75
  📡 RSI: 51.7 | MACD: 5.07 | ATR: 2.98
  📊 Filled: 0 | Pending: 0
  💰 Daily P&L: $+0.00

[2026-08-04 09:22] O:7697.75 H:7699.75 L:7695.25 C:7696.75 V:4800.0
  📈 Trend: strong_bullish | 🌍 Regime: trending_bullish
  🗺️  Grid: 0.080% | 🔺 7700.75 🔻 7696.75
  📡 RSI: 49.5 | MACD: 4.44 | ATR: 3.11
  📊 Filled: 0 | Pending: 0
  💰 Daily P&L: $+0.00

[2026-08-04 09:23] O:7696.50 H:7697.75 L:7694.00 C:7697.75 V:4057.0
  📈 Trend: strong_bullish | 🌍 Regime: trending_bullish
  🗺️  Grid: 0.080% | 🔺 7699.75 🔻 7695.25
  📡 RSI: 55.6 | MACD: 3.98 | ATR: 3.18
  📊 Filled: 0 | Pending: 0
  💰 Daily P&L: $+0.00

[2026-08-04 09:24] O:7697.50 H:7698.25 L:7693.50 C:7695.50 V:4328.0
  📈 Trend: strong_bullish | 🌍 Regime: trending_bullish
  🗺️  Grid: 0.080% | 🔺 7697.75 🔻 7694.00
  📡 RSI: 47.9 | MACD: 3.39 | ATR: 3.38
  📊 Filled: 0 | Pending: 0
  💰 Daily P&L: $+0.00

[2026-08-04 09:25] O:7695.25 H:7699.25 L:7695.00 C:7699.25 V:4448.0
  📈 Trend: strong_bullish | 🌍 Regime: trending_bullish
  🗺️  Grid: 0.080% | 🔺 7698.25 🔻 7693.50
  📡 RSI: 55.6 | MACD: 3.19 | ATR: 3.54
  📊 Filled: 0 | Pending: 0
  💰 Daily P&L: $+0.00

[2026-08-04 09:26] O:7699.00 H:7700.50 L:7698.00 C:7698.75 V:3876.0
  📈 Trend: strong_bullish | 🌍 Regime: trending_bullish
  🗺️  Grid: 0.080% | 🔺 7699.25 🔻 7695.00
  📡 RSI: 51.5 | MACD: 2.96 | ATR: 3.55
  📊 Filled: 0 | Pending: 0
  💰 Daily P&L: $+0.00

[2026-08-04 09:27] O:7698.75 H:7700.00 L:7697.75 C:7699.50 V:2914.0
  📈 Trend: strong_bullish | 🌍 Regime: trending_bullish
  🗺️  Grid: 0.080% | 🔺 7700.50 🔻 7698.00
  📡 RSI: 51.5 | MACD: 2.81 | ATR: 3.62
  📊 Filled: 0 | Pending: 0
  💰 Daily P&L: $+0.00

[2026-08-04 09:28] O:7699.25 H:7700.75 L:7696.50 C:7697.00 V:4232.0
  📈 Trend: strong_bullish | 🌍 Regime: trending_bullish
  🗺️  Grid: 0.080% | 🔺 7700.00 🔻 7697.75
  📡 RSI: 43.4 | MACD: 2.45 | ATR: 3.77
  📊 Filled: 0 | Pending: 0
  💰 Daily P&L: $+0.00

[2026-08-04 09:29] O:7697.25 H:7698.75 L:7695.75 C:7697.00 V:3424.0
  📈 Trend: strong_bullish | 🌍 Regime: trending_bullish
  🗺️  Grid: 0.080% | 🔺 7700.75 🔻 7696.50
  📡 RSI: 39.4 | MACD: 2.15 | ATR: 3.79
  📊 Filled: 0 | Pending: 0
  💰 Daily P&L: $+0.00

[2026-08-04 09:30] O:7697.00 H:7697.00 L:7692.75 C:7693.50 V:5456.0
  📈 Trend: strong_bullish (raw: moderate_bullish) | 🌍 Regime: trending_bullish
  🗺️  Grid: 0.080% | 🔺 7698.75 🔻 7695.75
  📡 RSI: 36.1 | MACD: 1.61 | ATR: 3.88
  📊 Filled: 0 | Pending: 0
  💰 Daily P&L: $+0.00

[2026-08-04 09:31] O:7693.75 H:7697.00 L:7693.00 C:7695.25 V:4210.0
  📈 Trend: moderate_bullish | 🌍 Regime: trending_bullish
  🗺️  Grid: 0.080% | 🔺 7697.00 🔻 7692.75
  📡 RSI: 29.6 | MACD: 1.30 | ATR: 3.80
  📊 Filled: 0 | Pending: 0
  💰 Daily P&L: $+0.00

[2026-08-04 09:32] O:7695.25 H:7700.00 L:7694.50 C:7700.00 V:3949.0
  📈 Trend: moderate_bullish (raw: strong_bullish) | 🌍 Regime: trending_bullish
  🗺️  Grid: 0.080% | 🔺 7697.00 🔻 7693.00
  📡 RSI: 42.1 | MACD: 1.43 | ATR: 4.02
  📊 Filled: 0 | Pending: 0
  💰 Daily P&L: $+0.00

[2026-08-04 09:33] O:7700.00 H:7701.75 L:7699.00 C:7701.25 V:3357.0
  📈 Trend: strong_bullish | 🌍 Regime: trending_bullish
  🗺️  Grid: 0.080% | 🔺 7700.00 🔻 7694.50
  📡 RSI: 44.5 | MACD: 1.61 | ATR: 4.00
  📊 Filled: 0 | Pending: 0
  💰 Daily P&L: $+0.00

[2026-08-04 09:34] O:7701.50 H:7702.75 L:7700.75 C:7701.50 V:2850.0
  📈 Trend: strong_bullish (raw: moderate_bullish) | 🌍 Regime: trending_bullish
  🗺️  Grid: 0.080% | 🔺 7701.75 🔻 7699.00
  📡 RSI: 51.9 | MACD: 1.75 | ATR: 3.70
  📊 Filled: 0 | Pending: 0
  💰 Daily P&L: $+0.00

[2026-08-04 09:35] O:7701.50 H:7703.25 L:7701.25 C:7703.00 V:3627.0
  📈 Trend: strong_bullish | 🌍 Regime: trending_bullish
  🗺️  Grid: 0.080% | 🔺 7702.75 🔻 7700.75
  📡 RSI: 60.0 | MACD: 1.97 | ATR: 3.55
  📊 Filled: 0 | Pending: 0
  💰 Daily P&L: $+0.00

[2026-08-04 09:36] O:7703.00 H:7703.25 L:7701.00 C:7701.25 V:2967.0
  📈 Trend: strong_bullish (raw: moderate_bullish) | 🌍 Regime: ranging
  🗺️  Grid: 0.080% | 🔺 7703.25 🔻 7701.25
  📡 RSI: 58.8 | MACD: 1.97 | ATR: 3.39
  📊 Filled: 0 | Pending: 0
  🔲 Regime: RANGING | Range pos: 87% | RSI: 58.8
  💰 Daily P&L: $+0.00

[2026-08-04 09:37] O:7701.25 H:7703.75 L:7699.75 C:7703.00 V:2863.0
  📈 Trend: strong_bullish | 🌍 Regime: ranging
  🗺️  Grid: 0.080% | 🔺 7703.25 🔻 7701.00
  📡 RSI: 60.0 | MACD: 2.09 | ATR: 3.41
  📊 Filled: 0 | Pending: 0
  🔲 Regime: RANGING | Range pos: 92% | RSI: 60.0
  💰 Daily P&L: $+0.00

[2026-08-04 09:38] O:7703.00 H:7709.50 L:7701.75 C:7702.50 V:12252.0
  📈 Trend: strong_bullish | 🌍 Regime: ranging
  🗺️  Grid: 0.080% | 🔺 7703.75 🔻 7699.75
  📡 RSI: 64.3 | MACD: 2.12 | ATR: 3.62
  📊 Filled: 0 | Pending: 0
  🔲 Regime: RANGING | Range pos: 83% | RSI: 64.3
  💰 Daily P&L: $+0.00

[2026-08-04 09:39] O:7702.25 H:7704.00 L:7701.00 C:7704.00 V:3448.0
  📈 Trend: strong_bullish | 🌍 Regime: ranging
  🗺️  Grid: 0.080% | 🔺 7709.50 🔻 7701.75
  📡 RSI: 60.7 | MACD: 2.24 | ATR: 3.54
  📊 Filled: 0 | Pending: 0
  🔲 Regime: RANGING | Range pos: 87% | RSI: 60.7
  💰 Daily P&L: $+0.00

[2026-08-04 09:40] O:7703.75 H:7705.50 L:7703.00 C:7704.50 V:3505.0
  📈 Trend: strong_bullish | 🌍 Regime: ranging
  🗺️  Grid: 0.080% | 🔺 7704.00 🔻 7701.00
  📡 RSI: 62.9 | MACD: 2.35 | ATR: 3.54
  📊 Filled: 0 | Pending: 0
  🔲 Regime: RANGING | Range pos: 88% | RSI: 62.9
  💰 Daily P&L: $+0.00

[2026-08-04 09:41] O:7704.75 H:7705.50 L:7703.50 C:7704.75 V:2463.0
  📈 Trend: strong_bullish | 🌍 Regime: ranging
  🗺️  Grid: 0.080% | 🔺 7705.50 🔻 7703.00
  📡 RSI: 62.1 | MACD: 2.43 | ATR: 3.52
  📊 Filled: 0 | Pending: 0
  🔲 Regime: RANGING | Range pos: 89% | RSI: 62.1
  💰 Daily P&L: $+0.00

[2026-08-04 09:42] O:7705.00 H:7707.25 L:7704.75 C:7706.75 V:2977.0
  📈 Trend: strong_bullish | 🌍 Regime: ranging
  🗺️  Grid: 0.080% | 🔺 7705.50 🔻 7703.50
  📡 RSI: 72.9 | MACD: 2.62 | ATR: 3.39
  📊 Filled: 0 | Pending: 0
  🔲 Regime: RANGING | Range pos: 93% | RSI: 72.9
  🚫 Raw trend blocks RANGING SHORT | raw: strong_bullish
  💰 Daily P&L: $+0.00

[2026-08-04 09:43] O:7706.50 H:7709.25 L:7706.25 C:7708.75 V:4139.0
  📈 Trend: strong_bullish | 🌍 Regime: ranging
  🗺️  Grid: 0.080% | 🔺 7707.25 🔻 7704.75
  📡 RSI: 75.3 | MACD: 2.90 | ATR: 3.39
  📊 Filled: 0 | Pending: 0
  🔲 Regime: RANGING | Range pos: 98% | RSI: 75.3
  🚫 Raw trend blocks RANGING SHORT | raw: strong_bullish
  💰 Daily P&L: $+0.00

[2026-08-04 09:44] O:7709.00 H:7711.75 L:7708.00 C:7710.00 V:3845.0
  📈 Trend: strong_bullish | 🌍 Regime: ranging
  🗺️  Grid: 0.080% | 🔺 7709.25 🔻 7706.25
  📡 RSI: 89.3 | MACD: 3.19 | ATR: 3.36
  📊 Filled: 0 | Pending: 0
  🔲 Regime: RANGING | Range pos: 96% | RSI: 89.3
  🚫 Raw trend blocks RANGING SHORT | raw: strong_bullish
  💰 Daily P&L: $+0.00

[2026-08-04 09:45] O:7710.25 H:7710.25 L:7707.75 C:7709.00 V:3889.0
  📈 Trend: strong_bullish | 🌍 Regime: ranging
  🗺️  Grid: 0.080% | 🔺 7711.75 🔻 7708.00
  📡 RSI: 84.0 | MACD: 3.30 | ATR: 3.25
  📊 Filled: 0 | Pending: 0
  🔲 Regime: RANGING | Range pos: 94% | RSI: 84.0
  🚫 Raw trend blocks RANGING SHORT | raw: strong_bullish
  💰 Daily P&L: $+0.00

[2026-08-04 09:46] O:7708.75 H:7710.00 L:7708.25 C:7708.75 V:3076.0
  📈 Trend: strong_bullish | 🌍 Regime: ranging
  🗺️  Grid: 0.080% | 🔺 7710.25 🔻 7707.75
  📡 RSI: 77.8 | MACD: 3.33 | ATR: 2.98
  📊 Filled: 0 | Pending: 0
  🔲 Regime: RANGING | Range pos: 93% | RSI: 77.8
  🚫 Raw trend blocks RANGING SHORT | raw: strong_bullish
  💰 Daily P&L: $+0.00

[2026-08-04 09:47] O:7708.75 H:7710.25 L:7708.00 C:7710.25 V:4107.0
  📈 Trend: strong_bullish | 🌍 Regime: ranging
  🗺️  Grid: 0.080% | 🔺 7710.00 🔻 7708.25
  📡 RSI: 78.1 | MACD: 3.43 | ATR: 2.95
  📊 Filled: 0 | Pending: 0
  🔲 Regime: RANGING | Range pos: 97% | RSI: 78.1
  🚫 Raw trend blocks RANGING SHORT | raw: strong_bullish
  💰 Daily P&L: $+0.00

[2026-08-04 09:48] O:7710.25 H:7710.25 L:7708.25 C:7710.25 V:2318.0
  📈 Trend: strong_bullish | 🌍 Regime: ranging
  🗺️  Grid: 0.080% | 🔺 7710.25 🔻 7708.00
  📡 RSI: 77.8 | MACD: 3.47 | ATR: 2.95
  📊 Filled: 0 | Pending: 0
  🔲 Regime: RANGING | Range pos: 97% | RSI: 77.8
  🚫 Raw trend blocks RANGING SHORT | raw: strong_bullish
  💰 Daily P&L: $+0.00

[2026-08-04 09:49] O:7710.25 H:7711.75 L:7710.00 C:7711.00 V:3012.0
  📈 Trend: strong_bullish | 🌍 Regime: ranging
  🗺️  Grid: 0.080% | 🔺 7710.25 🔻 7708.25
  📡 RSI: 76.7 | MACD: 3.52 | ATR: 2.93
  📊 Filled: 0 | Pending: 0
  🔲 Regime: RANGING | Range pos: 98% | RSI: 76.7
  🚫 Raw trend blocks RANGING SHORT | raw: strong_bullish
  💰 Daily P&L: $+0.00

[2026-08-04 09:50] O:7711.00 H:7712.50 L:7709.00 C:7709.50 V:3542.0
  📈 Trend: strong_bullish | 🌍 Regime: ranging
  🗺️  Grid: 0.080% | 🔺 7711.75 🔻 7710.00
  📡 RSI: 78.0 | MACD: 3.41 | ATR: 3.02
  📊 Filled: 0 | Pending: 0
  🔲 Regime: RANGING | Range pos: 93% | RSI: 78.0
  🚫 Raw trend blocks RANGING SHORT | raw: strong_bullish
  💰 Daily P&L: $+0.00

[2026-08-04 09:51] O:7709.50 H:7710.50 L:7708.50 C:7709.75 V:2937.0
  📈 Trend: strong_bullish | 🌍 Regime: ranging
  🗺️  Grid: 0.080% | 🔺 7712.50 🔻 7709.00
  📡 RSI: 75.5 | MACD: 3.29 | ATR: 2.88
  📊 Filled: 0 | Pending: 0
  🔲 Regime: RANGING | Range pos: 94% | RSI: 75.5
  🚫 Raw trend blocks RANGING SHORT | raw: strong_bullish
  💰 Daily P&L: $+0.00

[2026-08-04 09:52] O:7709.50 H:7711.50 L:7709.25 C:7711.25 V:2342.0
  📈 Trend: strong_bullish | 🌍 Regime: ranging
  🗺️  Grid: 0.080% | 🔺 7710.50 🔻 7708.50
  📡 RSI: 80.7 | MACD: 3.29 | ATR: 2.48
  📊 Filled: 0 | Pending: 0
  🔲 Regime: RANGING | Range pos: 97% | RSI: 80.7
  🚫 Raw trend blocks RANGING SHORT | raw: strong_bullish
  💰 Daily P&L: $+0.00

[2026-08-04 09:53] O:7711.25 H:7711.25 L:7710.00 C:7710.50 V:1935.0
  📈 Trend: strong_bullish | 🌍 Regime: trending_bullish
  🗺️  Grid: 0.080% | 🔺 7711.50 🔻 7709.25
  📡 RSI: 74.1 | MACD: 3.19 | ATR: 2.36
  📊 Filled: 0 | Pending: 0
  💰 Daily P&L: $+0.00

[2026-08-04 09:54] O:7710.25 H:7712.00 L:7709.25 C:7711.25 V:2086.0
  📈 Trend: strong_bullish | 🌍 Regime: trending_bullish
  🗺️  Grid: 0.080% | 🔺 7711.25 🔻 7710.00
  📡 RSI: 74.5 | MACD: 3.13 | ATR: 2.38
  📊 Filled: 0 | Pending: 0
  💰 Daily P&L: $+0.00

[2026-08-04 09:55] O:7711.00 H:7711.75 L:7710.00 C:7711.50 V:1955.0
  📈 Trend: strong_bullish | 🌍 Regime: trending_bullish
  🗺️  Grid: 0.080% | 🔺 7712.00 🔻 7709.25
  📡 RSI: 74.5 | MACD: 3.07 | ATR: 2.36
  📊 Filled: 0 | Pending: 0
  💰 Daily P&L: $+0.00

[2026-08-04 09:56] O:7711.50 H:7712.75 L:7711.25 C:7712.00 V:2488.0
  📈 Trend: strong_bullish | 🌍 Regime: trending_bullish
  🗺️  Grid: 0.080% | 🔺 7711.75 🔻 7710.00
  📡 RSI: 71.4 | MACD: 3.03 | ATR: 2.29
  📊 Filled: 0 | Pending: 0
  💰 Daily P&L: $+0.00

[2026-08-04 09:57] O:7711.75 H:7713.75 L:7711.50 C:7712.00 V:3093.0
  📈 Trend: strong_bullish | 🌍 Regime: trending_bullish
  🗺️  Grid: 0.080% | 🔺 7712.75 🔻 7711.25
  📡 RSI: 65.9 | MACD: 2.96 | ATR: 2.23
  📊 Filled: 0 | Pending: 0
  💰 Daily P&L: $+0.00

[2026-08-04 09:58] O:7712.00 H:7714.50 L:7712.00 C:7714.25 V:2674.0
  📈 Trend: strong_bullish | 🌍 Regime: trending_bullish
  🗺️  Grid: 0.080% | 🔺 7713.75 🔻 7711.50
  📡 RSI: 68.9 | MACD: 3.06 | ATR: 2.14
  📊 Filled: 0 | Pending: 0
  💰 Daily P&L: $+0.00

[2026-08-04 09:59] O:7714.25 H:7716.50 L:7714.00 C:7715.25 V:4406.0
  📈 Trend: strong_bullish | 🌍 Regime: trending_bullish
  🗺️  Grid: 0.080% | 🔺 7714.50 🔻 7712.00
  📡 RSI: 77.8 | MACD: 3.17 | ATR: 2.14
  📊 Filled: 0 | Pending: 0
  💰 Daily P&L: $+0.00

[2026-08-04 10:00] O:7715.50 H:7716.25 L:7714.00 C:7714.00 V:3538.0
  📈 Trend: strong_bullish | 🌍 Regime: trending_bullish
  🗺️  Grid: 0.080% | 🔺 7716.50 🔻 7714.00
  📡 RSI: 71.4 | MACD: 3.13 | ATR: 2.18
  📊 Filled: 0 | Pending: 0
  💰 Daily P&L: $+0.00

[2026-08-04 10:01] O:7714.25 H:7718.50 L:7714.00 C:7717.75 V:4279.0
  📈 Trend: strong_bullish | 🌍 Regime: trending_bullish
  🗺️  Grid: 0.080% | 🔺 7716.25 🔻 7714.00
  📡 RSI: 75.9 | MACD: 3.36 | ATR: 2.34
  📊 Filled: 0 | Pending: 0
  💰 Daily P&L: $+0.00

[2026-08-04 10:02] O:7717.75 H:7719.50 L:7717.00 C:7719.00 V:3420.0
  📈 Trend: strong_bullish | 🌍 Regime: trending_bullish
  🗺️  Grid: 0.080% | 🔺 7718.50 🔻 7714.00
  📡 RSI: 77.8 | MACD: 3.60 | ATR: 2.38
  📊 Filled: 0 | Pending: 0
  💰 Daily P&L: $+0.00

[2026-08-04 10:03] O:7719.25 H:7720.75 L:7718.25 C:7719.50 V:4137.0
  📈 Trend: strong_bullish | 🌍 Regime: trending_bullish
  🗺️  Grid: 0.080% | 🔺 7719.50 🔻 7717.00
  📡 RSI: 77.4 | MACD: 3.79 | ATR: 2.43
  📊 Filled: 0 | Pending: 0
  💰 Daily P&L: $+0.00

[2026-08-04 10:04] O:7719.50 H:7721.25 L:7719.50 C:7720.75 V:2942.0
  📈 Trend: strong_bullish | 🌍 Regime: trending_bullish
  🗺️  Grid: 0.080% | 🔺 7720.75 🔻 7718.25
  📡 RSI: 86.9 | MACD: 3.99 | ATR: 2.30
  📊 Filled: 0 | Pending: 0
  💰 Daily P&L: $+0.00

[2026-08-04 10:05] O:7721.00 H:7721.00 L:7719.00 C:7719.50 V:3699.0
  📈 Trend: strong_bullish | 🌍 Regime: trending_bullish
  🗺️  Grid: 0.080% | 🔺 7721.25 🔻 7719.50
  📡 RSI: 80.0 | MACD: 4.01 | ATR: 2.30
  📊 Filled: 0 | Pending: 0
  💰 Daily P&L: $+0.00

[2026-08-04 10:06] O:7719.75 H:7719.75 L:7717.50 C:7719.25 V:3838.0
  📈 Trend: strong_bullish | 🌍 Regime: trending_bullish
  🗺️  Grid: 0.080% | 🔺 7721.00 🔻 7719.00
  📡 RSI: 76.7 | MACD: 3.95 | ATR: 2.30
  📊 Filled: 0 | Pending: 0
  💰 Daily P&L: $+0.00

[2026-08-04 10:07] O:7719.50 H:7720.00 L:7717.75 C:7717.75 V:2797.0
  📈 Trend: strong_bullish | 🌍 Regime: trending_bullish
  🗺️  Grid: 0.080% | 🔺 7719.75 🔻 7717.50
  📡 RSI: 73.0 | MACD: 3.74 | ATR: 2.38
  📊 Filled: 0 | Pending: 0
  💰 Daily P&L: $+0.00

[2026-08-04 10:08] O:7717.75 H:7718.00 L:7715.75 C:7717.25 V:4127.0
  📈 Trend: strong_bullish | 🌍 Regime: trending_bullish
  🗺️  Grid: 0.080% | 🔺 7720.00 🔻 7717.75
  📡 RSI: 69.4 | MACD: 3.50 | ATR: 2.34
  📊 Filled: 0 | Pending: 0
  💰 Daily P&L: $+0.00

[2026-08-04 10:09] O:7717.25 H:7720.75 L:7717.00 C:7720.75 V:2874.0
  📈 Trend: strong_bullish | 🌍 Regime: trending_bullish
  🗺️  Grid: 0.080% | 🔺 7718.00 🔻 7715.75
  📡 RSI: 74.7 | MACD: 3.55 | ATR: 2.48
  📊 Filled: 0 | Pending: 0
  💰 Daily P&L: $+0.00

[2026-08-04 10:10] O:7720.50 H:7721.00 L:7719.25 C:7720.25 V:2016.0
  📈 Trend: strong_bullish | 🌍 Regime: trending_bullish
  🗺️  Grid: 0.080% | 🔺 7720.75 🔻 7717.00
  📡 RSI: 72.0 | MACD: 3.50 | ATR: 2.50
  📊 Filled: 0 | Pending: 0
  💰 Daily P&L: $+0.00

[2026-08-04 10:11] O:7720.25 H:7721.00 L:7719.25 C:7720.75 V:2501.0
  📈 Trend: strong_bullish | 🌍 Regime: trending_bullish
  🗺️  Grid: 0.080% | 🔺 7721.00 🔻 7719.25
  📡 RSI: 72.7 | MACD: 3.47 | ATR: 2.46
  📊 Filled: 0 | Pending: 0
  💰 Daily P&L: $+0.00

[2026-08-04 10:12] O:7720.50 H:7722.50 L:7720.50 C:7722.00 V:2718.0
  📈 Trend: strong_bullish | 🌍 Regime: trending_bullish
  🗺️  Grid: 0.080% | 🔺 7721.00 🔻 7719.25
  📡 RSI: 71.2 | MACD: 3.50 | ATR: 2.43
  📊 Filled: 0 | Pending: 0
  💰 Daily P&L: $+0.00

[2026-08-04 10:13] O:7722.25 H:7724.00 L:7721.50 C:7723.25 V:3007.0
  📈 Trend: strong_bullish | 🌍 Regime: trending_bullish
  🗺️  Grid: 0.080% | 🔺 7722.50 🔻 7720.50
  📡 RSI: 71.6 | MACD: 3.59 | ATR: 2.43
  📊 Filled: 0 | Pending: 0
  💰 Daily P&L: $+0.00

[2026-08-04 10:14] O:7723.50 H:7723.75 L:7721.00 C:7721.25 V:4382.0
  📈 Trend: strong_bullish | 🌍 Regime: trending_bullish
  🗺️  Grid: 0.080% | 🔺 7724.00 🔻 7721.50
  📡 RSI: 68.8 | MACD: 3.46 | ATR: 2.46
  📊 Filled: 0 | Pending: 0
  💰 Daily P&L: $+0.00

[2026-08-04 10:15] O:7721.50 H:7724.50 L:7721.00 C:7724.50 V:3035.0
  📈 Trend: strong_bullish | 🌍 Regime: trending_bullish
  🗺️  Grid: 0.080% | 🔺 7723.75 🔻 7721.00
  📡 RSI: 68.0 | MACD: 3.57 | ATR: 2.39
  📊 Filled: 0 | Pending: 0
  💰 Daily P&L: $+0.00

[2026-08-04 10:16] O:7724.25 H:7725.25 L:7723.75 C:7724.50 V:2663.0
  📈 Trend: strong_bullish | 🌍 Regime: trending_bullish
  🗺️  Grid: 0.080% | 🔺 7724.50 🔻 7721.00
  📡 RSI: 65.7 | MACD: 3.62 | ATR: 2.32
  📊 Filled: 0 | Pending: 0
  💰 Daily P&L: $+0.00

[2026-08-04 10:17] O:7724.50 H:7725.00 L:7723.50 C:7724.00 V:1820.0
  📈 Trend: strong_bullish | 🌍 Regime: trending_bullish
  🗺️  Grid: 0.080% | 🔺 7725.25 🔻 7723.75
  📡 RSI: 62.9 | MACD: 3.58 | ATR: 2.25
  📊 Filled: 0 | Pending: 0
  💰 Daily P&L: $+0.00

[2026-08-04 10:18] O:7724.25 H:7726.00 L:7724.00 C:7725.00 V:2200.0
  📈 Trend: strong_bullish | 🌍 Regime: trending_bullish
  🗺️  Grid: 0.080% | 🔺 7725.00 🔻 7723.50
  📡 RSI: 62.3 | MACD: 3.59 | ATR: 2.27
  📊 Filled: 0 | Pending: 0
  💰 Daily P&L: $+0.00

[2026-08-04 10:19] O:7725.25 H:7726.00 L:7724.75 C:7725.75 V:2207.0
  📈 Trend: strong_bullish | 🌍 Regime: trending_bullish
  🗺️  Grid: 0.080% | 🔺 7726.00 🔻 7724.00
  📡 RSI: 68.7 | MACD: 3.61 | ATR: 2.21
  📊 Filled: 0 | Pending: 0
  💰 Daily P&L: $+0.00

[2026-08-04 10:20] O:7725.75 H:7726.50 L:7725.25 C:7726.50 V:2348.0
  📈 Trend: strong_bullish | 🌍 Regime: trending_bullish
  🗺️  Grid: 0.080% | 🔺 7726.00 🔻 7724.75
  📡 RSI: 71.0 | MACD: 3.65 | ATR: 2.14
  📊 Filled: 0 | Pending: 0
  💰 Daily P&L: $+0.00

[2026-08-04 10:21] O:7726.50 H:7726.50 L:7725.25 C:7726.00 V:1915.0
  📈 Trend: strong_bullish | 🌍 Regime: trending_bullish
  🗺️  Grid: 0.080% | 🔺 7726.50 🔻 7725.25
  📡 RSI: 75.4 | MACD: 3.59 | ATR: 2.07
  📊 Filled: 0 | Pending: 0
  💰 Daily P&L: $+0.00

[2026-08-04 10:22] O:7725.75 H:7727.25 L:7724.25 C:7725.25 V:4108.0
  📈 Trend: strong_bullish | 🌍 Regime: trending_bullish
  🗺️  Grid: 0.080% | 🔺 7726.50 🔻 7725.25
  📡 RSI: 74.2 | MACD: 3.45 | ATR: 2.12
  📊 Filled: 0 | Pending: 0
  💰 Daily P&L: $+0.00

[2026-08-04 10:23] O:7725.25 H:7728.75 L:7725.00 C:7728.75 V:2802.0
  📈 Trend: strong_bullish | 🌍 Regime: trending_bullish
  🗺️  Grid: 0.080% | 🔺 7727.25 🔻 7724.25
  📡 RSI: 74.2 | MACD: 3.58 | ATR: 2.12
  📊 Filled: 0 | Pending: 0
  💰 Daily P&L: $+0.00

[2026-08-04 10:24] O:7728.75 H:7730.25 L:7728.50 C:7730.00 V:3385.0
  📈 Trend: strong_bullish | 🌍 Regime: trending_bullish
  🗺️  Grid: 0.080% | 🔺 7728.75 🔻 7725.00
  📡 RSI: 78.3 | MACD: 3.74 | ATR: 2.12
  📊 Filled: 0 | Pending: 0
  💰 Daily P&L: $+0.00

[2026-08-04 10:25] O:7730.00 H:7731.00 L:7729.25 C:7730.00 V:3384.0
  📈 Trend: strong_bullish | 🌍 Regime: trending_bullish
  🗺️  Grid: 0.080% | 🔺 7730.25 🔻 7728.50
  📡 RSI: 77.6 | MACD: 3.82 | ATR: 2.12
  📊 Filled: 0 | Pending: 0
  💰 Daily P&L: $+0.00

[2026-08-04 10:26] O:7730.25 H:7731.00 L:7729.50 C:7729.50 V:2713.0
  📈 Trend: strong_bullish | 🌍 Regime: trending_bullish
  🗺️  Grid: 0.080% | 🔺 7731.00 🔻 7729.25
  📡 RSI: 73.4 | MACD: 3.81 | ATR: 2.09
  📊 Filled: 0 | Pending: 0
  💰 Daily P&L: $+0.00

[2026-08-04 10:27] O:7729.75 H:7730.00 L:7726.00 C:7726.75 V:4480.0
  📈 Trend: strong_bullish | 🌍 Regime: trending_bullish
  🗺️  Grid: 0.080% | 🔺 7731.00 🔻 7729.50
  📡 RSI: 60.0 | MACD: 3.53 | ATR: 2.20
  📊 Filled: 0 | Pending: 0
  💰 Daily P&L: $+0.00

[2026-08-04 10:28] O:7726.75 H:7727.25 L:7725.00 C:7727.00 V:2847.0
  📈 Trend: strong_bullish | 🌍 Regime: trending_bullish
  🗺️  Grid: 0.080% | 🔺 7730.00 🔻 7726.00
  📡 RSI: 68.3 | MACD: 3.29 | ATR: 2.16
  📊 Filled: 0 | Pending: 0
  💰 Daily P&L: $+0.00

[2026-08-04 10:29] O:7727.00 H:7727.25 L:7725.25 C:7726.00 V:2165.0
  📈 Trend: strong_bullish | 🌍 Regime: trending_bullish
  🗺️  Grid: 0.080% | 🔺 7727.25 🔻 7725.00
  📡 RSI: 55.6 | MACD: 2.99 | ATR: 2.05
  📊 Filled: 0 | Pending: 0
  💰 Daily P&L: $+0.00

[2026-08-04 10:30] O:7726.00 H:7728.25 L:7725.25 C:7727.25 V:3167.0
  📈 Trend: strong_bullish | 🌍 Regime: trending_bullish
  🗺️  Grid: 0.080% | 🔺 7727.25 🔻 7725.25
  📡 RSI: 59.3 | MACD: 2.81 | ATR: 2.16
  📊 Filled: 0 | Pending: 0
  💰 Daily P&L: $+0.00

[2026-08-04 10:31] O:7727.25 H:7728.00 L:7725.50 C:7728.00 V:1802.0
  📈 Trend: strong_bullish | 🌍 Regime: trending_bullish
  🗺️  Grid: 0.080% | 🔺 7728.25 🔻 7725.25
  📡 RSI: 63.3 | MACD: 2.71 | ATR: 2.23
  📊 Filled: 0 | Pending: 0
  💰 Daily P&L: $+0.00

[2026-08-04 10:32] O:7727.75 H:7728.00 L:7726.50 C:7726.75 V:1967.0
  📈 Trend: strong_bullish | 🌍 Regime: trending_bullish
  🗺️  Grid: 0.080% | 🔺 7728.00 🔻 7725.50
  📡 RSI: 55.7 | MACD: 2.49 | ATR: 2.20
  📊 Filled: 0 | Pending: 0
  💰 Daily P&L: $+0.00

[2026-08-04 10:33] O:7726.75 H:7727.25 L:7723.75 C:7724.25 V:2112.0
  📈 Trend: strong_bullish | 🌍 Regime: trending_bullish
  🗺️  Grid: 0.080% | 🔺 7728.00 🔻 7726.50
  📡 RSI: 45.6 | MACD: 2.10 | ATR: 2.36
  📊 Filled: 0 | Pending: 0
  💰 Daily P&L: $+0.00

[2026-08-04 10:34] O:7724.00 H:7725.25 L:7724.00 C:7725.00 V:2720.0
  📈 Trend: strong_bullish | 🌍 Regime: trending_bullish
  🗺️  Grid: 0.080% | 🔺 7727.25 🔻 7723.75
  📡 RSI: 45.6 | MACD: 1.82 | ATR: 2.36
  📊 Filled: 0 | Pending: 0
  💰 Daily P&L: $+0.00

[2026-08-04 10:35] O:7724.75 H:7727.75 L:7724.50 C:7726.75 V:2817.0
  📈 Trend: strong_bullish | 🌍 Regime: trending_bullish
  🗺️  Grid: 0.080% | 🔺 7725.25 🔻 7724.00
  📡 RSI: 52.1 | MACD: 1.73 | ATR: 2.50
  📊 Filled: 0 | Pending: 0
  💰 Daily P&L: $+0.00

[2026-08-04 10:36] O:7726.75 H:7727.50 L:7725.75 C:7726.75 V:2436.0
  📈 Trend: strong_bullish | 🌍 Regime: trending_bullish
  🗺️  Grid: 0.080% | 🔺 7727.75 🔻 7724.50
  📡 RSI: 54.3 | MACD: 1.63 | ATR: 2.41
  📊 Filled: 0 | Pending: 0
  💰 Daily P&L: $+0.00

[2026-08-04 10:37] O:7726.75 H:7727.50 L:7726.00 C:7727.00 V:2028.0
  📈 Trend: strong_bullish | 🌍 Regime: trending_bullish
  🗺️  Grid: 0.080% | 🔺 7727.50 🔻 7725.75
  📡 RSI: 43.9 | MACD: 1.56 | ATR: 2.25
  📊 Filled: 0 | Pending: 0
  💰 Daily P&L: $+0.00

[2026-08-04 10:38] O:7726.75 H:7732.75 L:7725.75 C:7731.50 V:12035.0
  📈 Trend: strong_bullish | 🌍 Regime: trending_bullish
  🗺️  Grid: 0.080% | 🔺 7727.50 🔻 7726.00
  📡 RSI: 54.3 | MACD: 1.84 | ATR: 2.62
  📊 Filled: 0 | Pending: 0
  💰 Daily P&L: $+0.00

[2026-08-04 10:39] O:7731.50 H:7733.50 L:7729.50 C:7730.50 V:6003.0
  📈 Trend: strong_bullish | 🌍 Regime: trending_bullish
  🗺️  Grid: 0.080% | 🔺 7732.75 🔻 7725.75
  📡 RSI: 51.4 | MACD: 1.97 | ATR: 2.79
  📊 Filled: 0 | Pending: 0
  💰 Daily P&L: $+0.00

[2026-08-04 10:40] O:7730.50 H:7732.25 L:7729.75 C:7730.25 V:2979.0
  📈 Trend: strong_bullish | 🌍 Regime: trending_bullish
  🗺️  Grid: 0.080% | 🔺 7733.50 🔻 7729.50
  📡 RSI: 52.1 | MACD: 2.02 | ATR: 2.86
  📊 Filled: 0 | Pending: 0
  💰 Daily P&L: $+0.00

[2026-08-04 10:41] O:7730.25 H:7733.00 L:7730.00 C:7731.00 V:2509.0
  📈 Trend: strong_bullish | 🌍 Regime: trending_bullish
  🗺️  Grid: 0.080% | 🔺 7732.25 🔻 7729.75
  📡 RSI: 63.1 | MACD: 2.10 | ATR: 2.79
  📊 Filled: 0 | Pending: 0
  💰 Daily P&L: $+0.00

[2026-08-04 10:42] O:7731.25 H:7732.50 L:7730.25 C:7732.25 V:2189.0
  📈 Trend: strong_bullish | 🌍 Regime: trending_bullish
  🗺️  Grid: 0.080% | 🔺 7733.00 🔻 7730.00
  📡 RSI: 65.2 | MACD: 2.23 | ATR: 2.79
  📊 Filled: 0 | Pending: 0
  💰 Daily P&L: $+0.00

[2026-08-04 10:43] O:7732.50 H:7734.00 L:7732.00 C:7733.75 V:2554.0
  📈 Trend: strong_bullish | 🌍 Regime: trending_bullish
  🗺️  Grid: 0.080% | 🔺 7732.50 🔻 7730.25
  📡 RSI: 71.8 | MACD: 2.44 | ATR: 2.79
  📊 Filled: 0 | Pending: 0
  💰 Daily P&L: $+0.00

[2026-08-04 10:44] O:7733.75 H:7735.75 L:7733.00 C:7735.25 V:3156.0
  📈 Trend: strong_bullish | 🌍 Regime: trending_bullish
  🗺️  Grid: 0.080% | 🔺 7734.00 🔻 7732.00
  📡 RSI: 72.2 | MACD: 2.69 | ATR: 2.77
  📊 Filled: 0 | Pending: 0
  💰 Daily P&L: $+0.00

[2026-08-04 10:45] O:7735.25 H:7737.50 L:7734.75 C:7737.00 V:3795.0
  📈 Trend: strong_bullish | 🌍 Regime: trending_bullish
  🗺️  Grid: 0.080% | 🔺 7735.75 🔻 7733.00
  📡 RSI: 73.7 | MACD: 2.99 | ATR: 2.79
  📊 Filled: 0 | Pending: 0
  💰 Daily P&L: $+0.00

[2026-08-04 10:46] O:7737.00 H:7738.25 L:7736.75 C:7738.00 V:2865.0
  📈 Trend: strong_bullish | 🌍 Regime: trending_bullish
  🗺️  Grid: 0.080% | 🔺 7737.50 🔻 7734.75
  📡 RSI: 80.0 | MACD: 3.27 | ATR: 2.79
  📊 Filled: 0 | Pending: 0
  💰 Daily P&L: $+0.00

[2026-08-04 10:47] O:7738.00 H:7739.00 L:7736.50 C:7738.25 V:3414.0
  📈 Trend: strong_bullish | 🌍 Regime: trending_bullish
  🗺️  Grid: 0.080% | 🔺 7738.25 🔻 7736.75
  📡 RSI: 92.4 | MACD: 3.48 | ATR: 2.71
  📊 Filled: 0 | Pending: 0
  💰 Daily P&L: $+0.00

[2026-08-04 10:48] O:7738.25 H:7739.50 L:7738.25 C:7739.50 V:2356.0
  📈 Trend: strong_bullish | 🌍 Regime: trending_bullish
  🗺️  Grid: 0.080% | 🔺 7739.00 🔻 7736.50
  📡 RSI: 92.6 | MACD: 3.70 | ATR: 2.71
  📊 Filled: 0 | Pending: 0
  💰 Daily P&L: $+0.00

[2026-08-04 10:49] O:7739.50 H:7739.50 L:7738.50 C:7738.75 V:2126.0
  📈 Trend: strong_bullish | 🌍 Regime: trending_bullish
  🗺️  Grid: 0.080% | 🔺 7739.50 🔻 7738.25
  📡 RSI: 87.5 | MACD: 3.77 | ATR: 2.55
  📊 Filled: 0 | Pending: 0
  💰 Daily P&L: $+0.00

[2026-08-04 10:50] O:7738.75 H:7741.25 L:7738.25 C:7740.75 V:4027.0
  📈 Trend: strong_bullish | 🌍 Regime: trending_bullish
  🗺️  Grid: 0.080% | 🔺 7739.50 🔻 7738.50
  📡 RSI: 88.9 | MACD: 3.94 | ATR: 2.64
  📊 Filled: 0 | Pending: 0
  💰 Daily P&L: $+0.00

[2026-08-04 10:51] O:7740.75 H:7741.00 L:7739.75 C:7740.50 V:2614.0
  📈 Trend: strong_bullish | 🌍 Regime: trending_bullish
  🗺️  Grid: 0.080% | 🔺 7741.25 🔻 7738.25
  📡 RSI: 87.5 | MACD: 4.02 | ATR: 2.62
  📊 Filled: 0 | Pending: 0
  💰 Daily P&L: $+0.00

[2026-08-04 10:52] O:7740.25 H:7741.25 L:7740.00 C:7740.50 V:2546.0
  📈 Trend: strong_bullish | 🌍 Regime: trending_bullish
  🗺️  Grid: 0.080% | 🔺 7741.00 🔻 7739.75
  📡 RSI: 83.3 | MACD: 4.02 | ATR: 2.21
  📊 Filled: 0 | Pending: 0
  💰 Daily P&L: $+0.00

[2026-08-04 10:53] O:7740.50 H:7740.75 L:7735.50 C:7735.50 V:6288.0
  📈 Trend: strong_bullish | 🌍 Regime: trending_bullish
  🗺️  Grid: 0.080% | 🔺 7741.25 🔻 7740.00
  📡 RSI: 64.3 | MACD: 3.59 | ATR: 2.30
  📊 Filled: 0 | Pending: 0
  💰 Daily P&L: $+0.00

[2026-08-04 10:54] O:7735.25 H:7736.00 L:7733.75 C:7734.75 V:4174.0
  📈 Trend: strong_bullish | 🌍 Regime: trending_bullish
  🗺️  Grid: 0.080% | 🔺 7740.75 🔻 7735.50
  📡 RSI: 62.5 | MACD: 3.14 | ATR: 2.29
  📊 Filled: 0 | Pending: 0
  💰 Daily P&L: $+0.00

[2026-08-04 10:55] O:7734.75 H:7737.00 L:7733.75 C:7736.75 V:2386.0
  📈 Trend: strong_bullish | 🌍 Regime: trending_bullish
  🗺️  Grid: 0.080% | 🔺 7736.00 🔻 7733.75
  📡 RSI: 64.9 | MACD: 2.92 | ATR: 2.30
  📊 Filled: 0 | Pending: 0
  💰 Daily P&L: $+0.00

[2026-08-04 10:56] O:7736.75 H:7737.75 L:7735.75 C:7736.25 V:2095.0
  📈 Trend: strong_bullish | 🌍 Regime: trending_bullish
  🗺️  Grid: 0.080% | 🔺 7737.00 🔻 7733.75
  📡 RSI: 60.8 | MACD: 2.67 | ATR: 2.29
  📊 Filled: 0 | Pending: 0
  💰 Daily P&L: $+0.00

[2026-08-04 10:57] O:7736.50 H:7738.00 L:7735.50 C:7738.00 V:1556.0
  📈 Trend: strong_bullish | 🌍 Regime: trending_bullish
  🗺️  Grid: 0.080% | 🔺 7737.75 🔻 7735.75
  📡 RSI: 61.3 | MACD: 2.59 | ATR: 2.32
  📊 Filled: 0 | Pending: 0
  💰 Daily P&L: $+0.00

[2026-08-04 10:58] O:7738.00 H:7738.50 L:7737.25 C:7737.50 V:1853.0
  📈 Trend: strong_bullish | 🌍 Regime: trending_bullish
  🗺️  Grid: 0.080% | 🔺 7738.00 🔻 7735.50
  📡 RSI: 56.3 | MACD: 2.45 | ATR: 2.21
  📊 Filled: 0 | Pending: 0
  💰 Daily P&L: $+0.00

[2026-08-04 10:59] O:7737.75 H:7737.75 L:7736.00 C:7736.50 V:1924.0
  📈 Trend: strong_bullish | 🌍 Regime: trending_bullish
  🗺️  Grid: 0.080% | 🔺 7738.50 🔻 7737.25
  📡 RSI: 48.5 | MACD: 2.23 | ATR: 2.14
  📊 Filled: 0 | Pending: 0
  💰 Daily P&L: $+0.00

[2026-08-04 11:00] O:7736.50 H:7739.50 L:7736.00 C:7739.50 V:2625.0
  📈 Trend: strong_bullish | 🌍 Regime: trending_bullish
  🗺️  Grid: 0.080% | 🔺 7737.75 🔻 7736.00
  📡 RSI: 53.9 | MACD: 2.28 | ATR: 2.29
  📊 Filled: 0 | Pending: 0
  💰 Daily P&L: $+0.00

[2026-08-04 11:01] O:7739.25 H:7740.50 L:7738.25 C:7740.50 V:2749.0
  📈 Trend: strong_bullish | 🌍 Regime: trending_bullish
  🗺️  Grid: 0.080% | 🔺 7739.50 🔻 7736.00
  📡 RSI: 55.7 | MACD: 2.37 | ATR: 2.27
  📊 Filled: 0 | Pending: 0
  💰 Daily P&L: $+0.00

[2026-08-04 11:02] O:7740.25 H:7741.00 L:7739.50 C:7740.00 V:2151.0
  📈 Trend: strong_bullish | 🌍 Regime: trending_bullish
  🗺️  Grid: 0.080% | 🔺 7740.50 🔻 7738.25
  📡 RSI: 51.3 | MACD: 2.37 | ATR: 2.29
  📊 Filled: 0 | Pending: 0
  💰 Daily P&L: $+0.00

[2026-08-04 11:03] O:7740.25 H:7740.75 L:7739.75 C:7740.25 V:1745.0
  📈 Trend: strong_bullish | 🌍 Regime: trending_bullish
  🗺️  Grid: 0.080% | 🔺 7741.00 🔻 7739.50
  📡 RSI: 54.1 | MACD: 2.37 | ATR: 2.29
  📊 Filled: 0 | Pending: 0
  💰 Daily P&L: $+0.00

[2026-08-04 11:04] O:7740.25 H:7740.75 L:7739.25 C:7739.50 V:1991.0
  📈 Trend: strong_bullish | 🌍 Regime: trending_bullish
  🗺️  Grid: 0.080% | 🔺 7740.75 🔻 7739.75
  📡 RSI: 46.4 | MACD: 2.28 | ATR: 2.18
  📊 Filled: 0 | Pending: 0
  💰 Daily P&L: $+0.00

[2026-08-04 11:05] O:7739.50 H:7741.75 L:7739.25 C:7740.50 V:3022.0
  📈 Trend: strong_bullish | 🌍 Regime: trending_bullish
  🗺️  Grid: 0.080% | 🔺 7740.75 🔻 7739.25
  📡 RSI: 50.0 | MACD: 2.26 | ATR: 2.27
  📊 Filled: 0 | Pending: 0
  💰 Daily P&L: $+0.00

[2026-08-04 11:06] O:7740.50 H:7740.75 L:7737.25 C:7737.75 V:2647.0
  📈 Trend: strong_bullish (raw: moderate_bullish) | 🌍 Regime: trending_bullish
  🗺️  Grid: 0.080% | 🔺 7741.75 🔻 7739.25
  📡 RSI: 43.4 | MACD: 2.00 | ATR: 2.43
  📊 Filled: 0 | Pending: 0
  💰 Daily P&L: $+0.00

[2026-08-04 11:07] O:7737.50 H:7739.00 L:7737.50 C:7737.75 V:1409.0
  📈 Trend: moderate_bullish | 🌍 Regime: trending_bullish
  🗺️  Grid: 0.080% | 🔺 7740.75 🔻 7737.25
  📡 RSI: 57.1 | MACD: 1.78 | ATR: 2.16
  📊 Filled: 0 | Pending: 0
  💰 Daily P&L: $+0.00

[2026-08-04 11:08] O:7737.75 H:7739.00 L:7736.00 C:7736.50 V:2529.0
  📈 Trend: moderate_bullish | 🌍 Regime: trending_bullish
  🗺️  Grid: 0.080% | 🔺 7739.00 🔻 7737.50
  📡 RSI: 55.4 | MACD: 1.48 | ATR: 2.21
  📊 Filled: 0 | Pending: 0
  💰 Daily P&L: $+0.00

[2026-08-04 11:09] O:7736.50 H:7736.50 L:7735.25 C:7736.00 V:1812.0
  📈 Trend: moderate_bullish | 🌍 Regime: trending_bullish
  🗺️  Grid: 0.080% | 🔺 7739.00 🔻 7736.00
  📡 RSI: 47.5 | MACD: 1.19 | ATR: 2.07
  📊 Filled: 0 | Pending: 0
  💰 Daily P&L: $+0.00

[2026-08-04 11:10] O:7736.00 H:7737.25 L:7735.75 C:7737.25 V:1404.0
  📈 Trend: moderate_bullish | 🌍 Regime: trending_bullish
  🗺️  Grid: 0.080% | 🔺 7736.50 🔻 7735.25
  📡 RSI: 53.2 | MACD: 1.05 | ATR: 2.04
  📊 Filled: 0 | Pending: 0
  💰 Daily P&L: $+0.00

[2026-08-04 11:11] O:7737.00 H:7737.00 L:7734.00 C:7734.00 V:2021.0
  📈 Trend: moderate_bullish | 🌍 Regime: trending_bullish
  🗺️  Grid: 0.080% | 🔺 7737.25 🔻 7735.75
  📡 RSI: 38.2 | MACD: 0.67 | ATR: 2.09
  📊 Filled: 0 | Pending: 0
  💰 Daily P&L: $+0.00

[2026-08-04 11:12] O:7734.00 H:7735.50 L:7733.25 C:7735.00 V:2313.0
  📈 Trend: moderate_bullish | 🌍 Regime: trending_bullish
  🗺️  Grid: 0.080% | 🔺 7737.00 🔻 7734.00
  📡 RSI: 42.9 | MACD: 0.44 | ATR: 2.16
  📊 Filled: 0 | Pending: 0
  💰 Daily P&L: $+0.00

[2026-08-04 11:13] O:7735.00 H:7737.00 L:7734.25 C:7736.25 V:2332.0
  📈 Trend: moderate_bullish (raw: strong_bullish) | 🌍 Regime: trending_bullish
  🗺️  Grid: 0.080% | 🔺 7735.50 🔻 7733.25
  📡 RSI: 49.3 | MACD: 0.36 | ATR: 2.23
  📊 Filled: 0 | Pending: 0
  💰 Daily P&L: $+0.00

[2026-08-04 11:14] O:7736.50 H:7736.50 L:7734.25 C:7734.75 V:1084.0
  📈 Trend: moderate_bullish | 🌍 Regime: trending_bullish
  🗺️  Grid: 0.080% | 🔺 7737.00 🔻 7734.25
  📡 RSI: 35.4 | MACD: 0.17 | ATR: 2.14
  📊 Filled: 0 | Pending: 0
  💰 Daily P&L: $+0.00

[2026-08-04 11:15] O:7734.50 H:7736.25 L:7734.50 C:7736.25 V:2017.0
  📈 Trend: moderate_bullish | 🌍 Regime: trending_bullish
  🗺️  Grid: 0.080% | 🔺 7736.50 🔻 7734.25
  📡 RSI: 37.3 | MACD: 0.14 | ATR: 2.11
  📊 Filled: 0 | Pending: 0
  💰 Daily P&L: $+0.00

[2026-08-04 11:16] O:7736.25 H:7738.00 L:7735.75 C:7737.50 V:2305.0
  📈 Trend: moderate_bullish | 🌍 Regime: trending_bullish
  🗺️  Grid: 0.080% | 🔺 7736.25 🔻 7734.50
  📡 RSI: 42.9 | MACD: 0.22 | ATR: 2.16
  📊 Filled: 0 | Pending: 0
  💰 Daily P&L: $+0.00

[2026-08-04 11:17] O:7737.75 H:7738.25 L:7737.00 C:7737.75 V:1053.0
  📈 Trend: moderate_bullish (raw: strong_bullish) | 🌍 Regime: ranging
  🗺️  Grid: 0.080% | 🔺 7738.00 🔻 7735.75
  📡 RSI: 42.9 | MACD: 0.29 | ATR: 2.18
  📊 Filled: 0 | Pending: 0
  🔲 Regime: RANGING | Range pos: 95% | RSI: 42.9
  💰 Daily P&L: $+0.00

[2026-08-04 11:18] O:7737.75 H:7739.00 L:7737.25 C:7738.25 V:1226.0
  📈 Trend: strong_bullish | 🌍 Regime: ranging
  🗺️  Grid: 0.080% | 🔺 7738.25 🔻 7737.00
  📡 RSI: 46.4 | MACD: 0.39 | ATR: 2.20
  📊 Filled: 0 | Pending: 0
  🔲 Regime: RANGING | Range pos: 95% | RSI: 46.4
  💰 Daily P&L: $+0.00

[2026-08-04 11:19] O:7738.25 H:7739.75 L:7738.00 C:7739.50 V:2107.0
  📈 Trend: strong_bullish | 🌍 Regime: ranging
  🗺️  Grid: 0.080% | 🔺 7739.00 🔻 7737.25
  📡 RSI: 47.1 | MACD: 0.56 | ATR: 2.14
  📊 Filled: 0 | Pending: 0
  🔲 Regime: RANGING | Range pos: 97% | RSI: 47.1
  💰 Daily P&L: $+0.00

[2026-08-04 11:20] O:7739.25 H:7741.00 L:7739.00 C:7740.50 V:2251.0
  📈 Trend: strong_bullish | 🌍 Regime: ranging
  🗺️  Grid: 0.080% | 🔺 7739.75 🔻 7738.00
  📡 RSI: 58.7 | MACD: 0.77 | ATR: 2.04
  📊 Filled: 0 | Pending: 0
  🔲 Regime: RANGING | Range pos: 98% | RSI: 58.7
  💰 Daily P&L: $+0.00

[2026-08-04 11:21] O:7740.50 H:7743.50 L:7740.00 C:7742.50 V:3557.0
  📈 Trend: strong_bullish | 🌍 Regime: ranging
  🗺️  Grid: 0.080% | 🔺 7741.00 🔻 7739.00
  📡 RSI: 63.4 | MACD: 1.08 | ATR: 2.18
  📊 Filled: 0 | Pending: 0
  🔲 Regime: RANGING | Range pos: 99% | RSI: 63.4
  💰 Daily P&L: $+0.00

[2026-08-04 11:22] O:7742.25 H:7743.75 L:7742.25 C:7743.75 V:1927.0
  📈 Trend: strong_bullish | 🌍 Regime: ranging
  🗺️  Grid: 0.080% | 🔺 7743.50 🔻 7740.00
  📡 RSI: 70.4 | MACD: 1.41 | ATR: 2.07
  📊 Filled: 0 | Pending: 0
  🔲 Regime: RANGING | Range pos: 100% | RSI: 70.4
  🚫 Raw trend blocks RANGING SHORT | raw: strong_bullish
  💰 Daily P&L: $+0.00

[2026-08-04 11:23] O:7743.75 H:7744.50 L:7743.00 C:7744.25 V:2072.0
  📈 Trend: strong_bullish | 🌍 Regime: ranging
  🗺️  Grid: 0.080% | 🔺 7743.75 🔻 7742.25
  📡 RSI: 73.2 | MACD: 1.70 | ATR: 2.09
  📊 Filled: 0 | Pending: 0
  🔲 Regime: RANGING | Range pos: 100% | RSI: 73.2
  🚫 Raw trend blocks RANGING SHORT | raw: strong_bullish
  💰 Daily P&L: $+0.00

[2026-08-04 11:24] O:7744.25 H:7745.25 L:7744.00 C:7744.50 V:1815.0
  📈 Trend: strong_bullish | 🌍 Regime: ranging
  🗺️  Grid: 0.080% | 🔺 7744.50 🔻 7743.00
  📡 RSI: 71.6 | MACD: 1.92 | ATR: 2.07
  📊 Filled: 0 | Pending: 0
  🔲 Regime: RANGING | Range pos: 99% | RSI: 71.6
  🚫 Raw trend blocks RANGING SHORT | raw: strong_bullish
  💰 Daily P&L: $+0.00

[2026-08-04 11:25] O:7744.25 H:7744.75 L:7742.25 C:7744.25 V:2159.0
  📈 Trend: strong_bullish | 🌍 Regime: trending_bullish
  🗺️  Grid: 0.080% | 🔺 7745.25 🔻 7744.00
  📡 RSI: 87.3 | MACD: 2.05 | ATR: 2.02
  📊 Filled: 0 | Pending: 0
  💰 Daily P&L: $+0.00

[2026-08-04 11:26] O:7744.25 H:7744.75 L:7743.25 C:7744.50 V:1717.0
  📈 Trend: strong_bullish | 🌍 Regime: trending_bullish
  🗺️  Grid: 0.080% | 🔺 7744.75 🔻 7742.25
  📡 RSI: 86.5 | MACD: 2.15 | ATR: 1.96
  📊 Filled: 0 | Pending: 0
  💰 Daily P&L: $+0.00

[2026-08-04 11:27] O:7744.50 H:7744.75 L:7743.50 C:7744.50 V:1074.0
  📈 Trend: strong_bullish | 🌍 Regime: trending_bullish
  🗺️  Grid: 0.080% | 🔺 7744.75 🔻 7743.25
  📡 RSI: 85.1 | MACD: 2.21 | ATR: 1.86
  📊 Filled: 0 | Pending: 0
  💰 Daily P&L: $+0.00

[2026-08-04 11:28] O:7744.50 H:7745.75 L:7744.50 C:7745.25 V:1288.0
  📈 Trend: strong_bullish | 🌍 Regime: trending_bullish
  🗺️  Grid: 0.080% | 🔺 7744.75 🔻 7743.50
  📡 RSI: 97.7 | MACD: 2.29 | ATR: 1.79
  📊 Filled: 0 | Pending: 0
  💰 Daily P&L: $+0.00

[2026-08-04 11:29] O:7745.25 H:7745.25 L:7744.00 C:7744.50 V:1411.0
  📈 Trend: strong_bullish | 🌍 Regime: trending_bullish
  🗺️  Grid: 0.080% | 🔺 7745.75 🔻 7744.50
  📡 RSI: 90.2 | MACD: 2.26 | ATR: 1.75
  📊 Filled: 0 | Pending: 0
  💰 Daily P&L: $+0.00

[2026-08-04 11:30] O:7744.50 H:7745.00 L:7742.25 C:7744.50 V:2341.0
  📈 Trend: strong_bullish | 🌍 Regime: trending_bullish
  🗺️  Grid: 0.080% | 🔺 7745.25 🔻 7744.00
  📡 RSI: 88.9 | MACD: 2.21 | ATR: 1.79
  📊 Filled: 0 | Pending: 0
  💰 Daily P&L: $+0.00

[2026-08-04 11:31] O:7744.50 H:7745.75 L:7744.25 C:7745.25 V:1242.0
  📈 Trend: strong_bullish | 🌍 Regime: trending_bullish
  🗺️  Grid: 0.080% | 🔺 7745.00 🔻 7742.25
  📡 RSI: 89.5 | MACD: 2.21 | ATR: 1.80
  📊 Filled: 0 | Pending: 0
  💰 Daily P&L: $+0.00

[2026-08-04 11:32] O:7745.50 H:7747.50 L:7745.50 C:7747.00 V:2650.0
  📈 Trend: strong_bullish | 🌍 Regime: trending_bullish
  🗺️  Grid: 0.080% | 🔺 7745.75 🔻 7744.25
  📡 RSI: 90.7 | MACD: 2.33 | ATR: 1.84
  📊 Filled: 0 | Pending: 0
  💰 Daily P&L: $+0.00

[2026-08-04 11:33] O:7747.00 H:7748.50 L:7746.50 C:7748.25 V:2045.0
  📈 Trend: strong_bullish | 🌍 Regime: trending_bullish
  🗺️  Grid: 0.080% | 🔺 7747.50 🔻 7745.50
  📡 RSI: 90.7 | MACD: 2.49 | ATR: 1.86
  📊 Filled: 0 | Pending: 0
  💰 Daily P&L: $+0.00

[2026-08-04 11:34] O:7748.00 H:7748.50 L:7747.00 C:7747.25 V:1891.0
  📈 Trend: strong_bullish | 🌍 Regime: trending_bullish
  🗺️  Grid: 0.080% | 🔺 7748.50 🔻 7746.50
  📡 RSI: 81.4 | MACD: 2.51 | ATR: 1.82
  📊 Filled: 0 | Pending: 0
  💰 Daily P&L: $+0.00

[2026-08-04 11:35] O:7747.25 H:7748.50 L:7747.00 C:7747.75 V:1419.0
  📈 Trend: strong_bullish | 🌍 Regime: trending_bullish
  🗺️  Grid: 0.080% | 🔺 7748.50 🔻 7747.00
  📡 RSI: 78.4 | MACD: 2.53 | ATR: 1.68
  📊 Filled: 0 | Pending: 0
  💰 Daily P&L: $+0.00

[2026-08-04 11:36] O:7747.50 H:7748.50 L:7746.75 C:7748.50 V:1448.0
  📈 Trend: strong_bullish | 🌍 Regime: trending_bullish
  🗺️  Grid: 0.080% | 🔺 7748.50 🔻 7747.00
  📡 RSI: 77.1 | MACD: 2.59 | ATR: 1.70
  📊 Filled: 0 | Pending: 0
  💰 Daily P&L: $+0.00

[2026-08-04 11:37] O:7748.25 H:7749.25 L:7747.50 C:7747.50 V:1798.0
  📈 Trend: strong_bullish | 🌍 Regime: trending_bullish
  🗺️  Grid: 0.080% | 🔺 7748.50 🔻 7746.75
  📡 RSI: 67.6 | MACD: 2.52 | ATR: 1.71
  📊 Filled: 0 | Pending: 0
  💰 Daily P&L: $+0.00

[2026-08-04 11:38] O:7747.25 H:7747.25 L:7744.50 C:7746.00 V:2893.0
  📈 Trend: strong_bullish | 🌍 Regime: trending_bullish
  🗺️  Grid: 0.080% | 🔺 7749.25 🔻 7747.50
  📡 RSI: 57.1 | MACD: 2.31 | ATR: 1.84
  📊 Filled: 0 | Pending: 0
  💰 Daily P&L: $+0.00

[2026-08-04 11:39] O:7746.00 H:7747.75 L:7746.00 C:7747.25 V:1900.0
  📈 Trend: strong_bullish | 🌍 Regime: trending_bullish
  🗺️  Grid: 0.080% | 🔺 7747.25 🔻 7744.50
  📡 RSI: 63.0 | MACD: 2.23 | ATR: 1.79
  📊 Filled: 0 | Pending: 0
  💰 Daily P&L: $+0.00

[2026-08-04 11:40] O:7747.25 H:7748.00 L:7746.75 C:7747.25 V:1623.0
  📈 Trend: strong_bullish | 🌍 Regime: trending_bullish
  🗺️  Grid: 0.080% | 🔺 7747.75 🔻 7746.00
  📡 RSI: 62.2 | MACD: 2.14 | ATR: 1.77
  📊 Filled: 0 | Pending: 0
  💰 Daily P&L: $+0.00

[2026-08-04 11:41] O:7747.25 H:7747.25 L:7746.25 C:7747.00 V:1967.0
  📈 Trend: strong_bullish | 🌍 Regime: trending_bullish
  🗺️  Grid: 0.080% | 🔺 7748.00 🔻 7746.75
  📡 RSI: 60.9 | MACD: 2.02 | ATR: 1.75
  📊 Filled: 0 | Pending: 0
  💰 Daily P&L: $+0.00

[2026-08-04 11:42] O:7747.00 H:7748.50 L:7746.75 C:7748.25 V:1941.0
  📈 Trend: strong_bullish | 🌍 Regime: trending_bullish
  🗺️  Grid: 0.080% | 🔺 7747.25 🔻 7746.25
  📡 RSI: 62.5 | MACD: 2.01 | ATR: 1.79
  📊 Filled: 0 | Pending: 0
  💰 Daily P&L: $+0.00

[2026-08-04 11:43] O:7748.25 H:7749.50 L:7748.00 C:7749.25 V:1756.0
  📈 Trend: strong_bullish | 🌍 Regime: trending_bullish
  🗺️  Grid: 0.080% | 🔺 7748.50 🔻 7746.75
  📡 RSI: 69.4 | MACD: 2.05 | ATR: 1.80
  📊 Filled: 0 | Pending: 0
  💰 Daily P&L: $+0.00

[2026-08-04 11:44] O:7749.25 H:7752.75 L:7749.25 C:7752.25 V:5295.0
  📈 Trend: strong_bullish | 🌍 Regime: trending_bullish
  🗺️  Grid: 0.080% | 🔺 7749.50 🔻 7748.00
  📡 RSI: 75.4 | MACD: 2.30 | ATR: 1.86
  📊 Filled: 0 | Pending: 0
  💰 Daily P&L: $+0.00

[2026-08-04 11:45] O:7752.50 H:7754.25 L:7752.25 C:7753.75 V:3531.0
  📈 Trend: strong_bullish | 🌍 Regime: trending_bullish
  🗺️  Grid: 0.080% | 🔺 7752.75 🔻 7749.25
  📡 RSI: 76.6 | MACD: 2.59 | ATR: 1.89
  📊 Filled: 0 | Pending: 0
  💰 Daily P&L: $+0.00

[2026-08-04 11:46] O:7753.75 H:7754.50 L:7753.00 C:7753.00 V:1960.0
  📈 Trend: strong_bullish | 🌍 Regime: trending_bullish
  🗺️  Grid: 0.080% | 🔺 7754.25 🔻 7752.25
  📡 RSI: 70.0 | MACD: 2.73 | ATR: 1.84
  📊 Filled: 0 | Pending: 0
  💰 Daily P&L: $+0.00

[2026-08-04 11:47] O:7753.25 H:7754.00 L:7752.25 C:7753.75 V:2073.0
  📈 Trend: strong_bullish | 🌍 Regime: trending_bullish
  🗺️  Grid: 0.080% | 🔺 7754.50 🔻 7753.00
  📡 RSI: 69.0 | MACD: 2.87 | ATR: 1.82
  📊 Filled: 0 | Pending: 0
  💰 Daily P&L: $+0.00

[2026-08-04 11:48] O:7753.75 H:7754.25 L:7752.75 C:7752.75 V:2014.0
  📈 Trend: strong_bullish | 🌍 Regime: trending_bullish
  🗺️  Grid: 0.080% | 🔺 7754.00 🔻 7752.25
  📡 RSI: 69.0 | MACD: 2.86 | ATR: 1.82
  📊 Filled: 0 | Pending: 0
  💰 Daily P&L: $+0.00

[2026-08-04 11:49] O:7752.75 H:7754.75 L:7752.50 C:7754.25 V:2455.0
  📈 Trend: strong_bullish | 🌍 Regime: trending_bullish
  🗺️  Grid: 0.080% | 🔺 7754.25 🔻 7752.75
  📡 RSI: 71.0 | MACD: 2.95 | ATR: 1.88
  📊 Filled: 0 | Pending: 0
  💰 Daily P&L: $+0.00

[2026-08-04 11:50] O:7754.25 H:7754.75 L:7753.50 C:7754.00 V:1854.0
  📈 Trend: strong_bullish | 🌍 Regime: trending_bullish
  🗺️  Grid: 0.080% | 🔺 7754.75 🔻 7752.50
  📡 RSI: 68.3 | MACD: 2.96 | ATR: 1.84
  📊 Filled: 0 | Pending: 0
  💰 Daily P&L: $+0.00

[2026-08-04 11:51] O:7754.25 H:7755.25 L:7753.75 C:7754.00 V:2090.0
  📈 Trend: strong_bullish | 🌍 Regime: trending_bullish
  🗺️  Grid: 0.080% | 🔺 7754.75 🔻 7753.50
  📡 RSI: 73.2 | MACD: 2.93 | ATR: 1.82
  📊 Filled: 0 | Pending: 0
  💰 Daily P&L: $+0.00

[2026-08-04 11:52] O:7754.25 H:7755.25 L:7753.50 C:7753.75 V:1725.0
  📈 Trend: strong_bullish | 🌍 Regime: trending_bullish
  🗺️  Grid: 0.080% | 🔺 7755.25 🔻 7753.75
  📡 RSI: 80.4 | MACD: 2.86 | ATR: 1.73
  📊 Filled: 0 | Pending: 0
  💰 Daily P&L: $+0.00

[2026-08-04 11:53] O:7754.00 H:7755.25 L:7753.00 C:7755.00 V:2150.0
  📈 Trend: strong_bullish | 🌍 Regime: trending_bullish
  🗺️  Grid: 0.080% | 🔺 7755.25 🔻 7753.50
  📡 RSI: 80.4 | MACD: 2.87 | ATR: 1.77
  📊 Filled: 0 | Pending: 0
  💰 Daily P&L: $+0.00

[2026-08-04 11:54] O:7755.25 H:7755.75 L:7754.25 C:7754.25 V:1960.0
  📈 Trend: strong_bullish | 🌍 Regime: trending_bullish
  🗺️  Grid: 0.080% | 🔺 7755.25 🔻 7753.00
  📡 RSI: 75.9 | MACD: 2.79 | ATR: 1.79
  📊 Filled: 0 | Pending: 0
  💰 Daily P&L: $+0.00

[2026-08-04 11:55] O:7754.25 H:7755.25 L:7753.50 C:7753.50 V:1822.0
  📈 Trend: strong_bullish | 🌍 Regime: trending_bullish
  🗺️  Grid: 0.080% | 🔺 7755.75 🔻 7754.25
  📡 RSI: 73.2 | MACD: 2.63 | ATR: 1.84
  📊 Filled: 0 | Pending: 0
  💰 Daily P&L: $+0.00

[2026-08-04 11:56] O:7753.50 H:7754.00 L:7753.00 C:7754.00 V:1901.0
  📈 Trend: strong_bullish | 🌍 Regime: trending_bullish
  🗺️  Grid: 0.080% | 🔺 7755.25 🔻 7753.50
  📡 RSI: 71.7 | MACD: 2.51 | ATR: 1.79
  📊 Filled: 0 | Pending: 0
  💰 Daily P&L: $+0.00

[2026-08-04 11:57] O:7754.00 H:7755.00 L:7753.50 C:7754.75 V:1636.0
  📈 Trend: strong_bullish | 🌍 Regime: trending_bullish
  🗺️  Grid: 0.080% | 🔺 7754.00 🔻 7753.00
  📡 RSI: 71.2 | MACD: 2.46 | ATR: 1.79
  📊 Filled: 0 | Pending: 0
  💰 Daily P&L: $+0.00

[2026-08-04 11:58] O:7754.75 H:7755.25 L:7753.50 C:7753.75 V:1576.0
  📈 Trend: strong_bullish | 🌍 Regime: trending_bullish
  🗺️  Grid: 0.080% | 🔺 7755.00 🔻 7753.50
  📡 RSI: 56.8 | MACD: 2.30 | ATR: 1.66
  📊 Filled: 0 | Pending: 0
  💰 Daily P&L: $+0.00

[2026-08-04 11:59] O:7753.75 H:7755.25 L:7753.25 C:7755.25 V:1648.0
  📈 Trend: strong_bullish | 🌍 Regime: trending_bullish
  🗺️  Grid: 0.080% | 🔺 7755.25 🔻 7753.50
  📡 RSI: 56.8 | MACD: 2.28 | ATR: 1.66
  📊 Filled: 0 | Pending: 0
  💰 Daily P&L: $+0.00

[2026-08-04 12:00] O:7755.25 H:7758.25 L:7754.25 C:7758.25 V:4012.0
  📈 Trend: strong_bullish | 🌍 Regime: trending_bullish
  🗺️  Grid: 0.080% | 🔺 7755.25 🔻 7753.25
  📡 RSI: 69.8 | MACD: 2.47 | ATR: 1.84
  📊 Filled: 0 | Pending: 0
  💰 Daily P&L: $+0.00

[2026-08-04 12:01] O:7758.25 H:7761.00 L:7758.25 C:7760.50 V:4869.0
  📈 Trend: strong_bullish | 🌍 Regime: trending_bullish
  🗺️  Grid: 0.080% | 🔺 7758.25 🔻 7754.25
  📡 RSI: 72.9 | MACD: 2.77 | ATR: 1.91
  📊 Filled: 0 | Pending: 0
  💰 Daily P&L: $+0.00

[2026-08-04 12:02] O:7760.50 H:7761.00 L:7759.50 C:7759.75 V:3464.0
  📈 Trend: strong_bullish | 🌍 Regime: trending_bullish
  🗺️  Grid: 0.080% | 🔺 7761.00 🔻 7758.25
  📡 RSI: 74.1 | MACD: 2.92 | ATR: 1.91
  📊 Filled: 0 | Pending: 0
  💰 Daily P&L: $+0.00

[2026-08-04 12:03] O:7759.75 H:7762.00 L:7759.75 C:7761.75 V:2611.0
  📈 Trend: strong_bullish | 🌍 Regime: trending_bullish
  🗺️  Grid: 0.080% | 🔺 7761.00 🔻 7759.50
  📡 RSI: 75.0 | MACD: 3.16 | ATR: 1.91
  📊 Filled: 0 | Pending: 0
  💰 Daily P&L: $+0.00

[2026-08-04 12:04] O:7761.75 H:7763.25 L:7761.50 C:7763.00 V:3510.0
  📈 Trend: strong_bullish | 🌍 Regime: trending_bullish
  🗺️  Grid: 0.080% | 🔺 7762.00 🔻 7759.75
  📡 RSI: 78.1 | MACD: 3.41 | ATR: 1.95
  📊 Filled: 0 | Pending: 0
  💰 Daily P&L: $+0.00

[2026-08-04 12:05] O:7763.00 H:7765.75 L:7761.50 C:7761.50 V:5197.0
  📈 Trend: strong_bullish | 🌍 Regime: trending_bullish
  🗺️  Grid: 0.080% | 🔺 7763.25 🔻 7761.50
  📡 RSI: 71.4 | MACD: 3.45 | ATR: 2.14
  📊 Filled: 0 | Pending: 0
  💰 Daily P&L: $+0.00

[2026-08-04 12:06] O:7761.50 H:7761.75 L:7759.75 C:7760.75 V:4731.0
  📈 Trend: strong_bullish | 🌍 Regime: trending_bullish
  🗺️  Grid: 0.080% | 🔺 7765.75 🔻 7761.50
  📡 RSI: 69.4 | MACD: 3.38 | ATR: 2.16
  📊 Filled: 0 | Pending: 0
  💰 Daily P&L: $+0.00

[2026-08-04 12:07] O:7761.00 H:7764.25 L:7761.00 C:7764.25 V:2033.0
  📈 Trend: strong_bullish | 🌍 Regime: trending_bullish
  🗺️  Grid: 0.080% | 🔺 7761.75 🔻 7759.75
  📡 RSI: 72.8 | MACD: 3.57 | ATR: 2.25
  📊 Filled: 0 | Pending: 0
  💰 Daily P&L: $+0.00

[2026-08-04 12:08] O:7764.25 H:7764.75 L:7763.25 C:7764.25 V:1830.0
  📈 Trend: strong_bullish | 🌍 Regime: trending_bullish
  🗺️  Grid: 0.080% | 🔺 7764.25 🔻 7761.00
  📡 RSI: 75.6 | MACD: 3.67 | ATR: 2.25
  📊 Filled: 0 | Pending: 0
  💰 Daily P&L: $+0.00

[2026-08-04 12:09] O:7764.50 H:7764.75 L:7762.25 C:7763.00 V:1479.0
  📈 Trend: strong_bullish | 🌍 Regime: trending_bullish
  🗺️  Grid: 0.080% | 🔺 7764.75 🔻 7763.25
  📡 RSI: 73.8 | MACD: 3.61 | ATR: 2.30
  📊 Filled: 0 | Pending: 0
  💰 Daily P&L: $+0.00

[2026-08-04 12:10] O:7763.00 H:7764.00 L:7762.50 C:7762.75 V:1841.0
  📈 Trend: strong_bullish | 🌍 Regime: trending_bullish
  🗺️  Grid: 0.080% | 🔺 7764.75 🔻 7762.25
  📡 RSI: 72.2 | MACD: 3.51 | ATR: 2.34
  📊 Filled: 0 | Pending: 0
  💰 Daily P&L: $+0.00

[2026-08-04 12:11] O:7762.50 H:7764.50 L:7761.75 C:7763.75 V:1887.0
  📈 Trend: strong_bullish | 🌍 Regime: trending_bullish
  🗺️  Grid: 0.080% | 🔺 7764.00 🔻 7762.50
  📡 RSI: 72.5 | MACD: 3.46 | ATR: 2.43
  📊 Filled: 0 | Pending: 0
  💰 Daily P&L: $+0.00

[2026-08-04 12:12] O:7763.75 H:7764.75 L:7763.50 C:7764.75 V:1264.0
  📈 Trend: strong_bullish | 🌍 Regime: trending_bullish
  🗺️  Grid: 0.080% | 🔺 7764.50 🔻 7761.75
  📡 RSI: 77.5 | MACD: 3.47 | ATR: 2.39
  📊 Filled: 0 | Pending: 0
  💰 Daily P&L: $+0.00

[2026-08-04 12:13] O:7764.75 H:7764.75 L:7762.00 C:7763.75 V:3233.0
  📈 Trend: strong_bullish | 🌍 Regime: trending_bullish
  🗺️  Grid: 0.080% | 🔺 7764.75 🔻 7763.50
  📡 RSI: 71.8 | MACD: 3.35 | ATR: 2.45
  📊 Filled: 0 | Pending: 0
  💰 Daily P&L: $+0.00

[2026-08-04 12:14] O:7763.50 H:7765.00 L:7763.25 C:7764.75 V:1131.0
  📈 Trend: strong_bullish | 🌍 Regime: trending_bullish
  🗺️  Grid: 0.080% | 🔺 7764.75 🔻 7762.00
  📡 RSI: 68.6 | MACD: 3.30 | ATR: 2.29
  📊 Filled: 0 | Pending: 0
  💰 Daily P&L: $+0.00

[2026-08-04 12:15] O:7765.00 H:7766.75 L:7765.00 C:7766.75 V:3185.0
  📈 Trend: strong_bullish | 🌍 Regime: trending_bullish
  🗺️  Grid: 0.080% | 🔺 7765.00 🔻 7763.25
  📡 RSI: 68.1 | MACD: 3.39 | ATR: 2.23
  📊 Filled: 0 | Pending: 0
  💰 Daily P&L: $+0.00

[2026-08-04 12:16] O:7766.75 H:7766.75 L:7765.00 C:7765.50 V:2537.0
  📈 Trend: strong_bullish | 🌍 Regime: trending_bullish
  🗺️  Grid: 0.080% | 🔺 7766.75 🔻 7765.00
  📡 RSI: 66.2 | MACD: 3.32 | ATR: 2.25
  📊 Filled: 0 | Pending: 0
  💰 Daily P&L: $+0.00

[2026-08-04 12:17] O:7765.75 H:7769.00 L:7765.25 C:7767.50 V:3163.0
  📈 Trend: strong_bullish | 🌍 Regime: trending_bullish
  🗺️  Grid: 0.080% | 🔺 7766.75 🔻 7765.00
  📡 RSI: 66.2 | MACD: 3.38 | ATR: 2.36
  📊 Filled: 0 | Pending: 0
  💰 Daily P&L: $+0.00

[2026-08-04 12:18] O:7767.50 H:7768.00 L:7765.50 C:7766.00 V:2078.0
  📈 Trend: strong_bullish | 🌍 Regime: trending_bullish
  🗺️  Grid: 0.080% | 🔺 7769.00 🔻 7765.25
  📡 RSI: 58.3 | MACD: 3.27 | ATR: 2.41
  📊 Filled: 0 | Pending: 0
  💰 Daily P&L: $+0.00

[2026-08-04 12:19] O:7766.00 H:7767.00 L:7765.75 C:7766.25 V:1843.0
  📈 Trend: strong_bullish | 🌍 Regime: trending_bullish
  🗺️  Grid: 0.080% | 🔺 7768.00 🔻 7765.50
  📡 RSI: 64.2 | MACD: 3.17 | ATR: 2.20
  📊 Filled: 0 | Pending: 0
  💰 Daily P&L: $+0.00

[2026-08-04 12:20] O:7766.25 H:7766.75 L:7763.50 C:7763.75 V:2586.0
  📈 Trend: strong_bullish | 🌍 Regime: trending_bullish
  🗺️  Grid: 0.080% | 🔺 7767.00 🔻 7765.75
  📡 RSI: 58.1 | MACD: 2.86 | ATR: 2.29
  📊 Filled: 0 | Pending: 0
  💰 Daily P&L: $+0.00

[2026-08-04 12:21] O:7763.75 H:7764.50 L:7763.00 C:7764.00 V:2398.0
  📈 Trend: strong_bullish | 🌍 Regime: trending_bullish
  🗺️  Grid: 0.080% | 🔺 7766.75 🔻 7763.50
  📡 RSI: 49.2 | MACD: 2.60 | ATR: 2.14
  📊 Filled: 0 | Pending: 0
  💰 Daily P&L: $+0.00

[2026-08-04 12:22] O:7764.00 H:7764.00 L:7762.00 C:7762.75 V:2120.0
  📈 Trend: strong_bullish | 🌍 Regime: trending_bullish
  🗺️  Grid: 0.080% | 🔺 7764.50 🔻 7763.00
  📡 RSI: 45.5 | MACD: 2.27 | ATR: 2.18
  📊 Filled: 0 | Pending: 0
  💰 Daily P&L: $+0.00

[2026-08-04 12:23] O:7762.75 H:7765.00 L:7762.00 C:7764.50 V:2202.0
  📈 Trend: strong_bullish | 🌍 Regime: trending_bullish
  🗺️  Grid: 0.080% | 🔺 7764.00 🔻 7762.00
  📡 RSI: 54.4 | MACD: 2.12 | ATR: 2.21
  📊 Filled: 0 | Pending: 0
  💰 Daily P&L: $+0.00

[2026-08-04 12:24] O:7764.50 H:7765.25 L:7763.75 C:7764.75 V:1923.0
  📈 Trend: strong_bullish | 🌍 Regime: trending_bullish
  🗺️  Grid: 0.080% | 🔺 7765.00 🔻 7762.00
  📡 RSI: 55.9 | MACD: 2.00 | ATR: 2.21
  📊 Filled: 0 | Pending: 0
  💰 Daily P&L: $+0.00

[2026-08-04 12:25] O:7764.75 H:7765.25 L:7764.00 C:7765.25 V:1231.0
  📈 Trend: strong_bullish | 🌍 Regime: trending_bullish
  🗺️  Grid: 0.080% | 🔺 7765.25 🔻 7763.75
  📡 RSI: 54.5 | MACD: 1.92 | ATR: 2.11
  📊 Filled: 0 | Pending: 0
  💰 Daily P&L: $+0.00

[2026-08-04 12:26] O:7765.50 H:7767.25 L:7765.00 C:7765.50 V:2555.0
  📈 Trend: strong_bullish | 🌍 Regime: trending_bullish
  🗺️  Grid: 0.080% | 🔺 7765.25 🔻 7764.00
  📡 RSI: 52.4 | MACD: 1.86 | ATR: 2.18
  📊 Filled: 0 | Pending: 0
  💰 Daily P&L: $+0.00

[2026-08-04 12:27] O:7765.75 H:7766.75 L:7764.75 C:7766.75 V:1341.0
  📈 Trend: strong_bullish | 🌍 Regime: trending_bullish
  🗺️  Grid: 0.080% | 🔺 7767.25 🔻 7765.00
  📡 RSI: 59.4 | MACD: 1.89 | ATR: 2.12
  📊 Filled: 0 | Pending: 0
  💰 Daily P&L: $+0.00

[2026-08-04 12:28] O:7766.75 H:7767.50 L:7765.25 C:7765.25 V:1589.0
  📈 Trend: strong_bullish | 🌍 Regime: trending_bullish
  🗺️  Grid: 0.080% | 🔺 7766.75 🔻 7764.75
  📡 RSI: 51.5 | MACD: 1.77 | ATR: 2.16
  📊 Filled: 0 | Pending: 0
  💰 Daily P&L: $+0.00

[2026-08-04 12:29] O:7765.25 H:7765.50 L:7764.25 C:7765.50 V:1800.0
  📈 Trend: strong_bullish | 🌍 Regime: trending_bullish
  🗺️  Grid: 0.080% | 🔺 7767.50 🔻 7765.25
  📡 RSI: 45.8 | MACD: 1.68 | ATR: 2.11
  📊 Filled: 0 | Pending: 0
  💰 Daily P&L: $+0.00

[2026-08-04 12:30] O:7765.50 H:7765.50 L:7762.00 C:7763.75 V:2720.0
  📈 Trend: strong_bullish (raw: moderate_bullish) | 🌍 Regime: trending_bullish
  🗺️  Grid: 0.080% | 🔺 7765.50 🔻 7764.25
  📡 RSI: 44.3 | MACD: 1.45 | ATR: 2.23
  📊 Filled: 0 | Pending: 0
  💰 Daily P&L: $+0.00

[2026-08-04 12:31] O:7763.75 H:7764.00 L:7762.00 C:7763.75 V:1768.0
  📈 Trend: moderate_bullish | 🌍 Regime: trending_bullish
  🗺️  Grid: 0.080% | 🔺 7765.50 🔻 7762.00
  📡 RSI: 35.8 | MACD: 1.25 | ATR: 2.11
  📊 Filled: 0 | Pending: 0
  💰 Daily P&L: $+0.00

[2026-08-04 12:32] O:7763.75 H:7766.50 L:7763.50 C:7766.25 V:1565.0
  📈 Trend: moderate_bullish (raw: strong_bullish) | 🌍 Regime: trending_bullish
  🗺️  Grid: 0.080% | 🔺 7764.00 🔻 7762.00
  📡 RSI: 50.9 | MACD: 1.28 | ATR: 2.14
  📊 Filled: 0 | Pending: 0
  💰 Daily P&L: $+0.00

[2026-08-04 12:33] O:7766.25 H:7766.50 L:7764.50 C:7765.00 V:1705.0
  📈 Trend: strong_bullish | 🌍 Regime: trending_bullish
  🗺️  Grid: 0.080% | 🔺 7766.50 🔻 7763.50
  📡 RSI: 45.9 | MACD: 1.19 | ATR: 2.20
  📊 Filled: 0 | Pending: 0
  💰 Daily P&L: $+0.00

[2026-08-04 12:34] O:7765.00 H:7766.25 L:7764.00 C:7766.00 V:1220.0
  📈 Trend: strong_bullish (raw: moderate_bullish) | 🌍 Regime: trending_bullish
  🗺️  Grid: 0.080% | 🔺 7766.50 🔻 7764.50
  📡 RSI: 58.2 | MACD: 1.19 | ATR: 2.12
  📊 Filled: 0 | Pending: 0
  💰 Daily P&L: $+0.00

[2026-08-04 12:35] O:7766.00 H:7767.25 L:7765.75 C:7767.25 V:1635.0
  📈 Trend: strong_bullish | 🌍 Regime: ranging
  🗺️  Grid: 0.080% | 🔺 7766.25 🔻 7764.00
  📡 RSI: 61.0 | MACD: 1.27 | ATR: 2.12
  📊 Filled: 0 | Pending: 0
  🔲 Regime: RANGING | Range pos: 98% | RSI: 61.0
  💰 Daily P&L: $+0.00

[2026-08-04 12:36] O:7767.25 H:7769.50 L:7766.75 C:7769.50 V:1767.0
  📈 Trend: strong_bullish | 🌍 Regime: ranging
  🗺️  Grid: 0.080% | 🔺 7767.25 🔻 7765.75
  📡 RSI: 71.4 | MACD: 1.50 | ATR: 2.18
  📊 Filled: 0 | Pending: 0
  🔲 Regime: RANGING | Range pos: 100% | RSI: 71.4
  🚫 Raw trend blocks RANGING SHORT | raw: strong_bullish
  💰 Daily P&L: $+0.00

[2026-08-04 12:37] O:7769.50 H:7770.50 L:7769.00 C:7769.50 V:2306.0
  📈 Trend: strong_bullish | 🌍 Regime: ranging
  🗺️  Grid: 0.080% | 🔺 7769.50 🔻 7766.75
  📡 RSI: 67.9 | MACD: 1.66 | ATR: 2.07
  📊 Filled: 0 | Pending: 0
  🔲 Regime: RANGING | Range pos: 99% | RSI: 67.9
  💰 Daily P&L: $+0.00

[2026-08-04 12:38] O:7769.50 H:7771.00 L:7769.25 C:7770.25 V:2162.0
  📈 Trend: strong_bullish | 🌍 Regime: ranging
  🗺️  Grid: 0.080% | 🔺 7770.50 🔻 7769.00
  📡 RSI: 69.0 | MACD: 1.83 | ATR: 2.09
  📊 Filled: 0 | Pending: 0
  🔲 Regime: RANGING | Range pos: 99% | RSI: 69.0
  💰 Daily P&L: $+0.00

[2026-08-04 12:39] O:7770.25 H:7771.75 L:7769.75 C:7771.25 V:1820.0
  📈 Trend: strong_bullish | 🌍 Regime: ranging
  🗺️  Grid: 0.080% | 🔺 7771.00 🔻 7769.25
  📡 RSI: 70.0 | MACD: 2.02 | ATR: 2.14
  📊 Filled: 0 | Pending: 0
  🔲 Regime: RANGING | Range pos: 100% | RSI: 70.0
  💰 Daily P&L: $+0.00

[2026-08-04 12:40] O:7771.00 H:7773.75 L:7771.00 C:7773.25 V:2129.0
  📈 Trend: strong_bullish | 🌍 Regime: ranging
  🗺️  Grid: 0.080% | 🔺 7771.75 🔻 7769.75
  📡 RSI: 73.1 | MACD: 2.31 | ATR: 2.18
  📊 Filled: 0 | Pending: 0
  🔲 Regime: RANGING | Range pos: 100% | RSI: 73.1
  🚫 Raw trend blocks RANGING SHORT | raw: strong_bullish
  💰 Daily P&L: $+0.00

[2026-08-04 12:41] O:7773.50 H:7774.25 L:7772.75 C:7773.75 V:2813.0
  📈 Trend: strong_bullish | 🌍 Regime: ranging
  🗺️  Grid: 0.080% | 🔺 7773.75 🔻 7771.00
  📡 RSI: 71.9 | MACD: 2.55 | ATR: 2.14
  📊 Filled: 0 | Pending: 0
  🔲 Regime: RANGING | Range pos: 100% | RSI: 71.9
  🚫 Raw trend blocks RANGING SHORT | raw: strong_bullish
  💰 Daily P&L: $+0.00

[2026-08-04 12:42] O:7773.75 H:7774.75 L:7773.50 C:7774.50 V:2107.0
  📈 Trend: strong_bullish | 🌍 Regime: ranging
  🗺️  Grid: 0.080% | 🔺 7774.25 🔻 7772.75
  📡 RSI: 80.3 | MACD: 2.76 | ATR: 2.07
  📊 Filled: 0 | Pending: 0
  🔲 Regime: RANGING | Range pos: 100% | RSI: 80.3
  🚫 Raw trend blocks RANGING SHORT | raw: strong_bullish
  💰 Daily P&L: $+0.00

[2026-08-04 12:43] O:7774.50 H:7774.50 L:7773.00 C:7773.75 V:1980.0
  📈 Trend: strong_bullish | 🌍 Regime: ranging
  🗺️  Grid: 0.080% | 🔺 7774.75 🔻 7773.50
  📡 RSI: 76.2 | MACD: 2.84 | ATR: 2.09
  📊 Filled: 0 | Pending: 0
  🔲 Regime: RANGING | Range pos: 99% | RSI: 76.2
  🚫 Raw trend blocks RANGING SHORT | raw: strong_bullish
  💰 Daily P&L: $+0.00

[2026-08-04 12:44] O:7773.75 H:7776.00 L:7773.75 C:7775.75 V:1926.0
  📈 Trend: strong_bullish | 🌍 Regime: ranging
  🗺️  Grid: 0.080% | 🔺 7774.50 🔻 7773.00
  📡 RSI: 87.5 | MACD: 3.03 | ATR: 2.00
  📊 Filled: 0 | Pending: 0
  🔲 Regime: RANGING | Range pos: 100% | RSI: 87.5
  🚫 Raw trend blocks RANGING SHORT | raw: strong_bullish
  💰 Daily P&L: $+0.00

[2026-08-04 12:45] O:7776.00 H:7777.50 L:7776.00 C:7777.25 V:2662.0
  📈 Trend: strong_bullish | 🌍 Regime: ranging
  🗺️  Grid: 0.080% | 🔺 7776.00 🔻 7773.75
  📡 RSI: 88.6 | MACD: 3.26 | ATR: 1.98
  📊 Filled: 0 | Pending: 0
  🔲 Regime: RANGING | Range pos: 100% | RSI: 88.6
  🚫 Raw trend blocks RANGING SHORT | raw: strong_bullish
  💰 Daily P&L: $+0.00

[2026-08-04 12:46] O:7777.25 H:7778.75 L:7776.25 C:7778.25 V:2506.0
  📈 Trend: strong_bullish | 🌍 Regime: ranging
  🗺️  Grid: 0.080% | 🔺 7777.50 🔻 7776.00
  📡 RSI: 87.5 | MACD: 3.49 | ATR: 1.95
  📊 Filled: 0 | Pending: 0
  🔲 Regime: RANGING | Range pos: 100% | RSI: 87.5
  🚫 Raw trend blocks RANGING SHORT | raw: strong_bullish
  💰 Daily P&L: $+0.00

[2026-08-04 12:47] O:7778.25 H:7780.25 L:7778.00 C:7779.75 V:3297.0
  📈 Trend: strong_bullish | 🌍 Regime: ranging
  🗺️  Grid: 0.080% | 🔺 7778.75 🔻 7776.25
  📡 RSI: 95.4 | MACD: 3.74 | ATR: 1.96
  📊 Filled: 0 | Pending: 0
  🔲 Regime: RANGING | Range pos: 100% | RSI: 95.4
  🚫 Raw trend blocks RANGING SHORT | raw: strong_bullish
  💰 Daily P&L: $+0.00

[2026-08-04 12:48] O:7779.75 H:7783.25 L:7779.50 C:7783.00 V:3734.0
  📈 Trend: strong_bullish | 🌍 Regime: ranging
  🗺️  Grid: 0.080% | 🔺 7780.25 🔻 7778.00
  📡 RSI: 95.9 | MACD: 4.16 | ATR: 2.07
  📊 Filled: 0 | Pending: 0
  🔲 Regime: RANGING | Range pos: 100% | RSI: 95.9
  🚫 Raw trend blocks RANGING SHORT | raw: strong_bullish
  💰 Daily P&L: $+0.00

[2026-08-04 12:49] O:7783.00 H:7783.75 L:7779.25 C:7779.75 V:4175.0
  📈 Trend: strong_bullish | 🌍 Regime: trending_bullish
  🗺️  Grid: 0.080% | 🔺 7783.25 🔻 7779.50
  📡 RSI: 80.5 | MACD: 4.18 | ATR: 2.29
  📊 Filled: 0 | Pending: 0
  💰 Daily P&L: $+0.00

[2026-08-04 12:50] O:7779.75 H:7780.00 L:7772.75 C:7773.25 V:6147.0
  📈 Trend: strong_bullish | 🌍 Regime: trending_bullish
  🗺️  Grid: 0.080% | 🔺 7783.75 🔻 7779.25
  📡 RSI: 57.6 | MACD: 3.63 | ATR: 2.61
  📊 Filled: 0 | Pending: 0
  💰 Daily P&L: $+0.00

[2026-08-04 12:51] O:7773.00 H:7773.50 L:7769.00 C:7769.75 V:5219.0
  📈 Trend: strong_bullish | 🌍 Regime: trending_bullish
  🗺️  Grid: 0.080% | 🔺 7780.00 🔻 7772.75
  📡 RSI: 50.4 | MACD: 2.88 | ATR: 2.82
  📊 Filled: 0 | Pending: 0
  💰 Daily P&L: $+0.00

[2026-08-04 12:52] O:7769.75 H:7772.00 L:7768.50 C:7771.75 V:3908.0
  📈 Trend: strong_bullish | 🌍 Regime: trending_bullish
  🗺️  Grid: 0.080% | 🔺 7773.50 🔻 7769.00
  📡 RSI: 52.5 | MACD: 2.42 | ATR: 2.95
  📊 Filled: 0 | Pending: 0
  💰 Daily P&L: $+0.00

[2026-08-04 12:53] O:7771.75 H:7774.25 L:7771.25 C:7773.75 V:2295.0
  📈 Trend: strong_bullish | 🌍 Regime: trending_bullish
  🗺️  Grid: 0.080% | 🔺 7772.00 🔻 7768.50
  📡 RSI: 54.1 | MACD: 2.19 | ATR: 3.02
  📊 Filled: 0 | Pending: 0
  💰 Daily P&L: $+0.00

[2026-08-04 12:54] O:7773.50 H:7774.00 L:7771.00 C:7771.00 V:1928.0
  📈 Trend: strong_bullish | 🌍 Regime: trending_bullish
  🗺️  Grid: 0.080% | 🔺 7774.25 🔻 7771.25
  📡 RSI: 46.4 | MACD: 1.76 | ATR: 3.04
  📊 Filled: 0 | Pending: 0
  💰 Daily P&L: $+0.00

[2026-08-04 12:55] O:7771.25 H:7773.00 L:7769.50 C:7772.50 V:2976.0
  📈 Trend: strong_bullish | 🌍 Regime: trending_bullish
  🗺️  Grid: 0.080% | 🔺 7774.00 🔻 7771.00
  📡 RSI: 48.1 | MACD: 1.53 | ATR: 3.18
  📊 Filled: 0 | Pending: 0
  💰 Daily P&L: $+0.00

[2026-08-04 12:56] O:7772.50 H:7774.00 L:7771.25 C:7772.25 V:2286.0
  📈 Trend: strong_bullish | 🌍 Regime: trending_bullish
  🗺️  Grid: 0.080% | 🔺 7773.00 🔻 7769.50
  📡 RSI: 46.5 | MACD: 1.31 | ATR: 3.29
  📊 Filled: 0 | Pending: 0
  💰 Daily P&L: $+0.00

[2026-08-04 12:57] O:7772.50 H:7772.75 L:7771.00 C:7772.50 V:1651.0
  📈 Trend: strong_bullish | 🌍 Regime: trending_bullish
  🗺️  Grid: 0.080% | 🔺 7774.00 🔻 7771.25
  📡 RSI: 48.0 | MACD: 1.14 | ATR: 3.30
  📊 Filled: 0 | Pending: 0
  💰 Daily P&L: $+0.00

[2026-08-04 12:58] O:7772.75 H:7773.50 L:7771.75 C:7772.00 V:1466.0
  📈 Trend: strong_bullish | 🌍 Regime: trending_bullish
  🗺️  Grid: 0.080% | 🔺 7772.75 🔻 7771.00
  📡 RSI: 43.7 | MACD: 0.96 | ATR: 3.27
  📊 Filled: 0 | Pending: 0
  💰 Daily P&L: $+0.00

[2026-08-04 12:59] O:7772.00 H:7772.25 L:7768.00 C:7768.25 V:2707.0
  📈 Trend: strong_bullish (raw: moderate_bullish) | 🌍 Regime: trending_bullish
  🗺️  Grid: 0.080% | 🔺 7773.50 🔻 7771.75
  📡 RSI: 35.9 | MACD: 0.50 | ATR: 3.45
  📊 Filled: 0 | Pending: 0
  💰 Daily P&L: $+0.00

[2026-08-04 13:00] O:7768.25 H:7769.75 L:7763.50 C:7765.00 V:6937.0
  📈 Trend: moderate_bullish | 🌍 Regime: trending_bullish
  🗺️  Grid: 0.080% | 🔺 7772.25 🔻 7768.00
  📡 RSI: 30.7 | MACD: -0.12 | ATR: 3.71
  📊 Filled: 0 | Pending: 0
  💰 Daily P&L: $+0.00

[2026-08-04 13:01] O:7765.25 H:7769.75 L:7764.75 C:7769.50 V:4911.0
  📈 Trend: moderate_bullish | 🌍 Regime: trending_bullish
  🗺️  Grid: 0.080% | 🔺 7769.75 🔻 7763.50
  📡 RSI: 36.2 | MACD: -0.24 | ATR: 3.91
  📊 Filled: 0 | Pending: 0
  💰 Daily P&L: $+0.00

[2026-08-04 13:02] O:7769.75 H:7772.50 L:7768.75 C:7770.50 V:4005.0
  📈 Trend: moderate_bullish | 🌍 Regime: trending_bullish
  🗺️  Grid: 0.080% | 🔺 7769.75 🔻 7764.75
  📡 RSI: 32.1 | MACD: -0.26 | ATR: 3.91
  📊 Filled: 0 | Pending: 0
  📤 Limit BUY 10 @ 7770.50 submitted (ID: 576)
  📋 Order 576 status: PreSubmitted
  ✅ Fill: BOT 1.0 @ 7770.0
  📋 Order 576 status: PreSubmitted
  📋 Order 576 status: Submitted
  ⬆️ LONG ORDER @ 7770.50 | Size: 1.00 | SL: 7762.75 | TP: 7782.25 [10cts]
     Reason: Grid Long (moderate_bullish, RSI: 32.1)
  🔬 SHADOW [long trending]: 🟥 ROBUST WOULD BLOCK (1 filter)
       MACD=BLOCK (-0.26 vs -0.24, Δ-0.02) | 5m=PASS (1m=moderate_bullish, 5m=sideways)
     ⏳ Order 576 PENDING - awaiting fill confirmation
  💰 Daily P&L: $+0.00
  ✅ Fill: BOT 9.0 @ 7770.5
  📋 Order 576 status: Filled
  📤 Stop-Limit SELL 10 @ stop:7762.50 / lmt:7758.50 submitted (ID: 577) [OCA:exit_576_1785866646]
  📋 Order 577 status: PreSubmitted
  📤 Limit SELL 10 @ 7782.25 submitted (ID: 578) [OCA:exit_576_1785866646]
  📋 Order 578 status: PreSubmitted
  ✅ FILL CONFIRMED: LONG @ 7770.50 (order 576)
     📊 Bracket placed: SL #577 @ 7762.50 | TP #578 @ 7782.25
     Trail activates @ +7.5 pts

[2026-08-04 13:03] O:7770.75 H:7770.75 L:7768.50 C:7769.75 V:4253.0
  📈 Trend: moderate_bullish | 🌍 Regime: trending_bullish
  🗺️  Grid: 0.080% | 🔺 7772.50 🔻 7768.75
  📡 RSI: 34.6 | MACD: -0.33 | ATR: 3.75
  📊 Filled: 1 | Pending: 0
  📍 LONG @ 7770.50 | SL: 7762.50 | TP: 7782.25 | P&L: $-375.00 | +7.5 to trail
  💰 Daily P&L: $+0.00
  📋 Order 578 status: Submitted

[2026-08-04 13:04] O:7769.75 H:7769.75 L:7765.00 C:7765.50 V:3727.0
  📈 Trend: moderate_bullish | 🌍 Regime: trending_bullish
  🗺️  Grid: 0.080% | 🔺 7770.75 🔻 7768.50
  📡 RSI: 37.2 | MACD: -0.72 | ATR: 3.57
  📊 Filled: 1 | Pending: 0
  📍 LONG @ 7770.50 | SL: 7762.50 | TP: 7782.25 | P&L: $-2,500.00 | +7.2 to trail
  💰 Daily P&L: $+0.00

[2026-08-04 13:05] O:7765.75 H:7771.00 L:7765.00 C:7770.75 V:3235.0
  📈 Trend: moderate_bullish | 🌍 Regime: trending_bullish
  🗺️  Grid: 0.080% | 🔺 7769.75 🔻 7765.00
  📡 RSI: 51.6 | MACD: -0.60 | ATR: 3.68
  📊 Filled: 1 | Pending: 0
  📍 LONG @ 7770.50 | SL: 7762.50 | TP: 7782.25 | P&L: $+125.00 | +7.2 to trail
  💰 Daily P&L: $+0.00

[2026-08-04 13:06] O:7771.00 H:7771.25 L:7766.50 C:7769.25 V:2532.0
  📈 Trend: moderate_bullish | 🌍 Regime: trending_bullish
  🗺️  Grid: 0.080% | 🔺 7771.00 🔻 7765.00
  📡 RSI: 46.0 | MACD: -0.61 | ATR: 3.77
  📊 Filled: 1 | Pending: 0
  📍 LONG @ 7770.50 | SL: 7762.50 | TP: 7782.25 | P&L: $-625.00 | +7.0 to trail
  💰 Daily P&L: $+0.00

[2026-08-04 13:07] O:7769.25 H:7772.25 L:7769.25 C:7770.00 V:1998.0
  📈 Trend: moderate_bullish | 🌍 Regime: trending_bullish
  🗺️  Grid: 0.080% | 🔺 7771.25 🔻 7766.50
  📡 RSI: 43.8 | MACD: -0.56 | ATR: 3.77
  📊 Filled: 1 | Pending: 0
  📍 LONG @ 7770.50 | SL: 7762.50 | TP: 7782.25 | P&L: $-250.00 | +6.8 to trail
  💰 Daily P&L: $+0.00

[2026-08-04 13:08] O:7770.00 H:7770.50 L:7768.50 C:7769.75 V:1526.0
  📈 Trend: moderate_bullish | 🌍 Regime: trending_bullish
  🗺️  Grid: 0.080% | 🔺 7772.25 🔻 7769.25
  📡 RSI: 47.7 | MACD: -0.53 | ATR: 3.70
  📊 Filled: 1 | Pending: 0
  📍 LONG @ 7770.50 | SL: 7762.50 | TP: 7782.25 | P&L: $-375.00 | +5.8 to trail
  💰 Daily P&L: $+0.00

[2026-08-04 13:09] O:7769.75 H:7772.00 L:7768.75 C:7770.75 V:1838.0
  📈 Trend: moderate_bullish | 🌍 Regime: trending_bullish
  🗺️  Grid: 0.080% | 🔺 7770.50 🔻 7768.50
  📡 RSI: 46.8 | MACD: -0.43 | ATR: 3.68
  📊 Filled: 1 | Pending: 0
  📍 LONG @ 7770.50 | SL: 7762.50 | TP: 7782.25 | P&L: $+125.00 | +5.8 to trail
  💰 Daily P&L: $+0.00

[2026-08-04 13:10] O:7770.50 H:7773.25 L:7770.25 C:7771.25 V:2332.0
  📈 Trend: moderate_bullish (raw: strong_bullish) | 🌍 Regime: trending_bullish
  🗺️  Grid: 0.080% | 🔺 7772.00 🔻 7768.75
  📡 RSI: 48.2 | MACD: -0.30 | ATR: 3.70
  📊 Filled: 1 | Pending: 0
  📍 LONG @ 7770.50 | SL: 7762.50 | TP: 7782.25 | P&L: $+375.00 | +5.8 to trail
  💰 Daily P&L: $+0.00

[2026-08-04 13:11] O:7771.50 H:7772.50 L:7769.75 C:7770.50 V:1626.0
  📈 Trend: moderate_bullish | 🌍 Regime: trending_bullish
  🗺️  Grid: 0.080% | 🔺 7773.25 🔻 7770.25
  📡 RSI: 46.4 | MACD: -0.25 | ATR: 3.77
  📊 Filled: 1 | Pending: 0
  📍 LONG @ 7770.50 | SL: 7762.50 | TP: 7782.25 | P&L: $+0.00 | +4.8 to trail
  💰 Daily P&L: $+0.00

[2026-08-04 13:12] O:7770.75 H:7771.50 L:7769.25 C:7770.75 V:1440.0
  📈 Trend: moderate_bullish (raw: moderate_bearish) | 🌍 Regime: trending_bearish
  🗺️  Grid: 0.080% | 🔺 7772.50 🔻 7769.75
  📡 RSI: 47.7 | MACD: -0.19 | ATR: 3.80
  📊 Filled: 1 | Pending: 0
  📍 LONG @ 7770.50 | SL: 7762.50 | TP: 7782.25 | P&L: $+125.00 | +4.8 to trail
  💰 Daily P&L: $+0.00

[2026-08-04 13:13] O:7770.50 H:7772.25 L:7769.50 C:7772.00 V:1666.0
  📈 Trend: moderate_bullish | 🌍 Regime: trending_bullish
  🗺️  Grid: 0.080% | 🔺 7771.50 🔻 7769.25
  📡 RSI: 57.4 | MACD: -0.05 | ATR: 3.70
  📊 Filled: 1 | Pending: 0
  📍 LONG @ 7770.50 | SL: 7762.50 | TP: 7782.25 | P&L: $+750.00 | +4.8 to trail
  💰 Daily P&L: $+0.00

[2026-08-04 13:14] O:7771.75 H:7774.75 L:7770.75 C:7774.25 V:2235.0
  📈 Trend: moderate_bullish (raw: strong_bullish) | 🌍 Regime: ranging
  🗺️  Grid: 0.080% | 🔺 7772.25 🔻 7769.50
  📡 RSI: 69.1 | MACD: 0.25 | ATR: 3.54
  📊 Filled: 1 | Pending: 0
  📍 LONG @ 7770.50 | SL: 7762.50 | TP: 7782.25 | P&L: $+1,875.00 | +4.8 to trail
  💰 Daily P&L: $+0.00

[2026-08-04 13:15] O:7774.25 H:7776.25 L:7774.25 C:7775.25 V:2799.0
  📈 Trend: strong_bullish | 🌍 Regime: ranging
  🗺️  Grid: 0.080% | 🔺 7774.75 🔻 7770.75
  📡 RSI: 63.9 | MACD: 0.56 | ATR: 3.32
  📊 Filled: 1 | Pending: 0
  📍 LONG @ 7770.50 | SL: 7762.50 | TP: 7782.25 | P&L: $+2,375.00 | +3.2 to trail
  💰 Daily P&L: $+0.00

[2026-08-04 13:16] O:7775.25 H:7775.25 L:7772.75 C:7773.75 V:1860.0
  📈 Trend: strong_bullish | 🌍 Regime: ranging
  🗺️  Grid: 0.080% | 🔺 7776.25 🔻 7774.25
  📡 RSI: 57.6 | MACD: 0.67 | ATR: 3.23
  📊 Filled: 1 | Pending: 0
  📍 LONG @ 7770.50 | SL: 7762.50 | TP: 7782.25 | P&L: $+1,625.00 | +1.8 to trail
  💰 Daily P&L: $+0.00

[2026-08-04 13:17] O:7773.50 H:7774.50 L:7772.25 C:7772.25 V:1273.0
  📈 Trend: strong_bullish | 🌍 Regime: ranging
  🗺️  Grid: 0.080% | 🔺 7775.25 🔻 7772.75
  📡 RSI: 55.7 | MACD: 0.64 | ATR: 3.23
  📊 Filled: 1 | Pending: 0
  📍 LONG @ 7770.50 | SL: 7762.50 | TP: 7782.25 | P&L: $+875.00 | +1.8 to trail
  💰 Daily P&L: $+0.00

[2026-08-04 13:18] O:7772.25 H:7774.50 L:7771.75 C:7774.00 V:1414.0
  📈 Trend: strong_bullish | 🌍 Regime: ranging
  🗺️  Grid: 0.080% | 🔺 7774.50 🔻 7772.25
  📡 RSI: 71.8 | MACD: 0.74 | ATR: 3.09
  📊 Filled: 1 | Pending: 0
  📍 LONG @ 7770.50 | SL: 7762.50 | TP: 7782.25 | P&L: $+1,750.00 | +1.8 to trail
  💰 Daily P&L: $+0.00

[2026-08-04 13:19] O:7774.00 H:7774.50 L:7772.50 C:7773.00 V:1038.0
  📈 Trend: strong_bullish | 🌍 Regime: ranging
  🗺️  Grid: 0.080% | 🔺 7774.50 🔻 7771.75
  📡 RSI: 57.4 | MACD: 0.73 | ATR: 2.80
  📊 Filled: 1 | Pending: 0
  📍 LONG @ 7770.50 | SL: 7762.50 | TP: 7782.25 | P&L: $+1,250.00 | +1.8 to trail
  💰 Daily P&L: $+0.00

[2026-08-04 13:20] O:7773.25 H:7775.50 L:7772.75 C:7775.50 V:2812.0
  📈 Trend: strong_bullish | 🌍 Regime: ranging
  🗺️  Grid: 0.080% | 🔺 7774.50 🔻 7772.50
  📡 RSI: 69.2 | MACD: 0.92 | ATR: 2.66
  📊 Filled: 1 | Pending: 0
  📍 LONG @ 7770.50 | SL: 7762.50 | TP: 7782.25 | P&L: $+2,500.00 | +1.8 to trail
  💰 Daily P&L: $+0.00

[2026-08-04 13:21] O:7775.50 H:7775.75 L:7772.75 C:7773.50 V:3000.0
  📈 Trend: strong_bullish | 🌍 Regime: ranging
  🗺️  Grid: 0.080% | 🔺 7775.50 🔻 7772.75
  📡 RSI: 60.0 | MACD: 0.89 | ATR: 2.66
  📊 Filled: 1 | Pending: 0
  📍 LONG @ 7770.50 | SL: 7762.50 | TP: 7782.25 | P&L: $+1,500.00 | +1.8 to trail
  💰 Daily P&L: $+0.00

[2026-08-04 13:22] O:7773.75 H:7777.00 L:7773.50 C:7775.00 V:2771.0
  📈 Trend: strong_bullish | 🌍 Regime: ranging
  🗺️  Grid: 0.080% | 🔺 7775.75 🔻 7772.75
  📡 RSI: 64.0 | MACD: 0.98 | ATR: 2.77
  📊 Filled: 1 | Pending: 0
  📍 LONG @ 7770.50 | SL: 7762.50 | TP: 7782.25 | P&L: $+2,250.00 | +1.8 to trail
  💰 Daily P&L: $+0.00

[2026-08-04 13:23] O:7775.00 H:7776.50 L:7774.75 C:7775.25 V:1170.0
  📈 Trend: strong_bullish | 🌍 Regime: ranging
  🗺️  Grid: 0.080% | 🔺 7777.00 🔻 7773.50
  📡 RSI: 62.5 | MACD: 1.06 | ATR: 2.66
  📊 Filled: 1 | Pending: 0
  📍 LONG @ 7770.50 | SL: 7762.50 | TP: 7782.25 | P&L: $+2,375.00 | +1.0 to trail
  💰 Daily P&L: $+0.00

[2026-08-04 13:24] O:7775.25 H:7775.50 L:7773.25 C:7773.75 V:1429.0
  📈 Trend: strong_bullish | 🌍 Regime: ranging
  🗺️  Grid: 0.080% | 🔺 7776.50 🔻 7774.75
  📡 RSI: 56.6 | MACD: 0.99 | ATR: 2.61
  📊 Filled: 1 | Pending: 0
  📍 LONG @ 7770.50 | SL: 7762.50 | TP: 7782.25 | P&L: $+1,625.00 | +1.0 to trail
  💰 Daily P&L: $+0.00

[2026-08-04 13:25] O:7773.50 H:7775.25 L:7773.50 C:7774.00 V:1006.0
  📈 Trend: strong_bullish | 🌍 Regime: ranging
  🗺️  Grid: 0.080% | 🔺 7775.50 🔻 7773.25
  📡 RSI: 59.5 | MACD: 0.95 | ATR: 2.54
  📊 Filled: 1 | Pending: 0
  📍 LONG @ 7770.50 | SL: 7762.50 | TP: 7782.25 | P&L: $+1,750.00 | +1.0 to trail
  💰 Daily P&L: $+0.00

[2026-08-04 13:26] O:7774.00 H:7774.75 L:7772.25 C:7773.50 V:1237.0
  📈 Trend: strong_bullish | 🌍 Regime: ranging
  🗺️  Grid: 0.080% | 🔺 7775.25 🔻 7773.50
  📡 RSI: 57.3 | MACD: 0.86 | ATR: 2.55
  📊 Filled: 1 | Pending: 0
  📍 LONG @ 7770.50 | SL: 7762.50 | TP: 7782.25 | P&L: $+1,500.00 | +1.0 to trail
  💰 Daily P&L: $+0.00

[2026-08-04 13:27] O:7773.25 H:7774.50 L:7772.25 C:7773.00 V:1393.0
  📈 Trend: strong_bullish | 🌍 Regime: ranging
  🗺️  Grid: 0.080% | 🔺 7774.75 🔻 7772.25
  📡 RSI: 52.8 | MACD: 0.74 | ATR: 2.52
  📊 Filled: 1 | Pending: 0
  📍 LONG @ 7770.50 | SL: 7762.50 | TP: 7782.25 | P&L: $+1,250.00 | +1.0 to trail
  💰 Daily P&L: $+0.00

[2026-08-04 13:28] O:7773.00 H:7774.75 L:7772.50 C:7774.50 V:1115.0
  📈 Trend: strong_bullish | 🌍 Regime: ranging
  🗺️  Grid: 0.080% | 🔺 7774.50 🔻 7772.25
  📡 RSI: 50.7 | MACD: 0.76 | ATR: 2.39
  📊 Filled: 1 | Pending: 0
  📍 LONG @ 7770.50 | SL: 7762.50 | TP: 7782.25 | P&L: $+2,000.00 | +1.0 to trail
  💰 Daily P&L: $+0.00

[2026-08-04 13:29] O:7774.50 H:7776.00 L:7774.25 C:7776.00 V:1556.0
  📈 Trend: strong_bullish | 🌍 Regime: ranging
  🗺️  Grid: 0.080% | 🔺 7774.75 🔻 7772.50
  📡 RSI: 52.1 | MACD: 0.89 | ATR: 2.38
  📊 Filled: 1 | Pending: 0
  📍 LONG @ 7770.50 | SL: 7762.50 | TP: 7782.25 | P&L: $+2,750.00 | +1.0 to trail
  💰 Daily P&L: $+0.00

[2026-08-04 13:30] O:7776.00 H:7776.75 L:7775.50 C:7776.75 V:1708.0
  📈 Trend: strong_bullish | 🌍 Regime: trending_bullish
  🗺️  Grid: 0.080% | 🔺 7776.00 🔻 7774.25
  📡 RSI: 58.8 | MACD: 1.04 | ATR: 2.29
  📊 Filled: 1 | Pending: 0
  📍 LONG @ 7770.50 | SL: 7762.50 | TP: 7782.25 | P&L: $+3,125.00 | +1.0 to trail
  💰 Daily P&L: $+0.00

[2026-08-04 13:31] O:7776.75 H:7777.25 L:7774.50 C:7774.75 V:1694.0
  📈 Trend: strong_bullish | 🌍 Regime: trending_bullish
  🗺️  Grid: 0.080% | 🔺 7776.75 🔻 7775.50
  📡 RSI: 57.1 | MACD: 0.98 | ATR: 2.32
  📊 Filled: 1 | Pending: 0
  📍 LONG @ 7770.50 | SL: 7762.50 | TP: 7782.25 | P&L: $+2,125.00 | +1.0 to trail
  💰 Daily P&L: $+0.00

[2026-08-04 13:32] O:7775.00 H:7776.75 L:7775.00 C:7776.00 V:982.0
  📈 Trend: strong_bullish | 🌍 Regime: trending_bullish
  🗺️  Grid: 0.080% | 🔺 7777.25 🔻 7774.50
  📡 RSI: 55.9 | MACD: 1.03 | ATR: 2.27
  📊 Filled: 1 | Pending: 0
  📍 LONG @ 7770.50 | SL: 7762.50 | TP: 7782.25 | P&L: $+2,750.00 | +0.8 to trail
  💰 Daily P&L: $+0.00

[2026-08-04 13:33] O:7776.00 H:7776.00 L:7773.75 C:7775.00 V:1297.0
  📈 Trend: strong_bullish | 🌍 Regime: trending_bullish
  🗺️  Grid: 0.080% | 🔺 7776.75 🔻 7775.00
  📡 RSI: 55.9 | MACD: 0.97 | ATR: 2.29
  📊 Filled: 1 | Pending: 0
  📍 LONG @ 7770.50 | SL: 7762.50 | TP: 7782.25 | P&L: $+2,250.00 | +0.8 to trail
  💰 Daily P&L: $+0.00

[2026-08-04 13:34] O:7774.75 H:7775.50 L:7773.00 C:7774.00 V:1792.0
  📈 Trend: strong_bullish (raw: moderate_bullish) | 🌍 Regime: trending_bullish
  🗺️  Grid: 0.080% | 🔺 7776.00 🔻 7773.75
  📡 RSI: 45.2 | MACD: 0.84 | ATR: 2.27
  📊 Filled: 1 | Pending: 0
  📍 LONG @ 7770.50 | SL: 7762.50 | TP: 7782.25 | P&L: $+1,750.00 | +0.8 to trail
  💰 Daily P&L: $+0.00

[2026-08-04 13:35] O:7773.75 H:7775.50 L:7773.25 C:7774.00 V:1741.0
  📈 Trend: strong_bullish | 🌍 Regime: trending_bullish
  🗺️  Grid: 0.080% | 🔺 7775.50 🔻 7773.00
  📡 RSI: 51.9 | MACD: 0.72 | ATR: 2.21
  📊 Filled: 1 | Pending: 0
  📍 LONG @ 7770.50 | SL: 7762.50 | TP: 7782.25 | P&L: $+1,750.00 | +0.8 to trail
  💰 Daily P&L: $+0.00

[2026-08-04 13:36] O:7774.00 H:7775.25 L:7773.75 C:7774.75 V:1207.0
  📈 Trend: strong_bullish | 🌍 Regime: trending_bullish
  🗺️  Grid: 0.080% | 🔺 7775.50 🔻 7773.25
  📡 RSI: 49.0 | MACD: 0.68 | ATR: 2.07
  📊 Filled: 1 | Pending: 0
  📍 LONG @ 7770.50 | SL: 7762.50 | TP: 7782.25 | P&L: $+2,125.00 | +0.8 to trail
  💰 Daily P&L: $+0.00

[2026-08-04 13:37] O:7774.75 H:7774.75 L:7770.50 C:7771.75 V:2745.0
  📈 Trend: strong_bullish (raw: moderate_bullish) | 🌍 Regime: trending_bullish
  🗺️  Grid: 0.080% | 🔺 7775.25 🔻 7773.75
  📡 RSI: 38.7 | MACD: 0.41 | ATR: 2.25
  📊 Filled: 1 | Pending: 0
  📍 LONG @ 7770.50 | SL: 7762.50 | TP: 7782.25 | P&L: $+625.00 | +0.8 to trail
  💰 Daily P&L: $+0.00

[2026-08-04 13:38] O:7771.75 H:7772.25 L:7770.00 C:7770.75 V:2505.0
  📈 Trend: moderate_bullish | 🌍 Regime: trending_bullish
  🗺️  Grid: 0.080% | 🔺 7774.75 🔻 7770.50
  📡 RSI: 40.0 | MACD: 0.10 | ATR: 2.25
  📊 Filled: 1 | Pending: 0
  📍 LONG @ 7770.50 | SL: 7762.50 | TP: 7782.25 | P&L: $+125.00 | +0.8 to trail
  💰 Daily P&L: $+0.00

[2026-08-04 13:39] O:7771.00 H:7771.25 L:7769.75 C:7771.00 V:2172.0
  📈 Trend: moderate_bullish | 🌍 Regime: trending_bullish
  🗺️  Grid: 0.080% | 🔺 7772.25 🔻 7770.00
  📡 RSI: 40.0 | MACD: -0.11 | ATR: 2.23
  📊 Filled: 1 | Pending: 0
  📍 LONG @ 7770.50 | SL: 7762.50 | TP: 7782.25 | P&L: $+250.00 | +0.8 to trail
  💰 Daily P&L: $+0.00

[2026-08-04 13:40] O:7770.75 H:7770.75 L:7767.50 C:7768.25 V:2933.0
  📈 Trend: moderate_bullish | 🌍 Regime: trending_bullish
  🗺️  Grid: 0.080% | 🔺 7771.25 🔻 7769.75
  📡 RSI: 34.8 | MACD: -0.50 | ATR: 2.30
  📊 Filled: 1 | Pending: 0
  📍 LONG @ 7770.50 | SL: 7762.50 | TP: 7782.25 | P&L: $-1,125.00 | +0.8 to trail
  💰 Daily P&L: $+0.00

[2026-08-04 13:41] O:7768.50 H:7771.00 L:7768.00 C:7770.25 V:2485.0
  📈 Trend: moderate_bullish | 🌍 Regime: trending_bullish
  🗺️  Grid: 0.080% | 🔺 7770.75 🔻 7767.50
  📡 RSI: 42.7 | MACD: -0.64 | ATR: 2.36
  📊 Filled: 1 | Pending: 0
  📍 LONG @ 7770.50 | SL: 7762.50 | TP: 7782.25 | P&L: $-125.00 | +0.8 to trail
  💰 Daily P&L: $+0.00

[2026-08-04 13:42] O:7770.50 H:7770.50 L:7767.00 C:7767.25 V:1927.0
  📈 Trend: moderate_bullish | 🌍 Regime: trending_bullish
  🗺️  Grid: 0.080% | 🔺 7771.00 🔻 7768.00
  📡 RSI: 32.1 | MACD: -0.98 | ATR: 2.45
  📊 Filled: 1 | Pending: 0
  📍 LONG @ 7770.50 | SL: 7762.50 | TP: 7782.25 | P&L: $-1,625.00 | +0.8 to trail
  💰 Daily P&L: $+0.00

[2026-08-04 13:43] O:7767.50 H:7768.25 L:7766.00 C:7768.00 V:2239.0
  📈 Trend: moderate_bullish | 🌍 Regime: trending_bullish
  🗺️  Grid: 0.080% | 🔺 7770.50 🔻 7767.00
  📡 RSI: 29.5 | MACD: -1.18 | ATR: 2.48
  📊 Filled: 1 | Pending: 0
  📍 LONG @ 7770.50 | SL: 7762.50 | TP: 7782.25 | P&L: $-1,250.00 | +0.8 to trail
  💰 Daily P&L: $+0.00

[2026-08-04 13:44] O:7768.00 H:7770.00 L:7767.75 C:7769.25 V:2080.0
  📈 Trend: moderate_bullish | 🌍 Regime: trending_bullish
  🗺️  Grid: 0.080% | 🔺 7768.25 🔻 7766.00
  📡 RSI: 31.2 | MACD: -1.22 | ATR: 2.55
  📊 Filled: 1 | Pending: 0
  📍 LONG @ 7770.50 | SL: 7762.50 | TP: 7782.25 | P&L: $-625.00 | +0.8 to trail
  💰 Daily P&L: $+0.00

[2026-08-04 13:45] O:7769.50 H:7772.50 L:7769.25 C:7771.00 V:2863.0
  📈 Trend: moderate_bullish | 🌍 Regime: trending_bullish
  🗺️  Grid: 0.080% | 🔺 7770.00 🔻 7767.75
  📡 RSI: 40.5 | MACD: -1.10 | ATR: 2.59
  📊 Filled: 1 | Pending: 0
  📍 LONG @ 7770.50 | SL: 7762.50 | TP: 7782.25 | P&L: $+250.00 | +0.8 to trail
  💰 Daily P&L: $+0.00

[2026-08-04 13:46] O:7771.00 H:7773.25 L:7771.00 C:7773.00 V:2323.0
  📈 Trend: moderate_bullish | 🌍 Regime: trending_bullish
  🗺️  Grid: 0.080% | 🔺 7772.50 🔻 7769.25
  📡 RSI: 42.7 | MACD: -0.83 | ATR: 2.61
  📊 Filled: 1 | Pending: 0
  📍 LONG @ 7770.50 | SL: 7762.50 | TP: 7782.25 | P&L: $+1,250.00 | +0.8 to trail
  💰 Daily P&L: $+0.00

[2026-08-04 13:47] O:7773.00 H:7773.50 L:7771.75 C:7773.25 V:1987.0
  📈 Trend: moderate_bullish | 🌍 Regime: trending_bullish
  🗺️  Grid: 0.080% | 🔺 7773.25 🔻 7771.00
  📡 RSI: 45.6 | MACD: -0.59 | ATR: 2.57
  📊 Filled: 1 | Pending: 0
  📍 LONG @ 7770.50 | SL: 7762.50 | TP: 7782.25 | P&L: $+1,375.00 | +0.8 to trail
  💰 Daily P&L: $+0.00

[2026-08-04 13:48] O:7773.50 H:7774.50 L:7772.75 C:7773.75 V:1842.0
  📈 Trend: moderate_bullish | 🌍 Regime: trending_bullish
  🗺️  Grid: 0.080% | 🔺 7773.50 🔻 7771.75
  📡 RSI: 49.4 | MACD: -0.36 | ATR: 2.52
  📊 Filled: 1 | Pending: 0
  📍 LONG @ 7770.50 | SL: 7762.50 | TP: 7782.25 | P&L: $+1,625.00 | +0.8 to trail
  💰 Daily P&L: $+0.00

[2026-08-04 13:49] O:7773.75 H:7775.00 L:7772.50 C:7772.75 V:2193.0
  📈 Trend: moderate_bullish | 🌍 Regime: trending_bullish
  🗺️  Grid: 0.080% | 🔺 7774.50 🔻 7772.75
  📡 RSI: 46.9 | MACD: -0.25 | ATR: 2.54
  📊 Filled: 1 | Pending: 0
  📍 LONG @ 7770.50 | SL: 7762.50 | TP: 7782.25 | P&L: $+1,125.00 | +0.8 to trail
  💰 Daily P&L: $+0.00

[2026-08-04 13:50] O:7772.75 H:7774.75 L:7772.50 C:7774.75 V:1401.0
  📈 Trend: moderate_bullish (raw: moderate_bearish) | 🌍 Regime: ranging
  🗺️  Grid: 0.080% | 🔺 7775.00 🔻 7772.50
  📡 RSI: 50.0 | MACD: -0.00 | ATR: 2.59
  📊 Filled: 1 | Pending: 0
  📍 LONG @ 7770.50 | SL: 7762.50 | TP: 7782.25 | P&L: $+2,125.00 | +0.8 to trail
  💰 Daily P&L: $+0.00

[2026-08-04 13:51] O:7774.75 H:7775.00 L:7773.25 C:7774.00 V:1605.0
  📈 Trend: moderate_bullish | 🌍 Regime: ranging
  🗺️  Grid: 0.080% | 🔺 7774.75 🔻 7772.50
  📡 RSI: 55.8 | MACD: 0.13 | ATR: 2.41
  📊 Filled: 1 | Pending: 0
  📍 LONG @ 7770.50 | SL: 7762.50 | TP: 7782.25 | P&L: $+1,750.00 | +0.8 to trail
  💰 Daily P&L: $+0.00

[2026-08-04 13:52] O:7773.75 H:7774.75 L:7773.00 C:7773.75 V:1712.0
  📈 Trend: moderate_bullish | 🌍 Regime: ranging
  🗺️  Grid: 0.080% | 🔺 7775.00 🔻 7773.25
  📡 RSI: 58.1 | MACD: 0.21 | ATR: 2.38
  📊 Filled: 1 | Pending: 0
  📍 LONG @ 7770.50 | SL: 7762.50 | TP: 7782.25 | P&L: $+1,625.00 | +0.8 to trail
  💰 Daily P&L: $+0.00

[2026-08-04 13:53] O:7773.75 H:7774.00 L:7772.25 C:7773.00 V:1675.0
  📈 Trend: moderate_bullish | 🌍 Regime: ranging
  🗺️  Grid: 0.080% | 🔺 7774.75 🔻 7773.00
  📡 RSI: 55.3 | MACD: 0.22 | ATR: 2.39
  📊 Filled: 1 | Pending: 0
  📍 LONG @ 7770.50 | SL: 7762.50 | TP: 7782.25 | P&L: $+1,250.00 | +0.8 to trail
  💰 Daily P&L: $+0.00

[2026-08-04 13:54] O:7773.00 H:7774.25 L:7771.25 C:7772.00 V:2318.0
  📈 Trend: moderate_bullish | 🌍 Regime: ranging
  🗺️  Grid: 0.080% | 🔺 7774.00 🔻 7772.25
  📡 RSI: 60.9 | MACD: 0.14 | ATR: 2.36
  📊 Filled: 1 | Pending: 0
  📍 LONG @ 7770.50 | SL: 7762.50 | TP: 7782.25 | P&L: $+750.00 | +0.8 to trail
  💰 Daily P&L: $+0.00

[2026-08-04 13:55] O:7772.00 H:7773.50 L:7771.25 C:7771.75 V:1856.0
  📈 Trend: moderate_bullish | 🌍 Regime: ranging
  🗺️  Grid: 0.080% | 🔺 7774.25 🔻 7771.25
  📡 RSI: 54.8 | MACD: 0.05 | ATR: 2.30
  📊 Filled: 1 | Pending: 0
  📍 LONG @ 7770.50 | SL: 7762.50 | TP: 7782.25 | P&L: $+625.00 | +0.8 to trail
  💰 Daily P&L: $+0.00

[2026-08-04 13:56] O:7772.00 H:7773.25 L:7771.75 C:7772.75 V:1606.0
  📈 Trend: moderate_bullish (raw: strong_bullish) | 🌍 Regime: ranging
  🗺️  Grid: 0.080% | 🔺 7773.50 🔻 7771.25
  📡 RSI: 70.4 | MACD: 0.07 | ATR: 2.16
  📊 Filled: 1 | Pending: 0
  📍 LONG @ 7770.50 | SL: 7762.50 | TP: 7782.25 | P&L: $+1,125.00 | +0.8 to trail
  💰 Daily P&L: $+0.00

[2026-08-04 13:57] O:7772.75 H:7773.50 L:7772.25 C:7772.75 V:1832.0
  📈 Trend: strong_bullish | 🌍 Regime: ranging
  🗺️  Grid: 0.080% | 🔺 7773.25 🔻 7771.75
  📡 RSI: 68.6 | MACD: 0.07 | ATR: 2.09
  📊 Filled: 1 | Pending: 0
  📍 LONG @ 7770.50 | SL: 7762.50 | TP: 7782.25 | P&L: $+1,125.00 | +0.8 to trail
  💰 Daily P&L: $+0.00

[2026-08-04 13:58] O:7772.75 H:7773.25 L:7772.50 C:7772.50 V:1106.0
  📈 Trend: strong_bullish | 🌍 Regime: trending_bullish
  🗺️  Grid: 0.080% | 🔺 7773.50 🔻 7772.25
  📡 RSI: 63.8 | MACD: 0.06 | ATR: 1.98
  📊 Filled: 1 | Pending: 0
  📍 LONG @ 7770.50 | SL: 7762.50 | TP: 7782.25 | P&L: $+1,000.00 | +0.8 to trail
  💰 Daily P&L: $+0.00

[2026-08-04 13:59] O:7772.75 H:7773.25 L:7771.50 C:7773.00 V:1835.0
  📈 Trend: strong_bullish | 🌍 Regime: trending_bullish
  🗺️  Grid: 0.080% | 🔺 7773.25 🔻 7772.50
  📡 RSI: 59.5 | MACD: 0.09 | ATR: 1.88
  📊 Filled: 1 | Pending: 0
  📍 LONG @ 7770.50 | SL: 7762.50 | TP: 7782.25 | P&L: $+1,250.00 | +0.8 to trail
  💰 Daily P&L: $+0.00

[2026-08-04 14:00] O:7773.00 H:7777.25 L:7772.75 C:7777.00 V:4198.0
  📈 Trend: strong_bullish | 🌍 Regime: trending_bullish
  🗺️  Grid: 0.080% | 🔺 7773.25 🔻 7771.50
  📡 RSI: 66.0 | MACD: 0.43 | ATR: 2.04
  📊 Filled: 1 | Pending: 0
  📍 LONG @ 7770.50 | SL: 7762.50 | TP: 7782.25 | P&L: $+3,250.00 | +0.8 to trail
  💰 Daily P&L: $+0.00

[2026-08-04 14:01] O:7777.25 H:7780.50 L:7777.00 C:7779.50 V:4674.0
  📈 Trend: strong_bullish | 🌍 Regime: trending_bullish
  🗺️  Grid: 0.080% | 🔺 7777.25 🔻 7772.75
  📡 RSI: 71.2 | MACD: 0.89 | ATR: 2.16
  📊 Filled: 1 | Pending: 0
  📍 LONG @ 7770.50 | SL: 7762.50 | TP: 7782.25 | P&L: $+4,500.00 | +0.8 to trail
  ✏️ Stop order 577 modified → 7779.00 [confirmed]
  🔄 TRAILING ACTIVATED @ +10.00pts | Stop: 7762.50 → 7779.00
  💰 Daily P&L: $+0.00
  📋 Order 578 status: PreSubmitted
  📋 Order 578 status: PendingCancel
  ✅ Fill: SLD 10.0 @ 7779.0
  📋 Order 577 status: Filled
  📋 Order 578 status: Cancelled

[2026-08-04 14:02] O:7779.50 H:7781.00 L:7778.75 C:7780.25 V:2861.0
  📈 Trend: strong_bullish | 🌍 Regime: trending_bullish
  🗺️  Grid: 0.080% | 🔺 7780.50 🔻 7777.00
  📡 RSI: 71.7 | MACD: 1.30 | ATR: 2.20
  📊 Filled: 1 | Pending: 0
  📍 LONG @ 7770.50 | Trail: 7779.00 | TP: 7782.25 | P&L: $+4,875.00 | 🔒 Trailing
  ✅ EXIT LONG @ 7779.00 | Trailing Stop
     P&L: +8.50 pts ($+4,250.00) | Daily: $+4,250.00
  ⏸️ Cooldown: 2 bar(s) remaining after exit
  💰 Daily P&L: $+4,250.00

[2026-08-04 14:03] O:7780.25 H:7782.00 L:7780.00 C:7781.75 V:2817.0
  📈 Trend: strong_bullish | 🌍 Regime: trending_bullish
  🗺️  Grid: 0.080% | 🔺 7781.00 🔻 7778.75
  📡 RSI: 79.0 | MACD: 1.73 | ATR: 2.16
  📊 Filled: 0 | Pending: 0
  ⏸️ Cooldown: 1 bar(s) remaining after exit
  💰 Daily P&L: $+4,250.00

[2026-08-04 14:04] O:7781.75 H:7782.00 L:7779.50 C:7779.75 V:2534.0
  📈 Trend: strong_bullish | 🌍 Regime: trending_bullish
  🗺️  Grid: 0.080% | 🔺 7782.00 🔻 7780.00
  📡 RSI: 66.1 | MACD: 1.89 | ATR: 2.18
  📊 Filled: 0 | Pending: 0
  💰 Daily P&L: $+4,250.00

[2026-08-04 14:05] O:7780.00 H:7782.00 L:7778.75 C:7779.25 V:3095.0
  📈 Trend: strong_bullish | 🌍 Regime: trending_bullish
  🗺️  Grid: 0.080% | 🔺 7782.00 🔻 7779.50
  📡 RSI: 67.2 | MACD: 1.95 | ATR: 2.29
  📊 Filled: 0 | Pending: 0
  💰 Daily P&L: $+4,250.00

[2026-08-04 14:06] O:7779.00 H:7781.00 L:7777.50 C:7780.75 V:2496.0
  📈 Trend: strong_bullish | 🌍 Regime: trending_bullish
  🗺️  Grid: 0.080% | 🔺 7782.00 🔻 7778.75
  📡 RSI: 71.2 | MACD: 2.09 | ATR: 2.41
  📊 Filled: 0 | Pending: 0
  💰 Daily P&L: $+4,250.00

[2026-08-04 14:07] O:7780.50 H:7780.75 L:7779.00 C:7779.75 V:1891.0
  📈 Trend: strong_bullish | 🌍 Regime: trending_bullish
  🗺️  Grid: 0.080% | 🔺 7781.00 🔻 7777.50
  📡 RSI: 70.1 | MACD: 2.10 | ATR: 2.41
  📊 Filled: 0 | Pending: 0
  💰 Daily P&L: $+4,250.00

[2026-08-04 14:08] O:7779.75 H:7780.75 L:7778.25 C:7780.75 V:1998.0
  📈 Trend: strong_bullish | 🌍 Regime: trending_bullish
  🗺️  Grid: 0.080% | 🔺 7780.75 🔻 7779.00
  📡 RSI: 76.1 | MACD: 2.16 | ATR: 2.38
  📊 Filled: 0 | Pending: 0
  💰 Daily P&L: $+4,250.00

[2026-08-04 14:09] O:7781.00 H:7782.50 L:7780.50 C:7782.25 V:1666.0
  📈 Trend: strong_bullish | 🌍 Regime: trending_bullish
  🗺️  Grid: 0.080% | 🔺 7780.75 🔻 7778.25
  📡 RSI: 79.2 | MACD: 2.31 | ATR: 2.36
  📊 Filled: 0 | Pending: 0
  💰 Daily P&L: $+4,250.00

[2026-08-04 14:10] O:7782.00 H:7782.50 L:7781.25 C:7781.50 V:1806.0
  📈 Trend: strong_bullish | 🌍 Regime: trending_bullish
  🗺️  Grid: 0.080% | 🔺 7782.50 🔻 7780.50
  📡 RSI: 74.6 | MACD: 2.34 | ATR: 2.34
  📊 Filled: 0 | Pending: 0
  💰 Daily P&L: $+4,250.00

[2026-08-04 14:11] O:7781.25 H:7782.00 L:7780.75 C:7781.25 V:2026.0
  📈 Trend: strong_bullish | 🌍 Regime: trending_bullish
  🗺️  Grid: 0.080% | 🔺 7782.50 🔻 7781.25
  📡 RSI: 73.6 | MACD: 2.31 | ATR: 2.34
  📊 Filled: 0 | Pending: 0
  💰 Daily P&L: $+4,250.00

[2026-08-04 14:12] O:7781.25 H:7781.50 L:7779.50 C:7779.75 V:2175.0
  📈 Trend: strong_bullish | 🌍 Regime: trending_bullish
  🗺️  Grid: 0.080% | 🔺 7782.00 🔻 7780.75
  📡 RSI: 68.8 | MACD: 2.14 | ATR: 2.43
  📊 Filled: 0 | Pending: 0
  💰 Daily P&L: $+4,250.00

[2026-08-04 14:13] O:7779.50 H:7781.00 L:7779.25 C:7780.75 V:1619.0
  📈 Trend: strong_bullish | 🌍 Regime: trending_bullish
  🗺️  Grid: 0.080% | 🔺 7781.50 🔻 7779.50
  📡 RSI: 69.6 | MACD: 2.07 | ATR: 2.43
  📊 Filled: 0 | Pending: 0
  💰 Daily P&L: $+4,250.00

[2026-08-04 14:14] O:7780.75 H:7781.50 L:7780.50 C:7780.75 V:1991.0
  📈 Trend: strong_bullish | 🌍 Regime: trending_bullish
  🗺️  Grid: 0.080% | 🔺 7781.00 🔻 7779.25
  📡 RSI: 61.9 | MACD: 1.99 | ATR: 2.18
  📊 Filled: 0 | Pending: 0
  💰 Daily P&L: $+4,250.00

[2026-08-04 14:15] O:7780.75 H:7782.50 L:7780.00 C:7780.25 V:2761.0
  📈 Trend: strong_bullish | 🌍 Regime: trending_bullish
  🗺️  Grid: 0.080% | 🔺 7781.50 🔻 7780.50
  📡 RSI: 52.7 | MACD: 1.86 | ATR: 2.11
  📊 Filled: 0 | Pending: 0
  💰 Daily P&L: $+4,250.00

[2026-08-04 14:16] O:7780.00 H:7782.50 L:7779.50 C:7782.50 V:1710.0
  📈 Trend: strong_bullish | 🌍 Regime: trending_bullish
  🗺️  Grid: 0.080% | 🔺 7782.50 🔻 7780.00
  📡 RSI: 57.4 | MACD: 1.92 | ATR: 2.16
  📊 Filled: 0 | Pending: 0
  💰 Daily P&L: $+4,250.00

[2026-08-04 14:17] O:7782.50 H:7782.75 L:7781.25 C:7782.00 V:1279.0
  📈 Trend: strong_bullish | 🌍 Regime: trending_bullish
  🗺️  Grid: 0.080% | 🔺 7782.50 🔻 7779.50
  📡 RSI: 50.9 | MACD: 1.90 | ATR: 2.12
  📊 Filled: 0 | Pending: 0
  💰 Daily P&L: $+4,250.00

[2026-08-04 14:18] O:7782.00 H:7782.25 L:7781.00 C:7781.50 V:1267.0
  📈 Trend: strong_bullish | 🌍 Regime: trending_bullish
  🗺️  Grid: 0.080% | 🔺 7782.75 🔻 7781.25
  📡 RSI: 56.9 | MACD: 1.83 | ATR: 2.04
  📊 Filled: 0 | Pending: 0
  💰 Daily P&L: $+4,250.00

[2026-08-04 14:19] O:7781.25 H:7782.25 L:7780.25 C:7782.00 V:1547.0
  📈 Trend: strong_bullish | 🌍 Regime: trending_bullish
  🗺️  Grid: 0.080% | 🔺 7782.25 🔻 7781.00
  📡 RSI: 60.8 | MACD: 1.79 | ATR: 1.95
  📊 Filled: 0 | Pending: 0
  💰 Daily P&L: $+4,250.00

[2026-08-04 14:20] O:7782.00 H:7782.75 L:7781.75 C:7782.75 V:1652.0
  📈 Trend: strong_bullish | 🌍 Regime: trending_bullish
  🗺️  Grid: 0.080% | 🔺 7782.25 🔻 7780.25
  📡 RSI: 58.3 | MACD: 1.80 | ATR: 1.77
  📊 Filled: 0 | Pending: 0
  💰 Daily P&L: $+4,250.00

[2026-08-04 14:21] O:7782.75 H:7783.00 L:7781.50 C:7781.75 V:1777.0
  📈 Trend: strong_bullish | 🌍 Regime: trending_bullish
  🗺️  Grid: 0.080% | 🔺 7782.75 🔻 7781.75
  📡 RSI: 58.3 | MACD: 1.71 | ATR: 1.75
  📊 Filled: 0 | Pending: 0
  💰 Daily P&L: $+4,250.00

[2026-08-04 14:22] O:7781.75 H:7782.50 L:7781.00 C:7781.25 V:1278.0
  📈 Trend: strong_bullish (raw: moderate_bullish) | 🌍 Regime: trending_bullish
  🗺️  Grid: 0.080% | 🔺 7783.00 🔻 7781.50
  📡 RSI: 52.2 | MACD: 1.58 | ATR: 1.68
  📊 Filled: 0 | Pending: 0
  💰 Daily P&L: $+4,250.00

[2026-08-04 14:23] O:7781.00 H:7782.00 L:7779.00 C:7780.50 V:3001.0
  📈 Trend: strong_bullish | 🌍 Regime: trending_bullish
  🗺️  Grid: 0.080% | 🔺 7782.50 🔻 7781.00
  📡 RSI: 41.9 | MACD: 1.39 | ATR: 1.75
  📊 Filled: 0 | Pending: 0
  💰 Daily P&L: $+4,250.00
→ Real-time bars cancelled
✓ Disconnected from IBKR
