2026-08-21 10:51:06 | ERROR    | Error 10147, reqId 703: OrderId 703 that needs to be cancelled is not found.
DE: SCALP
   • 10 contract(s) max
   • Grid entries only
   • Trailing stop enabled
   • SL: ~8 pts | TP: ~12 pts | Trail activates: +6 pts
   • Best for: Normal sessions, choppy/ranging opens
============================================================
✓ Connected to IBKR (paper) - clientId=10
✓ Front-month contract: ESU6 expiry=20260918

============================================================
Loading historical data for indicator warm-up...
============================================================
→ Fetching historical bars (1 D, 1 min)...
✓ Loaded 934 historical bars

Processing 934 historical bars...

Indicators ready!
  Bars loaded: 934
  Last price: 7686.00
  Trend: moderate_bearish
  RSI: 43.5
  ATR: 3.43
  MACD: -1.95 / Signal: -1.96
  MA: 7689.95 / 7696.01 / 7693.56

------------------------------------------------------------
Account Value: $1,007,392.77
Buying Power: $4,003,424.76
Current Position: 0 contracts
------------------------------------------------------------

============================================================
Starting live 1-minute bar stream...
Strategy is now ACTIVE (SCALP mode)
============================================================

→ Subscribed to 5-second real-time bars (aggregating to 1 min)

[2026-08-21 08:33] O:7686.00 H:7687.25 L:7684.25 C:7685.25 V:2314.0
  📈 Trend: sideways (raw: strong_bearish) | 🌍 Regime: trending_bearish
  🗺️  Grid: 0.080% | 🔺 7687.75 🔻 7683.50
  📡 RSI: 42.7 | MACD: -2.15 | ATR: 3.54
  📊 Filled: 0 | Pending: 0
  🕐 Outside session (08:33 CT) — no entries
  💰 Daily P&L: $+0.00

[2026-08-21 08:34] O:7685.25 H:7687.25 L:7683.50 C:7683.50 V:4983.0
  📈 Trend: strong_bearish | 🌍 Regime: trending_bearish
  🗺️  Grid: 0.080% | 🔺 7687.25 🔻 7684.25
  📡 RSI: 39.7 | MACD: -2.43 | ATR: 3.71
  📊 Filled: 0 | Pending: 0
  🕐 Outside session (08:34 CT) — no entries
  💰 Daily P&L: $+0.00

[2026-08-21 08:35] O:7683.50 H:7684.00 L:7681.25 C:7683.25 V:7068.0
  📈 Trend: strong_bearish | 🌍 Regime: trending_bearish
  🗺️  Grid: 0.080% | 🔺 7687.25 🔻 7683.50
  📡 RSI: 40.4 | MACD: -2.63 | ATR: 3.84
  📊 Filled: 0 | Pending: 0
  🕐 Outside session (08:35 CT) — no entries
  💰 Daily P&L: $+0.00

[2026-08-21 08:36] O:7683.25 H:7684.75 L:7681.75 C:7684.50 V:4512.0
  📈 Trend: strong_bearish | 🌍 Regime: trending_bearish
  🗺️  Grid: 0.080% | 🔺 7684.00 🔻 7681.25
  📡 RSI: 40.4 | MACD: -2.66 | ATR: 3.95
  📊 Filled: 0 | Pending: 0
  🕐 Outside session (08:36 CT) — no entries
  💰 Daily P&L: $+0.00

[2026-08-21 08:37] O:7684.50 H:7687.00 L:7682.50 C:7686.50 V:4827.0
  📈 Trend: strong_bearish | 🌍 Regime: trending_bearish
  🗺️  Grid: 0.080% | 🔺 7684.75 🔻 7681.75
  📡 RSI: 43.8 | MACD: -2.50 | ATR: 4.20
  📊 Filled: 0 | Pending: 0
  🕐 Outside session (08:37 CT) — no entries
  💰 Daily P&L: $+0.00

[2026-08-21 08:38] O:7686.50 H:7687.00 L:7683.75 C:7685.25 V:3891.0
  📈 Trend: strong_bearish | 🌍 Regime: trending_bearish
  🗺️  Grid: 0.080% | 🔺 7687.00 🔻 7682.50
  📡 RSI: 49.1 | MACD: -2.44 | ATR: 4.07
  📊 Filled: 0 | Pending: 0
  🕐 Outside session (08:38 CT) — no entries
  💰 Daily P&L: $+0.00

[2026-08-21 08:39] O:7685.25 H:7686.50 L:7681.25 C:7686.25 V:5083.0
  📈 Trend: strong_bearish | 🌍 Regime: trending_bearish
  🗺️  Grid: 0.080% | 🔺 7687.00 🔻 7683.75
  📡 RSI: 49.1 | MACD: -2.29 | ATR: 4.32
  📊 Filled: 0 | Pending: 0
  🕐 Outside session (08:39 CT) — no entries
  💰 Daily P&L: $+0.00

[2026-08-21 08:40] O:7686.25 H:7687.75 L:7685.25 C:7685.75 V:4642.0
  📈 Trend: strong_bearish | 🌍 Regime: trending_bearish
  🗺️  Grid: 0.080% | 🔺 7686.50 🔻 7681.25
  📡 RSI: 35.2 | MACD: -2.18 | ATR: 4.04
  📊 Filled: 0 | Pending: 0
  🕐 Outside session (08:40 CT) — no entries
  💰 Daily P&L: $+0.00

[2026-08-21 08:41] O:7685.75 H:7688.25 L:7685.25 C:7686.00 V:3944.0
  📈 Trend: strong_bearish | 🌍 Regime: trending_bearish
  🗺️  Grid: 0.080% | 🔺 7687.75 🔻 7685.25
  📡 RSI: 29.6 | MACD: -2.05 | ATR: 4.02
  📊 Filled: 0 | Pending: 0
  🕐 Outside session (08:41 CT) — no entries
  💰 Daily P&L: $+0.00

[2026-08-21 08:42] O:7685.75 H:7688.00 L:7685.25 C:7685.25 V:2800.0
  📈 Trend: strong_bearish | 🌍 Regime: trending_bearish
  🗺️  Grid: 0.080% | 🔺 7688.25 🔻 7685.25
  📡 RSI: 23.1 | MACD: -1.99 | ATR: 3.89
  📊 Filled: 0 | Pending: 0
  🕐 Outside session (08:42 CT) — no entries
  💰 Daily P&L: $+0.00

[2026-08-21 08:43] O:7685.25 H:7685.50 L:7683.00 C:7683.50 V:2782.0
  📈 Trend: strong_bearish | 🌍 Regime: trending_bearish
  🗺️  Grid: 0.080% | 🔺 7688.00 🔻 7685.25
  📡 RSI: 30.5 | MACD: -2.06 | ATR: 3.52
  📊 Filled: 0 | Pending: 0
  🕐 Outside session (08:43 CT) — no entries
  💰 Daily P&L: $+0.00

[2026-08-21 08:44] O:7683.50 H:7687.50 L:7682.75 C:7686.50 V:2547.0
  📈 Trend: strong_bearish | 🌍 Regime: trending_bearish
  🗺️  Grid: 0.080% | 🔺 7685.50 🔻 7683.00
  📡 RSI: 43.5 | MACD: -1.85 | ATR: 3.62
  📊 Filled: 0 | Pending: 0
  🕐 Outside session (08:44 CT) — no entries
  💰 Daily P&L: $+0.00

[2026-08-21 08:45] O:7686.50 H:7689.50 L:7685.25 C:7686.50 V:4038.0
  📈 Trend: strong_bearish | 🌍 Regime: trending_bearish
  🗺️  Grid: 0.080% | 🔺 7687.50 🔻 7682.75
  📡 RSI: 47.6 | MACD: -1.66 | ATR: 3.54
  📊 Filled: 0 | Pending: 0
  💰 Daily P&L: $+0.00

[2026-08-21 08:46] O:7686.50 H:7688.50 L:7685.25 C:7687.25 V:3452.0
  📈 Trend: strong_bearish | 🌍 Regime: trending_bearish
  🗺️  Grid: 0.080% | 🔺 7689.50 🔻 7685.25
  📡 RSI: 54.1 | MACD: -1.44 | ATR: 3.46
  📊 Filled: 0 | Pending: 0
  💰 Daily P&L: $+0.00

[2026-08-21 08:47] O:7687.25 H:7688.00 L:7683.25 C:7685.25 V:3466.0
  📈 Trend: strong_bearish | 🌍 Regime: trending_bearish
  🗺️  Grid: 0.080% | 🔺 7688.50 🔻 7685.25
  📡 RSI: 50.0 | MACD: -1.40 | ATR: 3.59
  📊 Filled: 0 | Pending: 0
  💰 Daily P&L: $+0.00

[2026-08-21 08:48] O:7685.25 H:7686.75 L:7682.50 C:7682.75 V:3105.0
  📈 Trend: strong_bearish | 🌍 Regime: trending_bearish
  🗺️  Grid: 0.080% | 🔺 7688.00 🔻 7683.25
  📡 RSI: 47.8 | MACD: -1.56 | ATR: 3.62
  📊 Filled: 0 | Pending: 0
  💰 Daily P&L: $+0.00

[2026-08-21 08:49] O:7682.75 H:7685.25 L:7682.00 C:7685.00 V:4712.0
  📈 Trend: strong_bearish | 🌍 Regime: trending_bearish
  🗺️  Grid: 0.080% | 🔺 7686.75 🔻 7682.50
  📡 RSI: 54.5 | MACD: -1.49 | ATR: 3.66
  📊 Filled: 0 | Pending: 0
  💰 Daily P&L: $+0.00

[2026-08-21 08:50] O:7685.00 H:7687.75 L:7684.25 C:7685.50 V:3019.0
  📈 Trend: strong_bearish | 🌍 Regime: trending_bearish
  🗺️  Grid: 0.080% | 🔺 7685.25 🔻 7682.00
  📡 RSI: 52.7 | MACD: -1.37 | ATR: 3.70
  📊 Filled: 0 | Pending: 0
  💰 Daily P&L: $+0.00

[2026-08-21 08:51] O:7685.50 H:7686.75 L:7682.25 C:7683.25 V:2658.0
  📈 Trend: strong_bearish | 🌍 Regime: trending_bearish
  🗺️  Grid: 0.080% | 🔺 7687.75 🔻 7684.25
  📡 RSI: 41.3 | MACD: -1.45 | ATR: 3.70
  📊 Filled: 0 | Pending: 0
  💰 Daily P&L: $+0.00

[2026-08-21 08:52] O:7683.25 H:7683.25 L:7680.25 C:7680.50 V:3372.0
  📈 Trend: strong_bearish | 🌍 Regime: trending_bearish
  🗺️  Grid: 0.080% | 🔺 7686.75 🔻 7682.25
  📡 RSI: 38.3 | MACD: -1.71 | ATR: 3.68
  📊 Filled: 0 | Pending: 0
  💰 Daily P&L: $+0.00

[2026-08-21 08:53] O:7680.50 H:7682.50 L:7679.25 C:7679.50 V:3380.0
  📈 Trend: strong_bearish | 🌍 Regime: trending_bearish
  🗺️  Grid: 0.080% | 🔺 7683.25 🔻 7680.25
  📡 RSI: 33.3 | MACD: -1.97 | ATR: 3.54
  📊 Filled: 0 | Pending: 0
  💰 Daily P&L: $+0.00

[2026-08-21 08:54] O:7679.50 H:7680.00 L:7676.75 C:7679.50 V:5073.0
  📈 Trend: strong_bearish | 🌍 Regime: trending_bearish
  🗺️  Grid: 0.080% | 🔺 7682.50 🔻 7679.25
  📡 RSI: 34.2 | MACD: -2.16 | ATR: 3.59
  📊 Filled: 0 | Pending: 0
  💰 Daily P&L: $+0.00

[2026-08-21 08:55] O:7679.50 H:7681.75 L:7679.00 C:7679.50 V:5182.0
  📈 Trend: strong_bearish | 🌍 Regime: trending_bearish
  🗺️  Grid: 0.080% | 🔺 7680.00 🔻 7676.75
  📡 RSI: 33.3 | MACD: -2.28 | ATR: 3.57
  📊 Filled: 0 | Pending: 0
  💰 Daily P&L: $+0.00

[2026-08-21 08:56] O:7679.25 H:7683.75 L:7679.00 C:7682.25 V:3212.0
  📈 Trend: strong_bearish | 🌍 Regime: trending_bearish
  🗺️  Grid: 0.080% | 🔺 7681.75 🔻 7679.00
  📡 RSI: 43.0 | MACD: -2.13 | ATR: 3.71
  📊 Filled: 0 | Pending: 0
  💰 Daily P&L: $+0.00

[2026-08-21 08:57] O:7682.50 H:7682.75 L:7679.75 C:7681.00 V:2242.0
  📈 Trend: strong_bearish | 🌍 Regime: trending_bearish
  🗺️  Grid: 0.080% | 🔺 7683.75 🔻 7679.00
  📡 RSI: 44.0 | MACD: -2.08 | ATR: 3.75
  📊 Filled: 0 | Pending: 0
  💰 Daily P&L: $+0.00

[2026-08-21 08:58] O:7680.75 H:7681.25 L:7678.00 C:7680.00 V:2604.0
  📈 Trend: strong_bearish | 🌍 Regime: trending_bearish
  🗺️  Grid: 0.080% | 🔺 7682.75 🔻 7679.75
  📡 RSI: 32.9 | MACD: -2.11 | ATR: 3.64
  📊 Filled: 0 | Pending: 0
  💰 Daily P&L: $+0.00

[2026-08-21 08:59] O:7680.00 H:7683.25 L:7679.50 C:7680.50 V:3069.0
  📈 Trend: strong_bearish | 🌍 Regime: trending_bearish
  🗺️  Grid: 0.080% | 🔺 7681.25 🔻 7678.00
  📡 RSI: 34.6 | MACD: -2.06 | ATR: 3.61
  📊 Filled: 0 | Pending: 0
  💰 Daily P&L: $+0.00

[2026-08-21 09:00] O:7680.50 H:7684.75 L:7680.50 C:7683.75 V:4551.0
  📈 Trend: strong_bearish | 🌍 Regime: trending_bearish
  🗺️  Grid: 0.080% | 🔺 7683.25 🔻 7679.50
  📡 RSI: 42.0 | MACD: -1.74 | ATR: 3.68
  📊 Filled: 0 | Pending: 0
  💰 Daily P&L: $+0.00

[2026-08-21 09:01] O:7683.50 H:7684.75 L:7682.50 C:7683.75 V:3214.0
  📈 Trend: strong_bearish | 🌍 Regime: trending_bearish
  🗺️  Grid: 0.080% | 🔺 7684.75 🔻 7680.50
  📡 RSI: 46.2 | MACD: -1.47 | ATR: 3.50
  📊 Filled: 0 | Pending: 0
  💰 Daily P&L: $+0.00

[2026-08-21 09:02] O:7683.75 H:7684.00 L:7680.75 C:7681.50 V:2884.0
  📈 Trend: strong_bearish | 🌍 Regime: trending_bearish
  🗺️  Grid: 0.080% | 🔺 7684.75 🔻 7682.50
  📡 RSI: 46.8 | MACD: -1.42 | ATR: 3.43
  📊 Filled: 0 | Pending: 0
  💰 Daily P&L: $+0.00

[2026-08-21 09:03] O:7681.25 H:7684.25 L:7680.75 C:7682.50 V:2820.0
  📈 Trend: strong_bearish | 🌍 Regime: trending_bearish
  🗺️  Grid: 0.080% | 🔺 7684.00 🔻 7680.75
  📡 RSI: 43.2 | MACD: -1.29 | ATR: 3.45
  📊 Filled: 0 | Pending: 0
  💰 Daily P&L: $+0.00

[2026-08-21 09:04] O:7682.50 H:7685.00 L:7682.25 C:7684.75 V:3157.0
  📈 Trend: strong_bearish | 🌍 Regime: trending_bearish
  🗺️  Grid: 0.080% | 🔺 7684.25 🔻 7680.75
  📡 RSI: 48.1 | MACD: -0.99 | ATR: 3.39
  📊 Filled: 0 | Pending: 0
  💰 Daily P&L: $+0.00

[2026-08-21 09:05] O:7684.50 H:7688.50 L:7684.50 C:7688.25 V:4654.0
  📈 Trend: strong_bearish (raw: moderate_bearish) | 🌍 Regime: trending_bearish
  🗺️  Grid: 0.080% | 🔺 7685.00 🔻 7682.25
  📡 RSI: 61.6 | MACD: -0.46 | ATR: 3.36
  📊 Filled: 0 | Pending: 0
  💰 Daily P&L: $+0.00

[2026-08-21 09:06] O:7688.25 H:7690.75 L:7687.25 C:7688.75 V:4868.0
  📈 Trend: moderate_bearish | 🌍 Regime: trending_bearish
  🗺️  Grid: 0.080% | 🔺 7688.50 🔻 7684.50
  📡 RSI: 71.4 | MACD: -0.01 | ATR: 3.39
  📊 Filled: 0 | Pending: 0
  💰 Daily P&L: $+0.00

[2026-08-21 09:07] O:7689.00 H:7689.50 L:7687.00 C:7687.50 V:3350.0
  📈 Trend: moderate_bearish (raw: moderate_bullish) | 🌍 Regime: trending_bullish
  🗺️  Grid: 0.080% | 🔺 7690.75 🔻 7687.25
  📡 RSI: 70.5 | MACD: 0.25 | ATR: 3.34
  📊 Filled: 0 | Pending: 0
  💰 Daily P&L: $+0.00

[2026-08-21 09:08] O:7687.75 H:7689.50 L:7686.75 C:7689.25 V:2684.0
  📈 Trend: moderate_bullish | 🌍 Regime: trending_bullish
  🗺️  Grid: 0.080% | 🔺 7689.50 🔻 7687.00
  📡 RSI: 72.9 | MACD: 0.59 | ATR: 3.30
  📊 Filled: 0 | Pending: 0
  💰 Daily P&L: $+0.00

[2026-08-21 09:09] O:7689.00 H:7689.75 L:7686.75 C:7687.75 V:1782.0
  📈 Trend: moderate_bullish | 🌍 Regime: trending_bullish
  🗺️  Grid: 0.080% | 🔺 7689.50 🔻 7686.75
  📡 RSI: 68.1 | MACD: 0.73 | ATR: 3.32
  📊 Filled: 0 | Pending: 0
  💰 Daily P&L: $+0.00

[2026-08-21 09:10] O:7687.75 H:7690.00 L:7686.25 C:7689.25 V:2781.0
  📈 Trend: moderate_bullish | 🌍 Regime: trending_bullish
  🗺️  Grid: 0.080% | 🔺 7689.75 🔻 7686.75
  📡 RSI: 66.3 | MACD: 0.95 | ATR: 3.25
  📊 Filled: 0 | Pending: 0
  💰 Daily P&L: $+0.00

[2026-08-21 09:11] O:7689.00 H:7689.00 L:7686.75 C:7688.00 V:1974.0
  📈 Trend: moderate_bullish | 🌍 Regime: trending_bullish
  🗺️  Grid: 0.080% | 🔺 7690.00 🔻 7686.25
  📡 RSI: 66.3 | MACD: 1.01 | ATR: 3.21
  📊 Filled: 0 | Pending: 0
  💰 Daily P&L: $+0.00

[2026-08-21 09:12] O:7688.00 H:7688.25 L:7684.50 C:7685.25 V:2675.0
  📈 Trend: moderate_bullish | 🌍 Regime: trending_bullish
  🗺️  Grid: 0.080% | 🔺 7689.00 🔻 7686.75
  📡 RSI: 61.3 | MACD: 0.83 | ATR: 3.25
  📊 Filled: 0 | Pending: 0
  💰 Daily P&L: $+0.00

[2026-08-21 09:13] O:7685.25 H:7686.00 L:7682.50 C:7684.00 V:3260.0
  📈 Trend: moderate_bullish | 🌍 Regime: trending_bullish
  🗺️  Grid: 0.080% | 🔺 7688.25 🔻 7684.50
  📡 RSI: 57.3 | MACD: 0.58 | ATR: 3.23
  📊 Filled: 0 | Pending: 0
  💰 Daily P&L: $+0.00

[2026-08-21 09:14] O:7684.00 H:7684.50 L:7681.00 C:7682.25 V:3787.0
  📈 Trend: moderate_bullish (raw: moderate_bearish) | 🌍 Regime: trending_bearish
  🗺️  Grid: 0.080% | 🔺 7686.00 🔻 7682.50
  📡 RSI: 46.7 | MACD: 0.23 | ATR: 3.18
  📊 Filled: 0 | Pending: 0
  💰 Daily P&L: $+0.00

[2026-08-21 09:15] O:7682.50 H:7685.00 L:7682.25 C:7684.50 V:3512.0
  📈 Trend: moderate_bearish | 🌍 Regime: trending_bearish
  🗺️  Grid: 0.080% | 🔺 7684.50 🔻 7681.00
  📡 RSI: 51.5 | MACD: 0.14 | ATR: 3.21
  📊 Filled: 0 | Pending: 0
  💰 Daily P&L: $+0.00

[2026-08-21 09:16] O:7684.75 H:7685.75 L:7681.75 C:7685.50 V:2726.0
  📈 Trend: moderate_bearish | 🌍 Regime: trending_bearish
  🗺️  Grid: 0.080% | 🔺 7685.00 🔻 7682.25
  📡 RSI: 58.5 | MACD: 0.15 | ATR: 3.27
  📊 Filled: 0 | Pending: 0
  💰 Daily P&L: $+0.00

[2026-08-21 09:17] O:7685.50 H:7686.00 L:7682.00 C:7683.50 V:2176.0
  📈 Trend: moderate_bearish (raw: moderate_bullish) | 🌍 Regime: ranging
  🗺️  Grid: 0.080% | 🔺 7685.75 🔻 7681.75
  📡 RSI: 52.0 | MACD: -0.01 | ATR: 3.30
  📊 Filled: 0 | Pending: 0
  🔲 Regime: RANGING | Range pos: 48% | RSI: 52.0
  💰 Daily P&L: $+0.00

[2026-08-21 09:18] O:7683.50 H:7684.25 L:7682.50 C:7682.75 V:2040.0
  📈 Trend: moderate_bullish | 🌍 Regime: ranging
  🗺️  Grid: 0.080% | 🔺 7686.00 🔻 7682.00
  📡 RSI: 45.7 | MACD: -0.19 | ATR: 3.23
  📊 Filled: 0 | Pending: 0
  🔲 Regime: RANGING | Range pos: 43% | RSI: 45.7
  💰 Daily P&L: $+0.00

[2026-08-21 09:19] O:7682.75 H:7683.50 L:7681.00 C:7681.75 V:2025.0
  📈 Trend: moderate_bullish (raw: strong_bearish) | 🌍 Regime: ranging
  🗺️  Grid: 0.080% | 🔺 7684.25 🔻 7682.50
  📡 RSI: 34.1 | MACD: -0.41 | ATR: 3.12
  📊 Filled: 0 | Pending: 0
  🔲 Regime: RANGING | Range pos: 36% | RSI: 34.1
  💰 Daily P&L: $+0.00

[2026-08-21 09:20] O:7681.50 H:7682.75 L:7680.75 C:7682.25 V:2498.0
  📈 Trend: strong_bearish | 🌍 Regime: ranging
  🗺️  Grid: 0.080% | 🔺 7683.50 🔻 7681.00
  📡 RSI: 34.1 | MACD: -0.54 | ATR: 3.02
  📊 Filled: 0 | Pending: 0
  🔲 Regime: RANGING | Range pos: 39% | RSI: 34.1
  💰 Daily P&L: $+0.00

[2026-08-21 09:21] O:7682.25 H:7682.50 L:7680.00 C:7682.00 V:2684.0
  📈 Trend: strong_bearish (raw: moderate_bullish) | 🌍 Regime: ranging
  🗺️  Grid: 0.080% | 🔺 7682.75 🔻 7680.75
  📡 RSI: 35.9 | MACD: -0.66 | ATR: 3.02
  📊 Filled: 0 | Pending: 0
  🔲 Regime: RANGING | Range pos: 38% | RSI: 35.9
  💰 Daily P&L: $+0.00

[2026-08-21 09:22] O:7682.00 H:7687.25 L:7681.75 C:7686.50 V:3028.0
  📈 Trend: moderate_bullish | 🌍 Regime: ranging
  🗺️  Grid: 0.080% | 🔺 7682.50 🔻 7680.00
  📡 RSI: 43.8 | MACD: -0.38 | ATR: 3.21
  📊 Filled: 0 | Pending: 0
  🔲 Regime: RANGING | Range pos: 70% | RSI: 43.8
  💰 Daily P&L: $+0.00

[2026-08-21 09:23] O:7686.50 H:7686.50 L:7683.50 C:7686.00 V:2612.0
  📈 Trend: moderate_bullish | 🌍 Regime: ranging
  🗺️  Grid: 0.080% | 🔺 7687.25 🔻 7681.75
  📡 RSI: 45.9 | MACD: -0.20 | ATR: 3.21
  📊 Filled: 0 | Pending: 0
  🔲 Regime: RANGING | Range pos: 66% | RSI: 45.9
  💰 Daily P&L: $+0.00

[2026-08-21 09:24] O:7685.75 H:7687.50 L:7682.25 C:7683.00 V:3170.0
  📈 Trend: moderate_bullish (raw: strong_bearish) | 🌍 Regime: ranging
  🗺️  Grid: 0.080% | 🔺 7686.50 🔻 7683.50
  📡 RSI: 36.3 | MACD: -0.29 | ATR: 3.32
  📊 Filled: 0 | Pending: 0
  🔲 Regime: RANGING | Range pos: 45% | RSI: 36.3
  💰 Daily P&L: $+0.00

[2026-08-21 09:25] O:7683.00 H:7685.75 L:7682.50 C:7685.25 V:2672.0
  📈 Trend: moderate_bullish (raw: moderate_bearish) | 🌍 Regime: ranging
  🗺️  Grid: 0.080% | 🔺 7687.50 🔻 7682.25
  📡 RSI: 44.2 | MACD: -0.18 | ATR: 3.38
  📊 Filled: 0 | Pending: 0
  🔲 Regime: RANGING | Range pos: 61% | RSI: 44.2
  💰 Daily P&L: $+0.00

[2026-08-21 09:26] O:7685.00 H:7685.75 L:7684.00 C:7684.75 V:2754.0
  📈 Trend: moderate_bearish | 🌍 Regime: ranging
  🗺️  Grid: 0.080% | 🔺 7685.75 🔻 7682.50
  📡 RSI: 48.8 | MACD: -0.14 | ATR: 3.23
  📊 Filled: 0 | Pending: 0
  🔲 Regime: RANGING | Range pos: 57% | RSI: 48.8
  💰 Daily P&L: $+0.00

[2026-08-21 09:27] O:7684.75 H:7686.25 L:7684.00 C:7684.75 V:3241.0
  📈 Trend: moderate_bearish | 🌍 Regime: ranging
  🗺️  Grid: 0.080% | 🔺 7685.75 🔻 7684.00
  📡 RSI: 51.9 | MACD: -0.10 | ATR: 3.14
  📊 Filled: 0 | Pending: 0
  🔲 Regime: RANGING | Range pos: 57% | RSI: 51.9
  💰 Daily P&L: $+0.00

[2026-08-21 09:28] O:7684.50 H:7686.50 L:7684.00 C:7685.25 V:2644.0
  📈 Trend: moderate_bearish | 🌍 Regime: ranging
  🗺️  Grid: 0.080% | 🔺 7686.25 🔻 7684.00
  📡 RSI: 57.9 | MACD: -0.03 | ATR: 3.07
  📊 Filled: 0 | Pending: 0
  🔲 Regime: RANGING | Range pos: 61% | RSI: 57.9
  💰 Daily P&L: $+0.00

[2026-08-21 09:29] O:7685.50 H:7685.50 L:7681.25 C:7681.75 V:2661.0
  📈 Trend: moderate_bearish (raw: strong_bearish) | 🌍 Regime: ranging
  🗺️  Grid: 0.080% | 🔺 7686.50 🔻 7684.00
  📡 RSI: 43.2 | MACD: -0.25 | ATR: 3.18
  📊 Filled: 0 | Pending: 0
  🔲 Regime: RANGING | Range pos: 36% | RSI: 43.2
  💰 Daily P&L: $+0.00

[2026-08-21 09:30] O:7681.75 H:7684.00 L:7681.50 C:7683.00 V:2583.0
  📈 Trend: strong_bearish | 🌍 Regime: ranging
  🗺️  Grid: 0.080% | 🔺 7685.50 🔻 7681.25
  📡 RSI: 43.9 | MACD: -0.32 | ATR: 3.07
  📊 Filled: 0 | Pending: 0
  🔲 Regime: RANGING | Range pos: 45% | RSI: 43.9
  💰 Daily P&L: $+0.00

[2026-08-21 09:31] O:7682.75 H:7684.00 L:7682.25 C:7683.75 V:3584.0
  📈 Trend: strong_bearish | 🌍 Regime: ranging
  🗺️  Grid: 0.080% | 🔺 7684.00 🔻 7681.50
  📡 RSI: 50.6 | MACD: -0.32 | ATR: 2.91
  📊 Filled: 0 | Pending: 0
  🔲 Regime: RANGING | Range pos: 50% | RSI: 50.6
  💰 Daily P&L: $+0.00

[2026-08-21 09:32] O:7683.75 H:7683.75 L:7681.00 C:7682.75 V:2681.0
  📈 Trend: strong_bearish | 🌍 Regime: ranging
  🗺️  Grid: 0.080% | 🔺 7684.00 🔻 7682.25
  📡 RSI: 50.0 | MACD: -0.39 | ATR: 2.98
  📊 Filled: 0 | Pending: 0
  🔲 Regime: RANGING | Range pos: 43% | RSI: 50.0
  💰 Daily P&L: $+0.00

[2026-08-21 09:33] O:7682.50 H:7683.50 L:7681.25 C:7681.25 V:1863.0
  📈 Trend: strong_bearish | 🌍 Regime: ranging
  🗺️  Grid: 0.080% | 🔺 7683.75 🔻 7681.00
  📡 RSI: 48.8 | MACD: -0.56 | ATR: 2.96
  📊 Filled: 0 | Pending: 0
  🔲 Regime: RANGING | Range pos: 32% | RSI: 48.8
  💰 Daily P&L: $+0.00

[2026-08-21 09:34] O:7681.25 H:7683.00 L:7680.00 C:7680.25 V:2833.0
  📈 Trend: strong_bearish | 🌍 Regime: ranging
  🗺️  Grid: 0.080% | 🔺 7683.50 🔻 7681.25
  📡 RSI: 45.1 | MACD: -0.76 | ATR: 3.04
  📊 Filled: 0 | Pending: 0
  🔲 Regime: RANGING | Range pos: 25% | RSI: 45.1
  💰 Daily P&L: $+0.00

[2026-08-21 09:35] O:7680.25 H:7680.50 L:7678.50 C:7678.75 V:3190.0
  📈 Trend: strong_bearish | 🌍 Regime: ranging
  🗺️  Grid: 0.080% | 🔺 7683.00 🔻 7680.00
  📡 RSI: 42.5 | MACD: -1.04 | ATR: 3.00
  📊 Filled: 0 | Pending: 0
  🔲 Regime: RANGING | Range pos: 14% | RSI: 42.5
  💰 Daily P&L: $+0.00

[2026-08-21 09:36] O:7678.75 H:7680.25 L:7677.75 C:7678.00 V:3592.0
  📈 Trend: strong_bearish | 🌍 Regime: ranging
  🗺️  Grid: 0.080% | 🔺 7680.50 🔻 7678.50
  📡 RSI: 26.4 | MACD: -1.30 | ATR: 2.79
  📊 Filled: 0 | Pending: 0
  🔲 Regime: RANGING | Range pos: 9% | RSI: 26.4
  📤 Limit BUY 10 @ 7678.00 submitted (ID: 702)
  📋 Order 702 status: PreSubmitted
  ✅ Fill: BOT 10.0 @ 7678.0
  📋 Order 702 status: Filled
  ⬆️ LONG ORDER @ 7678.00 | Size: 1.00 | SL: 7672.50 | TP: 7686.25 [10cts]
     Reason: Grid Long (sideways, RSI: 26.4)
  🔬 SHADOW [long ranging]: 🟥 ROBUST WOULD BLOCK (1 filter)
       MACD=BLOCK (-1.30 vs -1.04, Δ-0.26) | 5m=N/A (ranging)
     ⏳ Order 702 PENDING - awaiting fill confirmation
  💰 Daily P&L: $+0.00
  📤 Stop-Limit SELL 10 @ stop:7670.00 / lmt:7666.00 submitted (ID: 703) [OCA:exit_702_1787323085]
  📋 Order 703 status: PreSubmitted
  📤 Limit SELL 10 @ 7686.25 submitted (ID: 704) [OCA:exit_702_1787323085]
  📋 Order 704 status: PreSubmitted
  ✅ FILL CONFIRMED: LONG @ 7678.00 (order 702)
     📊 Bracket placed: SL #703 @ 7670.00 | TP #704 @ 7686.25
     Trail activates @ +7.5 pts

[2026-08-21 09:37] O:7678.00 H:7679.50 L:7677.50 C:7678.00 V:2422.0
  📈 Trend: strong_bearish | 🌍 Regime: ranging
  🗺️  Grid: 0.080% | 🔺 7680.25 🔻 7677.75
  📡 RSI: 27.1 | MACD: -1.49 | ATR: 2.71
  📊 Filled: 1 | Pending: 0
  📍 LONG @ 7678.00 | SL: 7670.00 | TP: 7686.25 | P&L: $+0.00 | +7.5 to trail
  💰 Daily P&L: $+0.00
  📋 Order 704 status: Submitted

[2026-08-21 09:38] O:7678.00 H:7680.75 L:7678.00 C:7680.75 V:2338.0
  📈 Trend: strong_bearish | 🌍 Regime: ranging
  🗺️  Grid: 0.080% | 🔺 7679.50 🔻 7677.50
  📡 RSI: 43.5 | MACD: -1.40 | ATR: 2.54
  📊 Filled: 1 | Pending: 0
  📍 LONG @ 7678.00 | SL: 7670.00 | TP: 7686.25 | P&L: $+1,375.00 | +6.0 to trail
  💰 Daily P&L: $+0.00

[2026-08-21 09:39] O:7681.00 H:7681.75 L:7678.50 C:7678.75 V:2547.0
  📈 Trend: strong_bearish | 🌍 Regime: ranging
  🗺️  Grid: 0.080% | 🔺 7680.75 🔻 7678.00
  📡 RSI: 30.9 | MACD: -1.48 | ATR: 2.54
  📊 Filled: 1 | Pending: 0
  📍 LONG @ 7678.00 | SL: 7670.00 | TP: 7686.25 | P&L: $+375.00 | +4.8 to trail
  💰 Daily P&L: $+0.00

[2026-08-21 09:40] O:7678.75 H:7681.25 L:7678.50 C:7680.50 V:2078.0
  📈 Trend: strong_bearish | 🌍 Regime: ranging
  🗺️  Grid: 0.080% | 🔺 7681.75 🔻 7678.50
  📡 RSI: 38.4 | MACD: -1.38 | ATR: 2.61
  📊 Filled: 1 | Pending: 0
  📍 LONG @ 7678.00 | SL: 7670.00 | TP: 7686.25 | P&L: $+1,250.00 | +3.8 to trail
  💰 Daily P&L: $+0.00

[2026-08-21 09:41] O:7680.25 H:7680.50 L:7677.25 C:7677.75 V:1479.0
  📈 Trend: strong_bearish | 🌍 Regime: trending_bearish
  🗺️  Grid: 0.080% | 🔺 7681.25 🔻 7678.50
  📡 RSI: 33.3 | MACD: -1.51 | ATR: 2.68
  📊 Filled: 1 | Pending: 0
  📍 LONG @ 7678.00 | SL: 7670.00 | TP: 7686.25 | P&L: $-125.00 | +3.8 to trail
  💰 Daily P&L: $+0.00

[2026-08-21 09:42] O:7677.50 H:7679.50 L:7677.25 C:7679.00 V:1618.0
  📈 Trend: strong_bearish | 🌍 Regime: trending_bearish
  🗺️  Grid: 0.080% | 🔺 7680.50 🔻 7677.25
  📡 RSI: 35.6 | MACD: -1.49 | ATR: 2.66
  📊 Filled: 1 | Pending: 0
  📍 LONG @ 7678.00 | SL: 7670.00 | TP: 7686.25 | P&L: $+500.00 | +3.8 to trail
  💰 Daily P&L: $+0.00

[2026-08-21 09:43] O:7678.75 H:7684.00 L:7678.75 C:7683.00 V:3821.0
  📈 Trend: strong_bearish | 🌍 Regime: trending_bearish
  🗺️  Grid: 0.080% | 🔺 7679.50 🔻 7677.25
  📡 RSI: 52.8 | MACD: -1.14 | ATR: 2.73
  📊 Filled: 1 | Pending: 0
  📍 LONG @ 7678.00 | SL: 7670.00 | TP: 7686.25 | P&L: $+2,500.00 | +3.8 to trail
  💰 Daily P&L: $+0.00

[2026-08-21 09:44] O:7682.75 H:7683.00 L:7680.50 C:7681.50 V:1998.0
  📈 Trend: strong_bearish | 🌍 Regime: trending_bearish
  🗺️  Grid: 0.080% | 🔺 7684.00 🔻 7678.75
  📡 RSI: 46.7 | MACD: -0.97 | ATR: 2.73
  📊 Filled: 1 | Pending: 0
  📍 LONG @ 7678.00 | SL: 7670.00 | TP: 7686.25 | P&L: $+1,750.00 | +1.5 to trail
  💰 Daily P&L: $+0.00

[2026-08-21 09:45] O:7681.50 H:7682.75 L:7680.75 C:7682.50 V:2304.0
  📈 Trend: strong_bearish | 🌍 Regime: trending_bearish
  🗺️  Grid: 0.080% | 🔺 7683.00 🔻 7680.50
  📡 RSI: 47.3 | MACD: -0.75 | ATR: 2.75
  📊 Filled: 1 | Pending: 0
  📍 LONG @ 7678.00 | SL: 7670.00 | TP: 7686.25 | P&L: $+2,250.00 | +1.5 to trail
  💰 Daily P&L: $+0.00

[2026-08-21 09:46] O:7682.25 H:7685.00 L:7682.25 C:7684.25 V:2492.0
  📈 Trend: strong_bearish | 🌍 Regime: trending_bearish
  🗺️  Grid: 0.080% | 🔺 7682.75 🔻 7680.75
  📡 RSI: 53.2 | MACD: -0.43 | ATR: 2.75
  📊 Filled: 1 | Pending: 0
  📍 LONG @ 7678.00 | SL: 7670.00 | TP: 7686.25 | P&L: $+3,125.00 | +1.5 to trail
  💰 Daily P&L: $+0.00

[2026-08-21 09:47] O:7684.50 H:7684.75 L:7681.25 C:7682.25 V:2773.0
  📈 Trend: strong_bearish | 🌍 Regime: trending_bearish
  🗺️  Grid: 0.080% | 🔺 7685.00 🔻 7682.25
  📡 RSI: 52.1 | MACD: -0.33 | ATR: 2.84
  📊 Filled: 1 | Pending: 0
  📍 LONG @ 7678.00 | SL: 7670.00 | TP: 7686.25 | P&L: $+2,125.00 | +0.5 to trail
  💰 Daily P&L: $+0.00

[2026-08-21 09:48] O:7682.50 H:7684.50 L:7682.50 C:7684.25 V:1615.0
  📈 Trend: strong_bearish (raw: moderate_bearish) | 🌍 Regime: trending_bearish
  🗺️  Grid: 0.080% | 🔺 7684.75 🔻 7681.25
  📡 RSI: 58.0 | MACD: -0.09 | ATR: 2.79
  📊 Filled: 1 | Pending: 0
  📍 LONG @ 7678.00 | SL: 7670.00 | TP: 7686.25 | P&L: $+3,125.00 | +0.5 to trail
  💰 Daily P&L: $+0.00

[2026-08-21 09:49] O:7684.25 H:7686.25 L:7683.75 C:7685.75 V:2065.0
  📈 Trend: strong_bearish (raw: moderate_bullish) | 🌍 Regime: trending_bullish
  🗺️  Grid: 0.080% | 🔺 7684.50 🔻 7682.50
  📡 RSI: 64.0 | MACD: 0.22 | ATR: 2.82
  📊 Filled: 1 | Pending: 0
  📍 LONG @ 7678.00 | SL: 7670.00 | TP: 7686.25 | P&L: $+3,875.00 | +0.5 to trail
  ✏️ Stop order 703 modified → 7684.75 [confirmed]
  🔄 TRAILING ACTIVATED @ +8.25pts | Stop: 7670.00 → 7684.75
  💰 Daily P&L: $+0.00
  📋 Order 703 status: Cancelled
  ✅ Fill: SLD 9.0 @ 7686.25
  📋 Order 704 status: Submitted
  ✅ Fill: SLD 1.0 @ 7686.25
  📋 Order 704 status: Filled

[2026-08-21 09:50] O:7685.75 H:7687.00 L:7684.75 C:7685.50 V:1925.0
  📈 Trend: moderate_bullish | 🌍 Regime: trending_bullish
  🗺️  Grid: 0.080% | 🔺 7686.25 🔻 7683.75
  📡 RSI: 65.3 | MACD: 0.44 | ATR: 2.80
  📊 Filled: 1 | Pending: 0
  📍 LONG @ 7678.00 | Trail: 7684.75 | TP: 7686.25 | P&L: $+3,750.00 | 🔒 Trailing
  ✅ EXIT LONG @ 7686.25 | Take Profit
     P&L: +8.25 pts ($+4,125.00) | Daily: $+4,125.00
  ⚠️ POSITION MISMATCH after exit: broker=-1, bot expects=0
  🛟 Flattening stray -1 contract(s) with BUY to restore expected exposure
  📤 Market BUY 1 contracts submitted (ID: 705)
  📋 Order 705 status: PreSubmitted
  ✅ Fill: BOT 1.0 @ 7685.5
  📋 Order 705 status: Filled
  ⏸️ Cooldown: 2 bar(s) remaining after exit
  💰 Daily P&L: $+4,125.00

[2026-08-21 09:51] O:7685.50 H:7686.25 L:7684.25 C:7685.25 V:1738.0
  📈 Trend: moderate_bullish | 🌍 Regime: trending_bullish
  🗺️  Grid: 0.080% | 🔺 7687.00 🔻 7684.75
  📡 RSI: 64.6 | MACD: 0.58 | ATR: 2.80
  📊 Filled: 0 | Pending: 0
  ⏸️ Cooldown: 1 bar(s) remaining after exit
  💰 Daily P&L: $+4,125.00

[2026-08-21 09:52] O:7685.25 H:7688.50 L:7684.25 C:7686.75 V:2962.0
  📈 Trend: moderate_bullish | 🌍 Regime: trending_bullish
  🗺️  Grid: 0.080% | 🔺 7686.25 🔻 7684.25
  📡 RSI: 62.8 | MACD: 0.81 | ATR: 2.91
  📊 Filled: 0 | Pending: 0
  💰 Daily P&L: $+4,125.00
→ Real-time bars cancelled
✓ Disconnected from IBKR
