2026-08-13 14:34:06 | ERROR    | Error 10147, reqId 616: OrderId 616 that needs to be cancelled is not found.
DE: SCALP
   • 10 contract(s) max
   • Grid entries only
   • Trailing stop enabled
   • SL: ~8 pts | TP: ~12 pts | Trail activates: +6 pts
   • Best for: Normal sessions, choppy/ranging opens
============================================================
✓ Connected to IBKR (paper) - clientId=10
✓ Front-month contract: ESU6 expiry=20260918

============================================================
Loading historical data for indicator warm-up...
============================================================
→ Fetching historical bars (1 D, 1 min)...
✓ Loaded 1060 historical bars

Processing 1060 historical bars...

Indicators ready!
  Bars loaded: 1060
  Last price: 7803.50
  Trend: moderate_bearish
  RSI: 34.1
  ATR: 3.25
  MACD: -3.68 / Signal: -3.70
  MA: 7807.62 / 7814.43 / 7807.84

------------------------------------------------------------
Account Value: $1,008,354.39
Buying Power: $4,023,907.46
Current Position: 0 contracts
------------------------------------------------------------

============================================================
Starting live 1-minute bar stream...
Strategy is now ACTIVE (SCALP mode)
============================================================

→ Subscribed to 5-second real-time bars (aggregating to 1 min)

[2026-08-13 10:39] O:7803.50 H:7804.25 L:7803.00 C:7803.75 V:646.0
  📈 Trend: sideways (raw: moderate_bearish) | 🌍 Regime: trending_bearish
  🗺️  Grid: 0.080% | 🔺 7803.75 🔻 7801.25
  📡 RSI: 32.6 | MACD: -3.50 | ATR: 3.18
  📊 Filled: 0 | Pending: 0
  💰 Daily P&L: $+0.00

[2026-08-13 10:40] O:7803.50 H:7803.75 L:7801.00 C:7801.75 V:2664.0
  📈 Trend: moderate_bearish | 🌍 Regime: trending_bearish
  🗺️  Grid: 0.080% | 🔺 7804.25 🔻 7803.00
  📡 RSI: 33.3 | MACD: -3.48 | ATR: 2.96
  📊 Filled: 0 | Pending: 0
  💰 Daily P&L: $+0.00

[2026-08-13 10:41] O:7802.00 H:7805.75 L:7802.00 C:7805.50 V:3648.0
  📈 Trend: moderate_bearish | 🌍 Regime: trending_bearish
  🗺️  Grid: 0.080% | 🔺 7803.75 🔻 7801.00
  📡 RSI: 54.4 | MACD: -3.12 | ATR: 2.84
  📊 Filled: 0 | Pending: 0
  💰 Daily P&L: $+0.00

[2026-08-13 10:42] O:7805.50 H:7808.00 L:7805.50 C:7807.00 V:3022.0
  📈 Trend: moderate_bearish | 🌍 Regime: trending_bearish
  🗺️  Grid: 0.080% | 🔺 7805.75 🔻 7802.00
  📡 RSI: 52.6 | MACD: -2.68 | ATR: 2.79
  📊 Filled: 0 | Pending: 0
  💰 Daily P&L: $+0.00

[2026-08-13 10:43] O:7807.25 H:7807.25 L:7805.50 C:7805.50 V:2115.0
  📈 Trend: moderate_bearish | 🌍 Regime: trending_bearish
  🗺️  Grid: 0.080% | 🔺 7808.00 🔻 7805.50
  📡 RSI: 50.0 | MACD: -2.43 | ATR: 2.70
  📊 Filled: 0 | Pending: 0
  💰 Daily P&L: $+0.00

[2026-08-13 10:44] O:7805.50 H:7806.00 L:7803.50 C:7803.75 V:2225.0
  📈 Trend: moderate_bearish | 🌍 Regime: trending_bearish
  🗺️  Grid: 0.080% | 🔺 7807.25 🔻 7805.50
  📡 RSI: 46.0 | MACD: -2.35 | ATR: 2.71
  📊 Filled: 0 | Pending: 0
  💰 Daily P&L: $+0.00

[2026-08-13 10:45] O:7803.50 H:7803.50 L:7802.25 C:7803.25 V:1808.0
  📈 Trend: moderate_bearish | 🌍 Regime: trending_bearish
  🗺️  Grid: 0.080% | 🔺 7806.00 🔻 7803.50
  📡 RSI: 46.5 | MACD: -2.29 | ATR: 2.66
  📊 Filled: 0 | Pending: 0
  💰 Daily P&L: $+0.00

[2026-08-13 10:46] O:7803.25 H:7805.25 L:7803.00 C:7805.00 V:2010.0
  📈 Trend: moderate_bearish (raw: moderate_bullish) | 🌍 Regime: trending_bullish
  🗺️  Grid: 0.080% | 🔺 7803.50 🔻 7802.25
  📡 RSI: 52.2 | MACD: -2.08 | ATR: 2.70
  📊 Filled: 0 | Pending: 0
  💰 Daily P&L: $+0.00

[2026-08-13 10:47] O:7805.25 H:7805.50 L:7803.50 C:7804.25 V:1682.0
  📈 Trend: moderate_bearish | 🌍 Regime: trending_bearish
  🗺️  Grid: 0.080% | 🔺 7805.25 🔻 7803.00
  📡 RSI: 56.6 | MACD: -1.96 | ATR: 2.55
  📊 Filled: 0 | Pending: 0
  💰 Daily P&L: $+0.00

[2026-08-13 10:48] O:7804.25 H:7804.50 L:7802.50 C:7802.75 V:1093.0
  📈 Trend: moderate_bearish | 🌍 Regime: trending_bearish
  🗺️  Grid: 0.080% | 🔺 7805.50 🔻 7803.50
  📡 RSI: 44.7 | MACD: -1.96 | ATR: 2.39
  📊 Filled: 0 | Pending: 0
  💰 Daily P&L: $+0.00

[2026-08-13 10:49] O:7802.75 H:7803.50 L:7801.00 C:7803.25 V:2432.0
  📈 Trend: moderate_bearish | 🌍 Regime: trending_bearish
  🗺️  Grid: 0.080% | 🔺 7804.50 🔻 7802.50
  📡 RSI: 48.0 | MACD: -1.89 | ATR: 2.34
  📊 Filled: 0 | Pending: 0
  💰 Daily P&L: $+0.00

[2026-08-13 10:50] O:7803.25 H:7803.50 L:7801.75 C:7803.25 V:1594.0
  📈 Trend: moderate_bearish | 🌍 Regime: trending_bearish
  🗺️  Grid: 0.080% | 🔺 7803.50 🔻 7801.00
  📡 RSI: 51.4 | MACD: -1.82 | ATR: 2.29
  📊 Filled: 0 | Pending: 0
  💰 Daily P&L: $+0.00

[2026-08-13 10:51] O:7803.00 H:7803.00 L:7800.50 C:7801.75 V:2064.0
  📈 Trend: moderate_bearish | 🌍 Regime: trending_bearish
  🗺️  Grid: 0.080% | 🔺 7803.50 🔻 7801.75
  📡 RSI: 48.6 | MACD: -1.86 | ATR: 2.29
  📊 Filled: 0 | Pending: 0
  💰 Daily P&L: $+0.00

[2026-08-13 10:52] O:7801.50 H:7801.75 L:7799.25 C:7801.25 V:2817.0
  📈 Trend: moderate_bearish (raw: strong_bearish) | 🌍 Regime: trending_bearish
  🗺️  Grid: 0.080% | 🔺 7803.00 🔻 7800.50
  📡 RSI: 43.7 | MACD: -1.92 | ATR: 2.29
  📊 Filled: 0 | Pending: 0
  💰 Daily P&L: $+0.00

[2026-08-13 10:53] O:7801.25 H:7802.25 L:7800.25 C:7802.25 V:1748.0
  📈 Trend: strong_bearish | 🌍 Regime: trending_bearish
  🗺️  Grid: 0.080% | 🔺 7801.75 🔻 7799.25
  📡 RSI: 45.9 | MACD: -1.86 | ATR: 2.34
  📊 Filled: 0 | Pending: 0
  💰 Daily P&L: $+0.00

[2026-08-13 10:54] O:7802.25 H:7802.50 L:7800.25 C:7800.75 V:1493.0
  📈 Trend: strong_bearish | 🌍 Regime: trending_bearish
  🗺️  Grid: 0.080% | 🔺 7802.25 🔻 7800.25
  📡 RSI: 47.2 | MACD: -1.91 | ATR: 2.30
  📊 Filled: 0 | Pending: 0
  💰 Daily P&L: $+0.00

[2026-08-13 10:55] O:7800.75 H:7802.25 L:7800.00 C:7801.25 V:2251.0
  📈 Trend: strong_bearish | 🌍 Regime: trending_bearish
  🗺️  Grid: 0.080% | 🔺 7802.50 🔻 7800.25
  📡 RSI: 35.6 | MACD: -1.88 | ATR: 2.18
  📊 Filled: 0 | Pending: 0
  💰 Daily P&L: $+0.00

[2026-08-13 10:56] O:7801.00 H:7802.50 L:7800.75 C:7802.50 V:1201.0
  📈 Trend: strong_bearish (raw: moderate_bearish) | 🌍 Regime: ranging
  🗺️  Grid: 0.080% | 🔺 7802.25 🔻 7800.00
  📡 RSI: 34.5 | MACD: -1.75 | ATR: 2.12
  📊 Filled: 0 | Pending: 0
  🔲 Regime: RANGING | Range pos: 37% | RSI: 34.5
  💰 Daily P&L: $+0.00

[2026-08-13 10:57] O:7802.25 H:7803.75 L:7800.50 C:7800.75 V:1924.0
  📈 Trend: strong_bearish | 🌍 Regime: ranging
  🗺️  Grid: 0.080% | 🔺 7802.50 🔻 7800.75
  📡 RSI: 33.9 | MACD: -1.76 | ATR: 2.23
  📊 Filled: 0 | Pending: 0
  🔲 Regime: RANGING | Range pos: 17% | RSI: 33.9
  🚫 Raw trend blocks RANGING LONG | raw: strong_bearish
  💰 Daily P&L: $+0.00

[2026-08-13 10:58] O:7800.75 H:7801.00 L:7798.50 C:7799.00 V:1958.0
  📈 Trend: strong_bearish | 🌍 Regime: ranging
  🗺️  Grid: 0.080% | 🔺 7803.75 🔻 7800.50
  📡 RSI: 33.9 | MACD: -1.89 | ATR: 2.23
  📊 Filled: 0 | Pending: 0
  🔲 Regime: RANGING | Range pos: 5% | RSI: 33.9
  🚫 Raw trend blocks RANGING LONG | raw: strong_bearish
  💰 Daily P&L: $+0.00

[2026-08-13 10:59] O:7799.00 H:7799.25 L:7797.75 C:7799.00 V:2919.0
  📈 Trend: strong_bearish | 🌍 Regime: ranging
  🗺️  Grid: 0.080% | 🔺 7801.00 🔻 7798.50
  📡 RSI: 35.1 | MACD: -1.97 | ATR: 2.23
  📊 Filled: 0 | Pending: 0
  🔲 Regime: RANGING | Range pos: 12% | RSI: 35.1
  💰 Daily P&L: $+0.00

[2026-08-13 11:00] O:7798.75 H:7801.50 L:7798.50 C:7801.50 V:2362.0
  📈 Trend: strong_bearish | 🌍 Regime: ranging
  🗺️  Grid: 0.080% | 🔺 7799.25 🔻 7797.75
  📡 RSI: 38.3 | MACD: -1.81 | ATR: 2.29
  📊 Filled: 0 | Pending: 0
  🔲 Regime: RANGING | Range pos: 37% | RSI: 38.3
  💰 Daily P&L: $+0.00

[2026-08-13 11:01] O:7801.50 H:7802.25 L:7800.00 C:7802.00 V:1772.0
  📈 Trend: strong_bearish | 🌍 Regime: ranging
  🗺️  Grid: 0.080% | 🔺 7801.50 🔻 7798.50
  📡 RSI: 42.4 | MACD: -1.62 | ATR: 2.30
  📊 Filled: 0 | Pending: 0
  🔲 Regime: RANGING | Range pos: 41% | RSI: 42.4
  💰 Daily P&L: $+0.00

[2026-08-13 11:02] O:7802.00 H:7804.50 L:7801.75 C:7804.25 V:1844.0
  📈 Trend: strong_bearish | 🌍 Regime: ranging
  🗺️  Grid: 0.080% | 🔺 7802.25 🔻 7800.00
  📡 RSI: 54.8 | MACD: -1.28 | ATR: 2.36
  📊 Filled: 0 | Pending: 0
  🔲 Regime: RANGING | Range pos: 63% | RSI: 54.8
  💰 Daily P&L: $+0.00

[2026-08-13 11:03] O:7804.00 H:7804.75 L:7802.50 C:7804.50 V:1827.0
  📈 Trend: strong_bearish (raw: moderate_bearish) | 🌍 Regime: ranging
  🗺️  Grid: 0.080% | 🔺 7804.50 🔻 7801.75
  📡 RSI: 54.1 | MACD: -0.97 | ATR: 2.34
  📊 Filled: 0 | Pending: 0
  🔲 Regime: RANGING | Range pos: 66% | RSI: 54.1
  💰 Daily P&L: $+0.00

[2026-08-13 11:04] O:7804.50 H:7804.50 L:7802.50 C:7803.00 V:1302.0
  📈 Trend: strong_bearish | 🌍 Regime: ranging
  🗺️  Grid: 0.080% | 🔺 7804.75 🔻 7802.50
  📡 RSI: 49.3 | MACD: -0.84 | ATR: 2.36
  📊 Filled: 0 | Pending: 0
  🔲 Regime: RANGING | Range pos: 51% | RSI: 49.3
  💰 Daily P&L: $+0.00

[2026-08-13 11:05] O:7803.25 H:7806.00 L:7802.75 C:7806.00 V:1637.0
  📈 Trend: strong_bearish (raw: moderate_bearish) | 🌍 Regime: ranging
  🗺️  Grid: 0.080% | 🔺 7804.50 🔻 7802.50
  📡 RSI: 61.6 | MACD: -0.49 | ATR: 2.39
  📊 Filled: 0 | Pending: 0
  🔲 Regime: RANGING | Range pos: 80% | RSI: 61.6
  💰 Daily P&L: $+0.00

[2026-08-13 11:06] O:7806.00 H:7807.00 L:7805.00 C:7805.25 V:2179.0
  📈 Trend: moderate_bearish | 🌍 Regime: ranging
  🗺️  Grid: 0.080% | 🔺 7806.00 🔻 7802.75
  📡 RSI: 60.8 | MACD: -0.27 | ATR: 2.36
  📊 Filled: 0 | Pending: 0
  🔲 Regime: RANGING | Range pos: 73% | RSI: 60.8
  💰 Daily P&L: $+0.00

[2026-08-13 11:07] O:7805.25 H:7806.00 L:7804.00 C:7804.50 V:1194.0
  📈 Trend: moderate_bearish | 🌍 Regime: ranging
  🗺️  Grid: 0.080% | 🔺 7807.00 🔻 7805.00
  📡 RSI: 56.2 | MACD: -0.16 | ATR: 2.36
  📊 Filled: 0 | Pending: 0
  🔲 Regime: RANGING | Range pos: 66% | RSI: 56.2
  💰 Daily P&L: $+0.00

[2026-08-13 11:08] O:7804.50 H:7805.25 L:7804.25 C:7805.00 V:1002.0
  📈 Trend: moderate_bearish | 🌍 Regime: ranging
  🗺️  Grid: 0.080% | 🔺 7806.00 🔻 7804.00
  📡 RSI: 62.3 | MACD: -0.03 | ATR: 2.27
  📊 Filled: 0 | Pending: 0
  🔲 Regime: RANGING | Range pos: 71% | RSI: 62.3
  💰 Daily P&L: $+0.00

[2026-08-13 11:09] O:7805.00 H:7805.00 L:7803.25 C:7803.75 V:1612.0
  📈 Trend: moderate_bearish | 🌍 Regime: ranging
  🗺️  Grid: 0.080% | 🔺 7805.25 🔻 7804.25
  📡 RSI: 56.9 | MACD: -0.02 | ATR: 2.23
  📊 Filled: 0 | Pending: 0
  🔲 Regime: RANGING | Range pos: 59% | RSI: 56.9
  💰 Daily P&L: $+0.00

[2026-08-13 11:10] O:7803.50 H:7804.75 L:7803.25 C:7804.00 V:1127.0
  📈 Trend: moderate_bearish (raw: moderate_bullish) | 🌍 Regime: ranging
  🗺️  Grid: 0.080% | 🔺 7805.00 🔻 7803.25
  📡 RSI: 54.4 | MACD: 0.00 | ATR: 2.21
  📊 Filled: 0 | Pending: 0
  🔲 Regime: RANGING | Range pos: 61% | RSI: 54.4
  💰 Daily P&L: $+0.00

[2026-08-13 11:11] O:7804.00 H:7805.25 L:7803.25 C:7803.50 V:1141.0
  📈 Trend: moderate_bearish | 🌍 Regime: ranging
  🗺️  Grid: 0.080% | 🔺 7804.75 🔻 7803.25
  📡 RSI: 58.7 | MACD: -0.02 | ATR: 2.12
  📊 Filled: 0 | Pending: 0
  🔲 Regime: RANGING | Range pos: 56% | RSI: 58.7
  💰 Daily P&L: $+0.00

[2026-08-13 11:12] O:7803.50 H:7804.75 L:7802.25 C:7802.50 V:1605.0
  📈 Trend: moderate_bearish | 🌍 Regime: ranging
  🗺️  Grid: 0.080% | 🔺 7805.25 🔻 7803.25
  📡 RSI: 61.7 | MACD: -0.12 | ATR: 2.12
  📊 Filled: 0 | Pending: 0
  🔲 Regime: RANGING | Range pos: 46% | RSI: 61.7
  💰 Daily P&L: $+0.00

[2026-08-13 11:13] O:7802.25 H:7803.00 L:7801.25 C:7801.50 V:2160.0
  📈 Trend: moderate_bearish | 🌍 Regime: ranging
  🗺️  Grid: 0.080% | 🔺 7804.75 🔻 7802.25
  📡 RSI: 57.8 | MACD: -0.27 | ATR: 2.14
  📊 Filled: 0 | Pending: 0
  🔲 Regime: RANGING | Range pos: 37% | RSI: 57.8
  💰 Daily P&L: $+0.00

[2026-08-13 11:14] O:7801.50 H:7802.00 L:7800.75 C:7801.00 V:1331.0
  📈 Trend: moderate_bearish (raw: strong_bearish) | 🌍 Regime: ranging
  🗺️  Grid: 0.080% | 🔺 7803.00 🔻 7801.25
  📡 RSI: 48.2 | MACD: -0.43 | ATR: 2.02
  📊 Filled: 0 | Pending: 0
  🔲 Regime: RANGING | Range pos: 32% | RSI: 48.2
  💰 Daily P&L: $+0.00

[2026-08-13 11:15] O:7801.00 H:7802.75 L:7800.75 C:7801.00 V:2136.0
  📈 Trend: strong_bearish | 🌍 Regime: ranging
  🗺️  Grid: 0.080% | 🔺 7802.00 🔻 7800.75
  📡 RSI: 46.3 | MACD: -0.55 | ATR: 2.00
  📊 Filled: 0 | Pending: 0
  🔲 Regime: RANGING | Range pos: 32% | RSI: 46.3
  💰 Daily P&L: $+0.00

[2026-08-13 11:16] O:7801.00 H:7801.75 L:7800.25 C:7800.25 V:1271.0
  📈 Trend: strong_bearish | 🌍 Regime: ranging
  🗺️  Grid: 0.080% | 🔺 7802.75 🔻 7800.75
  📡 RSI: 33.3 | MACD: -0.69 | ATR: 1.91
  📊 Filled: 0 | Pending: 0
  🔲 Regime: RANGING | Range pos: 24% | RSI: 33.3
  🚫 Raw trend blocks RANGING LONG | raw: strong_bearish
  💰 Daily P&L: $+0.00

[2026-08-13 11:17] O:7800.25 H:7801.75 L:7800.00 C:7801.25 V:1250.0
  📈 Trend: strong_bearish | 🌍 Regime: ranging
  🗺️  Grid: 0.080% | 🔺 7801.75 🔻 7800.25
  📡 RSI: 37.3 | MACD: -0.72 | ATR: 1.88
  📊 Filled: 0 | Pending: 0
  🔲 Regime: RANGING | Range pos: 34% | RSI: 37.3
  💰 Daily P&L: $+0.00

[2026-08-13 11:18] O:7801.50 H:7802.25 L:7800.75 C:7801.25 V:916.0
  📈 Trend: strong_bearish | 🌍 Regime: ranging
  🗺️  Grid: 0.080% | 🔺 7801.75 🔻 7800.00
  📡 RSI: 42.2 | MACD: -0.73 | ATR: 1.84
  📊 Filled: 0 | Pending: 0
  🔲 Regime: RANGING | Range pos: 34% | RSI: 42.2
  💰 Daily P&L: $+0.00

[2026-08-13 11:19] O:7801.25 H:7803.00 L:7800.75 C:7802.50 V:1042.0
  📈 Trend: strong_bearish | 🌍 Regime: ranging
  🗺️  Grid: 0.080% | 🔺 7802.25 🔻 7800.75
  📡 RSI: 31.6 | MACD: -0.63 | ATR: 1.77
  📊 Filled: 0 | Pending: 0
  🔲 Regime: RANGING | Range pos: 46% | RSI: 31.6
  💰 Daily P&L: $+0.00

[2026-08-13 11:20] O:7802.50 H:7804.00 L:7801.50 C:7803.75 V:1386.0
  📈 Trend: strong_bearish (raw: moderate_bullish) | 🌍 Regime: ranging
  🗺️  Grid: 0.080% | 🔺 7803.00 🔻 7800.75
  📡 RSI: 42.5 | MACD: -0.45 | ATR: 1.80
  📊 Filled: 0 | Pending: 0
  🔲 Regime: RANGING | Range pos: 59% | RSI: 42.5
  💰 Daily P&L: $+0.00

[2026-08-13 11:21] O:7803.75 H:7804.00 L:7802.50 C:7803.75 V:1162.0
  📈 Trend: strong_bearish (raw: moderate_bearish) | 🌍 Regime: ranging
  🗺️  Grid: 0.080% | 🔺 7804.00 🔻 7801.50
  📡 RSI: 45.9 | MACD: -0.30 | ATR: 1.77
  📊 Filled: 0 | Pending: 0
  🔲 Regime: RANGING | Range pos: 59% | RSI: 45.9
  💰 Daily P&L: $+0.00

[2026-08-13 11:22] O:7803.75 H:7805.00 L:7803.25 C:7804.00 V:1066.0
  📈 Trend: moderate_bearish | 🌍 Regime: ranging
  🗺️  Grid: 0.080% | 🔺 7804.00 🔻 7802.50
  📡 RSI: 44.4 | MACD: -0.16 | ATR: 1.82
  📊 Filled: 0 | Pending: 0
  🔲 Regime: RANGING | Range pos: 61% | RSI: 44.4
  💰 Daily P&L: $+0.00

[2026-08-13 11:23] O:7804.00 H:7804.25 L:7803.25 C:7804.00 V:843.0
  📈 Trend: moderate_bearish (raw: moderate_bullish) | 🌍 Regime: ranging
  🗺️  Grid: 0.080% | 🔺 7805.00 🔻 7803.25
  📡 RSI: 51.6 | MACD: -0.05 | ATR: 1.77
  📊 Filled: 0 | Pending: 0
  🔲 Regime: RANGING | Range pos: 61% | RSI: 51.6
  💰 Daily P&L: $+0.00

[2026-08-13 11:24] O:7804.00 H:7805.00 L:7803.75 C:7804.50 V:875.0
  📈 Trend: moderate_bullish | 🌍 Regime: ranging
  🗺️  Grid: 0.080% | 🔺 7804.25 🔻 7803.25
  📡 RSI: 53.1 | MACD: 0.08 | ATR: 1.75
  📊 Filled: 0 | Pending: 0
  🔲 Regime: RANGING | Range pos: 66% | RSI: 53.1
  💰 Daily P&L: $+0.00

[2026-08-13 11:25] O:7804.50 H:7808.00 L:7804.25 C:7807.50 V:2135.0
  📈 Trend: moderate_bullish (raw: strong_bullish) | 🌍 Regime: ranging
  🗺️  Grid: 0.080% | 🔺 7805.00 🔻 7803.75
  📡 RSI: 69.0 | MACD: 0.42 | ATR: 1.88
  📊 Filled: 0 | Pending: 0
  🔲 Regime: RANGING | Range pos: 95% | RSI: 69.0
  💰 Daily P&L: $+0.00

[2026-08-13 11:26] O:7807.75 H:7808.00 L:7806.75 C:7807.25 V:1184.0
  📈 Trend: strong_bullish | 🌍 Regime: ranging
  🗺️  Grid: 0.080% | 🔺 7808.00 🔻 7804.25
  📡 RSI: 74.4 | MACD: 0.66 | ATR: 1.79
  📊 Filled: 0 | Pending: 0
  🔲 Regime: RANGING | Range pos: 93% | RSI: 74.4
  🚫 Raw trend blocks RANGING SHORT | raw: strong_bullish
  💰 Daily P&L: $+0.00

[2026-08-13 11:27] O:7807.25 H:7809.00 L:7807.25 C:7807.50 V:1596.0
  📈 Trend: strong_bullish | 🌍 Regime: ranging
  🗺️  Grid: 0.080% | 🔺 7808.00 🔻 7806.75
  📡 RSI: 83.3 | MACD: 0.86 | ATR: 1.79
  📊 Filled: 0 | Pending: 0
  🔲 Regime: RANGING | Range pos: 87% | RSI: 83.3
  🚫 Raw trend blocks RANGING SHORT | raw: strong_bullish
  💰 Daily P&L: $+0.00

[2026-08-13 11:28] O:7807.50 H:7808.50 L:7807.25 C:7808.00 V:1186.0
  📈 Trend: strong_bullish | 🌍 Regime: ranging
  🗺️  Grid: 0.080% | 🔺 7809.00 🔻 7807.25
  📡 RSI: 88.9 | MACD: 1.05 | ATR: 1.79
  📊 Filled: 0 | Pending: 0
  🔲 Regime: RANGING | Range pos: 91% | RSI: 88.9
  🚫 Raw trend blocks RANGING SHORT | raw: strong_bullish
  💰 Daily P&L: $+0.00

[2026-08-13 11:29] O:7808.25 H:7809.50 L:7807.75 C:7809.50 V:1381.0
  📈 Trend: strong_bullish | 🌍 Regime: ranging
  🗺️  Grid: 0.080% | 🔺 7808.50 🔻 7807.25
  📡 RSI: 90.5 | MACD: 1.30 | ATR: 1.77
  📊 Filled: 0 | Pending: 0
  🔲 Regime: RANGING | Range pos: 100% | RSI: 90.5
  🚫 Raw trend blocks RANGING SHORT | raw: strong_bullish
  💰 Daily P&L: $+0.00

[2026-08-13 11:30] O:7809.50 H:7810.50 L:7808.75 C:7810.25 V:1953.0
  📈 Trend: strong_bullish | 🌍 Regime: ranging
  🗺️  Grid: 0.080% | 🔺 7809.50 🔻 7807.75
  📡 RSI: 97.6 | MACD: 1.55 | ATR: 1.79
  📊 Filled: 0 | Pending: 0
  🔲 Regime: RANGING | Range pos: 98% | RSI: 97.6
  🚫 Raw trend blocks RANGING SHORT | raw: strong_bullish
  💰 Daily P&L: $+0.00

[2026-08-13 11:31] O:7810.50 H:7810.75 L:7808.50 C:7809.25 V:1656.0
  📈 Trend: strong_bullish | 🌍 Regime: ranging
  🗺️  Grid: 0.080% | 🔺 7810.50 🔻 7808.75
  📡 RSI: 88.1 | MACD: 1.64 | ATR: 1.82
  📊 Filled: 0 | Pending: 0
  🔲 Regime: RANGING | Range pos: 88% | RSI: 88.1
  🚫 Raw trend blocks RANGING SHORT | raw: strong_bullish
  💰 Daily P&L: $+0.00

[2026-08-13 11:32] O:7809.00 H:7810.50 L:7808.00 C:7809.00 V:1543.0
  📈 Trend: strong_bullish | 🌍 Regime: ranging
  🗺️  Grid: 0.080% | 🔺 7810.75 🔻 7808.50
  📡 RSI: 86.0 | MACD: 1.67 | ATR: 1.89
  📊 Filled: 0 | Pending: 0
  🔲 Regime: RANGING | Range pos: 87% | RSI: 86.0
  🚫 Raw trend blocks RANGING SHORT | raw: strong_bullish
  💰 Daily P&L: $+0.00

[2026-08-13 11:33] O:7809.00 H:7811.25 L:7809.00 C:7810.75 V:1578.0
  📈 Trend: strong_bullish | 🌍 Regime: ranging
  🗺️  Grid: 0.080% | 🔺 7810.50 🔻 7808.00
  📡 RSI: 86.7 | MACD: 1.82 | ATR: 1.89
  📊 Filled: 0 | Pending: 0
  🔲 Regime: RANGING | Range pos: 96% | RSI: 86.7
  🚫 Raw trend blocks RANGING SHORT | raw: strong_bullish
  💰 Daily P&L: $+0.00

[2026-08-13 11:34] O:7811.00 H:7811.25 L:7810.50 C:7810.50 V:1247.0
  📈 Trend: strong_bullish | 🌍 Regime: ranging
  🗺️  Grid: 0.080% | 🔺 7811.25 🔻 7809.00
  📡 RSI: 82.9 | MACD: 1.90 | ATR: 1.77
  📊 Filled: 0 | Pending: 0
  🔲 Regime: RANGING | Range pos: 94% | RSI: 82.9
  🚫 Raw trend blocks RANGING SHORT | raw: strong_bullish
  💰 Daily P&L: $+0.00

[2026-08-13 11:35] O:7810.50 H:7811.25 L:7810.00 C:7810.25 V:1248.0
  📈 Trend: strong_bullish | 🌍 Regime: ranging
  🗺️  Grid: 0.080% | 🔺 7811.25 🔻 7810.50
  📡 RSI: 81.0 | MACD: 1.92 | ATR: 1.75
  📊 Filled: 0 | Pending: 0
  🔲 Regime: RANGING | Range pos: 93% | RSI: 81.0
  🚫 Raw trend blocks RANGING SHORT | raw: strong_bullish
  💰 Daily P&L: $+0.00

[2026-08-13 11:36] O:7810.25 H:7810.50 L:7808.50 C:7809.00 V:1307.0
  📈 Trend: strong_bullish | 🌍 Regime: ranging
  🗺️  Grid: 0.080% | 🔺 7811.25 🔻 7810.00
  📡 RSI: 71.7 | MACD: 1.81 | ATR: 1.77
  📊 Filled: 0 | Pending: 0
  🔲 Regime: RANGING | Range pos: 83% | RSI: 71.7
  🚫 Raw trend blocks RANGING SHORT | raw: strong_bullish
  💰 Daily P&L: $+0.00

[2026-08-13 11:37] O:7809.25 H:7809.75 L:7808.50 C:7808.75 V:798.0
  📈 Trend: strong_bullish | 🌍 Regime: ranging
  🗺️  Grid: 0.080% | 🔺 7810.50 🔻 7808.50
  📡 RSI: 70.2 | MACD: 1.68 | ATR: 1.79
  📊 Filled: 0 | Pending: 0
  🔲 Regime: RANGING | Range pos: 81% | RSI: 70.2
  🚫 Raw trend blocks RANGING SHORT | raw: strong_bullish
  💰 Daily P&L: $+0.00

[2026-08-13 11:38] O:7808.75 H:7810.00 L:7808.25 C:7809.50 V:929.0
  📈 Trend: strong_bullish | 🌍 Regime: ranging
  🗺️  Grid: 0.080% | 🔺 7809.75 🔻 7808.50
  📡 RSI: 70.8 | MACD: 1.63 | ATR: 1.82
  📊 Filled: 0 | Pending: 0
  🔲 Regime: RANGING | Range pos: 87% | RSI: 70.8
  🚫 Raw trend blocks RANGING SHORT | raw: strong_bullish
  💰 Daily P&L: $+0.00

[2026-08-13 11:39] O:7809.75 H:7810.50 L:7806.00 C:7807.00 V:1983.0
  📈 Trend: strong_bullish (raw: moderate_bullish) | 🌍 Regime: ranging
  🗺️  Grid: 0.080% | 🔺 7810.00 🔻 7808.25
  📡 RSI: 47.8 | MACD: 1.36 | ATR: 1.88
  📊 Filled: 0 | Pending: 0
  🔲 Regime: RANGING | Range pos: 69% | RSI: 47.8
  💰 Daily P&L: $+0.00

[2026-08-13 11:40] O:7807.00 H:7807.25 L:7806.00 C:7806.50 V:1044.0
  📈 Trend: moderate_bullish | 🌍 Regime: ranging
  🗺️  Grid: 0.080% | 🔺 7810.50 🔻 7806.00
  📡 RSI: 46.8 | MACD: 1.10 | ATR: 1.88
  📊 Filled: 0 | Pending: 0
  🔲 Regime: RANGING | Range pos: 65% | RSI: 46.8
  💰 Daily P&L: $+0.00

[2026-08-13 11:41] O:7806.50 H:7808.00 L:7806.25 C:7807.75 V:956.0
  📈 Trend: moderate_bullish | 🌍 Regime: trending_bullish
  🗺️  Grid: 0.080% | 🔺 7807.25 🔻 7806.00
  📡 RSI: 51.0 | MACD: 0.98 | ATR: 1.88
  📊 Filled: 0 | Pending: 0
  💰 Daily P&L: $+0.00

[2026-08-13 11:42] O:7808.00 H:7809.25 L:7807.25 C:7809.00 V:1115.0
  📈 Trend: moderate_bullish | 🌍 Regime: trending_bullish
  🗺️  Grid: 0.080% | 🔺 7808.00 🔻 7806.25
  📡 RSI: 53.7 | MACD: 0.98 | ATR: 1.93
  📊 Filled: 0 | Pending: 0
  💰 Daily P&L: $+0.00

[2026-08-13 11:43] O:7809.00 H:7809.00 L:7808.00 C:7808.50 V:934.0
  📈 Trend: moderate_bullish | 🌍 Regime: trending_bullish
  🗺️  Grid: 0.080% | 🔺 7809.25 🔻 7807.25
  📡 RSI: 46.0 | MACD: 0.93 | ATR: 1.88
  📊 Filled: 0 | Pending: 0
  💰 Daily P&L: $+0.00

[2026-08-13 11:44] O:7808.50 H:7808.75 L:7808.25 C:7808.25 V:879.0
  📈 Trend: moderate_bullish | 🌍 Regime: trending_bullish
  🗺️  Grid: 0.080% | 🔺 7809.00 🔻 7808.00
  📡 RSI: 41.7 | MACD: 0.85 | ATR: 1.79
  📊 Filled: 0 | Pending: 0
  💰 Daily P&L: $+0.00

[2026-08-13 11:45] O:7808.50 H:7809.75 L:7808.50 C:7809.00 V:868.0
  📈 Trend: moderate_bullish | 🌍 Regime: trending_bullish
  🗺️  Grid: 0.080% | 🔺 7808.75 🔻 7808.25
  📡 RSI: 48.9 | MACD: 0.85 | ATR: 1.73
  📊 Filled: 0 | Pending: 0
  💰 Daily P&L: $+0.00

[2026-08-13 11:46] O:7809.25 H:7809.50 L:7808.25 C:7809.25 V:685.0
  📈 Trend: moderate_bullish | 🌍 Regime: trending_bullish
  🗺️  Grid: 0.080% | 🔺 7809.75 🔻 7808.50
  📡 RSI: 51.1 | MACD: 0.85 | ATR: 1.64
  📊 Filled: 0 | Pending: 0
  💰 Daily P&L: $+0.00

[2026-08-13 11:47] O:7809.25 H:7810.50 L:7809.00 C:7810.50 V:719.0
  📈 Trend: moderate_bullish | 🌍 Regime: trending_bullish
  🗺️  Grid: 0.080% | 🔺 7809.50 🔻 7808.25
  📡 RSI: 48.9 | MACD: 0.94 | ATR: 1.59
  📊 Filled: 0 | Pending: 0
  💰 Daily P&L: $+0.00

[2026-08-13 11:48] O:7810.25 H:7811.00 L:7810.25 C:7810.50 V:962.0
  📈 Trend: moderate_bullish | 🌍 Regime: trending_bullish
  🗺️  Grid: 0.080% | 🔺 7810.50 🔻 7809.00
  📡 RSI: 50.0 | MACD: 1.01 | ATR: 1.59
  📊 Filled: 0 | Pending: 0
  💰 Daily P&L: $+0.00

[2026-08-13 11:49] O:7810.50 H:7810.75 L:7809.50 C:7810.00 V:1167.0
  📈 Trend: moderate_bullish (raw: moderate_bearish) | 🌍 Regime: trending_bearish
  🗺️  Grid: 0.080% | 🔺 7811.00 🔻 7810.25
  📡 RSI: 48.9 | MACD: 1.01 | ATR: 1.59
  📊 Filled: 0 | Pending: 0
  💰 Daily P&L: $+0.00

[2026-08-13 11:50] O:7810.00 H:7811.25 L:7810.00 C:7811.25 V:754.0
  📈 Trend: moderate_bullish (raw: strong_bullish) | 🌍 Regime: trending_bullish
  🗺️  Grid: 0.080% | 🔺 7810.75 🔻 7809.50
  📡 RSI: 60.0 | MACD: 1.09 | ATR: 1.54
  📊 Filled: 0 | Pending: 0
  💰 Daily P&L: $+0.00

[2026-08-13 11:51] O:7811.25 H:7812.25 L:7811.00 C:7811.25 V:2332.0
  📈 Trend: strong_bullish | 🌍 Regime: trending_bullish
  🗺️  Grid: 0.080% | 🔺 7811.25 🔻 7810.00
  📡 RSI: 61.4 | MACD: 1.15 | ATR: 1.54
  📊 Filled: 0 | Pending: 0
  💰 Daily P&L: $+0.00

[2026-08-13 11:52] O:7811.25 H:7812.25 L:7811.00 C:7811.00 V:1455.0
  📈 Trend: strong_bullish | 🌍 Regime: trending_bullish
  🗺️  Grid: 0.080% | 🔺 7812.25 🔻 7811.00
  📡 RSI: 57.1 | MACD: 1.16 | ATR: 1.50
  📊 Filled: 0 | Pending: 0
  💰 Daily P&L: $+0.00

[2026-08-13 11:53] O:7811.25 H:7811.75 L:7811.00 C:7811.00 V:1294.0
  📈 Trend: strong_bullish | 🌍 Regime: trending_bullish
  🗺️  Grid: 0.080% | 🔺 7812.25 🔻 7811.00
  📡 RSI: 75.0 | MACD: 1.15 | ATR: 1.23
  📊 Filled: 0 | Pending: 0
  💰 Daily P&L: $+0.00

[2026-08-13 11:54] O:7810.75 H:7811.50 L:7810.25 C:7811.00 V:1297.0
  📈 Trend: strong_bullish | 🌍 Regime: trending_bullish
  🗺️  Grid: 0.080% | 🔺 7811.75 🔻 7811.00
  📡 RSI: 80.0 | MACD: 1.14 | ATR: 1.23
  📊 Filled: 0 | Pending: 0
  💰 Daily P&L: $+0.00

[2026-08-13 11:55] O:7811.00 H:7811.75 L:7810.00 C:7811.25 V:1099.0
  📈 Trend: strong_bullish | 🌍 Regime: trending_bullish
  🗺️  Grid: 0.080% | 🔺 7811.50 🔻 7810.25
  📡 RSI: 76.9 | MACD: 1.13 | ATR: 1.23
  📊 Filled: 0 | Pending: 0
  💰 Daily P&L: $+0.00

[2026-08-13 11:56] O:7811.50 H:7811.50 L:7810.00 C:7810.25 V:868.0
  📈 Trend: strong_bullish (raw: moderate_bullish) | 🌍 Regime: ranging
  🗺️  Grid: 0.080% | 🔺 7811.75 🔻 7810.00
  📡 RSI: 60.0 | MACD: 1.03 | ATR: 1.20
  📊 Filled: 0 | Pending: 0
  🔲 Regime: RANGING | Range pos: 86% | RSI: 60.0
  💰 Daily P&L: $+0.00

[2026-08-13 11:57] O:7810.25 H:7811.50 L:7810.25 C:7811.00 V:702.0
  📈 Trend: moderate_bullish | 🌍 Regime: ranging
  🗺️  Grid: 0.080% | 🔺 7811.50 🔻 7810.00
  📡 RSI: 69.2 | MACD: 1.00 | ATR: 1.21
  📊 Filled: 0 | Pending: 0
  🔲 Regime: RANGING | Range pos: 91% | RSI: 69.2
  💰 Daily P&L: $+0.00

[2026-08-13 11:58] O:7811.00 H:7811.50 L:7810.75 C:7811.00 V:719.0
  📈 Trend: moderate_bullish | 🌍 Regime: ranging
  🗺️  Grid: 0.080% | 🔺 7811.50 🔻 7810.25
  📡 RSI: 72.0 | MACD: 0.97 | ATR: 1.23
  📊 Filled: 0 | Pending: 0
  🔲 Regime: RANGING | Range pos: 91% | RSI: 72.0
  🚫 Raw trend blocks RANGING SHORT | raw: moderate_bullish
  💰 Daily P&L: $+0.00

[2026-08-13 11:59] O:7811.00 H:7811.75 L:7810.75 C:7811.50 V:754.0
  📈 Trend: moderate_bullish | 🌍 Regime: trending_bullish
  🗺️  Grid: 0.080% | 🔺 7811.50 🔻 7810.75
  📡 RSI: 70.8 | MACD: 0.97 | ATR: 1.20
  📊 Filled: 0 | Pending: 0
  💰 Daily P&L: $+0.00

[2026-08-13 12:00] O:7811.50 H:7814.00 L:7811.50 C:7813.50 V:2189.0
  📈 Trend: moderate_bullish (raw: strong_bullish) | 🌍 Regime: ranging
  🗺️  Grid: 0.080% | 🔺 7811.75 🔻 7810.75
  📡 RSI: 77.4 | MACD: 1.12 | ATR: 1.29
  📊 Filled: 0 | Pending: 0
  🔲 Regime: RANGING | Range pos: 97% | RSI: 77.4
  🚫 Raw trend blocks RANGING SHORT | raw: strong_bullish
  💰 Daily P&L: $+0.00

[2026-08-13 12:01] O:7813.50 H:7814.75 L:7813.25 C:7814.00 V:1197.0
  📈 Trend: strong_bullish | 🌍 Regime: ranging
  🗺️  Grid: 0.080% | 🔺 7814.00 🔻 7811.50
  📡 RSI: 75.0 | MACD: 1.27 | ATR: 1.29
  📊 Filled: 0 | Pending: 0
  🔲 Regime: RANGING | Range pos: 96% | RSI: 75.0
  🚫 Raw trend blocks RANGING SHORT | raw: strong_bullish
  💰 Daily P&L: $+0.00

[2026-08-13 12:02] O:7814.25 H:7814.25 L:7813.25 C:7813.50 V:999.0
  📈 Trend: strong_bullish | 🌍 Regime: ranging
  🗺️  Grid: 0.080% | 🔺 7814.75 🔻 7813.25
  📡 RSI: 70.0 | MACD: 1.33 | ATR: 1.30
  📊 Filled: 0 | Pending: 0
  🔲 Regime: RANGING | Range pos: 93% | RSI: 70.0
  💰 Daily P&L: $+0.00

[2026-08-13 12:03] O:7813.50 H:7814.50 L:7812.50 C:7814.50 V:945.0
  📈 Trend: strong_bullish | 🌍 Regime: ranging
  🗺️  Grid: 0.080% | 🔺 7814.25 🔻 7813.25
  📡 RSI: 78.1 | MACD: 1.44 | ATR: 1.36
  📊 Filled: 0 | Pending: 0
  🔲 Regime: RANGING | Range pos: 99% | RSI: 78.1
  🚫 Raw trend blocks RANGING SHORT | raw: strong_bullish
  💰 Daily P&L: $+0.00

[2026-08-13 12:04] O:7814.50 H:7814.50 L:7813.75 C:7814.00 V:1149.0
  📈 Trend: strong_bullish | 🌍 Regime: ranging
  🗺️  Grid: 0.080% | 🔺 7814.50 🔻 7812.50
  📡 RSI: 69.0 | MACD: 1.47 | ATR: 1.32
  📊 Filled: 0 | Pending: 0
  🔲 Regime: RANGING | Range pos: 96% | RSI: 69.0
  💰 Daily P&L: $+0.00

[2026-08-13 12:05] O:7814.25 H:7816.00 L:7813.50 C:7815.50 V:1452.0
  📈 Trend: strong_bullish | 🌍 Regime: ranging
  🗺️  Grid: 0.080% | 🔺 7814.50 🔻 7813.75
  📡 RSI: 74.3 | MACD: 1.60 | ATR: 1.41
  📊 Filled: 0 | Pending: 0
  🔲 Regime: RANGING | Range pos: 97% | RSI: 74.3
  🚫 Raw trend blocks RANGING SHORT | raw: strong_bullish
  💰 Daily P&L: $+0.00

[2026-08-13 12:06] O:7815.25 H:7816.00 L:7814.75 C:7815.00 V:1331.0
  📈 Trend: strong_bullish | 🌍 Regime: ranging
  🗺️  Grid: 0.080% | 🔺 7816.00 🔻 7813.50
  📡 RSI: 72.2 | MACD: 1.64 | ATR: 1.41
  📊 Filled: 0 | Pending: 0
  🔲 Regime: RANGING | Range pos: 95% | RSI: 72.2
  🚫 Raw trend blocks RANGING SHORT | raw: strong_bullish
  💰 Daily P&L: $+0.00

[2026-08-13 12:07] O:7815.00 H:7816.25 L:7815.00 C:7815.75 V:955.0
  📈 Trend: strong_bullish | 🌍 Regime: ranging
  🗺️  Grid: 0.080% | 🔺 7816.00 🔻 7814.75
  📡 RSI: 74.4 | MACD: 1.71 | ATR: 1.45
  📊 Filled: 0 | Pending: 0
  🔲 Regime: RANGING | Range pos: 97% | RSI: 74.4
  🚫 Raw trend blocks RANGING SHORT | raw: strong_bullish
  💰 Daily P&L: $+0.00

[2026-08-13 12:08] O:7815.50 H:7818.25 L:7815.50 C:7816.75 V:2473.0
  📈 Trend: strong_bullish | 🌍 Regime: ranging
  🗺️  Grid: 0.080% | 🔺 7816.25 🔻 7815.00
  📡 RSI: 76.7 | MACD: 1.83 | ATR: 1.55
  📊 Filled: 0 | Pending: 0
  🔲 Regime: RANGING | Range pos: 93% | RSI: 76.7
  🚫 Raw trend blocks RANGING SHORT | raw: strong_bullish
  💰 Daily P&L: $+0.00

[2026-08-13 12:09] O:7816.75 H:7816.75 L:7815.50 C:7816.75 V:1012.0
  📈 Trend: strong_bullish | 🌍 Regime: trending_bullish
  🗺️  Grid: 0.080% | 🔺 7818.25 🔻 7815.50
  📡 RSI: 76.2 | MACD: 1.90 | ATR: 1.52
  📊 Filled: 0 | Pending: 0
  💰 Daily P&L: $+0.00

[2026-08-13 12:10] O:7816.75 H:7817.00 L:7816.00 C:7816.75 V:754.0
  📈 Trend: strong_bullish | 🌍 Regime: trending_bullish
  🗺️  Grid: 0.080% | 🔺 7816.75 🔻 7815.50
  📡 RSI: 84.2 | MACD: 1.93 | ATR: 1.48
  📊 Filled: 0 | Pending: 0
  💰 Daily P&L: $+0.00

[2026-08-13 12:11] O:7816.75 H:7817.50 L:7816.50 C:7817.00 V:1033.0
  📈 Trend: strong_bullish | 🌍 Regime: trending_bullish
  🗺️  Grid: 0.080% | 🔺 7817.00 🔻 7816.00
  📡 RSI: 83.3 | MACD: 1.96 | ATR: 1.46
  📊 Filled: 0 | Pending: 0
  💰 Daily P&L: $+0.00

[2026-08-13 12:12] O:7817.00 H:7817.00 L:7815.50 C:7815.75 V:889.0
  📈 Trend: strong_bullish | 🌍 Regime: trending_bullish
  🗺️  Grid: 0.080% | 🔺 7817.50 🔻 7816.50
  📡 RSI: 73.2 | MACD: 1.86 | ATR: 1.52
  📊 Filled: 0 | Pending: 0
  💰 Daily P&L: $+0.00

[2026-08-13 12:13] O:7815.50 H:7816.25 L:7815.00 C:7816.25 V:1079.0
  📈 Trend: strong_bullish | 🌍 Regime: trending_bullish
  🗺️  Grid: 0.080% | 🔺 7817.00 🔻 7815.50
  📡 RSI: 73.2 | MACD: 1.79 | ATR: 1.54
  📊 Filled: 0 | Pending: 0
  💰 Daily P&L: $+0.00

[2026-08-13 12:14] O:7816.00 H:7816.25 L:7815.50 C:7816.00 V:706.0
  📈 Trend: strong_bullish (raw: moderate_bullish) | 🌍 Regime: trending_bullish
  🗺️  Grid: 0.080% | 🔺 7816.25 🔻 7815.00
  📡 RSI: 64.7 | MACD: 1.71 | ATR: 1.41
  📊 Filled: 0 | Pending: 0
  💰 Daily P&L: $+0.00

[2026-08-13 12:15] O:7816.25 H:7817.50 L:7816.00 C:7816.50 V:1662.0
  📈 Trend: moderate_bullish | 🌍 Regime: trending_bullish
  🗺️  Grid: 0.080% | 🔺 7816.25 🔻 7815.50
  📡 RSI: 64.7 | MACD: 1.66 | ATR: 1.41
  📊 Filled: 0 | Pending: 0
  💰 Daily P&L: $+0.00

[2026-08-13 12:16] O:7816.75 H:7817.75 L:7816.50 C:7817.50 V:1733.0
  📈 Trend: moderate_bullish | 🌍 Regime: trending_bullish
  🗺️  Grid: 0.080% | 🔺 7817.50 🔻 7816.00
  📡 RSI: 72.2 | MACD: 1.68 | ATR: 1.43
  📊 Filled: 0 | Pending: 0
  💰 Daily P&L: $+0.00

[2026-08-13 12:17] O:7817.50 H:7817.75 L:7816.50 C:7816.50 V:1058.0
  📈 Trend: moderate_bullish | 🌍 Regime: trending_bullish
  🗺️  Grid: 0.080% | 🔺 7817.75 🔻 7816.50
  📡 RSI: 61.1 | MACD: 1.60 | ATR: 1.38
  📊 Filled: 0 | Pending: 0
  💰 Daily P&L: $+0.00

[2026-08-13 12:18] O:7816.50 H:7817.75 L:7816.00 C:7817.00 V:988.0
  📈 Trend: moderate_bullish | 🌍 Regime: trending_bullish
  🗺️  Grid: 0.080% | 🔺 7817.75 🔻 7816.50
  📡 RSI: 66.7 | MACD: 1.56 | ATR: 1.45
  📊 Filled: 0 | Pending: 0
  💰 Daily P&L: $+0.00

[2026-08-13 12:19] O:7817.25 H:7818.50 L:7816.75 C:7818.50 V:939.0
  📈 Trend: moderate_bullish | 🌍 Regime: trending_bullish
  🗺️  Grid: 0.080% | 🔺 7817.75 🔻 7816.00
  📡 RSI: 66.7 | MACD: 1.63 | ATR: 1.39
  📊 Filled: 0 | Pending: 0
  💰 Daily P&L: $+0.00

[2026-08-13 12:20] O:7818.50 H:7819.25 L:7817.50 C:7817.50 V:1303.0
  📈 Trend: moderate_bullish | 🌍 Regime: trending_bullish
  🗺️  Grid: 0.080% | 🔺 7818.50 🔻 7816.75
  📡 RSI: 63.2 | MACD: 1.58 | ATR: 1.43
  📊 Filled: 0 | Pending: 0
  💰 Daily P&L: $+0.00

[2026-08-13 12:21] O:7817.50 H:7818.50 L:7817.25 C:7818.00 V:939.0
  📈 Trend: moderate_bullish | 🌍 Regime: trending_bullish
  🗺️  Grid: 0.080% | 🔺 7819.25 🔻 7817.50
  📡 RSI: 62.2 | MACD: 1.57 | ATR: 1.43
  📊 Filled: 0 | Pending: 0
  💰 Daily P&L: $+0.00

[2026-08-13 12:22] O:7818.00 H:7818.00 L:7816.50 C:7817.00 V:1879.0
  📈 Trend: moderate_bullish | 🌍 Regime: trending_bullish
  🗺️  Grid: 0.080% | 🔺 7818.50 🔻 7817.25
  📡 RSI: 51.4 | MACD: 1.46 | ATR: 1.34
  📊 Filled: 0 | Pending: 0
  💰 Daily P&L: $+0.00

[2026-08-13 12:23] O:7817.00 H:7817.25 L:7816.00 C:7816.00 V:1295.0
  📈 Trend: moderate_bullish | 🌍 Regime: trending_bullish
  🗺️  Grid: 0.080% | 🔺 7818.00 🔻 7816.50
  📡 RSI: 46.3 | MACD: 1.28 | ATR: 1.34
  📊 Filled: 0 | Pending: 0
  💰 Daily P&L: $+0.00

[2026-08-13 12:24] O:7816.00 H:7817.25 L:7816.00 C:7817.00 V:1216.0
  📈 Trend: moderate_bullish | 🌍 Regime: trending_bullish
  🗺️  Grid: 0.080% | 🔺 7817.25 🔻 7816.00
  📡 RSI: 51.1 | MACD: 1.20 | ATR: 1.36
  📊 Filled: 0 | Pending: 0
  💰 Daily P&L: $+0.00

[2026-08-13 12:25] O:7817.25 H:7817.50 L:7816.50 C:7817.00 V:758.0
  📈 Trend: moderate_bullish | 🌍 Regime: trending_bullish
  🗺️  Grid: 0.080% | 🔺 7817.25 🔻 7816.00
  📡 RSI: 50.0 | MACD: 1.13 | ATR: 1.36
  📊 Filled: 0 | Pending: 0
  💰 Daily P&L: $+0.00

[2026-08-13 12:26] O:7817.00 H:7817.00 L:7815.25 C:7815.50 V:1514.0
  📈 Trend: moderate_bullish (raw: moderate_bearish) | 🌍 Regime: trending_bearish
  🗺️  Grid: 0.080% | 🔺 7817.50 🔻 7816.50
  📡 RSI: 48.9 | MACD: 0.94 | ATR: 1.38
  📊 Filled: 0 | Pending: 0
  💰 Daily P&L: $+0.00

[2026-08-13 12:27] O:7815.50 H:7816.75 L:7815.25 C:7816.25 V:912.0
  📈 Trend: moderate_bearish | 🌍 Regime: trending_bearish
  🗺️  Grid: 0.080% | 🔺 7817.00 🔻 7815.25
  📡 RSI: 50.0 | MACD: 0.84 | ATR: 1.39
  📊 Filled: 0 | Pending: 0
  💰 Daily P&L: $+0.00

[2026-08-13 12:28] O:7816.25 H:7817.00 L:7816.25 C:7816.50 V:737.0
  📈 Trend: moderate_bearish | 🌍 Regime: trending_bearish
  🗺️  Grid: 0.080% | 🔺 7816.75 🔻 7815.25
  📡 RSI: 52.2 | MACD: 0.77 | ATR: 1.39
  📊 Filled: 0 | Pending: 0
  💰 Daily P&L: $+0.00

[2026-08-13 12:29] O:7816.50 H:7816.50 L:7815.00 C:7815.50 V:1338.0
  📈 Trend: moderate_bearish | 🌍 Regime: trending_bearish
  🗺️  Grid: 0.080% | 🔺 7817.00 🔻 7816.25
  📡 RSI: 45.8 | MACD: 0.63 | ATR: 1.39
  📊 Filled: 0 | Pending: 0
  💰 Daily P&L: $+0.00

[2026-08-13 12:30] O:7815.50 H:7816.75 L:7815.00 C:7816.00 V:1169.0
  📈 Trend: moderate_bearish | 🌍 Regime: trending_bearish
  🗺️  Grid: 0.080% | 🔺 7816.50 🔻 7815.00
  📡 RSI: 43.5 | MACD: 0.55 | ATR: 1.43
  📊 Filled: 0 | Pending: 0
  💰 Daily P&L: $+0.00

[2026-08-13 12:31] O:7816.00 H:7816.25 L:7815.00 C:7815.25 V:886.0
  📈 Trend: moderate_bearish | 🌍 Regime: trending_bearish
  🗺️  Grid: 0.080% | 🔺 7816.75 🔻 7815.00
  📡 RSI: 44.4 | MACD: 0.42 | ATR: 1.43
  📊 Filled: 0 | Pending: 0
  💰 Daily P&L: $+0.00

[2026-08-13 12:32] O:7815.25 H:7815.50 L:7814.50 C:7814.75 V:1575.0
  📈 Trend: moderate_bearish | 🌍 Regime: trending_bearish
  🗺️  Grid: 0.080% | 🔺 7816.25 🔻 7815.00
  📡 RSI: 40.0 | MACD: 0.28 | ATR: 1.38
  📊 Filled: 0 | Pending: 0
  💰 Daily P&L: $+0.00

[2026-08-13 12:33] O:7815.00 H:7815.25 L:7812.50 C:7813.00 V:2105.0
  📈 Trend: moderate_bearish | 🌍 Regime: trending_bearish
  🗺️  Grid: 0.080% | 🔺 7815.50 🔻 7814.50
  📡 RSI: 26.1 | MACD: 0.02 | ATR: 1.45
  📊 Filled: 0 | Pending: 0
  💰 Daily P&L: $+0.00

[2026-08-13 12:34] O:7812.75 H:7814.00 L:7812.75 C:7813.50 V:1175.0
  📈 Trend: moderate_bearish (raw: moderate_bullish) | 🌍 Regime: trending_bullish
  🗺️  Grid: 0.080% | 🔺 7815.25 🔻 7812.50
  📡 RSI: 31.8 | MACD: -0.14 | ATR: 1.41
  📊 Filled: 0 | Pending: 0
  💰 Daily P&L: $+0.00

[2026-08-13 12:35] O:7813.50 H:7813.75 L:7812.50 C:7813.25 V:1406.0
  📈 Trend: moderate_bullish | 🌍 Regime: trending_bullish
  🗺️  Grid: 0.080% | 🔺 7814.00 🔻 7812.75
  📡 RSI: 27.9 | MACD: -0.28 | ATR: 1.41
  📊 Filled: 0 | Pending: 0
  💰 Daily P&L: $+0.00

[2026-08-13 12:36] O:7813.00 H:7813.50 L:7812.25 C:7812.75 V:1255.0
  📈 Trend: moderate_bullish | 🌍 Regime: trending_bullish
  🗺️  Grid: 0.080% | 🔺 7813.75 🔻 7812.50
  📡 RSI: 29.3 | MACD: -0.43 | ATR: 1.39
  📊 Filled: 0 | Pending: 0
  💰 Daily P&L: $+0.00

[2026-08-13 12:37] O:7812.50 H:7813.00 L:7811.25 C:7811.25 V:1978.0
  📈 Trend: moderate_bullish | 🌍 Regime: trending_bullish
  🗺️  Grid: 0.080% | 🔺 7813.50 🔻 7812.25
  📡 RSI: 27.9 | MACD: -0.66 | ATR: 1.43
  📊 Filled: 0 | Pending: 0
  💰 Daily P&L: $+0.00

[2026-08-13 12:38] O:7811.00 H:7812.25 L:7811.00 C:7812.25 V:1155.0
  📈 Trend: moderate_bullish | 🌍 Regime: trending_bullish
  🗺️  Grid: 0.080% | 🔺 7813.00 🔻 7811.25
  📡 RSI: 27.9 | MACD: -0.76 | ATR: 1.43
  📊 Filled: 0 | Pending: 0
  💰 Daily P&L: $+0.00

[2026-08-13 12:39] O:7812.00 H:7812.50 L:7811.00 C:7812.25 V:1354.0
  📈 Trend: moderate_bullish | 🌍 Regime: trending_bullish
  🗺️  Grid: 0.080% | 🔺 7812.25 🔻 7811.00
  📡 RSI: 27.9 | MACD: -0.82 | ATR: 1.46
  📊 Filled: 0 | Pending: 0
  💰 Daily P&L: $+0.00

[2026-08-13 12:40] O:7812.50 H:7813.50 L:7811.75 C:7813.25 V:1464.0
  📈 Trend: moderate_bullish | 🌍 Regime: trending_bullish
  🗺️  Grid: 0.080% | 🔺 7812.50 🔻 7811.00
  📡 RSI: 39.0 | MACD: -0.79 | ATR: 1.46
  📊 Filled: 0 | Pending: 0
  📤 Limit BUY 10 @ 7813.25 submitted (ID: 615)
  ⬆️ LONG ORDER @ 7813.25 | Size: 1.00 | SL: 7810.25 | TP: 7817.75 [10cts]
     Reason: Grid Long (moderate_bullish, RSI: 39.0)
  🔬 SHADOW [long trending]: 🟩 ROBUST WOULD ALLOW
       MACD=PASS (-0.79 vs -0.82, Δ+0.04) | 5m=PASS (1m=moderate_bullish, 5m=sideways)
     ⏳ Order 615 PENDING - awaiting fill confirmation
  💰 Daily P&L: $+0.00
  📋 Order 615 status: PreSubmitted
  ✅ Fill: BOT 10.0 @ 7812.25
  📋 Order 615 status: Filled
  📤 Stop-Limit SELL 10 @ stop:7804.25 / lmt:7800.25 submitted (ID: 616) [OCA:exit_615_1786642926]
  📋 Order 616 status: PreSubmitted
  📤 Limit SELL 10 @ 7816.75 submitted (ID: 617) [OCA:exit_615_1786642926]
  📋 Order 617 status: PreSubmitted
  ✅ FILL CONFIRMED: LONG @ 7812.25 (order 615)
     📊 Bracket placed: SL #616 @ 7804.25 | TP #617 @ 7816.75
     Trail activates @ +7.5 pts

[2026-08-13 12:41] O:7813.00 H:7813.00 L:7811.75 C:7812.50 V:1636.0
  📈 Trend: moderate_bullish (raw: strong_bearish) | 🌍 Regime: trending_bearish
  🗺️  Grid: 0.080% | 🔺 7813.50 🔻 7811.75
  📡 RSI: 31.7 | MACD: -0.81 | ATR: 1.46
  📊 Filled: 1 | Pending: 0
  📍 LONG @ 7812.25 | SL: 7804.25 | TP: 7816.75 | P&L: $+125.00 | +7.5 to trail
  💰 Daily P&L: $+0.00
  📋 Order 617 status: Submitted

[2026-08-13 12:42] O:7812.25 H:7812.75 L:7811.50 C:7811.75 V:987.0
  📈 Trend: strong_bearish | 🌍 Regime: trending_bearish
  🗺️  Grid: 0.080% | 🔺 7813.00 🔻 7811.75
  📡 RSI: 27.9 | MACD: -0.87 | ATR: 1.50
  📊 Filled: 1 | Pending: 0
  📍 LONG @ 7812.25 | SL: 7804.25 | TP: 7816.75 | P&L: $-250.00 | +6.8 to trail
  💰 Daily P&L: $+0.00

[2026-08-13 12:43] O:7811.75 H:7812.75 L:7811.50 C:7812.00 V:793.0
  📈 Trend: strong_bearish | 🌍 Regime: trending_bearish
  🗺️  Grid: 0.080% | 🔺 7812.75 🔻 7811.50
  📡 RSI: 32.5 | MACD: -0.90 | ATR: 1.48
  📊 Filled: 1 | Pending: 0
  📍 LONG @ 7812.25 | SL: 7804.25 | TP: 7816.75 | P&L: $-125.00 | +6.8 to trail
  💰 Daily P&L: $+0.00

[2026-08-13 12:44] O:7812.25 H:7812.25 L:7810.50 C:7810.50 V:1126.0
  📈 Trend: strong_bearish | 🌍 Regime: trending_bearish
  🗺️  Grid: 0.080% | 🔺 7812.75 🔻 7811.50
  📡 RSI: 25.0 | MACD: -1.02 | ATR: 1.48
  📊 Filled: 1 | Pending: 0
  📍 LONG @ 7812.25 | SL: 7804.25 | TP: 7816.75 | P&L: $-875.00 | +6.8 to trail
  💰 Daily P&L: $+0.00

[2026-08-13 12:45] O:7810.50 H:7813.50 L:7810.50 C:7812.50 V:1512.0
  📈 Trend: strong_bearish | 🌍 Regime: trending_bearish
  🗺️  Grid: 0.080% | 🔺 7812.25 🔻 7810.50
  📡 RSI: 38.8 | MACD: -0.95 | ATR: 1.61
  📊 Filled: 1 | Pending: 0
  📍 LONG @ 7812.25 | SL: 7804.25 | TP: 7816.75 | P&L: $+125.00 | +6.8 to trail
  💰 Daily P&L: $+0.00

[2026-08-13 12:46] O:7812.75 H:7813.00 L:7812.25 C:7812.50 V:742.0
  📈 Trend: strong_bearish | 🌍 Regime: trending_bearish
  🗺️  Grid: 0.080% | 🔺 7813.50 🔻 7810.50
  📡 RSI: 40.4 | MACD: -0.89 | ATR: 1.59
  📊 Filled: 1 | Pending: 0
  📍 LONG @ 7812.25 | SL: 7804.25 | TP: 7816.75 | P&L: $+125.00 | +6.2 to trail
  💰 Daily P&L: $+0.00

[2026-08-13 12:47] O:7812.50 H:7812.75 L:7812.00 C:7812.50 V:615.0
  📈 Trend: strong_bearish | 🌍 Regime: trending_bearish
  🗺️  Grid: 0.080% | 🔺 7813.00 🔻 7812.25
  📡 RSI: 47.5 | MACD: -0.82 | ATR: 1.45
  📊 Filled: 1 | Pending: 0
  📍 LONG @ 7812.25 | SL: 7804.25 | TP: 7816.75 | P&L: $+125.00 | +6.2 to trail
  💰 Daily P&L: $+0.00

[2026-08-13 12:48] O:7812.75 H:7813.50 L:7812.25 C:7812.75 V:1023.0
  📈 Trend: strong_bearish (raw: moderate_bearish) | 🌍 Regime: trending_bearish
  🗺️  Grid: 0.080% | 🔺 7812.75 🔻 7812.00
  📡 RSI: 46.2 | MACD: -0.75 | ATR: 1.45
  📊 Filled: 1 | Pending: 0
  📍 LONG @ 7812.25 | SL: 7804.25 | TP: 7816.75 | P&L: $+250.00 | +6.2 to trail
  💰 Daily P&L: $+0.00

[2026-08-13 12:49] O:7813.00 H:7813.00 L:7811.75 C:7812.50 V:1189.0
  📈 Trend: moderate_bearish | 🌍 Regime: trending_bearish
  🗺️  Grid: 0.080% | 🔺 7813.50 🔻 7812.25
  📡 RSI: 46.2 | MACD: -0.70 | ATR: 1.45
  📊 Filled: 1 | Pending: 0
  📍 LONG @ 7812.25 | SL: 7804.25 | TP: 7816.75 | P&L: $+125.00 | +6.2 to trail
  💰 Daily P&L: $+0.00

[2026-08-13 12:50] O:7812.50 H:7813.50 L:7812.50 C:7813.25 V:824.0
  📈 Trend: moderate_bearish | 🌍 Regime: trending_bearish
  🗺️  Grid: 0.080% | 🔺 7813.00 🔻 7811.75
  📡 RSI: 52.5 | MACD: -0.59 | ATR: 1.43
  📊 Filled: 1 | Pending: 0
  📍 LONG @ 7812.25 | SL: 7804.25 | TP: 7816.75 | P&L: $+500.00 | +6.2 to trail
  💰 Daily P&L: $+0.00

[2026-08-13 12:51] O:7813.00 H:7813.75 L:7811.75 C:7812.25 V:946.0
  📈 Trend: moderate_bearish | 🌍 Regime: trending_bearish
  🗺️  Grid: 0.080% | 🔺 7813.50 🔻 7812.50
  📡 RSI: 55.3 | MACD: -0.58 | ATR: 1.45
  📊 Filled: 1 | Pending: 0
  📍 LONG @ 7812.25 | SL: 7804.25 | TP: 7816.75 | P&L: $+0.00 | +6.2 to trail
  💰 Daily P&L: $+0.00

[2026-08-13 12:52] O:7812.50 H:7812.75 L:7811.75 C:7812.50 V:1405.0
  📈 Trend: moderate_bearish | 🌍 Regime: trending_bearish
  🗺️  Grid: 0.080% | 🔺 7813.75 🔻 7811.75
  📡 RSI: 51.4 | MACD: -0.54 | ATR: 1.43
  📊 Filled: 1 | Pending: 0
  📍 LONG @ 7812.25 | SL: 7804.25 | TP: 7816.75 | P&L: $+125.00 | +6.0 to trail
  💰 Daily P&L: $+0.00

[2026-08-13 12:53] O:7812.50 H:7813.25 L:7812.00 C:7813.25 V:516.0
  📈 Trend: moderate_bearish | 🌍 Regime: trending_bearish
  🗺️  Grid: 0.080% | 🔺 7812.75 🔻 7811.75
  📡 RSI: 55.3 | MACD: -0.45 | ATR: 1.41
  📊 Filled: 1 | Pending: 0
  📍 LONG @ 7812.25 | SL: 7804.25 | TP: 7816.75 | P&L: $+500.00 | +6.0 to trail
  💰 Daily P&L: $+0.00

[2026-08-13 12:54] O:7813.25 H:7813.50 L:7811.75 C:7812.00 V:1478.0
  📈 Trend: moderate_bearish | 🌍 Regime: trending_bearish
  🗺️  Grid: 0.080% | 🔺 7813.25 🔻 7812.00
  📡 RSI: 43.6 | MACD: -0.47 | ATR: 1.41
  📊 Filled: 1 | Pending: 0
  📍 LONG @ 7812.25 | SL: 7804.25 | TP: 7816.75 | P&L: $-125.00 | +6.0 to trail
  💰 Daily P&L: $+0.00

[2026-08-13 12:55] O:7812.00 H:7812.50 L:7811.25 C:7812.00 V:773.0
  📈 Trend: moderate_bearish | 🌍 Regime: trending_bearish
  🗺️  Grid: 0.080% | 🔺 7813.50 🔻 7811.75
  📡 RSI: 47.2 | MACD: -0.48 | ATR: 1.39
  📊 Filled: 1 | Pending: 0
  📍 LONG @ 7812.25 | SL: 7804.25 | TP: 7816.75 | P&L: $-125.00 | +6.0 to trail
  💰 Daily P&L: $+0.00

[2026-08-13 12:56] O:7812.00 H:7812.25 L:7810.75 C:7810.75 V:751.0
  📈 Trend: moderate_bearish (raw: strong_bearish) | 🌍 Regime: trending_bearish
  🗺️  Grid: 0.080% | 🔺 7812.50 🔻 7811.25
  📡 RSI: 44.7 | MACD: -0.59 | ATR: 1.41
  📊 Filled: 1 | Pending: 0
  📍 LONG @ 7812.25 | SL: 7804.25 | TP: 7816.75 | P&L: $-750.00 | +6.0 to trail
  💰 Daily P&L: $+0.00

[2026-08-13 12:57] O:7811.00 H:7813.00 L:7811.00 C:7813.00 V:681.0
  📈 Trend: moderate_bearish (raw: moderate_bullish) | 🌍 Regime: ranging
  🗺️  Grid: 0.080% | 🔺 7812.25 🔻 7810.75
  📡 RSI: 54.3 | MACD: -0.48 | ATR: 1.48
  📊 Filled: 1 | Pending: 0
  📍 LONG @ 7812.25 | SL: 7804.25 | TP: 7816.75 | P&L: $+375.00 | +6.0 to trail
  💰 Daily P&L: $+0.00

[2026-08-13 12:58] O:7813.00 H:7813.75 L:7812.50 C:7813.25 V:1004.0
  📈 Trend: moderate_bullish | 🌍 Regime: ranging
  🗺️  Grid: 0.080% | 🔺 7813.00 🔻 7811.00
  📡 RSI: 63.4 | MACD: -0.37 | ATR: 1.45
  📊 Filled: 1 | Pending: 0
  📍 LONG @ 7812.25 | SL: 7804.25 | TP: 7816.75 | P&L: $+500.00 | +6.0 to trail
  💰 Daily P&L: $+0.00

[2026-08-13 12:59] O:7813.00 H:7813.00 L:7811.50 C:7811.75 V:1121.0
  📈 Trend: moderate_bullish (raw: moderate_bearish) | 🌍 Regime: ranging
  🗺️  Grid: 0.080% | 🔺 7813.75 🔻 7812.50
  📡 RSI: 46.2 | MACD: -0.40 | ATR: 1.36
  📊 Filled: 1 | Pending: 0
  📍 LONG @ 7812.25 | SL: 7804.25 | TP: 7816.75 | P&L: $-250.00 | +6.0 to trail
  💰 Daily P&L: $+0.00

[2026-08-13 13:00] O:7811.75 H:7813.75 L:7811.75 C:7812.75 V:1551.0
  📈 Trend: moderate_bullish | 🌍 Regime: ranging
  🗺️  Grid: 0.080% | 🔺 7813.00 🔻 7811.50
  📡 RSI: 51.2 | MACD: -0.34 | ATR: 1.45
  📊 Filled: 1 | Pending: 0
  📍 LONG @ 7812.25 | SL: 7804.25 | TP: 7816.75 | P&L: $+250.00 | +6.0 to trail
  💰 Daily P&L: $+0.00

[2026-08-13 13:01] O:7812.75 H:7813.25 L:7812.25 C:7812.25 V:1230.0
  📈 Trend: moderate_bullish | 🌍 Regime: ranging
  🗺️  Grid: 0.080% | 🔺 7813.75 🔻 7811.75
  📡 RSI: 48.9 | MACD: -0.33 | ATR: 1.46
  📊 Filled: 1 | Pending: 0
  📍 LONG @ 7812.25 | SL: 7804.25 | TP: 7816.75 | P&L: $+0.00 | +6.0 to trail
  💰 Daily P&L: $+0.00

[2026-08-13 13:02] O:7812.25 H:7813.25 L:7812.00 C:7812.00 V:1161.0
  📈 Trend: moderate_bullish (raw: moderate_bearish) | 🌍 Regime: ranging
  🗺️  Grid: 0.080% | 🔺 7813.25 🔻 7812.25
  📡 RSI: 46.7 | MACD: -0.34 | ATR: 1.46
  📊 Filled: 1 | Pending: 0
  📍 LONG @ 7812.25 | SL: 7804.25 | TP: 7816.75 | P&L: $-125.00 | +6.0 to trail
  💰 Daily P&L: $+0.00

[2026-08-13 13:03] O:7812.00 H:7813.25 L:7812.00 C:7813.25 V:780.0
  📈 Trend: moderate_bullish | 🌍 Regime: ranging
  🗺️  Grid: 0.080% | 🔺 7813.25 🔻 7812.00
  📡 RSI: 53.1 | MACD: -0.24 | ATR: 1.46
  📊 Filled: 1 | Pending: 0
  📍 LONG @ 7812.25 | SL: 7804.25 | TP: 7816.75 | P&L: $+500.00 | +6.0 to trail
  💰 Daily P&L: $+0.00

[2026-08-13 13:04] O:7813.50 H:7813.75 L:7812.50 C:7813.50 V:1023.0
  📈 Trend: moderate_bullish | 🌍 Regime: ranging
  🗺️  Grid: 0.080% | 🔺 7813.25 🔻 7812.00
  📡 RSI: 51.1 | MACD: -0.14 | ATR: 1.48
  📊 Filled: 1 | Pending: 0
  📍 LONG @ 7812.25 | SL: 7804.25 | TP: 7816.75 | P&L: $+625.00 | +6.0 to trail
  💰 Daily P&L: $+0.00

[2026-08-13 13:05] O:7813.75 H:7815.00 L:7813.50 C:7814.75 V:1728.0
  📈 Trend: moderate_bullish (raw: strong_bullish) | 🌍 Regime: ranging
  🗺️  Grid: 0.080% | 🔺 7813.75 🔻 7812.50
  📡 RSI: 60.4 | MACD: 0.04 | ATR: 1.45
  📊 Filled: 1 | Pending: 0
  📍 LONG @ 7812.25 | SL: 7804.25 | TP: 7816.75 | P&L: $+1,250.00 | +6.0 to trail
  💰 Daily P&L: $+0.00

[2026-08-13 13:06] O:7814.75 H:7815.00 L:7812.75 C:7813.00 V:1327.0
  📈 Trend: strong_bullish | 🌍 Regime: ranging
  🗺️  Grid: 0.080% | 🔺 7815.00 🔻 7813.50
  📡 RSI: 51.9 | MACD: 0.04 | ATR: 1.54
  📊 Filled: 1 | Pending: 0
  📍 LONG @ 7812.25 | SL: 7804.25 | TP: 7816.75 | P&L: $+375.00 | +4.8 to trail
  💰 Daily P&L: $+0.00

[2026-08-13 13:07] O:7813.00 H:7813.75 L:7812.50 C:7813.00 V:733.0
  📈 Trend: strong_bullish | 🌍 Regime: ranging
  🗺️  Grid: 0.080% | 🔺 7815.00 🔻 7812.75
  📡 RSI: 49.0 | MACD: 0.04 | ATR: 1.54
  📊 Filled: 1 | Pending: 0
  📍 LONG @ 7812.25 | SL: 7804.25 | TP: 7816.75 | P&L: $+375.00 | +4.8 to trail
  💰 Daily P&L: $+0.00

[2026-08-13 13:08] O:7813.00 H:7813.25 L:7812.25 C:7812.75 V:717.0
  📈 Trend: strong_bullish | 🌍 Regime: ranging
  🗺️  Grid: 0.080% | 🔺 7813.75 🔻 7812.50
  📡 RSI: 53.2 | MACD: 0.02 | ATR: 1.48
  📊 Filled: 1 | Pending: 0
  📍 LONG @ 7812.25 | SL: 7804.25 | TP: 7816.75 | P&L: $+250.00 | +4.8 to trail
  💰 Daily P&L: $+0.00

[2026-08-13 13:09] O:7812.75 H:7813.00 L:7812.50 C:7812.50 V:522.0
  📈 Trend: strong_bullish (raw: moderate_bearish) | 🌍 Regime: ranging
  🗺️  Grid: 0.080% | 🔺 7813.25 🔻 7812.25
  📡 RSI: 52.1 | MACD: -0.02 | ATR: 1.43
  📊 Filled: 1 | Pending: 0
  📍 LONG @ 7812.25 | SL: 7804.25 | TP: 7816.75 | P&L: $+125.00 | +4.8 to trail
  💰 Daily P&L: $+0.00

[2026-08-13 13:10] O:7812.75 H:7813.75 L:7811.00 C:7813.25 V:1599.0
  📈 Trend: strong_bullish | 🌍 Regime: ranging
  🗺️  Grid: 0.080% | 🔺 7813.00 🔻 7812.50
  📡 RSI: 60.9 | MACD: 0.01 | ATR: 1.52
  📊 Filled: 1 | Pending: 0
  📍 LONG @ 7812.25 | SL: 7804.25 | TP: 7816.75 | P&L: $+500.00 | +4.8 to trail
  💰 Daily P&L: $+0.00

[2026-08-13 13:11] O:7813.50 H:7814.25 L:7812.75 C:7814.25 V:1133.0
  📈 Trend: strong_bullish | 🌍 Regime: ranging
  🗺️  Grid: 0.080% | 🔺 7813.75 🔻 7811.00
  📡 RSI: 56.1 | MACD: 0.12 | ATR: 1.46
  📊 Filled: 1 | Pending: 0
  📍 LONG @ 7812.25 | SL: 7804.25 | TP: 7816.75 | P&L: $+1,000.00 | +4.8 to trail
  💰 Daily P&L: $+0.00

[2026-08-13 13:12] O:7814.25 H:7815.75 L:7814.00 C:7814.75 V:1536.0
  📈 Trend: strong_bullish | 🌍 Regime: ranging
  🗺️  Grid: 0.080% | 🔺 7814.25 🔻 7812.75
  📡 RSI: 57.1 | MACD: 0.24 | ATR: 1.50
  📊 Filled: 1 | Pending: 0
  📍 LONG @ 7812.25 | SL: 7804.25 | TP: 7816.75 | P&L: $+1,250.00 | +4.8 to trail
  💰 Daily P&L: $+0.00

[2026-08-13 13:13] O:7814.75 H:7815.50 L:7814.50 C:7815.25 V:504.0
  📈 Trend: strong_bullish | 🌍 Regime: ranging
  🗺️  Grid: 0.080% | 🔺 7815.75 🔻 7814.00
  📡 RSI: 68.4 | MACD: 0.37 | ATR: 1.45
  📊 Filled: 1 | Pending: 0
  📍 LONG @ 7812.25 | SL: 7804.25 | TP: 7816.75 | P&L: $+1,500.00 | +4.0 to trail
  💰 Daily P&L: $+0.00

[2026-08-13 13:14] O:7815.00 H:7815.50 L:7814.50 C:7815.25 V:792.0
  📈 Trend: strong_bullish | 🌍 Regime: ranging
  🗺️  Grid: 0.080% | 🔺 7815.50 🔻 7814.50
  📡 RSI: 64.7 | MACD: 0.47 | ATR: 1.38
  📊 Filled: 1 | Pending: 0
  📍 LONG @ 7812.25 | SL: 7804.25 | TP: 7816.75 | P&L: $+1,500.00 | +4.0 to trail
  💰 Daily P&L: $+0.00

[2026-08-13 13:15] O:7815.50 H:7816.25 L:7815.25 C:7815.25 V:1500.0
  📈 Trend: strong_bullish | 🌍 Regime: ranging
  🗺️  Grid: 0.080% | 🔺 7815.50 🔻 7814.50
  📡 RSI: 68.8 | MACD: 0.54 | ATR: 1.38
  📊 Filled: 1 | Pending: 0
  📍 LONG @ 7812.25 | SL: 7804.25 | TP: 7816.75 | P&L: $+1,500.00 | +4.0 to trail
  💰 Daily P&L: $+0.00

[2026-08-13 13:16] O:7815.25 H:7815.25 L:7814.00 C:7814.25 V:1062.0
  📈 Trend: strong_bullish | 🌍 Regime: ranging
  🗺️  Grid: 0.080% | 🔺 7816.25 🔻 7815.25
  📡 RSI: 62.9 | MACD: 0.51 | ATR: 1.38
  📊 Filled: 1 | Pending: 0
  📍 LONG @ 7812.25 | SL: 7804.25 | TP: 7816.75 | P&L: $+1,000.00 | +3.5 to trail
  💰 Daily P&L: $+0.00

[2026-08-13 13:17] O:7814.25 H:7815.00 L:7813.75 C:7814.50 V:1215.0
  📈 Trend: strong_bullish | 🌍 Regime: ranging
  🗺️  Grid: 0.080% | 🔺 7815.25 🔻 7814.00
  📡 RSI: 58.1 | MACD: 0.50 | ATR: 1.38
  📊 Filled: 1 | Pending: 0
  📍 LONG @ 7812.25 | SL: 7804.25 | TP: 7816.75 | P&L: $+1,125.00 | +3.5 to trail
  💰 Daily P&L: $+0.00

[2026-08-13 13:18] O:7814.50 H:7814.75 L:7813.75 C:7814.00 V:686.0
  📈 Trend: strong_bullish | 🌍 Regime: ranging
  🗺️  Grid: 0.080% | 🔺 7815.00 🔻 7813.75
  📡 RSI: 53.1 | MACD: 0.45 | ATR: 1.36
  📊 Filled: 1 | Pending: 0
  📍 LONG @ 7812.25 | SL: 7804.25 | TP: 7816.75 | P&L: $+875.00 | +3.5 to trail
  💰 Daily P&L: $+0.00

[2026-08-13 13:19] O:7813.75 H:7814.00 L:7813.25 C:7813.75 V:983.0
  📈 Trend: strong_bullish | 🌍 Regime: ranging
  🗺️  Grid: 0.080% | 🔺 7814.75 🔻 7813.75
  📡 RSI: 42.9 | MACD: 0.38 | ATR: 1.30
  📊 Filled: 1 | Pending: 0
  📍 LONG @ 7812.25 | SL: 7804.25 | TP: 7816.75 | P&L: $+750.00 | +3.5 to trail
  💰 Daily P&L: $+0.00

[2026-08-13 13:20] O:7813.75 H:7814.25 L:7812.75 C:7814.25 V:1380.0
  📈 Trend: strong_bullish | 🌍 Regime: ranging
  🗺️  Grid: 0.080% | 🔺 7814.00 🔻 7813.25
  📡 RSI: 60.9 | MACD: 0.37 | ATR: 1.25
  📊 Filled: 1 | Pending: 0
  📍 LONG @ 7812.25 | SL: 7804.25 | TP: 7816.75 | P&L: $+1,000.00 | +3.5 to trail
  💰 Daily P&L: $+0.00

[2026-08-13 13:21] O:7814.00 H:7814.00 L:7813.00 C:7813.75 V:1453.0
  📈 Trend: strong_bullish | 🌍 Regime: ranging
  🗺️  Grid: 0.080% | 🔺 7814.25 🔻 7812.75
  📡 RSI: 56.0 | MACD: 0.31 | ATR: 1.25
  📊 Filled: 1 | Pending: 0
  📍 LONG @ 7812.25 | SL: 7804.25 | TP: 7816.75 | P&L: $+750.00 | +3.5 to trail
  💰 Daily P&L: $+0.00

[2026-08-13 13:22] O:7813.75 H:7814.00 L:7813.25 C:7814.00 V:1137.0
  📈 Trend: strong_bullish | 🌍 Regime: ranging
  🗺️  Grid: 0.080% | 🔺 7814.00 🔻 7813.00
  📡 RSI: 60.0 | MACD: 0.28 | ATR: 1.23
  📊 Filled: 1 | Pending: 0
  📍 LONG @ 7812.25 | SL: 7804.25 | TP: 7816.75 | P&L: $+875.00 | +3.5 to trail
  💰 Daily P&L: $+0.00

[2026-08-13 13:23] O:7813.75 H:7814.25 L:7812.00 C:7812.50 V:1190.0
  📈 Trend: strong_bullish (raw: moderate_bullish) | 🌍 Regime: ranging
  🗺️  Grid: 0.080% | 🔺 7814.00 🔻 7813.25
  📡 RSI: 50.0 | MACD: 0.14 | ATR: 1.36
  📊 Filled: 1 | Pending: 0
  📍 LONG @ 7812.25 | SL: 7804.25 | TP: 7816.75 | P&L: $+125.00 | +3.5 to trail
  💰 Daily P&L: $+0.00

[2026-08-13 13:24] O:7812.50 H:7812.50 L:7811.00 C:7811.50 V:1390.0
  📈 Trend: moderate_bullish | 🌍 Regime: ranging
  🗺️  Grid: 0.080% | 🔺 7814.25 🔻 7812.00
  📡 RSI: 38.7 | MACD: -0.06 | ATR: 1.27
  📊 Filled: 1 | Pending: 0
  📍 LONG @ 7812.25 | SL: 7804.25 | TP: 7816.75 | P&L: $-375.00 | +3.5 to trail
  💰 Daily P&L: $+0.00

[2026-08-13 13:25] O:7811.75 H:7813.50 L:7811.50 C:7812.25 V:1263.0
  📈 Trend: moderate_bullish | 🌍 Regime: ranging
  🗺️  Grid: 0.080% | 🔺 7812.50 🔻 7811.00
  📡 RSI: 36.7 | MACD: -0.15 | ATR: 1.30
  📊 Filled: 1 | Pending: 0
  📍 LONG @ 7812.25 | SL: 7804.25 | TP: 7816.75 | P&L: $+0.00 | +3.5 to trail
  💰 Daily P&L: $+0.00

[2026-08-13 13:26] O:7812.25 H:7813.50 L:7812.25 C:7813.25 V:810.0
  📈 Trend: moderate_bullish (raw: strong_bullish) | 🌍 Regime: ranging
  🗺️  Grid: 0.080% | 🔺 7813.50 🔻 7811.50
  📡 RSI: 40.6 | MACD: -0.14 | ATR: 1.27
  📊 Filled: 1 | Pending: 0
  📍 LONG @ 7812.25 | SL: 7804.25 | TP: 7816.75 | P&L: $+500.00 | +3.5 to trail
  💰 Daily P&L: $+0.00

[2026-08-13 13:27] O:7813.50 H:7813.50 L:7812.75 C:7813.00 V:683.0
  📈 Trend: strong_bullish | 🌍 Regime: ranging
  🗺️  Grid: 0.080% | 🔺 7813.50 🔻 7812.25
  📡 RSI: 35.5 | MACD: -0.15 | ATR: 1.25
  📊 Filled: 1 | Pending: 0
  📍 LONG @ 7812.25 | SL: 7804.25 | TP: 7816.75 | P&L: $+375.00 | +3.5 to trail
  💰 Daily P&L: $+0.00

[2026-08-13 13:28] O:7813.25 H:7814.75 L:7813.00 C:7814.75 V:943.0
  📈 Trend: strong_bullish | 🌍 Regime: ranging
  🗺️  Grid: 0.080% | 🔺 7813.50 🔻 7812.75
  📡 RSI: 47.4 | MACD: -0.02 | ATR: 1.30
  📊 Filled: 1 | Pending: 0
  📍 LONG @ 7812.25 | SL: 7804.25 | TP: 7816.75 | P&L: $+1,250.00 | +3.5 to trail
  💰 Daily P&L: $+0.00

[2026-08-13 13:29] O:7814.50 H:7814.50 L:7814.00 C:7814.50 V:791.0
  📈 Trend: strong_bullish | 🌍 Regime: ranging
  🗺️  Grid: 0.080% | 🔺 7814.75 🔻 7813.00
  📡 RSI: 46.2 | MACD: 0.06 | ATR: 1.29
  📊 Filled: 1 | Pending: 0
  📍 LONG @ 7812.25 | SL: 7804.25 | TP: 7816.75 | P&L: $+1,125.00 | +3.5 to trail
  💰 Daily P&L: $+0.00

[2026-08-13 13:30] O:7814.50 H:7816.25 L:7814.50 C:7815.75 V:1340.0
  📈 Trend: strong_bullish | 🌍 Regime: ranging
  🗺️  Grid: 0.080% | 🔺 7814.50 🔻 7814.00
  📡 RSI: 57.5 | MACD: 0.23 | ATR: 1.32
  📊 Filled: 1 | Pending: 0
  📍 LONG @ 7812.25 | SL: 7804.25 | TP: 7816.75 | P&L: $+1,750.00 | +3.5 to trail
  💰 Daily P&L: $+0.00

[2026-08-13 13:31] O:7815.75 H:7816.50 L:7815.50 C:7815.75 V:1159.0
  📈 Trend: strong_bullish | 🌍 Regime: ranging
  🗺️  Grid: 0.080% | 🔺 7816.25 🔻 7814.50
  📡 RSI: 56.4 | MACD: 0.36 | ATR: 1.30
  📊 Filled: 1 | Pending: 0
  📍 LONG @ 7812.25 | SL: 7804.25 | TP: 7816.75 | P&L: $+1,750.00 | +3.5 to trail
  💰 Daily P&L: $+0.00

[2026-08-13 13:32] O:7815.75 H:7816.00 L:7815.25 C:7815.50 V:921.0
  📈 Trend: strong_bullish | 🌍 Regime: ranging
  🗺️  Grid: 0.080% | 🔺 7816.50 🔻 7815.50
  📡 RSI: 57.9 | MACD: 0.43 | ATR: 1.29
  📊 Filled: 1 | Pending: 0
  📍 LONG @ 7812.25 | SL: 7804.25 | TP: 7816.75 | P&L: $+1,625.00 | +3.2 to trail
  💰 Daily P&L: $+0.00
  📋 Order 616 status: Cancelled
  ✅ Fill: SLD 5.0 @ 7816.75
  📋 Order 617 status: Submitted
  ✅ Fill: SLD 5.0 @ 7816.75
  📋 Order 617 status: Filled

[2026-08-13 13:33] O:7815.50 H:7817.00 L:7815.50 C:7817.00 V:1074.0
  📈 Trend: strong_bullish | 🌍 Regime: ranging
  🗺️  Grid: 0.080% | 🔺 7816.00 🔻 7815.25
  📡 RSI: 65.1 | MACD: 0.60 | ATR: 1.34
  📊 Filled: 1 | Pending: 0
  📍 LONG @ 7812.25 | SL: 7804.25 | TP: 7816.75 | P&L: $+2,375.00 | +3.2 to trail
  ✅ EXIT LONG @ 7816.75 | Take Profit
     P&L: +4.50 pts ($+2,250.00) | Daily: $+2,250.00
  ⏸️ Cooldown: 2 bar(s) remaining after exit
  💰 Daily P&L: $+2,250.00

[2026-08-13 13:34] O:7817.00 H:7817.00 L:7816.00 C:7816.75 V:1155.0
  📈 Trend: strong_bullish | 🌍 Regime: ranging
  🗺️  Grid: 0.080% | 🔺 7817.00 🔻 7815.50
  📡 RSI: 61.9 | MACD: 0.71 | ATR: 1.30
  📊 Filled: 0 | Pending: 0
  ⏸️ Cooldown: 1 bar(s) remaining after exit
  💰 Daily P&L: $+2,250.00
→ Real-time bars cancelled
✓ Disconnected from IBKR
