2026-08-27 09:48:05 | ERROR    | Error 10147, reqId 713: OrderId 713 that needs to be cancelled is not found.
2026-08-27 11:40:14 | ERROR    | Error 10148, reqId 717: OrderId 717 that needs to be cancelled cannot be cancelled, state: PendingCancel.
2026-08-27 11:40:14 | WARNING  | Canceled order: Trade(contract=Contract(secType='FUT', conId=649180671, symbol='ES', lastTradeDateOrContractMonth='20260918', multiplier='50', exchange='CME', currency='USD', localSymbol='ESU6', tradingClass='ES'), order=Order(orderId=717, clientId=10, permId=610259331, action='BUY', totalQuantity=10.0, orderType='LMT', lmtPrice=7728.0, auxPrice=0.0, tif='DAY', ocaGroup='exit_715_1787842985', ocaType=1), orderStatus=OrderStatus(orderId=717, status='Cancelled', filled=0.0, remaining=10.0, avgFillPrice=0.0, permId=610259331, parentId=0, lastFillPrice=0.0, clientId=10, whyHeld='', mktCapPrice=0.0), fills=[], log=[TradeLogEntry(time=datetime.datetime(2026, 8, 27, 15, 3, 5, 262535, tzinfo=datetime.timezone.utc), status='PendingSubmit', message='', errorCode=0), TradeLogEntry(time=datetime.datetime(2026, 8, 27, 15, 3, 5, 305252, tzinfo=datetime.timezone.utc), status='PreSubmitted', message='', errorCode=0), TradeLogEntry(time=datetime.datetime(2026, 8, 27, 15, 3, 6, 306751, tzinfo=datetime.timezone.utc), status='Submitted', message='', errorCode=0), TradeLogEntry(time=datetime.datetime(2026, 8, 27, 15, 40, 14, 290960, tzinfo=datetime.timezone.utc), status='PreSubmitted', message='', errorCode=0), TradeLogEntry(time=datetime.datetime(2026, 8, 27, 15, 40, 14, 292247, tzinfo=datetime.timezone.utc), status='PendingCancel', message='', errorCode=0), TradeLogEntry(time=datetime.datetime(2026, 8, 27, 15, 40, 14, 297106, tzinfo=datetime.timezone.utc), status='PendingCancel', message='', errorCode=0), TradeLogEntry(time=datetime.datetime(2026, 8, 27, 15, 40, 14, 303603, tzinfo=datetime.timezone.utc), status='Cancelled', message='Error 10148, reqId 717: OrderId 717 that needs to be cancelled cannot be cancelled, state: PendingCancel.', errorCode=10148)], advancedError='')
2026-08-27 11:41:05 | ERROR    | Error 10147, reqId 717: OrderId 717 that needs to be cancelled is not found.
85.0
  📈 Trend: strong_bearish | 🌍 Regime: trending_bearish
  🗺️  Grid: 0.080% | 🔺 7719.25 🔻 7716.75
  📡 RSI: 16.3 | MACD: -1.49 | ATR: 1.62
  📊 Filled: 0 | Pending: 0
  🕐 Outside session (07:37 CT) — no entries
  💰 Daily P&L: $+0.00

[2026-08-27 07:38] O:7715.50 H:7716.00 L:7714.25 C:7714.25 V:449.0
  📈 Trend: strong_bearish | 🌍 Regime: trending_bearish
  🗺️  Grid: 0.080% | 🔺 7717.00 🔻 7714.75
  📡 RSI: 15.1 | MACD: -1.81 | ATR: 1.70
  📊 Filled: 0 | Pending: 0
  🕐 Outside session (07:38 CT) — no entries
  💰 Daily P&L: $+0.00

[2026-08-27 07:39] O:7714.50 H:7716.00 L:7714.50 C:7714.50 V:855.0
  📈 Trend: strong_bearish | 🌍 Regime: trending_bearish
  🗺️  Grid: 0.080% | 🔺 7716.00 🔻 7714.25
  📡 RSI: 8.2 | MACD: -2.02 | ATR: 1.73
  📊 Filled: 0 | Pending: 0
  🕐 Outside session (07:39 CT) — no entries
  💰 Daily P&L: $+0.00

[2026-08-27 07:40] O:7714.50 H:7714.75 L:7713.25 C:7714.00 V:691.0
  📈 Trend: strong_bearish | 🌍 Regime: trending_bearish
  🗺️  Grid: 0.080% | 🔺 7716.00 🔻 7714.50
  📡 RSI: 8.3 | MACD: -2.20 | ATR: 1.77
  📊 Filled: 0 | Pending: 0
  🕐 Outside session (07:40 CT) — no entries
  💰 Daily P&L: $+0.00

[2026-08-27 07:41] O:7714.25 H:7714.75 L:7713.75 C:7713.75 V:382.0
  📈 Trend: strong_bearish | 🌍 Regime: trending_bearish
  🗺️  Grid: 0.080% | 🔺 7714.75 🔻 7713.25
  📡 RSI: 9.1 | MACD: -2.34 | ATR: 1.71
  📊 Filled: 0 | Pending: 0
  🕐 Outside session (07:41 CT) — no entries
  💰 Daily P&L: $+0.00

[2026-08-27 07:42] O:7713.75 H:7714.50 L:7713.25 C:7713.50 V:503.0
  📈 Trend: strong_bearish | 🌍 Regime: trending_bearish
  🗺️  Grid: 0.080% | 🔺 7714.75 🔻 7713.75
  📡 RSI: 9.1 | MACD: -2.44 | ATR: 1.70
  📊 Filled: 0 | Pending: 0
  🕐 Outside session (07:42 CT) — no entries
  💰 Daily P&L: $+0.00

[2026-08-27 07:43] O:7713.75 H:7715.00 L:7713.50 C:7715.00 V:611.0
  📈 Trend: strong_bearish | 🌍 Regime: trending_bearish
  🗺️  Grid: 0.080% | 🔺 7714.50 🔻 7713.25
  📡 RSI: 14.9 | MACD: -2.37 | ATR: 1.71
  📊 Filled: 0 | Pending: 0
  🕐 Outside session (07:43 CT) — no entries
  💰 Daily P&L: $+0.00

[2026-08-27 07:44] O:7715.00 H:7715.00 L:7711.75 C:7712.25 V:577.0
  📈 Trend: strong_bearish | 🌍 Regime: trending_bearish
  🗺️  Grid: 0.080% | 🔺 7715.00 🔻 7713.50
  📡 RSI: 12.7 | MACD: -2.51 | ATR: 1.80
  📊 Filled: 0 | Pending: 0
  🕐 Outside session (07:44 CT) — no entries
  💰 Daily P&L: $+0.00

[2026-08-27 07:45] O:7712.25 H:7712.75 L:7711.50 C:7712.50 V:325.0
  📈 Trend: strong_bearish | 🌍 Regime: trending_bearish
  🗺️  Grid: 0.080% | 🔺 7715.00 🔻 7711.75
  📡 RSI: 17.4 | MACD: -2.57 | ATR: 1.64
  📊 Filled: 0 | Pending: 0
  🕐 Outside session (07:45 CT) — no entries
  💰 Daily P&L: $+0.00

[2026-08-27 07:46] O:7712.50 H:7713.50 L:7711.00 C:7711.00 V:373.0
  📈 Trend: strong_bearish | 🌍 Regime: trending_bearish
  🗺️  Grid: 0.080% | 🔺 7712.75 🔻 7711.50
  📡 RSI: 15.4 | MACD: -2.71 | ATR: 1.70
  📊 Filled: 0 | Pending: 0
  🕐 Outside session (07:46 CT) — no entries
  💰 Daily P&L: $+0.00

[2026-08-27 07:47] O:7711.25 H:7712.75 L:7711.25 C:7712.75 V:363.0
  📈 Trend: strong_bearish | 🌍 Regime: trending_bearish
  🗺️  Grid: 0.080% | 🔺 7713.50 🔻 7711.00
  📡 RSI: 26.8 | MACD: -2.65 | ATR: 1.71
  📊 Filled: 0 | Pending: 0
  🕐 Outside session (07:47 CT) — no entries
  💰 Daily P&L: $+0.00

[2026-08-27 07:48] O:7712.75 H:7713.25 L:7712.25 C:7712.25 V:445.0
  📈 Trend: strong_bearish | 🌍 Regime: trending_bearish
  🗺️  Grid: 0.080% | 🔺 7712.75 🔻 7711.25
  📡 RSI: 26.3 | MACD: -2.61 | ATR: 1.71
  📊 Filled: 0 | Pending: 0
  🕐 Outside session (07:48 CT) — no entries
  💰 Daily P&L: $+0.00

[2026-08-27 07:49] O:7712.25 H:7713.25 L:7712.00 C:7712.75 V:235.0
  📈 Trend: strong_bearish | 🌍 Regime: trending_bearish
  🗺️  Grid: 0.080% | 🔺 7713.25 🔻 7712.25
  📡 RSI: 28.8 | MACD: -2.51 | ATR: 1.75
  📊 Filled: 0 | Pending: 0
  🕐 Outside session (07:49 CT) — no entries
  💰 Daily P&L: $+0.00

[2026-08-27 07:50] O:7712.75 H:7713.00 L:7711.75 C:7712.50 V:469.0
  📈 Trend: strong_bearish | 🌍 Regime: trending_bearish
  🗺️  Grid: 0.080% | 🔺 7713.25 🔻 7712.00
  📡 RSI: 33.3 | MACD: -2.42 | ATR: 1.66
  📊 Filled: 0 | Pending: 0
  🕐 Outside session (07:50 CT) — no entries
  💰 Daily P&L: $+0.00

[2026-08-27 07:51] O:7712.50 H:7712.75 L:7711.50 C:7711.75 V:271.0
  📈 Trend: strong_bearish | 🌍 Regime: trending_bearish
  🗺️  Grid: 0.080% | 🔺 7713.00 🔻 7711.75
  📡 RSI: 34.7 | MACD: -2.38 | ATR: 1.59
  📊 Filled: 0 | Pending: 0
  🕐 Outside session (07:51 CT) — no entries
  💰 Daily P&L: $+0.00

[2026-08-27 07:52] O:7712.00 H:7712.00 L:7711.00 C:7711.50 V:321.0
  📈 Trend: strong_bearish | 🌍 Regime: trending_bearish
  🗺️  Grid: 0.080% | 🔺 7712.75 🔻 7711.50
  📡 RSI: 37.8 | MACD: -2.35 | ATR: 1.54
  📊 Filled: 0 | Pending: 0
  🕐 Outside session (07:52 CT) — no entries
  💰 Daily P&L: $+0.00

[2026-08-27 07:53] O:7711.75 H:7712.75 L:7711.00 C:7712.50 V:343.0
  📈 Trend: strong_bearish | 🌍 Regime: trending_bearish
  🗺️  Grid: 0.080% | 🔺 7712.00 🔻 7711.00
  📡 RSI: 41.7 | MACD: -2.21 | ATR: 1.54
  📊 Filled: 0 | Pending: 0
  🕐 Outside session (07:53 CT) — no entries
  💰 Daily P&L: $+0.00

[2026-08-27 07:54] O:7712.50 H:7713.50 L:7712.25 C:7713.00 V:345.0
  📈 Trend: strong_bearish | 🌍 Regime: trending_bearish
  🗺️  Grid: 0.080% | 🔺 7712.75 🔻 7711.00
  📡 RSI: 45.8 | MACD: -2.04 | ATR: 1.52
  📊 Filled: 0 | Pending: 0
  🕐 Outside session (07:54 CT) — no entries
  💰 Daily P&L: $+0.00

[2026-08-27 07:55] O:7713.00 H:7713.50 L:7712.50 C:7712.50 V:194.0
  📈 Trend: strong_bearish | 🌍 Regime: trending_bearish
  🗺️  Grid: 0.080% | 🔺 7713.50 🔻 7712.25
  📡 RSI: 44.9 | MACD: -1.93 | ATR: 1.52
  📊 Filled: 0 | Pending: 0
  🕐 Outside session (07:55 CT) — no entries
  💰 Daily P&L: $+0.00

[2026-08-27 07:56] O:7712.25 H:7713.50 L:7712.00 C:7713.50 V:275.0
  📈 Trend: strong_bearish | 🌍 Regime: trending_bearish
  🗺️  Grid: 0.080% | 🔺 7713.50 🔻 7712.50
  📡 RSI: 50.0 | MACD: -1.73 | ATR: 1.54
  📊 Filled: 0 | Pending: 0
  🕐 Outside session (07:56 CT) — no entries
  💰 Daily P&L: $+0.00

[2026-08-27 07:57] O:7713.50 H:7714.25 L:7712.25 C:7712.50 V:404.0
  📈 Trend: strong_bearish | 🌍 Regime: trending_bearish
  🗺️  Grid: 0.080% | 🔺 7713.50 🔻 7712.00
  📡 RSI: 40.0 | MACD: -1.64 | ATR: 1.57
  📊 Filled: 0 | Pending: 0
  🕐 Outside session (07:57 CT) — no entries
  💰 Daily P&L: $+0.00

[2026-08-27 07:58] O:7712.50 H:7712.75 L:7711.25 C:7711.25 V:250.0
  📈 Trend: strong_bearish | 🌍 Regime: trending_bearish
  🗺️  Grid: 0.080% | 🔺 7714.25 🔻 7712.25
  📡 RSI: 45.5 | MACD: -1.65 | ATR: 1.45
  📊 Filled: 0 | Pending: 0
  🕐 Outside session (07:58 CT) — no entries
  💰 Daily P&L: $+0.00

[2026-08-27 07:59] O:7711.25 H:7711.75 L:7711.00 C:7711.50 V:296.0
  📈 Trend: strong_bearish | 🌍 Regime: trending_bearish
  🗺️  Grid: 0.080% | 🔺 7712.75 🔻 7711.25
  📡 RSI: 45.5 | MACD: -1.62 | ATR: 1.41
  📊 Filled: 0 | Pending: 0
  🕐 Outside session (07:59 CT) — no entries
  💰 Daily P&L: $+0.00

[2026-08-27 08:00] O:7711.50 H:7712.25 L:7710.75 C:7712.25 V:644.0
  📈 Trend: strong_bearish | 🌍 Regime: trending_bearish
  🗺️  Grid: 0.080% | 🔺 7711.75 🔻 7711.00
  📡 RSI: 56.1 | MACD: -1.52 | ATR: 1.34
  📊 Filled: 0 | Pending: 0
  🕐 Outside session (08:00 CT) — no entries
  💰 Daily P&L: $+0.00

[2026-08-27 08:01] O:7712.25 H:7712.25 L:7710.25 C:7710.50 V:505.0
  📈 Trend: strong_bearish | 🌍 Regime: trending_bearish
  🗺️  Grid: 0.080% | 🔺 7712.25 🔻 7710.75
  📡 RSI: 39.0 | MACD: -1.56 | ATR: 1.36
  📊 Filled: 0 | Pending: 0
  🕐 Outside session (08:01 CT) — no entries
  💰 Daily P&L: $+0.00

[2026-08-27 08:02] O:7710.50 H:7714.25 L:7710.25 C:7714.00 V:674.0
  📈 Trend: strong_bearish | 🌍 Regime: trending_bearish
  🗺️  Grid: 0.080% | 🔺 7712.25 🔻 7710.25
  📡 RSI: 56.6 | MACD: -1.29 | ATR: 1.57
  📊 Filled: 0 | Pending: 0
  🕐 Outside session (08:02 CT) — no entries
  💰 Daily P&L: $+0.00

[2026-08-27 08:03] O:7714.25 H:7714.50 L:7713.00 C:7713.00 V:621.0
  📈 Trend: strong_bearish (raw: moderate_bearish) | 🌍 Regime: trending_bearish
  🗺️  Grid: 0.080% | 🔺 7714.25 🔻 7710.25
  📡 RSI: 50.9 | MACD: -1.15 | ATR: 1.59
  📊 Filled: 0 | Pending: 0
  🕐 Outside session (08:03 CT) — no entries
  💰 Daily P&L: $+0.00

[2026-08-27 08:04] O:7713.25 H:7715.00 L:7713.00 C:7714.25 V:508.0
  📈 Trend: moderate_bearish | 🌍 Regime: trending_bearish
  🗺️  Grid: 0.080% | 🔺 7714.50 🔻 7713.00
  📡 RSI: 55.9 | MACD: -0.93 | ATR: 1.64
  📊 Filled: 0 | Pending: 0
  🕐 Outside session (08:04 CT) — no entries
  💰 Daily P&L: $+0.00

[2026-08-27 08:05] O:7714.25 H:7714.75 L:7713.50 C:7714.25 V:519.0
  📈 Trend: moderate_bearish | 🌍 Regime: trending_bearish
  🗺️  Grid: 0.080% | 🔺 7715.00 🔻 7713.00
  📡 RSI: 58.9 | MACD: -0.74 | ATR: 1.64
  📊 Filled: 0 | Pending: 0
  🕐 Outside session (08:05 CT) — no entries
  💰 Daily P&L: $+0.00

[2026-08-27 08:06] O:7714.25 H:7715.25 L:7714.00 C:7715.25 V:384.0
  📈 Trend: moderate_bearish | 🌍 Regime: trending_bearish
  🗺️  Grid: 0.080% | 🔺 7714.75 🔻 7713.50
  📡 RSI: 62.7 | MACD: -0.51 | ATR: 1.66
  📊 Filled: 0 | Pending: 0
  🕐 Outside session (08:06 CT) — no entries
  💰 Daily P&L: $+0.00

[2026-08-27 08:07] O:7715.25 H:7715.50 L:7714.00 C:7714.25 V:452.0
  📈 Trend: moderate_bearish | 🌍 Regime: trending_bearish
  🗺️  Grid: 0.080% | 🔺 7715.25 🔻 7714.00
  📡 RSI: 55.9 | MACD: -0.40 | ATR: 1.64
  📊 Filled: 0 | Pending: 0
  🕐 Outside session (08:07 CT) — no entries
  💰 Daily P&L: $+0.00

[2026-08-27 08:08] O:7714.25 H:7714.25 L:7713.00 C:7713.25 V:431.0
  📈 Trend: moderate_bearish | 🌍 Regime: trending_bearish
  🗺️  Grid: 0.080% | 🔺 7715.50 🔻 7714.00
  📡 RSI: 50.8 | MACD: -0.39 | ATR: 1.64
  📊 Filled: 0 | Pending: 0
  🕐 Outside session (08:08 CT) — no entries
  💰 Daily P&L: $+0.00

[2026-08-27 08:09] O:7713.00 H:7713.00 L:7711.50 C:7711.75 V:436.0
  📈 Trend: moderate_bearish (raw: strong_bearish) | 🌍 Regime: trending_bearish
  🗺️  Grid: 0.080% | 🔺 7714.25 🔻 7713.00
  📡 RSI: 47.7 | MACD: -0.49 | ATR: 1.70
  📊 Filled: 0 | Pending: 0
  🕐 Outside session (08:09 CT) — no entries
  💰 Daily P&L: $+0.00

[2026-08-27 08:10] O:7711.75 H:7713.00 L:7711.75 C:7712.50 V:278.0
  📈 Trend: moderate_bearish | 🌍 Regime: trending_bearish
  🗺️  Grid: 0.080% | 🔺 7713.00 🔻 7711.50
  📡 RSI: 46.9 | MACD: -0.51 | ATR: 1.68
  📊 Filled: 0 | Pending: 0
  🕐 Outside session (08:10 CT) — no entries
  💰 Daily P&L: $+0.00

[2026-08-27 08:11] O:7712.50 H:7712.75 L:7711.25 C:7712.50 V:433.0
  📈 Trend: moderate_bearish | 🌍 Regime: trending_bearish
  🗺️  Grid: 0.080% | 🔺 7713.00 🔻 7711.75
  📡 RSI: 50.0 | MACD: -0.52 | ATR: 1.64
  📊 Filled: 0 | Pending: 0
  🕐 Outside session (08:11 CT) — no entries
  💰 Daily P&L: $+0.00

[2026-08-27 08:12] O:7712.50 H:7714.25 L:7712.50 C:7714.00 V:496.0
  📈 Trend: moderate_bearish | 🌍 Regime: trending_bearish
  🗺️  Grid: 0.080% | 🔺 7712.75 🔻 7711.25
  📡 RSI: 59.0 | MACD: -0.40 | ATR: 1.66
  📊 Filled: 0 | Pending: 0
  🕐 Outside session (08:12 CT) — no entries
  💰 Daily P&L: $+0.00

[2026-08-27 08:13] O:7714.00 H:7714.25 L:7712.50 C:7713.25 V:567.0
  📈 Trend: moderate_bearish | 🌍 Regime: trending_bearish
  🗺️  Grid: 0.080% | 🔺 7714.25 🔻 7712.50
  📡 RSI: 55.6 | MACD: -0.36 | ATR: 1.73
  📊 Filled: 0 | Pending: 0
  🕐 Outside session (08:13 CT) — no entries
  💰 Daily P&L: $+0.00

[2026-08-27 08:14] O:7713.25 H:7713.50 L:7712.75 C:7713.25 V:523.0
  📈 Trend: moderate_bearish | 🌍 Regime: trending_bearish
  🗺️  Grid: 0.080% | 🔺 7714.25 🔻 7712.50
  📡 RSI: 53.3 | MACD: -0.33 | ATR: 1.68
  📊 Filled: 0 | Pending: 0
  🕐 Outside session (08:14 CT) — no entries
  💰 Daily P&L: $+0.00

[2026-08-27 08:15] O:7713.25 H:7714.75 L:7712.75 C:7714.50 V:391.0
  📈 Trend: moderate_bearish | 🌍 Regime: trending_bearish
  🗺️  Grid: 0.080% | 🔺 7713.50 🔻 7712.75
  📡 RSI: 63.8 | MACD: -0.20 | ATR: 1.68
  📊 Filled: 0 | Pending: 0
  🕐 Outside session (08:15 CT) — no entries
  💰 Daily P&L: $+0.00

[2026-08-27 08:16] O:7714.25 H:7717.25 L:7713.00 C:7713.25 V:1261.0
  📈 Trend: moderate_bearish | 🌍 Regime: trending_bearish
  🗺️  Grid: 0.080% | 🔺 7714.75 🔻 7712.75
  📡 RSI: 46.9 | MACD: -0.20 | ATR: 1.70
  📊 Filled: 0 | Pending: 0
  🕐 Outside session (08:16 CT) — no entries
  💰 Daily P&L: $+0.00

[2026-08-27 08:17] O:7713.25 H:7716.25 L:7713.25 C:7715.00 V:1041.0
  📈 Trend: moderate_bearish | 🌍 Regime: trending_bearish
  🗺️  Grid: 0.080% | 🔺 7717.25 🔻 7713.00
  📡 RSI: 57.7 | MACD: -0.05 | ATR: 1.80
  📊 Filled: 0 | Pending: 0
  🕐 Outside session (08:17 CT) — no entries
  💰 Daily P&L: $+0.00

[2026-08-27 08:18] O:7715.00 H:7715.25 L:7714.00 C:7714.50 V:418.0
  📈 Trend: moderate_bearish (raw: moderate_bullish) | 🌍 Regime: ranging
  🗺️  Grid: 0.080% | 🔺 7716.25 🔻 7713.25
  📡 RSI: 51.0 | MACD: 0.02 | ATR: 1.75
  📊 Filled: 0 | Pending: 0
  🕐 Outside session (08:18 CT) — no entries
  💰 Daily P&L: $+0.00

[2026-08-27 08:19] O:7714.75 H:7715.25 L:7714.00 C:7714.50 V:384.0
  📈 Trend: moderate_bullish | 🌍 Regime: ranging
  🗺️  Grid: 0.080% | 🔺 7715.25 🔻 7714.00
  📡 RSI: 51.0 | MACD: 0.08 | ATR: 1.75
  📊 Filled: 0 | Pending: 0
  🕐 Outside session (08:19 CT) — no entries
  💰 Daily P&L: $+0.00

[2026-08-27 08:20] O:7714.75 H:7715.00 L:7714.25 C:7714.75 V:285.0
  📈 Trend: moderate_bullish | 🌍 Regime: ranging
  🗺️  Grid: 0.080% | 🔺 7715.25 🔻 7714.00
  📡 RSI: 47.8 | MACD: 0.15 | ATR: 1.71
  📊 Filled: 0 | Pending: 0
  🕐 Outside session (08:20 CT) — no entries
  💰 Daily P&L: $+0.00

[2026-08-27 08:21] O:7714.50 H:7714.50 L:7713.00 C:7713.75 V:483.0
  📈 Trend: moderate_bullish | 🌍 Regime: ranging
  🗺️  Grid: 0.080% | 🔺 7715.00 🔻 7714.25
  📡 RSI: 47.8 | MACD: 0.12 | ATR: 1.73
  📊 Filled: 0 | Pending: 0
  🕐 Outside session (08:21 CT) — no entries
  💰 Daily P&L: $+0.00

[2026-08-27 08:22] O:7713.75 H:7714.25 L:7712.00 C:7712.75 V:1242.0
  📈 Trend: moderate_bullish | 🌍 Regime: trending_bullish
  🗺️  Grid: 0.080% | 🔺 7714.50 🔻 7713.00
  📡 RSI: 47.8 | MACD: 0.01 | ATR: 1.80
  📊 Filled: 0 | Pending: 0
  🕐 Outside session (08:22 CT) — no entries
  💰 Daily P&L: $+0.00

[2026-08-27 08:23] O:7713.00 H:7714.25 L:7712.75 C:7713.25 V:343.0
  📈 Trend: moderate_bullish (raw: moderate_bearish) | 🌍 Regime: ranging
  🗺️  Grid: 0.080% | 🔺 7714.25 🔻 7712.00
  📡 RSI: 57.1 | MACD: -0.03 | ATR: 1.79
  📊 Filled: 0 | Pending: 0
  🕐 Outside session (08:23 CT) — no entries
  💰 Daily P&L: $+0.00

[2026-08-27 08:24] O:7713.00 H:7713.75 L:7713.00 C:7713.25 V:365.0
  📈 Trend: moderate_bullish (raw: strong_bearish) | 🌍 Regime: ranging
  🗺️  Grid: 0.080% | 🔺 7714.25 🔻 7712.75
  📡 RSI: 53.8 | MACD: -0.07 | ATR: 1.75
  📊 Filled: 0 | Pending: 0
  🕐 Outside session (08:24 CT) — no entries
  💰 Daily P&L: $+0.00

[2026-08-27 08:25] O:7713.25 H:7716.50 L:7713.25 C:7716.50 V:1341.0
  📈 Trend: moderate_bullish (raw: strong_bullish) | 🌍 Regime: ranging
  🗺️  Grid: 0.080% | 🔺 7713.75 🔻 7713.00
  📡 RSI: 65.4 | MACD: 0.17 | ATR: 1.88
  📊 Filled: 0 | Pending: 0
  🕐 Outside session (08:25 CT) — no entries
  💰 Daily P&L: $+0.00

[2026-08-27 08:26] O:7716.50 H:7717.00 L:7716.00 C:7716.25 V:747.0
  📈 Trend: strong_bullish | 🌍 Regime: ranging
  🗺️  Grid: 0.080% | 🔺 7716.50 🔻 7713.25
  📡 RSI: 59.6 | MACD: 0.33 | ATR: 1.82
  📊 Filled: 0 | Pending: 0
  🕐 Outside session (08:26 CT) — no entries
  💰 Daily P&L: $+0.00

[2026-08-27 08:27] O:7716.25 H:7716.75 L:7715.00 C:7716.50 V:888.0
  📈 Trend: strong_bullish | 🌍 Regime: ranging
  🗺️  Grid: 0.080% | 🔺 7717.00 🔻 7716.00
  📡 RSI: 64.4 | MACD: 0.47 | ATR: 1.82
  📊 Filled: 0 | Pending: 0
  🕐 Outside session (08:27 CT) — no entries
  💰 Daily P&L: $+0.00

[2026-08-27 08:28] O:7716.50 H:7718.00 L:7715.00 C:7716.00 V:1849.0
  📈 Trend: strong_bullish | 🌍 Regime: ranging
  🗺️  Grid: 0.080% | 🔺 7716.75 🔻 7715.00
  📡 RSI: 61.7 | MACD: 0.54 | ATR: 1.98
  📊 Filled: 0 | Pending: 0
  🕐 Outside session (08:28 CT) — no entries
  💰 Daily P&L: $+0.00

[2026-08-27 08:29] O:7716.25 H:7717.50 L:7715.25 C:7716.25 V:1674.0
  📈 Trend: strong_bullish | 🌍 Regime: ranging
  🗺️  Grid: 0.080% | 🔺 7718.00 🔻 7715.00
  📡 RSI: 58.1 | MACD: 0.61 | ATR: 2.00
  📊 Filled: 0 | Pending: 0
  🕐 Outside session (08:29 CT) — no entries
  💰 Daily P&L: $+0.00

[2026-08-27 08:30] O:7716.25 H:7719.25 L:7712.50 C:7717.50 V:13344.0
  📈 Trend: strong_bullish | 🌍 Regime: ranging
  🗺️  Grid: 0.080% | 🔺 7717.50 🔻 7715.25
  📡 RSI: 69.8 | MACD: 0.75 | ATR: 2.18
  📊 Filled: 0 | Pending: 0
  🕐 Outside session (08:30 CT) — no entries
  💰 Daily P&L: $+0.00

[2026-08-27 08:31] O:7717.75 H:7720.00 L:7706.50 C:7706.50 V:9235.0
  📈 Trend: strong_bullish (raw: strong_bearish) | 🌍 Regime: ranging
  🗺️  Grid: 0.080% | 🔺 7719.25 🔻 7712.50
  📡 RSI: 28.8 | MACD: -0.02 | ATR: 2.93
  📊 Filled: 0 | Pending: 0
  🕐 Outside session (08:31 CT) — no entries
  💰 Daily P&L: $+0.00

[2026-08-27 08:32] O:7706.50 H:7709.25 L:7703.00 C:7708.25 V:8973.0
  📈 Trend: strong_bearish | 🌍 Regime: ranging
  🗺️  Grid: 0.080% | 🔺 7720.00 🔻 7706.50
  📡 RSI: 35.3 | MACD: -0.49 | ATR: 3.29
  📊 Filled: 0 | Pending: 0
  🕐 Outside session (08:32 CT) — no entries
  💰 Daily P&L: $+0.00

[2026-08-27 08:33] O:7708.00 H:7713.25 L:7708.00 C:7710.00 V:6841.0
  📈 Trend: strong_bearish | 🌍 Regime: ranging
  🗺️  Grid: 0.080% | 🔺 7709.25 🔻 7703.00
  📡 RSI: 40.2 | MACD: -0.71 | ATR: 3.57
  📊 Filled: 0 | Pending: 0
  🕐 Outside session (08:33 CT) — no entries
  💰 Daily P&L: $+0.00

[2026-08-27 08:34] O:7709.75 H:7710.25 L:7704.25 C:7706.00 V:5193.0
  📈 Trend: strong_bearish | 🌍 Regime: ranging
  🗺️  Grid: 0.080% | 🔺 7713.25 🔻 7708.00
  📡 RSI: 33.6 | MACD: -1.19 | ATR: 3.95
  📊 Filled: 0 | Pending: 0
  🕐 Outside session (08:34 CT) — no entries
  💰 Daily P&L: $+0.00

[2026-08-27 08:35] O:7706.00 H:7708.00 L:7702.75 C:7707.25 V:7709.0
  📈 Trend: strong_bearish | 🌍 Regime: ranging
  🗺️  Grid: 0.080% | 🔺 7710.25 🔻 7704.25
  📡 RSI: 38.0 | MACD: -1.46 | ATR: 4.20
  📊 Filled: 0 | Pending: 0
  🕐 Outside session (08:35 CT) — no entries
  💰 Daily P&L: $+0.00

[2026-08-27 08:36] O:7707.25 H:7710.25 L:7707.00 C:7708.25 V:6774.0
  📈 Trend: strong_bearish | 🌍 Regime: ranging
  🗺️  Grid: 0.080% | 🔺 7708.00 🔻 7702.75
  📡 RSI: 41.7 | MACD: -1.57 | ATR: 4.27
  📊 Filled: 0 | Pending: 0
  🕐 Outside session (08:36 CT) — no entries
  💰 Daily P&L: $+0.00

[2026-08-27 08:37] O:7708.25 H:7709.50 L:7704.75 C:7708.25 V:4755.0
  📈 Trend: strong_bearish | 🌍 Regime: ranging
  🗺️  Grid: 0.080% | 🔺 7710.25 🔻 7707.00
  📡 RSI: 40.6 | MACD: -1.64 | ATR: 4.50
  📊 Filled: 0 | Pending: 0
  🕐 Outside session (08:37 CT) — no entries
  💰 Daily P&L: $+0.00

[2026-08-27 08:38] O:7708.25 H:7709.50 L:7706.50 C:7708.25 V:3768.0
  📈 Trend: strong_bearish | 🌍 Regime: ranging
  🗺️  Grid: 0.080% | 🔺 7709.50 🔻 7704.75
  📡 RSI: 40.6 | MACD: -1.67 | ATR: 4.66
  📊 Filled: 0 | Pending: 0
  🕐 Outside session (08:38 CT) — no entries
  💰 Daily P&L: $+0.00

[2026-08-27 08:39] O:7708.25 H:7714.00 L:7707.75 C:7713.50 V:5416.0
  📈 Trend: strong_bearish | 🌍 Regime: ranging
  🗺️  Grid: 0.080% | 🔺 7709.50 🔻 7706.50
  📡 RSI: 44.7 | MACD: -1.26 | ATR: 4.88
  📊 Filled: 0 | Pending: 0
  🕐 Outside session (08:39 CT) — no entries
  💰 Daily P&L: $+0.00

[2026-08-27 08:40] O:7713.50 H:7714.50 L:7712.25 C:7713.75 V:5432.0
  📈 Trend: strong_bearish | 🌍 Regime: ranging
  🗺️  Grid: 0.080% | 🔺 7714.00 🔻 7707.75
  📡 RSI: 45.6 | MACD: -0.91 | ATR: 4.96
  📊 Filled: 0 | Pending: 0
  🕐 Outside session (08:40 CT) — no entries
  💰 Daily P&L: $+0.00

[2026-08-27 08:41] O:7713.75 H:7718.75 L:7713.25 C:7715.25 V:4882.0
  📈 Trend: strong_bearish (raw: moderate_bearish) | 🌍 Regime: ranging
  🗺️  Grid: 0.081% | 🔺 7714.50 🔻 7712.25
  📡 RSI: 47.9 | MACD: -0.50 | ATR: 5.23
  📊 Filled: 0 | Pending: 0
  🕐 Outside session (08:41 CT) — no entries
  💰 Daily P&L: $+0.00

[2026-08-27 08:42] O:7715.25 H:7717.00 L:7710.50 C:7716.50 V:5397.0
  📈 Trend: moderate_bearish | 🌍 Regime: ranging
  🗺️  Grid: 0.085% | 🔺 7718.75 🔻 7713.25
  📡 RSI: 50.8 | MACD: -0.07 | ATR: 5.48
  📊 Filled: 0 | Pending: 0
  🕐 Outside session (08:42 CT) — no entries
  💰 Daily P&L: $+0.00

[2026-08-27 08:43] O:7716.25 H:7717.75 L:7715.50 C:7716.25 V:4381.0
  📈 Trend: moderate_bearish (raw: moderate_bullish) | 🌍 Regime: ranging
  🗺️  Grid: 0.085% | 🔺 7717.00 🔻 7710.50
  📡 RSI: 50.0 | MACD: 0.24 | ATR: 5.48
  📊 Filled: 0 | Pending: 0
  🕐 Outside session (08:43 CT) — no entries
  💰 Daily P&L: $+0.00

[2026-08-27 08:44] O:7716.25 H:7723.75 L:7716.00 C:7723.50 V:9198.0
  📈 Trend: moderate_bullish | 🌍 Regime: ranging
  🗺️  Grid: 0.086% | 🔺 7717.75 🔻 7715.50
  📡 RSI: 58.2 | MACD: 1.06 | ATR: 5.55
  📊 Filled: 0 | Pending: 0
  🕐 Outside session (08:44 CT) — no entries
  💰 Daily P&L: $+0.00

[2026-08-27 08:45] O:7723.50 H:7727.25 L:7722.25 C:7726.75 V:6567.0
  📈 Trend: moderate_bullish (raw: strong_bullish) | 🌍 Regime: ranging
  🗺️  Grid: 0.080% | 🔺 7723.75 🔻 7716.00
  📡 RSI: 85.2 | MACD: 1.95 | ATR: 4.95
  📊 Filled: 0 | Pending: 0
  🔲 Regime: RANGING | Range pos: 98% | RSI: 85.2
  📤 Limit SELL 5 @ 7726.75 submitted (ID: 712)
  📋 Order 712 status: PreSubmitted
  ✅ Fill: SLD 5.0 @ 7726.75
  📋 Order 712 status: Filled
  ⬇️ SHORT ORDER @ 7726.75 | Size: 1.00 | SL: 7736.75 | TP: 7712.00 [HIGH VOL ATR:4.95→5cts]
     Reason: Grid Short (sideways, RSI: 85.2)
  🔬 SHADOW [short ranging]: 🟥 ROBUST WOULD BLOCK (1 filter)
       MACD=BLOCK (+1.95 vs +1.06, Δ+0.89) | 5m=N/A (ranging)
     ⏳ Order 712 PENDING - awaiting fill confirmation
  💰 Daily P&L: $+0.00
  📤 Stop-Market BUY 5 @ 7736.75 submitted (ID: 713) [OCA:exit_712_1787838425]
  📋 Order 713 status: PreSubmitted
  📤 Limit BUY 5 @ 7712.00 submitted (ID: 714) [OCA:exit_712_1787838425]
  📋 Order 714 status: PreSubmitted
  ✅ FILL CONFIRMED: SHORT @ 7726.75 (order 712)
     📊 Bracket placed: SL #713 @ 7736.75 | TP #714 @ 7712.00
     Trail activates @ +7.5 pts

[2026-08-27 08:46] O:7726.50 H:7728.50 L:7720.75 C:7720.75 V:7013.0
  📈 Trend: strong_bullish | 🌍 Regime: ranging
  🗺️  Grid: 0.080% | 🔺 7727.25 🔻 7722.25
  📡 RSI: 68.9 | MACD: 2.15 | ATR: 5.05
  📊 Filled: 1 | Pending: 0
  📍 SHORT @ 7726.75 | SL: 7736.75 | TP: 7712.00 | P&L: $+1,500.00 | +7.5 to trail
  💰 Daily P&L: $+0.00
  📋 Order 714 status: Submitted
  📋 Order 713 status: Cancelled
  ✅ Fill: BOT 2.0 @ 7712.0
  📋 Order 714 status: Submitted
  ✅ Fill: BOT 3.0 @ 7712.0
  📋 Order 714 status: Filled

[2026-08-27 08:47] O:7720.75 H:7721.75 L:7711.50 C:7714.25 V:9127.0
  📈 Trend: strong_bullish (raw: strong_bearish) | 🌍 Regime: ranging
  🗺️  Grid: 0.084% | 🔺 7728.50 🔻 7720.75
  📡 RSI: 55.6 | MACD: 1.76 | ATR: 5.41
  📊 Filled: 1 | Pending: 0
  📍 SHORT @ 7726.75 | SL: 7736.75 | TP: 7712.00 | P&L: $+3,125.00 | +1.5 to trail
  ✅ EXIT SHORT @ 7712.00 | Take Profit
     P&L: +14.75 pts ($+3,687.50) | Daily: $+3,687.50
  ⏸️ Cooldown: 2 bar(s) remaining after exit
  💰 Daily P&L: $+3,687.50

[2026-08-27 08:48] O:7714.50 H:7715.50 L:7711.50 C:7713.50 V:6117.0
  📈 Trend: strong_bearish | 🌍 Regime: ranging
  🗺️  Grid: 0.082% | 🔺 7721.75 🔻 7711.50
  📡 RSI: 60.9 | MACD: 1.38 | ATR: 5.27
  📊 Filled: 0 | Pending: 0
  ⏸️ Cooldown: 1 bar(s) remaining after exit
  💰 Daily P&L: $+3,687.50

[2026-08-27 08:49] O:7713.50 H:7713.50 L:7708.25 C:7711.75 V:5872.0
  📈 Trend: strong_bearish | 🌍 Regime: ranging
  🗺️  Grid: 0.082% | 🔺 7715.50 🔻 7711.50
  📡 RSI: 56.4 | MACD: 0.92 | ATR: 5.27
  📊 Filled: 0 | Pending: 0
  🔲 Regime: RANGING | Range pos: 35% | RSI: 56.4
  💰 Daily P&L: $+3,687.50

[2026-08-27 08:50] O:7712.00 H:7719.50 L:7712.00 C:7719.25 V:5417.0
  📈 Trend: strong_bearish (raw: moderate_bullish) | 🌍 Regime: ranging
  🗺️  Grid: 0.087% | 🔺 7713.50 🔻 7708.25
  📡 RSI: 63.3 | MACD: 1.15 | ATR: 5.59
  📊 Filled: 0 | Pending: 0
  🔲 Regime: RANGING | Range pos: 64% | RSI: 63.3
  💰 Daily P&L: $+3,687.50

[2026-08-27 08:51] O:7719.25 H:7721.25 L:7718.00 C:7720.75 V:4390.0
  📈 Trend: strong_bearish (raw: strong_bullish) | 🌍 Regime: ranging
  🗺️  Grid: 0.085% | 🔺 7719.50 🔻 7712.00
  📡 RSI: 64.5 | MACD: 1.44 | ATR: 5.48
  📊 Filled: 0 | Pending: 0
  🔲 Regime: RANGING | Range pos: 70% | RSI: 64.5
  💰 Daily P&L: $+3,687.50

[2026-08-27 08:52] O:7720.75 H:7723.25 L:7719.25 C:7722.75 V:6127.0
  📈 Trend: strong_bullish | 🌍 Regime: ranging
  🗺️  Grid: 0.086% | 🔺 7721.25 🔻 7718.00
  📡 RSI: 66.1 | MACD: 1.81 | ATR: 5.55
  📊 Filled: 0 | Pending: 0
  🔲 Regime: RANGING | Range pos: 78% | RSI: 66.1
  💰 Daily P&L: $+3,687.50

[2026-08-27 08:53] O:7722.50 H:7724.50 L:7721.50 C:7723.75 V:3243.0
  📈 Trend: strong_bullish | 🌍 Regime: ranging
  🗺️  Grid: 0.083% | 🔺 7723.25 🔻 7719.25
  📡 RSI: 62.6 | MACD: 2.15 | ATR: 5.32
  📊 Filled: 0 | Pending: 0
  🔲 Regime: RANGING | Range pos: 82% | RSI: 62.6
  💰 Daily P&L: $+3,687.50

[2026-08-27 08:54] O:7723.75 H:7725.25 L:7722.50 C:7723.25 V:3198.0
  📈 Trend: strong_bullish | 🌍 Regime: ranging
  🗺️  Grid: 0.083% | 🔺 7724.50 🔻 7721.50
  📡 RSI: 61.6 | MACD: 2.36 | ATR: 5.36
  📊 Filled: 0 | Pending: 0
  🔲 Regime: RANGING | Range pos: 80% | RSI: 61.6
  💰 Daily P&L: $+3,687.50

[2026-08-27 08:55] O:7723.25 H:7724.00 L:7716.25 C:7719.75 V:4977.0
  📈 Trend: strong_bullish | 🌍 Regime: ranging
  🗺️  Grid: 0.086% | 🔺 7725.25 🔻 7722.50
  📡 RSI: 55.2 | MACD: 2.22 | ATR: 5.52
  📊 Filled: 0 | Pending: 0
  🔲 Regime: RANGING | Range pos: 66% | RSI: 55.2
  💰 Daily P&L: $+3,687.50

[2026-08-27 08:56] O:7719.50 H:7720.00 L:7713.25 C:7713.50 V:4074.0
  📈 Trend: strong_bullish (raw: moderate_bullish) | 🌍 Regime: ranging
  🗺️  Grid: 0.086% | 🔺 7724.00 🔻 7716.25
  📡 RSI: 46.9 | MACD: 1.58 | ATR: 5.54
  📊 Filled: 0 | Pending: 0
  🔲 Regime: RANGING | Range pos: 42% | RSI: 46.9
  💰 Daily P&L: $+3,687.50

[2026-08-27 08:57] O:7713.25 H:7713.50 L:7707.25 C:7708.50 V:6131.0
  📈 Trend: moderate_bullish | 🌍 Regime: ranging
  🗺️  Grid: 0.091% | 🔺 7720.00 🔻 7713.25
  📡 RSI: 42.7 | MACD: 0.67 | ATR: 5.82
  📊 Filled: 0 | Pending: 0
  🔲 Regime: RANGING | Range pos: 22% | RSI: 42.7
  💰 Daily P&L: $+3,687.50

[2026-08-27 08:58] O:7708.50 H:7712.75 L:7708.50 C:7712.75 V:5502.0
  📈 Trend: moderate_bullish (raw: moderate_bearish) | 🌍 Regime: ranging
  🗺️  Grid: 0.087% | 🔺 7713.50 🔻 7707.25
  📡 RSI: 39.2 | MACD: 0.28 | ATR: 5.57
  📊 Filled: 0 | Pending: 0
  🔲 Regime: RANGING | Range pos: 39% | RSI: 39.2
  💰 Daily P&L: $+3,687.50

[2026-08-27 08:59] O:7712.75 H:7716.25 L:7711.25 C:7715.25 V:4416.0
  📈 Trend: moderate_bullish | 🌍 Regime: ranging
  🗺️  Grid: 0.087% | 🔺 7712.75 🔻 7708.50
  📡 RSI: 38.3 | MACD: 0.18 | ATR: 5.57
  📊 Filled: 0 | Pending: 0
  🔲 Regime: RANGING | Range pos: 49% | RSI: 38.3
  💰 Daily P&L: $+3,687.50

[2026-08-27 09:00] O:7715.25 H:7717.50 L:7713.50 C:7716.25 V:5232.0
  📈 Trend: moderate_bullish | 🌍 Regime: ranging
  🗺️  Grid: 0.082% | 🔺 7716.25 🔻 7711.25
  📡 RSI: 44.9 | MACD: 0.17 | ATR: 5.30
  📊 Filled: 0 | Pending: 0
  🔲 Regime: RANGING | Range pos: 52% | RSI: 44.9
  💰 Daily P&L: $+3,687.50

[2026-08-27 09:01] O:7716.25 H:7719.50 L:7714.75 C:7718.50 V:3985.0
  📈 Trend: moderate_bullish | 🌍 Regime: ranging
  🗺️  Grid: 0.080% | 🔺 7717.50 🔻 7713.50
  📡 RSI: 55.3 | MACD: 0.34 | ATR: 4.91
  📊 Filled: 0 | Pending: 0
  🔲 Regime: RANGING | Range pos: 61% | RSI: 55.3
  💰 Daily P&L: $+3,687.50

[2026-08-27 09:02] O:7718.50 H:7719.00 L:7715.50 C:7717.50 V:4324.0
  📈 Trend: moderate_bullish | 🌍 Regime: ranging
  🗺️  Grid: 0.080% | 🔺 7719.50 🔻 7714.75
  📡 RSI: 55.0 | MACD: 0.40 | ATR: 4.88
  📊 Filled: 0 | Pending: 0
  🔲 Regime: RANGING | Range pos: 57% | RSI: 55.0
  💰 Daily P&L: $+3,687.50

[2026-08-27 09:03] O:7717.50 H:7720.75 L:7715.75 C:7720.75 V:2885.0
  📈 Trend: moderate_bullish | 🌍 Regime: ranging
  🗺️  Grid: 0.080% | 🔺 7719.00 🔻 7715.50
  📡 RSI: 60.8 | MACD: 0.69 | ATR: 4.86
  📊 Filled: 0 | Pending: 0
  🔲 Regime: RANGING | Range pos: 70% | RSI: 60.8
  💰 Daily P&L: $+3,687.50

[2026-08-27 09:04] O:7721.00 H:7721.75 L:7718.00 C:7719.25 V:4122.0
  📈 Trend: moderate_bullish | 🌍 Regime: ranging
  🗺️  Grid: 0.080% | 🔺 7720.75 🔻 7715.75
  📡 RSI: 50.0 | MACD: 0.80 | ATR: 4.57
  📊 Filled: 0 | Pending: 0
  🔲 Regime: RANGING | Range pos: 64% | RSI: 50.0
  💰 Daily P&L: $+3,687.50

[2026-08-27 09:05] O:7719.25 H:7722.25 L:7719.00 C:7720.50 V:2669.0
  📈 Trend: moderate_bullish | 🌍 Regime: ranging
  🗺️  Grid: 0.080% | 🔺 7721.75 🔻 7718.00
  📡 RSI: 49.6 | MACD: 0.97 | ATR: 4.57
  📊 Filled: 0 | Pending: 0
  🔲 Regime: RANGING | Range pos: 69% | RSI: 49.6
  💰 Daily P&L: $+3,687.50

[2026-08-27 09:06] O:7720.75 H:7721.25 L:7713.00 C:7713.00 V:3922.0
  📈 Trend: moderate_bullish (raw: moderate_bearish) | 🌍 Regime: ranging
  🗺️  Grid: 0.080% | 🔺 7722.25 🔻 7719.00
  📡 RSI: 38.0 | MACD: 0.49 | ATR: 4.88
  📊 Filled: 0 | Pending: 0
  🔲 Regime: RANGING | Range pos: 40% | RSI: 38.0
  💰 Daily P&L: $+3,687.50

[2026-08-27 09:07] O:7713.25 H:7718.50 L:7712.00 C:7717.25 V:3766.0
  📈 Trend: moderate_bullish | 🌍 Regime: ranging
  🗺️  Grid: 0.080% | 🔺 7721.25 🔻 7713.00
  📡 RSI: 42.6 | MACD: 0.45 | ATR: 5.12
  📊 Filled: 0 | Pending: 0
  🔲 Regime: RANGING | Range pos: 56% | RSI: 42.6
  💰 Daily P&L: $+3,687.50

[2026-08-27 09:08] O:7717.25 H:7717.50 L:7713.50 C:7715.00 V:3396.0
  📈 Trend: moderate_bullish | 🌍 Regime: ranging
  🗺️  Grid: 0.081% | 🔺 7718.50 🔻 7712.00
  📡 RSI: 41.0 | MACD: 0.24 | ATR: 5.21
  📊 Filled: 0 | Pending: 0
  🔲 Regime: RANGING | Range pos: 48% | RSI: 41.0
  💰 Daily P&L: $+3,687.50

[2026-08-27 09:09] O:7714.75 H:7717.50 L:7714.25 C:7715.75 V:2983.0
  📈 Trend: moderate_bullish (raw: moderate_bearish) | 🌍 Regime: ranging
  🗺️  Grid: 0.080% | 🔺 7717.50 🔻 7713.50
  📡 RSI: 45.3 | MACD: 0.13 | ATR: 4.89
  📊 Filled: 0 | Pending: 0
  🔲 Regime: RANGING | Range pos: 50% | RSI: 45.3
  💰 Daily P&L: $+3,687.50

[2026-08-27 09:10] O:7715.75 H:7720.75 L:7715.25 C:7720.25 V:3566.0
  📈 Trend: moderate_bearish | 🌍 Regime: ranging
  🗺️  Grid: 0.080% | 🔺 7717.50 🔻 7714.25
  📡 RSI: 58.2 | MACD: 0.40 | ATR: 4.80
  📊 Filled: 0 | Pending: 0
  🔲 Regime: RANGING | Range pos: 68% | RSI: 58.2
  💰 Daily P&L: $+3,687.50

[2026-08-27 09:11] O:7720.25 H:7721.00 L:7718.50 C:7718.75 V:2585.0
  📈 Trend: moderate_bearish (raw: moderate_bullish) | 🌍 Regime: ranging
  🗺️  Grid: 0.080% | 🔺 7720.75 🔻 7715.25
  📡 RSI: 63.6 | MACD: 0.49 | ATR: 4.54
  📊 Filled: 0 | Pending: 0
  🔲 Regime: RANGING | Range pos: 62% | RSI: 63.6
  💰 Daily P&L: $+3,687.50

[2026-08-27 09:12] O:7718.75 H:7720.50 L:7718.00 C:7720.00 V:2336.0
  📈 Trend: moderate_bullish | 🌍 Regime: ranging
  🗺️  Grid: 0.080% | 🔺 7721.00 🔻 7718.50
  📡 RSI: 60.4 | MACD: 0.65 | ATR: 4.41
  📊 Filled: 0 | Pending: 0
  🔲 Regime: RANGING | Range pos: 67% | RSI: 60.4
  💰 Daily P&L: $+3,687.50

[2026-08-27 09:13] O:7720.00 H:7721.00 L:7718.00 C:7721.00 V:2249.0
  📈 Trend: moderate_bullish | 🌍 Regime: ranging
  🗺️  Grid: 0.080% | 🔺 7720.50 🔻 7718.00
  📡 RSI: 58.6 | MACD: 0.85 | ATR: 4.27
  📊 Filled: 0 | Pending: 0
  🔲 Regime: RANGING | Range pos: 71% | RSI: 58.6
  💰 Daily P&L: $+3,687.50

[2026-08-27 09:14] O:7721.00 H:7721.25 L:7717.00 C:7718.00 V:2345.0
  📈 Trend: moderate_bullish | 🌍 Regime: ranging
  🗺️  Grid: 0.080% | 🔺 7721.00 🔻 7718.00
  📡 RSI: 52.5 | MACD: 0.76 | ATR: 4.29
  📊 Filled: 0 | Pending: 0
  🔲 Regime: RANGING | Range pos: 59% | RSI: 52.5
  💰 Daily P&L: $+3,687.50

[2026-08-27 09:15] O:7717.75 H:7722.25 L:7717.75 C:7722.00 V:2426.0
  📈 Trend: moderate_bullish (raw: strong_bullish) | 🌍 Regime: ranging
  🗺️  Grid: 0.080% | 🔺 7721.25 🔻 7717.00
  📡 RSI: 54.7 | MACD: 1.00 | ATR: 4.27
  📊 Filled: 0 | Pending: 0
  🔲 Regime: RANGING | Range pos: 75% | RSI: 54.7
  💰 Daily P&L: $+3,687.50

[2026-08-27 09:16] O:7722.00 H:7722.00 L:7719.00 C:7719.25 V:2070.0
  📈 Trend: strong_bullish | 🌍 Regime: ranging
  🗺️  Grid: 0.080% | 🔺 7722.25 🔻 7717.75
  📡 RSI: 52.3 | MACD: 0.95 | ATR: 4.23
  📊 Filled: 0 | Pending: 0
  🔲 Regime: RANGING | Range pos: 64% | RSI: 52.3
  💰 Daily P&L: $+3,687.50

[2026-08-27 09:17] O:7719.25 H:7723.00 L:7719.25 C:7722.50 V:2753.0
  📈 Trend: strong_bullish | 🌍 Regime: ranging
  🗺️  Grid: 0.080% | 🔺 7722.00 🔻 7719.00
  📡 RSI: 52.3 | MACD: 1.17 | ATR: 4.14
  📊 Filled: 0 | Pending: 0
  🔲 Regime: RANGING | Range pos: 77% | RSI: 52.3
  💰 Daily P&L: $+3,687.50

[2026-08-27 09:18] O:7722.50 H:7725.00 L:7721.75 C:7723.75 V:2913.0
  📈 Trend: strong_bullish | 🌍 Regime: ranging
  🗺️  Grid: 0.080% | 🔺 7723.00 🔻 7719.25
  📡 RSI: 55.8 | MACD: 1.42 | ATR: 4.11
  📊 Filled: 0 | Pending: 0
  🔲 Regime: RANGING | Range pos: 82% | RSI: 55.8
  💰 Daily P&L: $+3,687.50

[2026-08-27 09:19] O:7723.75 H:7724.50 L:7722.25 C:7723.00 V:2339.0
  📈 Trend: strong_bullish | 🌍 Regime: ranging
  🗺️  Grid: 0.080% | 🔺 7725.00 🔻 7721.75
  📡 RSI: 53.3 | MACD: 1.54 | ATR: 4.04
  📊 Filled: 0 | Pending: 0
  🔲 Regime: RANGING | Range pos: 79% | RSI: 53.3
  💰 Daily P&L: $+3,687.50

[2026-08-27 09:20] O:7722.75 H:7725.75 L:7722.75 C:7725.75 V:2982.0
  📈 Trend: strong_bullish | 🌍 Regime: ranging
  🗺️  Grid: 0.080% | 🔺 7724.50 🔻 7722.25
  📡 RSI: 69.2 | MACD: 1.84 | ATR: 3.66
  📊 Filled: 0 | Pending: 0
  🔲 Regime: RANGING | Range pos: 89% | RSI: 69.2
  💰 Daily P&L: $+3,687.50

[2026-08-27 09:21] O:7725.75 H:7726.50 L:7722.25 C:7722.50 V:2836.0
  📈 Trend: strong_bullish | 🌍 Regime: ranging
  🗺️  Grid: 0.080% | 🔺 7725.75 🔻 7722.75
  📡 RSI: 58.1 | MACD: 1.79 | ATR: 3.50
  📊 Filled: 0 | Pending: 0
  🔲 Regime: RANGING | Range pos: 77% | RSI: 58.1
  💰 Daily P&L: $+3,687.50

[2026-08-27 09:22] O:7722.50 H:7724.50 L:7722.00 C:7723.75 V:3120.0
  📈 Trend: strong_bullish | 🌍 Regime: ranging
  🗺️  Grid: 0.080% | 🔺 7726.50 🔻 7722.25
  📡 RSI: 64.0 | MACD: 1.84 | ATR: 3.39
  📊 Filled: 0 | Pending: 0
  🔲 Regime: RANGING | Range pos: 82% | RSI: 64.0
  💰 Daily P&L: $+3,687.50

[2026-08-27 09:23] O:7723.75 H:7727.50 L:7723.25 C:7723.75 V:4530.0
  📈 Trend: strong_bullish | 🌍 Regime: ranging
  🗺️  Grid: 0.080% | 🔺 7724.50 🔻 7722.00
  📡 RSI: 63.1 | MACD: 1.85 | ATR: 3.46
  📊 Filled: 0 | Pending: 0
  🔲 Regime: RANGING | Range pos: 82% | RSI: 63.1
  💰 Daily P&L: $+3,687.50

[2026-08-27 09:24] O:7723.75 H:7726.25 L:7722.75 C:7726.25 V:2982.0
  📈 Trend: strong_bullish | 🌍 Regime: ranging
  🗺️  Grid: 0.080% | 🔺 7727.50 🔻 7723.25
  📡 RSI: 60.5 | MACD: 2.04 | ATR: 3.32
  📊 Filled: 0 | Pending: 0
  🔲 Regime: RANGING | Range pos: 91% | RSI: 60.5
  💰 Daily P&L: $+3,687.50

[2026-08-27 09:25] O:7726.25 H:7726.25 L:7724.25 C:7725.75 V:2474.0
  📈 Trend: strong_bullish | 🌍 Regime: ranging
  🗺️  Grid: 0.080% | 🔺 7726.25 🔻 7722.75
  📡 RSI: 62.7 | MACD: 2.12 | ATR: 3.29
  📊 Filled: 0 | Pending: 0
  🔲 Regime: RANGING | Range pos: 89% | RSI: 62.7
  💰 Daily P&L: $+3,687.50

[2026-08-27 09:26] O:7725.50 H:7727.50 L:7725.25 C:7727.25 V:2448.0
  📈 Trend: strong_bullish | 🌍 Regime: trending_bullish
  🗺️  Grid: 0.080% | 🔺 7726.25 🔻 7724.25
  📡 RSI: 63.1 | MACD: 2.28 | ATR: 3.27
  📊 Filled: 0 | Pending: 0
  💰 Daily P&L: $+3,687.50

[2026-08-27 09:27] O:7727.25 H:7730.25 L:7727.00 C:7728.50 V:4753.0
  📈 Trend: strong_bullish | 🌍 Regime: trending_bullish
  🗺️  Grid: 0.080% | 🔺 7727.50 🔻 7725.25
  📡 RSI: 63.4 | MACD: 2.48 | ATR: 3.29
  📊 Filled: 0 | Pending: 0
  💰 Daily P&L: $+3,687.50

[2026-08-27 09:28] O:7728.25 H:7729.75 L:7726.75 C:7727.25 V:2992.0
  📈 Trend: strong_bullish | 🌍 Regime: trending_bullish
  🗺️  Grid: 0.080% | 🔺 7730.25 🔻 7727.00
  📡 RSI: 67.6 | MACD: 2.51 | ATR: 3.20
  📊 Filled: 0 | Pending: 0
  💰 Daily P&L: $+3,687.50

[2026-08-27 09:29] O:7727.00 H:7728.75 L:7726.50 C:7728.50 V:1688.0
  📈 Trend: strong_bullish | 🌍 Regime: trending_bullish
  🗺️  Grid: 0.080% | 🔺 7729.75 🔻 7726.75
  📡 RSI: 63.8 | MACD: 2.61 | ATR: 3.04
  📊 Filled: 0 | Pending: 0
  💰 Daily P&L: $+3,687.50

[2026-08-27 09:30] O:7728.50 H:7729.25 L:7721.75 C:7723.50 V:6053.0
  📈 Trend: strong_bullish | 🌍 Regime: ranging
  🗺️  Grid: 0.080% | 🔺 7728.75 🔻 7726.50
  📡 RSI: 58.3 | MACD: 2.25 | ATR: 3.36
  📊 Filled: 0 | Pending: 0
  🔲 Regime: RANGING | Range pos: 75% | RSI: 58.3
  💰 Daily P&L: $+3,687.50

[2026-08-27 09:31] O:7723.50 H:7725.25 L:7723.50 C:7724.75 V:2676.0
  📈 Trend: strong_bullish | 🌍 Regime: ranging
  🗺️  Grid: 0.080% | 🔺 7729.25 🔻 7721.75
  📡 RSI: 54.7 | MACD: 2.05 | ATR: 3.21
  📊 Filled: 0 | Pending: 0
  🔲 Regime: RANGING | Range pos: 80% | RSI: 54.7
  💰 Daily P&L: $+3,687.50

[2026-08-27 09:32] O:7724.75 H:7725.00 L:7723.00 C:7724.00 V:2279.0
  📈 Trend: strong_bullish | 🌍 Regime: ranging
  🗺️  Grid: 0.080% | 🔺 7725.25 🔻 7723.50
  📡 RSI: 50.5 | MACD: 1.80 | ATR: 3.12
  📊 Filled: 0 | Pending: 0
  🔲 Regime: RANGING | Range pos: 77% | RSI: 50.5
  💰 Daily P&L: $+3,687.50

[2026-08-27 09:33] O:7724.00 H:7727.50 L:7722.50 C:7727.00 V:2552.0
  📈 Trend: strong_bullish | 🌍 Regime: ranging
  🗺️  Grid: 0.080% | 🔺 7725.00 🔻 7723.00
  📡 RSI: 57.8 | MACD: 1.83 | ATR: 3.32
  📊 Filled: 0 | Pending: 0
  🔲 Regime: RANGING | Range pos: 88% | RSI: 57.8
  💰 Daily P&L: $+3,687.50

[2026-08-27 09:34] O:7727.25 H:7727.25 L:7724.75 C:7725.25 V:1847.0
  📈 Trend: strong_bullish | 🌍 Regime: ranging
  🗺️  Grid: 0.080% | 🔺 7727.50 🔻 7722.50
  📡 RSI: 49.0 | MACD: 1.69 | ATR: 3.29
  📊 Filled: 0 | Pending: 0
  🔲 Regime: RANGING | Range pos: 82% | RSI: 49.0
  💰 Daily P&L: $+3,687.50

[2026-08-27 09:35] O:7725.50 H:7729.00 L:7725.50 C:7728.75 V:2759.0
  📈 Trend: strong_bullish | 🌍 Regime: ranging
  🗺️  Grid: 0.080% | 🔺 7727.25 🔻 7724.75
  📡 RSI: 62.6 | MACD: 1.85 | ATR: 3.25
  📊 Filled: 0 | Pending: 0
  🔲 Regime: RANGING | Range pos: 95% | RSI: 62.6
  💰 Daily P&L: $+3,687.50

[2026-08-27 09:36] O:7728.75 H:7729.75 L:7728.25 C:7729.75 V:2129.0
  📈 Trend: strong_bullish | 🌍 Regime: ranging
  🗺️  Grid: 0.080% | 🔺 7729.00 🔻 7725.50
  📡 RSI: 62.2 | MACD: 2.02 | ATR: 3.18
  📊 Filled: 0 | Pending: 0
  🔲 Regime: RANGING | Range pos: 98% | RSI: 62.2
  💰 Daily P&L: $+3,687.50

[2026-08-27 09:37] O:7729.75 H:7732.25 L:7729.25 C:7729.75 V:3171.0
  📈 Trend: strong_bullish | 🌍 Regime: ranging
  🗺️  Grid: 0.080% | 🔺 7729.75 🔻 7728.25
  📡 RSI: 62.2 | MACD: 2.14 | ATR: 3.09
  📊 Filled: 0 | Pending: 0
  🔲 Regime: RANGING | Range pos: 92% | RSI: 62.2
  💰 Daily P&L: $+3,687.50

[2026-08-27 09:38] O:7729.50 H:7730.00 L:7727.50 C:7728.50 V:2961.0
  📈 Trend: strong_bullish | 🌍 Regime: ranging
  🗺️  Grid: 0.080% | 🔺 7732.25 🔻 7729.25
  📡 RSI: 54.8 | MACD: 2.11 | ATR: 3.02
  📊 Filled: 0 | Pending: 0
  🔲 Regime: RANGING | Range pos: 87% | RSI: 54.8
  💰 Daily P&L: $+3,687.50

[2026-08-27 09:39] O:7728.50 H:7728.75 L:7725.00 C:7725.00 V:4339.0
  📈 Trend: strong_bullish (raw: moderate_bullish) | 🌍 Regime: ranging
  🗺️  Grid: 0.080% | 🔺 7730.00 🔻 7727.50
  📡 RSI: 48.6 | MACD: 1.78 | ATR: 3.14
  📊 Filled: 0 | Pending: 0
  🔲 Regime: RANGING | Range pos: 75% | RSI: 48.6
  💰 Daily P&L: $+3,687.50

[2026-08-27 09:40] O:7725.00 H:7727.25 L:7724.50 C:7726.50 V:3359.0
  📈 Trend: strong_bullish | 🌍 Regime: ranging
  🗺️  Grid: 0.080% | 🔺 7728.75 🔻 7725.00
  📡 RSI: 48.6 | MACD: 1.62 | ATR: 3.18
  📊 Filled: 0 | Pending: 0
  🔲 Regime: RANGING | Range pos: 81% | RSI: 48.6
  💰 Daily P&L: $+3,687.50

[2026-08-27 09:41] O:7726.25 H:7727.50 L:7725.00 C:7726.75 V:2553.0
  📈 Trend: strong_bullish | 🌍 Regime: ranging
  🗺️  Grid: 0.080% | 🔺 7727.25 🔻 7724.50
  📡 RSI: 46.5 | MACD: 1.49 | ATR: 3.12
  📊 Filled: 0 | Pending: 0
  🔲 Regime: RANGING | Range pos: 81% | RSI: 46.5
  💰 Daily P&L: $+3,687.50

[2026-08-27 09:42] O:7726.50 H:7728.25 L:7726.50 C:7728.25 V:2475.0
  📈 Trend: strong_bullish | 🌍 Regime: ranging
  🗺️  Grid: 0.080% | 🔺 7727.50 🔻 7725.00
  📡 RSI: 52.0 | MACD: 1.50 | ATR: 3.04
  📊 Filled: 0 | Pending: 0
  🔲 Regime: RANGING | Range pos: 86% | RSI: 52.0
  💰 Daily P&L: $+3,687.50

[2026-08-27 09:43] O:7728.00 H:7728.25 L:7726.50 C:7727.25 V:1999.0
  📈 Trend: strong_bullish | 🌍 Regime: ranging
  🗺️  Grid: 0.080% | 🔺 7728.25 🔻 7726.50
  📡 RSI: 47.5 | MACD: 1.41 | ATR: 3.00
  📊 Filled: 0 | Pending: 0
  🔲 Regime: RANGING | Range pos: 83% | RSI: 47.5
  💰 Daily P&L: $+3,687.50

[2026-08-27 09:44] O:7727.25 H:7728.25 L:7725.75 C:7727.75 V:2424.0
  📈 Trend: strong_bullish | 🌍 Regime: ranging
  🗺️  Grid: 0.080% | 🔺 7728.25 🔻 7726.50
  📡 RSI: 60.2 | MACD: 1.36 | ATR: 2.64
  📊 Filled: 0 | Pending: 0
  🔲 Regime: RANGING | Range pos: 85% | RSI: 60.2
  💰 Daily P&L: $+3,687.50

[2026-08-27 09:45] O:7727.50 H:7728.00 L:7725.75 C:7728.00 V:2695.0
  📈 Trend: strong_bullish | 🌍 Regime: ranging
  🗺️  Grid: 0.080% | 🔺 7728.25 🔻 7725.75
  📡 RSI: 58.2 | MACD: 1.33 | ATR: 2.68
  📊 Filled: 0 | Pending: 0
  🔲 Regime: RANGING | Range pos: 86% | RSI: 58.2
  💰 Daily P&L: $+3,687.50

[2026-08-27 09:46] O:7727.75 H:7729.50 L:7727.75 C:7729.25 V:2251.0
  📈 Trend: strong_bullish | 🌍 Regime: ranging
  🗺️  Grid: 0.080% | 🔺 7728.00 🔻 7725.75
  📡 RSI: 63.0 | MACD: 1.39 | ATR: 2.66
  📊 Filled: 0 | Pending: 0
  🔲 Regime: RANGING | Range pos: 90% | RSI: 63.0
  💰 Daily P&L: $+3,687.50

[2026-08-27 09:47] O:7729.25 H:7729.25 L:7725.00 C:7725.75 V:2701.0
  📈 Trend: strong_bullish (raw: moderate_bullish) | 🌍 Regime: ranging
  🗺️  Grid: 0.080% | 🔺 7729.50 🔻 7727.75
  📡 RSI: 47.0 | MACD: 1.14 | ATR: 2.61
  📊 Filled: 0 | Pending: 0
  🔲 Regime: RANGING | Range pos: 78% | RSI: 47.0
  💰 Daily P&L: $+3,687.50

[2026-08-27 09:48] O:7726.00 H:7730.75 L:7725.25 C:7730.75 V:2708.0
  📈 Trend: strong_bullish | 🌍 Regime: ranging
  🗺️  Grid: 0.080% | 🔺 7729.25 🔻 7725.00
  📡 RSI: 61.5 | MACD: 1.33 | ATR: 2.82
  📊 Filled: 0 | Pending: 0
  🔲 Regime: RANGING | Range pos: 95% | RSI: 61.5
  💰 Daily P&L: $+3,687.50

[2026-08-27 09:49] O:7730.75 H:7734.50 L:7730.00 C:7733.75 V:4997.0
  📈 Trend: strong_bullish | 🌍 Regime: ranging
  🗺️  Grid: 0.080% | 🔺 7730.75 🔻 7725.25
  📡 RSI: 60.6 | MACD: 1.70 | ATR: 2.88
  📊 Filled: 0 | Pending: 0
  🔲 Regime: RANGING | Range pos: 98% | RSI: 60.6
  💰 Daily P&L: $+3,687.50

[2026-08-27 09:50] O:7733.75 H:7734.75 L:7732.50 C:7733.00 V:5451.0
  📈 Trend: strong_bullish | 🌍 Regime: ranging
  🗺️  Grid: 0.080% | 🔺 7734.50 🔻 7730.00
  📡 RSI: 57.0 | MACD: 1.92 | ATR: 2.93
  📊 Filled: 0 | Pending: 0
  🔲 Regime: RANGING | Range pos: 95% | RSI: 57.0
  💰 Daily P&L: $+3,687.50

[2026-08-27 09:51] O:7733.00 H:7733.50 L:7732.25 C:7732.50 V:2569.0
  📈 Trend: strong_bullish | 🌍 Regime: ranging
  🗺️  Grid: 0.080% | 🔺 7734.75 🔻 7732.50
  📡 RSI: 55.8 | MACD: 2.02 | ATR: 2.80
  📊 Filled: 0 | Pending: 0
  🔲 Regime: RANGING | Range pos: 93% | RSI: 55.8
  💰 Daily P&L: $+3,687.50

[2026-08-27 09:52] O:7732.75 H:7736.00 L:7731.75 C:7734.25 V:4821.0
  📈 Trend: strong_bullish | 🌍 Regime: ranging
  🗺️  Grid: 0.080% | 🔺 7733.50 🔻 7732.25
  📡 RSI: 61.9 | MACD: 2.22 | ATR: 2.93
  📊 Filled: 0 | Pending: 0
  🔲 Regime: RANGING | Range pos: 95% | RSI: 61.9
  💰 Daily P&L: $+3,687.50

[2026-08-27 09:53] O:7734.25 H:7734.50 L:7730.50 C:7732.25 V:2796.0
  📈 Trend: strong_bullish | 🌍 Regime: ranging
  🗺️  Grid: 0.080% | 🔺 7736.00 🔻 7731.75
  📡 RSI: 65.9 | MACD: 2.19 | ATR: 2.95
  📊 Filled: 0 | Pending: 0
  🔲 Regime: RANGING | Range pos: 89% | RSI: 65.9
  💰 Daily P&L: $+3,687.50

[2026-08-27 09:54] O:7732.00 H:7733.50 L:7730.75 C:7732.75 V:3347.0
  📈 Trend: strong_bullish | 🌍 Regime: ranging
  🗺️  Grid: 0.080% | 🔺 7734.50 🔻 7730.50
  📡 RSI: 64.4 | MACD: 2.18 | ATR: 2.95
  📊 Filled: 0 | Pending: 0
  🔲 Regime: RANGING | Range pos: 90% | RSI: 64.4
  💰 Daily P&L: $+3,687.50

[2026-08-27 09:55] O:7733.00 H:7733.50 L:7729.00 C:7729.75 V:4480.0
  📈 Trend: strong_bullish (raw: moderate_bullish) | 🌍 Regime: ranging
  🗺️  Grid: 0.080% | 🔺 7733.50 🔻 7730.75
  📡 RSI: 56.1 | MACD: 1.91 | ATR: 3.09
  📊 Filled: 0 | Pending: 0
  🔲 Regime: RANGING | Range pos: 81% | RSI: 56.1
  💰 Daily P&L: $+3,687.50

[2026-08-27 09:56] O:7729.75 H:7731.25 L:7728.75 C:7729.75 V:2569.0
  📈 Trend: moderate_bullish | 🌍 Regime: ranging
  🗺️  Grid: 0.080% | 🔺 7733.50 🔻 7729.00
  📡 RSI: 53.3 | MACD: 1.68 | ATR: 3.14
  📊 Filled: 0 | Pending: 0
  🔲 Regime: RANGING | Range pos: 81% | RSI: 53.3
  💰 Daily P&L: $+3,687.50

[2026-08-27 09:57] O:7729.75 H:7732.50 L:7729.75 C:7731.00 V:2389.0
  📈 Trend: moderate_bullish (raw: strong_bullish) | 🌍 Regime: ranging
  🗺️  Grid: 0.080% | 🔺 7731.25 🔻 7728.75
  📡 RSI: 58.1 | MACD: 1.58 | ATR: 3.21
  📊 Filled: 0 | Pending: 0
  🔲 Regime: RANGING | Range pos: 85% | RSI: 58.1
  💰 Daily P&L: $+3,687.50

[2026-08-27 09:58] O:7731.00 H:7734.00 L:7730.50 C:7733.75 V:1950.0
  📈 Trend: strong_bullish | 🌍 Regime: ranging
  🗺️  Grid: 0.080% | 🔺 7732.50 🔻 7729.75
  📡 RSI: 61.8 | MACD: 1.70 | ATR: 3.29
  📊 Filled: 0 | Pending: 0
  🔲 Regime: RANGING | Range pos: 93% | RSI: 61.8
  💰 Daily P&L: $+3,687.50

[2026-08-27 09:59] O:7733.75 H:7735.50 L:7733.75 C:7735.25 V:3750.0
  📈 Trend: strong_bullish | 🌍 Regime: ranging
  🗺️  Grid: 0.080% | 🔺 7734.00 🔻 7730.50
  📡 RSI: 63.6 | MACD: 1.89 | ATR: 3.25
  📊 Filled: 0 | Pending: 0
  🔲 Regime: RANGING | Range pos: 98% | RSI: 63.6
  💰 Daily P&L: $+3,687.50

[2026-08-27 10:00] O:7735.50 H:7737.00 L:7734.00 C:7736.50 V:3746.0
  📈 Trend: strong_bullish | 🌍 Regime: ranging
  🗺️  Grid: 0.080% | 🔺 7735.50 🔻 7733.75
  📡 RSI: 63.6 | MACD: 2.13 | ATR: 3.34
  📊 Filled: 0 | Pending: 0
  🔲 Regime: RANGING | Range pos: 99% | RSI: 63.6
  💰 Daily P&L: $+3,687.50

[2026-08-27 10:01] O:7736.75 H:7738.25 L:7736.00 C:7737.50 V:2867.0
  📈 Trend: strong_bullish | 🌍 Regime: ranging
  🗺️  Grid: 0.080% | 🔺 7737.00 🔻 7734.00
  📡 RSI: 74.2 | MACD: 2.36 | ATR: 3.20
  📊 Filled: 0 | Pending: 0
  🔲 Regime: RANGING | Range pos: 98% | RSI: 74.2
  📤 Limit SELL 10 @ 7737.50 submitted (ID: 715)
  📋 Order 715 status: Submitted
  ⬇️ SHORT ORDER @ 7737.50 | Size: 1.00 | SL: 7744.00 | TP: 7728.00 [10cts]
     Reason: Grid Short (sideways, RSI: 74.2)
  🔬 SHADOW [short ranging]: 🟥 ROBUST WOULD BLOCK (1 filter)
       MACD=BLOCK (+2.36 vs +2.13, Δ+0.24) | 5m=N/A (ranging)
     ⏳ Order 715 PENDING - awaiting fill confirmation
  💰 Daily P&L: $+3,687.50
  ✅ Fill: SLD 1.0 @ 7737.5
  📋 Order 715 status: Submitted
  ✅ Fill: SLD 9.0 @ 7737.5
  📋 Order 715 status: Filled
  📤 Stop-Market BUY 10 @ 7745.50 submitted (ID: 716) [OCA:exit_715_1787842985]
  📋 Order 716 status: PreSubmitted
  📤 Limit BUY 10 @ 7728.00 submitted (ID: 717) [OCA:exit_715_1787842985]
  📋 Order 717 status: PreSubmitted
  ✅ FILL CONFIRMED: SHORT @ 7737.50 (order 715)
     📊 Bracket placed: SL #716 @ 7745.50 | TP #717 @ 7728.00
     Trail activates @ +7.5 pts

[2026-08-27 10:02] O:7737.50 H:7738.00 L:7736.50 C:7736.75 V:1968.0
  📈 Trend: strong_bullish | 🌍 Regime: ranging
  🗺️  Grid: 0.080% | 🔺 7738.25 🔻 7736.00
  📡 RSI: 65.0 | MACD: 2.46 | ATR: 2.91
  📊 Filled: 1 | Pending: 0
  📍 SHORT @ 7737.50 | SL: 7745.50 | TP: 7728.00 | P&L: $+375.00 | +7.5 to trail
  💰 Daily P&L: $+3,687.50
  📋 Order 717 status: Submitted

[2026-08-27 10:03] O:7737.00 H:7737.25 L:7733.75 C:7734.25 V:3030.0
  📈 Trend: strong_bullish | 🌍 Regime: ranging
  🗺️  Grid: 0.080% | 🔺 7738.00 🔻 7736.50
  📡 RSI: 51.3 | MACD: 2.31 | ATR: 2.84
  📊 Filled: 1 | Pending: 0
  📍 SHORT @ 7737.50 | SL: 7745.50 | TP: 7728.00 | P&L: $+1,625.00 | +6.5 to trail
  💰 Daily P&L: $+3,687.50

[2026-08-27 10:04] O:7734.25 H:7738.00 L:7734.00 C:7737.75 V:2368.0
  📈 Trend: strong_bullish | 🌍 Regime: ranging
  🗺️  Grid: 0.080% | 🔺 7737.25 🔻 7733.75
  📡 RSI: 60.7 | MACD: 2.45 | ATR: 2.96
  📊 Filled: 1 | Pending: 0
  📍 SHORT @ 7737.50 | SL: 7745.50 | TP: 7728.00 | P&L: $-125.00 | +3.8 to trail
  💰 Daily P&L: $+3,687.50

[2026-08-27 10:05] O:7738.00 H:7738.50 L:7737.00 C:7737.75 V:2015.0
  📈 Trend: strong_bullish | 🌍 Regime: ranging
  🗺️  Grid: 0.080% | 🔺 7738.00 🔻 7734.00
  📡 RSI: 62.1 | MACD: 2.52 | ATR: 2.98
  📊 Filled: 1 | Pending: 0
  📍 SHORT @ 7737.50 | SL: 7745.50 | TP: 7728.00 | P&L: $-125.00 | +3.8 to trail
  💰 Daily P&L: $+3,687.50

[2026-08-27 10:06] O:7737.75 H:7737.75 L:7735.75 C:7735.75 V:1604.0
  📈 Trend: strong_bullish | 🌍 Regime: ranging
  🗺️  Grid: 0.080% | 🔺 7738.50 🔻 7737.00
  📡 RSI: 53.4 | MACD: 2.40 | ATR: 2.82
  📊 Filled: 1 | Pending: 0
  📍 SHORT @ 7737.50 | SL: 7745.50 | TP: 7728.00 | P&L: $+875.00 | +3.8 to trail
  💰 Daily P&L: $+3,687.50

[2026-08-27 10:07] O:7736.00 H:7737.00 L:7735.00 C:7736.25 V:2288.0
  📈 Trend: strong_bullish | 🌍 Regime: ranging
  🗺️  Grid: 0.080% | 🔺 7737.75 🔻 7735.75
  📡 RSI: 59.8 | MACD: 2.31 | ATR: 2.68
  📊 Filled: 1 | Pending: 0
  📍 SHORT @ 7737.50 | SL: 7745.50 | TP: 7728.00 | P&L: $+625.00 | +3.8 to trail
  💰 Daily P&L: $+3,687.50

[2026-08-27 10:08] O:7736.00 H:7736.25 L:7734.75 C:7736.25 V:1325.0
  📈 Trend: strong_bullish | 🌍 Regime: ranging
  🗺️  Grid: 0.080% | 🔺 7737.00 🔻 7735.00
  📡 RSI: 58.8 | MACD: 2.22 | ATR: 2.59
  📊 Filled: 1 | Pending: 0
  📍 SHORT @ 7737.50 | SL: 7745.50 | TP: 7728.00 | P&L: $+625.00 | +3.8 to trail
  💰 Daily P&L: $+3,687.50

[2026-08-27 10:09] O:7736.25 H:7737.50 L:7735.25 C:7737.00 V:1281.0
  📈 Trend: strong_bullish | 🌍 Regime: ranging
  🗺️  Grid: 0.080% | 🔺 7736.25 🔻 7734.75
  📡 RSI: 70.4 | MACD: 2.18 | ATR: 2.43
  📊 Filled: 1 | Pending: 0
  📍 SHORT @ 7737.50 | SL: 7745.50 | TP: 7728.00 | P&L: $+250.00 | +3.8 to trail
  💰 Daily P&L: $+3,687.50

[2026-08-27 10:10] O:7737.00 H:7738.00 L:7736.75 C:7737.00 V:1604.0
  📈 Trend: strong_bullish | 🌍 Regime: ranging
  🗺️  Grid: 0.080% | 🔺 7737.50 🔻 7735.25
  📡 RSI: 70.4 | MACD: 2.12 | ATR: 2.34
  📊 Filled: 1 | Pending: 0
  📍 SHORT @ 7737.50 | SL: 7745.50 | TP: 7728.00 | P&L: $+250.00 | +3.8 to trail
  💰 Daily P&L: $+3,687.50

[2026-08-27 10:11] O:7737.25 H:7738.50 L:7737.00 C:7738.00 V:1530.0
  📈 Trend: strong_bullish | 🌍 Regime: ranging
  🗺️  Grid: 0.080% | 🔺 7738.00 🔻 7736.75
  📡 RSI: 70.0 | MACD: 2.13 | ATR: 2.25
  📊 Filled: 1 | Pending: 0
  📍 SHORT @ 7737.50 | SL: 7745.50 | TP: 7728.00 | P&L: $-250.00 | +3.8 to trail
  💰 Daily P&L: $+3,687.50

[2026-08-27 10:12] O:7738.00 H:7739.25 L:7736.75 C:7737.00 V:1903.0
  📈 Trend: strong_bullish | 🌍 Regime: ranging
  🗺️  Grid: 0.080% | 🔺 7738.50 🔻 7737.00
  📡 RSI: 60.3 | MACD: 2.04 | ATR: 2.18
  📊 Filled: 1 | Pending: 0
  📍 SHORT @ 7737.50 | SL: 7745.50 | TP: 7728.00 | P&L: $+250.00 | +3.8 to trail
  💰 Daily P&L: $+3,687.50

[2026-08-27 10:13] O:7737.25 H:7738.25 L:7737.00 C:7737.75 V:1191.0
  📈 Trend: strong_bullish | 🌍 Regime: ranging
  🗺️  Grid: 0.080% | 🔺 7739.25 🔻 7736.75
  📡 RSI: 58.3 | MACD: 2.00 | ATR: 2.14
  📊 Filled: 1 | Pending: 0
  📍 SHORT @ 7737.50 | SL: 7745.50 | TP: 7728.00 | P&L: $-125.00 | +3.8 to trail
  💰 Daily P&L: $+3,687.50

[2026-08-27 10:14] O:7737.75 H:7740.25 L:7737.75 C:7740.00 V:2351.0
  📈 Trend: strong_bullish | 🌍 Regime: ranging
  🗺️  Grid: 0.080% | 🔺 7738.25 🔻 7737.00
  📡 RSI: 60.9 | MACD: 2.13 | ATR: 2.11
  📊 Filled: 1 | Pending: 0
  📍 SHORT @ 7737.50 | SL: 7745.50 | TP: 7728.00 | P&L: $-1,250.00 | +3.8 to trail
  💰 Daily P&L: $+3,687.50

[2026-08-27 10:15] O:7740.00 H:7742.00 L:7739.75 C:7741.75 V:3129.0
  📈 Trend: strong_bullish | 🌍 Regime: ranging
  🗺️  Grid: 0.080% | 🔺 7740.25 🔻 7737.75
  📡 RSI: 62.7 | MACD: 2.34 | ATR: 2.11
  📊 Filled: 1 | Pending: 0
  📍 SHORT @ 7737.50 | SL: 7745.50 | TP: 7728.00 | P&L: $-2,125.00 | +3.8 to trail
  💰 Daily P&L: $+3,687.50

[2026-08-27 10:16] O:7741.75 H:7742.50 L:7741.25 C:7742.25 V:2411.0
  📈 Trend: strong_bullish | 🌍 Regime: ranging
  🗺️  Grid: 0.080% | 🔺 7742.00 🔻 7739.75
  📡 RSI: 66.7 | MACD: 2.52 | ATR: 2.09
  📊 Filled: 1 | Pending: 0
  📍 SHORT @ 7737.50 | SL: 7745.50 | TP: 7728.00 | P&L: $-2,375.00 | +3.8 to trail
  💰 Daily P&L: $+3,687.50

[2026-08-27 10:17] O:7742.25 H:7742.75 L:7741.50 C:7742.00 V:2104.0
  📈 Trend: strong_bullish | 🌍 Regime: ranging
  🗺️  Grid: 0.080% | 🔺 7742.50 🔻 7741.25
  📡 RSI: 77.2 | MACD: 2.62 | ATR: 1.93
  📊 Filled: 1 | Pending: 0
  📍 SHORT @ 7737.50 | SL: 7745.50 | TP: 7728.00 | P&L: $-2,250.00 | +3.8 to trail
  💰 Daily P&L: $+3,687.50

[2026-08-27 10:18] O:7741.75 H:7742.75 L:7741.00 C:7742.50 V:1902.0
  📈 Trend: strong_bullish | 🌍 Regime: ranging
  🗺️  Grid: 0.080% | 🔺 7742.75 🔻 7741.50
  📡 RSI: 71.1 | MACD: 2.70 | ATR: 1.77
  📊 Filled: 1 | Pending: 0
  📍 SHORT @ 7737.50 | SL: 7745.50 | TP: 7728.00 | P&L: $-2,500.00 | +3.8 to trail
  💰 Daily P&L: $+3,687.50

[2026-08-27 10:19] O:7742.50 H:7742.75 L:7740.25 C:7741.25 V:1667.0
  📈 Trend: strong_bullish | 🌍 Regime: ranging
  🗺️  Grid: 0.080% | 🔺 7742.75 🔻 7741.00
  📡 RSI: 64.0 | MACD: 2.64 | ATR: 1.84
  📊 Filled: 1 | Pending: 0
  📍 SHORT @ 7737.50 | SL: 7745.50 | TP: 7728.00 | P&L: $-1,875.00 | +3.8 to trail
  💰 Daily P&L: $+3,687.50

[2026-08-27 10:20] O:7741.50 H:7742.50 L:7740.75 C:7741.50 V:1760.0
  📈 Trend: strong_bullish | 🌍 Regime: ranging
  🗺️  Grid: 0.080% | 🔺 7742.75 🔻 7740.25
  📡 RSI: 76.7 | MACD: 2.57 | ATR: 1.82
  📊 Filled: 1 | Pending: 0
  📍 SHORT @ 7737.50 | SL: 7745.50 | TP: 7728.00 | P&L: $-2,000.00 | +3.8 to trail
  💰 Daily P&L: $+3,687.50

[2026-08-27 10:21] O:7741.25 H:7742.00 L:7739.50 C:7740.25 V:1963.0
  📈 Trend: strong_bullish | 🌍 Regime: ranging
  🗺️  Grid: 0.080% | 🔺 7742.50 🔻 7740.75
  📡 RSI: 67.4 | MACD: 2.40 | ATR: 1.86
  📊 Filled: 1 | Pending: 0
  📍 SHORT @ 7737.50 | SL: 7745.50 | TP: 7728.00 | P&L: $-1,375.00 | +3.8 to trail
  💰 Daily P&L: $+3,687.50

[2026-08-27 10:22] O:7740.00 H:7741.00 L:7739.75 C:7740.75 V:1684.0
  📈 Trend: strong_bullish | 🌍 Regime: ranging
  🗺️  Grid: 0.080% | 🔺 7742.00 🔻 7739.50
  📡 RSI: 68.8 | MACD: 2.27 | ATR: 1.84
  📊 Filled: 1 | Pending: 0
  📍 SHORT @ 7737.50 | SL: 7745.50 | TP: 7728.00 | P&L: $-1,625.00 | +3.8 to trail
  💰 Daily P&L: $+3,687.50

[2026-08-27 10:23] O:7740.75 H:7741.00 L:7739.00 C:7741.00 V:1972.0
  📈 Trend: strong_bullish | 🌍 Regime: ranging
  🗺️  Grid: 0.080% | 🔺 7741.00 🔻 7739.75
  📡 RSI: 67.4 | MACD: 2.17 | ATR: 1.82
  📊 Filled: 1 | Pending: 0
  📍 SHORT @ 7737.50 | SL: 7745.50 | TP: 7728.00 | P&L: $-1,750.00 | +3.8 to trail
  💰 Daily P&L: $+3,687.50

[2026-08-27 10:24] O:7741.00 H:7741.25 L:7739.00 C:7739.50 V:2222.0
  📈 Trend: strong_bullish | 🌍 Regime: ranging
  🗺️  Grid: 0.080% | 🔺 7741.00 🔻 7739.00
  📡 RSI: 59.6 | MACD: 1.94 | ATR: 1.89
  📊 Filled: 1 | Pending: 0
  📍 SHORT @ 7737.50 | SL: 7745.50 | TP: 7728.00 | P&L: $-1,000.00 | +3.8 to trail
  💰 Daily P&L: $+3,687.50

[2026-08-27 10:25] O:7739.75 H:7739.75 L:7736.75 C:7738.25 V:2702.0
  📈 Trend: strong_bullish | 🌍 Regime: ranging
  🗺️  Grid: 0.080% | 🔺 7741.25 🔻 7739.00
  📡 RSI: 50.9 | MACD: 1.64 | ATR: 2.00
  📊 Filled: 1 | Pending: 0
  📍 SHORT @ 7737.50 | SL: 7745.50 | TP: 7728.00 | P&L: $-375.00 | +3.8 to trail
  💰 Daily P&L: $+3,687.50

[2026-08-27 10:26] O:7738.00 H:7739.00 L:7737.25 C:7738.25 V:1857.0
  📈 Trend: strong_bullish | 🌍 Regime: ranging
  🗺️  Grid: 0.080% | 🔺 7739.75 🔻 7736.75
  📡 RSI: 55.1 | MACD: 1.39 | ATR: 1.95
  📊 Filled: 1 | Pending: 0
  📍 SHORT @ 7737.50 | SL: 7745.50 | TP: 7728.00 | P&L: $-375.00 | +3.8 to trail
  💰 Daily P&L: $+3,687.50

[2026-08-27 10:27] O:7738.00 H:7738.75 L:7736.25 C:7736.50 V:1869.0
  📈 Trend: strong_bullish | 🌍 Regime: ranging
  🗺️  Grid: 0.080% | 🔺 7739.00 🔻 7737.25
  📡 RSI: 45.3 | MACD: 1.03 | ATR: 2.04
  📊 Filled: 1 | Pending: 0
  📍 SHORT @ 7737.50 | SL: 7745.50 | TP: 7728.00 | P&L: $+500.00 | +3.8 to trail
  💰 Daily P&L: $+3,687.50

[2026-08-27 10:28] O:7736.50 H:7737.50 L:7736.25 C:7736.50 V:1224.0
  📈 Trend: strong_bullish (raw: moderate_bullish) | 🌍 Regime: ranging
  🗺️  Grid: 0.080% | 🔺 7738.75 🔻 7736.25
  📡 RSI: 34.1 | MACD: 0.75 | ATR: 1.95
  📊 Filled: 1 | Pending: 0
  📍 SHORT @ 7737.50 | SL: 7745.50 | TP: 7728.00 | P&L: $+500.00 | +3.8 to trail
  💰 Daily P&L: $+3,687.50

[2026-08-27 10:29] O:7736.50 H:7736.75 L:7733.75 C:7734.75 V:3234.0
  📈 Trend: moderate_bullish | 🌍 Regime: ranging
  🗺️  Grid: 0.080% | 🔺 7737.50 🔻 7736.25
  📡 RSI: 18.2 | MACD: 0.37 | ATR: 2.00
  📊 Filled: 1 | Pending: 0
  📍 SHORT @ 7737.50 | SL: 7745.50 | TP: 7728.00 | P&L: $+1,375.00 | +3.8 to trail
  💰 Daily P&L: $+3,687.50

[2026-08-27 10:30] O:7734.75 H:7735.25 L:7732.25 C:7734.00 V:4632.0
  📈 Trend: moderate_bullish | 🌍 Regime: ranging
  🗺️  Grid: 0.080% | 🔺 7736.75 🔻 7733.75
  📡 RSI: 13.3 | MACD: 0.01 | ATR: 2.12
  📊 Filled: 1 | Pending: 0
  📍 SHORT @ 7737.50 | SL: 7745.50 | TP: 7728.00 | P&L: $+1,750.00 | +3.8 to trail
  💰 Daily P&L: $+3,687.50

[2026-08-27 10:31] O:7734.00 H:7734.75 L:7733.00 C:7734.75 V:3435.0
  📈 Trend: moderate_bullish | 🌍 Regime: ranging
  🗺️  Grid: 0.080% | 🔺 7735.25 🔻 7732.25
  📡 RSI: 19.1 | MACD: -0.21 | ATR: 2.16
  📊 Filled: 1 | Pending: 0
  📍 SHORT @ 7737.50 | SL: 7745.50 | TP: 7728.00 | P&L: $+1,375.00 | +2.2 to trail
  💰 Daily P&L: $+3,687.50

[2026-08-27 10:32] O:7734.75 H:7736.75 L:7732.75 C:7736.75 V:3229.0
  📈 Trend: moderate_bullish | 🌍 Regime: ranging
  🗺️  Grid: 0.080% | 🔺 7734.75 🔻 7733.00
  📡 RSI: 28.3 | MACD: -0.22 | ATR: 2.32
  📊 Filled: 1 | Pending: 0
  📍 SHORT @ 7737.50 | SL: 7745.50 | TP: 7728.00 | P&L: $+375.00 | +2.2 to trail
  💰 Daily P&L: $+3,687.50

[2026-08-27 10:33] O:7736.75 H:7737.75 L:7735.25 C:7735.75 V:2520.0
  📈 Trend: moderate_bullish | 🌍 Regime: ranging
  🗺️  Grid: 0.080% | 🔺 7736.75 🔻 7732.75
  📡 RSI: 28.8 | MACD: -0.30 | ATR: 2.32
  📊 Filled: 1 | Pending: 0
  📍 SHORT @ 7737.50 | SL: 7745.50 | TP: 7728.00 | P&L: $+875.00 | +2.2 to trail
  💰 Daily P&L: $+3,687.50

[2026-08-27 10:34] O:7735.75 H:7735.75 L:7732.25 C:7733.75 V:2835.0
  📈 Trend: moderate_bullish | 🌍 Regime: ranging
  🗺️  Grid: 0.080% | 🔺 7737.75 🔻 7735.25
  📡 RSI: 23.7 | MACD: -0.53 | ATR: 2.45
  📊 Filled: 1 | Pending: 0
  📍 SHORT @ 7737.50 | SL: 7745.50 | TP: 7728.00 | P&L: $+1,875.00 | +2.2 to trail
  💰 Daily P&L: $+3,687.50

[2026-08-27 10:35] O:7733.50 H:7735.00 L:7732.25 C:7733.25 V:2821.0
  📈 Trend: moderate_bullish | 🌍 Regime: ranging
  🗺️  Grid: 0.080% | 🔺 7735.75 🔻 7732.25
  📡 RSI: 25.0 | MACD: -0.74 | ATR: 2.46
  📊 Filled: 1 | Pending: 0
  📍 SHORT @ 7737.50 | SL: 7745.50 | TP: 7728.00 | P&L: $+2,125.00 | +2.2 to trail
  💰 Daily P&L: $+3,687.50

[2026-08-27 10:36] O:7733.25 H:7733.50 L:7731.50 C:7732.25 V:1866.0
  📈 Trend: moderate_bullish | 🌍 Regime: ranging
  🗺️  Grid: 0.080% | 🔺 7735.00 🔻 7732.25
  📡 RSI: 20.7 | MACD: -0.97 | ATR: 2.52
  📊 Filled: 1 | Pending: 0
  📍 SHORT @ 7737.50 | SL: 7745.50 | TP: 7728.00 | P&L: $+2,625.00 | +2.2 to trail
  💰 Daily P&L: $+3,687.50

[2026-08-27 10:37] O:7732.25 H:7732.50 L:7730.75 C:7731.50 V:3836.0
  📈 Trend: moderate_bullish | 🌍 Regime: ranging
  🗺️  Grid: 0.080% | 🔺 7733.50 🔻 7731.50
  📡 RSI: 18.3 | MACD: -1.20 | ATR: 2.50
  📊 Filled: 1 | Pending: 0
  📍 SHORT @ 7737.50 | SL: 7745.50 | TP: 7728.00 | P&L: $+3,000.00 | +1.5 to trail
  💰 Daily P&L: $+3,687.50

[2026-08-27 10:38] O:7731.25 H:7732.50 L:7730.50 C:7731.25 V:2903.0
  📈 Trend: moderate_bullish | 🌍 Regime: ranging
  🗺️  Grid: 0.080% | 🔺 7732.50 🔻 7730.75
  📡 RSI: 20.0 | MACD: -1.39 | ATR: 2.48
  📊 Filled: 1 | Pending: 0
  📍 SHORT @ 7737.50 | SL: 7745.50 | TP: 7728.00 | P&L: $+3,125.00 | +0.8 to trail
  💰 Daily P&L: $+3,687.50

[2026-08-27 10:39] O:7731.25 H:7731.25 L:7729.50 C:7730.50 V:3101.0
  📈 Trend: moderate_bullish (raw: strong_bearish) | 🌍 Regime: ranging
  🗺️  Grid: 0.080% | 🔺 7732.50 🔻 7730.50
  📡 RSI: 20.8 | MACD: -1.58 | ATR: 2.39
  📊 Filled: 1 | Pending: 0
  📍 SHORT @ 7737.50 | SL: 7745.50 | TP: 7728.00 | P&L: $+3,500.00 | +0.5 to trail
  ✏️ Stop order 716 modified → 7731.00 [confirmed]
  🔄 TRAILING ACTIVATED @ +8.00pts | Stop: 7745.50 → 7731.00
  💰 Daily P&L: $+3,687.50
  📋 Order 717 status: PreSubmitted
  📋 Order 717 status: PendingCancel
  ✅ Fill: BOT 10.0 @ 7731.0
  📋 Order 716 status: Filled
  📋 Order 717 status: PendingCancel
  🛡️ OCA backup: cancelling sibling order 717 immediately after 716 filled
  📋 Order 717 status: Cancelled

[2026-08-27 10:40] O:7730.50 H:7732.00 L:7729.75 C:7731.50 V:3017.0
  📈 Trend: strong_bearish | 🌍 Regime: ranging
  🗺️  Grid: 0.080% | 🔺 7731.25 🔻 7729.50
  📡 RSI: 26.3 | MACD: -1.64 | ATR: 2.43
  📊 Filled: 1 | Pending: 0
  📍 SHORT @ 7737.50 | Trail: 7731.00 | TP: 7728.00 | P&L: $+3,000.00 | 🔒 Trailing
  ✅ EXIT SHORT @ 7731.00 | Trailing Stop
     P&L: +6.50 pts ($+3,250.00) | Daily: $+6,937.50
  ⏸️ Cooldown: 2 bar(s) remaining after exit
  💰 Daily P&L: $+6,937.50

[2026-08-27 10:41] O:7731.50 H:7735.00 L:7731.50 C:7735.00 V:3687.0
  📈 Trend: strong_bearish | 🌍 Regime: ranging
  🗺️  Grid: 0.080% | 🔺 7732.00 🔻 7729.75
  📡 RSI: 45.3 | MACD: -1.38 | ATR: 2.50
  📊 Filled: 0 | Pending: 0
  ⏸️ Cooldown: 1 bar(s) remaining after exit
  💰 Daily P&L: $+6,937.50

[2026-08-27 10:42] O:7735.00 H:7735.00 L:7731.75 C:7732.25 V:1948.0
  📈 Trend: strong_bearish | 🌍 Regime: ranging
  🗺️  Grid: 0.080% | 🔺 7735.00 🔻 7731.50
  📡 RSI: 38.7 | MACD: -1.38 | ATR: 2.64
  📊 Filled: 0 | Pending: 0
  🔲 Regime: RANGING | Range pos: 74% | RSI: 38.7
  💰 Daily P&L: $+6,937.50

[2026-08-27 10:43] O:7732.25 H:7732.25 L:7729.00 C:7729.25 V:3629.0
  📈 Trend: strong_bearish | 🌍 Regime: ranging
  🗺️  Grid: 0.080% | 🔺 7735.00 🔻 7731.75
  📡 RSI: 36.3 | MACD: -1.61 | ATR: 2.66
  📊 Filled: 0 | Pending: 0
  🔲 Regime: RANGING | Range pos: 66% | RSI: 36.3
  💰 Daily P&L: $+6,937.50

[2026-08-27 10:44] O:7729.50 H:7729.50 L:7727.25 C:7727.75 V:4637.0
  📈 Trend: strong_bearish | 🌍 Regime: ranging
  🗺️  Grid: 0.080% | 🔺 7732.25 🔻 7729.00
  📡 RSI: 34.9 | MACD: -1.89 | ATR: 2.61
  📊 Filled: 0 | Pending: 0
  🔲 Regime: RANGING | Range pos: 62% | RSI: 34.9
  💰 Daily P&L: $+6,937.50

[2026-08-27 10:45] O:7728.00 H:7728.00 L:7725.25 C:7726.75 V:4469.0
  📈 Trend: strong_bearish | 🌍 Regime: ranging
  🗺️  Grid: 0.080% | 🔺 7729.50 🔻 7727.25
  📡 RSI: 31.0 | MACD: -2.16 | ATR: 2.68
  📊 Filled: 0 | Pending: 0
  🔲 Regime: RANGING | Range pos: 60% | RSI: 31.0
  💰 Daily P&L: $+6,937.50

[2026-08-27 10:46] O:7726.50 H:7727.50 L:7725.25 C:7727.25 V:3327.0
  📈 Trend: strong_bearish | 🌍 Regime: ranging
  🗺️  Grid: 0.080% | 🔺 7728.00 🔻 7725.25
  📡 RSI: 25.6 | MACD: -2.31 | ATR: 2.55
  📊 Filled: 0 | Pending: 0
  🔲 Regime: RANGING | Range pos: 61% | RSI: 25.6
  💰 Daily P&L: $+6,937.50

[2026-08-27 10:47] O:7727.00 H:7728.50 L:7726.75 C:7727.25 V:2561.0
  📈 Trend: strong_bearish | 🌍 Regime: ranging
  🗺️  Grid: 0.080% | 🔺 7727.50 🔻 7725.25
  📡 RSI: 27.0 | MACD: -2.41 | ATR: 2.50
  📊 Filled: 0 | Pending: 0
  🔲 Regime: RANGING | Range pos: 61% | RSI: 27.0
  💰 Daily P&L: $+6,937.50

[2026-08-27 10:48] O:7727.25 H:7728.00 L:7726.25 C:7727.50 V:1927.0
  📈 Trend: strong_bearish | 🌍 Regime: ranging
  🗺️  Grid: 0.080% | 🔺 7728.50 🔻 7726.75
  📡 RSI: 31.3 | MACD: -2.43 | ATR: 2.38
  📊 Filled: 0 | Pending: 0
  🔲 Regime: RANGING | Range pos: 62% | RSI: 31.3
  💰 Daily P&L: $+6,937.50

[2026-08-27 10:49] O:7727.50 H:7728.75 L:7726.50 C:7728.25 V:2175.0
  📈 Trend: strong_bearish | 🌍 Regime: ranging
  🗺️  Grid: 0.080% | 🔺 7728.00 🔻 7726.25
  📡 RSI: 35.3 | MACD: -2.36 | ATR: 2.34
  📊 Filled: 0 | Pending: 0
  🔲 Regime: RANGING | Range pos: 64% | RSI: 35.3
  💰 Daily P&L: $+6,937.50

[2026-08-27 10:50] O:7728.00 H:7732.25 L:7728.00 C:7732.00 V:3539.0
  📈 Trend: strong_bearish (raw: moderate_bearish) | 🌍 Regime: ranging
  🗺️  Grid: 0.080% | 🔺 7728.75 🔻 7726.50
  📡 RSI: 49.4 | MACD: -1.98 | ATR: 2.50
  📊 Filled: 0 | Pending: 0
  🔲 Regime: RANGING | Range pos: 73% | RSI: 49.4
  💰 Daily P&L: $+6,937.50

[2026-08-27 10:51] O:7731.75 H:7735.50 L:7731.25 C:7734.50 V:2848.0
  📈 Trend: moderate_bearish | 🌍 Regime: ranging
  🗺️  Grid: 0.080% | 🔺 7732.25 🔻 7728.00
  📡 RSI: 57.0 | MACD: -1.46 | ATR: 2.68
  📊 Filled: 0 | Pending: 0
  🔲 Regime: RANGING | Range pos: 79% | RSI: 57.0
  💰 Daily P&L: $+6,937.50

[2026-08-27 10:52] O:7734.75 H:7737.75 L:7732.75 C:7737.75 V:3691.0
  📈 Trend: moderate_bearish (raw: moderate_bullish) | 🌍 Regime: ranging
  🗺️  Grid: 0.080% | 🔺 7735.50 🔻 7731.25
  📡 RSI: 63.3 | MACD: -0.78 | ATR: 2.89
  📊 Filled: 0 | Pending: 0
  🔲 Regime: RANGING | Range pos: 88% | RSI: 63.3
  💰 Daily P&L: $+6,937.50

[2026-08-27 10:53] O:7737.50 H:7739.50 L:7737.00 C:7738.25 V:3072.0
  📈 Trend: moderate_bullish | 🌍 Regime: ranging
  🗺️  Grid: 0.080% | 🔺 7737.75 🔻 7732.75
  📡 RSI: 66.0 | MACD: -0.20 | ATR: 2.95
  📊 Filled: 0 | Pending: 0
  🔲 Regime: RANGING | Range pos: 89% | RSI: 66.0
  💰 Daily P&L: $+6,937.50
→ Real-time bars cancelled
✓ Disconnected from IBKR
