2026-08-20 09:25:58 | ERROR    | Error 1100, reqId -1: Connectivity between IBKR and Trader Workstation has been lost.
2026-08-20 09:27:27 | ERROR    | Error 1100, reqId -1: Connectivity between IBKR and Trader Workstation has been lost.
2026-08-20 09:27:31 | ERROR    | Error handling fields: ['10', '684', 'ES', 'FUT', '20260918 08:30:00 US/Central', '0', '', 'CME', 'USD', 'ESU6', 'ES', 'ES', '649180671', '0.25', '50', 'ACTIVETIM,AD,ADJUST,ALERT,ALGO,ALLOC,AVGCOST,BASKET,BENCHPX,COND,CONDORDER,DAY,DEACT,DEACTDIS,DEACTEOD,GAT,GTC,GTD,GTT,HID,ICE,IOC,LIT,LMT,LTH,MIT,MKT,MTL,NGCOMB,NONALGO,OCA,PEGBENCH,SCALE,SCALERST,SNAPMID,SNAPMKT,SNAPREL,STP,STPLMT,TRAIL,TRAILLIT,TRAILLMT,TRAILMIT,WHATIF', 'CME,QBALGO', '1', '11004968', 'E-mini S&P 500', '', '202609', '', '', '', 'US/Central', '20260819:1700-20260820:1600;20260820:1700-20260821:1600;20260822:CLOSED;20260823:1700-20260824:1600;20260824:1700-20260825:1600;20260825:1700-20260826:1600', '20260820:0830-20260820:1600;20260821:0830-20260821:1600;20260822:CLOSED;20260823:CLOSED;20260824:0830-20260824:1600;20260825:0830-20260825:1600;20260825:1700-20260826:1600', '', '', '0', '2147483647', 'ES', 'IND', '67,67', '20260918', '', '1', '1', '1']
Traceback (most recent call last):
  File "C:\Python312\Lib\site-packages\ib_insync\decoder.py", line 198, in interpret
    handler(fields)
  File "C:\Python312\Lib\site-packages\ib_insync\decoder.py", line 336, in contractDetails
    self.wrapper.contractDetails(int(reqId), cd)
  File "C:\Python312\Lib\site-packages\ib_insync\wrapper.py", line 521, in contractDetails
    self._results[reqId].append(contractDetails)
    ~~~~~~~~~~~~~^^^^^^^
KeyError: 684
2026-08-20 09:27:31 | ERROR    | Error 1102, reqId -1: Connectivity between IBKR and Trader Workstation has been restored - data maintained. All data farms are connected: usfarm.nj; usfuture; usfarm; euhmds; fundfarm; ushmds; secdefnj.
2026-08-20 09:28:34 | ERROR    | Error 1100, reqId -1: Connectivity between IBKR and Trader Workstation has been lost.
2026-08-20 09:28:52 | ERROR    | Error 1102, reqId -1: Connectivity between IBKR and Trader Workstation has been restored - data maintained. All data farms are connected: usfarm.nj; usfuture; usfarm; euhmds; fundfarm; ushmds; secdefnj.
2026-08-20 11:22:39 | ERROR    | Error 10148, reqId 691: OrderId 691 that needs to be cancelled cannot be cancelled, state: PendingCancel.
2026-08-20 11:22:39 | WARNING  | Canceled order: Trade(contract=Contract(secType='FUT', conId=649180671, symbol='ES', lastTradeDateOrContractMonth='20260918', multiplier='50', exchange='CME', currency='USD', localSymbol='ESU6', tradingClass='ES'), order=Order(orderId=691, clientId=10, permId=1802872763, action='SELL', totalQuantity=10.0, orderType='LMT', lmtPrice=7720.25, auxPrice=0.0, tif='DAY', ocaGroup='exit_689_1787239206', ocaType=1), orderStatus=OrderStatus(orderId=691, status='Cancelled', filled=0.0, remaining=10.0, avgFillPrice=0.0, permId=1802872763, parentId=0, lastFillPrice=0.0, clientId=10, whyHeld='', mktCapPrice=0.0), fills=[], log=[TradeLogEntry(time=datetime.datetime(2026, 8, 20, 15, 20, 6, 381486, tzinfo=datetime.timezone.utc), status='PendingSubmit', message='', errorCode=0), TradeLogEntry(time=datetime.datetime(2026, 8, 20, 15, 20, 6, 478569, tzinfo=datetime.timezone.utc), status='PreSubmitted', message='', errorCode=0), TradeLogEntry(time=datetime.datetime(2026, 8, 20, 15, 20, 7, 476551, tzinfo=datetime.timezone.utc), status='Submitted', message='', errorCode=0), TradeLogEntry(time=datetime.datetime(2026, 8, 20, 15, 22, 39, 887097, tzinfo=datetime.timezone.utc), status='PreSubmitted', message='', errorCode=0), TradeLogEntry(time=datetime.datetime(2026, 8, 20, 15, 22, 39, 902829, tzinfo=datetime.timezone.utc), status='PendingCancel', message='', errorCode=0), TradeLogEntry(time=datetime.datetime(2026, 8, 20, 15, 22, 39, 906947, tzinfo=datetime.timezone.utc), status='PendingCancel', message='', errorCode=0), TradeLogEntry(time=datetime.datetime(2026, 8, 20, 15, 22, 39, 909422, tzinfo=datetime.timezone.utc), status='Cancelled', message='Error 10148, reqId 691: OrderId 691 that needs to be cancelled cannot be cancelled, state: PendingCancel.', errorCode=10148)], advancedError='')
2026-08-20 11:23:06 | ERROR    | Error 10147, reqId 691: OrderId 691 that needs to be cancelled is not found.
2026-08-20 12:38:07 | ERROR    | Error 10148, reqId 694: OrderId 694 that needs to be cancelled cannot be cancelled, state: PendingCancel.
2026-08-20 12:38:07 | WARNING  | Canceled order: Trade(contract=Contract(secType='FUT', conId=649180671, symbol='ES', lastTradeDateOrContractMonth='20260918', multiplier='50', exchange='CME', currency='USD', localSymbol='ESU6', tradingClass='ES'), order=Order(orderId=694, clientId=10, permId=1802872766, action='SELL', totalQuantity=10.0, orderType='LMT', lmtPrice=7703.75, auxPrice=0.0, tif='DAY', ocaGroup='exit_692_1787240526', ocaType=1), orderStatus=OrderStatus(orderId=694, status='Cancelled', filled=0.0, remaining=10.0, avgFillPrice=0.0, permId=1802872766, parentId=0, lastFillPrice=0.0, clientId=10, whyHeld='', mktCapPrice=0.0), fills=[], log=[TradeLogEntry(time=datetime.datetime(2026, 8, 20, 15, 42, 6, 551634, tzinfo=datetime.timezone.utc), status='PendingSubmit', message='', errorCode=0), TradeLogEntry(time=datetime.datetime(2026, 8, 20, 15, 42, 6, 629683, tzinfo=datetime.timezone.utc), status='PreSubmitted', message='', errorCode=0), TradeLogEntry(time=datetime.datetime(2026, 8, 20, 15, 42, 7, 621673, tzinfo=datetime.timezone.utc), status='Submitted', message='', errorCode=0), TradeLogEntry(time=datetime.datetime(2026, 8, 20, 16, 38, 7, 543149, tzinfo=datetime.timezone.utc), status='PreSubmitted', message='', errorCode=0), TradeLogEntry(time=datetime.datetime(2026, 8, 20, 16, 38, 7, 555824, tzinfo=datetime.timezone.utc), status='PendingCancel', message='', errorCode=0), TradeLogEntry(time=datetime.datetime(2026, 8, 20, 16, 38, 7, 559530, tzinfo=datetime.timezone.utc), status='PendingCancel', message='', errorCode=0), TradeLogEntry(time=datetime.datetime(2026, 8, 20, 16, 38, 7, 560551, tzinfo=datetime.timezone.utc), status='Cancelled', message='Error 10148, reqId 694: OrderId 694 that needs to be cancelled cannot be cancelled, state: PendingCancel.', errorCode=10148)], advancedError='')
2026-08-20 12:39:06 | ERROR    | Error 10147, reqId 694: OrderId 694 that needs to be cancelled is not found.
08-20 08:23] O:7694.00 H:7695.25 L:7693.75 C:7694.25 V:538.0
  📈 Trend: strong_bearish | 🌍 Regime: ranging
  🗺️  Grid: 0.080% | 🔺 7695.00 🔻 7693.75
  📡 RSI: 35.5 | MACD: -0.31 | ATR: 1.96
  📊 Filled: 0 | Pending: 0
  🕐 Outside session (08:23 CT) — no entries
  💰 Daily P&L: $+0.00

[2026-08-20 08:24] O:7694.25 H:7696.50 L:7694.25 C:7696.25 V:1370.0
  📈 Trend: strong_bearish | 🌍 Regime: ranging
  🗺️  Grid: 0.080% | 🔺 7695.25 🔻 7693.75
  📡 RSI: 48.7 | MACD: -0.18 | ATR: 1.93
  📊 Filled: 0 | Pending: 0
  🕐 Outside session (08:24 CT) — no entries
  💰 Daily P&L: $+0.00

[2026-08-20 08:25] O:7696.25 H:7698.75 L:7695.50 C:7698.75 V:2147.0
  📈 Trend: strong_bearish (raw: moderate_bullish) | 🌍 Regime: ranging
  🗺️  Grid: 0.080% | 🔺 7696.50 🔻 7694.25
  📡 RSI: 59.2 | MACD: 0.13 | ATR: 2.09
  📊 Filled: 0 | Pending: 0
  🕐 Outside session (08:25 CT) — no entries
  💰 Daily P&L: $+0.00

[2026-08-20 08:26] O:7698.50 H:7698.50 L:7696.00 C:7696.75 V:924.0
  📈 Trend: moderate_bullish | 🌍 Regime: ranging
  🗺️  Grid: 0.080% | 🔺 7698.75 🔻 7695.50
  📡 RSI: 52.7 | MACD: 0.21 | ATR: 2.14
  📊 Filled: 0 | Pending: 0
  🕐 Outside session (08:26 CT) — no entries
  💰 Daily P&L: $+0.00

[2026-08-20 08:27] O:7696.75 H:7697.00 L:7694.00 C:7695.50 V:1310.0
  📈 Trend: moderate_bullish | 🌍 Regime: ranging
  🗺️  Grid: 0.080% | 🔺 7698.50 🔻 7696.00
  📡 RSI: 51.8 | MACD: 0.17 | ATR: 2.21
  📊 Filled: 0 | Pending: 0
  🕐 Outside session (08:27 CT) — no entries
  💰 Daily P&L: $+0.00

[2026-08-20 08:28] O:7695.75 H:7698.00 L:7695.75 C:7697.50 V:848.0
  📈 Trend: moderate_bullish (raw: strong_bullish) | 🌍 Regime: ranging
  🗺️  Grid: 0.080% | 🔺 7697.00 🔻 7694.00
  📡 RSI: 61.7 | MACD: 0.30 | ATR: 2.29
  📊 Filled: 0 | Pending: 0
  🕐 Outside session (08:28 CT) — no entries
  💰 Daily P&L: $+0.00

[2026-08-20 08:29] O:7697.75 H:7698.50 L:7696.75 C:7698.00 V:1381.0
  📈 Trend: strong_bullish | 🌍 Regime: ranging
  🗺️  Grid: 0.080% | 🔺 7698.00 🔻 7695.75
  📡 RSI: 63.9 | MACD: 0.43 | ATR: 2.34
  📊 Filled: 0 | Pending: 0
  🕐 Outside session (08:29 CT) — no entries
  💰 Daily P&L: $+0.00

[2026-08-20 08:30] O:7698.00 H:7702.75 L:7697.25 C:7697.75 V:12503.0
  📈 Trend: strong_bullish | 🌍 Regime: ranging
  🗺️  Grid: 0.080% | 🔺 7698.50 🔻 7696.75
  📡 RSI: 62.9 | MACD: 0.51 | ATR: 2.59
  📊 Filled: 0 | Pending: 0
  🕐 Outside session (08:30 CT) — no entries
  💰 Daily P&L: $+0.00

[2026-08-20 08:31] O:7697.75 H:7706.00 L:7697.25 C:7704.75 V:6293.0
  📈 Trend: strong_bullish | 🌍 Regime: ranging
  🗺️  Grid: 0.080% | 🔺 7702.75 🔻 7697.25
  📡 RSI: 73.6 | MACD: 1.13 | ATR: 3.04
  📊 Filled: 0 | Pending: 0
  🕐 Outside session (08:31 CT) — no entries
  💰 Daily P&L: $+0.00

[2026-08-20 08:32] O:7704.50 H:7705.50 L:7702.00 C:7704.75 V:5058.0
  📈 Trend: strong_bullish | 🌍 Regime: ranging
  🗺️  Grid: 0.080% | 🔺 7706.00 🔻 7697.25
  📡 RSI: 71.6 | MACD: 1.60 | ATR: 3.05
  📊 Filled: 0 | Pending: 0
  🕐 Outside session (08:32 CT) — no entries
  💰 Daily P&L: $+0.00

[2026-08-20 08:33] O:7704.75 H:7707.50 L:7702.00 C:7707.00 V:4480.0
  📈 Trend: strong_bullish | 🌍 Regime: ranging
  🗺️  Grid: 0.080% | 🔺 7705.50 🔻 7702.00
  📡 RSI: 77.0 | MACD: 2.13 | ATR: 3.38
  📊 Filled: 0 | Pending: 0
  🕐 Outside session (08:33 CT) — no entries
  💰 Daily P&L: $+0.00

[2026-08-20 08:34] O:7707.00 H:7710.00 L:7705.75 C:7709.25 V:5113.0
  📈 Trend: strong_bullish | 🌍 Regime: ranging
  🗺️  Grid: 0.080% | 🔺 7707.50 🔻 7702.00
  📡 RSI: 84.4 | MACD: 2.70 | ATR: 3.46
  📊 Filled: 0 | Pending: 0
  🕐 Outside session (08:34 CT) — no entries
  💰 Daily P&L: $+0.00

[2026-08-20 08:35] O:7709.25 H:7715.75 L:7705.25 C:7714.25 V:12021.0
  📈 Trend: strong_bullish | 🌍 Regime: ranging
  🗺️  Grid: 0.080% | 🔺 7710.00 🔻 7705.75
  📡 RSI: 87.2 | MACD: 3.52 | ATR: 4.02
  📊 Filled: 0 | Pending: 0
  🕐 Outside session (08:35 CT) — no entries
  💰 Daily P&L: $+0.00

[2026-08-20 08:36] O:7714.25 H:7716.00 L:7713.00 C:7714.00 V:4575.0
  📈 Trend: strong_bullish | 🌍 Regime: ranging
  🗺️  Grid: 0.080% | 🔺 7715.75 🔻 7705.25
  📡 RSI: 86.2 | MACD: 4.09 | ATR: 4.14
  📊 Filled: 0 | Pending: 0
  🕐 Outside session (08:36 CT) — no entries
  💰 Daily P&L: $+0.00

[2026-08-20 08:37] O:7714.00 H:7714.50 L:7710.75 C:7711.00 V:5071.0
  📈 Trend: strong_bullish | 🌍 Regime: trending_bullish
  🗺️  Grid: 0.080% | 🔺 7716.00 🔻 7713.00
  📡 RSI: 77.7 | MACD: 4.26 | ATR: 4.30
  📊 Filled: 0 | Pending: 0
  🕐 Outside session (08:37 CT) — no entries
  💰 Daily P&L: $+0.00

[2026-08-20 08:38] O:7711.00 H:7711.75 L:7708.25 C:7708.50 V:4792.0
  📈 Trend: strong_bullish | 🌍 Regime: trending_bullish
  🗺️  Grid: 0.080% | 🔺 7714.50 🔻 7710.75
  📡 RSI: 69.9 | MACD: 4.14 | ATR: 4.39
  📊 Filled: 0 | Pending: 0
  🕐 Outside session (08:38 CT) — no entries
  💰 Daily P&L: $+0.00

[2026-08-20 08:39] O:7708.75 H:7713.25 L:7708.75 C:7711.75 V:3699.0
  📈 Trend: strong_bullish | 🌍 Regime: trending_bullish
  🗺️  Grid: 0.080% | 🔺 7711.75 🔻 7708.25
  📡 RSI: 70.6 | MACD: 4.26 | ATR: 4.50
  📊 Filled: 0 | Pending: 0
  🕐 Outside session (08:39 CT) — no entries
  💰 Daily P&L: $+0.00

[2026-08-20 08:40] O:7712.00 H:7712.00 L:7705.00 C:7708.00 V:6024.0
  📈 Trend: strong_bullish | 🌍 Regime: trending_bullish
  🗺️  Grid: 0.080% | 🔺 7713.25 🔻 7708.75
  📡 RSI: 66.9 | MACD: 4.01 | ATR: 4.80
  📊 Filled: 0 | Pending: 0
  🕐 Outside session (08:40 CT) — no entries
  💰 Daily P&L: $+0.00

[2026-08-20 08:41] O:7708.00 H:7712.75 L:7706.75 C:7711.00 V:4889.0
  📈 Trend: strong_bullish | 🌍 Regime: trending_bullish
  🗺️  Grid: 0.080% | 🔺 7712.00 🔻 7705.00
  📡 RSI: 72.1 | MACD: 4.01 | ATR: 5.02
  📊 Filled: 0 | Pending: 0
  🕐 Outside session (08:41 CT) — no entries
  💰 Daily P&L: $+0.00

[2026-08-20 08:42] O:7711.00 H:7715.00 L:7710.00 C:7714.25 V:4751.0
  📈 Trend: strong_bullish | 🌍 Regime: trending_bullish
  🗺️  Grid: 0.081% | 🔺 7712.75 🔻 7706.75
  📡 RSI: 73.1 | MACD: 4.22 | ATR: 5.20
  📊 Filled: 0 | Pending: 0
  🕐 Outside session (08:42 CT) — no entries
  💰 Daily P&L: $+0.00

[2026-08-20 08:43] O:7714.50 H:7715.50 L:7713.00 C:7715.50 V:3602.0
  📈 Trend: strong_bullish | 🌍 Regime: trending_bullish
  🗺️  Grid: 0.082% | 🔺 7715.00 🔻 7710.00
  📡 RSI: 73.6 | MACD: 4.43 | ATR: 5.25
  📊 Filled: 0 | Pending: 0
  🕐 Outside session (08:43 CT) — no entries
  💰 Daily P&L: $+0.00

[2026-08-20 08:44] O:7715.75 H:7716.25 L:7712.00 C:7712.00 V:3122.0
  📈 Trend: strong_bullish | 🌍 Regime: trending_bullish
  🗺️  Grid: 0.080% | 🔺 7715.50 🔻 7713.00
  📡 RSI: 67.7 | MACD: 4.27 | ATR: 5.16
  📊 Filled: 0 | Pending: 0
  🕐 Outside session (08:44 CT) — no entries
  💰 Daily P&L: $+0.00

[2026-08-20 08:45] O:7712.25 H:7713.75 L:7709.00 C:7710.25 V:4466.0
  📈 Trend: strong_bullish | 🌍 Regime: trending_bullish
  🗺️  Grid: 0.080% | 🔺 7716.25 🔻 7712.00
  📡 RSI: 57.9 | MACD: 3.96 | ATR: 4.88
  📊 Filled: 0 | Pending: 0
  💰 Daily P&L: $+0.00

[2026-08-20 08:46] O:7710.50 H:7712.75 L:7709.25 C:7711.00 V:3707.0
  📈 Trend: strong_bullish (raw: moderate_bullish) | 🌍 Regime: trending_bullish
  🗺️  Grid: 0.080% | 🔺 7713.75 🔻 7709.00
  📡 RSI: 58.7 | MACD: 3.73 | ATR: 4.88
  📊 Filled: 0 | Pending: 0
  💰 Daily P&L: $+0.00

[2026-08-20 08:47] O:7711.25 H:7711.25 L:7708.00 C:7709.00 V:3290.0
  📈 Trend: moderate_bullish | 🌍 Regime: trending_bullish
  🗺️  Grid: 0.080% | 🔺 7712.75 🔻 7709.25
  📡 RSI: 52.8 | MACD: 3.34 | ATR: 4.71
  📊 Filled: 0 | Pending: 0
  💰 Daily P&L: $+0.00

[2026-08-20 08:48] O:7709.00 H:7710.25 L:7706.50 C:7706.75 V:3519.0
  📈 Trend: moderate_bullish | 🌍 Regime: trending_bullish
  🗺️  Grid: 0.080% | 🔺 7711.25 🔻 7708.00
  📡 RSI: 46.5 | MACD: 2.82 | ATR: 4.68
  📊 Filled: 0 | Pending: 0
  💰 Daily P&L: $+0.00

[2026-08-20 08:49] O:7707.00 H:7710.75 L:7705.00 C:7710.00 V:3526.0
  📈 Trend: moderate_bullish | 🌍 Regime: trending_bullish
  🗺️  Grid: 0.080% | 🔺 7710.25 🔻 7706.50
  📡 RSI: 43.7 | MACD: 2.65 | ATR: 4.34
  📊 Filled: 0 | Pending: 0
  💰 Daily P&L: $+0.00

[2026-08-20 08:50] O:7710.25 H:7711.50 L:7707.25 C:7710.00 V:3748.0
  📈 Trend: moderate_bullish | 🌍 Regime: trending_bullish
  🗺️  Grid: 0.080% | 🔺 7710.75 🔻 7705.00
  📡 RSI: 44.0 | MACD: 2.48 | ATR: 4.43
  📊 Filled: 0 | Pending: 0
  💰 Daily P&L: $+0.00

[2026-08-20 08:51] O:7710.00 H:7710.75 L:7705.00 C:7706.00 V:3958.0
  📈 Trend: moderate_bullish | 🌍 Regime: trending_bullish
  🗺️  Grid: 0.080% | 🔺 7711.50 🔻 7707.25
  📡 RSI: 42.8 | MACD: 2.00 | ATR: 4.57
  📊 Filled: 0 | Pending: 0
  💰 Daily P&L: $+0.00

[2026-08-20 08:52] O:7705.75 H:7707.75 L:7704.00 C:7704.50 V:4018.0
  📈 Trend: moderate_bullish (raw: moderate_bearish) | 🌍 Regime: trending_bearish
  🗺️  Grid: 0.080% | 🔺 7710.75 🔻 7705.00
  📡 RSI: 44.0 | MACD: 1.48 | ATR: 4.59
  📊 Filled: 0 | Pending: 0
  💰 Daily P&L: $+0.00

[2026-08-20 08:53] O:7704.50 H:7706.00 L:7702.75 C:7703.50 V:4761.0
  📈 Trend: moderate_bearish | 🌍 Regime: trending_bearish
  🗺️  Grid: 0.080% | 🔺 7707.75 🔻 7704.00
  📡 RSI: 36.8 | MACD: 0.97 | ATR: 4.48
  📊 Filled: 0 | Pending: 0
  💰 Daily P&L: $+0.00

[2026-08-20 08:54] O:7703.25 H:7708.50 L:7703.00 C:7708.25 V:3625.0
  📈 Trend: moderate_bearish | 🌍 Regime: trending_bearish
  🗺️  Grid: 0.080% | 🔺 7706.00 🔻 7702.75
  📡 RSI: 50.4 | MACD: 0.95 | ATR: 4.38
  📊 Filled: 0 | Pending: 0
  💰 Daily P&L: $+0.00

[2026-08-20 08:55] O:7708.25 H:7710.75 L:7706.25 C:7710.50 V:3706.0
  📈 Trend: moderate_bearish | 🌍 Regime: trending_bearish
  🗺️  Grid: 0.080% | 🔺 7708.50 🔻 7703.00
  📡 RSI: 49.2 | MACD: 1.09 | ATR: 4.27
  📊 Filled: 0 | Pending: 0
  💰 Daily P&L: $+0.00

[2026-08-20 08:56] O:7710.50 H:7711.75 L:7703.25 C:7703.25 V:3793.0
  📈 Trend: moderate_bearish | 🌍 Regime: trending_bearish
  🗺️  Grid: 0.080% | 🔺 7710.75 🔻 7706.25
  📡 RSI: 34.5 | MACD: 0.62 | ATR: 4.52
  📊 Filled: 0 | Pending: 0
  💰 Daily P&L: $+0.00

[2026-08-20 08:57] O:7703.25 H:7704.75 L:7700.50 C:7700.50 V:4636.0
  📈 Trend: moderate_bearish | 🌍 Regime: trending_bearish
  🗺️  Grid: 0.080% | 🔺 7711.75 🔻 7703.25
  📡 RSI: 29.7 | MACD: 0.02 | ATR: 4.64
  📊 Filled: 0 | Pending: 0
  💰 Daily P&L: $+0.00

[2026-08-20 08:58] O:7700.75 H:7704.50 L:7700.00 C:7704.50 V:3729.0
  📈 Trend: moderate_bearish (raw: strong_bearish) | 🌍 Regime: trending_bearish
  🗺️  Grid: 0.080% | 🔺 7704.75 🔻 7700.50
  📡 RSI: 40.0 | MACD: -0.13 | ATR: 4.66
  📊 Filled: 0 | Pending: 0
  💰 Daily P&L: $+0.00

[2026-08-20 08:59] O:7704.50 H:7705.25 L:7702.00 C:7703.75 V:3621.0
  📈 Trend: strong_bearish | 🌍 Regime: trending_bearish
  🗺️  Grid: 0.080% | 🔺 7704.50 🔻 7700.00
  📡 RSI: 41.1 | MACD: -0.30 | ATR: 4.55
  📊 Filled: 0 | Pending: 0
  💰 Daily P&L: $+0.00

[2026-08-20 09:00] O:7703.75 H:7707.75 L:7703.50 C:7703.75 V:5766.0
  📈 Trend: strong_bearish | 🌍 Regime: trending_bearish
  🗺️  Grid: 0.080% | 🔺 7705.25 🔻 7702.00
  📡 RSI: 39.9 | MACD: -0.44 | ATR: 4.61
  📊 Filled: 0 | Pending: 0
  💰 Daily P&L: $+0.00

[2026-08-20 09:01] O:7703.75 H:7706.50 L:7703.25 C:7704.75 V:4987.0
  📈 Trend: strong_bearish | 🌍 Regime: trending_bearish
  🗺️  Grid: 0.080% | 🔺 7707.75 🔻 7703.50
  📡 RSI: 43.9 | MACD: -0.46 | ATR: 4.61
  📊 Filled: 0 | Pending: 0
  💰 Daily P&L: $+0.00

[2026-08-20 09:02] O:7704.50 H:7705.75 L:7699.75 C:7699.75 V:4604.0
  📈 Trend: strong_bearish | 🌍 Regime: trending_bearish
  🗺️  Grid: 0.080% | 🔺 7706.50 🔻 7703.25
  📡 RSI: 40.7 | MACD: -0.87 | ATR: 4.77
  📊 Filled: 0 | Pending: 0
  💰 Daily P&L: $+0.00

[2026-08-20 09:03] O:7700.00 H:7702.25 L:7698.75 C:7700.75 V:5172.0
  📈 Trend: strong_bearish | 🌍 Regime: trending_bearish
  🗺️  Grid: 0.080% | 🔺 7705.75 🔻 7699.75
  📡 RSI: 36.9 | MACD: -1.10 | ATR: 4.61
  📊 Filled: 0 | Pending: 0
  💰 Daily P&L: $+0.00

[2026-08-20 09:04] O:7700.75 H:7701.75 L:7698.25 C:7698.25 V:3828.0
  📈 Trend: strong_bearish | 🌍 Regime: trending_bearish
  🗺️  Grid: 0.080% | 🔺 7702.25 🔻 7698.75
  📡 RSI: 34.4 | MACD: -1.47 | ATR: 4.55
  📊 Filled: 0 | Pending: 0
  💰 Daily P&L: $+0.00

[2026-08-20 09:05] O:7698.50 H:7699.75 L:7696.75 C:7699.25 V:4187.0
  📈 Trend: strong_bearish | 🌍 Regime: trending_bearish
  🗺️  Grid: 0.080% | 🔺 7701.75 🔻 7698.25
  📡 RSI: 40.3 | MACD: -1.66 | ATR: 4.36
  📊 Filled: 0 | Pending: 0
  💰 Daily P&L: $+0.00

[2026-08-20 09:06] O:7699.00 H:7704.25 L:7697.50 C:7701.50 V:4925.0
  📈 Trend: strong_bearish | 🌍 Regime: trending_bearish
  🗺️  Grid: 0.080% | 🔺 7699.75 🔻 7696.75
  📡 RSI: 45.8 | MACD: -1.61 | ATR: 4.57
  📊 Filled: 0 | Pending: 0
  💰 Daily P&L: $+0.00

[2026-08-20 09:07] O:7701.50 H:7702.75 L:7698.25 C:7702.25 V:4709.0
  📈 Trend: strong_bearish | 🌍 Regime: trending_bearish
  🗺️  Grid: 0.080% | 🔺 7704.25 🔻 7697.50
  📡 RSI: 48.2 | MACD: -1.50 | ATR: 4.66
  📊 Filled: 0 | Pending: 0
  💰 Daily P&L: $+0.00

[2026-08-20 09:08] O:7702.25 H:7702.50 L:7697.25 C:7700.75 V:3819.0
  📈 Trend: strong_bearish | 🌍 Regime: trending_bearish
  🗺️  Grid: 0.080% | 🔺 7702.75 🔻 7698.25
  📡 RSI: 38.3 | MACD: -1.51 | ATR: 4.64
  📊 Filled: 0 | Pending: 0
  💰 Daily P&L: $+0.00

[2026-08-20 09:09] O:7700.75 H:7705.00 L:7700.00 C:7704.75 V:4203.0
  📈 Trend: strong_bearish | 🌍 Regime: trending_bearish
  🗺️  Grid: 0.080% | 🔺 7702.50 🔻 7697.25
  📡 RSI: 41.5 | MACD: -1.18 | ATR: 4.68
  📊 Filled: 0 | Pending: 0
  💰 Daily P&L: $+0.00

[2026-08-20 09:10] O:7705.00 H:7705.75 L:7702.00 C:7704.50 V:4581.0
  📈 Trend: strong_bearish (raw: moderate_bearish) | 🌍 Regime: trending_bearish
  🗺️  Grid: 0.080% | 🔺 7705.00 🔻 7700.00
  📡 RSI: 52.3 | MACD: -0.93 | ATR: 4.34
  📊 Filled: 0 | Pending: 0
  💰 Daily P&L: $+0.00

[2026-08-20 09:11] O:7704.25 H:7705.25 L:7700.25 C:7701.00 V:3398.0
  📈 Trend: moderate_bearish | 🌍 Regime: trending_bearish
  🗺️  Grid: 0.080% | 🔺 7705.75 🔻 7702.00
  📡 RSI: 50.9 | MACD: -1.00 | ATR: 4.39
  📊 Filled: 0 | Pending: 0
  💰 Daily P&L: $+0.00

[2026-08-20 09:12] O:7701.00 H:7703.50 L:7698.75 C:7700.75 V:3072.0
  📈 Trend: moderate_bearish (raw: strong_bearish) | 🌍 Regime: trending_bearish
  🗺️  Grid: 0.080% | 🔺 7705.25 🔻 7700.25
  📡 RSI: 42.1 | MACD: -1.07 | ATR: 4.41
  📊 Filled: 0 | Pending: 0
  💰 Daily P&L: $+0.00

[2026-08-20 09:13] O:7701.00 H:7702.75 L:7699.00 C:7699.75 V:3053.0
  📈 Trend: strong_bearish | 🌍 Regime: trending_bearish
  🗺️  Grid: 0.080% | 🔺 7703.50 🔻 7698.75
  📡 RSI: 41.7 | MACD: -1.19 | ATR: 4.45
  📊 Filled: 0 | Pending: 0
  💰 Daily P&L: $+0.00

[2026-08-20 09:14] O:7699.75 H:7701.25 L:7697.50 C:7698.25 V:3228.0
  📈 Trend: strong_bearish | 🌍 Regime: trending_bearish
  🗺️  Grid: 0.080% | 🔺 7702.75 🔻 7699.00
  📡 RSI: 39.2 | MACD: -1.39 | ATR: 4.41
  📊 Filled: 0 | Pending: 0
  💰 Daily P&L: $+0.00

[2026-08-20 09:15] O:7698.25 H:7699.75 L:7694.25 C:7695.25 V:4346.0
  📈 Trend: strong_bearish | 🌍 Regime: trending_bearish
  🗺️  Grid: 0.080% | 🔺 7701.25 🔻 7697.50
  📡 RSI: 32.7 | MACD: -1.77 | ATR: 4.57
  📊 Filled: 0 | Pending: 0
  💰 Daily P&L: $+0.00

[2026-08-20 09:16] O:7695.00 H:7696.25 L:7692.50 C:7693.50 V:4879.0
  📈 Trend: strong_bearish | 🌍 Regime: trending_bearish
  🗺️  Grid: 0.080% | 🔺 7699.75 🔻 7694.25
  📡 RSI: 37.1 | MACD: -2.19 | ATR: 4.41
  📊 Filled: 0 | Pending: 0
  💰 Daily P&L: $+0.00

[2026-08-20 09:17] O:7693.50 H:7694.50 L:7691.75 C:7694.25 V:4022.0
  📈 Trend: strong_bearish | 🌍 Regime: trending_bearish
  🗺️  Grid: 0.080% | 🔺 7696.25 🔻 7692.50
  📡 RSI: 36.5 | MACD: -2.43 | ATR: 4.36
  📊 Filled: 0 | Pending: 0
  💰 Daily P&L: $+0.00

[2026-08-20 09:18] O:7694.00 H:7696.75 L:7693.50 C:7695.00 V:4692.0
  📈 Trend: strong_bearish | 🌍 Regime: trending_bearish
  🗺️  Grid: 0.080% | 🔺 7694.50 🔻 7691.75
  📡 RSI: 42.7 | MACD: -2.53 | ATR: 4.34
  📊 Filled: 0 | Pending: 0
  💰 Daily P&L: $+0.00

[2026-08-20 09:19] O:7695.00 H:7695.75 L:7692.50 C:7692.50 V:3956.0
  📈 Trend: strong_bearish | 🌍 Regime: trending_bearish
  🗺️  Grid: 0.080% | 🔺 7696.75 🔻 7693.50
  📡 RSI: 35.8 | MACD: -2.78 | ATR: 4.36
  📊 Filled: 0 | Pending: 0
  💰 Daily P&L: $+0.00

[2026-08-20 09:20] O:7692.50 H:7702.50 L:7691.75 C:7699.50 V:5821.0
  📈 Trend: strong_bearish | 🌍 Regime: trending_bearish
  🗺️  Grid: 0.080% | 🔺 7695.75 🔻 7692.50
  📡 RSI: 46.5 | MACD: -2.39 | ATR: 4.64
  📊 Filled: 0 | Pending: 0
  💰 Daily P&L: $+0.00

[2026-08-20 09:21] O:7699.50 H:7701.00 L:7697.75 C:7699.00 V:3891.0
  📈 Trend: strong_bearish | 🌍 Regime: trending_bearish
  🗺️  Grid: 0.080% | 🔺 7702.50 🔻 7691.75
  📡 RSI: 44.2 | MACD: -2.09 | ATR: 4.55
  📊 Filled: 0 | Pending: 0
  💰 Daily P&L: $+0.00

[2026-08-20 09:22] O:7698.75 H:7703.25 L:7695.75 C:7703.00 V:4476.0
  📈 Trend: strong_bearish (raw: moderate_bullish) | 🌍 Regime: trending_bullish
  🗺️  Grid: 0.080% | 🔺 7701.00 🔻 7697.75
  📡 RSI: 53.7 | MACD: -1.52 | ATR: 4.71
  📊 Filled: 0 | Pending: 0
  💰 Daily P&L: $+0.00

[2026-08-20 09:23] O:7702.75 H:7707.75 L:7701.50 C:7706.75 V:6365.0
  📈 Trend: moderate_bullish | 🌍 Regime: trending_bullish
  🗺️  Grid: 0.080% | 🔺 7703.25 🔻 7695.75
  📡 RSI: 53.3 | MACD: -0.75 | ATR: 4.80
  📊 Filled: 0 | Pending: 0
  💰 Daily P&L: $+0.00

[2026-08-20 09:24] O:7706.75 H:7707.75 L:7704.75 C:7705.75 V:5757.0
  📈 Trend: moderate_bullish | 🌍 Regime: trending_bullish
  🗺️  Grid: 0.080% | 🔺 7707.75 🔻 7701.50
  📡 RSI: 52.0 | MACD: -0.22 | ATR: 4.75
  📊 Filled: 0 | Pending: 0
  💰 Daily P&L: $+0.00

[2026-08-20 09:25] O:7706.00 H:7706.75 L:7703.50 C:7704.25 V:6258.0
  📈 Trend: moderate_bullish (raw: strong_bullish) | 🌍 Regime: ranging
  🗺️  Grid: 0.080% | 🔺 7707.75 🔻 7704.75
  📡 RSI: 55.6 | MACD: 0.08 | ATR: 4.62
  📊 Filled: 0 | Pending: 0
  🔲 Regime: RANGING | Range pos: 51% | RSI: 55.6
  💰 Daily P&L: $+0.00

[2026-08-20 09:26] O:7704.50 H:7705.50 L:7700.50 C:7700.75 V:3471.0
  📈 Trend: moderate_bullish | 🌍 Regime: ranging
  🗺️  Grid: 0.080% | 🔺 7706.75 🔻 7703.50
  📡 RSI: 50.0 | MACD: 0.03 | ATR: 4.64
  📊 Filled: 0 | Pending: 0
  🔲 Regime: RANGING | Range pos: 37% | RSI: 50.0
  💰 Daily P&L: $+0.00

[2026-08-20 09:27] O:7700.75 H:7702.75 L:7698.50 C:7700.00 V:4501.0
  📈 Trend: moderate_bullish (raw: moderate_bearish) | 🌍 Regime: ranging
  🗺️  Grid: 0.080% | 🔺 7705.50 🔻 7700.50
  📡 RSI: 50.4 | MACD: -0.07 | ATR: 4.68
  📊 Filled: 0 | Pending: 0
  🔲 Regime: RANGING | Range pos: 34% | RSI: 50.4
  💰 Daily P&L: $+0.00

[2026-08-20 09:28] O:7700.00 H:7703.25 L:7698.75 C:7698.75 V:3459.0
  📈 Trend: moderate_bearish | 🌍 Regime: ranging
  🗺️  Grid: 0.080% | 🔺 7702.75 🔻 7698.50
  📡 RSI: 50.8 | MACD: -0.24 | ATR: 4.73
  📊 Filled: 0 | Pending: 0
  🔲 Regime: RANGING | Range pos: 29% | RSI: 50.8
  💰 Daily P&L: $+0.00

[2026-08-20 09:29] O:7698.75 H:7701.50 L:7698.00 C:7700.25 V:3261.0
  📈 Trend: moderate_bearish | 🌍 Regime: ranging
  🗺️  Grid: 0.080% | 🔺 7703.25 🔻 7698.75
  📡 RSI: 58.2 | MACD: -0.26 | ATR: 4.59
  📊 Filled: 0 | Pending: 0
  🔲 Regime: RANGING | Range pos: 35% | RSI: 58.2
  💰 Daily P&L: $+0.00

[2026-08-20 09:30] O:7700.25 H:7701.50 L:7698.25 C:7701.00 V:3476.0
  📈 Trend: moderate_bearish | 🌍 Regime: ranging
  🗺️  Grid: 0.080% | 🔺 7701.50 🔻 7698.00
  📡 RSI: 62.7 | MACD: -0.20 | ATR: 4.55
  📊 Filled: 0 | Pending: 0
  🔲 Regime: RANGING | Range pos: 38% | RSI: 62.7
  💰 Daily P&L: $+0.00

[2026-08-20 09:31] O:7701.00 H:7703.75 L:7699.25 C:7702.50 V:3048.0
  📈 Trend: moderate_bearish (raw: moderate_bullish) | 🌍 Regime: ranging
  🗺️  Grid: 0.080% | 🔺 7701.50 🔻 7698.25
  📡 RSI: 63.6 | MACD: -0.04 | ATR: 4.68
  📊 Filled: 0 | Pending: 0
  🔲 Regime: RANGING | Range pos: 44% | RSI: 63.6
  💰 Daily P&L: $+0.00

[2026-08-20 09:32] O:7702.75 H:7704.25 L:7700.00 C:7702.25 V:3148.0
  📈 Trend: moderate_bearish (raw: strong_bullish) | 🌍 Regime: ranging
  🗺️  Grid: 0.080% | 🔺 7703.75 🔻 7699.25
  📡 RSI: 62.2 | MACD: 0.07 | ATR: 4.75
  📊 Filled: 0 | Pending: 0
  🔲 Regime: RANGING | Range pos: 43% | RSI: 62.2
  💰 Daily P&L: $+0.00

[2026-08-20 09:33] O:7702.50 H:7705.00 L:7702.00 C:7704.50 V:2903.0
  📈 Trend: strong_bullish | 🌍 Regime: ranging
  🗺️  Grid: 0.080% | 🔺 7704.25 🔻 7700.00
  📡 RSI: 70.3 | MACD: 0.33 | ATR: 4.73
  📊 Filled: 0 | Pending: 0
  🔲 Regime: RANGING | Range pos: 52% | RSI: 70.3
  💰 Daily P&L: $+0.00

[2026-08-20 09:34] O:7704.75 H:7706.50 L:7699.00 C:7699.00 V:2987.0
  📈 Trend: strong_bullish | 🌍 Regime: ranging
  🗺️  Grid: 0.080% | 🔺 7705.00 🔻 7702.00
  📡 RSI: 49.1 | MACD: 0.09 | ATR: 4.50
  📊 Filled: 0 | Pending: 0
  🔲 Regime: RANGING | Range pos: 30% | RSI: 49.1
  💰 Daily P&L: $+0.00

[2026-08-20 09:35] O:7699.25 H:7701.00 L:7697.50 C:7701.00 V:3106.0
  📈 Trend: strong_bullish | 🌍 Regime: ranging
  🗺️  Grid: 0.080% | 🔺 7706.50 🔻 7699.00
  📡 RSI: 53.4 | MACD: 0.07 | ATR: 4.52
  📊 Filled: 0 | Pending: 0
  🔲 Regime: RANGING | Range pos: 38% | RSI: 53.4
  💰 Daily P&L: $+0.00

[2026-08-20 09:36] O:7701.00 H:7704.75 L:7700.50 C:7704.25 V:2653.0
  📈 Trend: strong_bullish | 🌍 Regime: ranging
  🗺️  Grid: 0.080% | 🔺 7701.00 🔻 7697.50
  📡 RSI: 52.2 | MACD: 0.30 | ATR: 4.29
  📊 Filled: 0 | Pending: 0
  🔲 Regime: RANGING | Range pos: 51% | RSI: 52.2
  💰 Daily P&L: $+0.00

[2026-08-20 09:37] O:7704.50 H:7707.00 L:7703.00 C:7704.50 V:4945.0
  📈 Trend: strong_bullish | 🌍 Regime: ranging
  🗺️  Grid: 0.080% | 🔺 7704.75 🔻 7700.50
  📡 RSI: 45.5 | MACD: 0.51 | ATR: 4.12
  📊 Filled: 0 | Pending: 0
  🔲 Regime: RANGING | Range pos: 52% | RSI: 45.5
  💰 Daily P&L: $+0.00

[2026-08-20 09:38] O:7704.75 H:7706.50 L:7703.50 C:7705.75 V:2885.0
  📈 Trend: strong_bullish | 🌍 Regime: ranging
  🗺️  Grid: 0.080% | 🔺 7707.00 🔻 7703.00
  📡 RSI: 50.0 | MACD: 0.76 | ATR: 4.12
  📊 Filled: 0 | Pending: 0
  🔲 Regime: RANGING | Range pos: 57% | RSI: 50.0
  💰 Daily P&L: $+0.00

[2026-08-20 09:39] O:7705.75 H:7710.25 L:7705.50 C:7708.00 V:3322.0
  📈 Trend: strong_bullish | 🌍 Regime: ranging
  🗺️  Grid: 0.080% | 🔺 7706.50 🔻 7703.50
  📡 RSI: 57.1 | MACD: 1.13 | ATR: 4.23
  📊 Filled: 0 | Pending: 0
  🔲 Regime: RANGING | Range pos: 66% | RSI: 57.1
  💰 Daily P&L: $+0.00

[2026-08-20 09:40] O:7708.00 H:7709.25 L:7705.75 C:7707.25 V:3411.0
  📈 Trend: strong_bullish | 🌍 Regime: ranging
  🗺️  Grid: 0.080% | 🔺 7710.25 🔻 7705.50
  📡 RSI: 63.8 | MACD: 1.34 | ATR: 4.12
  📊 Filled: 0 | Pending: 0
  🔲 Regime: RANGING | Range pos: 63% | RSI: 63.8
  💰 Daily P&L: $+0.00

[2026-08-20 09:41] O:7707.50 H:7708.00 L:7704.00 C:7704.00 V:3123.0
  📈 Trend: strong_bullish | 🌍 Regime: ranging
  🗺️  Grid: 0.080% | 🔺 7709.25 🔻 7705.75
  📡 RSI: 57.7 | MACD: 1.24 | ATR: 4.11
  📊 Filled: 0 | Pending: 0
  🔲 Regime: RANGING | Range pos: 50% | RSI: 57.7
  💰 Daily P&L: $+0.00

[2026-08-20 09:42] O:7704.25 H:7709.50 L:7704.25 C:7709.00 V:2975.0
  📈 Trend: strong_bullish | 🌍 Regime: ranging
  🗺️  Grid: 0.080% | 🔺 7708.00 🔻 7704.00
  📡 RSI: 67.2 | MACD: 1.54 | ATR: 4.18
  📊 Filled: 0 | Pending: 0
  🔲 Regime: RANGING | Range pos: 70% | RSI: 67.2
  💰 Daily P&L: $+0.00

[2026-08-20 09:43] O:7709.00 H:7711.00 L:7709.00 C:7709.50 V:3301.0
  📈 Trend: strong_bullish | 🌍 Regime: ranging
  🗺️  Grid: 0.080% | 🔺 7709.50 🔻 7704.25
  📡 RSI: 66.1 | MACD: 1.80 | ATR: 4.07
  📊 Filled: 0 | Pending: 0
  🔲 Regime: RANGING | Range pos: 72% | RSI: 66.1
  💰 Daily P&L: $+0.00

[2026-08-20 09:44] O:7709.25 H:7711.00 L:7709.25 C:7710.00 V:2377.0
  📈 Trend: strong_bullish | 🌍 Regime: ranging
  🗺️  Grid: 0.080% | 🔺 7711.00 🔻 7709.00
  📡 RSI: 65.8 | MACD: 2.02 | ATR: 3.96
  📊 Filled: 0 | Pending: 0
  🔲 Regime: RANGING | Range pos: 74% | RSI: 65.8
  💰 Daily P&L: $+0.00

[2026-08-20 09:45] O:7710.00 H:7712.75 L:7709.50 C:7711.25 V:3265.0
  📈 Trend: strong_bullish | 🌍 Regime: trending_bullish
  🗺️  Grid: 0.080% | 🔺 7711.00 🔻 7709.25
  📡 RSI: 65.5 | MACD: 2.27 | ATR: 3.88
  📊 Filled: 0 | Pending: 0
  💰 Daily P&L: $+0.00

[2026-08-20 09:46] O:7711.25 H:7713.00 L:7709.00 C:7713.00 V:3050.0
  📈 Trend: strong_bullish | 🌍 Regime: trending_bullish
  🗺️  Grid: 0.080% | 🔺 7712.75 🔻 7709.50
  📡 RSI: 68.1 | MACD: 2.58 | ATR: 3.86
  📊 Filled: 0 | Pending: 0
  💰 Daily P&L: $+0.00

[2026-08-20 09:47] O:7713.00 H:7713.25 L:7707.75 C:7708.00 V:2967.0
  📈 Trend: strong_bullish | 🌍 Regime: trending_bullish
  🗺️  Grid: 0.080% | 🔺 7713.00 🔻 7709.00
  📡 RSI: 55.4 | MACD: 2.40 | ATR: 4.04
  📊 Filled: 0 | Pending: 0
  💰 Daily P&L: $+0.00

[2026-08-20 09:48] O:7708.25 H:7708.50 L:7705.00 C:7706.25 V:2585.0
  📈 Trend: strong_bullish | 🌍 Regime: trending_bullish
  🗺️  Grid: 0.080% | 🔺 7713.25 🔻 7707.75
  📡 RSI: 62.6 | MACD: 2.09 | ATR: 3.75
  📊 Filled: 0 | Pending: 0
  💰 Daily P&L: $+0.00

[2026-08-20 09:49] O:7706.00 H:7707.75 L:7704.50 C:7705.50 V:3246.0
  📈 Trend: strong_bullish | 🌍 Regime: trending_bullish
  🗺️  Grid: 0.080% | 🔺 7708.50 🔻 7705.00
  📡 RSI: 58.2 | MACD: 1.76 | ATR: 3.73
  📊 Filled: 0 | Pending: 0
  💰 Daily P&L: $+0.00

[2026-08-20 09:50] O:7705.50 H:7706.75 L:7704.25 C:7705.50 V:2786.0
  📈 Trend: strong_bullish | 🌍 Regime: trending_bullish
  🗺️  Grid: 0.080% | 🔺 7707.75 🔻 7704.50
  📡 RSI: 52.6 | MACD: 1.48 | ATR: 3.61
  📊 Filled: 0 | Pending: 0
  💰 Daily P&L: $+0.00

[2026-08-20 09:51] O:7705.75 H:7707.50 L:7704.75 C:7707.25 V:2084.0
  📈 Trend: strong_bullish | 🌍 Regime: trending_bullish
  🗺️  Grid: 0.080% | 🔺 7706.75 🔻 7704.25
  📡 RSI: 55.3 | MACD: 1.39 | ATR: 3.52
  📊 Filled: 0 | Pending: 0
  💰 Daily P&L: $+0.00

[2026-08-20 09:52] O:7707.50 H:7709.00 L:7706.00 C:7709.00 V:2292.0
  📈 Trend: strong_bullish | 🌍 Regime: trending_bullish
  🗺️  Grid: 0.080% | 🔺 7707.50 🔻 7704.75
  📡 RSI: 56.2 | MACD: 1.44 | ATR: 3.52
  📊 Filled: 0 | Pending: 0
  💰 Daily P&L: $+0.00

[2026-08-20 09:53] O:7708.75 H:7710.75 L:7707.75 C:7708.50 V:2567.0
  📈 Trend: strong_bullish | 🌍 Regime: trending_bullish
  🗺️  Grid: 0.080% | 🔺 7709.00 🔻 7706.00
  📡 RSI: 51.0 | MACD: 1.42 | ATR: 3.39
  📊 Filled: 0 | Pending: 0
  💰 Daily P&L: $+0.00

[2026-08-20 09:54] O:7708.75 H:7709.00 L:7704.75 C:7705.25 V:2138.0
  📈 Trend: strong_bullish | 🌍 Regime: trending_bullish
  🗺️  Grid: 0.080% | 🔺 7710.75 🔻 7707.75
  📡 RSI: 46.3 | MACD: 1.13 | ATR: 3.45
  📊 Filled: 0 | Pending: 0
  💰 Daily P&L: $+0.00

[2026-08-20 09:55] O:7705.50 H:7707.75 L:7705.25 C:7707.50 V:1969.0
  📈 Trend: strong_bullish | 🌍 Regime: trending_bullish
  🗺️  Grid: 0.080% | 🔺 7709.00 🔻 7704.75
  📡 RSI: 56.7 | MACD: 1.07 | ATR: 3.34
  📊 Filled: 0 | Pending: 0
  💰 Daily P&L: $+0.00

[2026-08-20 09:56] O:7707.50 H:7707.50 L:7703.75 C:7705.75 V:2627.0
  📈 Trend: strong_bullish | 🌍 Regime: trending_bullish
  🗺️  Grid: 0.080% | 🔺 7707.75 🔻 7705.25
  📡 RSI: 42.9 | MACD: 0.87 | ATR: 3.21
  📊 Filled: 0 | Pending: 0
  💰 Daily P&L: $+0.00

[2026-08-20 09:57] O:7705.50 H:7707.00 L:7703.00 C:7706.50 V:4475.0
  📈 Trend: strong_bullish | 🌍 Regime: trending_bullish
  🗺️  Grid: 0.080% | 🔺 7707.50 🔻 7703.75
  📡 RSI: 43.5 | MACD: 0.77 | ATR: 3.36
  📊 Filled: 0 | Pending: 0
  💰 Daily P&L: $+0.00

[2026-08-20 09:58] O:7706.25 H:7706.50 L:7703.75 C:7706.50 V:2069.0
  📈 Trend: strong_bullish (raw: moderate_bullish) | 🌍 Regime: trending_bullish
  🗺️  Grid: 0.080% | 🔺 7707.00 🔻 7703.00
  📡 RSI: 42.2 | MACD: 0.68 | ATR: 3.43
  📊 Filled: 0 | Pending: 0
  💰 Daily P&L: $+0.00

[2026-08-20 09:59] O:7706.50 H:7710.75 L:7706.50 C:7710.00 V:2329.0
  📈 Trend: strong_bullish | 🌍 Regime: trending_bullish
  🗺️  Grid: 0.080% | 🔺 7706.50 🔻 7703.75
  📡 RSI: 47.5 | MACD: 0.88 | ATR: 3.50
  📊 Filled: 0 | Pending: 0
  💰 Daily P&L: $+0.00

[2026-08-20 10:00] O:7709.75 H:7711.25 L:7709.25 C:7711.00 V:2766.0
  📈 Trend: strong_bullish | 🌍 Regime: ranging
  🗺️  Grid: 0.080% | 🔺 7710.75 🔻 7706.50
  📡 RSI: 45.8 | MACD: 1.10 | ATR: 3.36
  📊 Filled: 0 | Pending: 0
  🔲 Regime: RANGING | Range pos: 79% | RSI: 45.8
  💰 Daily P&L: $+0.00

[2026-08-20 10:01] O:7711.00 H:7718.50 L:7710.50 C:7716.75 V:9997.0
  📈 Trend: strong_bullish | 🌍 Regime: trending_bullish
  🗺️  Grid: 0.080% | 🔺 7711.25 🔻 7709.25
  📡 RSI: 67.7 | MACD: 1.72 | ATR: 3.54
  📊 Filled: 0 | Pending: 0
  💰 Daily P&L: $+0.00

[2026-08-20 10:02] O:7716.75 H:7719.50 L:7715.25 C:7716.00 V:8425.0
  📈 Trend: strong_bullish | 🌍 Regime: trending_bullish
  🗺️  Grid: 0.080% | 🔺 7718.50 🔻 7710.50
  📡 RSI: 70.5 | MACD: 2.13 | ATR: 3.59
  📊 Filled: 0 | Pending: 0
  💰 Daily P&L: $+0.00

[2026-08-20 10:03] O:7716.00 H:7720.00 L:7713.75 C:7719.75 V:4756.0
  📈 Trend: strong_bullish | 🌍 Regime: trending_bullish
  🗺️  Grid: 0.080% | 🔺 7719.50 🔻 7715.25
  📡 RSI: 76.6 | MACD: 2.73 | ATR: 3.80
  📊 Filled: 0 | Pending: 0
  💰 Daily P&L: $+0.00

[2026-08-20 10:04] O:7719.50 H:7720.00 L:7716.50 C:7717.25 V:3996.0
  📈 Trend: strong_bullish | 🌍 Regime: trending_bullish
  🗺️  Grid: 0.080% | 🔺 7720.00 🔻 7713.75
  📡 RSI: 70.1 | MACD: 2.96 | ATR: 3.88
  📊 Filled: 0 | Pending: 0
  💰 Daily P&L: $+0.00

[2026-08-20 10:05] O:7717.25 H:7717.25 L:7710.50 C:7710.50 V:5702.0
  📈 Trend: strong_bullish | 🌍 Regime: trending_bullish
  🗺️  Grid: 0.080% | 🔺 7720.00 🔻 7716.50
  📡 RSI: 54.7 | MACD: 2.58 | ATR: 4.16
  📊 Filled: 0 | Pending: 0
  💰 Daily P&L: $+0.00

[2026-08-20 10:06] O:7710.50 H:7711.50 L:7708.50 C:7709.25 V:4548.0
  📈 Trend: strong_bullish | 🌍 Regime: trending_bullish
  🗺️  Grid: 0.080% | 🔺 7717.25 🔻 7710.50
  📡 RSI: 50.4 | MACD: 2.14 | ATR: 4.16
  📊 Filled: 0 | Pending: 0
  💰 Daily P&L: $+0.00

[2026-08-20 10:07] O:7709.25 H:7711.00 L:7707.75 C:7708.00 V:3434.0
  📈 Trend: strong_bullish | 🌍 Regime: trending_bullish
  🗺️  Grid: 0.080% | 🔺 7711.50 🔻 7708.50
  📡 RSI: 49.3 | MACD: 1.68 | ATR: 4.18
  📊 Filled: 0 | Pending: 0
  💰 Daily P&L: $+0.00

[2026-08-20 10:08] O:7708.25 H:7710.00 L:7702.50 C:7704.25 V:5198.0
  📈 Trend: strong_bullish (raw: moderate_bullish) | 🌍 Regime: trending_bullish
  🗺️  Grid: 0.080% | 🔺 7711.00 🔻 7707.75
  📡 RSI: 48.6 | MACD: 1.00 | ATR: 4.41
  📊 Filled: 0 | Pending: 0
  💰 Daily P&L: $+0.00

[2026-08-20 10:09] O:7704.25 H:7704.75 L:7701.75 C:7703.75 V:4477.0
  📈 Trend: moderate_bullish | 🌍 Regime: trending_bullish
  🗺️  Grid: 0.080% | 🔺 7710.00 🔻 7702.50
  📡 RSI: 44.4 | MACD: 0.42 | ATR: 4.45
  📊 Filled: 0 | Pending: 0
  💰 Daily P&L: $+0.00

[2026-08-20 10:10] O:7703.75 H:7705.25 L:7700.75 C:7701.25 V:5202.0
  📈 Trend: moderate_bullish | 🌍 Regime: trending_bullish
  🗺️  Grid: 0.080% | 🔺 7704.75 🔻 7701.75
  📡 RSI: 43.4 | MACD: -0.25 | ATR: 4.50
  📊 Filled: 0 | Pending: 0
  💰 Daily P&L: $+0.00

[2026-08-20 10:11] O:7701.25 H:7702.50 L:7698.50 C:7701.75 V:4421.0
  📈 Trend: moderate_bullish | 🌍 Regime: trending_bullish
  🗺️  Grid: 0.080% | 🔺 7705.25 🔻 7700.75
  📡 RSI: 43.0 | MACD: -0.72 | ATR: 4.50
  📊 Filled: 0 | Pending: 0
  💰 Daily P&L: $+0.00

[2026-08-20 10:12] O:7701.75 H:7703.50 L:7699.50 C:7703.50 V:4290.0
  📈 Trend: moderate_bullish | 🌍 Regime: trending_bullish
  🗺️  Grid: 0.080% | 🔺 7702.50 🔻 7698.50
  📡 RSI: 45.8 | MACD: -0.95 | ATR: 4.59
  📊 Filled: 0 | Pending: 0
  💰 Daily P&L: $+0.00

[2026-08-20 10:13] O:7703.50 H:7707.75 L:7702.50 C:7707.75 V:4390.0
  📈 Trend: moderate_bullish (raw: strong_bullish) | 🌍 Regime: ranging
  🗺️  Grid: 0.080% | 🔺 7703.50 🔻 7699.50
  📡 RSI: 46.9 | MACD: -0.78 | ATR: 4.66
  📊 Filled: 0 | Pending: 0
  🔲 Regime: RANGING | Range pos: 57% | RSI: 46.9
  💰 Daily P&L: $+0.00

[2026-08-20 10:14] O:7707.50 H:7708.25 L:7704.75 C:7706.00 V:3762.0
  📈 Trend: moderate_bullish | 🌍 Regime: ranging
  🗺️  Grid: 0.080% | 🔺 7707.75 🔻 7702.50
  📡 RSI: 43.2 | MACD: -0.77 | ATR: 4.77
  📊 Filled: 0 | Pending: 0
  🔲 Regime: RANGING | Range pos: 50% | RSI: 43.2
  💰 Daily P&L: $+0.00

[2026-08-20 10:15] O:7706.00 H:7706.00 L:7703.25 C:7704.75 V:2833.0
  📈 Trend: moderate_bullish | 🌍 Regime: ranging
  🗺️  Grid: 0.080% | 🔺 7708.25 🔻 7704.75
  📡 RSI: 31.5 | MACD: -0.86 | ATR: 4.39
  📊 Filled: 0 | Pending: 0
  🔲 Regime: RANGING | Range pos: 46% | RSI: 31.5
  💰 Daily P&L: $+0.00

[2026-08-20 10:16] O:7704.75 H:7705.25 L:7702.00 C:7703.75 V:2178.0
  📈 Trend: moderate_bullish | 🌍 Regime: ranging
  🗺️  Grid: 0.080% | 🔺 7706.00 🔻 7703.25
  📡 RSI: 31.3 | MACD: -1.00 | ATR: 4.32
  📊 Filled: 0 | Pending: 0
  🔲 Regime: RANGING | Range pos: 42% | RSI: 31.3
  💰 Daily P&L: $+0.00

[2026-08-20 10:17] O:7704.00 H:7706.75 L:7702.75 C:7705.50 V:2265.0
  📈 Trend: moderate_bullish | 🌍 Regime: ranging
  🗺️  Grid: 0.080% | 🔺 7705.25 🔻 7702.00
  📡 RSI: 26.8 | MACD: -0.95 | ATR: 4.16
  📊 Filled: 0 | Pending: 0
  🔲 Regime: RANGING | Range pos: 49% | RSI: 26.8
  💰 Daily P&L: $+0.00

[2026-08-20 10:18] O:7705.75 H:7708.00 L:7704.25 C:7708.00 V:1921.0
  📈 Trend: moderate_bullish | 🌍 Regime: trending_bullish
  🗺️  Grid: 0.080% | 🔺 7706.75 🔻 7702.75
  📡 RSI: 35.0 | MACD: -0.71 | ATR: 4.18
  📊 Filled: 0 | Pending: 0
  📤 Limit BUY 10 @ 7708.00 submitted (ID: 689)
  ⬆️ LONG ORDER @ 7708.00 | Size: 1.00 | SL: 7699.75 | TP: 7720.50 [10cts]
     Reason: Grid Long (moderate_bullish, RSI: 35.0)
  🔬 SHADOW [long trending]: 🟩 ROBUST WOULD ALLOW
       MACD=PASS (-0.71 vs -0.95, Δ+0.24) | 5m=PASS (1m=moderate_bullish, 5m=sideways)
     ⏳ Order 689 PENDING - awaiting fill confirmation
  💰 Daily P&L: $+0.00
  📋 Order 689 status: PreSubmitted
  ✅ Fill: BOT 10.0 @ 7707.75
  📋 Order 689 status: Filled
  📤 Stop-Limit SELL 10 @ stop:7699.50 / lmt:7695.50 submitted (ID: 690) [OCA:exit_689_1787239206]
  📤 Limit SELL 10 @ 7720.25 submitted (ID: 691) [OCA:exit_689_1787239206]
  📋 Order 690 status: PreSubmitted
  📋 Order 691 status: PreSubmitted
  ✅ FILL CONFIRMED: LONG @ 7707.75 (order 689)
     📊 Bracket placed: SL #690 @ 7699.50 | TP #691 @ 7720.25
     Trail activates @ +7.5 pts

[2026-08-20 10:19] O:7707.75 H:7709.00 L:7705.50 C:7705.50 V:2296.0
  📈 Trend: moderate_bullish | 🌍 Regime: trending_bullish
  🗺️  Grid: 0.080% | 🔺 7708.00 🔻 7704.25
  📡 RSI: 40.6 | MACD: -0.71 | ATR: 3.95
  📊 Filled: 1 | Pending: 0
  📍 LONG @ 7707.75 | SL: 7699.50 | TP: 7720.25 | P&L: $-1,125.00 | +7.5 to trail
  💰 Daily P&L: $+0.00
  📋 Order 691 status: Submitted

[2026-08-20 10:20] O:7705.50 H:7706.00 L:7702.25 C:7703.25 V:2804.0
  📈 Trend: moderate_bullish | 🌍 Regime: trending_bullish
  🗺️  Grid: 0.080% | 🔺 7709.00 🔻 7705.50
  📡 RSI: 39.1 | MACD: -0.88 | ATR: 4.00
  📊 Filled: 1 | Pending: 0
  📍 LONG @ 7707.75 | SL: 7699.50 | TP: 7720.25 | P&L: $-2,250.00 | +6.2 to trail
  💰 Daily P&L: $+0.00

[2026-08-20 10:21] O:7703.00 H:7703.50 L:7700.25 C:7700.75 V:2764.0
  📈 Trend: moderate_bullish (raw: strong_bearish) | 🌍 Regime: ranging
  🗺️  Grid: 0.080% | 🔺 7706.00 🔻 7702.25
  📡 RSI: 37.4 | MACD: -1.21 | ATR: 4.00
  📊 Filled: 1 | Pending: 0
  📍 LONG @ 7707.75 | SL: 7699.50 | TP: 7720.25 | P&L: $-3,500.00 | +6.2 to trail
  💰 Daily P&L: $+0.00
  📋 Order 691 status: PreSubmitted
  📋 Order 691 status: PendingCancel
  ✅ Fill: SLD 10.0 @ 7699.25
  📋 Order 690 status: Filled
  📋 Order 691 status: PendingCancel
  🛡️ OCA backup: cancelling sibling order 691 immediately after 690 filled
  📋 Order 691 status: Cancelled

[2026-08-20 10:22] O:7700.75 H:7701.75 L:7698.75 C:7699.75 V:3481.0
  📈 Trend: strong_bearish | 🌍 Regime: ranging
  🗺️  Grid: 0.080% | 🔺 7703.50 🔻 7700.25
  📡 RSI: 41.3 | MACD: -1.53 | ATR: 3.68
  📊 Filled: 1 | Pending: 0
  📍 LONG @ 7707.75 | SL: 7699.50 | TP: 7720.25 | P&L: $-4,000.00 | +6.2 to trail
  ❌ EXIT LONG @ 7699.25 | Stop Loss
     P&L: -8.50 pts ($-4,250.00) | Daily: $-4,250.00
  ⏸️ Cooldown: 2 bar(s) remaining after exit
  💰 Daily P&L: $-4,250.00

[2026-08-20 10:23] O:7699.75 H:7700.25 L:7698.50 C:7698.50 V:2687.0
  📈 Trend: strong_bearish | 🌍 Regime: ranging
  🗺️  Grid: 0.080% | 🔺 7701.75 🔻 7698.75
  📡 RSI: 40.2 | MACD: -1.86 | ATR: 3.59
  📊 Filled: 0 | Pending: 0
  ⏸️ Cooldown: 1 bar(s) remaining after exit
  💰 Daily P&L: $-4,250.00

[2026-08-20 10:24] O:7698.75 H:7702.25 L:7697.75 C:7701.00 V:4120.0
  📈 Trend: strong_bearish | 🌍 Regime: ranging
  🗺️  Grid: 0.080% | 🔺 7700.25 🔻 7698.50
  📡 RSI: 49.5 | MACD: -1.90 | ATR: 3.59
  📊 Filled: 0 | Pending: 0
  🔲 Regime: RANGING | Range pos: 33% | RSI: 49.5
  💰 Daily P&L: $-4,250.00

[2026-08-20 10:25] O:7701.00 H:7701.50 L:7698.00 C:7699.25 V:3821.0
  📈 Trend: strong_bearish | 🌍 Regime: ranging
  🗺️  Grid: 0.080% | 🔺 7702.25 🔻 7697.75
  📡 RSI: 45.5 | MACD: -2.05 | ATR: 3.55
  📊 Filled: 0 | Pending: 0
  🔲 Regime: RANGING | Range pos: 27% | RSI: 45.5
  💰 Daily P&L: $-4,250.00

[2026-08-20 10:26] O:7699.50 H:7701.50 L:7698.75 C:7700.75 V:2957.0
  📈 Trend: strong_bearish | 🌍 Regime: ranging
  🗺️  Grid: 0.080% | 🔺 7701.50 🔻 7698.00
  📡 RSI: 45.0 | MACD: -2.02 | ATR: 3.46
  📊 Filled: 0 | Pending: 0
  🔲 Regime: RANGING | Range pos: 32% | RSI: 45.0
  💰 Daily P&L: $-4,250.00

[2026-08-20 10:27] O:7700.75 H:7703.75 L:7700.25 C:7703.25 V:2856.0
  📈 Trend: strong_bearish | 🌍 Regime: ranging
  🗺️  Grid: 0.080% | 🔺 7701.50 🔻 7698.75
  📡 RSI: 41.3 | MACD: -1.78 | ATR: 3.34
  📊 Filled: 0 | Pending: 0
  🔲 Regime: RANGING | Range pos: 41% | RSI: 41.3
  💰 Daily P&L: $-4,250.00

[2026-08-20 10:28] O:7703.50 H:7705.50 L:7702.50 C:7703.00 V:2642.0
  📈 Trend: strong_bearish | 🌍 Regime: ranging
  🗺️  Grid: 0.080% | 🔺 7703.75 🔻 7700.25
  📡 RSI: 43.9 | MACD: -1.59 | ATR: 3.30
  📊 Filled: 0 | Pending: 0
  🔲 Regime: RANGING | Range pos: 40% | RSI: 43.9
  💰 Daily P&L: $-4,250.00

[2026-08-20 10:29] O:7703.25 H:7706.25 L:7703.00 C:7705.50 V:3239.0
  📈 Trend: strong_bearish (raw: moderate_bullish) | 🌍 Regime: ranging
  🗺️  Grid: 0.080% | 🔺 7705.50 🔻 7702.50
  📡 RSI: 51.5 | MACD: -1.22 | ATR: 3.34
  📊 Filled: 0 | Pending: 0
  🔲 Regime: RANGING | Range pos: 49% | RSI: 51.5
  💰 Daily P&L: $-4,250.00

[2026-08-20 10:30] O:7705.50 H:7707.00 L:7703.75 C:7705.50 V:3142.0
  📈 Trend: moderate_bullish | 🌍 Regime: ranging
  🗺️  Grid: 0.080% | 🔺 7706.25 🔻 7703.00
  📡 RSI: 53.5 | MACD: -0.92 | ATR: 3.34
  📊 Filled: 0 | Pending: 0
  🔲 Regime: RANGING | Range pos: 49% | RSI: 53.5
  💰 Daily P&L: $-4,250.00

[2026-08-20 10:31] O:7705.50 H:7706.25 L:7702.50 C:7703.25 V:2288.0
  📈 Trend: moderate_bullish (raw: moderate_bearish) | 🌍 Regime: ranging
  🗺️  Grid: 0.080% | 🔺 7707.00 🔻 7703.75
  📡 RSI: 45.5 | MACD: -0.85 | ATR: 3.32
  📊 Filled: 0 | Pending: 0
  🔲 Regime: RANGING | Range pos: 41% | RSI: 45.5
  💰 Daily P&L: $-4,250.00

[2026-08-20 10:32] O:7703.25 H:7704.25 L:7701.00 C:7704.00 V:2850.0
  📈 Trend: moderate_bearish | 🌍 Regime: ranging
  🗺️  Grid: 0.080% | 🔺 7706.25 🔻 7702.50
  📡 RSI: 41.5 | MACD: -0.73 | ATR: 3.29
  📊 Filled: 0 | Pending: 0
  🔲 Regime: RANGING | Range pos: 43% | RSI: 41.5
  💰 Daily P&L: $-4,250.00

[2026-08-20 10:33] O:7704.00 H:7704.00 L:7697.00 C:7698.25 V:2844.0
  📈 Trend: moderate_bearish | 🌍 Regime: trending_bearish
  🗺️  Grid: 0.080% | 🔺 7704.25 🔻 7701.00
  📡 RSI: 36.4 | MACD: -1.09 | ATR: 3.54
  📊 Filled: 0 | Pending: 0
  💰 Daily P&L: $-4,250.00

[2026-08-20 10:34] O:7698.25 H:7699.00 L:7695.75 C:7697.75 V:3833.0
  📈 Trend: moderate_bearish (raw: strong_bearish) | 🌍 Regime: ranging
  🗺️  Grid: 0.080% | 🔺 7704.00 🔻 7697.00
  📡 RSI: 39.0 | MACD: -1.39 | ATR: 3.50
  📊 Filled: 0 | Pending: 0
  🔲 Regime: RANGING | Range pos: 21% | RSI: 39.0
  💰 Daily P&L: $-4,250.00

[2026-08-20 10:35] O:7697.75 H:7698.75 L:7695.75 C:7695.75 V:2536.0
  📈 Trend: strong_bearish | 🌍 Regime: ranging
  🗺️  Grid: 0.080% | 🔺 7699.00 🔻 7695.75
  📡 RSI: 39.8 | MACD: -1.77 | ATR: 3.48
  📊 Filled: 0 | Pending: 0
  🔲 Regime: RANGING | Range pos: 14% | RSI: 39.8
  💰 Daily P&L: $-4,250.00

[2026-08-20 10:36] O:7695.75 H:7696.75 L:7694.75 C:7696.50 V:2650.0
  📈 Trend: strong_bearish | 🌍 Regime: ranging
  🗺️  Grid: 0.080% | 🔺 7698.75 🔻 7695.75
  📡 RSI: 43.3 | MACD: -1.99 | ATR: 3.41
  📊 Filled: 0 | Pending: 0
  🔲 Regime: RANGING | Range pos: 17% | RSI: 43.3
  💰 Daily P&L: $-4,250.00

[2026-08-20 10:37] O:7696.75 H:7699.50 L:7696.25 C:7697.75 V:3424.0
  📈 Trend: strong_bearish | 🌍 Regime: ranging
  🗺️  Grid: 0.080% | 🔺 7696.75 🔻 7694.75
  📡 RSI: 48.5 | MACD: -2.04 | ATR: 3.52
  📊 Filled: 0 | Pending: 0
  🔲 Regime: RANGING | Range pos: 21% | RSI: 48.5
  💰 Daily P&L: $-4,250.00

[2026-08-20 10:38] O:7697.50 H:7698.25 L:7693.75 C:7694.00 V:3145.0
  📈 Trend: strong_bearish | 🌍 Regime: ranging
  🗺️  Grid: 0.080% | 🔺 7699.50 🔻 7696.25
  📡 RSI: 36.3 | MACD: -2.36 | ATR: 3.52
  📊 Filled: 0 | Pending: 0
  🔲 Regime: RANGING | Range pos: 8% | RSI: 36.3
  💰 Daily P&L: $-4,250.00

[2026-08-20 10:39] O:7694.25 H:7694.75 L:7693.50 C:7693.75 V:1973.0
  📈 Trend: strong_bearish | 🌍 Regime: ranging
  🗺️  Grid: 0.080% | 🔺 7698.25 🔻 7693.75
  📡 RSI: 38.5 | MACD: -2.60 | ATR: 3.36
  📊 Filled: 0 | Pending: 0
  🔲 Regime: RANGING | Range pos: 7% | RSI: 38.5
  💰 Daily P&L: $-4,250.00

[2026-08-20 10:40] O:7693.50 H:7694.75 L:7692.75 C:7693.75 V:2757.0
  📈 Trend: strong_bearish | 🌍 Regime: ranging
  🗺️  Grid: 0.080% | 🔺 7694.75 🔻 7693.50
  📡 RSI: 34.4 | MACD: -2.76 | ATR: 3.30
  📊 Filled: 0 | Pending: 0
  🔲 Regime: RANGING | Range pos: 7% | RSI: 34.4
  📤 Limit BUY 10 @ 7693.75 submitted (ID: 692)
  📋 Order 692 status: PreSubmitted
  ✅ Fill: BOT 2.0 @ 7693.5
  📋 Order 692 status: PreSubmitted
  📋 Order 692 status: Submitted
  ⬆️ LONG ORDER @ 7693.75 | Size: 1.00 | SL: 7687.25 | TP: 7703.75 [10cts]
     Reason: Grid Long (sideways, RSI: 34.4)
  🔬 SHADOW [long ranging]: 🟥 ROBUST WOULD BLOCK (1 filter)
       MACD=BLOCK (-2.76 vs -2.60, Δ-0.16) | 5m=N/A (ranging)
     ⏳ Order 692 PENDING - awaiting fill confirmation
  💰 Daily P&L: $-4,250.00
  ✅ Fill: BOT 8.0 @ 7693.75
  📋 Order 692 status: Filled
  📤 Stop-Limit SELL 10 @ stop:7685.75 / lmt:7681.75 submitted (ID: 693) [OCA:exit_692_1787240526]
  📋 Order 693 status: PreSubmitted
  📤 Limit SELL 10 @ 7703.75 submitted (ID: 694) [OCA:exit_692_1787240526]
  📋 Order 694 status: PreSubmitted
  ✅ FILL CONFIRMED: LONG @ 7693.75 (order 692)
     📊 Bracket placed: SL #693 @ 7685.75 | TP #694 @ 7703.75
     Trail activates @ +7.5 pts

[2026-08-20 10:41] O:7693.75 H:7695.25 L:7693.00 C:7694.00 V:2965.0
  📈 Trend: strong_bearish | 🌍 Regime: ranging
  🗺️  Grid: 0.080% | 🔺 7694.75 🔻 7692.75
  📡 RSI: 27.2 | MACD: -2.83 | ATR: 3.21
  📊 Filled: 1 | Pending: 0
  📍 LONG @ 7693.75 | SL: 7685.75 | TP: 7703.75 | P&L: $+125.00 | +7.5 to trail
  💰 Daily P&L: $-4,250.00
  📋 Order 694 status: Submitted

[2026-08-20 10:42] O:7694.00 H:7696.50 L:7694.00 C:7695.00 V:2559.0
  📈 Trend: strong_bearish | 🌍 Regime: ranging
  🗺️  Grid: 0.080% | 🔺 7695.25 🔻 7693.00
  📡 RSI: 31.0 | MACD: -2.77 | ATR: 3.18
  📊 Filled: 1 | Pending: 0
  📍 LONG @ 7693.75 | SL: 7685.75 | TP: 7703.75 | P&L: $+625.00 | +6.0 to trail
  💰 Daily P&L: $-4,250.00

[2026-08-20 10:43] O:7695.00 H:7695.25 L:7692.25 C:7693.25 V:2453.0
  📈 Trend: strong_bearish | 🌍 Regime: ranging
  🗺️  Grid: 0.080% | 🔺 7696.50 🔻 7694.00
  📡 RSI: 19.8 | MACD: -2.84 | ATR: 3.16
  📊 Filled: 1 | Pending: 0
  📍 LONG @ 7693.75 | SL: 7685.75 | TP: 7703.75 | P&L: $-250.00 | +4.8 to trail
  💰 Daily P&L: $-4,250.00

[2026-08-20 10:44] O:7693.00 H:7693.50 L:7691.25 C:7691.50 V:2160.0
  📈 Trend: strong_bearish | 🌍 Regime: ranging
  🗺️  Grid: 0.080% | 🔺 7695.25 🔻 7692.25
  📡 RSI: 18.2 | MACD: -3.00 | ATR: 3.09
  📊 Filled: 1 | Pending: 0
  📍 LONG @ 7693.75 | SL: 7685.75 | TP: 7703.75 | P&L: $-1,125.00 | +4.8 to trail
  💰 Daily P&L: $-4,250.00

[2026-08-20 10:45] O:7691.75 H:7692.75 L:7691.25 C:7692.50 V:3083.0
  📈 Trend: strong_bearish | 🌍 Regime: ranging
  🗺️  Grid: 0.080% | 🔺 7693.50 🔻 7691.25
  📡 RSI: 24.1 | MACD: -3.01 | ATR: 2.93
  📊 Filled: 1 | Pending: 0
  📍 LONG @ 7693.75 | SL: 7685.75 | TP: 7703.75 | P&L: $-625.00 | +4.8 to trail
  💰 Daily P&L: $-4,250.00

[2026-08-20 10:46] O:7692.75 H:7692.75 L:7690.50 C:7691.50 V:2674.0
  📈 Trend: strong_bearish | 🌍 Regime: ranging
  🗺️  Grid: 0.080% | 🔺 7692.75 🔻 7691.25
  📡 RSI: 20.2 | MACD: -3.06 | ATR: 2.86
  📊 Filled: 1 | Pending: 0
  📍 LONG @ 7693.75 | SL: 7685.75 | TP: 7703.75 | P&L: $-1,125.00 | +4.8 to trail
  💰 Daily P&L: $-4,250.00

[2026-08-20 10:47] O:7691.25 H:7694.25 L:7690.50 C:7694.25 V:2880.0
  📈 Trend: strong_bearish | 🌍 Regime: ranging
  🗺️  Grid: 0.080% | 🔺 7692.75 🔻 7690.50
  📡 RSI: 38.9 | MACD: -2.85 | ATR: 2.62
  📊 Filled: 1 | Pending: 0
  📍 LONG @ 7693.75 | SL: 7685.75 | TP: 7703.75 | P&L: $+250.00 | +4.8 to trail
  💰 Daily P&L: $-4,250.00

[2026-08-20 10:48] O:7694.00 H:7695.25 L:7693.50 C:7694.50 V:1906.0
  📈 Trend: strong_bearish (raw: moderate_bearish) | 🌍 Regime: ranging
  🗺️  Grid: 0.080% | 🔺 7694.25 🔻 7690.50
  📡 RSI: 40.8 | MACD: -2.63 | ATR: 2.52
  📊 Filled: 1 | Pending: 0
  📍 LONG @ 7693.75 | SL: 7685.75 | TP: 7703.75 | P&L: $+375.00 | +4.8 to trail
  💰 Daily P&L: $-4,250.00

[2026-08-20 10:49] O:7694.75 H:7695.50 L:7693.50 C:7693.50 V:2378.0
  📈 Trend: moderate_bearish | 🌍 Regime: ranging
  🗺️  Grid: 0.080% | 🔺 7695.25 🔻 7693.50
  📡 RSI: 43.3 | MACD: -2.51 | ATR: 2.45
  📊 Filled: 1 | Pending: 0
  📍 LONG @ 7693.75 | SL: 7685.75 | TP: 7703.75 | P&L: $-125.00 | +4.8 to trail
  💰 Daily P&L: $-4,250.00

[2026-08-20 10:50] O:7693.50 H:7694.75 L:7692.50 C:7694.00 V:2130.0
  📈 Trend: moderate_bearish | 🌍 Regime: ranging
  🗺️  Grid: 0.080% | 🔺 7695.50 🔻 7693.50
  📡 RSI: 42.4 | MACD: -2.34 | ATR: 2.46
  📊 Filled: 1 | Pending: 0
  📍 LONG @ 7693.75 | SL: 7685.75 | TP: 7703.75 | P&L: $+125.00 | +4.8 to trail
  💰 Daily P&L: $-4,250.00

[2026-08-20 10:51] O:7693.75 H:7697.25 L:7693.25 C:7697.25 V:2477.0
  📈 Trend: moderate_bearish | 🌍 Regime: ranging
  🗺️  Grid: 0.080% | 🔺 7694.75 🔻 7692.50
  📡 RSI: 48.6 | MACD: -1.93 | ATR: 2.52
  📊 Filled: 1 | Pending: 0
  📍 LONG @ 7693.75 | SL: 7685.75 | TP: 7703.75 | P&L: $+1,750.00 | +4.8 to trail
  💰 Daily P&L: $-4,250.00

[2026-08-20 10:52] O:7697.25 H:7698.50 L:7695.75 C:7696.25 V:3680.0
  📈 Trend: moderate_bearish (raw: strong_bearish) | 🌍 Regime: ranging
  🗺️  Grid: 0.080% | 🔺 7697.25 🔻 7693.25
  📡 RSI: 57.1 | MACD: -1.66 | ATR: 2.39
  📊 Filled: 1 | Pending: 0
  📍 LONG @ 7693.75 | SL: 7685.75 | TP: 7703.75 | P&L: $+1,250.00 | +4.0 to trail
  💰 Daily P&L: $-4,250.00

[2026-08-20 10:53] O:7696.00 H:7696.75 L:7695.25 C:7695.50 V:1606.0
  📈 Trend: strong_bearish | 🌍 Regime: ranging
  🗺️  Grid: 0.080% | 🔺 7698.50 🔻 7695.75
  📡 RSI: 55.4 | MACD: -1.49 | ATR: 2.41
  📊 Filled: 1 | Pending: 0
  📍 LONG @ 7693.75 | SL: 7685.75 | TP: 7703.75 | P&L: $+875.00 | +2.8 to trail
  💰 Daily P&L: $-4,250.00

[2026-08-20 10:54] O:7695.50 H:7697.00 L:7695.25 C:7696.75 V:1320.0
  📈 Trend: strong_bearish (raw: moderate_bearish) | 🌍 Regime: ranging
  🗺️  Grid: 0.080% | 🔺 7696.75 🔻 7695.25
  📡 RSI: 58.6 | MACD: -1.25 | ATR: 2.39
  📊 Filled: 1 | Pending: 0
  📍 LONG @ 7693.75 | SL: 7685.75 | TP: 7703.75 | P&L: $+1,500.00 | +2.8 to trail
  💰 Daily P&L: $-4,250.00

[2026-08-20 10:55] O:7696.75 H:7698.00 L:7695.25 C:7697.25 V:1371.0
  📈 Trend: moderate_bearish | 🌍 Regime: ranging
  🗺️  Grid: 0.080% | 🔺 7697.00 🔻 7695.25
  📡 RSI: 59.2 | MACD: -1.00 | ATR: 2.43
  📊 Filled: 1 | Pending: 0
  📍 LONG @ 7693.75 | SL: 7685.75 | TP: 7703.75 | P&L: $+1,750.00 | +2.8 to trail
  💰 Daily P&L: $-4,250.00

[2026-08-20 10:56] O:7697.50 H:7697.50 L:7695.75 C:7696.50 V:1467.0
  📈 Trend: moderate_bearish (raw: strong_bearish) | 🌍 Regime: ranging
  🗺️  Grid: 0.080% | 🔺 7698.00 🔻 7695.25
  📡 RSI: 54.3 | MACD: -0.85 | ATR: 2.38
  📊 Filled: 1 | Pending: 0
  📍 LONG @ 7693.75 | SL: 7685.75 | TP: 7703.75 | P&L: $+1,375.00 | +2.8 to trail
  💰 Daily P&L: $-4,250.00

[2026-08-20 10:57] O:7696.50 H:7697.25 L:7695.00 C:7695.50 V:2085.0
  📈 Trend: moderate_bearish | 🌍 Regime: ranging
  🗺️  Grid: 0.080% | 🔺 7697.50 🔻 7695.75
  📡 RSI: 56.7 | MACD: -0.81 | ATR: 2.32
  📊 Filled: 1 | Pending: 0
  📍 LONG @ 7693.75 | SL: 7685.75 | TP: 7703.75 | P&L: $+875.00 | +2.8 to trail
  💰 Daily P&L: $-4,250.00

[2026-08-20 10:58] O:7695.50 H:7696.75 L:7694.25 C:7695.50 V:1891.0
  📈 Trend: moderate_bearish | 🌍 Regime: ranging
  🗺️  Grid: 0.080% | 🔺 7697.25 🔻 7695.00
  📡 RSI: 63.3 | MACD: -0.76 | ATR: 2.34
  📊 Filled: 1 | Pending: 0
  📍 LONG @ 7693.75 | SL: 7685.75 | TP: 7703.75 | P&L: $+875.00 | +2.8 to trail
  💰 Daily P&L: $-4,250.00

[2026-08-20 10:59] O:7695.25 H:7696.50 L:7694.75 C:7696.50 V:1738.0
  📈 Trend: moderate_bearish | 🌍 Regime: ranging
  🗺️  Grid: 0.080% | 🔺 7696.75 🔻 7694.25
  📡 RSI: 63.3 | MACD: -0.64 | ATR: 2.36
  📊 Filled: 1 | Pending: 0
  📍 LONG @ 7693.75 | SL: 7685.75 | TP: 7703.75 | P&L: $+1,375.00 | +2.8 to trail
  💰 Daily P&L: $-4,250.00

[2026-08-20 11:00] O:7696.50 H:7697.25 L:7693.00 C:7695.00 V:3067.0
  📈 Trend: moderate_bearish | 🌍 Regime: ranging
  🗺️  Grid: 0.080% | 🔺 7696.50 🔻 7694.75
  📡 RSI: 61.3 | MACD: -0.65 | ATR: 2.50
  📊 Filled: 1 | Pending: 0
  📍 LONG @ 7693.75 | SL: 7685.75 | TP: 7703.75 | P&L: $+625.00 | +2.8 to trail
  💰 Daily P&L: $-4,250.00

[2026-08-20 11:01] O:7695.25 H:7695.50 L:7693.00 C:7693.50 V:1534.0
  📈 Trend: moderate_bearish (raw: strong_bearish) | 🌍 Regime: ranging
  🗺️  Grid: 0.080% | 🔺 7697.25 🔻 7693.00
  📡 RSI: 47.4 | MACD: -0.78 | ATR: 2.41
  📊 Filled: 1 | Pending: 0
  📍 LONG @ 7693.75 | SL: 7685.75 | TP: 7703.75 | P&L: $-125.00 | +2.8 to trail
  💰 Daily P&L: $-4,250.00

[2026-08-20 11:02] O:7693.50 H:7698.50 L:7693.25 C:7698.25 V:2005.0
  📈 Trend: moderate_bearish | 🌍 Regime: ranging
  🗺️  Grid: 0.080% | 🔺 7695.50 🔻 7693.00
  📡 RSI: 60.0 | MACD: -0.49 | ATR: 2.66
  📊 Filled: 1 | Pending: 0
  📍 LONG @ 7693.75 | SL: 7685.75 | TP: 7703.75 | P&L: $+2,250.00 | +2.8 to trail
  💰 Daily P&L: $-4,250.00

[2026-08-20 11:03] O:7698.00 H:7699.00 L:7696.50 C:7696.50 V:1850.0
  📈 Trend: moderate_bearish | 🌍 Regime: ranging
  🗺️  Grid: 0.080% | 🔺 7698.50 🔻 7693.25
  📡 RSI: 57.7 | MACD: -0.40 | ATR: 2.70
  📊 Filled: 1 | Pending: 0
  📍 LONG @ 7693.75 | SL: 7685.75 | TP: 7703.75 | P&L: $+1,375.00 | +2.8 to trail
  💰 Daily P&L: $-4,250.00

[2026-08-20 11:04] O:7696.50 H:7697.75 L:7693.50 C:7693.75 V:1793.0
  📈 Trend: moderate_bearish | 🌍 Regime: ranging
  🗺️  Grid: 0.080% | 🔺 7699.00 🔻 7696.50
  📡 RSI: 49.4 | MACD: -0.54 | ATR: 2.84
  📊 Filled: 1 | Pending: 0
  📍 LONG @ 7693.75 | SL: 7685.75 | TP: 7703.75 | P&L: $+0.00 | +2.2 to trail
  💰 Daily P&L: $-4,250.00

[2026-08-20 11:05] O:7693.75 H:7697.25 L:7693.75 C:7694.25 V:1902.0
  📈 Trend: moderate_bearish | 🌍 Regime: ranging
  🗺️  Grid: 0.080% | 🔺 7697.75 🔻 7693.50
  📡 RSI: 42.1 | MACD: -0.60 | ATR: 2.80
  📊 Filled: 1 | Pending: 0
  📍 LONG @ 7693.75 | SL: 7685.75 | TP: 7703.75 | P&L: $+250.00 | +2.2 to trail
  💰 Daily P&L: $-4,250.00

[2026-08-20 11:06] O:7694.00 H:7695.25 L:7693.75 C:7694.75 V:1832.0
  📈 Trend: moderate_bearish | 🌍 Regime: ranging
  🗺️  Grid: 0.080% | 🔺 7697.25 🔻 7693.75
  📡 RSI: 45.9 | MACD: -0.61 | ATR: 2.71
  📊 Filled: 1 | Pending: 0
  📍 LONG @ 7693.75 | SL: 7685.75 | TP: 7703.75 | P&L: $+500.00 | +2.2 to trail
  💰 Daily P&L: $-4,250.00

[2026-08-20 11:07] O:7694.75 H:7695.25 L:7693.25 C:7694.25 V:2054.0
  📈 Trend: moderate_bearish (raw: strong_bearish) | 🌍 Regime: ranging
  🗺️  Grid: 0.080% | 🔺 7695.25 🔻 7693.75
  📡 RSI: 46.6 | MACD: -0.64 | ATR: 2.75
  📊 Filled: 1 | Pending: 0
  📍 LONG @ 7693.75 | SL: 7685.75 | TP: 7703.75 | P&L: $+250.00 | +2.2 to trail
  💰 Daily P&L: $-4,250.00

[2026-08-20 11:08] O:7694.25 H:7698.00 L:7693.75 C:7697.75 V:1874.0
  📈 Trend: moderate_bearish | 🌍 Regime: ranging
  🗺️  Grid: 0.080% | 🔺 7695.25 🔻 7693.25
  📡 RSI: 52.4 | MACD: -0.39 | ATR: 2.93
  📊 Filled: 1 | Pending: 0
  📍 LONG @ 7693.75 | SL: 7685.75 | TP: 7703.75 | P&L: $+2,000.00 | +2.2 to trail
  💰 Daily P&L: $-4,250.00

[2026-08-20 11:09] O:7697.50 H:7698.25 L:7696.75 C:7698.25 V:1417.0
  📈 Trend: moderate_bearish | 🌍 Regime: ranging
  🗺️  Grid: 0.080% | 🔺 7698.00 🔻 7693.75
  📡 RSI: 52.4 | MACD: -0.14 | ATR: 2.84
  📊 Filled: 1 | Pending: 0
  📍 LONG @ 7693.75 | SL: 7685.75 | TP: 7703.75 | P&L: $+2,250.00 | +2.2 to trail
  💰 Daily P&L: $-4,250.00

[2026-08-20 11:10] O:7698.00 H:7698.50 L:7695.25 C:7697.00 V:1795.0
  📈 Trend: moderate_bearish (raw: strong_bearish) | 🌍 Regime: ranging
  🗺️  Grid: 0.080% | 🔺 7698.25 🔻 7696.75
  📡 RSI: 51.2 | MACD: -0.04 | ATR: 2.95
  📊 Filled: 1 | Pending: 0
  📍 LONG @ 7693.75 | SL: 7685.75 | TP: 7703.75 | P&L: $+1,625.00 | +2.2 to trail
  💰 Daily P&L: $-4,250.00

[2026-08-20 11:11] O:7697.00 H:7698.75 L:7696.75 C:7698.00 V:1401.0
  📈 Trend: moderate_bearish (raw: moderate_bullish) | 🌍 Regime: ranging
  🗺️  Grid: 0.080% | 🔺 7698.50 🔻 7695.25
  📡 RSI: 56.0 | MACD: 0.11 | ATR: 2.93
  📊 Filled: 1 | Pending: 0
  📍 LONG @ 7693.75 | SL: 7685.75 | TP: 7703.75 | P&L: $+2,125.00 | +2.2 to trail
  💰 Daily P&L: $-4,250.00

[2026-08-20 11:12] O:7698.00 H:7698.00 L:7695.75 C:7696.00 V:795.0
  📈 Trend: moderate_bullish | 🌍 Regime: ranging
  🗺️  Grid: 0.080% | 🔺 7698.75 🔻 7696.75
  📡 RSI: 51.1 | MACD: 0.07 | ATR: 2.91
  📊 Filled: 1 | Pending: 0
  📍 LONG @ 7693.75 | SL: 7685.75 | TP: 7703.75 | P&L: $+1,125.00 | +2.2 to trail
  💰 Daily P&L: $-4,250.00

[2026-08-20 11:13] O:7696.00 H:7696.00 L:7693.00 C:7693.25 V:1456.0
  📈 Trend: moderate_bullish (raw: strong_bearish) | 🌍 Regime: ranging
  🗺️  Grid: 0.080% | 🔺 7698.00 🔻 7695.75
  📡 RSI: 43.4 | MACD: -0.18 | ATR: 3.00
  📊 Filled: 1 | Pending: 0
  📍 LONG @ 7693.75 | SL: 7685.75 | TP: 7703.75 | P&L: $-250.00 | +2.2 to trail
  💰 Daily P&L: $-4,250.00

[2026-08-20 11:14] O:7693.00 H:7694.00 L:7692.75 C:7693.25 V:1649.0
  📈 Trend: strong_bearish | 🌍 Regime: ranging
  🗺️  Grid: 0.080% | 🔺 7696.00 🔻 7693.00
  📡 RSI: 46.2 | MACD: -0.37 | ATR: 2.79
  📊 Filled: 1 | Pending: 0
  📍 LONG @ 7693.75 | SL: 7685.75 | TP: 7703.75 | P&L: $-250.00 | +2.2 to trail
  💰 Daily P&L: $-4,250.00

[2026-08-20 11:15] O:7693.25 H:7694.25 L:7692.75 C:7693.50 V:1251.0
  📈 Trend: strong_bearish | 🌍 Regime: ranging
  🗺️  Grid: 0.080% | 🔺 7694.00 🔻 7692.75
  📡 RSI: 50.0 | MACD: -0.50 | ATR: 2.71
  📊 Filled: 1 | Pending: 0
  📍 LONG @ 7693.75 | SL: 7685.75 | TP: 7703.75 | P&L: $-125.00 | +2.2 to trail
  💰 Daily P&L: $-4,250.00

[2026-08-20 11:16] O:7693.50 H:7694.00 L:7692.75 C:7693.25 V:1129.0
  📈 Trend: strong_bearish | 🌍 Regime: ranging
  🗺️  Grid: 0.080% | 🔺 7694.25 🔻 7692.75
  📡 RSI: 35.7 | MACD: -0.62 | ATR: 2.43
  📊 Filled: 1 | Pending: 0
  📍 LONG @ 7693.75 | SL: 7685.75 | TP: 7703.75 | P&L: $-250.00 | +2.2 to trail
  💰 Daily P&L: $-4,250.00

[2026-08-20 11:17] O:7693.50 H:7694.00 L:7692.75 C:7693.50 V:1554.0
  📈 Trend: strong_bearish | 🌍 Regime: ranging
  🗺️  Grid: 0.080% | 🔺 7694.00 🔻 7692.75
  📡 RSI: 40.6 | MACD: -0.68 | ATR: 2.34
  📊 Filled: 1 | Pending: 0
  📍 LONG @ 7693.75 | SL: 7685.75 | TP: 7703.75 | P&L: $-125.00 | +2.2 to trail
  💰 Daily P&L: $-4,250.00

[2026-08-20 11:18] O:7693.50 H:7694.50 L:7693.00 C:7694.00 V:916.0
  📈 Trend: strong_bearish | 🌍 Regime: ranging
  🗺️  Grid: 0.080% | 🔺 7694.00 🔻 7692.75
  📡 RSI: 50.9 | MACD: -0.68 | ATR: 2.14
  📊 Filled: 1 | Pending: 0
  📍 LONG @ 7693.75 | SL: 7685.75 | TP: 7703.75 | P&L: $+125.00 | +2.2 to trail
  💰 Daily P&L: $-4,250.00

[2026-08-20 11:19] O:7694.25 H:7694.75 L:7694.00 C:7694.25 V:1125.0
  📈 Trend: strong_bearish | 🌍 Regime: ranging
  🗺️  Grid: 0.080% | 🔺 7694.50 🔻 7693.00
  📡 RSI: 50.0 | MACD: -0.66 | ATR: 1.95
  📊 Filled: 1 | Pending: 0
  📍 LONG @ 7693.75 | SL: 7685.75 | TP: 7703.75 | P&L: $+250.00 | +2.2 to trail
  💰 Daily P&L: $-4,250.00

[2026-08-20 11:20] O:7694.25 H:7695.00 L:7692.75 C:7693.75 V:1698.0
  📈 Trend: strong_bearish | 🌍 Regime: ranging
  🗺️  Grid: 0.080% | 🔺 7694.75 🔻 7694.00
  📡 RSI: 46.3 | MACD: -0.67 | ATR: 2.00
  📊 Filled: 1 | Pending: 0
  📍 LONG @ 7693.75 | SL: 7685.75 | TP: 7703.75 | P&L: $+0.00 | +2.2 to trail
  💰 Daily P&L: $-4,250.00

[2026-08-20 11:21] O:7693.75 H:7694.50 L:7693.00 C:7694.50 V:868.0
  📈 Trend: strong_bearish | 🌍 Regime: ranging
  🗺️  Grid: 0.080% | 🔺 7695.00 🔻 7692.75
  📡 RSI: 50.9 | MACD: -0.61 | ATR: 1.96
  📊 Filled: 1 | Pending: 0
  📍 LONG @ 7693.75 | SL: 7685.75 | TP: 7703.75 | P&L: $+375.00 | +2.2 to trail
  💰 Daily P&L: $-4,250.00

[2026-08-20 11:22] O:7694.50 H:7695.25 L:7693.25 C:7693.50 V:1589.0
  📈 Trend: strong_bearish | 🌍 Regime: ranging
  🗺️  Grid: 0.080% | 🔺 7694.50 🔻 7693.00
  📡 RSI: 31.1 | MACD: -0.64 | ATR: 1.80
  📊 Filled: 1 | Pending: 0
  📍 LONG @ 7693.75 | SL: 7685.75 | TP: 7703.75 | P&L: $-125.00 | +2.2 to trail
  💰 Daily P&L: $-4,250.00

[2026-08-20 11:23] O:7693.75 H:7698.25 L:7693.75 C:7696.25 V:3605.0
  📈 Trend: strong_bearish (raw: moderate_bearish) | 🌍 Regime: ranging
  🗺️  Grid: 0.080% | 🔺 7695.25 🔻 7693.25
  📡 RSI: 42.6 | MACD: -0.43 | ATR: 2.04
  📊 Filled: 1 | Pending: 0
  📍 LONG @ 7693.75 | SL: 7685.75 | TP: 7703.75 | P&L: $+1,250.00 | +2.2 to trail
  💰 Daily P&L: $-4,250.00

[2026-08-20 11:24] O:7696.25 H:7699.00 L:7696.25 C:7697.25 V:2191.0
  📈 Trend: strong_bearish (raw: moderate_bullish) | 🌍 Regime: ranging
  🗺️  Grid: 0.080% | 🔺 7698.25 🔻 7693.75
  📡 RSI: 50.9 | MACD: -0.19 | ATR: 2.00
  📊 Filled: 1 | Pending: 0
  📍 LONG @ 7693.75 | SL: 7685.75 | TP: 7703.75 | P&L: $+1,750.00 | +2.2 to trail
  💰 Daily P&L: $-4,250.00

[2026-08-20 11:25] O:7697.50 H:7698.50 L:7696.50 C:7698.00 V:2029.0
  📈 Trend: strong_bearish (raw: strong_bullish) | 🌍 Regime: ranging
  🗺️  Grid: 0.080% | 🔺 7699.00 🔻 7696.25
  📡 RSI: 50.0 | MACD: 0.07 | ATR: 2.00
  📊 Filled: 1 | Pending: 0
  📍 LONG @ 7693.75 | SL: 7685.75 | TP: 7703.75 | P&L: $+2,125.00 | +2.2 to trail
  💰 Daily P&L: $-4,250.00

[2026-08-20 11:26] O:7698.00 H:7698.25 L:7696.50 C:7697.00 V:1075.0
  📈 Trend: strong_bullish | 🌍 Regime: ranging
  🗺️  Grid: 0.080% | 🔺 7698.50 🔻 7696.50
  📡 RSI: 54.2 | MACD: 0.19 | ATR: 1.96
  📊 Filled: 1 | Pending: 0
  📍 LONG @ 7693.75 | SL: 7685.75 | TP: 7703.75 | P&L: $+1,625.00 | +2.2 to trail
  💰 Daily P&L: $-4,250.00

[2026-08-20 11:27] O:7696.75 H:7697.50 L:7695.50 C:7695.75 V:1168.0
  📈 Trend: strong_bullish (raw: moderate_bullish) | 🌍 Regime: ranging
  🗺️  Grid: 0.080% | 🔺 7698.25 🔻 7696.50
  📡 RSI: 61.9 | MACD: 0.18 | ATR: 1.89
  📊 Filled: 1 | Pending: 0
  📍 LONG @ 7693.75 | SL: 7685.75 | TP: 7703.75 | P&L: $+1,000.00 | +2.2 to trail
  💰 Daily P&L: $-4,250.00

[2026-08-20 11:28] O:7695.50 H:7696.50 L:7694.50 C:7696.00 V:1389.0
  📈 Trend: moderate_bullish | 🌍 Regime: ranging
  🗺️  Grid: 0.080% | 🔺 7697.50 🔻 7695.50
  📡 RSI: 62.8 | MACD: 0.19 | ATR: 1.95
  📊 Filled: 1 | Pending: 0
  📍 LONG @ 7693.75 | SL: 7685.75 | TP: 7703.75 | P&L: $+1,125.00 | +2.2 to trail
  💰 Daily P&L: $-4,250.00

[2026-08-20 11:29] O:7696.00 H:7696.75 L:7695.25 C:7695.50 V:1159.0
  📈 Trend: moderate_bullish | 🌍 Regime: ranging
  🗺️  Grid: 0.080% | 🔺 7696.50 🔻 7694.50
  📡 RSI: 59.1 | MACD: 0.16 | ATR: 1.95
  📊 Filled: 1 | Pending: 0
  📍 LONG @ 7693.75 | SL: 7685.75 | TP: 7703.75 | P&L: $+875.00 | +2.2 to trail
  💰 Daily P&L: $-4,250.00

[2026-08-20 11:30] O:7695.50 H:7696.00 L:7691.75 C:7693.00 V:3208.0
  📈 Trend: moderate_bullish (raw: strong_bearish) | 🌍 Regime: ranging
  🗺️  Grid: 0.080% | 🔺 7696.75 🔻 7695.25
  📡 RSI: 49.1 | MACD: -0.07 | ATR: 2.16
  📊 Filled: 1 | Pending: 0
  📍 LONG @ 7693.75 | SL: 7685.75 | TP: 7703.75 | P&L: $-375.00 | +2.2 to trail
  💰 Daily P&L: $-4,250.00

[2026-08-20 11:31] O:7692.75 H:7693.00 L:7691.75 C:7692.00 V:1245.0
  📈 Trend: strong_bearish | 🌍 Regime: ranging
  🗺️  Grid: 0.080% | 🔺 7696.00 🔻 7691.75
  📡 RSI: 44.6 | MACD: -0.33 | ATR: 2.16
  📊 Filled: 1 | Pending: 0
  📍 LONG @ 7693.75 | SL: 7685.75 | TP: 7703.75 | P&L: $-875.00 | +2.2 to trail
  💰 Daily P&L: $-4,250.00

[2026-08-20 11:32] O:7692.00 H:7693.50 L:7692.00 C:7693.25 V:1060.0
  📈 Trend: strong_bearish | 🌍 Regime: ranging
  🗺️  Grid: 0.080% | 🔺 7693.00 🔻 7691.75
  📡 RSI: 47.5 | MACD: -0.43 | ATR: 2.16
  📊 Filled: 1 | Pending: 0
  📍 LONG @ 7693.75 | SL: 7685.75 | TP: 7703.75 | P&L: $-250.00 | +2.2 to trail
  💰 Daily P&L: $-4,250.00

[2026-08-20 11:33] O:7693.00 H:7696.50 L:7693.00 C:7695.75 V:1532.0
  📈 Trend: strong_bearish | 🌍 Regime: ranging
  🗺️  Grid: 0.080% | 🔺 7693.50 🔻 7692.00
  📡 RSI: 54.4 | MACD: -0.30 | ATR: 2.36
  📊 Filled: 1 | Pending: 0
  📍 LONG @ 7693.75 | SL: 7685.75 | TP: 7703.75 | P&L: $+1,000.00 | +2.2 to trail
  💰 Daily P&L: $-4,250.00

[2026-08-20 11:34] O:7695.75 H:7699.25 L:7695.50 C:7699.25 V:3658.0
  📈 Trend: strong_bearish (raw: moderate_bullish) | 🌍 Regime: ranging
  🗺️  Grid: 0.080% | 🔺 7696.50 🔻 7693.00
  📡 RSI: 63.8 | MACD: 0.08 | ATR: 2.46
  📊 Filled: 1 | Pending: 0
  📍 LONG @ 7693.75 | SL: 7685.75 | TP: 7703.75 | P&L: $+2,750.00 | +2.2 to trail
  💰 Daily P&L: $-4,250.00

[2026-08-20 11:35] O:7699.00 H:7699.75 L:7698.00 C:7699.25 V:1640.0
  📈 Trend: moderate_bullish | 🌍 Regime: ranging
  🗺️  Grid: 0.080% | 🔺 7699.25 🔻 7695.50
  📡 RSI: 62.3 | MACD: 0.38 | ATR: 2.48
  📊 Filled: 1 | Pending: 0
  📍 LONG @ 7693.75 | SL: 7685.75 | TP: 7703.75 | P&L: $+2,750.00 | +2.0 to trail
  💰 Daily P&L: $-4,250.00

[2026-08-20 11:36] O:7699.25 H:7701.00 L:7698.75 C:7701.00 V:2031.0
  📈 Trend: moderate_bullish (raw: strong_bullish) | 🌍 Regime: ranging
  🗺️  Grid: 0.080% | 🔺 7699.75 🔻 7698.00
  📡 RSI: 68.8 | MACD: 0.75 | ATR: 2.50
  📊 Filled: 1 | Pending: 0
  📍 LONG @ 7693.75 | SL: 7685.75 | TP: 7703.75 | P&L: $+3,625.00 | +1.5 to trail
  💰 Daily P&L: $-4,250.00

[2026-08-20 11:37] O:7701.00 H:7702.00 L:7699.75 C:7700.25 V:2251.0
  📈 Trend: strong_bullish | 🌍 Regime: ranging
  🗺️  Grid: 0.080% | 🔺 7701.00 🔻 7698.75
  📡 RSI: 61.1 | MACD: 0.97 | ATR: 2.32
  📊 Filled: 1 | Pending: 0
  📍 LONG @ 7693.75 | SL: 7685.75 | TP: 7703.75 | P&L: $+3,250.00 | +0.2 to trail
  ✏️ Stop order 693 modified → 7700.50 [confirmed]
  🔄 TRAILING ACTIVATED @ +8.25pts | Stop: 7685.75 → 7700.50
  💰 Daily P&L: $-4,250.00
  📋 Order 694 status: PreSubmitted
  📋 Order 694 status: PendingCancel
  ✅ Fill: SLD 10.0 @ 7699.75
  📋 Order 693 status: Filled
  📋 Order 694 status: PendingCancel
  🛡️ OCA backup: cancelling sibling order 694 immediately after 693 filled
  📋 Order 694 status: Cancelled

[2026-08-20 11:38] O:7700.25 H:7701.00 L:7699.50 C:7701.00 V:1058.0
  📈 Trend: strong_bullish | 🌍 Regime: ranging
  🗺️  Grid: 0.080% | 🔺 7702.00 🔻 7699.75
  📡 RSI: 60.6 | MACD: 1.19 | ATR: 2.23
  📊 Filled: 1 | Pending: 0
  📍 LONG @ 7693.75 | Trail: 7700.50 | TP: 7703.75 | P&L: $+3,625.00 | 🔒 Trailing
  ✅ EXIT LONG @ 7699.75 | Trailing Stop
     P&L: +6.00 pts ($+3,000.00) | Daily: $-1,250.00
  ⚠️ POSITION MISMATCH after exit: broker=-1, bot expects=0
  🛟 Flattening stray -1 contract(s) with BUY to restore expected exposure
  📤 Market BUY 1 contracts submitted (ID: 695)
  📋 Order 695 status: PreSubmitted
  ✅ Fill: BOT 1.0 @ 7700.75
  📋 Order 695 status: Filled
  ⏸️ Cooldown: 2 bar(s) remaining after exit
  💰 Daily P&L: $-1,250.00

[2026-08-20 11:39] O:7700.75 H:7702.00 L:7700.25 C:7701.00 V:1565.0
  📈 Trend: strong_bullish | 🌍 Regime: ranging
  🗺️  Grid: 0.080% | 🔺 7701.00 🔻 7699.50
  📡 RSI: 58.8 | MACD: 1.35 | ATR: 2.21
  📊 Filled: 0 | Pending: 0
  ⏸️ Cooldown: 1 bar(s) remaining after exit
  💰 Daily P&L: $-1,250.00

[2026-08-20 11:40] O:7701.25 H:7703.50 L:7700.75 C:7702.75 V:2233.0
  📈 Trend: strong_bullish | 🌍 Regime: ranging
  🗺️  Grid: 0.080% | 🔺 7702.00 🔻 7700.25
  📡 RSI: 66.2 | MACD: 1.60 | ATR: 2.29
  📊 Filled: 0 | Pending: 0
  🔲 Regime: RANGING | Range pos: 42% | RSI: 66.2
  💰 Daily P&L: $-1,250.00

[2026-08-20 11:41] O:7702.75 H:7703.25 L:7701.50 C:7702.00 V:1733.0
  📈 Trend: strong_bullish | 🌍 Regime: ranging
  🗺️  Grid: 0.080% | 🔺 7703.50 🔻 7700.75
  📡 RSI: 68.1 | MACD: 1.72 | ATR: 2.27
  📊 Filled: 0 | Pending: 0
  🔲 Regime: RANGING | Range pos: 39% | RSI: 68.1
  💰 Daily P&L: $-1,250.00

[2026-08-20 11:42] O:7702.00 H:7702.75 L:7701.25 C:7701.50 V:1691.0
  📈 Trend: strong_bullish | 🌍 Regime: ranging
  🗺️  Grid: 0.080% | 🔺 7703.25 🔻 7701.50
  📡 RSI: 65.7 | MACD: 1.75 | ATR: 2.23
  📊 Filled: 0 | Pending: 0
  🔲 Regime: RANGING | Range pos: 37% | RSI: 65.7
  💰 Daily P&L: $-1,250.00

[2026-08-20 11:43] O:7701.25 H:7702.50 L:7701.00 C:7701.50 V:1787.0
  📈 Trend: strong_bullish | 🌍 Regime: ranging
  🗺️  Grid: 0.080% | 🔺 7702.75 🔻 7701.25
  📡 RSI: 67.6 | MACD: 1.76 | ATR: 2.23
  📊 Filled: 0 | Pending: 0
  🔲 Regime: RANGING | Range pos: 37% | RSI: 67.6
  💰 Daily P&L: $-1,250.00

[2026-08-20 11:44] O:7701.50 H:7704.75 L:7701.25 C:7704.75 V:2060.0
  📈 Trend: strong_bullish | 🌍 Regime: ranging
  🗺️  Grid: 0.080% | 🔺 7702.50 🔻 7701.00
  📡 RSI: 83.1 | MACD: 2.00 | ATR: 2.18
  📊 Filled: 0 | Pending: 0
  🔲 Regime: RANGING | Range pos: 48% | RSI: 83.1
  💰 Daily P&L: $-1,250.00

[2026-08-20 11:45] O:7704.50 H:7704.50 L:7701.25 C:7702.00 V:2099.0
  📈 Trend: strong_bullish | 🌍 Regime: ranging
  🗺️  Grid: 0.080% | 🔺 7704.75 🔻 7701.25
  📡 RSI: 75.6 | MACD: 1.95 | ATR: 2.34
  📊 Filled: 0 | Pending: 0
  🔲 Regime: RANGING | Range pos: 39% | RSI: 75.6
  💰 Daily P&L: $-1,250.00

[2026-08-20 11:46] O:7702.00 H:7704.25 L:7702.00 C:7704.00 V:1315.0
  📈 Trend: strong_bullish | 🌍 Regime: ranging
  🗺️  Grid: 0.080% | 🔺 7704.50 🔻 7701.25
  📡 RSI: 76.5 | MACD: 2.05 | ATR: 2.39
  📊 Filled: 0 | Pending: 0
  🔲 Regime: RANGING | Range pos: 46% | RSI: 76.5
  💰 Daily P&L: $-1,250.00

[2026-08-20 11:47] O:7704.25 H:7704.50 L:7703.25 C:7703.75 V:1307.0
  📈 Trend: strong_bullish | 🌍 Regime: ranging
  🗺️  Grid: 0.080% | 🔺 7704.25 🔻 7702.00
  📡 RSI: 72.2 | MACD: 2.08 | ATR: 2.23
  📊 Filled: 0 | Pending: 0
  🔲 Regime: RANGING | Range pos: 45% | RSI: 72.2
  💰 Daily P&L: $-1,250.00

[2026-08-20 11:48] O:7703.50 H:7704.00 L:7702.00 C:7702.50 V:1363.0
  📈 Trend: strong_bullish | 🌍 Regime: ranging
  🗺️  Grid: 0.080% | 🔺 7704.50 🔻 7703.25
  📡 RSI: 60.3 | MACD: 1.98 | ATR: 2.11
  📊 Filled: 0 | Pending: 0
  🔲 Regime: RANGING | Range pos: 41% | RSI: 60.3
  💰 Daily P&L: $-1,250.00

[2026-08-20 11:49] O:7702.50 H:7703.00 L:7701.75 C:7701.75 V:1162.0
  📈 Trend: strong_bullish | 🌍 Regime: trending_bullish
  🗺️  Grid: 0.080% | 🔺 7704.00 🔻 7702.00
  📡 RSI: 57.6 | MACD: 1.82 | ATR: 2.07
  📊 Filled: 0 | Pending: 0
  💰 Daily P&L: $-1,250.00

[2026-08-20 11:50] O:7702.00 H:7704.25 L:7701.50 C:7702.25 V:1508.0
  📈 Trend: strong_bullish (raw: moderate_bullish) | 🌍 Regime: trending_bullish
  🗺️  Grid: 0.080% | 🔺 7703.00 🔻 7701.75
  📡 RSI: 54.1 | MACD: 1.72 | ATR: 2.11
  📊 Filled: 0 | Pending: 0
  💰 Daily P&L: $-1,250.00

[2026-08-20 11:51] O:7702.25 H:7702.75 L:7700.75 C:7701.00 V:1960.0
  📈 Trend: moderate_bullish | 🌍 Regime: trending_bullish
  🗺️  Grid: 0.080% | 🔺 7704.25 🔻 7701.50
  📡 RSI: 52.4 | MACD: 1.52 | ATR: 2.09
  📊 Filled: 0 | Pending: 0
  💰 Daily P&L: $-1,250.00

[2026-08-20 11:52] O:7700.75 H:7701.50 L:7699.50 C:7700.75 V:1463.0
  📈 Trend: moderate_bullish | 🌍 Regime: trending_bullish
  🗺️  Grid: 0.080% | 🔺 7702.75 🔻 7700.75
  📡 RSI: 49.2 | MACD: 1.32 | ATR: 2.12
  📊 Filled: 0 | Pending: 0
  💰 Daily P&L: $-1,250.00

[2026-08-20 11:53] O:7700.50 H:7701.00 L:7700.25 C:7700.25 V:1070.0
  📈 Trend: moderate_bullish | 🌍 Regime: trending_bullish
  🗺️  Grid: 0.080% | 🔺 7701.50 🔻 7699.50
  📡 RSI: 47.6 | MACD: 1.11 | ATR: 2.05
  📊 Filled: 0 | Pending: 0
  💰 Daily P&L: $-1,250.00

[2026-08-20 11:54] O:7700.25 H:7700.25 L:7699.00 C:7699.75 V:1002.0
  📈 Trend: moderate_bullish | 🌍 Regime: trending_bullish
  🗺️  Grid: 0.080% | 🔺 7701.00 🔻 7700.25
  📡 RSI: 39.7 | MACD: 0.90 | ATR: 1.95
  📊 Filled: 0 | Pending: 0
  💰 Daily P&L: $-1,250.00
→ Real-time bars cancelled
✓ Disconnected from IBKR
