2026-08-07 10:02:06 | ERROR    | Error 10147, reqId 605: OrderId 605 that needs to be cancelled is not found.
2026-08-07 10:12:05 | ERROR    | Error 10148, reqId 608: OrderId 608 that needs to be cancelled cannot be cancelled, state: Cancelled.
ract(s) max
   • Grid entries only
   • Trailing stop enabled
   • SL: ~8 pts | TP: ~12 pts | Trail activates: +6 pts
   • Best for: Normal sessions, choppy/ranging opens
============================================================
✓ Connected to IBKR (paper) - clientId=10
✓ Front-month contract: ESU6 expiry=20260918

============================================================
Loading historical data for indicator warm-up...
============================================================
→ Fetching historical bars (1 D, 1 min)...
✓ Loaded 928 historical bars

Processing 928 historical bars...

Indicators ready!
  Bars loaded: 928
  Last price: 7758.00
  Trend: moderate_bearish
  RSI: 39.4
  ATR: 2.29
  MACD: -2.42 / Signal: -2.50
  MA: 7761.01 / 7768.73 / 7755.76

------------------------------------------------------------
Account Value: $1,008,830.75
Buying Power: $4,034,198.40
Current Position: 0 contracts
------------------------------------------------------------

============================================================
Starting live 1-minute bar stream...
Strategy is now ACTIVE (SCALP mode)
============================================================

→ Subscribed to 5-second real-time bars (aggregating to 1 min)

[2026-08-07 08:27] O:7757.75 H:7758.00 L:7756.00 C:7756.75 V:469.0
  📈 Trend: sideways (raw: strong_bearish) | 🌍 Regime: trending_bearish
  🗺️  Grid: 0.080% | 🔺 7760.75 🔻 7756.50
  📡 RSI: 36.6 | MACD: -2.52 | ATR: 2.32
  📊 Filled: 0 | Pending: 0
  🕐 Outside session (08:27 CT) — no entries
  💰 Daily P&L: $+0.00

[2026-08-07 08:28] O:7756.75 H:7758.00 L:7756.00 C:7757.25 V:1067.0
  📈 Trend: strong_bearish | 🌍 Regime: trending_bearish
  🗺️  Grid: 0.080% | 🔺 7758.00 🔻 7756.00
  📡 RSI: 41.2 | MACD: -2.54 | ATR: 2.29
  📊 Filled: 0 | Pending: 0
  🕐 Outside session (08:28 CT) — no entries
  💰 Daily P&L: $+0.00

[2026-08-07 08:29] O:7757.25 H:7757.50 L:7753.25 C:7757.00 V:3828.0
  📈 Trend: strong_bearish | 🌍 Regime: trending_bearish
  🗺️  Grid: 0.080% | 🔺 7758.00 🔻 7756.00
  📡 RSI: 44.4 | MACD: -2.54 | ATR: 2.39
  📊 Filled: 0 | Pending: 0
  🕐 Outside session (08:29 CT) — no entries
  💰 Daily P&L: $+0.00

[2026-08-07 08:30] O:7757.00 H:7758.50 L:7753.25 C:7757.25 V:14361.0
  📈 Trend: strong_bearish (raw: moderate_bearish) | 🌍 Regime: trending_bearish
  🗺️  Grid: 0.080% | 🔺 7757.50 🔻 7753.25
  📡 RSI: 34.0 | MACD: -2.49 | ATR: 2.50
  📊 Filled: 0 | Pending: 0
  🕐 Outside session (08:30 CT) — no entries
  💰 Daily P&L: $+0.00

[2026-08-07 08:31] O:7757.25 H:7760.00 L:7754.50 C:7759.75 V:7405.0
  📈 Trend: moderate_bearish | 🌍 Regime: trending_bearish
  🗺️  Grid: 0.080% | 🔺 7758.50 🔻 7753.25
  📡 RSI: 52.8 | MACD: -2.22 | ATR: 2.64
  📊 Filled: 0 | Pending: 0
  🕐 Outside session (08:31 CT) — no entries
  💰 Daily P&L: $+0.00

[2026-08-07 08:32] O:7759.75 H:7761.50 L:7758.25 C:7760.50 V:7545.0
  📈 Trend: moderate_bearish | 🌍 Regime: trending_bearish
  🗺️  Grid: 0.080% | 🔺 7760.00 🔻 7754.50
  📡 RSI: 49.0 | MACD: -1.93 | ATR: 2.68
  📊 Filled: 0 | Pending: 0
  🕐 Outside session (08:32 CT) — no entries
  💰 Daily P&L: $+0.00

[2026-08-07 08:33] O:7760.50 H:7763.50 L:7758.00 C:7760.50 V:7874.0
  📈 Trend: moderate_bearish (raw: moderate_bullish) | 🌍 Regime: trending_bullish
  🗺️  Grid: 0.080% | 🔺 7761.50 🔻 7758.25
  📡 RSI: 50.0 | MACD: -1.68 | ATR: 2.95
  📊 Filled: 0 | Pending: 0
  🕐 Outside session (08:33 CT) — no entries
  💰 Daily P&L: $+0.00

[2026-08-07 08:34] O:7760.50 H:7762.25 L:7759.25 C:7762.00 V:4901.0
  📈 Trend: moderate_bullish | 🌍 Regime: trending_bullish
  🗺️  Grid: 0.080% | 🔺 7763.50 🔻 7758.00
  📡 RSI: 52.9 | MACD: -1.34 | ATR: 3.09
  📊 Filled: 0 | Pending: 0
  🕐 Outside session (08:34 CT) — no entries
  💰 Daily P&L: $+0.00

[2026-08-07 08:35] O:7762.00 H:7762.75 L:7756.50 C:7760.00 V:5558.0
  📈 Trend: moderate_bullish (raw: moderate_bearish) | 🌍 Regime: ranging
  🗺️  Grid: 0.080% | 🔺 7762.25 🔻 7759.25
  📡 RSI: 47.4 | MACD: -1.22 | ATR: 3.46
  📊 Filled: 0 | Pending: 0
  🕐 Outside session (08:35 CT) — no entries
  💰 Daily P&L: $+0.00

[2026-08-07 08:36] O:7760.00 H:7760.75 L:7753.75 C:7756.00 V:5345.0
  📈 Trend: moderate_bearish | 🌍 Regime: trending_bearish
  🗺️  Grid: 0.080% | 🔺 7762.75 🔻 7756.50
  📡 RSI: 38.0 | MACD: -1.44 | ATR: 3.89
  📊 Filled: 0 | Pending: 0
  🕐 Outside session (08:36 CT) — no entries
  💰 Daily P&L: $+0.00

[2026-08-07 08:37] O:7755.75 H:7759.50 L:7753.75 C:7759.50 V:5047.0
  📈 Trend: moderate_bearish | 🌍 Regime: trending_bearish
  🗺️  Grid: 0.080% | 🔺 7760.75 🔻 7753.75
  📡 RSI: 47.0 | MACD: -1.31 | ATR: 4.23
  📊 Filled: 0 | Pending: 0
  🕐 Outside session (08:37 CT) — no entries
  💰 Daily P&L: $+0.00

[2026-08-07 08:38] O:7759.75 H:7761.75 L:7759.00 C:7761.75 V:5062.0
  📈 Trend: moderate_bearish (raw: moderate_bullish) | 🌍 Regime: ranging
  🗺️  Grid: 0.080% | 🔺 7759.50 🔻 7753.75
  📡 RSI: 57.1 | MACD: -1.01 | ATR: 4.16
  📊 Filled: 0 | Pending: 0
  🕐 Outside session (08:38 CT) — no entries
  💰 Daily P&L: $+0.00

[2026-08-07 08:39] O:7761.75 H:7762.00 L:7756.75 C:7758.25 V:4423.0
  📈 Trend: moderate_bearish | 🌍 Regime: ranging
  🗺️  Grid: 0.080% | 🔺 7761.75 🔻 7759.00
  📡 RSI: 47.4 | MACD: -1.05 | ATR: 4.43
  📊 Filled: 0 | Pending: 0
  🕐 Outside session (08:39 CT) — no entries
  💰 Daily P&L: $+0.00

[2026-08-07 08:40] O:7758.50 H:7761.75 L:7756.00 C:7760.75 V:4980.0
  📈 Trend: moderate_bearish | 🌍 Regime: ranging
  🗺️  Grid: 0.080% | 🔺 7762.00 🔻 7756.75
  📡 RSI: 55.6 | MACD: -0.86 | ATR: 4.54
  📊 Filled: 0 | Pending: 0
  🕐 Outside session (08:40 CT) — no entries
  💰 Daily P&L: $+0.00

[2026-08-07 08:41] O:7760.75 H:7764.00 L:7758.00 C:7759.25 V:5013.0
  📈 Trend: moderate_bearish | 🌍 Regime: ranging
  🗺️  Grid: 0.080% | 🔺 7761.75 🔻 7756.00
  📡 RSI: 55.0 | MACD: -0.83 | ATR: 4.82
  📊 Filled: 0 | Pending: 0
  🕐 Outside session (08:41 CT) — no entries
  💰 Daily P&L: $+0.00

[2026-08-07 08:42] O:7759.00 H:7760.75 L:7757.00 C:7760.75 V:3279.0
  📈 Trend: moderate_bearish | 🌍 Regime: ranging
  🗺️  Grid: 0.080% | 🔺 7764.00 🔻 7758.00
  📡 RSI: 56.7 | MACD: -0.67 | ATR: 4.95
  📊 Filled: 0 | Pending: 0
  🕐 Outside session (08:42 CT) — no entries
  💰 Daily P&L: $+0.00

[2026-08-07 08:43] O:7760.75 H:7766.50 L:7759.50 C:7766.25 V:5859.0
  📈 Trend: moderate_bearish (raw: moderate_bullish) | 🌍 Regime: ranging
  🗺️  Grid: 0.080% | 🔺 7760.75 🔻 7757.00
  📡 RSI: 64.8 | MACD: -0.11 | ATR: 5.14
  📊 Filled: 0 | Pending: 0
  🕐 Outside session (08:43 CT) — no entries
  💰 Daily P&L: $+0.00

[2026-08-07 08:44] O:7766.00 H:7768.50 L:7764.75 C:7767.00 V:4664.0
  📈 Trend: moderate_bearish (raw: strong_bullish) | 🌍 Regime: ranging
  🗺️  Grid: 0.080% | 🔺 7766.50 🔻 7759.50
  📡 RSI: 65.4 | MACD: 0.40 | ATR: 5.04
  📊 Filled: 0 | Pending: 0
  🕐 Outside session (08:44 CT) — no entries
  💰 Daily P&L: $+0.00

[2026-08-07 08:45] O:7767.25 H:7770.75 L:7762.75 C:7763.00 V:6267.0
  📈 Trend: strong_bullish | 🌍 Regime: ranging
  🗺️  Grid: 0.081% | 🔺 7768.50 🔻 7764.75
  📡 RSI: 54.9 | MACD: 0.47 | ATR: 5.21
  📊 Filled: 0 | Pending: 0
  🔲 Regime: RANGING | Range pos: 56% | RSI: 54.9
  💰 Daily P&L: $+0.00

[2026-08-07 08:46] O:7762.75 H:7764.50 L:7758.25 C:7761.50 V:5215.0
  📈 Trend: strong_bullish | 🌍 Regime: ranging
  🗺️  Grid: 0.084% | 🔺 7770.75 🔻 7762.75
  📡 RSI: 51.5 | MACD: 0.41 | ATR: 5.43
  📊 Filled: 0 | Pending: 0
  🔲 Regime: RANGING | Range pos: 47% | RSI: 51.5
  💰 Daily P&L: $+0.00

[2026-08-07 08:47] O:7761.50 H:7762.75 L:7759.00 C:7761.25 V:3098.0
  📈 Trend: strong_bullish | 🌍 Regime: ranging
  🗺️  Grid: 0.082% | 🔺 7764.50 🔻 7758.25
  📡 RSI: 51.1 | MACD: 0.33 | ATR: 5.30
  📊 Filled: 0 | Pending: 0
  🔲 Regime: RANGING | Range pos: 46% | RSI: 51.1
  💰 Daily P&L: $+0.00

[2026-08-07 08:48] O:7761.25 H:7764.00 L:7758.50 C:7759.75 V:3681.0
  📈 Trend: strong_bullish | 🌍 Regime: ranging
  🗺️  Grid: 0.085% | 🔺 7762.75 🔻 7759.00
  📡 RSI: 46.7 | MACD: 0.14 | ATR: 5.48
  📊 Filled: 0 | Pending: 0
  🔲 Regime: RANGING | Range pos: 37% | RSI: 46.7
  💰 Daily P&L: $+0.00

[2026-08-07 08:49] O:7759.75 H:7765.00 L:7758.75 C:7764.75 V:3198.0
  📈 Trend: strong_bullish | 🌍 Regime: ranging
  🗺️  Grid: 0.085% | 🔺 7764.00 🔻 7758.50
  📡 RSI: 56.4 | MACD: 0.40 | ATR: 5.48
  📊 Filled: 0 | Pending: 0
  🔲 Regime: RANGING | Range pos: 66% | RSI: 56.4
  💰 Daily P&L: $+0.00

[2026-08-07 08:50] O:7764.75 H:7767.75 L:7763.00 C:7766.75 V:3371.0
  📈 Trend: strong_bullish | 🌍 Regime: ranging
  🗺️  Grid: 0.082% | 🔺 7765.00 🔻 7758.75
  📡 RSI: 65.2 | MACD: 0.75 | ATR: 5.32
  📊 Filled: 0 | Pending: 0
  🔲 Regime: RANGING | Range pos: 77% | RSI: 65.2
  💰 Daily P&L: $+0.00

[2026-08-07 08:51] O:7766.50 H:7767.25 L:7763.50 C:7766.50 V:2602.0
  📈 Trend: strong_bullish | 🌍 Regime: ranging
  🗺️  Grid: 0.080% | 🔺 7767.75 🔻 7763.00
  📡 RSI: 60.9 | MACD: 1.00 | ATR: 5.18
  📊 Filled: 0 | Pending: 0
  🔲 Regime: RANGING | Range pos: 76% | RSI: 60.9
  💰 Daily P&L: $+0.00

[2026-08-07 08:52] O:7766.75 H:7769.50 L:7766.25 C:7769.00 V:2838.0
  📈 Trend: strong_bullish | 🌍 Regime: ranging
  🗺️  Grid: 0.081% | 🔺 7767.25 🔻 7763.50
  📡 RSI: 61.2 | MACD: 1.38 | ATR: 5.21
  📊 Filled: 0 | Pending: 0
  🔲 Regime: RANGING | Range pos: 90% | RSI: 61.2
  💰 Daily P&L: $+0.00

[2026-08-07 08:53] O:7769.00 H:7769.50 L:7766.00 C:7767.00 V:3362.0
  📈 Trend: strong_bullish | 🌍 Regime: ranging
  🗺️  Grid: 0.080% | 🔺 7769.50 🔻 7766.25
  📡 RSI: 64.2 | MACD: 1.50 | ATR: 5.09
  📊 Filled: 0 | Pending: 0
  🔲 Regime: RANGING | Range pos: 79% | RSI: 64.2
  💰 Daily P&L: $+0.00

[2026-08-07 08:54] O:7767.25 H:7768.25 L:7765.25 C:7767.00 V:2942.0
  📈 Trend: strong_bullish | 🌍 Regime: ranging
  🗺️  Grid: 0.080% | 🔺 7769.50 🔻 7766.00
  📡 RSI: 61.1 | MACD: 1.59 | ATR: 4.89
  📊 Filled: 0 | Pending: 0
  🔲 Regime: RANGING | Range pos: 79% | RSI: 61.1
  💰 Daily P&L: $+0.00

[2026-08-07 08:55] O:7767.25 H:7769.00 L:7764.00 C:7765.50 V:3514.0
  📈 Trend: strong_bullish | 🌍 Regime: trending_bullish
  🗺️  Grid: 0.080% | 🔺 7768.25 🔻 7765.25
  📡 RSI: 61.1 | MACD: 1.51 | ATR: 4.82
  📊 Filled: 0 | Pending: 0
  💰 Daily P&L: $+0.00

[2026-08-07 08:56] O:7765.75 H:7765.75 L:7756.75 C:7757.50 V:5977.0
  📈 Trend: strong_bullish (raw: moderate_bullish) | 🌍 Regime: ranging
  🗺️  Grid: 0.080% | 🔺 7769.00 🔻 7764.00
  📡 RSI: 45.3 | MACD: 0.80 | ATR: 5.20
  📊 Filled: 0 | Pending: 0
  🔲 Regime: RANGING | Range pos: 24% | RSI: 45.3
  💰 Daily P&L: $+0.00

[2026-08-07 08:57] O:7757.50 H:7757.75 L:7752.00 C:7753.50 V:7156.0
  📈 Trend: moderate_bullish | 🌍 Regime: ranging
  🗺️  Grid: 0.080% | 🔺 7765.75 🔻 7756.75
  📡 RSI: 30.8 | MACD: -0.09 | ATR: 5.11
  📊 Filled: 0 | Pending: 0
  🔲 Regime: RANGING | Range pos: 8% | RSI: 30.8
  📤 Limit BUY 5 @ 7753.50 submitted (ID: 603)
  ⬆️ LONG ORDER @ 7753.50 | Size: 1.00 | SL: 7743.25 | TP: 7768.75 [HIGH VOL ATR:5.11→5cts]
     Reason: Grid Long (sideways, RSI: 30.8)
  🔬 SHADOW [long ranging]: 🟥 ROBUST WOULD BLOCK (1 filter)
       MACD=BLOCK (-0.09 vs +0.80, Δ-0.89) | 5m=N/A (ranging)
     ⏳ Order 603 PENDING - awaiting fill confirmation
  💰 Daily P&L: $+0.00
  📋 Order 603 status: Submitted
  ✅ Fill: BOT 1.0 @ 7753.5
  📋 Order 603 status: Submitted
  ✅ Fill: BOT 4.0 @ 7753.5
  📋 Order 603 status: Filled
  📤 Stop-Limit SELL 5 @ stop:7743.25 / lmt:7739.25 submitted (ID: 604) [OCA:exit_603_1786111146]
  📋 Order 604 status: PreSubmitted
  📤 Limit SELL 5 @ 7768.75 submitted (ID: 605) [OCA:exit_603_1786111146]
  📋 Order 605 status: PreSubmitted
  ✅ FILL CONFIRMED: LONG @ 7753.50 (order 603)
     📊 Bracket placed: SL #604 @ 7743.25 | TP #605 @ 7768.75
     Trail activates @ +7.5 pts

[2026-08-07 08:58] O:7753.50 H:7756.25 L:7751.75 C:7754.25 V:4663.0
  📈 Trend: moderate_bullish | 🌍 Regime: trending_bullish
  🗺️  Grid: 0.080% | 🔺 7757.75 🔻 7752.00
  📡 RSI: 30.8 | MACD: -0.73 | ATR: 5.16
  📊 Filled: 1 | Pending: 0
  📍 LONG @ 7753.50 | SL: 7743.25 | TP: 7768.75 | P&L: $+187.50 | +7.5 to trail
  💰 Daily P&L: $+0.00
  📋 Order 605 status: Submitted

[2026-08-07 08:59] O:7754.25 H:7759.75 L:7753.50 C:7758.00 V:5776.0
  📈 Trend: moderate_bullish | 🌍 Regime: trending_bullish
  🗺️  Grid: 0.080% | 🔺 7756.25 🔻 7751.75
  📡 RSI: 42.4 | MACD: -0.92 | ATR: 5.04
  📊 Filled: 1 | Pending: 0
  📍 LONG @ 7753.50 | SL: 7743.25 | TP: 7768.75 | P&L: $+1,125.00 | +4.8 to trail
  💰 Daily P&L: $+0.00

[2026-08-07 09:00] O:7758.00 H:7763.50 L:7755.25 C:7762.75 V:7401.0
  📈 Trend: moderate_bullish (raw: strong_bullish) | 🌍 Regime: ranging
  🗺️  Grid: 0.080% | 🔺 7759.75 🔻 7753.50
  📡 RSI: 51.7 | MACD: -0.67 | ATR: 5.18
  📊 Filled: 1 | Pending: 0
  📍 LONG @ 7753.50 | SL: 7743.25 | TP: 7768.75 | P&L: $+2,312.50 | +1.2 to trail
  ✏️ Stop order 604 modified → 7762.00 [confirmed]
  🔄 TRAILING ACTIVATED @ +10.00pts | Stop: 7743.25 → 7762.00
  💰 Daily P&L: $+0.00
  📋 Order 605 status: PreSubmitted
  📋 Order 605 status: PendingCancel
  ✅ Fill: SLD 5.0 @ 7760.25
  📋 Order 604 status: Filled
  📋 Order 605 status: Cancelled

[2026-08-07 09:01] O:7762.75 H:7762.75 L:7756.50 C:7757.50 V:4776.0
  📈 Trend: moderate_bullish | 🌍 Regime: ranging
  🗺️  Grid: 0.083% | 🔺 7763.50 🔻 7755.25
  📡 RSI: 45.5 | MACD: -0.90 | ATR: 5.36
  📊 Filled: 1 | Pending: 0
  📍 LONG @ 7753.50 | Trail: 7762.00 | TP: 7768.75 | P&L: $+1,000.00 | 🔒 Trailing
  ✅ EXIT LONG @ 7760.25 | Trailing Stop
     P&L: +6.75 pts ($+1,687.50) | Daily: $+1,687.50
  ⏸️ Cooldown: 2 bar(s) remaining after exit
  💰 Daily P&L: $+1,687.50

[2026-08-07 09:02] O:7757.50 H:7760.50 L:7754.75 C:7760.50 V:4401.0
  📈 Trend: moderate_bullish | 🌍 Regime: ranging
  🗺️  Grid: 0.083% | 🔺 7762.75 🔻 7756.50
  📡 RSI: 50.9 | MACD: -0.82 | ATR: 5.38
  📊 Filled: 0 | Pending: 0
  ⏸️ Cooldown: 1 bar(s) remaining after exit
  💰 Daily P&L: $+1,687.50

[2026-08-07 09:03] O:7760.50 H:7760.75 L:7755.25 C:7755.75 V:3874.0
  📈 Trend: moderate_bullish | 🌍 Regime: trending_bullish
  🗺️  Grid: 0.082% | 🔺 7760.50 🔻 7754.75
  📡 RSI: 39.4 | MACD: -1.13 | ATR: 5.32
  📊 Filled: 0 | Pending: 0
  💰 Daily P&L: $+1,687.50

[2026-08-07 09:04] O:7756.00 H:7756.25 L:7751.25 C:7751.50 V:5442.0
  📈 Trend: moderate_bullish | 🌍 Regime: trending_bullish
  🗺️  Grid: 0.083% | 🔺 7760.75 🔻 7755.25
  📡 RSI: 33.0 | MACD: -1.70 | ATR: 5.34
  📊 Filled: 0 | Pending: 0
  💰 Daily P&L: $+1,687.50

[2026-08-07 09:05] O:7751.75 H:7756.00 L:7751.25 C:7754.00 V:5062.0
  📈 Trend: moderate_bullish | 🌍 Regime: trending_bullish
  🗺️  Grid: 0.084% | 🔺 7756.25 🔻 7751.25
  📡 RSI: 36.7 | MACD: -1.93 | ATR: 5.41
  📊 Filled: 0 | Pending: 0
  💰 Daily P&L: $+1,687.50

[2026-08-07 09:06] O:7754.00 H:7757.25 L:7752.50 C:7757.00 V:4311.0
  📈 Trend: moderate_bullish | 🌍 Regime: trending_bullish
  🗺️  Grid: 0.085% | 🔺 7756.00 🔻 7751.25
  📡 RSI: 37.4 | MACD: -1.85 | ATR: 5.52
  📊 Filled: 0 | Pending: 0
  📤 Limit BUY 5 @ 7757.00 submitted (ID: 606)
  📋 Order 606 status: PreSubmitted
  ⬆️ LONG ORDER @ 7757.00 | Size: 1.00 | SL: 7746.00 | TP: 7773.50 [HIGH VOL ATR:5.52→5cts]
     Reason: Grid Long (moderate_bullish, RSI: 37.4)
  🔬 SHADOW [long trending]: 🟩 ROBUST WOULD ALLOW
       MACD=PASS (-1.85 vs -1.93, Δ+0.08) | 5m=PASS (1m=moderate_bullish, 5m=sideways)
     ⏳ Order 606 PENDING - awaiting fill confirmation
  💰 Daily P&L: $+1,687.50
  ✅ Fill: BOT 3.0 @ 7756.0
  📋 Order 606 status: PreSubmitted
  📋 Order 606 status: Submitted
  ✅ Fill: BOT 2.0 @ 7757.0
  📋 Order 606 status: Filled
  📤 Stop-Limit SELL 5 @ stop:7746.00 / lmt:7742.00 submitted (ID: 607) [OCA:exit_606_1786111686]
  📋 Order 607 status: PreSubmitted
  📤 Limit SELL 5 @ 7773.50 submitted (ID: 608) [OCA:exit_606_1786111686]
  📋 Order 608 status: PreSubmitted
  ✅ FILL CONFIRMED: LONG @ 7757.00 (order 606)
     📊 Bracket placed: SL #607 @ 7746.00 | TP #608 @ 7773.50
     Trail activates @ +7.5 pts

[2026-08-07 09:07] O:7757.25 H:7757.50 L:7753.25 C:7756.75 V:3702.0
  📈 Trend: moderate_bullish | 🌍 Regime: trending_bullish
  🗺️  Grid: 0.086% | 🔺 7757.25 🔻 7752.50
  📡 RSI: 38.8 | MACD: -1.78 | ATR: 5.57
  📊 Filled: 1 | Pending: 0
  📍 LONG @ 7757.00 | SL: 7746.00 | TP: 7773.50 | P&L: $-62.50 | +7.5 to trail
  💰 Daily P&L: $+1,687.50
  📋 Order 608 status: Submitted

[2026-08-07 09:08] O:7756.75 H:7758.25 L:7752.50 C:7755.25 V:3673.0
  📈 Trend: moderate_bullish (raw: strong_bearish) | 🌍 Regime: trending_bearish
  🗺️  Grid: 0.089% | 🔺 7757.50 🔻 7753.25
  📡 RSI: 37.6 | MACD: -1.83 | ATR: 5.77
  📊 Filled: 1 | Pending: 0
  📍 LONG @ 7757.00 | SL: 7746.00 | TP: 7773.50 | P&L: $-437.50 | +7.0 to trail
  💰 Daily P&L: $+1,687.50

[2026-08-07 09:09] O:7755.25 H:7755.25 L:7751.25 C:7752.50 V:3720.0
  📈 Trend: strong_bearish | 🌍 Regime: trending_bearish
  🗺️  Grid: 0.088% | 🔺 7758.25 🔻 7752.50
  📡 RSI: 36.6 | MACD: -2.06 | ATR: 5.70
  📊 Filled: 1 | Pending: 0
  📍 LONG @ 7757.00 | SL: 7746.00 | TP: 7773.50 | P&L: $-1,125.00 | +6.2 to trail
  💰 Daily P&L: $+1,687.50

[2026-08-07 09:10] O:7752.50 H:7754.75 L:7750.00 C:7754.50 V:5289.0
  📈 Trend: strong_bearish | 🌍 Regime: trending_bearish
  🗺️  Grid: 0.083% | 🔺 7755.25 🔻 7751.25
  📡 RSI: 46.5 | MACD: -2.06 | ATR: 5.39
  📊 Filled: 1 | Pending: 0
  📍 LONG @ 7757.00 | SL: 7746.00 | TP: 7773.50 | P&L: $-625.00 | +6.2 to trail
  💰 Daily P&L: $+1,687.50
  📋 Order 608 status: PreSubmitted
  📋 Order 608 status: PendingCancel
  ✅ Fill: SLD 5.0 @ 7746.0
  📋 Order 607 status: Filled
  📋 Order 608 status: Cancelled

[2026-08-07 09:11] O:7754.50 H:7755.50 L:7748.00 C:7748.50 V:4498.0
  📈 Trend: strong_bearish | 🌍 Regime: trending_bearish
  🗺️  Grid: 0.085% | 🔺 7754.75 🔻 7750.00
  📡 RSI: 44.4 | MACD: -2.52 | ATR: 5.52
  📊 Filled: 1 | Pending: 0
  📍 LONG @ 7757.00 | SL: 7746.00 | TP: 7773.50 | P&L: $-2,125.00 | +6.2 to trail
  ❌ EXIT LONG @ 7746.00 | Stop Loss
     P&L: -11.00 pts ($-2,750.00) | Daily: $-1,062.50
  ⏸️ Cooldown: 2 bar(s) remaining after exit
  💰 Daily P&L: $-1,062.50

[2026-08-07 09:12] O:7748.50 H:7748.50 L:7743.50 C:7747.25 V:6811.0
  📈 Trend: strong_bearish | 🌍 Regime: trending_bearish
  🗺️  Grid: 0.086% | 🔺 7755.50 🔻 7748.00
  📡 RSI: 42.2 | MACD: -2.95 | ATR: 5.55
  📊 Filled: 0 | Pending: 0
  ⏸️ Cooldown: 1 bar(s) remaining after exit
  💰 Daily P&L: $-1,062.50

[2026-08-07 09:13] O:7747.25 H:7750.00 L:7745.00 C:7748.25 V:4503.0
  📈 Trend: strong_bearish | 🌍 Regime: trending_bearish
  🗺️  Grid: 0.085% | 🔺 7748.50 🔻 7743.50
  📡 RSI: 38.5 | MACD: -3.17 | ATR: 5.46
  📊 Filled: 0 | Pending: 0
  💰 Daily P&L: $-1,062.50

[2026-08-07 09:14] O:7748.50 H:7749.50 L:7745.25 C:7745.75 V:3224.0
  📈 Trend: strong_bearish | 🌍 Regime: trending_bearish
  🗺️  Grid: 0.080% | 🔺 7750.00 🔻 7745.00
  📡 RSI: 28.8 | MACD: -3.51 | ATR: 5.18
  📊 Filled: 0 | Pending: 0
  💰 Daily P&L: $-1,062.50

[2026-08-07 09:15] O:7746.00 H:7751.50 L:7744.00 C:7751.00 V:4562.0
  📈 Trend: strong_bearish | 🌍 Regime: trending_bearish
  🗺️  Grid: 0.082% | 🔺 7749.50 🔻 7745.25
  📡 RSI: 41.9 | MACD: -3.32 | ATR: 5.27
  📊 Filled: 0 | Pending: 0
  💰 Daily P&L: $-1,062.50

[2026-08-07 09:16] O:7750.75 H:7755.25 L:7750.25 C:7754.50 V:3914.0
  📈 Trend: strong_bearish | 🌍 Regime: trending_bearish
  🗺️  Grid: 0.081% | 🔺 7751.50 🔻 7744.00
  📡 RSI: 42.6 | MACD: -2.85 | ATR: 5.21
  📊 Filled: 0 | Pending: 0
  💰 Daily P&L: $-1,062.50

[2026-08-07 09:17] O:7754.50 H:7759.25 L:7753.50 C:7756.25 V:5625.0
  📈 Trend: strong_bearish (raw: moderate_bearish) | 🌍 Regime: trending_bearish
  🗺️  Grid: 0.081% | 🔺 7755.25 🔻 7750.25
  📡 RSI: 50.7 | MACD: -2.31 | ATR: 5.23
  📊 Filled: 0 | Pending: 0
  💰 Daily P&L: $-1,062.50

[2026-08-07 09:18] O:7756.25 H:7761.50 L:7754.75 C:7761.50 V:4188.0
  📈 Trend: moderate_bearish | 🌍 Regime: trending_bearish
  🗺️  Grid: 0.083% | 🔺 7759.25 🔻 7753.50
  📡 RSI: 63.0 | MACD: -1.44 | ATR: 5.36
  📊 Filled: 0 | Pending: 0
  💰 Daily P&L: $-1,062.50

[2026-08-07 09:19] O:7761.50 H:7766.00 L:7761.00 C:7765.75 V:3631.0
  📈 Trend: moderate_bearish | 🌍 Regime: trending_bearish
  🗺️  Grid: 0.083% | 🔺 7761.50 🔻 7754.75
  📡 RSI: 64.6 | MACD: -0.40 | ATR: 5.38
  📊 Filled: 0 | Pending: 0
  💰 Daily P&L: $-1,062.50

[2026-08-07 09:20] O:7765.75 H:7767.50 L:7762.50 C:7764.75 V:4503.0
  📈 Trend: moderate_bearish (raw: moderate_bullish) | 🌍 Regime: trending_bullish
  🗺️  Grid: 0.083% | 🔺 7766.00 🔻 7761.00
  📡 RSI: 60.1 | MACD: 0.33 | ATR: 5.39
  📊 Filled: 0 | Pending: 0
  💰 Daily P&L: $-1,062.50

[2026-08-07 09:21] O:7764.75 H:7766.25 L:7763.25 C:7765.75 V:3427.0
  📈 Trend: moderate_bullish | 🌍 Regime: trending_bullish
  🗺️  Grid: 0.082% | 🔺 7767.50 🔻 7762.50
  📡 RSI: 61.5 | MACD: 0.99 | ATR: 5.30
  📊 Filled: 0 | Pending: 0
  💰 Daily P&L: $-1,062.50

[2026-08-07 09:22] O:7765.75 H:7766.25 L:7762.75 C:7763.75 V:2873.0
  📈 Trend: moderate_bullish | 🌍 Regime: trending_bullish
  🗺️  Grid: 0.080% | 🔺 7766.25 🔻 7763.25
  📡 RSI: 60.8 | MACD: 1.33 | ATR: 5.14
  📊 Filled: 0 | Pending: 0
  💰 Daily P&L: $-1,062.50

[2026-08-07 09:23] O:7763.75 H:7770.00 L:7763.50 C:7770.00 V:3426.0
  📈 Trend: moderate_bullish | 🌍 Regime: trending_bullish
  🗺️  Grid: 0.082% | 🔺 7766.25 🔻 7762.75
  📡 RSI: 70.3 | MACD: 2.08 | ATR: 5.32
  📊 Filled: 0 | Pending: 0
  💰 Daily P&L: $-1,062.50

[2026-08-07 09:24] O:7770.00 H:7770.25 L:7767.00 C:7767.75 V:3480.0
  📈 Trend: moderate_bullish (raw: strong_bullish) | 🌍 Regime: ranging
  🗺️  Grid: 0.081% | 🔺 7770.00 🔻 7763.50
  📡 RSI: 65.3 | MACD: 2.46 | ATR: 5.21
  📊 Filled: 0 | Pending: 0
  🔲 Regime: RANGING | Range pos: 89% | RSI: 65.3
  💰 Daily P&L: $-1,062.50

[2026-08-07 09:25] O:7768.00 H:7774.50 L:7767.75 C:7774.50 V:4274.0
  📈 Trend: strong_bullish | 🌍 Regime: ranging
  🗺️  Grid: 0.080% | 🔺 7770.25 🔻 7767.00
  📡 RSI: 79.5 | MACD: 3.27 | ATR: 5.16
  📊 Filled: 0 | Pending: 0
  🔲 Regime: RANGING | Range pos: 100% | RSI: 79.5
  🚫 Raw trend blocks RANGING SHORT | raw: strong_bullish
  💰 Daily P&L: $-1,062.50

[2026-08-07 09:26] O:7774.50 H:7776.25 L:7773.75 C:7774.75 V:3442.0
  📈 Trend: strong_bullish | 🌍 Regime: ranging
  🗺️  Grid: 0.080% | 🔺 7774.50 🔻 7767.75
  📡 RSI: 82.0 | MACD: 3.89 | ATR: 4.98
  📊 Filled: 0 | Pending: 0
  🔲 Regime: RANGING | Range pos: 95% | RSI: 82.0
  🚫 Raw trend blocks RANGING SHORT | raw: strong_bullish
  💰 Daily P&L: $-1,062.50

[2026-08-07 09:27] O:7774.75 H:7777.50 L:7773.50 C:7776.00 V:3647.0
  📈 Trend: strong_bullish | 🌍 Regime: trending_bullish
  🗺️  Grid: 0.080% | 🔺 7776.25 🔻 7773.75
  📡 RSI: 82.1 | MACD: 4.43 | ATR: 4.91
  📊 Filled: 0 | Pending: 0
  💰 Daily P&L: $-1,062.50

[2026-08-07 09:28] O:7776.00 H:7780.50 L:7775.25 C:7780.00 V:3471.0
  📈 Trend: strong_bullish | 🌍 Regime: trending_bullish
  🗺️  Grid: 0.080% | 🔺 7777.50 🔻 7773.50
  📡 RSI: 88.3 | MACD: 5.12 | ATR: 4.98
  📊 Filled: 0 | Pending: 0
  💰 Daily P&L: $-1,062.50

[2026-08-07 09:29] O:7780.00 H:7780.50 L:7777.50 C:7779.50 V:3476.0
  📈 Trend: strong_bullish | 🌍 Regime: trending_bullish
  🗺️  Grid: 0.080% | 🔺 7780.50 🔻 7775.25
  📡 RSI: 85.6 | MACD: 5.57 | ATR: 4.66
  📊 Filled: 0 | Pending: 0
  💰 Daily P&L: $-1,062.50

[2026-08-07 09:30] O:7779.25 H:7781.25 L:7773.75 C:7774.75 V:5062.0
  📈 Trend: strong_bullish | 🌍 Regime: trending_bullish
  🗺️  Grid: 0.080% | 🔺 7780.50 🔻 7777.50
  📡 RSI: 74.5 | MACD: 5.47 | ATR: 4.84
  📊 Filled: 0 | Pending: 0
  💰 Daily P&L: $-1,062.50

[2026-08-07 09:31] O:7774.50 H:7776.25 L:7771.75 C:7775.50 V:3660.0
  📈 Trend: strong_bullish | 🌍 Regime: trending_bullish
  🗺️  Grid: 0.080% | 🔺 7781.25 🔻 7773.75
  📡 RSI: 73.9 | MACD: 5.40 | ATR: 4.75
  📊 Filled: 0 | Pending: 0
  💰 Daily P&L: $-1,062.50

[2026-08-07 09:32] O:7775.50 H:7776.00 L:7773.75 C:7775.25 V:2313.0
  📈 Trend: strong_bullish | 🌍 Regime: trending_bullish
  🗺️  Grid: 0.080% | 🔺 7776.25 🔻 7771.75
  📡 RSI: 69.5 | MACD: 5.25 | ATR: 4.43
  📊 Filled: 0 | Pending: 0
  💰 Daily P&L: $-1,062.50

[2026-08-07 09:33] O:7775.25 H:7775.25 L:7771.75 C:7773.25 V:2642.0
  📈 Trend: strong_bullish | 🌍 Regime: trending_bullish
  🗺️  Grid: 0.080% | 🔺 7776.00 🔻 7773.75
  📡 RSI: 61.4 | MACD: 4.92 | ATR: 4.32
  📊 Filled: 0 | Pending: 0
  💰 Daily P&L: $-1,062.50

[2026-08-07 09:34] O:7773.25 H:7773.75 L:7771.50 C:7773.75 V:2415.0
  📈 Trend: strong_bullish | 🌍 Regime: trending_bullish
  🗺️  Grid: 0.080% | 🔺 7775.25 🔻 7771.75
  📡 RSI: 63.8 | MACD: 4.65 | ATR: 4.12
  📊 Filled: 0 | Pending: 0
  💰 Daily P&L: $-1,062.50

[2026-08-07 09:35] O:7773.75 H:7775.75 L:7768.75 C:7770.50 V:3848.0
  📈 Trend: strong_bullish | 🌍 Regime: trending_bullish
  🗺️  Grid: 0.080% | 🔺 7773.75 🔻 7771.50
  📡 RSI: 56.8 | MACD: 4.12 | ATR: 4.41
  📊 Filled: 0 | Pending: 0
  💰 Daily P&L: $-1,062.50

[2026-08-07 09:36] O:7770.25 H:7771.75 L:7768.00 C:7769.75 V:5607.0
  📈 Trend: strong_bullish | 🌍 Regime: trending_bullish
  🗺️  Grid: 0.080% | 🔺 7775.75 🔻 7768.75
  📡 RSI: 59.0 | MACD: 3.60 | ATR: 4.43
  📊 Filled: 0 | Pending: 0
  💰 Daily P&L: $-1,062.50

[2026-08-07 09:37] O:7769.75 H:7773.50 L:7769.50 C:7772.00 V:3361.0
  📈 Trend: strong_bullish | 🌍 Regime: trending_bullish
  🗺️  Grid: 0.080% | 🔺 7771.75 🔻 7768.00
  📡 RSI: 53.4 | MACD: 3.33 | ATR: 4.25
  📊 Filled: 0 | Pending: 0
  💰 Daily P&L: $-1,062.50

[2026-08-07 09:38] O:7772.25 H:7775.00 L:7770.25 C:7770.50 V:2828.0
  📈 Trend: strong_bullish | 🌍 Regime: trending_bullish
  🗺️  Grid: 0.080% | 🔺 7773.50 🔻 7769.50
  📡 RSI: 54.8 | MACD: 2.96 | ATR: 4.36
  📊 Filled: 0 | Pending: 0
  💰 Daily P&L: $-1,062.50

[2026-08-07 09:39] O:7770.50 H:7770.75 L:7764.50 C:7766.50 V:5089.0
  📈 Trend: strong_bullish | 🌍 Regime: trending_bullish
  🗺️  Grid: 0.080% | 🔺 7775.00 🔻 7770.25
  📡 RSI: 34.6 | MACD: 2.32 | ATR: 4.32
  📊 Filled: 0 | Pending: 0
  💰 Daily P&L: $-1,062.50

[2026-08-07 09:40] O:7766.50 H:7770.75 L:7765.50 C:7769.75 V:4454.0
  📈 Trend: strong_bullish | 🌍 Regime: trending_bullish
  🗺️  Grid: 0.080% | 🔺 7770.75 🔻 7764.50
  📡 RSI: 41.4 | MACD: 2.05 | ATR: 4.52
  📊 Filled: 0 | Pending: 0
  💰 Daily P&L: $-1,062.50

[2026-08-07 09:41] O:7769.75 H:7770.25 L:7766.75 C:7769.25 V:2702.0
  📈 Trend: strong_bullish | 🌍 Regime: trending_bullish
  🗺️  Grid: 0.080% | 🔺 7770.75 🔻 7765.50
  📡 RSI: 38.1 | MACD: 1.78 | ATR: 4.48
  📊 Filled: 0 | Pending: 0
  💰 Daily P&L: $-1,062.50

[2026-08-07 09:42] O:7769.00 H:7772.25 L:7767.25 C:7769.00 V:3114.0
  📈 Trend: strong_bullish (raw: moderate_bullish) | 🌍 Regime: trending_bullish
  🗺️  Grid: 0.080% | 🔺 7770.25 🔻 7766.75
  📡 RSI: 27.6 | MACD: 1.52 | ATR: 4.46
  📊 Filled: 0 | Pending: 0
  💰 Daily P&L: $-1,062.50

[2026-08-07 09:43] O:7769.00 H:7769.75 L:7765.75 C:7767.50 V:2811.0
  📈 Trend: moderate_bullish | 🌍 Regime: trending_bullish
  🗺️  Grid: 0.080% | 🔺 7772.25 🔻 7767.25
  📡 RSI: 26.5 | MACD: 1.18 | ATR: 4.54
  📊 Filled: 0 | Pending: 0
  💰 Daily P&L: $-1,062.50

[2026-08-07 09:44] O:7767.25 H:7768.25 L:7764.50 C:7767.25 V:2924.0
  📈 Trend: moderate_bullish | 🌍 Regime: trending_bullish
  🗺️  Grid: 0.080% | 🔺 7769.75 🔻 7765.75
  📡 RSI: 32.1 | MACD: 0.89 | ATR: 4.27
  📊 Filled: 0 | Pending: 0
  💰 Daily P&L: $-1,062.50

[2026-08-07 09:45] O:7767.25 H:7773.25 L:7767.00 C:7771.75 V:4074.0
  📈 Trend: moderate_bullish | 🌍 Regime: trending_bullish
  🗺️  Grid: 0.080% | 🔺 7768.25 🔻 7764.50
  📡 RSI: 42.4 | MACD: 1.00 | ATR: 4.39
  📊 Filled: 0 | Pending: 0
  💰 Daily P&L: $-1,062.50

[2026-08-07 09:46] O:7772.00 H:7773.75 L:7769.75 C:7772.75 V:2776.0
  📈 Trend: moderate_bullish | 🌍 Regime: trending_bullish
  🗺️  Grid: 0.080% | 🔺 7773.25 🔻 7767.00
  📡 RSI: 45.1 | MACD: 1.16 | ATR: 4.52
  📊 Filled: 0 | Pending: 0
  💰 Daily P&L: $-1,062.50

[2026-08-07 09:47] O:7772.75 H:7774.25 L:7772.00 C:7774.25 V:2179.0
  📈 Trend: moderate_bullish | 🌍 Regime: trending_bullish
  🗺️  Grid: 0.080% | 🔺 7773.75 🔻 7769.75
  📡 RSI: 52.0 | MACD: 1.39 | ATR: 4.43
  📊 Filled: 0 | Pending: 0
  💰 Daily P&L: $-1,062.50

[2026-08-07 09:48] O:7774.25 H:7774.75 L:7770.75 C:7771.75 V:1931.0
  📈 Trend: moderate_bullish | 🌍 Regime: trending_bullish
  🗺️  Grid: 0.080% | 🔺 7774.25 🔻 7772.00
  📡 RSI: 46.3 | MACD: 1.36 | ATR: 4.55
  📊 Filled: 0 | Pending: 0
  💰 Daily P&L: $-1,062.50

[2026-08-07 09:49] O:7772.00 H:7772.75 L:7770.00 C:7771.50 V:2116.0
  📈 Trend: moderate_bullish | 🌍 Regime: trending_bullish
  🗺️  Grid: 0.080% | 🔺 7774.75 🔻 7770.75
  📡 RSI: 52.1 | MACD: 1.30 | ATR: 4.25
  📊 Filled: 0 | Pending: 0
  💰 Daily P&L: $-1,062.50

[2026-08-07 09:50] O:7771.75 H:7772.75 L:7770.75 C:7771.75 V:2252.0
  📈 Trend: moderate_bullish | 🌍 Regime: trending_bullish
  🗺️  Grid: 0.080% | 🔺 7772.75 🔻 7770.00
  📡 RSI: 54.3 | MACD: 1.25 | ATR: 4.12
  📊 Filled: 0 | Pending: 0
  💰 Daily P&L: $-1,062.50

[2026-08-07 09:51] O:7772.00 H:7772.50 L:7766.75 C:7768.50 V:2480.0
  📈 Trend: moderate_bullish | 🌍 Regime: trending_bullish
  🗺️  Grid: 0.080% | 🔺 7772.75 🔻 7770.75
  📡 RSI: 42.9 | MACD: 0.94 | ATR: 4.25
  📊 Filled: 0 | Pending: 0
  💰 Daily P&L: $-1,062.50

[2026-08-07 09:52] O:7768.50 H:7770.25 L:7766.25 C:7769.00 V:2106.0
  📈 Trend: moderate_bullish | 🌍 Regime: trending_bullish
  🗺️  Grid: 0.080% | 🔺 7772.50 🔻 7766.75
  📡 RSI: 46.8 | MACD: 0.73 | ATR: 4.20
  📊 Filled: 0 | Pending: 0
  💰 Daily P&L: $-1,062.50

[2026-08-07 09:53] O:7769.00 H:7770.75 L:7768.50 C:7769.75 V:1697.0
  📈 Trend: moderate_bullish | 🌍 Regime: trending_bullish
  🗺️  Grid: 0.080% | 🔺 7770.25 🔻 7766.25
  📡 RSI: 58.0 | MACD: 0.62 | ATR: 3.91
  📊 Filled: 0 | Pending: 0
  💰 Daily P&L: $-1,062.50

[2026-08-07 09:54] O:7769.75 H:7771.50 L:7768.50 C:7769.75 V:2030.0
  📈 Trend: moderate_bullish | 🌍 Regime: trending_bullish
  🗺️  Grid: 0.080% | 🔺 7770.75 🔻 7768.50
  📡 RSI: 50.0 | MACD: 0.52 | ATR: 3.75
  📊 Filled: 0 | Pending: 0
  💰 Daily P&L: $-1,062.50

[2026-08-07 09:55] O:7769.75 H:7773.25 L:7769.25 C:7773.00 V:2239.0
  📈 Trend: moderate_bullish (raw: strong_bullish) | 🌍 Regime: trending_bullish
  🗺️  Grid: 0.080% | 🔺 7771.50 🔻 7768.50
  📡 RSI: 59.5 | MACD: 0.70 | ATR: 3.79
  📊 Filled: 0 | Pending: 0
  💰 Daily P&L: $-1,062.50

[2026-08-07 09:56] O:7773.00 H:7774.25 L:7771.50 C:7772.00 V:2307.0
  📈 Trend: moderate_bullish | 🌍 Regime: trending_bullish
  🗺️  Grid: 0.080% | 🔺 7773.25 🔻 7769.25
  📡 RSI: 57.3 | MACD: 0.75 | ATR: 3.62
  📊 Filled: 0 | Pending: 0
  💰 Daily P&L: $-1,062.50

[2026-08-07 09:57] O:7772.00 H:7775.00 L:7771.75 C:7774.00 V:2047.0
  📈 Trend: moderate_bullish (raw: strong_bullish) | 🌍 Regime: trending_bullish
  🗺️  Grid: 0.080% | 🔺 7774.25 🔻 7771.50
  📡 RSI: 65.5 | MACD: 0.94 | ATR: 3.57
  📊 Filled: 0 | Pending: 0
  💰 Daily P&L: $-1,062.50

[2026-08-07 09:58] O:7774.25 H:7777.50 L:7774.25 C:7776.75 V:2260.0
  📈 Trend: strong_bullish | 🌍 Regime: trending_bullish
  🗺️  Grid: 0.080% | 🔺 7775.00 🔻 7771.75
  📡 RSI: 70.2 | MACD: 1.30 | ATR: 3.55
  📊 Filled: 0 | Pending: 0
  💰 Daily P&L: $-1,062.50

[2026-08-07 09:59] O:7776.75 H:7777.00 L:7773.25 C:7776.25 V:1517.0
  📈 Trend: strong_bullish | 🌍 Regime: ranging
  🗺️  Grid: 0.080% | 🔺 7777.50 🔻 7774.25
  📡 RSI: 61.5 | MACD: 1.53 | ATR: 3.38
  📊 Filled: 0 | Pending: 0
  🔲 Regime: RANGING | Range pos: 87% | RSI: 61.5
  💰 Daily P&L: $-1,062.50

[2026-08-07 10:00] O:7776.25 H:7776.75 L:7774.00 C:7775.00 V:3392.0
  📈 Trend: strong_bullish | 🌍 Regime: ranging
  🗺️  Grid: 0.080% | 🔺 7777.00 🔻 7773.25
  📡 RSI: 55.7 | MACD: 1.59 | ATR: 3.29
  📊 Filled: 0 | Pending: 0
  🔲 Regime: RANGING | Range pos: 83% | RSI: 55.7
  💰 Daily P&L: $-1,062.50

[2026-08-07 10:01] O:7775.25 H:7775.75 L:7772.00 C:7772.75 V:2525.0
  📈 Trend: strong_bullish | 🌍 Regime: trending_bullish
  🗺️  Grid: 0.080% | 🔺 7776.75 🔻 7774.00
  📡 RSI: 46.3 | MACD: 1.44 | ATR: 3.39
  📊 Filled: 0 | Pending: 0
  💰 Daily P&L: $-1,062.50

[2026-08-07 10:02] O:7773.00 H:7774.25 L:7771.25 C:7773.75 V:2678.0
  📈 Trend: strong_bullish | 🌍 Regime: trending_bullish
  🗺️  Grid: 0.080% | 🔺 7775.75 🔻 7772.00
  📡 RSI: 55.3 | MACD: 1.38 | ATR: 3.32
  📊 Filled: 0 | Pending: 0
  💰 Daily P&L: $-1,062.50

[2026-08-07 10:03] O:7773.75 H:7776.00 L:7772.50 C:7775.50 V:1561.0
  📈 Trend: strong_bullish | 🌍 Regime: trending_bullish
  🗺️  Grid: 0.080% | 🔺 7774.25 🔻 7771.25
  📡 RSI: 59.8 | MACD: 1.46 | ATR: 3.38
  📊 Filled: 0 | Pending: 0
  💰 Daily P&L: $-1,062.50

[2026-08-07 10:04] O:7775.50 H:7776.00 L:7774.50 C:7775.00 V:1471.0
  📈 Trend: strong_bullish | 🌍 Regime: trending_bullish
  🗺️  Grid: 0.080% | 🔺 7776.00 🔻 7772.50
  📡 RSI: 57.8 | MACD: 1.47 | ATR: 3.34
  📊 Filled: 0 | Pending: 0
  💰 Daily P&L: $-1,062.50

[2026-08-07 10:05] O:7775.25 H:7777.00 L:7774.75 C:7776.00 V:2225.0
  📈 Trend: strong_bullish | 🌍 Regime: trending_bullish
  🗺️  Grid: 0.080% | 🔺 7776.00 🔻 7774.50
  📡 RSI: 70.3 | MACD: 1.54 | ATR: 3.09
  📊 Filled: 0 | Pending: 0
  💰 Daily P&L: $-1,062.50

[2026-08-07 10:06] O:7776.00 H:7777.25 L:7775.50 C:7777.00 V:1716.0
  📈 Trend: strong_bullish | 🌍 Regime: trending_bullish
  🗺️  Grid: 0.080% | 🔺 7777.00 🔻 7774.75
  📡 RSI: 71.1 | MACD: 1.65 | ATR: 2.93
  📊 Filled: 0 | Pending: 0
  💰 Daily P&L: $-1,062.50

[2026-08-07 10:07] O:7777.00 H:7778.00 L:7775.25 C:7775.25 V:1901.0
  📈 Trend: strong_bullish | 🌍 Regime: trending_bullish
  🗺️  Grid: 0.080% | 🔺 7777.25 🔻 7775.50
  📡 RSI: 63.8 | MACD: 1.59 | ATR: 2.96
  📊 Filled: 0 | Pending: 0
  💰 Daily P&L: $-1,062.50

[2026-08-07 10:08] O:7775.25 H:7777.75 L:7774.75 C:7777.50 V:1436.0
  📈 Trend: strong_bullish | 🌍 Regime: trending_bullish
  🗺️  Grid: 0.080% | 🔺 7778.00 🔻 7775.25
  📡 RSI: 67.4 | MACD: 1.69 | ATR: 2.96
  📊 Filled: 0 | Pending: 0
  💰 Daily P&L: $-1,062.50

[2026-08-07 10:09] O:7777.75 H:7778.00 L:7776.00 C:7777.00 V:1490.0
  📈 Trend: strong_bullish | 🌍 Regime: trending_bullish
  🗺️  Grid: 0.080% | 🔺 7777.75 🔻 7774.75
  📡 RSI: 60.3 | MACD: 1.72 | ATR: 2.82
  📊 Filled: 0 | Pending: 0
  💰 Daily P&L: $-1,062.50

[2026-08-07 10:10] O:7777.25 H:7780.75 L:7777.25 C:7780.00 V:2896.0
  📈 Trend: strong_bullish | 🌍 Regime: trending_bullish
  🗺️  Grid: 0.080% | 🔺 7778.00 🔻 7776.00
  📡 RSI: 68.6 | MACD: 1.96 | ATR: 2.89
  📊 Filled: 0 | Pending: 0
  💰 Daily P&L: $-1,062.50

[2026-08-07 10:11] O:7780.25 H:7781.75 L:7777.00 C:7777.25 V:2531.0
  📈 Trend: strong_bullish | 🌍 Regime: trending_bullish
  🗺️  Grid: 0.080% | 🔺 7780.75 🔻 7777.25
  📡 RSI: 57.3 | MACD: 1.91 | ATR: 3.00
  📊 Filled: 0 | Pending: 0
  💰 Daily P&L: $-1,062.50

[2026-08-07 10:12] O:7777.25 H:7779.00 L:7775.00 C:7775.25 V:1910.0
  📈 Trend: strong_bullish | 🌍 Regime: trending_bullish
  🗺️  Grid: 0.080% | 🔺 7781.75 🔻 7777.00
  📡 RSI: 46.5 | MACD: 1.68 | ATR: 3.04
  📊 Filled: 0 | Pending: 0
  💰 Daily P&L: $-1,062.50

[2026-08-07 10:13] O:7775.50 H:7777.00 L:7774.00 C:7776.50 V:2112.0
  📈 Trend: strong_bullish | 🌍 Regime: trending_bullish
  🗺️  Grid: 0.080% | 🔺 7779.00 🔻 7775.00
  📡 RSI: 50.6 | MACD: 1.59 | ATR: 2.98
  📊 Filled: 0 | Pending: 0
  💰 Daily P&L: $-1,062.50

[2026-08-07 10:14] O:7776.50 H:7778.75 L:7776.00 C:7778.75 V:1824.0
  📈 Trend: strong_bullish | 🌍 Regime: trending_bullish
  🗺️  Grid: 0.080% | 🔺 7777.00 🔻 7774.00
  📡 RSI: 58.1 | MACD: 1.68 | ATR: 2.98
  📊 Filled: 0 | Pending: 0
  💰 Daily P&L: $-1,062.50

[2026-08-07 10:15] O:7778.75 H:7778.75 L:7776.50 C:7777.00 V:1796.0
  📈 Trend: strong_bullish | 🌍 Regime: trending_bullish
  🗺️  Grid: 0.080% | 🔺 7778.75 🔻 7776.00
  📡 RSI: 59.3 | MACD: 1.59 | ATR: 2.88
  📊 Filled: 0 | Pending: 0
  💰 Daily P&L: $-1,062.50

[2026-08-07 10:16] O:7777.00 H:7779.25 L:7776.75 C:7778.25 V:1739.0
  📈 Trend: strong_bullish | 🌍 Regime: trending_bullish
  🗺️  Grid: 0.080% | 🔺 7778.75 🔻 7776.50
  📡 RSI: 59.8 | MACD: 1.60 | ATR: 2.84
  📊 Filled: 0 | Pending: 0
  💰 Daily P&L: $-1,062.50

[2026-08-07 10:17] O:7778.25 H:7778.25 L:7775.25 C:7776.00 V:2016.0
  📈 Trend: strong_bullish (raw: moderate_bullish) | 🌍 Regime: trending_bullish
  🗺️  Grid: 0.080% | 🔺 7779.25 🔻 7776.75
  📡 RSI: 51.1 | MACD: 1.41 | ATR: 2.80
  📊 Filled: 0 | Pending: 0
  💰 Daily P&L: $-1,062.50

[2026-08-07 10:18] O:7776.00 H:7777.25 L:7775.50 C:7777.00 V:1068.0
  📈 Trend: strong_bullish | 🌍 Regime: trending_bullish
  🗺️  Grid: 0.080% | 🔺 7778.25 🔻 7775.25
  📡 RSI: 54.2 | MACD: 1.32 | ATR: 2.82
  📊 Filled: 0 | Pending: 0
  💰 Daily P&L: $-1,062.50

[2026-08-07 10:19] O:7777.00 H:7777.00 L:7775.50 C:7776.25 V:1948.0
  📈 Trend: strong_bullish | 🌍 Regime: trending_bullish
  🗺️  Grid: 0.080% | 🔺 7777.25 🔻 7775.50
  📡 RSI: 50.5 | MACD: 1.18 | ATR: 2.77
  📊 Filled: 0 | Pending: 0
  💰 Daily P&L: $-1,062.50

[2026-08-07 10:20] O:7776.25 H:7778.75 L:7775.75 C:7778.50 V:1315.0
  📈 Trend: strong_bullish | 🌍 Regime: trending_bullish
  🗺️  Grid: 0.080% | 🔺 7777.00 🔻 7775.50
  📡 RSI: 53.0 | MACD: 1.24 | ATR: 2.86
  📊 Filled: 0 | Pending: 0
  💰 Daily P&L: $-1,062.50

[2026-08-07 10:21] O:7778.25 H:7778.75 L:7776.00 C:7778.75 V:1105.0
  📈 Trend: strong_bullish | 🌍 Regime: trending_bullish
  🗺️  Grid: 0.080% | 🔺 7778.75 🔻 7775.75
  📡 RSI: 57.4 | MACD: 1.29 | ATR: 2.86
  📊 Filled: 0 | Pending: 0
  💰 Daily P&L: $-1,062.50

[2026-08-07 10:22] O:7778.50 H:7781.00 L:7778.25 C:7780.75 V:1760.0
  📈 Trend: strong_bullish | 🌍 Regime: trending_bullish
  🗺️  Grid: 0.080% | 🔺 7778.75 🔻 7776.00
  📡 RSI: 57.0 | MACD: 1.47 | ATR: 2.84
  📊 Filled: 0 | Pending: 0
  💰 Daily P&L: $-1,062.50

[2026-08-07 10:23] O:7780.75 H:7783.75 L:7779.50 C:7781.75 V:3303.0
  📈 Trend: strong_bullish | 🌍 Regime: trending_bullish
  🗺️  Grid: 0.080% | 🔺 7781.00 🔻 7778.25
  📡 RSI: 60.0 | MACD: 1.68 | ATR: 3.00
  📊 Filled: 0 | Pending: 0
  💰 Daily P&L: $-1,062.50

[2026-08-07 10:24] O:7781.75 H:7784.00 L:7781.50 C:7783.25 V:2692.0
  📈 Trend: strong_bullish | 🌍 Regime: trending_bullish
  🗺️  Grid: 0.080% | 🔺 7783.75 🔻 7779.50
  📡 RSI: 57.3 | MACD: 1.94 | ATR: 2.91
  📊 Filled: 0 | Pending: 0
  💰 Daily P&L: $-1,062.50

[2026-08-07 10:25] O:7783.25 H:7785.50 L:7782.25 C:7785.25 V:2433.0
  📈 Trend: strong_bullish | 🌍 Regime: trending_bullish
  🗺️  Grid: 0.080% | 🔺 7784.00 🔻 7781.50
  📡 RSI: 68.6 | MACD: 2.28 | ATR: 2.80
  📊 Filled: 0 | Pending: 0
  💰 Daily P&L: $-1,062.50

[2026-08-07 10:26] O:7785.25 H:7786.75 L:7784.25 C:7785.25 V:2682.0
  📈 Trend: strong_bullish | 🌍 Regime: trending_bullish
  🗺️  Grid: 0.080% | 🔺 7785.50 🔻 7782.25
  📡 RSI: 75.6 | MACD: 2.53 | ATR: 2.70
  📊 Filled: 0 | Pending: 0
  💰 Daily P&L: $-1,062.50

[2026-08-07 10:27] O:7785.25 H:7786.25 L:7784.75 C:7786.25 V:2067.0
  📈 Trend: strong_bullish | 🌍 Regime: trending_bullish
  🗺️  Grid: 0.080% | 🔺 7786.75 🔻 7784.25
  📡 RSI: 75.3 | MACD: 2.77 | ATR: 2.59
  📊 Filled: 0 | Pending: 0
  💰 Daily P&L: $-1,062.50

[2026-08-07 10:28] O:7786.25 H:7786.25 L:7784.25 C:7785.00 V:1708.0
  📈 Trend: strong_bullish | 🌍 Regime: trending_bullish
  🗺️  Grid: 0.080% | 🔺 7786.25 🔻 7784.75
  📡 RSI: 67.1 | MACD: 2.82 | ATR: 2.54
  📊 Filled: 0 | Pending: 0
  💰 Daily P&L: $-1,062.50

[2026-08-07 10:29] O:7784.75 H:7785.50 L:7783.75 C:7784.25 V:1579.0
  📈 Trend: strong_bullish | 🌍 Regime: trending_bullish
  🗺️  Grid: 0.080% | 🔺 7786.25 🔻 7784.25
  📡 RSI: 71.0 | MACD: 2.78 | ATR: 2.50
  📊 Filled: 0 | Pending: 0
  💰 Daily P&L: $-1,062.50

[2026-08-07 10:30] O:7784.00 H:7786.25 L:7784.00 C:7785.75 V:3302.0
  📈 Trend: strong_bullish | 🌍 Regime: ranging
  🗺️  Grid: 0.080% | 🔺 7785.50 🔻 7783.75
  📡 RSI: 71.4 | MACD: 2.83 | ATR: 2.48
  📊 Filled: 0 | Pending: 0
  🔲 Regime: RANGING | Range pos: 98% | RSI: 71.4
  🚫 Raw trend blocks RANGING SHORT | raw: strong_bullish
  💰 Daily P&L: $-1,062.50

[2026-08-07 10:31] O:7785.75 H:7786.25 L:7784.25 C:7784.75 V:2298.0
  📈 Trend: strong_bullish | 🌍 Regime: ranging
  🗺️  Grid: 0.080% | 🔺 7786.25 🔻 7784.00
  📡 RSI: 76.9 | MACD: 2.76 | ATR: 2.41
  📊 Filled: 0 | Pending: 0
  🔲 Regime: RANGING | Range pos: 95% | RSI: 76.9
  🚫 Raw trend blocks RANGING SHORT | raw: strong_bullish
  💰 Daily P&L: $-1,062.50

[2026-08-07 10:32] O:7784.75 H:7786.75 L:7784.50 C:7786.75 V:2381.0
  📈 Trend: strong_bullish | 🌍 Regime: ranging
  🗺️  Grid: 0.080% | 🔺 7786.25 🔻 7784.25
  📡 RSI: 78.3 | MACD: 2.83 | ATR: 2.45
  📊 Filled: 0 | Pending: 0
  🔲 Regime: RANGING | Range pos: 100% | RSI: 78.3
  🚫 Raw trend blocks RANGING SHORT | raw: strong_bullish
  💰 Daily P&L: $-1,062.50

[2026-08-07 10:33] O:7786.50 H:7786.75 L:7782.50 C:7782.75 V:2306.0
  📈 Trend: strong_bullish | 🌍 Regime: ranging
  🗺️  Grid: 0.080% | 🔺 7786.75 🔻 7784.50
  📡 RSI: 65.9 | MACD: 2.53 | ATR: 2.64
  📊 Filled: 0 | Pending: 0
  🔲 Regime: RANGING | Range pos: 91% | RSI: 65.9
  💰 Daily P&L: $-1,062.50

[2026-08-07 10:34] O:7782.50 H:7783.50 L:7781.50 C:7782.00 V:3046.0
  📈 Trend: strong_bullish | 🌍 Regime: ranging
  🗺️  Grid: 0.080% | 🔺 7786.75 🔻 7782.50
  📡 RSI: 59.2 | MACD: 2.21 | ATR: 2.57
  📊 Filled: 0 | Pending: 0
  🔲 Regime: RANGING | Range pos: 89% | RSI: 59.2
  💰 Daily P&L: $-1,062.50

[2026-08-07 10:35] O:7782.00 H:7782.75 L:7779.50 C:7780.25 V:3728.0
  📈 Trend: strong_bullish | 🌍 Regime: ranging
  🗺️  Grid: 0.080% | 🔺 7783.50 🔻 7781.50
  📡 RSI: 53.7 | MACD: 1.80 | ATR: 2.61
  📊 Filled: 0 | Pending: 0
  🔲 Regime: RANGING | Range pos: 85% | RSI: 53.7
  💰 Daily P&L: $-1,062.50

[2026-08-07 10:36] O:7780.00 H:7782.50 L:7779.75 C:7781.50 V:2315.0
  📈 Trend: strong_bullish | 🌍 Regime: ranging
  🗺️  Grid: 0.080% | 🔺 7782.75 🔻 7779.50
  📡 RSI: 51.9 | MACD: 1.55 | ATR: 2.61
  📊 Filled: 0 | Pending: 0
  🔲 Regime: RANGING | Range pos: 88% | RSI: 51.9
  💰 Daily P&L: $-1,062.50

[2026-08-07 10:37] O:7781.50 H:7783.25 L:7780.75 C:7783.00 V:1772.0
  📈 Trend: strong_bullish | 🌍 Regime: ranging
  🗺️  Grid: 0.080% | 🔺 7782.50 🔻 7779.75
  📡 RSI: 53.1 | MACD: 1.46 | ATR: 2.48
  📊 Filled: 0 | Pending: 0
  🔲 Regime: RANGING | Range pos: 91% | RSI: 53.1
  💰 Daily P&L: $-1,062.50

[2026-08-07 10:38] O:7783.00 H:7783.25 L:7781.25 C:7781.75 V:1412.0
  📈 Trend: strong_bullish | 🌍 Regime: ranging
  🗺️  Grid: 0.080% | 🔺 7783.25 🔻 7780.75
  📡 RSI: 46.2 | MACD: 1.27 | ATR: 2.45
  📊 Filled: 0 | Pending: 0
  🔲 Regime: RANGING | Range pos: 88% | RSI: 46.2
  💰 Daily P&L: $-1,062.50

[2026-08-07 10:39] O:7781.75 H:7783.00 L:7781.25 C:7781.50 V:1436.0
  📈 Trend: strong_bullish | 🌍 Regime: ranging
  🗺️  Grid: 0.080% | 🔺 7783.25 🔻 7781.25
  📡 RSI: 39.7 | MACD: 1.09 | ATR: 2.34
  📊 Filled: 0 | Pending: 0
  🔲 Regime: RANGING | Range pos: 88% | RSI: 39.7
  💰 Daily P&L: $-1,062.50

[2026-08-07 10:40] O:7781.75 H:7784.00 L:7781.75 C:7782.00 V:1513.0
  📈 Trend: strong_bullish | 🌍 Regime: ranging
  🗺️  Grid: 0.080% | 🔺 7783.00 🔻 7781.25
  📡 RSI: 41.3 | MACD: 0.98 | ATR: 2.34
  📊 Filled: 0 | Pending: 0
  🔲 Regime: RANGING | Range pos: 89% | RSI: 41.3
  💰 Daily P&L: $-1,062.50

[2026-08-07 10:41] O:7782.00 H:7782.50 L:7777.50 C:7777.75 V:2499.0
  📈 Trend: strong_bullish (raw: moderate_bullish) | 🌍 Regime: ranging
  🗺️  Grid: 0.080% | 🔺 7784.00 🔻 7781.75
  📡 RSI: 30.7 | MACD: 0.54 | ATR: 2.59
  📊 Filled: 0 | Pending: 0
  🔲 Regime: RANGING | Range pos: 79% | RSI: 30.7
  💰 Daily P&L: $-1,062.50

[2026-08-07 10:42] O:7778.00 H:7778.75 L:7776.75 C:7777.50 V:2242.0
  📈 Trend: moderate_bullish | 🌍 Regime: ranging
  🗺️  Grid: 0.080% | 🔺 7782.50 🔻 7777.50
  📡 RSI: 32.1 | MACD: 0.17 | ATR: 2.59
  📊 Filled: 0 | Pending: 0
  🔲 Regime: RANGING | Range pos: 79% | RSI: 32.1
  💰 Daily P&L: $-1,062.50

[2026-08-07 10:43] O:7777.50 H:7779.00 L:7776.50 C:7778.50 V:1504.0
  📈 Trend: moderate_bullish | 🌍 Regime: ranging
  🗺️  Grid: 0.080% | 🔺 7778.75 🔻 7776.75
  📡 RSI: 36.5 | MACD: -0.05 | ATR: 2.64
  📊 Filled: 0 | Pending: 0
  🔲 Regime: RANGING | Range pos: 81% | RSI: 36.5
  💰 Daily P&L: $-1,062.50

[2026-08-07 10:44] O:7778.25 H:7781.00 L:7778.00 C:7779.50 V:1770.0
  📈 Trend: moderate_bullish | 🌍 Regime: ranging
  🗺️  Grid: 0.080% | 🔺 7779.00 🔻 7776.50
  📡 RSI: 34.9 | MACD: -0.13 | ATR: 2.70
  📊 Filled: 0 | Pending: 0
  🔲 Regime: RANGING | Range pos: 83% | RSI: 34.9
  💰 Daily P&L: $-1,062.50

[2026-08-07 10:45] O:7779.50 H:7780.25 L:7778.00 C:7779.50 V:1631.0
  📈 Trend: moderate_bullish | 🌍 Regime: ranging
  🗺️  Grid: 0.080% | 🔺 7781.00 🔻 7778.00
  📡 RSI: 36.7 | MACD: -0.20 | ATR: 2.71
  📊 Filled: 0 | Pending: 0
  🔲 Regime: RANGING | Range pos: 83% | RSI: 36.7
  💰 Daily P&L: $-1,062.50

[2026-08-07 10:46] O:7779.50 H:7781.50 L:7778.75 C:7780.00 V:1727.0
  📈 Trend: moderate_bullish | 🌍 Regime: ranging
  🗺️  Grid: 0.080% | 🔺 7780.25 🔻 7778.00
  📡 RSI: 31.5 | MACD: -0.21 | ATR: 2.75
  📊 Filled: 0 | Pending: 0
  🔲 Regime: RANGING | Range pos: 84% | RSI: 31.5
  💰 Daily P&L: $-1,062.50

[2026-08-07 10:47] O:7780.25 H:7780.75 L:7778.75 C:7780.00 V:1109.0
  📈 Trend: moderate_bullish | 🌍 Regime: ranging
  🗺️  Grid: 0.080% | 🔺 7781.50 🔻 7778.75
  📡 RSI: 40.4 | MACD: -0.21 | ATR: 2.59
  📊 Filled: 0 | Pending: 0
  🔲 Regime: RANGING | Range pos: 84% | RSI: 40.4
  💰 Daily P&L: $-1,062.50

[2026-08-07 10:48] O:7780.00 H:7781.50 L:7779.75 C:7780.50 V:1168.0
  📈 Trend: moderate_bullish | 🌍 Regime: ranging
  🗺️  Grid: 0.080% | 🔺 7780.75 🔻 7778.75
  📡 RSI: 44.6 | MACD: -0.17 | ATR: 2.57
  📊 Filled: 0 | Pending: 0
  🔲 Regime: RANGING | Range pos: 86% | RSI: 44.6
  💰 Daily P&L: $-1,062.50

[2026-08-07 10:49] O:7780.50 H:7783.75 L:7780.00 C:7783.00 V:1431.0
  📈 Trend: moderate_bullish | 🌍 Regime: ranging
  🗺️  Grid: 0.080% | 🔺 7781.50 🔻 7779.75
  📡 RSI: 59.3 | MACD: 0.06 | ATR: 2.61
  📊 Filled: 0 | Pending: 0
  🔲 Regime: RANGING | Range pos: 91% | RSI: 59.3
  💰 Daily P&L: $-1,062.50

[2026-08-07 10:50] O:7783.25 H:7784.00 L:7782.00 C:7784.00 V:1429.0
  📈 Trend: moderate_bullish (raw: strong_bullish) | 🌍 Regime: ranging
  🗺️  Grid: 0.080% | 🔺 7783.75 🔻 7780.00
  📡 RSI: 58.6 | MACD: 0.32 | ATR: 2.55
  📊 Filled: 0 | Pending: 0
  🔲 Regime: RANGING | Range pos: 94% | RSI: 58.6
  💰 Daily P&L: $-1,062.50

[2026-08-07 10:51] O:7783.75 H:7784.00 L:7782.25 C:7782.50 V:1138.0
  📈 Trend: strong_bullish | 🌍 Regime: ranging
  🗺️  Grid: 0.080% | 🔺 7784.00 🔻 7782.00
  📡 RSI: 48.3 | MACD: 0.40 | ATR: 2.50
  📊 Filled: 0 | Pending: 0
  🔲 Regime: RANGING | Range pos: 90% | RSI: 48.3
  💰 Daily P&L: $-1,062.50

[2026-08-07 10:52] O:7782.50 H:7783.25 L:7780.50 C:7781.25 V:2096.0
  📈 Trend: strong_bullish | 🌍 Regime: ranging
  🗺️  Grid: 0.080% | 🔺 7784.00 🔻 7782.25
  📡 RSI: 48.3 | MACD: 0.36 | ATR: 2.55
  📊 Filled: 0 | Pending: 0
  🔲 Regime: RANGING | Range pos: 87% | RSI: 48.3
  💰 Daily P&L: $-1,062.50

[2026-08-07 10:53] O:7781.50 H:7781.50 L:7778.00 C:7779.75 V:1722.0
  📈 Trend: strong_bullish (raw: moderate_bullish) | 🌍 Regime: ranging
  🗺️  Grid: 0.080% | 🔺 7783.25 🔻 7780.50
  📡 RSI: 44.4 | MACD: 0.20 | ATR: 2.68
  📊 Filled: 0 | Pending: 0
  🔲 Regime: RANGING | Range pos: 84% | RSI: 44.4
  💰 Daily P&L: $-1,062.50

[2026-08-07 10:54] O:7780.00 H:7781.00 L:7778.75 C:7780.75 V:1658.0
  📈 Trend: strong_bullish | 🌍 Regime: ranging
  🗺️  Grid: 0.080% | 🔺 7781.50 🔻 7778.00
  📡 RSI: 46.2 | MACD: 0.16 | ATR: 2.66
  📊 Filled: 0 | Pending: 0
  🔲 Regime: RANGING | Range pos: 86% | RSI: 46.2
  💰 Daily P&L: $-1,062.50

[2026-08-07 10:55] O:7780.50 H:7781.00 L:7779.25 C:7779.50 V:1006.0
  📈 Trend: strong_bullish (raw: moderate_bullish) | 🌍 Regime: ranging
  🗺️  Grid: 0.080% | 🔺 7781.00 🔻 7778.75
  📡 RSI: 56.6 | MACD: 0.02 | ATR: 2.43
  📊 Filled: 0 | Pending: 0
  🔲 Regime: RANGING | Range pos: 83% | RSI: 56.6
  💰 Daily P&L: $-1,062.50

[2026-08-07 10:56] O:7779.50 H:7779.75 L:7778.00 C:7779.25 V:1680.0
  📈 Trend: moderate_bullish | 🌍 Regime: ranging
  🗺️  Grid: 0.080% | 🔺 7781.00 🔻 7779.25
  📡 RSI: 56.6 | MACD: -0.11 | ATR: 2.41
  📊 Filled: 0 | Pending: 0
  🔲 Regime: RANGING | Range pos: 83% | RSI: 56.6
  💰 Daily P&L: $-1,062.50

[2026-08-07 10:57] O:7779.25 H:7779.25 L:7776.75 C:7776.75 V:1377.0
  📈 Trend: moderate_bullish (raw: strong_bearish) | 🌍 Regime: ranging
  🗺️  Grid: 0.080% | 🔺 7779.75 🔻 7778.00
  📡 RSI: 44.1 | MACD: -0.41 | ATR: 2.41
  📊 Filled: 0 | Pending: 0
  🔲 Regime: RANGING | Range pos: 77% | RSI: 44.1
  💰 Daily P&L: $-1,062.50

[2026-08-07 10:58] O:7777.00 H:7777.50 L:7775.50 C:7777.25 V:1943.0
  📈 Trend: strong_bearish | 🌍 Regime: ranging
  🗺️  Grid: 0.080% | 🔺 7779.25 🔻 7776.75
  📡 RSI: 42.1 | MACD: -0.59 | ATR: 2.34
  📊 Filled: 0 | Pending: 0
  🔲 Regime: RANGING | Range pos: 78% | RSI: 42.1
  💰 Daily P&L: $-1,062.50

[2026-08-07 10:59] O:7777.00 H:7778.25 L:7776.75 C:7778.00 V:1491.0
  📈 Trend: strong_bearish | 🌍 Regime: ranging
  🗺️  Grid: 0.080% | 🔺 7777.50 🔻 7775.50
  📡 RSI: 45.0 | MACD: -0.68 | ATR: 2.29
  📊 Filled: 0 | Pending: 0
  🔲 Regime: RANGING | Range pos: 80% | RSI: 45.0
  💰 Daily P&L: $-1,062.50

[2026-08-07 11:00] O:7778.00 H:7778.75 L:7775.50 C:7776.00 V:1877.0
  📈 Trend: strong_bearish | 🌍 Regime: ranging
  🗺️  Grid: 0.080% | 🔺 7778.25 🔻 7776.75
  📡 RSI: 37.9 | MACD: -0.89 | ATR: 2.32
  📊 Filled: 0 | Pending: 0
  🔲 Regime: RANGING | Range pos: 75% | RSI: 37.9
  💰 Daily P&L: $-1,062.50

[2026-08-07 11:01] O:7776.00 H:7776.25 L:7774.75 C:7776.00 V:1715.0
  📈 Trend: strong_bearish | 🌍 Regime: ranging
  🗺️  Grid: 0.080% | 🔺 7778.75 🔻 7775.50
  📡 RSI: 37.9 | MACD: -1.05 | ATR: 2.29
  📊 Filled: 0 | Pending: 0
  🔲 Regime: RANGING | Range pos: 75% | RSI: 37.9
  💰 Daily P&L: $-1,062.50

[2026-08-07 11:02] O:7776.00 H:7778.25 L:7776.00 C:7776.75 V:1385.0
  📈 Trend: strong_bearish | 🌍 Regime: ranging
  🗺️  Grid: 0.080% | 🔺 7776.25 🔻 7774.75
  📡 RSI: 38.8 | MACD: -1.10 | ATR: 2.32
  📊 Filled: 0 | Pending: 0
  🔲 Regime: RANGING | Range pos: 77% | RSI: 38.8
  💰 Daily P&L: $-1,062.50

[2026-08-07 11:03] O:7776.75 H:7777.50 L:7775.50 C:7777.00 V:923.0
  📈 Trend: strong_bearish | 🌍 Regime: ranging
  🗺️  Grid: 0.080% | 🔺 7778.25 🔻 7776.00
  📡 RSI: 29.3 | MACD: -1.11 | ATR: 2.20
  📊 Filled: 0 | Pending: 0
  🔲 Regime: RANGING | Range pos: 77% | RSI: 29.3
  💰 Daily P&L: $-1,062.50

[2026-08-07 11:04] O:7776.75 H:7779.25 L:7776.25 C:7779.00 V:1627.0
  📈 Trend: strong_bearish | 🌍 Regime: ranging
  🗺️  Grid: 0.080% | 🔺 7777.50 🔻 7775.50
  📡 RSI: 33.9 | MACD: -0.95 | ATR: 2.27
  📊 Filled: 0 | Pending: 0
  🔲 Regime: RANGING | Range pos: 82% | RSI: 33.9
  💰 Daily P&L: $-1,062.50

[2026-08-07 11:05] O:7779.25 H:7781.25 L:7778.75 C:7779.75 V:2461.0
  📈 Trend: strong_bearish (raw: moderate_bearish) | 🌍 Regime: ranging
  🗺️  Grid: 0.080% | 🔺 7779.25 🔻 7776.25
  📡 RSI: 40.7 | MACD: -0.75 | ATR: 2.32
  📊 Filled: 0 | Pending: 0
  🔲 Regime: RANGING | Range pos: 84% | RSI: 40.7
  💰 Daily P&L: $-1,062.50

[2026-08-07 11:06] O:7780.00 H:7780.50 L:7779.25 C:7780.50 V:1808.0
  📈 Trend: strong_bearish (raw: moderate_bullish) | 🌍 Regime: ranging
  🗺️  Grid: 0.080% | 🔺 7781.25 🔻 7778.75
  📡 RSI: 47.4 | MACD: -0.52 | ATR: 2.21
  📊 Filled: 0 | Pending: 0
  🔲 Regime: RANGING | Range pos: 86% | RSI: 47.4
  💰 Daily P&L: $-1,062.50

[2026-08-07 11:07] O:7780.75 H:7781.25 L:7779.50 C:7780.25 V:1127.0
  📈 Trend: strong_bearish (raw: moderate_bearish) | 🌍 Regime: ranging
  🗺️  Grid: 0.080% | 🔺 7780.50 🔻 7779.25
  📡 RSI: 51.9 | MACD: -0.36 | ATR: 2.09
  📊 Filled: 0 | Pending: 0
  🔲 Regime: RANGING | Range pos: 85% | RSI: 51.9
  💰 Daily P&L: $-1,062.50

[2026-08-07 11:08] O:7780.50 H:7780.50 L:7778.75 C:7779.25 V:979.0
  📈 Trend: moderate_bearish | 🌍 Regime: ranging
  🗺️  Grid: 0.080% | 🔺 7781.25 🔻 7779.50
  📡 RSI: 44.2 | MACD: -0.31 | ATR: 2.05
  📊 Filled: 0 | Pending: 0
  🔲 Regime: RANGING | Range pos: 83% | RSI: 44.2
  💰 Daily P&L: $-1,062.50

[2026-08-07 11:09] O:7779.25 H:7779.50 L:7777.75 C:7779.25 V:780.0
  📈 Trend: moderate_bearish | 🌍 Regime: ranging
  🗺️  Grid: 0.080% | 🔺 7780.50 🔻 7778.75
  📡 RSI: 48.9 | MACD: -0.26 | ATR: 2.05
  📊 Filled: 0 | Pending: 0
  🔲 Regime: RANGING | Range pos: 83% | RSI: 48.9
  💰 Daily P&L: $-1,062.50

[2026-08-07 11:10] O:7779.25 H:7780.50 L:7779.00 C:7780.25 V:790.0
  📈 Trend: moderate_bearish | 🌍 Regime: ranging
  🗺️  Grid: 0.080% | 🔺 7779.50 🔻 7777.75
  📡 RSI: 54.0 | MACD: -0.15 | ATR: 2.04
  📊 Filled: 0 | Pending: 0
  🔲 Regime: RANGING | Range pos: 85% | RSI: 54.0
  💰 Daily P&L: $-1,062.50

[2026-08-07 11:11] O:7780.25 H:7781.00 L:7779.75 C:7780.75 V:954.0
  📈 Trend: moderate_bearish | 🌍 Regime: ranging
  🗺️  Grid: 0.080% | 🔺 7780.50 🔻 7779.00
  📡 RSI: 69.0 | MACD: -0.01 | ATR: 1.95
  📊 Filled: 0 | Pending: 0
  🔲 Regime: RANGING | Range pos: 86% | RSI: 69.0
  💰 Daily P&L: $-1,062.50

[2026-08-07 11:12] O:7781.00 H:7781.00 L:7779.00 C:7779.75 V:1096.0
  📈 Trend: moderate_bearish (raw: moderate_bullish) | 🌍 Regime: ranging
  🗺️  Grid: 0.080% | 🔺 7781.00 🔻 7779.75
  📡 RSI: 61.4 | MACD: 0.01 | ATR: 1.95
  📊 Filled: 0 | Pending: 0
  🔲 Regime: RANGING | Range pos: 84% | RSI: 61.4
  💰 Daily P&L: $-1,062.50

[2026-08-07 11:13] O:7780.00 H:7780.25 L:7778.50 C:7778.50 V:1105.0
  📈 Trend: moderate_bearish | 🌍 Regime: ranging
  🗺️  Grid: 0.080% | 🔺 7781.00 🔻 7779.00
  📡 RSI: 52.2 | MACD: -0.07 | ATR: 1.96
  📊 Filled: 0 | Pending: 0
  🔲 Regime: RANGING | Range pos: 81% | RSI: 52.2
  💰 Daily P&L: $-1,062.50

[2026-08-07 11:14] O:7778.75 H:7779.25 L:7777.50 C:7777.50 V:1041.0
  📈 Trend: moderate_bearish | 🌍 Regime: ranging
  🗺️  Grid: 0.080% | 🔺 7780.25 🔻 7778.50
  📡 RSI: 57.1 | MACD: -0.21 | ATR: 1.86
  📊 Filled: 0 | Pending: 0
  🔲 Regime: RANGING | Range pos: 79% | RSI: 57.1
  💰 Daily P&L: $-1,062.50

[2026-08-07 11:15] O:7777.50 H:7778.75 L:7777.00 C:7778.75 V:1521.0
  📈 Trend: moderate_bearish | 🌍 Regime: ranging
  🗺️  Grid: 0.080% | 🔺 7779.25 🔻 7777.50
  📡 RSI: 61.7 | MACD: -0.22 | ATR: 1.88
  📊 Filled: 0 | Pending: 0
  🔲 Regime: RANGING | Range pos: 82% | RSI: 61.7
  💰 Daily P&L: $-1,062.50

[2026-08-07 11:16] O:7778.75 H:7779.75 L:7778.25 C:7778.75 V:1026.0
  📈 Trend: moderate_bearish (raw: moderate_bullish) | 🌍 Regime: ranging
  🗺️  Grid: 0.080% | 🔺 7778.75 🔻 7777.00
  📡 RSI: 59.1 | MACD: -0.22 | ATR: 1.82
  📊 Filled: 0 | Pending: 0
  🔲 Regime: RANGING | Range pos: 82% | RSI: 59.1
  💰 Daily P&L: $-1,062.50

[2026-08-07 11:17] O:7778.75 H:7779.50 L:7777.75 C:7778.00 V:692.0
  📈 Trend: moderate_bullish | 🌍 Regime: ranging
  🗺️  Grid: 0.080% | 🔺 7779.75 🔻 7778.25
  📡 RSI: 54.3 | MACD: -0.28 | ATR: 1.80
  📊 Filled: 0 | Pending: 0
  🔲 Regime: RANGING | Range pos: 80% | RSI: 54.3
  💰 Daily P&L: $-1,062.50

[2026-08-07 11:18] O:7778.00 H:7779.50 L:7777.50 C:7778.25 V:670.0
  📈 Trend: moderate_bullish | 🌍 Regime: ranging
  🗺️  Grid: 0.080% | 🔺 7779.50 🔻 7777.75
  📡 RSI: 46.2 | MACD: -0.31 | ATR: 1.73
  📊 Filled: 0 | Pending: 0
  🔲 Regime: RANGING | Range pos: 80% | RSI: 46.2
  💰 Daily P&L: $-1,062.50

[2026-08-07 11:19] O:7778.25 H:7778.50 L:7776.25 C:7777.25 V:2101.0
  📈 Trend: moderate_bullish | 🌍 Regime: ranging
  🗺️  Grid: 0.080% | 🔺 7779.50 🔻 7777.50
  📡 RSI: 37.5 | MACD: -0.40 | ATR: 1.71
  📊 Filled: 0 | Pending: 0
  🔲 Regime: RANGING | Range pos: 78% | RSI: 37.5
  💰 Daily P&L: $-1,062.50

[2026-08-07 11:20] O:7777.25 H:7781.25 L:7775.50 C:7777.50 V:5610.0
  📈 Trend: moderate_bullish | 🌍 Regime: ranging
  🗺️  Grid: 0.080% | 🔺 7778.50 🔻 7776.25
  📡 RSI: 34.2 | MACD: -0.45 | ATR: 2.04
  📊 Filled: 0 | Pending: 0
  🔲 Regime: RANGING | Range pos: 79% | RSI: 34.2
  💰 Daily P&L: $-1,062.50

[2026-08-07 11:21] O:7777.25 H:7777.50 L:7774.00 C:7775.00 V:1500.0
  📈 Trend: moderate_bullish (raw: strong_bearish) | 🌍 Regime: ranging
  🗺️  Grid: 0.080% | 🔺 7781.25 🔻 7775.50
  📡 RSI: 27.7 | MACD: -0.69 | ATR: 2.16
  📊 Filled: 0 | Pending: 0
  🔲 Regime: RANGING | Range pos: 73% | RSI: 27.7
  💰 Daily P&L: $-1,062.50

[2026-08-07 11:22] O:7774.75 H:7775.50 L:7772.75 C:7774.00 V:2257.0
  📈 Trend: strong_bearish | 🌍 Regime: ranging
  🗺️  Grid: 0.080% | 🔺 7777.50 🔻 7774.00
  📡 RSI: 27.7 | MACD: -0.94 | ATR: 2.23
  📊 Filled: 0 | Pending: 0
  🔲 Regime: RANGING | Range pos: 71% | RSI: 27.7
  💰 Daily P&L: $-1,062.50

[2026-08-07 11:23] O:7774.00 H:7775.00 L:7771.50 C:7772.00 V:1658.0
  📈 Trend: strong_bearish | 🌍 Regime: ranging
  🗺️  Grid: 0.080% | 🔺 7775.50 🔻 7772.75
  📡 RSI: 23.6 | MACD: -1.29 | ATR: 2.36
  📊 Filled: 0 | Pending: 0
  🔲 Regime: RANGING | Range pos: 66% | RSI: 23.6
  💰 Daily P&L: $-1,062.50

[2026-08-07 11:24] O:7771.75 H:7772.50 L:7769.75 C:7769.75 V:2600.0
  📈 Trend: strong_bearish | 🌍 Regime: ranging
  🗺️  Grid: 0.080% | 🔺 7775.00 🔻 7771.50
  📡 RSI: 15.0 | MACD: -1.73 | ATR: 2.45
  📊 Filled: 0 | Pending: 0
  🔲 Regime: RANGING | Range pos: 61% | RSI: 15.0
  💰 Daily P&L: $-1,062.50

[2026-08-07 11:25] O:7770.00 H:7770.75 L:7762.75 C:7765.00 V:6222.0
  📈 Trend: strong_bearish | 🌍 Regime: ranging
  🗺️  Grid: 0.080% | 🔺 7772.50 🔻 7769.75
  📡 RSI: 9.1 | MACD: -2.43 | ATR: 2.93
  📊 Filled: 0 | Pending: 0
  🔲 Regime: RANGING | Range pos: 50% | RSI: 9.1
  💰 Daily P&L: $-1,062.50

[2026-08-07 11:26] O:7765.25 H:7766.00 L:7760.75 C:7762.50 V:4437.0
  📈 Trend: strong_bearish | 🌍 Regime: ranging
  🗺️  Grid: 0.080% | 🔺 7770.75 🔻 7762.75
  📡 RSI: 8.4 | MACD: -3.15 | ATR: 3.16
  📊 Filled: 0 | Pending: 0
  🔲 Regime: RANGING | Range pos: 44% | RSI: 8.4
  💰 Daily P&L: $-1,062.50

[2026-08-07 11:27] O:7762.25 H:7764.50 L:7760.75 C:7764.25 V:2272.0
  📈 Trend: strong_bearish | 🌍 Regime: ranging
  🗺️  Grid: 0.080% | 🔺 7766.00 🔻 7760.75
  📡 RSI: 16.5 | MACD: -3.54 | ATR: 3.30
  📊 Filled: 0 | Pending: 0
  🔲 Regime: RANGING | Range pos: 48% | RSI: 16.5
  💰 Daily P&L: $-1,062.50

[2026-08-07 11:28] O:7764.25 H:7765.25 L:7760.75 C:7764.00 V:2754.0
  📈 Trend: strong_bearish | 🌍 Regime: ranging
  🗺️  Grid: 0.080% | 🔺 7764.50 🔻 7760.75
  📡 RSI: 17.1 | MACD: -3.83 | ATR: 3.50
  📊 Filled: 0 | Pending: 0
  🔲 Regime: RANGING | Range pos: 47% | RSI: 17.1
  💰 Daily P&L: $-1,062.50

[2026-08-07 11:29] O:7764.00 H:7765.00 L:7762.00 C:7764.75 V:2420.0
  📈 Trend: strong_bearish | 🌍 Regime: ranging
  🗺️  Grid: 0.080% | 🔺 7765.25 🔻 7760.75
  📡 RSI: 15.0 | MACD: -3.95 | ATR: 3.59
  📊 Filled: 0 | Pending: 0
  🔲 Regime: RANGING | Range pos: 49% | RSI: 15.0
  💰 Daily P&L: $-1,062.50

[2026-08-07 11:30] O:7764.75 H:7765.75 L:7759.25 C:7759.75 V:3697.0
  📈 Trend: strong_bearish | 🌍 Regime: ranging
  🗺️  Grid: 0.080% | 🔺 7765.00 🔻 7762.00
  📡 RSI: 12.0 | MACD: -4.40 | ATR: 3.95
  📊 Filled: 0 | Pending: 0
  🔲 Regime: RANGING | Range pos: 38% | RSI: 12.0
  💰 Daily P&L: $-1,062.50

[2026-08-07 11:31] O:7759.50 H:7761.00 L:7758.00 C:7758.75 V:3450.0
  📈 Trend: strong_bearish | 🌍 Regime: trending_bearish
  🗺️  Grid: 0.080% | 🔺 7765.75 🔻 7759.25
  📡 RSI: 11.9 | MACD: -4.78 | ATR: 4.04
  📊 Filled: 0 | Pending: 0
  💰 Daily P&L: $-1,062.50

[2026-08-07 11:32] O:7758.75 H:7762.75 L:7757.75 C:7762.75 V:2697.0
  📈 Trend: strong_bearish | 🌍 Regime: trending_bearish
  🗺️  Grid: 0.080% | 🔺 7761.00 🔻 7758.00
  📡 RSI: 23.3 | MACD: -4.70 | ATR: 4.25
  📊 Filled: 0 | Pending: 0
  💰 Daily P&L: $-1,062.50

[2026-08-07 11:33] O:7762.50 H:7763.25 L:7761.50 C:7762.75 V:2376.0
  📈 Trend: strong_bearish | 🌍 Regime: trending_bearish
  🗺️  Grid: 0.080% | 🔺 7762.75 🔻 7757.75
  📡 RSI: 24.1 | MACD: -4.59 | ATR: 4.21
  📊 Filled: 0 | Pending: 0
  💰 Daily P&L: $-1,062.50

[2026-08-07 11:34] O:7762.50 H:7767.25 L:7762.50 C:7766.75 V:3053.0
  📈 Trend: strong_bearish | 🌍 Regime: trending_bearish
  🗺️  Grid: 0.080% | 🔺 7763.25 🔻 7761.50
  📡 RSI: 33.1 | MACD: -4.13 | ATR: 4.14
  📊 Filled: 0 | Pending: 0
  💰 Daily P&L: $-1,062.50

[2026-08-07 11:35] O:7766.75 H:7767.00 L:7764.25 C:7765.50 V:1914.0
  📈 Trend: strong_bearish (raw: moderate_bearish) | 🌍 Regime: trending_bearish
  🗺️  Grid: 0.080% | 🔺 7767.25 🔻 7762.50
  📡 RSI: 34.4 | MACD: -3.82 | ATR: 4.09
  📊 Filled: 0 | Pending: 0
  💰 Daily P&L: $-1,062.50

[2026-08-07 11:36] O:7765.75 H:7767.75 L:7765.25 C:7766.25 V:2447.0
  📈 Trend: moderate_bearish | 🌍 Regime: trending_bearish
  🗺️  Grid: 0.080% | 🔺 7767.00 🔻 7764.25
  📡 RSI: 37.2 | MACD: -3.48 | ATR: 4.07
  📊 Filled: 0 | Pending: 0
  💰 Daily P&L: $-1,062.50

[2026-08-07 11:37] O:7766.25 H:7766.75 L:7765.25 C:7766.00 V:1231.0
  📈 Trend: moderate_bearish | 🌍 Regime: trending_bearish
  🗺️  Grid: 0.080% | 🔺 7767.75 🔻 7765.25
  📡 RSI: 39.5 | MACD: -3.19 | ATR: 3.93
  📊 Filled: 0 | Pending: 0
  💰 Daily P&L: $-1,062.50

[2026-08-07 11:38] O:7766.00 H:7766.50 L:7764.75 C:7765.75 V:1972.0
  📈 Trend: moderate_bearish | 🌍 Regime: trending_bearish
  🗺️  Grid: 0.080% | 🔺 7766.75 🔻 7765.25
  📡 RSI: 42.5 | MACD: -2.95 | ATR: 3.86
  📊 Filled: 0 | Pending: 0
  💰 Daily P&L: $-1,062.50

[2026-08-07 11:39] O:7765.50 H:7771.25 L:7765.50 C:7770.50 V:3054.0
  📈 Trend: moderate_bearish | 🌍 Regime: trending_bearish
  🗺️  Grid: 0.080% | 🔺 7766.50 🔻 7764.75
  📡 RSI: 60.4 | MACD: -2.34 | ATR: 3.70
  📊 Filled: 0 | Pending: 0
  💰 Daily P&L: $-1,062.50

[2026-08-07 11:40] O:7770.50 H:7772.25 L:7769.75 C:7770.75 V:2387.0
  📈 Trend: moderate_bearish | 🌍 Regime: trending_bearish
  🗺️  Grid: 0.080% | 🔺 7771.25 🔻 7765.50
  📡 RSI: 67.0 | MACD: -1.82 | ATR: 3.50
  📊 Filled: 0 | Pending: 0
  💰 Daily P&L: $-1,062.50

[2026-08-07 11:41] O:7771.00 H:7773.25 L:7770.50 C:7772.25 V:1880.0
  📈 Trend: moderate_bearish | 🌍 Regime: ranging
  🗺️  Grid: 0.080% | 🔺 7772.25 🔻 7769.75
  📡 RSI: 66.7 | MACD: -1.28 | ATR: 3.43
  📊 Filled: 0 | Pending: 0
  🔲 Regime: RANGING | Range pos: 66% | RSI: 66.7
  💰 Daily P&L: $-1,062.50

[2026-08-07 11:42] O:7772.50 H:7772.50 L:7770.00 C:7770.00 V:1869.0
  📈 Trend: moderate_bearish | 🌍 Regime: ranging
  🗺️  Grid: 0.080% | 🔺 7773.25 🔻 7770.50
  📡 RSI: 61.5 | MACD: -1.01 | ATR: 3.29
  📊 Filled: 0 | Pending: 0
  🔲 Regime: RANGING | Range pos: 61% | RSI: 61.5
  💰 Daily P&L: $-1,062.50

[2026-08-07 11:43] O:7770.25 H:7772.50 L:7770.25 C:7772.25 V:1522.0
  📈 Trend: moderate_bearish (raw: moderate_bullish) | 🌍 Regime: ranging
  🗺️  Grid: 0.080% | 🔺 7772.50 🔻 7770.00
  📡 RSI: 63.6 | MACD: -0.61 | ATR: 3.25
  📊 Filled: 0 | Pending: 0
  🔲 Regime: RANGING | Range pos: 66% | RSI: 63.6
  💰 Daily P&L: $-1,062.50

[2026-08-07 11:44] O:7772.50 H:7774.00 L:7771.50 C:7773.25 V:1616.0
  📈 Trend: moderate_bullish | 🌍 Regime: ranging
  🗺️  Grid: 0.080% | 🔺 7772.50 🔻 7770.25
  📡 RSI: 78.7 | MACD: -0.22 | ATR: 2.96
  📊 Filled: 0 | Pending: 0
  🔲 Regime: RANGING | Range pos: 69% | RSI: 78.7
  💰 Daily P&L: $-1,062.50

[2026-08-07 11:45] O:7773.25 H:7775.00 L:7773.25 C:7774.50 V:2002.0
  📈 Trend: moderate_bullish (raw: strong_bullish) | 🌍 Regime: ranging
  🗺️  Grid: 0.080% | 🔺 7774.00 🔻 7771.50
  📡 RSI: 83.2 | MACD: 0.20 | ATR: 2.88
  📊 Filled: 0 | Pending: 0
  🔲 Regime: RANGING | Range pos: 72% | RSI: 83.2
  🚫 Raw trend blocks RANGING SHORT | raw: strong_bullish
  💰 Daily P&L: $-1,062.50

[2026-08-07 11:46] O:7774.50 H:7775.00 L:7772.50 C:7773.00 V:1264.0
  📈 Trend: strong_bullish | 🌍 Regime: ranging
  🗺️  Grid: 0.080% | 🔺 7775.00 🔻 7773.25
  📡 RSI: 74.1 | MACD: 0.40 | ATR: 2.70
  📊 Filled: 0 | Pending: 0
  🔲 Regime: RANGING | Range pos: 68% | RSI: 74.1
  💰 Daily P&L: $-1,062.50

[2026-08-07 11:47] O:7773.00 H:7773.75 L:7772.25 C:7773.25 V:1279.0
  📈 Trend: strong_bullish | 🌍 Regime: ranging
  🗺️  Grid: 0.080% | 🔺 7775.00 🔻 7772.50
  📡 RSI: 74.4 | MACD: 0.57 | ATR: 2.68
  📊 Filled: 0 | Pending: 0
  🔲 Regime: RANGING | Range pos: 69% | RSI: 74.4
  💰 Daily P&L: $-1,062.50

[2026-08-07 11:48] O:7773.25 H:7774.00 L:7771.75 C:7772.75 V:1123.0
  📈 Trend: strong_bullish | 🌍 Regime: ranging
  🗺️  Grid: 0.080% | 🔺 7773.75 🔻 7772.25
  📡 RSI: 66.7 | MACD: 0.66 | ATR: 2.50
  📊 Filled: 0 | Pending: 0
  🔲 Regime: RANGING | Range pos: 68% | RSI: 66.7
  💰 Daily P&L: $-1,062.50

[2026-08-07 11:49] O:7772.75 H:7774.50 L:7772.50 C:7774.00 V:920.0
  📈 Trend: strong_bullish | 🌍 Regime: ranging
  🗺️  Grid: 0.080% | 🔺 7774.00 🔻 7771.75
  📡 RSI: 73.6 | MACD: 0.83 | ATR: 2.45
  📊 Filled: 0 | Pending: 0
  🔲 Regime: RANGING | Range pos: 71% | RSI: 73.6
  🚫 Raw trend blocks RANGING SHORT | raw: strong_bullish
  💰 Daily P&L: $-1,062.50

[2026-08-07 11:50] O:7774.00 H:7776.25 L:7773.75 C:7776.00 V:1508.0
  📈 Trend: strong_bullish | 🌍 Regime: ranging
  🗺️  Grid: 0.080% | 🔺 7774.50 🔻 7772.50
  📡 RSI: 75.3 | MACD: 1.10 | ATR: 2.45
  📊 Filled: 0 | Pending: 0
  🔲 Regime: RANGING | Range pos: 75% | RSI: 75.3
  🚫 Raw trend blocks RANGING SHORT | raw: strong_bullish
  💰 Daily P&L: $-1,062.50

[2026-08-07 11:51] O:7775.75 H:7775.75 L:7771.50 C:7771.50 V:1648.0
  📈 Trend: strong_bullish | 🌍 Regime: ranging
  🗺️  Grid: 0.080% | 🔺 7776.25 🔻 7773.75
  📡 RSI: 61.7 | MACD: 0.95 | ATR: 2.66
  📊 Filled: 0 | Pending: 0
  🔲 Regime: RANGING | Range pos: 65% | RSI: 61.7
  💰 Daily P&L: $-1,062.50

[2026-08-07 11:52] O:7771.50 H:7771.75 L:7768.50 C:7769.00 V:1927.0
  📈 Trend: strong_bullish | 🌍 Regime: ranging
  🗺️  Grid: 0.080% | 🔺 7775.75 🔻 7771.50
  📡 RSI: 56.3 | MACD: 0.62 | ATR: 2.77
  📊 Filled: 0 | Pending: 0
  🔲 Regime: RANGING | Range pos: 59% | RSI: 56.3
  💰 Daily P&L: $-1,062.50

[2026-08-07 11:53] O:7769.00 H:7770.25 L:7768.25 C:7770.25 V:1283.0
  📈 Trend: strong_bullish | 🌍 Regime: ranging
  🗺️  Grid: 0.080% | 🔺 7771.75 🔻 7768.50
  📡 RSI: 49.4 | MACD: 0.45 | ATR: 2.50
  📊 Filled: 0 | Pending: 0
  🔲 Regime: RANGING | Range pos: 62% | RSI: 49.4
  💰 Daily P&L: $-1,062.50

[2026-08-07 11:54] O:7770.50 H:7770.50 L:7769.00 C:7769.50 V:918.0
  📈 Trend: strong_bullish (raw: moderate_bullish) | 🌍 Regime: ranging
  🗺️  Grid: 0.080% | 🔺 7770.25 🔻 7768.25
  📡 RSI: 47.3 | MACD: 0.26 | ATR: 2.43
  📊 Filled: 0 | Pending: 0
  🔲 Regime: RANGING | Range pos: 60% | RSI: 47.3
  💰 Daily P&L: $-1,062.50

[2026-08-07 11:55] O:7769.50 H:7770.50 L:7768.50 C:7769.50 V:1063.0
  📈 Trend: moderate_bullish | 🌍 Regime: ranging
  🗺️  Grid: 0.080% | 🔺 7770.50 🔻 7769.00
  📡 RSI: 43.5 | MACD: 0.10 | ATR: 2.38
  📊 Filled: 0 | Pending: 0
  🔲 Regime: RANGING | Range pos: 60% | RSI: 43.5
  💰 Daily P&L: $-1,062.50

[2026-08-07 11:56] O:7769.50 H:7771.25 L:7769.00 C:7769.25 V:1232.0
  📈 Trend: moderate_bullish | 🌍 Regime: ranging
  🗺️  Grid: 0.080% | 🔺 7770.50 🔻 7768.50
  📡 RSI: 48.1 | MACD: -0.04 | ATR: 2.36
  📊 Filled: 0 | Pending: 0
  🔲 Regime: RANGING | Range pos: 60% | RSI: 48.1
  💰 Daily P&L: $-1,062.50

[2026-08-07 11:57] O:7769.25 H:7770.00 L:7768.25 C:7768.50 V:1071.0
  📈 Trend: moderate_bullish (raw: strong_bearish) | 🌍 Regime: ranging
  🗺️  Grid: 0.080% | 🔺 7771.25 🔻 7769.00
  📡 RSI: 39.4 | MACD: -0.21 | ATR: 2.30
  📊 Filled: 0 | Pending: 0
  🔲 Regime: RANGING | Range pos: 58% | RSI: 39.4
  💰 Daily P&L: $-1,062.50

[2026-08-07 11:58] O:7768.50 H:7769.25 L:7768.00 C:7768.25 V:1009.0
  📈 Trend: strong_bearish | 🌍 Regime: ranging
  🗺️  Grid: 0.080% | 🔺 7770.00 🔻 7768.25
  📡 RSI: 35.3 | MACD: -0.37 | ATR: 2.21
  📊 Filled: 0 | Pending: 0
  🔲 Regime: RANGING | Range pos: 57% | RSI: 35.3
  💰 Daily P&L: $-1,062.50

[2026-08-07 11:59] O:7768.75 H:7769.00 L:7766.75 C:7767.00 V:1222.0
  📈 Trend: strong_bearish | 🌍 Regime: ranging
  🗺️  Grid: 0.080% | 🔺 7769.25 🔻 7768.00
  📡 RSI: 27.9 | MACD: -0.58 | ATR: 2.25
  📊 Filled: 0 | Pending: 0
  🔲 Regime: RANGING | Range pos: 54% | RSI: 27.9
  💰 Daily P&L: $-1,062.50

[2026-08-07 12:00] O:7767.00 H:7767.50 L:7765.00 C:7765.75 V:2354.0
  📈 Trend: strong_bearish | 🌍 Regime: ranging
  🗺️  Grid: 0.080% | 🔺 7769.00 🔻 7766.75
  📡 RSI: 28.4 | MACD: -0.84 | ATR: 2.25
  📊 Filled: 0 | Pending: 0
  🔲 Regime: RANGING | Range pos: 51% | RSI: 28.4
  💰 Daily P&L: $-1,062.50

[2026-08-07 12:01] O:7766.00 H:7768.50 L:7765.75 C:7767.50 V:1688.0
  📈 Trend: strong_bearish | 🌍 Regime: ranging
  🗺️  Grid: 0.080% | 🔺 7767.50 🔻 7765.00
  📡 RSI: 34.2 | MACD: -0.90 | ATR: 2.34
  📊 Filled: 0 | Pending: 0
  🔲 Regime: RANGING | Range pos: 55% | RSI: 34.2
  💰 Daily P&L: $-1,062.50

[2026-08-07 12:02] O:7767.75 H:7769.75 L:7767.50 C:7768.75 V:1380.0
  📈 Trend: strong_bearish | 🌍 Regime: ranging
  🗺️  Grid: 0.080% | 🔺 7768.50 🔻 7765.75
  📡 RSI: 39.5 | MACD: -0.83 | ATR: 2.34
  📊 Filled: 0 | Pending: 0
  🔲 Regime: RANGING | Range pos: 58% | RSI: 39.5
  💰 Daily P&L: $-1,062.50

[2026-08-07 12:03] O:7769.00 H:7770.25 L:7768.50 C:7769.00 V:1030.0
  📈 Trend: strong_bearish | 🌍 Regime: ranging
  🗺️  Grid: 0.080% | 🔺 7769.75 🔻 7767.50
  📡 RSI: 36.1 | MACD: -0.75 | ATR: 2.32
  📊 Filled: 0 | Pending: 0
  🔲 Regime: RANGING | Range pos: 59% | RSI: 36.1
  💰 Daily P&L: $-1,062.50

[2026-08-07 12:04] O:7769.25 H:7769.25 L:7767.50 C:7767.75 V:723.0
  📈 Trend: strong_bearish | 🌍 Regime: ranging
  🗺️  Grid: 0.080% | 🔺 7770.25 🔻 7768.50
  📡 RSI: 26.1 | MACD: -0.78 | ATR: 2.27
  📊 Filled: 0 | Pending: 0
  🔲 Regime: RANGING | Range pos: 56% | RSI: 26.1
  💰 Daily P&L: $-1,062.50

[2026-08-07 12:05] O:7768.00 H:7770.00 L:7767.75 C:7769.75 V:1044.0
  📈 Trend: strong_bearish | 🌍 Regime: ranging
  🗺️  Grid: 0.080% | 🔺 7769.25 🔻 7767.50
  📡 RSI: 44.1 | MACD: -0.63 | ATR: 2.11
  📊 Filled: 0 | Pending: 0
  🔲 Regime: RANGING | Range pos: 61% | RSI: 44.1
  💰 Daily P&L: $-1,062.50

[2026-08-07 12:06] O:7769.75 H:7770.50 L:7769.00 C:7769.50 V:1035.0
  📈 Trend: strong_bearish (raw: moderate_bearish) | 🌍 Regime: ranging
  🗺️  Grid: 0.080% | 🔺 7770.00 🔻 7767.75
  📡 RSI: 52.0 | MACD: -0.53 | ATR: 1.98
  📊 Filled: 0 | Pending: 0
  🔲 Regime: RANGING | Range pos: 60% | RSI: 52.0
  💰 Daily P&L: $-1,062.50

[2026-08-07 12:07] O:7769.75 H:7770.00 L:7768.50 C:7769.50 V:670.0
  📈 Trend: moderate_bearish | 🌍 Regime: ranging
  🗺️  Grid: 0.080% | 🔺 7770.50 🔻 7769.00
  📡 RSI: 46.7 | MACD: -0.44 | ATR: 1.95
  📊 Filled: 0 | Pending: 0
  🔲 Regime: RANGING | Range pos: 60% | RSI: 46.7
  💰 Daily P&L: $-1,062.50

[2026-08-07 12:08] O:7769.50 H:7770.00 L:7768.50 C:7769.50 V:838.0
  📈 Trend: moderate_bearish | 🌍 Regime: ranging
  🗺️  Grid: 0.080% | 🔺 7770.00 🔻 7768.50
  📡 RSI: 50.0 | MACD: -0.37 | ATR: 1.95
  📊 Filled: 0 | Pending: 0
  🔲 Regime: RANGING | Range pos: 60% | RSI: 50.0
  💰 Daily P&L: $-1,062.50

[2026-08-07 12:09] O:7769.75 H:7770.50 L:7768.50 C:7770.00 V:981.0
  📈 Trend: moderate_bearish | 🌍 Regime: ranging
  🗺️  Grid: 0.080% | 🔺 7770.00 🔻 7768.50
  📡 RSI: 52.3 | MACD: -0.27 | ATR: 1.95
  📊 Filled: 0 | Pending: 0
  🔲 Regime: RANGING | Range pos: 61% | RSI: 52.3
  💰 Daily P&L: $-1,062.50

[2026-08-07 12:10] O:7770.00 H:7771.00 L:7768.75 C:7769.25 V:1165.0
  📈 Trend: moderate_bearish | 🌍 Regime: ranging
  🗺️  Grid: 0.080% | 🔺 7770.50 🔻 7768.50
  📡 RSI: 50.0 | MACD: -0.25 | ATR: 1.95
  📊 Filled: 0 | Pending: 0
  🔲 Regime: RANGING | Range pos: 60% | RSI: 50.0
  💰 Daily P&L: $-1,062.50

[2026-08-07 12:11] O:7769.25 H:7770.50 L:7769.00 C:7769.25 V:586.0
  📈 Trend: moderate_bearish (raw: moderate_bullish) | 🌍 Regime: ranging
  🗺️  Grid: 0.080% | 🔺 7771.00 🔻 7768.75
  📡 RSI: 53.5 | MACD: -0.23 | ATR: 1.93
  📊 Filled: 0 | Pending: 0
  🔲 Regime: RANGING | Range pos: 60% | RSI: 53.5
  💰 Daily P&L: $-1,062.50

[2026-08-07 12:12] O:7769.25 H:7769.25 L:7767.25 C:7767.50 V:967.0
  📈 Trend: moderate_bearish | 🌍 Regime: ranging
  🗺️  Grid: 0.080% | 🔺 7770.50 🔻 7769.00
  📡 RSI: 46.9 | MACD: -0.35 | ATR: 1.98
  📊 Filled: 0 | Pending: 0
  🔲 Regime: RANGING | Range pos: 55% | RSI: 46.9
  💰 Daily P&L: $-1,062.50

[2026-08-07 12:13] O:7767.50 H:7769.00 L:7767.25 C:7768.50 V:1032.0
  📈 Trend: moderate_bearish | 🌍 Regime: ranging
  🗺️  Grid: 0.080% | 🔺 7769.25 🔻 7767.25
  📡 RSI: 56.2 | MACD: -0.36 | ATR: 1.95
  📊 Filled: 0 | Pending: 0
  🔲 Regime: RANGING | Range pos: 58% | RSI: 56.2
  💰 Daily P&L: $-1,062.50

[2026-08-07 12:14] O:7768.25 H:7768.75 L:7767.75 C:7768.00 V:565.0
  📈 Trend: moderate_bearish (raw: strong_bearish) | 🌍 Regime: ranging
  🗺️  Grid: 0.080% | 🔺 7769.00 🔻 7767.25
  📡 RSI: 60.0 | MACD: -0.40 | ATR: 1.84
  📊 Filled: 0 | Pending: 0
  🔲 Regime: RANGING | Range pos: 57% | RSI: 60.0
  💰 Daily P&L: $-1,062.50

[2026-08-07 12:15] O:7767.75 H:7769.50 L:7767.50 C:7768.00 V:776.0
  📈 Trend: strong_bearish | 🌍 Regime: ranging
  🗺️  Grid: 0.080% | 🔺 7768.75 🔻 7767.75
  📡 RSI: 52.6 | MACD: -0.43 | ATR: 1.79
  📊 Filled: 0 | Pending: 0
  🔲 Regime: RANGING | Range pos: 57% | RSI: 52.6
  💰 Daily P&L: $-1,062.50

[2026-08-07 12:16] O:7768.00 H:7770.50 L:7767.25 C:7769.50 V:720.0
  📈 Trend: strong_bearish (raw: moderate_bearish) | 🌍 Regime: ranging
  🗺️  Grid: 0.080% | 🔺 7769.50 🔻 7767.50
  📡 RSI: 53.8 | MACD: -0.33 | ATR: 1.86
  📊 Filled: 0 | Pending: 0
  🔲 Regime: RANGING | Range pos: 60% | RSI: 53.8
  💰 Daily P&L: $-1,062.50

[2026-08-07 12:17] O:7769.75 H:7769.75 L:7768.50 C:7769.25 V:486.0
  📈 Trend: moderate_bearish | 🌍 Regime: ranging
  🗺️  Grid: 0.080% | 🔺 7770.50 🔻 7767.25
  📡 RSI: 51.3 | MACD: -0.27 | ATR: 1.82
  📊 Filled: 0 | Pending: 0
  🔲 Regime: RANGING | Range pos: 60% | RSI: 51.3
  💰 Daily P&L: $-1,062.50

[2026-08-07 12:18] O:7769.50 H:7770.75 L:7768.75 C:7770.00 V:617.0
  📈 Trend: moderate_bearish | 🌍 Regime: ranging
  🗺️  Grid: 0.080% | 🔺 7769.75 🔻 7768.50
  📡 RSI: 62.2 | MACD: -0.16 | ATR: 1.84
  📊 Filled: 0 | Pending: 0
  🔲 Regime: RANGING | Range pos: 61% | RSI: 62.2
  💰 Daily P&L: $-1,062.50

[2026-08-07 12:19] O:7770.25 H:7771.25 L:7769.50 C:7770.25 V:854.0
  📈 Trend: moderate_bearish | 🌍 Regime: ranging
  🗺️  Grid: 0.080% | 🔺 7770.75 🔻 7768.75
  📡 RSI: 53.3 | MACD: -0.05 | ATR: 1.80
  📊 Filled: 0 | Pending: 0
  🔲 Regime: RANGING | Range pos: 62% | RSI: 53.3
  💰 Daily P&L: $-1,062.50

[2026-08-07 12:20] O:7770.50 H:7771.75 L:7770.25 C:7770.75 V:1084.0
  📈 Trend: moderate_bearish (raw: moderate_bullish) | 🌍 Regime: ranging
  🗺️  Grid: 0.080% | 🔺 7771.25 🔻 7769.50
  📡 RSI: 58.1 | MACD: 0.08 | ATR: 1.80
  📊 Filled: 0 | Pending: 0
  🔲 Regime: RANGING | Range pos: 63% | RSI: 58.1
  💰 Daily P&L: $-1,062.50

[2026-08-07 12:21] O:7770.50 H:7770.50 L:7768.75 C:7769.25 V:671.0
  📈 Trend: moderate_bullish | 🌍 Regime: ranging
  🗺️  Grid: 0.080% | 🔺 7771.75 🔻 7770.25
  📡 RSI: 48.6 | MACD: 0.06 | ATR: 1.84
  📊 Filled: 0 | Pending: 0
  🔲 Regime: RANGING | Range pos: 60% | RSI: 48.6
  💰 Daily P&L: $-1,062.50

[2026-08-07 12:22] O:7769.25 H:7771.25 L:7769.25 C:7770.00 V:750.0
  📈 Trend: moderate_bullish | 🌍 Regime: ranging
  🗺️  Grid: 0.080% | 🔺 7770.50 🔻 7768.75
  📡 RSI: 52.5 | MACD: 0.10 | ATR: 1.88
  📊 Filled: 0 | Pending: 0
  🔲 Regime: RANGING | Range pos: 61% | RSI: 52.5
  💰 Daily P&L: $-1,062.50

[2026-08-07 12:23] O:7770.00 H:7770.00 L:7767.75 C:7768.25 V:784.0
  📈 Trend: moderate_bullish (raw: moderate_bearish) | 🌍 Regime: ranging
  🗺️  Grid: 0.080% | 🔺 7771.25 🔻 7769.25
  📡 RSI: 42.2 | MACD: -0.01 | ATR: 1.89
  📊 Filled: 0 | Pending: 0
  🔲 Regime: RANGING | Range pos: 57% | RSI: 42.2
  💰 Daily P&L: $-1,062.50

[2026-08-07 12:24] O:7768.50 H:7768.75 L:7766.25 C:7766.25 V:844.0
  📈 Trend: moderate_bullish (raw: strong_bearish) | 🌍 Regime: ranging
  🗺️  Grid: 0.080% | 🔺 7770.00 🔻 7767.75
  📡 RSI: 38.0 | MACD: -0.25 | ATR: 1.91
  📊 Filled: 0 | Pending: 0
  🔲 Regime: RANGING | Range pos: 53% | RSI: 38.0
  💰 Daily P&L: $-1,062.50

[2026-08-07 12:25] O:7766.50 H:7767.50 L:7764.25 C:7766.75 V:2653.0
  📈 Trend: strong_bearish | 🌍 Regime: ranging
  🗺️  Grid: 0.080% | 🔺 7768.75 🔻 7766.25
  📡 RSI: 40.4 | MACD: -0.40 | ATR: 2.04
  📊 Filled: 0 | Pending: 0
  🔲 Regime: RANGING | Range pos: 54% | RSI: 40.4
  💰 Daily P&L: $-1,062.50

[2026-08-07 12:26] O:7767.00 H:7767.25 L:7766.50 C:7766.75 V:792.0
  📈 Trend: strong_bearish | 🌍 Regime: ranging
  🗺️  Grid: 0.080% | 🔺 7767.50 🔻 7764.25
  📡 RSI: 46.7 | MACD: -0.51 | ATR: 1.95
  📊 Filled: 0 | Pending: 0
  🔲 Regime: RANGING | Range pos: 54% | RSI: 46.7
  💰 Daily P&L: $-1,062.50

[2026-08-07 12:27] O:7767.00 H:7767.50 L:7766.50 C:7766.75 V:516.0
  📈 Trend: strong_bearish | 🌍 Regime: ranging
  🗺️  Grid: 0.080% | 🔺 7767.25 🔻 7766.50
  📡 RSI: 41.5 | MACD: -0.59 | ATR: 1.89
  📊 Filled: 0 | Pending: 0
  🔲 Regime: RANGING | Range pos: 54% | RSI: 41.5
  💰 Daily P&L: $-1,062.50

[2026-08-07 12:28] O:7767.00 H:7768.25 L:7766.50 C:7767.75 V:510.0
  📈 Trend: strong_bearish | 🌍 Regime: ranging
  🗺️  Grid: 0.080% | 🔺 7767.50 🔻 7766.50
  📡 RSI: 48.8 | MACD: -0.57 | ATR: 1.95
  📊 Filled: 0 | Pending: 0
  🔲 Regime: RANGING | Range pos: 56% | RSI: 48.8
  💰 Daily P&L: $-1,062.50

[2026-08-07 12:29] O:7767.75 H:7769.75 L:7767.75 C:7768.25 V:888.0
  📈 Trend: strong_bearish | 🌍 Regime: ranging
  🗺️  Grid: 0.080% | 🔺 7768.25 🔻 7766.50
  📡 RSI: 51.1 | MACD: -0.51 | ATR: 1.95
  📊 Filled: 0 | Pending: 0
  🔲 Regime: RANGING | Range pos: 57% | RSI: 51.1
  💰 Daily P&L: $-1,062.50

[2026-08-07 12:30] O:7768.25 H:7769.75 L:7768.25 C:7768.50 V:951.0
  📈 Trend: strong_bearish | 🌍 Regime: ranging
  🗺️  Grid: 0.080% | 🔺 7769.75 🔻 7767.75
  📡 RSI: 45.0 | MACD: -0.43 | ATR: 1.82
  📊 Filled: 0 | Pending: 0
  🔲 Regime: RANGING | Range pos: 58% | RSI: 45.0
  💰 Daily P&L: $-1,062.50

[2026-08-07 12:31] O:7768.50 H:7768.50 L:7767.25 C:7768.00 V:810.0
  📈 Trend: strong_bearish | 🌍 Regime: ranging
  🗺️  Grid: 0.080% | 🔺 7769.75 🔻 7768.25
  📡 RSI: 43.9 | MACD: -0.41 | ATR: 1.82
  📊 Filled: 0 | Pending: 0
  🔲 Regime: RANGING | Range pos: 57% | RSI: 43.9
  💰 Daily P&L: $-1,062.50

[2026-08-07 12:32] O:7768.00 H:7768.25 L:7766.50 C:7766.50 V:986.0
  📈 Trend: strong_bearish | 🌍 Regime: ranging
  🗺️  Grid: 0.080% | 🔺 7768.50 🔻 7767.25
  📡 RSI: 34.1 | MACD: -0.50 | ATR: 1.80
  📊 Filled: 0 | Pending: 0
  🔲 Regime: RANGING | Range pos: 53% | RSI: 34.1
  💰 Daily P&L: $-1,062.50

[2026-08-07 12:33] O:7766.50 H:7769.25 L:7764.50 C:7767.50 V:3316.0
  📈 Trend: strong_bearish | 🌍 Regime: ranging
  🗺️  Grid: 0.080% | 🔺 7768.25 🔻 7766.50
  📡 RSI: 38.3 | MACD: -0.49 | ATR: 2.02
  📊 Filled: 0 | Pending: 0
  🔲 Regime: RANGING | Range pos: 55% | RSI: 38.3
  💰 Daily P&L: $-1,062.50

[2026-08-07 12:34] O:7767.75 H:7768.25 L:7766.00 C:7766.75 V:923.0
  📈 Trend: strong_bearish | 🌍 Regime: ranging
  🗺️  Grid: 0.080% | 🔺 7769.25 🔻 7764.50
  📡 RSI: 33.3 | MACD: -0.54 | ATR: 2.07
  📊 Filled: 0 | Pending: 0
  🔲 Regime: RANGING | Range pos: 54% | RSI: 33.3
  💰 Daily P&L: $-1,062.50

[2026-08-07 12:35] O:7766.50 H:7768.50 L:7766.25 C:7768.00 V:627.0
  📈 Trend: strong_bearish | 🌍 Regime: ranging
  🗺️  Grid: 0.080% | 🔺 7768.25 🔻 7766.00
  📡 RSI: 44.7 | MACD: -0.47 | ATR: 2.09
  📊 Filled: 0 | Pending: 0
  🔲 Regime: RANGING | Range pos: 57% | RSI: 44.7
  💰 Daily P&L: $-1,062.50

[2026-08-07 12:36] O:7768.00 H:7768.75 L:7767.50 C:7768.50 V:596.0
  📈 Trend: strong_bearish | 🌍 Regime: ranging
  🗺️  Grid: 0.080% | 🔺 7768.50 🔻 7766.25
  📡 RSI: 43.5 | MACD: -0.37 | ATR: 2.04
  📊 Filled: 0 | Pending: 0
  🔲 Regime: RANGING | Range pos: 58% | RSI: 43.5
  💰 Daily P&L: $-1,062.50

[2026-08-07 12:37] O:7768.50 H:7768.50 L:7767.00 C:7767.25 V:511.0
  📈 Trend: strong_bearish | 🌍 Regime: ranging
  🗺️  Grid: 0.080% | 🔺 7768.75 🔻 7767.50
  📡 RSI: 45.5 | MACD: -0.39 | ATR: 1.98
  📊 Filled: 0 | Pending: 0
  🔲 Regime: RANGING | Range pos: 55% | RSI: 45.5
  💰 Daily P&L: $-1,062.50

[2026-08-07 12:38] O:7767.25 H:7768.75 L:7767.25 C:7768.50 V:520.0
  📈 Trend: strong_bearish | 🌍 Regime: ranging
  🗺️  Grid: 0.080% | 🔺 7768.50 🔻 7767.00
  📡 RSI: 61.0 | MACD: -0.29 | ATR: 1.91
  📊 Filled: 0 | Pending: 0
  🔲 Regime: RANGING | Range pos: 58% | RSI: 61.0
  💰 Daily P&L: $-1,062.50

[2026-08-07 12:39] O:7768.75 H:7771.50 L:7768.00 C:7771.00 V:1162.0
  📈 Trend: strong_bearish (raw: moderate_bearish) | 🌍 Regime: ranging
  🗺️  Grid: 0.080% | 🔺 7768.75 🔻 7767.25
  📡 RSI: 67.3 | MACD: -0.02 | ATR: 1.93
  📊 Filled: 0 | Pending: 0
  🔲 Regime: RANGING | Range pos: 64% | RSI: 67.3
  💰 Daily P&L: $-1,062.50

[2026-08-07 12:40] O:7771.25 H:7771.50 L:7769.00 C:7769.50 V:1071.0
  📈 Trend: strong_bearish (raw: moderate_bullish) | 🌍 Regime: ranging
  🗺️  Grid: 0.080% | 🔺 7771.50 🔻 7768.00
  📡 RSI: 60.0 | MACD: 0.07 | ATR: 2.05
  📊 Filled: 0 | Pending: 0
  🔲 Regime: RANGING | Range pos: 60% | RSI: 60.0
  💰 Daily P&L: $-1,062.50

[2026-08-07 12:41] O:7769.25 H:7769.75 L:7768.75 C:7769.25 V:645.0
  📈 Trend: strong_bearish | 🌍 Regime: ranging
  🗺️  Grid: 0.080% | 🔺 7771.50 🔻 7769.00
  📡 RSI: 58.9 | MACD: 0.13 | ATR: 2.05
  📊 Filled: 0 | Pending: 0
  🔲 Regime: RANGING | Range pos: 60% | RSI: 58.9
  💰 Daily P&L: $-1,062.50

[2026-08-07 12:42] O:7769.00 H:7769.75 L:7768.50 C:7769.00 V:706.0
  📈 Trend: strong_bearish (raw: moderate_bullish) | 🌍 Regime: ranging
  🗺️  Grid: 0.080% | 🔺 7769.75 🔻 7768.75
  📡 RSI: 54.7 | MACD: 0.15 | ATR: 2.02
  📊 Filled: 0 | Pending: 0
  🔲 Regime: RANGING | Range pos: 59% | RSI: 54.7
  💰 Daily P&L: $-1,062.50

[2026-08-07 12:43] O:7769.00 H:7770.25 L:7768.50 C:7770.25 V:930.0
  📈 Trend: moderate_bullish | 🌍 Regime: ranging
  🗺️  Grid: 0.080% | 🔺 7769.75 🔻 7768.50
  📡 RSI: 57.1 | MACD: 0.26 | ATR: 2.00
  📊 Filled: 0 | Pending: 0
  🔲 Regime: RANGING | Range pos: 62% | RSI: 57.1
  💰 Daily P&L: $-1,062.50

[2026-08-07 12:44] O:7770.00 H:7770.25 L:7769.00 C:7769.00 V:492.0
  📈 Trend: moderate_bullish | 🌍 Regime: ranging
  🗺️  Grid: 0.080% | 🔺 7770.25 🔻 7768.50
  📡 RSI: 51.7 | MACD: 0.25 | ATR: 1.98
  📊 Filled: 0 | Pending: 0
  🔲 Regime: RANGING | Range pos: 59% | RSI: 51.7
  💰 Daily P&L: $-1,062.50

[2026-08-07 12:45] O:7769.00 H:7770.25 L:7768.25 C:7770.00 V:933.0
  📈 Trend: moderate_bullish | 🌍 Regime: ranging
  🗺️  Grid: 0.080% | 🔺 7770.25 🔻 7769.00
  📡 RSI: 56.5 | MACD: 0.32 | ATR: 2.04
  📊 Filled: 0 | Pending: 0
  🔲 Regime: RANGING | Range pos: 61% | RSI: 56.5
  💰 Daily P&L: $-1,062.50

[2026-08-07 12:46] O:7770.00 H:7771.50 L:7769.75 C:7771.25 V:867.0
  📈 Trend: moderate_bullish | 🌍 Regime: ranging
  🗺️  Grid: 0.080% | 🔺 7770.25 🔻 7768.25
  📡 RSI: 65.6 | MACD: 0.46 | ATR: 2.04
  📊 Filled: 0 | Pending: 0
  🔲 Regime: RANGING | Range pos: 64% | RSI: 65.6
  💰 Daily P&L: $-1,062.50

[2026-08-07 12:47] O:7771.25 H:7771.75 L:7770.50 C:7770.75 V:779.0
  📈 Trend: moderate_bullish (raw: strong_bullish) | 🌍 Regime: ranging
  🗺️  Grid: 0.080% | 🔺 7771.50 🔻 7769.75
  📡 RSI: 61.0 | MACD: 0.54 | ATR: 1.79
  📊 Filled: 0 | Pending: 0
  🔲 Regime: RANGING | Range pos: 63% | RSI: 61.0
  💰 Daily P&L: $-1,062.50

[2026-08-07 12:48] O:7770.75 H:7771.00 L:7770.25 C:7770.50 V:663.0
  📈 Trend: strong_bullish | 🌍 Regime: ranging
  🗺️  Grid: 0.080% | 🔺 7771.75 🔻 7770.50
  📡 RSI: 63.2 | MACD: 0.56 | ATR: 1.68
  📊 Filled: 0 | Pending: 0
  🔲 Regime: RANGING | Range pos: 62% | RSI: 63.2
  💰 Daily P&L: $-1,062.50

[2026-08-07 12:49] O:7770.50 H:7771.00 L:7770.00 C:7770.00 V:484.0
  📈 Trend: strong_bullish | 🌍 Regime: ranging
  🗺️  Grid: 0.080% | 🔺 7771.00 🔻 7770.25
  📡 RSI: 57.4 | MACD: 0.54 | ATR: 1.59
  📊 Filled: 0 | Pending: 0
  🔲 Regime: RANGING | Range pos: 61% | RSI: 57.4
  💰 Daily P&L: $-1,062.50

[2026-08-07 12:50] O:7770.00 H:7772.25 L:7770.00 C:7770.75 V:995.0
  📈 Trend: strong_bullish | 🌍 Regime: ranging
  🗺️  Grid: 0.080% | 🔺 7771.00 🔻 7770.00
  📡 RSI: 58.2 | MACD: 0.58 | ATR: 1.66
  📊 Filled: 0 | Pending: 0
  🔲 Regime: RANGING | Range pos: 63% | RSI: 58.2
  💰 Daily P&L: $-1,062.50

[2026-08-07 12:51] O:7771.00 H:7771.00 L:7768.25 C:7769.00 V:1124.0
  📈 Trend: strong_bullish | 🌍 Regime: ranging
  🗺️  Grid: 0.080% | 🔺 7772.25 🔻 7770.00
  📡 RSI: 56.1 | MACD: 0.46 | ATR: 1.75
  📊 Filled: 0 | Pending: 0
  🔲 Regime: RANGING | Range pos: 59% | RSI: 56.1
  💰 Daily P&L: $-1,062.50

[2026-08-07 12:52] O:7769.25 H:7769.25 L:7767.00 C:7768.00 V:1343.0
  📈 Trend: strong_bullish (raw: moderate_bullish) | 🌍 Regime: ranging
  🗺️  Grid: 0.080% | 🔺 7771.00 🔻 7768.25
  📡 RSI: 48.2 | MACD: 0.28 | ATR: 1.80
  📊 Filled: 0 | Pending: 0
  🔲 Regime: RANGING | Range pos: 57% | RSI: 48.2
  💰 Daily P&L: $-1,062.50

[2026-08-07 12:53] O:7768.00 H:7768.50 L:7767.25 C:7768.00 V:860.0
  📈 Trend: moderate_bullish | 🌍 Regime: ranging
  🗺️  Grid: 0.080% | 🔺 7769.25 🔻 7767.00
  📡 RSI: 37.0 | MACD: 0.14 | ATR: 1.64
  📊 Filled: 0 | Pending: 0
  🔲 Regime: RANGING | Range pos: 57% | RSI: 37.0
  💰 Daily P&L: $-1,062.50

[2026-08-07 12:54] O:7768.25 H:7770.50 L:7768.00 C:7770.50 V:805.0
  📈 Trend: moderate_bullish | 🌍 Regime: ranging
  🗺️  Grid: 0.080% | 🔺 7768.50 🔻 7767.25
  📡 RSI: 54.0 | MACD: 0.22 | ATR: 1.64
  📊 Filled: 0 | Pending: 0
  🔲 Regime: RANGING | Range pos: 62% | RSI: 54.0
  💰 Daily P&L: $-1,062.50

[2026-08-07 12:55] O:7770.50 H:7770.75 L:7769.25 C:7769.25 V:616.0
  📈 Trend: moderate_bullish | 🌍 Regime: ranging
  🗺️  Grid: 0.080% | 🔺 7770.50 🔻 7768.00
  📡 RSI: 50.0 | MACD: 0.19 | ATR: 1.68
  📊 Filled: 0 | Pending: 0
  🔲 Regime: RANGING | Range pos: 60% | RSI: 50.0
  💰 Daily P&L: $-1,062.50

[2026-08-07 12:56] O:7769.25 H:7770.75 L:7769.00 C:7769.75 V:548.0
  📈 Trend: moderate_bullish | 🌍 Regime: ranging
  🗺️  Grid: 0.080% | 🔺 7770.75 🔻 7769.25
  📡 RSI: 52.7 | MACD: 0.20 | ATR: 1.71
  📊 Filled: 0 | Pending: 0
  🔲 Regime: RANGING | Range pos: 61% | RSI: 52.7
  💰 Daily P&L: $-1,062.50

[2026-08-07 12:57] O:7769.50 H:7771.50 L:7769.50 C:7771.25 V:554.0
  📈 Trend: moderate_bullish (raw: strong_bullish) | 🌍 Regime: ranging
  🗺️  Grid: 0.080% | 🔺 7770.75 🔻 7769.00
  📡 RSI: 53.6 | MACD: 0.33 | ATR: 1.73
  📊 Filled: 0 | Pending: 0
  🔲 Regime: RANGING | Range pos: 64% | RSI: 53.6
  💰 Daily P&L: $-1,062.50

[2026-08-07 12:58] O:7771.25 H:7771.50 L:7770.00 C:7770.25 V:576.0
  📈 Trend: moderate_bullish | 🌍 Regime: ranging
  🗺️  Grid: 0.080% | 🔺 7771.50 🔻 7769.50
  📡 RSI: 54.5 | MACD: 0.34 | ATR: 1.75
  📊 Filled: 0 | Pending: 0
  🔲 Regime: RANGING | Range pos: 62% | RSI: 54.5
  💰 Daily P&L: $-1,062.50

[2026-08-07 12:59] O:7770.25 H:7770.50 L:7768.75 C:7768.75 V:558.0
  📈 Trend: moderate_bullish (raw: moderate_bearish) | 🌍 Regime: ranging
  🗺️  Grid: 0.080% | 🔺 7771.50 🔻 7770.00
  📡 RSI: 45.6 | MACD: 0.23 | ATR: 1.73
  📊 Filled: 0 | Pending: 0
  🔲 Regime: RANGING | Range pos: 58% | RSI: 45.6
  💰 Daily P&L: $-1,062.50

[2026-08-07 13:00] O:7768.75 H:7770.25 L:7768.25 C:7769.50 V:1452.0
  📈 Trend: moderate_bullish | 🌍 Regime: ranging
  🗺️  Grid: 0.080% | 🔺 7770.50 🔻 7768.75
  📡 RSI: 43.6 | MACD: 0.20 | ATR: 1.75
  📊 Filled: 0 | Pending: 0
  🔲 Regime: RANGING | Range pos: 60% | RSI: 43.6
  💰 Daily P&L: $-1,062.50

[2026-08-07 13:01] O:7769.50 H:7770.00 L:7769.00 C:7769.50 V:643.0
  📈 Trend: moderate_bullish | 🌍 Regime: ranging
  🗺️  Grid: 0.080% | 🔺 7770.25 🔻 7768.25
  📡 RSI: 45.3 | MACD: 0.17 | ATR: 1.73
  📊 Filled: 0 | Pending: 0
  🔲 Regime: RANGING | Range pos: 60% | RSI: 45.3
  💰 Daily P&L: $-1,062.50

[2026-08-07 13:02] O:7769.75 H:7770.25 L:7768.50 C:7769.25 V:907.0
  📈 Trend: moderate_bullish (raw: moderate_bearish) | 🌍 Regime: ranging
  🗺️  Grid: 0.080% | 🔺 7770.00 🔻 7769.00
  📡 RSI: 45.3 | MACD: 0.13 | ATR: 1.80
  📊 Filled: 0 | Pending: 0
  🔲 Regime: RANGING | Range pos: 60% | RSI: 45.3
  💰 Daily P&L: $-1,062.50

[2026-08-07 13:03] O:7769.25 H:7770.00 L:7768.75 C:7769.25 V:861.0
  📈 Trend: moderate_bullish | 🌍 Regime: ranging
  🗺️  Grid: 0.080% | 🔺 7770.25 🔻 7768.50
  📡 RSI: 47.1 | MACD: 0.10 | ATR: 1.82
  📊 Filled: 0 | Pending: 0
  🔲 Regime: RANGING | Range pos: 60% | RSI: 47.1
  💰 Daily P&L: $-1,062.50

[2026-08-07 13:04] O:7769.25 H:7769.25 L:7768.25 C:7768.75 V:885.0
  📈 Trend: moderate_bullish (raw: moderate_bearish) | 🌍 Regime: ranging
  🗺️  Grid: 0.080% | 🔺 7770.00 🔻 7768.75
  📡 RSI: 42.0 | MACD: 0.03 | ATR: 1.73
  📊 Filled: 0 | Pending: 0
  🔲 Regime: RANGING | Range pos: 58% | RSI: 42.0
  💰 Daily P&L: $-1,062.50

[2026-08-07 13:05] O:7768.75 H:7769.25 L:7766.75 C:7767.50 V:1702.0
  📈 Trend: moderate_bullish (raw: strong_bearish) | 🌍 Regime: ranging
  🗺️  Grid: 0.080% | 🔺 7769.25 🔻 7768.25
  📡 RSI: 43.8 | MACD: -0.13 | ATR: 1.71
  📊 Filled: 0 | Pending: 0
  🔲 Regime: RANGING | Range pos: 55% | RSI: 43.8
  💰 Daily P&L: $-1,062.50

[2026-08-07 13:06] O:7767.50 H:7768.00 L:7766.25 C:7767.25 V:1141.0
  📈 Trend: strong_bearish | 🌍 Regime: ranging
  🗺️  Grid: 0.080% | 🔺 7769.25 🔻 7766.75
  📡 RSI: 46.7 | MACD: -0.26 | ATR: 1.68
  📊 Filled: 0 | Pending: 0
  🔲 Regime: RANGING | Range pos: 55% | RSI: 46.7
  💰 Daily P&L: $-1,062.50

[2026-08-07 13:07] O:7767.25 H:7768.00 L:7765.50 C:7767.75 V:949.0
  📈 Trend: strong_bearish | 🌍 Regime: ranging
  🗺️  Grid: 0.080% | 🔺 7768.00 🔻 7766.25
  📡 RSI: 48.9 | MACD: -0.33 | ATR: 1.77
  📊 Filled: 0 | Pending: 0
  🔲 Regime: RANGING | Range pos: 56% | RSI: 48.9
  💰 Daily P&L: $-1,062.50

[2026-08-07 13:08] O:7767.75 H:7768.75 L:7767.50 C:7768.00 V:912.0
  📈 Trend: strong_bearish | 🌍 Regime: ranging
  🗺️  Grid: 0.080% | 🔺 7768.00 🔻 7765.50
  📡 RSI: 36.8 | MACD: -0.36 | ATR: 1.68
  📊 Filled: 0 | Pending: 0
  🔲 Regime: RANGING | Range pos: 57% | RSI: 36.8
  💰 Daily P&L: $-1,062.50

[2026-08-07 13:09] O:7768.00 H:7768.50 L:7767.25 C:7767.75 V:508.0
  📈 Trend: strong_bearish | 🌍 Regime: ranging
  🗺️  Grid: 0.080% | 🔺 7768.75 🔻 7767.50
  📡 RSI: 41.2 | MACD: -0.40 | ATR: 1.66
  📊 Filled: 0 | Pending: 0
  🔲 Regime: RANGING | Range pos: 56% | RSI: 41.2
  💰 Daily P&L: $-1,062.50

[2026-08-07 13:10] O:7768.00 H:7768.75 L:7767.50 C:7768.00 V:786.0
  📈 Trend: strong_bearish | 🌍 Regime: ranging
  🗺️  Grid: 0.080% | 🔺 7768.50 🔻 7767.25
  📡 RSI: 39.4 | MACD: -0.40 | ATR: 1.62
  📊 Filled: 0 | Pending: 0
  🔲 Regime: RANGING | Range pos: 57% | RSI: 39.4
  💰 Daily P&L: $-1,062.50

[2026-08-07 13:11] O:7767.75 H:7767.75 L:7766.50 C:7767.00 V:536.0
  📈 Trend: strong_bearish | 🌍 Regime: ranging
  🗺️  Grid: 0.080% | 🔺 7768.75 🔻 7767.50
  📡 RSI: 22.6 | MACD: -0.48 | ATR: 1.59
  📊 Filled: 0 | Pending: 0
  🔲 Regime: RANGING | Range pos: 54% | RSI: 22.6
  💰 Daily P&L: $-1,062.50

[2026-08-07 13:12] O:7767.00 H:7767.00 L:7763.50 C:7765.50 V:1789.0
  📈 Trend: strong_bearish | 🌍 Regime: ranging
  🗺️  Grid: 0.080% | 🔺 7767.75 🔻 7766.50
  📡 RSI: 21.2 | MACD: -0.66 | ATR: 1.73
  📊 Filled: 0 | Pending: 0
  🔲 Regime: RANGING | Range pos: 51% | RSI: 21.2
  💰 Daily P&L: $-1,062.50

[2026-08-07 13:13] O:7765.50 H:7765.50 L:7763.50 C:7763.75 V:1097.0
  📈 Trend: strong_bearish | 🌍 Regime: ranging
  🗺️  Grid: 0.080% | 🔺 7767.00 🔻 7763.50
  📡 RSI: 20.6 | MACD: -0.93 | ATR: 1.75
  📊 Filled: 0 | Pending: 0
  🔲 Regime: RANGING | Range pos: 47% | RSI: 20.6
  💰 Daily P&L: $-1,062.50

[2026-08-07 13:14] O:7764.00 H:7764.00 L:7761.75 C:7763.00 V:1815.0
  📈 Trend: strong_bearish | 🌍 Regime: ranging
  🗺️  Grid: 0.080% | 🔺 7765.50 🔻 7763.50
  📡 RSI: 11.8 | MACD: -1.19 | ATR: 1.77
  📊 Filled: 0 | Pending: 0
  🔲 Regime: RANGING | Range pos: 45% | RSI: 11.8
  💰 Daily P&L: $-1,062.50

[2026-08-07 13:15] O:7763.00 H:7763.50 L:7762.00 C:7762.75 V:1398.0
  📈 Trend: strong_bearish | 🌍 Regime: ranging
  🗺️  Grid: 0.080% | 🔺 7764.00 🔻 7761.75
  📡 RSI: 11.4 | MACD: -1.40 | ATR: 1.80
  📊 Filled: 0 | Pending: 0
  🔲 Regime: RANGING | Range pos: 45% | RSI: 11.4
  💰 Daily P&L: $-1,062.50

[2026-08-07 13:16] O:7762.75 H:7764.25 L:7762.25 C:7763.25 V:1082.0
  📈 Trend: strong_bearish | 🌍 Regime: ranging
  🗺️  Grid: 0.080% | 🔺 7763.50 🔻 7762.00
  📡 RSI: 16.7 | MACD: -1.51 | ATR: 1.82
  📊 Filled: 0 | Pending: 0
  🔲 Regime: RANGING | Range pos: 46% | RSI: 16.7
  💰 Daily P&L: $-1,062.50

[2026-08-07 13:17] O:7763.50 H:7764.00 L:7762.50 C:7763.50 V:765.0
  📈 Trend: strong_bearish | 🌍 Regime: ranging
  🗺️  Grid: 0.080% | 🔺 7764.25 🔻 7762.25
  📡 RSI: 18.9 | MACD: -1.56 | ATR: 1.84
  📊 Filled: 0 | Pending: 0
  🔲 Regime: RANGING | Range pos: 46% | RSI: 18.9
  💰 Daily P&L: $-1,062.50

[2026-08-07 13:18] O:7763.75 H:7765.50 L:7763.75 C:7765.00 V:1324.0
  📈 Trend: strong_bearish | 🌍 Regime: ranging
  🗺️  Grid: 0.080% | 🔺 7764.00 🔻 7762.50
  📡 RSI: 31.7 | MACD: -1.46 | ATR: 1.91
  📊 Filled: 0 | Pending: 0
  🔲 Regime: RANGING | Range pos: 50% | RSI: 31.7
  💰 Daily P&L: $-1,062.50

[2026-08-07 13:19] O:7765.25 H:7765.25 L:7763.75 C:7764.50 V:676.0
  📈 Trend: strong_bearish | 🌍 Regime: ranging
  🗺️  Grid: 0.080% | 🔺 7765.50 🔻 7763.75
  📡 RSI: 34.2 | MACD: -1.40 | ATR: 1.84
  📊 Filled: 0 | Pending: 0
  🔲 Regime: RANGING | Range pos: 49% | RSI: 34.2
  💰 Daily P&L: $-1,062.50

[2026-08-07 13:20] O:7764.75 H:7765.25 L:7763.75 C:7764.00 V:651.0
  📈 Trend: strong_bearish | 🌍 Regime: ranging
  🗺️  Grid: 0.080% | 🔺 7765.25 🔻 7763.75
  📡 RSI: 33.3 | MACD: -1.38 | ATR: 1.82
  📊 Filled: 0 | Pending: 0
  🔲 Regime: RANGING | Range pos: 47% | RSI: 33.3
  💰 Daily P&L: $-1,062.50

[2026-08-07 13:21] O:7764.00 H:7765.25 L:7763.50 C:7763.50 V:648.0
  📈 Trend: strong_bearish | 🌍 Regime: trending_bearish
  🗺️  Grid: 0.080% | 🔺 7765.25 🔻 7763.75
  📡 RSI: 28.2 | MACD: -1.39 | ATR: 1.77
  📊 Filled: 0 | Pending: 0
  💰 Daily P&L: $-1,062.50
→ Real-time bars cancelled
✓ Disconnected from IBKR
