2026-08-26 11:06:05 | ERROR    | unhandled exception during asyncio.run() shutdown
task: <Task finished name='Task-123' coro=<<async_generator_athrow without __name__>()> exception=ConnectionError('Not connected')>
Traceback (most recent call last):
  File "C:\Users\essel\Desktop\Coding\ES-Bot\broker.py", line 116, in stream_1m_bars
    yield bar
asyncio.exceptions.CancelledError

During handling of the above exception, another exception occurred:

Traceback (most recent call last):
  File "C:\Python312\Lib\asyncio\tasks.py", line 316, in __step_run_and_handle_result
    result = coro.throw(exc)
             ^^^^^^^^^^^^^^^
  File "C:\Users\essel\Desktop\Coding\ES-Bot\broker.py", line 119, in stream_1m_bars
    self.ib.cancelRealTimeBars(self._rt_bars)
  File "C:\Python312\Lib\site-packages\ib_insync\ib.py", line 1018, in cancelRealTimeBars
    self.client.cancelRealTimeBars(bars.reqId)
  File "C:\Python312\Lib\site-packages\ib_insync\client.py", line 791, in cancelRealTimeBars
    self.send(51, 1, reqId)
  File "C:\Python312\Lib\site-packages\ib_insync\client.py", line 238, in send
    raise ConnectionError('Not connected')
ConnectionError: Not connected
=============================
Starting live 1-minute bar stream...
Strategy is now ACTIVE (SCALP mode)
============================================================

→ Subscribed to 5-second real-time bars (aggregating to 1 min)

[2026-08-26 08:09] O:7678.00 H:7678.25 L:7677.50 C:7678.00 V:551.0
  📈 Trend: sideways (raw: strong_bearish) | 🌍 Regime: trending_bearish
  🗺️  Grid: 0.080% | 🔺 7679.00 🔻 7678.00
  📡 RSI: 42.9 | MACD: -1.07 | ATR: 1.82
  📊 Filled: 0 | Pending: 0
  🕐 Outside session (08:09 CT) — no entries
  💰 Daily P&L: $+0.00

[2026-08-26 08:10] O:7678.25 H:7678.25 L:7677.25 C:7677.75 V:339.0
  📈 Trend: strong_bearish | 🌍 Regime: trending_bearish
  🗺️  Grid: 0.080% | 🔺 7678.25 🔻 7677.50
  📡 RSI: 29.3 | MACD: -1.15 | ATR: 1.70
  📊 Filled: 0 | Pending: 0
  🕐 Outside session (08:10 CT) — no entries
  💰 Daily P&L: $+0.00

[2026-08-26 08:11] O:7677.50 H:7678.50 L:7676.75 C:7678.50 V:493.0
  📈 Trend: strong_bearish | 🌍 Regime: trending_bearish
  🗺️  Grid: 0.080% | 🔺 7678.25 🔻 7677.25
  📡 RSI: 45.5 | MACD: -1.15 | ATR: 1.52
  📊 Filled: 0 | Pending: 0
  🕐 Outside session (08:11 CT) — no entries
  💰 Daily P&L: $+0.00

[2026-08-26 08:12] O:7678.50 H:7679.00 L:7678.00 C:7679.00 V:362.0
  📈 Trend: strong_bearish | 🌍 Regime: trending_bearish
  🗺️  Grid: 0.080% | 🔺 7678.50 🔻 7676.75
  📡 RSI: 48.6 | MACD: -1.09 | ATR: 1.50
  📊 Filled: 0 | Pending: 0
  🕐 Outside session (08:12 CT) — no entries
  💰 Daily P&L: $+0.00

[2026-08-26 08:13] O:7679.25 H:7681.00 L:7679.00 C:7681.00 V:532.0
  📈 Trend: strong_bearish (raw: moderate_bearish) | 🌍 Regime: trending_bearish
  🗺️  Grid: 0.080% | 🔺 7679.00 🔻 7678.00
  📡 RSI: 51.4 | MACD: -0.87 | ATR: 1.48
  📊 Filled: 0 | Pending: 0
  🕐 Outside session (08:13 CT) — no entries
  💰 Daily P&L: $+0.00

[2026-08-26 08:14] O:7681.00 H:7682.00 L:7680.75 C:7682.00 V:482.0
  📈 Trend: moderate_bearish | 🌍 Regime: trending_bearish
  🗺️  Grid: 0.080% | 🔺 7681.00 🔻 7679.00
  📡 RSI: 52.6 | MACD: -0.61 | ATR: 1.38
  📊 Filled: 0 | Pending: 0
  🕐 Outside session (08:14 CT) — no entries
  💰 Daily P&L: $+0.00

[2026-08-26 08:15] O:7682.00 H:7682.00 L:7680.75 C:7680.75 V:420.0
  📈 Trend: moderate_bearish (raw: strong_bearish) | 🌍 Regime: trending_bearish
  🗺️  Grid: 0.080% | 🔺 7682.00 🔻 7680.75
  📡 RSI: 43.9 | MACD: -0.49 | ATR: 1.39
  📊 Filled: 0 | Pending: 0
  🕐 Outside session (08:15 CT) — no entries
  💰 Daily P&L: $+0.00

[2026-08-26 08:16] O:7680.50 H:7681.75 L:7679.25 C:7681.75 V:519.0
  📈 Trend: moderate_bearish | 🌍 Regime: trending_bearish
  🗺️  Grid: 0.080% | 🔺 7682.00 🔻 7680.75
  📡 RSI: 52.4 | MACD: -0.32 | ATR: 1.45
  📊 Filled: 0 | Pending: 0
  🕐 Outside session (08:16 CT) — no entries
  💰 Daily P&L: $+0.00

[2026-08-26 08:17] O:7681.75 H:7682.00 L:7680.00 C:7680.75 V:698.0
  📈 Trend: moderate_bearish | 🌍 Regime: trending_bearish
  🗺️  Grid: 0.080% | 🔺 7681.75 🔻 7679.25
  📡 RSI: 50.0 | MACD: -0.26 | ATR: 1.52
  📊 Filled: 0 | Pending: 0
  🕐 Outside session (08:17 CT) — no entries
  💰 Daily P&L: $+0.00

[2026-08-26 08:18] O:7680.50 H:7681.75 L:7679.75 C:7680.25 V:960.0
  📈 Trend: moderate_bearish (raw: strong_bearish) | 🌍 Regime: ranging
  🗺️  Grid: 0.080% | 🔺 7682.00 🔻 7680.00
  📡 RSI: 46.7 | MACD: -0.25 | ATR: 1.54
  📊 Filled: 0 | Pending: 0
  🕐 Outside session (08:18 CT) — no entries
  💰 Daily P&L: $+0.00

[2026-08-26 08:19] O:7680.00 H:7681.25 L:7680.00 C:7681.00 V:292.0
  📈 Trend: strong_bearish | 🌍 Regime: ranging
  🗺️  Grid: 0.080% | 🔺 7681.75 🔻 7679.75
  📡 RSI: 52.2 | MACD: -0.18 | ATR: 1.48
  📊 Filled: 0 | Pending: 0
  🕐 Outside session (08:19 CT) — no entries
  💰 Daily P&L: $+0.00

[2026-08-26 08:20] O:7681.00 H:7681.00 L:7680.25 C:7680.50 V:266.0
  📈 Trend: strong_bearish | 🌍 Regime: ranging
  🗺️  Grid: 0.080% | 🔺 7681.25 🔻 7680.00
  📡 RSI: 53.3 | MACD: -0.16 | ATR: 1.46
  📊 Filled: 0 | Pending: 0
  🕐 Outside session (08:20 CT) — no entries
  💰 Daily P&L: $+0.00

[2026-08-26 08:21] O:7680.75 H:7681.25 L:7680.00 C:7680.25 V:374.0
  📈 Trend: strong_bearish | 🌍 Regime: ranging
  🗺️  Grid: 0.080% | 🔺 7681.00 🔻 7680.25
  📡 RSI: 57.1 | MACD: -0.17 | ATR: 1.41
  📊 Filled: 0 | Pending: 0
  🕐 Outside session (08:21 CT) — no entries
  💰 Daily P&L: $+0.00

[2026-08-26 08:22] O:7680.25 H:7680.50 L:7679.75 C:7680.50 V:230.0
  📈 Trend: strong_bearish | 🌍 Regime: ranging
  🗺️  Grid: 0.080% | 🔺 7681.25 🔻 7680.00
  📡 RSI: 61.0 | MACD: -0.15 | ATR: 1.39
  📊 Filled: 0 | Pending: 0
  🕐 Outside session (08:22 CT) — no entries
  💰 Daily P&L: $+0.00

[2026-08-26 08:23] O:7680.50 H:7680.75 L:7679.75 C:7679.75 V:202.0
  📈 Trend: strong_bearish | 🌍 Regime: ranging
  🗺️  Grid: 0.080% | 🔺 7680.50 🔻 7679.75
  📡 RSI: 58.1 | MACD: -0.19 | ATR: 1.41
  📊 Filled: 0 | Pending: 0
  🕐 Outside session (08:23 CT) — no entries
  💰 Daily P&L: $+0.00

[2026-08-26 08:24] O:7679.75 H:7680.50 L:7679.50 C:7680.25 V:338.0
  📈 Trend: strong_bearish | 🌍 Regime: ranging
  🗺️  Grid: 0.080% | 🔺 7680.75 🔻 7679.75
  📡 RSI: 61.4 | MACD: -0.19 | ATR: 1.41
  📊 Filled: 0 | Pending: 0
  🕐 Outside session (08:24 CT) — no entries
  💰 Daily P&L: $+0.00

[2026-08-26 08:25] O:7680.25 H:7682.25 L:7679.50 C:7681.00 V:1035.0
  📈 Trend: strong_bearish (raw: moderate_bearish) | 🌍 Regime: ranging
  🗺️  Grid: 0.080% | 🔺 7680.50 🔻 7679.50
  📡 RSI: 61.4 | MACD: -0.12 | ATR: 1.48
  📊 Filled: 0 | Pending: 0
  🕐 Outside session (08:25 CT) — no entries
  💰 Daily P&L: $+0.00

[2026-08-26 08:26] O:7680.75 H:7681.50 L:7680.75 C:7681.25 V:372.0
  📈 Trend: moderate_bearish | 🌍 Regime: ranging
  🗺️  Grid: 0.080% | 🔺 7682.25 🔻 7679.50
  📡 RSI: 60.5 | MACD: -0.04 | ATR: 1.46
  📊 Filled: 0 | Pending: 0
  🕐 Outside session (08:26 CT) — no entries
  💰 Daily P&L: $+0.00

[2026-08-26 08:27] O:7681.25 H:7681.50 L:7679.25 C:7680.00 V:724.0
  📈 Trend: moderate_bearish | 🌍 Regime: ranging
  🗺️  Grid: 0.080% | 🔺 7681.50 🔻 7680.75
  📡 RSI: 45.0 | MACD: -0.08 | ATR: 1.48
  📊 Filled: 0 | Pending: 0
  🕐 Outside session (08:27 CT) — no entries
  💰 Daily P&L: $+0.00

[2026-08-26 08:28] O:7680.00 H:7681.25 L:7679.25 C:7681.00 V:851.0
  📈 Trend: moderate_bearish | 🌍 Regime: ranging
  🗺️  Grid: 0.080% | 🔺 7681.50 🔻 7679.25
  📡 RSI: 45.0 | MACD: -0.04 | ATR: 1.54
  📊 Filled: 0 | Pending: 0
  🕐 Outside session (08:28 CT) — no entries
  💰 Daily P&L: $+0.00

[2026-08-26 08:29] O:7681.00 H:7681.00 L:7678.25 C:7678.50 V:2112.0
  📈 Trend: moderate_bearish (raw: strong_bearish) | 🌍 Regime: ranging
  🗺️  Grid: 0.080% | 🔺 7681.25 🔻 7679.25
  📡 RSI: 40.0 | MACD: -0.20 | ATR: 1.64
  📊 Filled: 0 | Pending: 0
  🕐 Outside session (08:29 CT) — no entries
  💰 Daily P&L: $+0.00

[2026-08-26 08:30] O:7678.75 H:7684.00 L:7678.75 C:7680.75 V:9766.0
  📈 Trend: moderate_bearish | 🌍 Regime: ranging
  🗺️  Grid: 0.080% | 🔺 7681.00 🔻 7678.25
  📡 RSI: 46.0 | MACD: -0.14 | ATR: 1.86
  📊 Filled: 0 | Pending: 0
  🕐 Outside session (08:30 CT) — no entries
  💰 Daily P&L: $+0.00

[2026-08-26 08:31] O:7680.75 H:7687.25 L:7679.50 C:7686.75 V:6414.0
  📈 Trend: moderate_bearish (raw: strong_bullish) | 🌍 Regime: ranging
  🗺️  Grid: 0.080% | 🔺 7684.00 🔻 7678.75
  📡 RSI: 67.1 | MACD: 0.38 | ATR: 2.27
  📊 Filled: 0 | Pending: 0
  🕐 Outside session (08:31 CT) — no entries
  💰 Daily P&L: $+0.00

[2026-08-26 08:32] O:7686.50 H:7688.00 L:7684.00 C:7684.50 V:5136.0
  📈 Trend: strong_bullish | 🌍 Regime: ranging
  🗺️  Grid: 0.080% | 🔺 7687.25 🔻 7679.50
  📡 RSI: 61.0 | MACD: 0.61 | ATR: 2.41
  📊 Filled: 0 | Pending: 0
  🕐 Outside session (08:32 CT) — no entries
  💰 Daily P&L: $+0.00

[2026-08-26 08:33] O:7684.50 H:7687.00 L:7684.00 C:7687.00 V:3609.0
  📈 Trend: strong_bullish | 🌍 Regime: ranging
  🗺️  Grid: 0.080% | 🔺 7688.00 🔻 7684.00
  📡 RSI: 64.3 | MACD: 0.98 | ATR: 2.54
  📊 Filled: 0 | Pending: 0
  🕐 Outside session (08:33 CT) — no entries
  💰 Daily P&L: $+0.00

[2026-08-26 08:34] O:7686.75 H:7690.75 L:7686.00 C:7689.00 V:4920.0
  📈 Trend: strong_bullish | 🌍 Regime: ranging
  🗺️  Grid: 0.080% | 🔺 7687.00 🔻 7684.00
  📡 RSI: 68.9 | MACD: 1.42 | ATR: 2.82
  📊 Filled: 0 | Pending: 0
  🕐 Outside session (08:34 CT) — no entries
  💰 Daily P&L: $+0.00

[2026-08-26 08:35] O:7689.25 H:7689.50 L:7680.25 C:7682.50 V:6207.0
  📈 Trend: strong_bullish | 🌍 Regime: ranging
  🗺️  Grid: 0.080% | 🔺 7690.75 🔻 7686.00
  📡 RSI: 53.9 | MACD: 1.23 | ATR: 3.39
  📊 Filled: 0 | Pending: 0
  🕐 Outside session (08:35 CT) — no entries
  💰 Daily P&L: $+0.00

[2026-08-26 08:36] O:7682.75 H:7686.50 L:7680.50 C:7685.75 V:5255.0
  📈 Trend: strong_bullish | 🌍 Regime: ranging
  🗺️  Grid: 0.080% | 🔺 7689.50 🔻 7680.25
  📡 RSI: 58.3 | MACD: 1.32 | ATR: 3.77
  📊 Filled: 0 | Pending: 0
  🕐 Outside session (08:36 CT) — no entries
  💰 Daily P&L: $+0.00

[2026-08-26 08:37] O:7685.75 H:7689.00 L:7685.25 C:7689.00 V:3538.0
  📈 Trend: strong_bullish | 🌍 Regime: ranging
  🗺️  Grid: 0.080% | 🔺 7686.50 🔻 7680.50
  📡 RSI: 63.5 | MACD: 1.64 | ATR: 3.96
  📊 Filled: 0 | Pending: 0
  🕐 Outside session (08:37 CT) — no entries
  💰 Daily P&L: $+0.00

[2026-08-26 08:38] O:7689.00 H:7690.50 L:7688.00 C:7689.25 V:3355.0
  📈 Trend: strong_bullish | 🌍 Regime: trending_bullish
  🗺️  Grid: 0.080% | 🔺 7689.00 🔻 7685.25
  📡 RSI: 63.2 | MACD: 1.89 | ATR: 4.07
  📊 Filled: 0 | Pending: 0
  🕐 Outside session (08:38 CT) — no entries
  💰 Daily P&L: $+0.00

[2026-08-26 08:39] O:7689.00 H:7689.25 L:7686.75 C:7688.00 V:3071.0
  📈 Trend: strong_bullish | 🌍 Regime: trending_bullish
  🗺️  Grid: 0.080% | 🔺 7690.50 🔻 7688.00
  📡 RSI: 60.1 | MACD: 1.97 | ATR: 4.05
  📊 Filled: 0 | Pending: 0
  🕐 Outside session (08:39 CT) — no entries
  💰 Daily P&L: $+0.00

[2026-08-26 08:40] O:7688.00 H:7691.00 L:7686.75 C:7689.75 V:3393.0
  📈 Trend: strong_bullish | 🌍 Regime: trending_bullish
  🗺️  Grid: 0.080% | 🔺 7689.25 🔻 7686.75
  📡 RSI: 61.8 | MACD: 2.14 | ATR: 4.30
  📊 Filled: 0 | Pending: 0
  🕐 Outside session (08:40 CT) — no entries
  💰 Daily P&L: $+0.00

[2026-08-26 08:41] O:7689.75 H:7690.50 L:7687.75 C:7689.00 V:2757.0
  📈 Trend: strong_bullish | 🌍 Regime: trending_bullish
  🗺️  Grid: 0.080% | 🔺 7691.00 🔻 7686.75
  📡 RSI: 62.7 | MACD: 2.20 | ATR: 4.34
  📊 Filled: 0 | Pending: 0
  🕐 Outside session (08:41 CT) — no entries
  💰 Daily P&L: $+0.00

[2026-08-26 08:42] O:7689.00 H:7690.75 L:7686.75 C:7690.50 V:2682.0
  📈 Trend: strong_bullish | 🌍 Regime: trending_bullish
  🗺️  Grid: 0.080% | 🔺 7690.50 🔻 7687.75
  📡 RSI: 63.2 | MACD: 2.33 | ATR: 4.48
  📊 Filled: 0 | Pending: 0
  🕐 Outside session (08:42 CT) — no entries
  💰 Daily P&L: $+0.00

[2026-08-26 08:43] O:7690.25 H:7698.00 L:7690.00 C:7695.25 V:6970.0
  📈 Trend: strong_bullish | 🌍 Regime: trending_bullish
  🗺️  Grid: 0.080% | 🔺 7690.75 🔻 7686.75
  📡 RSI: 71.9 | MACD: 2.79 | ATR: 4.86
  📊 Filled: 0 | Pending: 0
  🕐 Outside session (08:43 CT) — no entries
  💰 Daily P&L: $+0.00

[2026-08-26 08:44] O:7695.00 H:7698.50 L:7695.00 C:7695.25 V:6034.0
  📈 Trend: strong_bullish | 🌍 Regime: trending_bullish
  🗺️  Grid: 0.080% | 🔺 7698.00 🔻 7690.00
  📡 RSI: 70.1 | MACD: 3.12 | ATR: 4.71
  📊 Filled: 0 | Pending: 0
  🕐 Outside session (08:44 CT) — no entries
  💰 Daily P&L: $+0.00

[2026-08-26 08:45] O:7695.50 H:7699.50 L:7695.00 C:7698.75 V:5108.0
  📈 Trend: strong_bullish | 🌍 Regime: trending_bullish
  🗺️  Grid: 0.080% | 🔺 7698.50 🔻 7695.00
  📡 RSI: 67.9 | MACD: 3.62 | ATR: 4.48
  📊 Filled: 0 | Pending: 0
  💰 Daily P&L: $+0.00

[2026-08-26 08:46] O:7698.75 H:7699.00 L:7692.50 C:7694.25 V:3854.0
  📈 Trend: strong_bullish | 🌍 Regime: trending_bullish
  🗺️  Grid: 0.080% | 🔺 7699.50 🔻 7695.00
  📡 RSI: 63.6 | MACD: 3.62 | ATR: 4.66
  📊 Filled: 0 | Pending: 0
  💰 Daily P&L: $+0.00

[2026-08-26 08:47] O:7694.25 H:7694.75 L:7693.25 C:7694.50 V:2080.0
  📈 Trend: strong_bullish | 🌍 Regime: trending_bullish
  🗺️  Grid: 0.080% | 🔺 7699.00 🔻 7692.50
  📡 RSI: 61.2 | MACD: 3.59 | ATR: 4.55
  📊 Filled: 0 | Pending: 0
  💰 Daily P&L: $+0.00

[2026-08-26 08:48] O:7694.25 H:7696.75 L:7694.00 C:7695.50 V:2913.0
  📈 Trend: strong_bullish | 🌍 Regime: trending_bullish
  🗺️  Grid: 0.080% | 🔺 7694.75 🔻 7693.25
  📡 RSI: 60.0 | MACD: 3.60 | ATR: 4.41
  📊 Filled: 0 | Pending: 0
  💰 Daily P&L: $+0.00

[2026-08-26 08:49] O:7695.25 H:7696.00 L:7691.50 C:7691.50 V:2523.0
  📈 Trend: strong_bullish | 🌍 Regime: trending_bullish
  🗺️  Grid: 0.080% | 🔺 7696.75 🔻 7694.00
  📡 RSI: 65.0 | MACD: 3.26 | ATR: 4.07
  📊 Filled: 0 | Pending: 0
  💰 Daily P&L: $+0.00

[2026-08-26 08:50] O:7691.25 H:7691.75 L:7688.75 C:7689.00 V:3740.0
  📈 Trend: strong_bullish (raw: moderate_bullish) | 🌍 Regime: trending_bullish
  🗺️  Grid: 0.080% | 🔺 7696.00 🔻 7691.50
  📡 RSI: 55.6 | MACD: 2.75 | ATR: 3.86
  📊 Filled: 0 | Pending: 0
  💰 Daily P&L: $+0.00

[2026-08-26 08:51] O:7689.25 H:7692.25 L:7688.50 C:7692.00 V:2824.0
  📈 Trend: moderate_bullish | 🌍 Regime: trending_bullish
  🗺️  Grid: 0.080% | 🔺 7691.75 🔻 7688.75
  📡 RSI: 55.2 | MACD: 2.56 | ATR: 3.86
  📊 Filled: 0 | Pending: 0
  💰 Daily P&L: $+0.00

[2026-08-26 08:52] O:7692.00 H:7694.00 L:7691.75 C:7693.25 V:2070.0
  📈 Trend: moderate_bullish | 🌍 Regime: trending_bullish
  🗺️  Grid: 0.080% | 🔺 7692.25 🔻 7688.50
  📡 RSI: 56.7 | MACD: 2.48 | ATR: 3.84
  📊 Filled: 0 | Pending: 0
  💰 Daily P&L: $+0.00

[2026-08-26 08:53] O:7693.00 H:7696.50 L:7692.25 C:7696.25 V:2578.0
  📈 Trend: moderate_bullish | 🌍 Regime: trending_bullish
  🗺️  Grid: 0.080% | 🔺 7694.00 🔻 7691.75
  📡 RSI: 63.0 | MACD: 2.63 | ATR: 3.96
  📊 Filled: 0 | Pending: 0
  💰 Daily P&L: $+0.00

[2026-08-26 08:54] O:7696.25 H:7698.75 L:7695.50 C:7698.75 V:2573.0
  📈 Trend: moderate_bullish (raw: strong_bullish) | 🌍 Regime: trending_bullish
  🗺️  Grid: 0.080% | 🔺 7696.50 🔻 7692.25
  📡 RSI: 63.8 | MACD: 2.92 | ATR: 3.89
  📊 Filled: 0 | Pending: 0
  💰 Daily P&L: $+0.00

[2026-08-26 08:55] O:7698.50 H:7700.00 L:7696.75 C:7699.50 V:2832.0
  📈 Trend: strong_bullish | 🌍 Regime: trending_bullish
  🗺️  Grid: 0.080% | 🔺 7698.75 🔻 7695.50
  📡 RSI: 66.2 | MACD: 3.17 | ATR: 3.93
  📊 Filled: 0 | Pending: 0
  💰 Daily P&L: $+0.00

[2026-08-26 08:56] O:7699.50 H:7701.75 L:7698.00 C:7700.00 V:3130.0
  📈 Trend: strong_bullish | 🌍 Regime: trending_bullish
  🗺️  Grid: 0.080% | 🔺 7700.00 🔻 7696.75
  📡 RSI: 65.1 | MACD: 3.37 | ATR: 3.91
  📊 Filled: 0 | Pending: 0
  💰 Daily P&L: $+0.00

[2026-08-26 08:57] O:7699.75 H:7700.50 L:7698.50 C:7699.00 V:2023.0
  📈 Trend: strong_bullish | 🌍 Regime: trending_bullish
  🗺️  Grid: 0.080% | 🔺 7701.75 🔻 7698.00
  📡 RSI: 56.8 | MACD: 3.41 | ATR: 3.48
  📊 Filled: 0 | Pending: 0
  💰 Daily P&L: $+0.00

[2026-08-26 08:58] O:7699.00 H:7700.00 L:7698.25 C:7699.00 V:2460.0
  📈 Trend: strong_bullish | 🌍 Regime: trending_bullish
  🗺️  Grid: 0.080% | 🔺 7700.50 🔻 7698.50
  📡 RSI: 56.8 | MACD: 3.40 | ATR: 3.36
  📊 Filled: 0 | Pending: 0
  💰 Daily P&L: $+0.00

[2026-08-26 08:59] O:7699.00 H:7701.50 L:7697.50 C:7701.25 V:2308.0
  📈 Trend: strong_bullish | 🌍 Regime: trending_bullish
  🗺️  Grid: 0.080% | 🔺 7700.00 🔻 7698.25
  📡 RSI: 54.7 | MACD: 3.53 | ATR: 3.32
  📊 Filled: 0 | Pending: 0
  💰 Daily P&L: $+0.00

[2026-08-26 09:00] O:7701.25 H:7701.25 L:7698.25 C:7700.25 V:3324.0
  📈 Trend: strong_bullish | 🌍 Regime: trending_bullish
  🗺️  Grid: 0.080% | 🔺 7701.50 🔻 7697.50
  📡 RSI: 63.0 | MACD: 3.52 | ATR: 3.07
  📊 Filled: 0 | Pending: 0
  💰 Daily P&L: $+0.00

[2026-08-26 09:01] O:7700.00 H:7700.75 L:7698.50 C:7699.50 V:2151.0
  📈 Trend: strong_bullish | 🌍 Regime: trending_bullish
  🗺️  Grid: 0.080% | 🔺 7701.25 🔻 7698.25
  📡 RSI: 60.6 | MACD: 3.41 | ATR: 3.12
  📊 Filled: 0 | Pending: 0
  💰 Daily P&L: $+0.00

[2026-08-26 09:02] O:7699.50 H:7701.25 L:7699.25 C:7700.75 V:1856.0
  📈 Trend: strong_bullish | 🌍 Regime: trending_bullish
  🗺️  Grid: 0.080% | 🔺 7700.75 🔻 7698.50
  📡 RSI: 61.1 | MACD: 3.38 | ATR: 3.07
  📊 Filled: 0 | Pending: 0
  💰 Daily P&L: $+0.00

[2026-08-26 09:03] O:7700.75 H:7701.50 L:7699.75 C:7700.75 V:1904.0
  📈 Trend: strong_bullish | 🌍 Regime: trending_bullish
  🗺️  Grid: 0.080% | 🔺 7701.25 🔻 7699.25
  📡 RSI: 73.4 | MACD: 3.32 | ATR: 2.88
  📊 Filled: 0 | Pending: 0
  💰 Daily P&L: $+0.00

[2026-08-26 09:04] O:7700.75 H:7702.50 L:7700.25 C:7700.75 V:3257.0
  📈 Trend: strong_bullish | 🌍 Regime: trending_bullish
  🗺️  Grid: 0.080% | 🔺 7701.50 🔻 7699.75
  📡 RSI: 84.1 | MACD: 3.24 | ATR: 2.82
  📊 Filled: 0 | Pending: 0
  💰 Daily P&L: $+0.00

[2026-08-26 09:05] O:7701.00 H:7701.25 L:7698.00 C:7699.75 V:3329.0
  📈 Trend: strong_bullish | 🌍 Regime: trending_bullish
  🗺️  Grid: 0.080% | 🔺 7702.50 🔻 7700.25
  📡 RSI: 75.4 | MACD: 3.06 | ATR: 2.79
  📊 Filled: 0 | Pending: 0
  💰 Daily P&L: $+0.00

[2026-08-26 09:06] O:7699.75 H:7701.75 L:7698.00 C:7701.75 V:2321.0
  📈 Trend: strong_bullish | 🌍 Regime: trending_bullish
  🗺️  Grid: 0.080% | 🔺 7701.25 🔻 7698.00
  📡 RSI: 76.6 | MACD: 3.04 | ATR: 2.89
  📊 Filled: 0 | Pending: 0
  💰 Daily P&L: $+0.00

[2026-08-26 09:07] O:7701.75 H:7701.75 L:7698.75 C:7699.00 V:1684.0
  📈 Trend: strong_bullish | 🌍 Regime: trending_bullish
  🗺️  Grid: 0.080% | 🔺 7701.75 🔻 7698.00
  📡 RSI: 58.7 | MACD: 2.77 | ATR: 2.80
  📊 Filled: 0 | Pending: 0
  💰 Daily P&L: $+0.00

[2026-08-26 09:08] O:7699.00 H:7700.00 L:7698.00 C:7698.75 V:1384.0
  📈 Trend: strong_bullish | 🌍 Regime: trending_bullish
  🗺️  Grid: 0.080% | 🔺 7701.75 🔻 7698.75
  📡 RSI: 50.0 | MACD: 2.51 | ATR: 2.71
  📊 Filled: 0 | Pending: 0
  💰 Daily P&L: $+0.00

[2026-08-26 09:09] O:7698.75 H:7699.25 L:7697.00 C:7698.50 V:1961.0
  📈 Trend: strong_bullish | 🌍 Regime: trending_bullish
  🗺️  Grid: 0.080% | 🔺 7700.00 🔻 7698.00
  📡 RSI: 46.2 | MACD: 2.25 | ATR: 2.64
  📊 Filled: 0 | Pending: 0
  💰 Daily P&L: $+0.00

[2026-08-26 09:10] O:7698.50 H:7698.75 L:7696.50 C:7697.75 V:2364.0
  📈 Trend: strong_bullish | 🌍 Regime: trending_bullish
  🗺️  Grid: 0.080% | 🔺 7699.25 🔻 7697.00
  📡 RSI: 41.5 | MACD: 1.97 | ATR: 2.54
  📊 Filled: 0 | Pending: 0
  💰 Daily P&L: $+0.00

[2026-08-26 09:11] O:7697.50 H:7698.75 L:7696.75 C:7697.75 V:1712.0
  📈 Trend: strong_bullish | 🌍 Regime: trending_bullish
  🗺️  Grid: 0.080% | 🔺 7698.75 🔻 7696.50
  📡 RSI: 44.9 | MACD: 1.72 | ATR: 2.54
  📊 Filled: 0 | Pending: 0
  💰 Daily P&L: $+0.00

[2026-08-26 09:12] O:7697.50 H:7697.75 L:7694.00 C:7694.50 V:3811.0
  📈 Trend: strong_bullish (raw: moderate_bullish) | 🌍 Regime: trending_bullish
  🗺️  Grid: 0.080% | 🔺 7698.75 🔻 7696.75
  📡 RSI: 35.5 | MACD: 1.25 | ATR: 2.68
  📊 Filled: 0 | Pending: 0
  💰 Daily P&L: $+0.00

[2026-08-26 09:13] O:7694.75 H:7695.00 L:7693.00 C:7695.00 V:3209.0
  📈 Trend: moderate_bullish | 🌍 Regime: trending_bullish
  🗺️  Grid: 0.080% | 🔺 7697.75 🔻 7694.00
  📡 RSI: 27.3 | MACD: 0.91 | ATR: 2.54
  📊 Filled: 0 | Pending: 0
  💰 Daily P&L: $+0.00

[2026-08-26 09:14] O:7695.00 H:7696.00 L:7693.50 C:7694.00 V:2605.0
  📈 Trend: moderate_bullish | 🌍 Regime: trending_bullish
  🗺️  Grid: 0.080% | 🔺 7695.00 🔻 7693.00
  📡 RSI: 27.3 | MACD: 0.55 | ATR: 2.50
  📊 Filled: 0 | Pending: 0
  💰 Daily P&L: $+0.00

[2026-08-26 09:15] O:7694.00 H:7694.75 L:7692.50 C:7693.00 V:3130.0
  📈 Trend: moderate_bullish | 🌍 Regime: trending_bullish
  🗺️  Grid: 0.080% | 🔺 7696.00 🔻 7693.50
  📡 RSI: 26.8 | MACD: 0.18 | ATR: 2.50
  📊 Filled: 0 | Pending: 0
  💰 Daily P&L: $+0.00

[2026-08-26 09:16] O:7693.00 H:7693.75 L:7692.00 C:7693.50 V:2464.0
  📈 Trend: moderate_bullish | 🌍 Regime: trending_bullish
  🗺️  Grid: 0.080% | 🔺 7694.75 🔻 7692.50
  📡 RSI: 22.6 | MACD: -0.07 | ATR: 2.48
  📊 Filled: 0 | Pending: 0
  💰 Daily P&L: $+0.00

[2026-08-26 09:17] O:7693.25 H:7694.50 L:7693.00 C:7693.75 V:2018.0
  📈 Trend: moderate_bullish | 🌍 Regime: trending_bullish
  🗺️  Grid: 0.080% | 🔺 7693.75 🔻 7692.00
  📡 RSI: 24.1 | MACD: -0.24 | ATR: 2.46
  📊 Filled: 0 | Pending: 0
  💰 Daily P&L: $+0.00

[2026-08-26 09:18] O:7693.50 H:7695.75 L:7692.50 C:7693.50 V:2839.0
  📈 Trend: moderate_bullish | 🌍 Regime: trending_bullish
  🗺️  Grid: 0.080% | 🔺 7694.50 🔻 7693.00
  📡 RSI: 23.6 | MACD: -0.40 | ATR: 2.54
  📊 Filled: 0 | Pending: 0
  💰 Daily P&L: $+0.00

[2026-08-26 09:19] O:7693.25 H:7694.25 L:7691.75 C:7691.75 V:2308.0
  📈 Trend: moderate_bullish | 🌍 Regime: trending_bullish
  🗺️  Grid: 0.080% | 🔺 7695.75 🔻 7692.50
  📡 RSI: 22.4 | MACD: -0.65 | ATR: 2.48
  📊 Filled: 0 | Pending: 0
  💰 Daily P&L: $+0.00

[2026-08-26 09:20] O:7691.75 H:7692.75 L:7691.25 C:7691.25 V:1981.0
  📈 Trend: moderate_bullish | 🌍 Regime: trending_bullish
  🗺️  Grid: 0.080% | 🔺 7694.25 🔻 7691.75
  📡 RSI: 9.6 | MACD: -0.89 | ATR: 2.32
  📊 Filled: 0 | Pending: 0
  💰 Daily P&L: $+0.00

[2026-08-26 09:21] O:7691.50 H:7691.75 L:7690.00 C:7690.25 V:3066.0
  📈 Trend: moderate_bullish | 🌍 Regime: trending_bullish
  🗺️  Grid: 0.080% | 🔺 7692.75 🔻 7691.25
  📡 RSI: 11.1 | MACD: -1.14 | ATR: 2.23
  📊 Filled: 0 | Pending: 0
  💰 Daily P&L: $+0.00

[2026-08-26 09:22] O:7690.25 H:7690.50 L:7688.00 C:7689.00 V:3724.0
  📈 Trend: moderate_bullish | 🌍 Regime: trending_bullish
  🗺️  Grid: 0.080% | 🔺 7691.75 🔻 7690.00
  📡 RSI: 10.2 | MACD: -1.42 | ATR: 2.27
  📊 Filled: 0 | Pending: 0
  💰 Daily P&L: $+0.00

[2026-08-26 09:23] O:7689.00 H:7690.75 L:7688.00 C:7688.25 V:2898.0
  📈 Trend: moderate_bullish | 🌍 Regime: trending_bullish
  🗺️  Grid: 0.080% | 🔺 7690.50 🔻 7688.00
  📡 RSI: 9.8 | MACD: -1.69 | ATR: 2.30
  📊 Filled: 0 | Pending: 0
  💰 Daily P&L: $+0.00

[2026-08-26 09:24] O:7688.25 H:7688.75 L:7686.00 C:7686.50 V:3395.0
  📈 Trend: moderate_bullish (raw: strong_bearish) | 🌍 Regime: trending_bearish
  🗺️  Grid: 0.080% | 🔺 7690.75 🔻 7688.00
  📡 RSI: 9.1 | MACD: -2.02 | ATR: 2.34
  📊 Filled: 0 | Pending: 0
  💰 Daily P&L: $+0.00

[2026-08-26 09:25] O:7686.25 H:7687.25 L:7683.75 C:7683.75 V:4395.0
  📈 Trend: strong_bearish | 🌍 Regime: trending_bearish
  🗺️  Grid: 0.080% | 🔺 7688.75 🔻 7686.00
  📡 RSI: 7.6 | MACD: -2.47 | ATR: 2.45
  📊 Filled: 0 | Pending: 0
  💰 Daily P&L: $+0.00

[2026-08-26 09:26] O:7684.00 H:7684.00 L:7682.00 C:7682.50 V:5094.0
  📈 Trend: strong_bearish | 🌍 Regime: trending_bearish
  🗺️  Grid: 0.080% | 🔺 7687.25 🔻 7683.75
  📡 RSI: 8.6 | MACD: -2.90 | ATR: 2.32
  📊 Filled: 0 | Pending: 0
  💰 Daily P&L: $+0.00

[2026-08-26 09:27] O:7682.50 H:7683.25 L:7680.75 C:7681.00 V:4975.0
  📈 Trend: strong_bearish | 🌍 Regime: trending_bearish
  🗺️  Grid: 0.080% | 🔺 7684.00 🔻 7682.00
  📡 RSI: 4.8 | MACD: -3.32 | ATR: 2.36
  📊 Filled: 0 | Pending: 0
  💰 Daily P&L: $+0.00

[2026-08-26 09:28] O:7681.25 H:7684.00 L:7680.50 C:7684.00 V:4242.0
  📈 Trend: strong_bearish | 🌍 Regime: trending_bearish
  🗺️  Grid: 0.080% | 🔺 7683.25 🔻 7680.75
  📡 RSI: 21.4 | MACD: -3.37 | ATR: 2.43
  📊 Filled: 0 | Pending: 0
  💰 Daily P&L: $+0.00

[2026-08-26 09:29] O:7683.75 H:7684.50 L:7682.25 C:7682.75 V:3523.0
  📈 Trend: strong_bearish | 🌍 Regime: trending_bearish
  🗺️  Grid: 0.080% | 🔺 7684.00 🔻 7680.50
  📡 RSI: 21.1 | MACD: -3.48 | ATR: 2.43
  📊 Filled: 0 | Pending: 0
  💰 Daily P&L: $+0.00

[2026-08-26 09:30] O:7682.75 H:7684.75 L:7682.25 C:7683.50 V:3647.0
  📈 Trend: strong_bearish | 🌍 Regime: trending_bearish
  🗺️  Grid: 0.080% | 🔺 7684.50 🔻 7682.25
  📡 RSI: 22.2 | MACD: -3.46 | ATR: 2.48
  📊 Filled: 0 | Pending: 0
  💰 Daily P&L: $+0.00

[2026-08-26 09:31] O:7683.50 H:7683.75 L:7681.25 C:7683.00 V:3017.0
  📈 Trend: strong_bearish | 🌍 Regime: trending_bearish
  🗺️  Grid: 0.080% | 🔺 7684.75 🔻 7682.25
  📡 RSI: 20.5 | MACD: -3.44 | ATR: 2.55
  📊 Filled: 0 | Pending: 0
  💰 Daily P&L: $+0.00

[2026-08-26 09:32] O:7683.00 H:7683.75 L:7681.75 C:7683.25 V:1850.0
  📈 Trend: strong_bearish | 🌍 Regime: trending_bearish
  🗺️  Grid: 0.080% | 🔺 7683.75 🔻 7681.25
  📡 RSI: 21.9 | MACD: -3.37 | ATR: 2.46
  📊 Filled: 0 | Pending: 0
  💰 Daily P&L: $+0.00

[2026-08-26 09:33] O:7683.00 H:7683.50 L:7682.25 C:7683.50 V:1582.0
  📈 Trend: strong_bearish | 🌍 Regime: trending_bearish
  🗺️  Grid: 0.080% | 🔺 7683.75 🔻 7681.75
  📡 RSI: 25.4 | MACD: -3.26 | ATR: 2.38
  📊 Filled: 0 | Pending: 0
  💰 Daily P&L: $+0.00

[2026-08-26 09:34] O:7683.25 H:7685.25 L:7682.25 C:7683.50 V:2450.0
  📈 Trend: strong_bearish | 🌍 Regime: trending_bearish
  🗺️  Grid: 0.080% | 🔺 7683.50 🔻 7682.25
  📡 RSI: 26.2 | MACD: -3.13 | ATR: 2.48
  📊 Filled: 0 | Pending: 0
  💰 Daily P&L: $+0.00

[2026-08-26 09:35] O:7683.50 H:7684.00 L:7682.00 C:7682.75 V:1438.0
  📈 Trend: strong_bearish | 🌍 Regime: trending_bearish
  🗺️  Grid: 0.080% | 🔺 7685.25 🔻 7682.25
  📡 RSI: 26.6 | MACD: -3.06 | ATR: 2.50
  📊 Filled: 0 | Pending: 0
  💰 Daily P&L: $+0.00

[2026-08-26 09:36] O:7683.00 H:7686.00 L:7682.75 C:7685.75 V:2590.0
  📈 Trend: strong_bearish (raw: moderate_bearish) | 🌍 Regime: trending_bearish
  🗺️  Grid: 0.080% | 🔺 7684.00 🔻 7682.00
  📡 RSI: 40.8 | MACD: -2.73 | ATR: 2.55
  📊 Filled: 0 | Pending: 0
  💰 Daily P&L: $+0.00

[2026-08-26 09:37] O:7685.75 H:7688.25 L:7685.50 C:7688.00 V:3444.0
  📈 Trend: moderate_bearish | 🌍 Regime: trending_bearish
  🗺️  Grid: 0.080% | 🔺 7686.00 🔻 7682.75
  📡 RSI: 49.4 | MACD: -2.26 | ATR: 2.55
  📊 Filled: 0 | Pending: 0
  💰 Daily P&L: $+0.00

[2026-08-26 09:38] O:7688.00 H:7688.00 L:7684.50 C:7684.50 V:1929.0
  📈 Trend: moderate_bearish | 🌍 Regime: trending_bearish
  🗺️  Grid: 0.080% | 🔺 7688.25 🔻 7685.50
  📡 RSI: 45.2 | MACD: -2.14 | ATR: 2.61
  📊 Filled: 0 | Pending: 0
  💰 Daily P&L: $+0.00

[2026-08-26 09:39] O:7684.50 H:7685.75 L:7684.25 C:7684.25 V:1784.0
  📈 Trend: moderate_bearish | 🌍 Regime: trending_bearish
  🗺️  Grid: 0.080% | 🔺 7688.00 🔻 7684.50
  📡 RSI: 51.4 | MACD: -2.04 | ATR: 2.46
  📊 Filled: 0 | Pending: 0
  💰 Daily P&L: $+0.00

[2026-08-26 09:40] O:7684.25 H:7687.50 L:7684.00 C:7687.00 V:2467.0
  📈 Trend: moderate_bearish | 🌍 Regime: trending_bearish
  🗺️  Grid: 0.080% | 🔺 7685.75 🔻 7684.25
  📡 RSI: 61.2 | MACD: -1.73 | ATR: 2.57
  📊 Filled: 0 | Pending: 0
  💰 Daily P&L: $+0.00

[2026-08-26 09:41] O:7687.00 H:7687.25 L:7684.75 C:7686.00 V:1317.0
  📈 Trend: moderate_bearish | 🌍 Regime: trending_bearish
  🗺️  Grid: 0.080% | 🔺 7687.50 🔻 7684.00
  📡 RSI: 62.8 | MACD: -1.54 | ATR: 2.57
  📊 Filled: 0 | Pending: 0
  💰 Daily P&L: $+0.00

[2026-08-26 09:42] O:7685.75 H:7686.25 L:7683.50 C:7684.00 V:1324.0
  📈 Trend: moderate_bearish | 🌍 Regime: trending_bearish
  🗺️  Grid: 0.080% | 🔺 7687.25 🔻 7684.75
  📡 RSI: 50.0 | MACD: -1.53 | ATR: 2.52
  📊 Filled: 0 | Pending: 0
  💰 Daily P&L: $+0.00

[2026-08-26 09:43] O:7684.00 H:7685.00 L:7683.75 C:7684.25 V:1571.0
  📈 Trend: moderate_bearish | 🌍 Regime: trending_bearish
  🗺️  Grid: 0.080% | 🔺 7686.25 🔻 7683.50
  📡 RSI: 54.3 | MACD: -1.49 | ATR: 2.45
  📊 Filled: 0 | Pending: 0
  💰 Daily P&L: $+0.00

[2026-08-26 09:44] O:7684.50 H:7686.50 L:7684.25 C:7685.75 V:1343.0
  📈 Trend: moderate_bearish (raw: moderate_bullish) | 🌍 Regime: trending_bullish
  🗺️  Grid: 0.080% | 🔺 7685.00 🔻 7683.75
  📡 RSI: 56.2 | MACD: -1.32 | ATR: 2.43
  📊 Filled: 0 | Pending: 0
  💰 Daily P&L: $+0.00

[2026-08-26 09:45] O:7686.00 H:7686.75 L:7683.25 C:7683.50 V:3124.0
  📈 Trend: moderate_bullish | 🌍 Regime: trending_bullish
  🗺️  Grid: 0.080% | 🔺 7686.50 🔻 7684.25
  📡 RSI: 51.2 | MACD: -1.35 | ATR: 2.50
  📊 Filled: 0 | Pending: 0
  💰 Daily P&L: $+0.00

[2026-08-26 09:46] O:7683.50 H:7685.75 L:7682.75 C:7685.25 V:1940.0
  📈 Trend: moderate_bullish | 🌍 Regime: trending_bullish
  🗺️  Grid: 0.080% | 🔺 7686.75 🔻 7683.25
  📡 RSI: 54.7 | MACD: -1.22 | ATR: 2.57
  📊 Filled: 0 | Pending: 0
  💰 Daily P&L: $+0.00

[2026-08-26 09:47] O:7685.00 H:7686.00 L:7684.75 C:7685.00 V:1241.0
  📈 Trend: moderate_bullish | 🌍 Regime: trending_bullish
  🗺️  Grid: 0.080% | 🔺 7685.75 🔻 7682.75
  📡 RSI: 53.5 | MACD: -1.13 | ATR: 2.57
  📊 Filled: 0 | Pending: 0
  💰 Daily P&L: $+0.00

[2026-08-26 09:48] O:7685.00 H:7686.75 L:7684.50 C:7686.50 V:1557.0
  📈 Trend: moderate_bullish | 🌍 Regime: trending_bullish
  🗺️  Grid: 0.080% | 🔺 7686.00 🔻 7684.75
  📡 RSI: 56.5 | MACD: -0.92 | ATR: 2.52
  📊 Filled: 0 | Pending: 0
  💰 Daily P&L: $+0.00

[2026-08-26 09:49] O:7686.50 H:7687.75 L:7686.00 C:7687.50 V:1493.0
  📈 Trend: moderate_bullish | 🌍 Regime: trending_bullish
  🗺️  Grid: 0.080% | 🔺 7686.75 🔻 7684.50
  📡 RSI: 60.2 | MACD: -0.67 | ATR: 2.50
  📊 Filled: 0 | Pending: 0
  💰 Daily P&L: $+0.00

[2026-08-26 09:50] O:7687.75 H:7689.50 L:7687.25 C:7689.25 V:1989.0
  📈 Trend: moderate_bullish | 🌍 Regime: trending_bullish
  🗺️  Grid: 0.080% | 🔺 7687.75 🔻 7686.00
  📡 RSI: 58.0 | MACD: -0.32 | ATR: 2.43
  📊 Filled: 0 | Pending: 0
  💰 Daily P&L: $+0.00

[2026-08-26 09:51] O:7689.25 H:7689.75 L:7688.50 C:7689.00 V:1978.0
  📈 Trend: moderate_bullish | 🌍 Regime: trending_bullish
  🗺️  Grid: 0.080% | 🔺 7689.50 🔻 7687.25
  📡 RSI: 52.5 | MACD: -0.07 | ATR: 2.32
  📊 Filled: 0 | Pending: 0
  💰 Daily P&L: $+0.00

[2026-08-26 09:52] O:7689.25 H:7691.25 L:7689.00 C:7691.25 V:2223.0
  📈 Trend: moderate_bullish (raw: strong_bullish) | 🌍 Regime: trending_bullish
  🗺️  Grid: 0.080% | 🔺 7689.75 🔻 7688.50
  📡 RSI: 68.0 | MACD: 0.31 | ATR: 2.23
  📊 Filled: 0 | Pending: 0
  💰 Daily P&L: $+0.00

[2026-08-26 09:53] O:7691.00 H:7691.50 L:7689.25 C:7689.25 V:2113.0
  📈 Trend: strong_bullish | 🌍 Regime: trending_bullish
  🗺️  Grid: 0.080% | 🔺 7691.25 🔻 7689.00
  📡 RSI: 62.2 | MACD: 0.45 | ATR: 2.29
  📊 Filled: 0 | Pending: 0
  💰 Daily P&L: $+0.00

[2026-08-26 09:54] O:7689.50 H:7690.00 L:7688.00 C:7688.25 V:2283.0
  📈 Trend: strong_bullish | 🌍 Regime: trending_bullish
  🗺️  Grid: 0.080% | 🔺 7691.50 🔻 7689.25
  📡 RSI: 53.3 | MACD: 0.47 | ATR: 2.18
  📊 Filled: 0 | Pending: 0
  💰 Daily P&L: $+0.00

[2026-08-26 09:55] O:7688.50 H:7689.75 L:7687.25 C:7689.50 V:1674.0
  📈 Trend: strong_bullish | 🌍 Regime: trending_bullish
  🗺️  Grid: 0.080% | 🔺 7690.00 🔻 7688.00
  📡 RSI: 59.2 | MACD: 0.58 | ATR: 2.18
  📊 Filled: 0 | Pending: 0
  💰 Daily P&L: $+0.00

[2026-08-26 09:56] O:7689.50 H:7690.50 L:7689.25 C:7689.50 V:1316.0
  📈 Trend: strong_bullish | 🌍 Regime: trending_bullish
  🗺️  Grid: 0.080% | 🔺 7689.75 🔻 7687.25
  📡 RSI: 66.2 | MACD: 0.66 | ATR: 2.07
  📊 Filled: 0 | Pending: 0
  💰 Daily P&L: $+0.00

[2026-08-26 09:57] O:7689.75 H:7690.75 L:7689.75 C:7690.75 V:1364.0
  📈 Trend: strong_bullish | 🌍 Regime: trending_bullish
  🗺️  Grid: 0.080% | 🔺 7690.50 🔻 7689.25
  📡 RSI: 68.1 | MACD: 0.81 | ATR: 2.07
  📊 Filled: 0 | Pending: 0
  💰 Daily P&L: $+0.00

[2026-08-26 09:58] O:7690.75 H:7690.75 L:7689.75 C:7690.00 V:1084.0
  📈 Trend: strong_bullish | 🌍 Regime: trending_bullish
  🗺️  Grid: 0.080% | 🔺 7690.75 🔻 7689.75
  📡 RSI: 62.3 | MACD: 0.86 | ATR: 1.98
  📊 Filled: 0 | Pending: 0
  💰 Daily P&L: $+0.00

[2026-08-26 09:59] O:7689.75 H:7691.25 L:7689.00 C:7690.75 V:1514.0
  📈 Trend: strong_bullish | 🌍 Regime: trending_bullish
  🗺️  Grid: 0.080% | 🔺 7690.75 🔻 7689.75
  📡 RSI: 73.0 | MACD: 0.95 | ATR: 1.89
  📊 Filled: 0 | Pending: 0
  💰 Daily P&L: $+0.00

[2026-08-26 10:00] O:7690.50 H:7692.75 L:7690.50 C:7691.75 V:2925.0
  📈 Trend: strong_bullish | 🌍 Regime: ranging
  🗺️  Grid: 0.080% | 🔺 7691.25 🔻 7689.00
  📡 RSI: 71.7 | MACD: 1.10 | ATR: 1.84
  📊 Filled: 0 | Pending: 0
  🔲 Regime: RANGING | Range pos: 58% | RSI: 71.7
  💰 Daily P&L: $+0.00

[2026-08-26 10:01] O:7691.75 H:7694.00 L:7691.50 C:7693.75 V:2353.0
  📈 Trend: strong_bullish | 🌍 Regime: ranging
  🗺️  Grid: 0.080% | 🔺 7692.75 🔻 7690.50
  📡 RSI: 76.1 | MACD: 1.35 | ATR: 1.93
  📊 Filled: 0 | Pending: 0
  🔲 Regime: RANGING | Range pos: 66% | RSI: 76.1
  💰 Daily P&L: $+0.00

[2026-08-26 10:02] O:7694.00 H:7696.75 L:7693.50 C:7695.50 V:3845.0
  📈 Trend: strong_bullish | 🌍 Regime: ranging
  🗺️  Grid: 0.080% | 🔺 7694.00 🔻 7691.50
  📡 RSI: 76.5 | MACD: 1.68 | ATR: 2.00
  📊 Filled: 0 | Pending: 0
  🔲 Regime: RANGING | Range pos: 73% | RSI: 76.5
  📤 Limit SELL 10 @ 7695.50 submitted (ID: 712)
  📋 Order 712 status: Submitted
  ⬇️ SHORT ORDER @ 7695.50 | Size: 1.00 | SL: 7699.50 | TP: 7689.50 [10cts]
     Reason: Grid Short (sideways, RSI: 76.5)
  🔬 SHADOW [short ranging]: 🟥 ROBUST WOULD BLOCK (1 filter)
       MACD=BLOCK (+1.68 vs +1.35, Δ+0.33) | 5m=N/A (ranging)
     ⏳ Order 712 PENDING - awaiting fill confirmation
  💰 Daily P&L: $+0.00

[2026-08-26 10:03] O:7695.75 H:7695.75 L:7693.00 C:7694.25 V:2210.0
  📈 Trend: strong_bullish | 🌍 Regime: ranging
  🗺️  Grid: 0.080% | 🔺 7696.75 🔻 7693.50
  📡 RSI: 69.6 | MACD: 1.81 | ATR: 2.07
  📊 Filled: 0 | Pending: 1
     ⏳ PENDING SHORT @ 7695.50 (order 712, 60s)
  💰 Daily P&L: $+0.00

[2026-08-26 10:04] O:7694.25 H:7694.75 L:7693.50 C:7694.00 V:1776.0
  📈 Trend: strong_bullish | 🌍 Regime: ranging
  🗺️  Grid: 0.080% | 🔺 7695.75 🔻 7693.00
  📡 RSI: 65.1 | MACD: 1.88 | ATR: 2.00
  📊 Filled: 0 | Pending: 1
     ⏳ PENDING SHORT @ 7695.50 (order 712, 120s)
  💰 Daily P&L: $+0.00
  ✅ Fill: SLD 10.0 @ 7695.5
  📋 Order 712 status: Filled

Error: IBKRBroker.place_stop_market_order() got an unexpected keyword argument 'oca_group'
✓ Disconnected from IBKR
