2026-04-30 15:51:05 | ERROR    | Error 10147, reqId 213: OrderId 213 that needs to be cancelled is not found.
DE: SCALP
   • 10 contract(s) max
   • Grid entries only
   • Trailing stop enabled
   • SL: ~8 pts | TP: ~12 pts | Trail activates: +6 pts
   • Best for: Normal sessions, choppy/ranging opens
============================================================
✓ Connected to IBKR (paper) - clientId=10
✓ Front-month contract: ESM6 expiry=20260618

============================================================
Loading historical data for indicator warm-up...
============================================================
→ Fetching historical bars (1 D, 1 min)...
✓ Loaded 917 historical bars

Processing 917 historical bars...

Indicators ready!
  Bars loaded: 917
  Last price: 7203.00
  Trend: moderate_bullish
  RSI: 35.7
  ATR: 2.09
  MACD: -0.32 / Signal: 0.22
  MA: 7205.10 / 7203.79 / 7192.06

------------------------------------------------------------
Account Value: $1,075,777.27
Buying Power: $4,287,104.06
Current Position: 0 contracts
------------------------------------------------------------

============================================================
Starting live 1-minute bar stream...
Strategy is now ACTIVE (SCALP mode)
============================================================

→ Subscribed to 5-second real-time bars (aggregating to 1 min)

[2026-04-30 08:17] O:7203.00 H:7203.75 L:7202.75 C:7203.00 V:511.0
  📈 Trend: sideways (raw: moderate_bullish)
  🗺️  Grid: 0.080% | 🔺 7204.00 🔻 7202.50
  📡 RSI: 32.1 | MACD: -0.36 | ATR: 2.02
  📊 Filled: 0 | Pending: 0
  💰 Daily P&L: $+0.00

[2026-04-30 08:18] O:7203.00 H:7204.50 L:7203.00 C:7203.75 V:649.0
  📈 Trend: moderate_bullish
  🗺️  Grid: 0.080% | 🔺 7203.75 🔻 7202.75
  📡 RSI: 35.7 | MACD: -0.34 | ATR: 1.96
  📊 Filled: 0 | Pending: 0
  💰 Daily P&L: $+0.00

[2026-04-30 08:19] O:7203.50 H:7204.00 L:7202.75 C:7203.25 V:595.0
  📈 Trend: moderate_bullish
  🗺️  Grid: 0.080% | 🔺 7204.50 🔻 7203.00
  📡 RSI: 35.7 | MACD: -0.35 | ATR: 1.88
  📊 Filled: 0 | Pending: 0
  💰 Daily P&L: $+0.00

[2026-04-30 08:20] O:7203.50 H:7204.00 L:7202.75 C:7203.50 V:518.0
  📈 Trend: moderate_bullish
  🗺️  Grid: 0.080% | 🔺 7204.00 🔻 7202.75
  📡 RSI: 38.9 | MACD: -0.34 | ATR: 1.82
  📊 Filled: 0 | Pending: 0
  💰 Daily P&L: $+0.00

[2026-04-30 08:21] O:7203.75 H:7203.75 L:7201.50 C:7202.75 V:817.0
  📈 Trend: moderate_bullish
  🗺️  Grid: 0.080% | 🔺 7204.00 🔻 7202.75
  📡 RSI: 35.7 | MACD: -0.38 | ATR: 1.91
  📊 Filled: 0 | Pending: 0
  💰 Daily P&L: $+0.00

[2026-04-30 08:22] O:7203.00 H:7204.25 L:7203.00 C:7203.75 V:503.0
  📈 Trend: moderate_bullish
  🗺️  Grid: 0.080% | 🔺 7203.75 🔻 7201.50
  📡 RSI: 36.8 | MACD: -0.33 | ATR: 1.93
  📊 Filled: 0 | Pending: 0
  💰 Daily P&L: $+0.00

[2026-04-30 08:23] O:7204.00 H:7204.25 L:7202.00 C:7202.00 V:599.0
  📈 Trend: moderate_bullish
  🗺️  Grid: 0.080% | 🔺 7204.25 🔻 7203.00
  📡 RSI: 28.3 | MACD: -0.43 | ATR: 1.93
  📊 Filled: 0 | Pending: 0
  💰 Daily P&L: $+0.00

[2026-04-30 08:24] O:7202.00 H:7203.00 L:7201.25 C:7201.25 V:696.0
  📈 Trend: moderate_bullish
  🗺️  Grid: 0.080% | 🔺 7204.25 🔻 7202.00
  📡 RSI: 43.6 | MACD: -0.56 | ATR: 1.59
  📊 Filled: 0 | Pending: 0
  💰 Daily P&L: $+0.00

[2026-04-30 08:25] O:7201.25 H:7203.00 L:7200.50 C:7202.50 V:1239.0
  📈 Trend: moderate_bullish
  🗺️  Grid: 0.080% | 🔺 7203.00 🔻 7201.25
  📡 RSI: 43.6 | MACD: -0.56 | ATR: 1.64
  📊 Filled: 0 | Pending: 0
  💰 Daily P&L: $+0.00

[2026-04-30 08:26] O:7202.50 H:7202.75 L:7201.25 C:7201.75 V:617.0
  📈 Trend: moderate_bullish
  🗺️  Grid: 0.080% | 🔺 7203.00 🔻 7200.50
  📡 RSI: 47.2 | MACD: -0.61 | ATR: 1.52
  📊 Filled: 0 | Pending: 0
  💰 Daily P&L: $+0.00

[2026-04-30 08:27] O:7201.50 H:7201.50 L:7200.25 C:7200.50 V:1060.0
  📈 Trend: moderate_bullish (raw: strong_bearish)
  🗺️  Grid: 0.080% | 🔺 7202.75 🔻 7201.25
  📡 RSI: 41.5 | MACD: -0.75 | ATR: 1.55
  📊 Filled: 0 | Pending: 0
  💰 Daily P&L: $+0.00

[2026-04-30 08:28] O:7200.50 H:7201.00 L:7199.25 C:7200.00 V:1244.0
  📈 Trend: strong_bearish
  🗺️  Grid: 0.080% | 🔺 7201.50 🔻 7200.25
  📡 RSI: 40.5 | MACD: -0.88 | ATR: 1.62
  📊 Filled: 0 | Pending: 0
  💰 Daily P&L: $+0.00

[2026-04-30 08:29] O:7200.00 H:7201.00 L:7199.25 C:7200.50 V:2149.0
  📈 Trend: strong_bearish
  🗺️  Grid: 0.080% | 🔺 7201.00 🔻 7199.25
  📡 RSI: 39.0 | MACD: -0.94 | ATR: 1.66
  📊 Filled: 0 | Pending: 0
  💰 Daily P&L: $+0.00

[2026-04-30 08:30] O:7200.25 H:7200.75 L:7189.25 C:7189.75 V:16140.0
  📈 Trend: strong_bearish
  🗺️  Grid: 0.080% | 🔺 7201.00 🔻 7199.25
  📡 RSI: 18.1 | MACD: -1.83 | ATR: 2.38
  📊 Filled: 0 | Pending: 0
  💰 Daily P&L: $+0.00

[2026-04-30 08:31] O:7189.75 H:7190.75 L:7184.50 C:7185.25 V:9478.0
  📈 Trend: strong_bearish
  🗺️  Grid: 0.080% | 🔺 7200.75 🔻 7189.25
  📡 RSI: 14.9 | MACD: -2.86 | ATR: 2.75
  📊 Filled: 0 | Pending: 0
  💰 Daily P&L: $+0.00

[2026-04-30 08:32] O:7185.00 H:7189.50 L:7184.75 C:7187.00 V:6725.0
  📈 Trend: strong_bearish
  🗺️  Grid: 0.080% | 🔺 7190.75 🔻 7184.50
  📡 RSI: 18.1 | MACD: -3.50 | ATR: 2.98
  📊 Filled: 0 | Pending: 0
  💰 Daily P&L: $+0.00

[2026-04-30 08:33] O:7187.25 H:7190.00 L:7183.50 C:7183.75 V:5964.0
  📈 Trend: strong_bearish
  🗺️  Grid: 0.080% | 🔺 7189.50 🔻 7184.75
  📡 RSI: 16.4 | MACD: -4.22 | ATR: 3.36
  📊 Filled: 0 | Pending: 0
  💰 Daily P&L: $+0.00

[2026-04-30 08:34] O:7183.75 H:7184.50 L:7180.75 C:7181.25 V:6017.0
  📈 Trend: strong_bearish
  🗺️  Grid: 0.080% | 🔺 7190.00 🔻 7183.50
  📡 RSI: 14.4 | MACD: -4.94 | ATR: 3.54
  📊 Filled: 0 | Pending: 0
  💰 Daily P&L: $+0.00

[2026-04-30 08:35] O:7181.25 H:7182.00 L:7175.25 C:7176.75 V:9279.0
  📈 Trend: strong_bearish
  🗺️  Grid: 0.080% | 🔺 7184.50 🔻 7180.75
  📡 RSI: 12.9 | MACD: -5.80 | ATR: 3.86
  📊 Filled: 0 | Pending: 0
  💰 Daily P&L: $+0.00

[2026-04-30 08:36] O:7176.75 H:7181.00 L:7176.50 C:7180.50 V:6333.0
  📈 Trend: strong_bearish
  🗺️  Grid: 0.080% | 🔺 7182.00 🔻 7175.25
  📡 RSI: 19.2 | MACD: -6.11 | ATR: 4.07
  📊 Filled: 0 | Pending: 0
  💰 Daily P&L: $+0.00

[2026-04-30 08:37] O:7180.75 H:7183.50 L:7174.50 C:7176.00 V:6820.0
  📈 Trend: strong_bearish
  🗺️  Grid: 0.080% | 🔺 7181.00 🔻 7176.50
  📡 RSI: 17.9 | MACD: -6.65 | ATR: 4.55
  📊 Filled: 0 | Pending: 0
  💰 Daily P&L: $+0.00

[2026-04-30 08:38] O:7176.00 H:7177.25 L:7174.00 C:7176.25 V:6437.0
  📈 Trend: strong_bearish
  🗺️  Grid: 0.080% | 🔺 7183.50 🔻 7174.50
  📡 RSI: 18.8 | MACD: -6.97 | ATR: 4.66
  📊 Filled: 0 | Pending: 0
  💰 Daily P&L: $+0.00

[2026-04-30 08:39] O:7176.50 H:7176.75 L:7170.75 C:7171.00 V:6653.0
  📈 Trend: strong_bearish
  🗺️  Grid: 0.082% | 🔺 7177.25 🔻 7174.00
  📡 RSI: 14.2 | MACD: -7.56 | ATR: 4.91
  📊 Filled: 0 | Pending: 0
  💰 Daily P&L: $+0.00

[2026-04-30 08:40] O:7171.25 H:7171.75 L:7166.75 C:7170.00 V:7725.0
  📈 Trend: strong_bearish
  🗺️  Grid: 0.086% | 🔺 7176.75 🔻 7170.75
  📡 RSI: 14.1 | MACD: -8.02 | ATR: 5.16
  📊 Filled: 0 | Pending: 0
  💰 Daily P&L: $+0.00

[2026-04-30 08:41] O:7170.25 H:7173.00 L:7168.50 C:7169.25 V:4556.0
  📈 Trend: strong_bearish
  🗺️  Grid: 0.090% | 🔺 7171.75 🔻 7166.75
  📡 RSI: 14.3 | MACD: -8.34 | ATR: 5.38
  📊 Filled: 0 | Pending: 0
  💰 Daily P&L: $+0.00

[2026-04-30 08:42] O:7169.00 H:7173.75 L:7168.75 C:7173.25 V:4766.0
  📈 Trend: strong_bearish
  🗺️  Grid: 0.094% | 🔺 7173.00 🔻 7168.50
  📡 RSI: 21.7 | MACD: -8.19 | ATR: 5.61
  📊 Filled: 0 | Pending: 0
  💰 Daily P&L: $+0.00

[2026-04-30 08:43] O:7173.50 H:7179.00 L:7172.75 C:7178.00 V:5846.0
  📈 Trend: strong_bearish
  🗺️  Grid: 0.099% | 🔺 7173.75 🔻 7168.75
  📡 RSI: 28.2 | MACD: -7.59 | ATR: 5.93
  📊 Filled: 0 | Pending: 0
  💰 Daily P&L: $+0.00

[2026-04-30 08:44] O:7178.00 H:7182.25 L:7177.25 C:7181.50 V:5303.0
  📈 Trend: strong_bearish (raw: moderate_bearish)
  🗺️  Grid: 0.091% | 🔺 7179.00 🔻 7172.75
  📡 RSI: 40.7 | MACD: -6.76 | ATR: 5.46
  📊 Filled: 0 | Pending: 0
  💰 Daily P&L: $+0.00

[2026-04-30 08:45] O:7181.25 H:7184.50 L:7178.50 C:7184.00 V:6724.0
  📈 Trend: moderate_bearish
  🗺️  Grid: 0.091% | 🔺 7182.25 🔻 7177.25
  📡 RSI: 48.5 | MACD: -5.83 | ATR: 5.45
  📊 Filled: 0 | Pending: 0
  💰 Daily P&L: $+0.00

[2026-04-30 08:46] O:7184.00 H:7185.00 L:7175.25 C:7176.00 V:6223.0
  📈 Trend: moderate_bearish
  🗺️  Grid: 0.097% | 🔺 7184.50 🔻 7178.50
  📡 RSI: 38.7 | MACD: -5.67 | ATR: 5.80
  📊 Filled: 0 | Pending: 0
  💰 Daily P&L: $+0.00

[2026-04-30 08:47] O:7176.00 H:7178.75 L:7173.25 C:7178.25 V:4672.0
  📈 Trend: moderate_bearish
  🗺️  Grid: 0.096% | 🔺 7185.00 🔻 7175.25
  📡 RSI: 44.2 | MACD: -5.31 | ATR: 5.73
  📊 Filled: 0 | Pending: 0
  💰 Daily P&L: $+0.00

[2026-04-30 08:48] O:7178.50 H:7179.50 L:7174.75 C:7177.25 V:4847.0
  📈 Trend: moderate_bearish
  🗺️  Grid: 0.097% | 🔺 7178.75 🔻 7173.25
  📡 RSI: 45.7 | MACD: -5.04 | ATR: 5.80
  📊 Filled: 0 | Pending: 0
  💰 Daily P&L: $+0.00

[2026-04-30 08:49] O:7177.25 H:7179.00 L:7174.75 C:7177.75 V:3989.0
  📈 Trend: moderate_bearish (raw: strong_bearish)
  🗺️  Grid: 0.094% | 🔺 7179.50 🔻 7174.75
  📡 RSI: 51.2 | MACD: -4.73 | ATR: 5.62
  📊 Filled: 0 | Pending: 0
  💰 Daily P&L: $+0.00

[2026-04-30 08:50] O:7178.00 H:7181.00 L:7176.50 C:7176.75 V:4332.0
  📈 Trend: strong_bearish
  🗺️  Grid: 0.094% | 🔺 7179.00 🔻 7174.75
  📡 RSI: 45.2 | MACD: -4.52 | ATR: 5.62
  📊 Filled: 0 | Pending: 0
  💰 Daily P&L: $+0.00

[2026-04-30 08:51] O:7176.75 H:7176.75 L:7172.25 C:7172.75 V:4864.0
  📈 Trend: strong_bearish
  🗺️  Grid: 0.089% | 🔺 7181.00 🔻 7176.50
  📡 RSI: 45.8 | MACD: -4.62 | ATR: 5.30
  📊 Filled: 0 | Pending: 0
  💰 Daily P&L: $+0.00

[2026-04-30 08:52] O:7172.50 H:7174.75 L:7166.75 C:7169.25 V:5974.0
  📈 Trend: strong_bearish
  🗺️  Grid: 0.094% | 🔺 7176.75 🔻 7172.25
  📡 RSI: 41.7 | MACD: -4.92 | ATR: 5.64
  📊 Filled: 0 | Pending: 0
  💰 Daily P&L: $+0.00

[2026-04-30 08:53] O:7169.25 H:7173.75 L:7169.00 C:7169.75 V:4262.0
  📈 Trend: strong_bearish
  🗺️  Grid: 0.093% | 🔺 7174.75 🔻 7166.75
  📡 RSI: 48.3 | MACD: -5.06 | ATR: 5.55
  📊 Filled: 0 | Pending: 0
  💰 Daily P&L: $+0.00

[2026-04-30 08:54] O:7169.75 H:7170.50 L:7167.00 C:7167.25 V:3942.0
  📈 Trend: strong_bearish
  🗺️  Grid: 0.091% | 🔺 7173.75 🔻 7169.00
  📡 RSI: 46.5 | MACD: -5.32 | ATR: 5.45
  📊 Filled: 0 | Pending: 0
  💰 Daily P&L: $+0.00

[2026-04-30 08:55] O:7167.00 H:7167.25 L:7164.00 C:7165.25 V:6017.0
  📈 Trend: strong_bearish
  🗺️  Grid: 0.090% | 🔺 7170.50 🔻 7167.00
  📡 RSI: 45.0 | MACD: -5.61 | ATR: 5.36
  📊 Filled: 0 | Pending: 0
  💰 Daily P&L: $+0.00

[2026-04-30 08:56] O:7165.25 H:7167.25 L:7163.75 C:7165.25 V:4639.0
  📈 Trend: strong_bearish
  🗺️  Grid: 0.088% | 🔺 7167.25 🔻 7164.00
  📡 RSI: 38.9 | MACD: -5.78 | ATR: 5.25
  📊 Filled: 0 | Pending: 0
  💰 Daily P&L: $+0.00

[2026-04-30 08:57] O:7165.25 H:7167.50 L:7161.50 C:7161.75 V:4379.0
  📈 Trend: strong_bearish
  🗺️  Grid: 0.088% | 🔺 7167.25 🔻 7163.75
  📡 RSI: 26.6 | MACD: -6.13 | ATR: 5.23
  📊 Filled: 0 | Pending: 0
  💰 Daily P&L: $+0.00

[2026-04-30 08:58] O:7161.75 H:7165.75 L:7160.25 C:7165.00 V:5233.0
  📈 Trend: strong_bearish
  🗺️  Grid: 0.088% | 🔺 7167.50 🔻 7161.50
  📡 RSI: 26.1 | MACD: -6.07 | ATR: 5.27
  📊 Filled: 0 | Pending: 0
  💰 Daily P&L: $+0.00

[2026-04-30 08:59] O:7164.75 H:7168.25 L:7164.25 C:7165.25 V:5073.0
  📈 Trend: strong_bearish
  🗺️  Grid: 0.086% | 🔺 7165.75 🔻 7160.25
  📡 RSI: 20.9 | MACD: -5.94 | ATR: 5.12
  📊 Filled: 0 | Pending: 0
  💰 Daily P&L: $+0.00

[2026-04-30 09:00] O:7165.25 H:7171.00 L:7164.75 C:7169.75 V:7824.0
  📈 Trend: strong_bearish (raw: moderate_bearish)
  🗺️  Grid: 0.082% | 🔺 7168.25 🔻 7164.25
  📡 RSI: 39.1 | MACD: -5.40 | ATR: 4.88
  📊 Filled: 0 | Pending: 0
  💰 Daily P&L: $+0.00

[2026-04-30 09:01] O:7169.75 H:7172.50 L:7169.50 C:7171.00 V:4817.0
  📈 Trend: strong_bearish
  🗺️  Grid: 0.080% | 🔺 7171.00 🔻 7164.75
  📡 RSI: 36.9 | MACD: -4.83 | ATR: 4.70
  📊 Filled: 0 | Pending: 0
  💰 Daily P&L: $+0.00

[2026-04-30 09:02] O:7171.25 H:7175.00 L:7170.75 C:7173.00 V:5836.0
  📈 Trend: strong_bearish
  🗺️  Grid: 0.080% | 🔺 7172.50 🔻 7169.50
  📡 RSI: 42.6 | MACD: -4.16 | ATR: 4.66
  📊 Filled: 0 | Pending: 0
  💰 Daily P&L: $+0.00

[2026-04-30 09:03] O:7173.25 H:7173.75 L:7171.50 C:7172.75 V:3563.0
  📈 Trend: strong_bearish
  🗺️  Grid: 0.080% | 🔺 7175.00 🔻 7170.75
  📡 RSI: 41.2 | MACD: -3.61 | ATR: 4.52
  📊 Filled: 0 | Pending: 0
  💰 Daily P&L: $+0.00

[2026-04-30 09:04] O:7173.00 H:7173.00 L:7168.50 C:7171.50 V:4026.0
  📈 Trend: strong_bearish
  🗺️  Grid: 0.080% | 🔺 7173.75 🔻 7171.50
  📡 RSI: 40.9 | MACD: -3.23 | ATR: 4.52
  📊 Filled: 0 | Pending: 0
  💰 Daily P&L: $+0.00

[2026-04-30 09:05] O:7171.75 H:7174.25 L:7170.75 C:7170.75 V:4284.0
  📈 Trend: strong_bearish
  🗺️  Grid: 0.080% | 🔺 7173.00 🔻 7168.50
  📡 RSI: 46.1 | MACD: -2.97 | ATR: 4.45
  📊 Filled: 0 | Pending: 0
  💰 Daily P&L: $+0.00

[2026-04-30 09:06] O:7170.75 H:7175.50 L:7168.00 C:7168.25 V:7611.0
  📈 Trend: strong_bearish
  🗺️  Grid: 0.080% | 🔺 7174.25 🔻 7170.75
  📡 RSI: 48.0 | MACD: -2.92 | ATR: 4.41
  📊 Filled: 0 | Pending: 0
  💰 Daily P&L: $+0.00

[2026-04-30 09:07] O:7168.50 H:7171.25 L:7167.00 C:7169.25 V:4296.0
  📈 Trend: strong_bearish
  🗺️  Grid: 0.080% | 🔺 7175.50 🔻 7168.00
  📡 RSI: 49.0 | MACD: -2.77 | ATR: 4.38
  📊 Filled: 0 | Pending: 0
  💰 Daily P&L: $+0.00

[2026-04-30 09:08] O:7169.25 H:7169.75 L:7160.50 C:7160.75 V:5085.0
  📈 Trend: strong_bearish
  🗺️  Grid: 0.080% | 🔺 7171.25 🔻 7167.00
  📡 RSI: 39.5 | MACD: -3.30 | ATR: 4.79
  📊 Filled: 0 | Pending: 0
  💰 Daily P&L: $+0.00

[2026-04-30 09:09] O:7160.50 H:7165.00 L:7159.25 C:7164.75 V:4337.0
  📈 Trend: strong_bearish
  🗺️  Grid: 0.083% | 🔺 7169.75 🔻 7160.50
  📡 RSI: 49.2 | MACD: -3.36 | ATR: 4.96
  📊 Filled: 0 | Pending: 0
  💰 Daily P&L: $+0.00

[2026-04-30 09:10] O:7164.75 H:7166.25 L:7161.25 C:7163.50 V:4453.0
  📈 Trend: strong_bearish
  🗺️  Grid: 0.085% | 🔺 7165.00 🔻 7159.25
  📡 RSI: 47.4 | MACD: -3.47 | ATR: 5.07
  📊 Filled: 0 | Pending: 0
  💰 Daily P&L: $+0.00

[2026-04-30 09:11] O:7163.50 H:7164.50 L:7162.00 C:7162.75 V:3527.0
  📈 Trend: strong_bearish
  🗺️  Grid: 0.081% | 🔺 7166.25 🔻 7161.25
  📡 RSI: 51.6 | MACD: -3.57 | ATR: 4.82
  📊 Filled: 0 | Pending: 0
  💰 Daily P&L: $+0.00

[2026-04-30 09:12] O:7163.00 H:7168.00 L:7162.75 C:7166.00 V:3332.0
  📈 Trend: strong_bearish
  🗺️  Grid: 0.080% | 🔺 7164.50 🔻 7162.00
  📡 RSI: 51.6 | MACD: -3.35 | ATR: 4.80
  📊 Filled: 0 | Pending: 0
  💰 Daily P&L: $+0.00

[2026-04-30 09:13] O:7166.25 H:7172.50 L:7165.25 C:7170.75 V:4685.0
  📈 Trend: strong_bearish (raw: moderate_bearish)
  🗺️  Grid: 0.084% | 🔺 7168.00 🔻 7162.75
  📡 RSI: 57.6 | MACD: -2.77 | ATR: 5.04
  📊 Filled: 0 | Pending: 0
  💰 Daily P&L: $+0.00

[2026-04-30 09:14] O:7170.75 H:7171.25 L:7167.50 C:7169.25 V:3344.0
  📈 Trend: moderate_bearish
  🗺️  Grid: 0.081% | 🔺 7172.50 🔻 7165.25
  📡 RSI: 49.2 | MACD: -2.39 | ATR: 4.86
  📊 Filled: 0 | Pending: 0
  💰 Daily P&L: $+0.00

[2026-04-30 09:15] O:7169.50 H:7169.75 L:7165.75 C:7167.50 V:3996.0
  📈 Trend: moderate_bearish
  🗺️  Grid: 0.083% | 🔺 7171.25 🔻 7167.50
  📡 RSI: 44.8 | MACD: -2.21 | ATR: 4.93
  📊 Filled: 0 | Pending: 0
  💰 Daily P&L: $+0.00

[2026-04-30 09:16] O:7167.50 H:7167.50 L:7157.75 C:7158.50 V:5598.0
  📈 Trend: moderate_bearish (raw: strong_bearish)
  🗺️  Grid: 0.089% | 🔺 7169.75 🔻 7165.75
  📡 RSI: 32.1 | MACD: -2.77 | ATR: 5.32
  📊 Filled: 0 | Pending: 0
  💰 Daily P&L: $+0.00

[2026-04-30 09:17] O:7158.50 H:7163.75 L:7157.25 C:7161.00 V:4990.0
  📈 Trend: strong_bearish
  🗺️  Grid: 0.094% | 🔺 7167.50 🔻 7157.75
  📡 RSI: 36.3 | MACD: -2.97 | ATR: 5.62
  📊 Filled: 0 | Pending: 0
  💰 Daily P&L: $+0.00

[2026-04-30 09:18] O:7161.25 H:7167.75 L:7159.75 C:7166.25 V:3878.0
  📈 Trend: strong_bearish (raw: moderate_bearish)
  🗺️  Grid: 0.098% | 🔺 7163.75 🔻 7157.25
  📡 RSI: 44.4 | MACD: -2.67 | ATR: 5.88
  📊 Filled: 0 | Pending: 0
  💰 Daily P&L: $+0.00

[2026-04-30 09:19] O:7166.25 H:7169.50 L:7165.25 C:7168.50 V:4102.0
  📈 Trend: strong_bearish
  🗺️  Grid: 0.099% | 🔺 7167.75 🔻 7159.75
  📡 RSI: 47.7 | MACD: -2.23 | ATR: 5.93
  📊 Filled: 0 | Pending: 0
  💰 Daily P&L: $+0.00

[2026-04-30 09:20] O:7168.50 H:7172.00 L:7168.25 C:7170.75 V:3947.0
  📈 Trend: strong_bearish
  🗺️  Grid: 0.095% | 🔺 7169.50 🔻 7165.25
  📡 RSI: 52.6 | MACD: -1.68 | ATR: 5.66
  📊 Filled: 0 | Pending: 0
  💰 Daily P&L: $+0.00

[2026-04-30 09:21] O:7171.00 H:7172.25 L:7168.75 C:7170.50 V:2671.0
  📈 Trend: strong_bearish
  🗺️  Grid: 0.094% | 🔺 7172.00 🔻 7168.25
  📡 RSI: 51.3 | MACD: -1.25 | ATR: 5.61
  📊 Filled: 0 | Pending: 0
  💰 Daily P&L: $+0.00

[2026-04-30 09:22] O:7170.50 H:7176.50 L:7168.75 C:7175.00 V:4266.0
  📈 Trend: strong_bearish (raw: moderate_bearish)
  🗺️  Grid: 0.092% | 🔺 7172.25 🔻 7168.75
  📡 RSI: 66.5 | MACD: -0.54 | ATR: 5.50
  📊 Filled: 0 | Pending: 0
  💰 Daily P&L: $+0.00

[2026-04-30 09:23] O:7175.00 H:7176.00 L:7171.50 C:7172.00 V:3206.0
  📈 Trend: moderate_bearish
  🗺️  Grid: 0.091% | 🔺 7176.50 🔻 7168.75
  📡 RSI: 58.6 | MACD: -0.22 | ATR: 5.41
  📊 Filled: 0 | Pending: 0
  💰 Daily P&L: $+0.00

[2026-04-30 09:24] O:7172.25 H:7172.75 L:7169.50 C:7172.50 V:2929.0
  📈 Trend: moderate_bearish (raw: moderate_bullish)
  🗺️  Grid: 0.088% | 🔺 7176.00 🔻 7171.50
  📡 RSI: 60.8 | MACD: 0.08 | ATR: 5.29
  📊 Filled: 0 | Pending: 0
  💰 Daily P&L: $+0.00

[2026-04-30 09:25] O:7172.50 H:7173.00 L:7169.50 C:7169.75 V:3043.0
  📈 Trend: moderate_bullish
  🗺️  Grid: 0.090% | 🔺 7172.75 🔻 7169.50
  📡 RSI: 58.0 | MACD: 0.09 | ATR: 5.36
  📊 Filled: 0 | Pending: 0
  💰 Daily P&L: $+0.00

[2026-04-30 09:26] O:7170.00 H:7170.25 L:7166.50 C:7166.50 V:3473.0
  📈 Trend: moderate_bullish (raw: strong_bearish)
  🗺️  Grid: 0.088% | 🔺 7173.00 🔻 7169.50
  📡 RSI: 50.6 | MACD: -0.16 | ATR: 5.25
  📊 Filled: 0 | Pending: 0
  💰 Daily P&L: $+0.00

[2026-04-30 09:27] O:7166.50 H:7168.25 L:7165.75 C:7168.00 V:2987.0
  📈 Trend: moderate_bullish (raw: moderate_bearish)
  🗺️  Grid: 0.082% | 🔺 7170.25 🔻 7166.50
  📡 RSI: 46.6 | MACD: -0.24 | ATR: 4.91
  📊 Filled: 0 | Pending: 0
  💰 Daily P&L: $+0.00

[2026-04-30 09:28] O:7168.00 H:7171.25 L:7167.00 C:7169.75 V:3346.0
  📈 Trend: moderate_bearish
  🗺️  Grid: 0.083% | 🔺 7168.25 🔻 7165.75
  📡 RSI: 50.6 | MACD: -0.15 | ATR: 4.95
  📊 Filled: 0 | Pending: 0
  💰 Daily P&L: $+0.00

[2026-04-30 09:29] O:7169.75 H:7174.00 L:7169.00 C:7173.25 V:3982.0
  📈 Trend: moderate_bearish (raw: moderate_bullish)
  🗺️  Grid: 0.084% | 🔺 7171.25 🔻 7167.00
  📡 RSI: 56.8 | MACD: 0.19 | ATR: 5.02
  📊 Filled: 0 | Pending: 0
  💰 Daily P&L: $+0.00

[2026-04-30 09:30] O:7173.25 H:7175.25 L:7169.50 C:7175.00 V:5062.0
  📈 Trend: moderate_bullish
  🗺️  Grid: 0.080% | 🔺 7174.00 🔻 7169.00
  📡 RSI: 73.6 | MACD: 0.60 | ATR: 4.73
  📊 Filled: 0 | Pending: 0
  💰 Daily P&L: $+0.00

[2026-04-30 09:31] O:7175.00 H:7180.50 L:7175.00 C:7179.00 V:5668.0
  📈 Trend: moderate_bullish
  🗺️  Grid: 0.080% | 🔺 7175.25 🔻 7169.50
  📡 RSI: 74.7 | MACD: 1.23 | ATR: 4.66
  📊 Filled: 0 | Pending: 0
  💰 Daily P&L: $+0.00

[2026-04-30 09:32] O:7179.00 H:7181.25 L:7178.25 C:7179.00 V:4901.0
  📈 Trend: moderate_bullish
  🗺️  Grid: 0.080% | 🔺 7180.50 🔻 7175.00
  📡 RSI: 70.4 | MACD: 1.71 | ATR: 4.30
  📊 Filled: 0 | Pending: 0
  💰 Daily P&L: $+0.00

[2026-04-30 09:33] O:7179.25 H:7180.25 L:7172.25 C:7173.50 V:4974.0
  📈 Trend: moderate_bullish (raw: strong_bullish)
  🗺️  Grid: 0.080% | 🔺 7181.25 🔻 7178.25
  📡 RSI: 57.2 | MACD: 1.63 | ATR: 4.57
  📊 Filled: 0 | Pending: 0
  💰 Daily P&L: $+0.00

[2026-04-30 09:34] O:7173.50 H:7173.50 L:7168.25 C:7171.50 V:5255.0
  📈 Trend: strong_bullish
  🗺️  Grid: 0.080% | 🔺 7180.25 🔻 7172.25
  📡 RSI: 51.1 | MACD: 1.39 | ATR: 4.68
  📊 Filled: 0 | Pending: 0
  💰 Daily P&L: $+0.00

[2026-04-30 09:35] O:7171.50 H:7173.00 L:7169.25 C:7172.25 V:2385.0
  📈 Trend: strong_bullish
  🗺️  Grid: 0.080% | 🔺 7173.50 🔻 7168.25
  📡 RSI: 52.5 | MACD: 1.25 | ATR: 4.70
  📊 Filled: 0 | Pending: 0
  💰 Daily P&L: $+0.00

[2026-04-30 09:36] O:7172.25 H:7172.50 L:7165.25 C:7167.50 V:4254.0
  📈 Trend: strong_bullish (raw: moderate_bullish)
  🗺️  Grid: 0.080% | 🔺 7173.00 🔻 7169.25
  📡 RSI: 39.3 | MACD: 0.74 | ATR: 4.66
  📊 Filled: 0 | Pending: 0
  💰 Daily P&L: $+0.00

[2026-04-30 09:37] O:7167.50 H:7169.25 L:7165.25 C:7168.25 V:4382.0
  📈 Trend: moderate_bullish
  🗺️  Grid: 0.080% | 🔺 7172.50 🔻 7165.25
  📡 RSI: 44.3 | MACD: 0.39 | ATR: 4.62
  📊 Filled: 0 | Pending: 0
  💰 Daily P&L: $+0.00

[2026-04-30 09:38] O:7168.25 H:7170.50 L:7166.75 C:7168.25 V:2703.0
  📈 Trend: moderate_bullish (raw: moderate_bearish)
  🗺️  Grid: 0.080% | 🔺 7169.25 🔻 7165.25
  📡 RSI: 43.4 | MACD: 0.12 | ATR: 4.66
  📊 Filled: 0 | Pending: 0
  💰 Daily P&L: $+0.00

[2026-04-30 09:39] O:7168.50 H:7168.50 L:7164.75 C:7166.25 V:3262.0
  📈 Trend: moderate_bullish (raw: strong_bearish)
  🗺️  Grid: 0.080% | 🔺 7170.50 🔻 7166.75
  📡 RSI: 44.4 | MACD: -0.26 | ATR: 4.68
  📊 Filled: 0 | Pending: 0
  💰 Daily P&L: $+0.00

[2026-04-30 09:40] O:7166.50 H:7172.50 L:7166.50 C:7172.00 V:5570.0
  📈 Trend: moderate_bullish
  🗺️  Grid: 0.081% | 🔺 7168.50 🔻 7164.75
  📡 RSI: 58.1 | MACD: -0.09 | ATR: 4.86
  📊 Filled: 0 | Pending: 0
  💰 Daily P&L: $+0.00

[2026-04-30 09:41] O:7172.00 H:7173.75 L:7169.50 C:7173.75 V:2723.0
  📈 Trend: moderate_bullish (raw: moderate_bearish)
  🗺️  Grid: 0.083% | 🔺 7172.50 🔻 7166.50
  📡 RSI: 58.4 | MACD: 0.18 | ATR: 4.98
  📊 Filled: 0 | Pending: 0
  💰 Daily P&L: $+0.00

[2026-04-30 09:42] O:7173.75 H:7174.50 L:7172.00 C:7173.25 V:2290.0
  📈 Trend: moderate_bullish (raw: strong_bullish)
  🗺️  Grid: 0.081% | 🔺 7173.75 🔻 7169.50
  📡 RSI: 55.3 | MACD: 0.35 | ATR: 4.86
  📊 Filled: 0 | Pending: 0
  💰 Daily P&L: $+0.00

[2026-04-30 09:43] O:7173.25 H:7176.50 L:7173.00 C:7175.75 V:3314.0
  📈 Trend: strong_bullish
  🗺️  Grid: 0.080% | 🔺 7174.50 🔻 7172.00
  📡 RSI: 53.9 | MACD: 0.68 | ATR: 4.75
  📊 Filled: 0 | Pending: 0
  💰 Daily P&L: $+0.00

[2026-04-30 09:44] O:7175.75 H:7177.00 L:7174.25 C:7175.50 V:2478.0
  📈 Trend: strong_bullish
  🗺️  Grid: 0.080% | 🔺 7176.50 🔻 7173.00
  📡 RSI: 50.8 | MACD: 0.91 | ATR: 4.54
  📊 Filled: 0 | Pending: 0
  💰 Daily P&L: $+0.00

[2026-04-30 09:45] O:7175.50 H:7179.75 L:7175.25 C:7178.00 V:4076.0
  📈 Trend: strong_bullish
  🗺️  Grid: 0.080% | 🔺 7177.00 🔻 7174.25
  📡 RSI: 48.3 | MACD: 1.28 | ATR: 4.46
  📊 Filled: 0 | Pending: 0
  💰 Daily P&L: $+0.00

[2026-04-30 09:46] O:7178.25 H:7182.50 L:7178.25 C:7181.75 V:3725.0
  📈 Trend: strong_bullish
  🗺️  Grid: 0.080% | 🔺 7179.75 🔻 7175.25
  📡 RSI: 54.2 | MACD: 1.85 | ATR: 4.57
  📊 Filled: 0 | Pending: 0
  💰 Daily P&L: $+0.00

[2026-04-30 09:47] O:7181.75 H:7183.50 L:7181.00 C:7182.50 V:3351.0
  📈 Trend: strong_bullish
  🗺️  Grid: 0.080% | 🔺 7182.50 🔻 7178.25
  📡 RSI: 66.1 | MACD: 2.34 | ATR: 4.18
  📊 Filled: 0 | Pending: 0
  💰 Daily P&L: $+0.00

[2026-04-30 09:48] O:7182.50 H:7184.50 L:7181.50 C:7182.00 V:3327.0
  📈 Trend: strong_bullish
  🗺️  Grid: 0.080% | 🔺 7183.50 🔻 7181.00
  📡 RSI: 69.8 | MACD: 2.66 | ATR: 4.02
  📊 Filled: 0 | Pending: 0
  💰 Daily P&L: $+0.00

[2026-04-30 09:49] O:7182.00 H:7183.25 L:7180.50 C:7181.50 V:2952.0
  📈 Trend: strong_bullish
  🗺️  Grid: 0.080% | 🔺 7184.50 🔻 7181.50
  📡 RSI: 67.6 | MACD: 2.83 | ATR: 3.95
  📊 Filled: 0 | Pending: 0
  💰 Daily P&L: $+0.00

[2026-04-30 09:50] O:7181.50 H:7184.00 L:7180.25 C:7182.50 V:3513.0
  📈 Trend: strong_bullish
  🗺️  Grid: 0.080% | 🔺 7183.25 🔻 7180.50
  📡 RSI: 83.3 | MACD: 3.02 | ATR: 3.70
  📊 Filled: 0 | Pending: 0
  💰 Daily P&L: $+0.00

[2026-04-30 09:51] O:7182.50 H:7188.75 L:7181.75 C:7188.00 V:5100.0
  📈 Trend: strong_bullish
  🗺️  Grid: 0.080% | 🔺 7184.00 🔻 7180.25
  📡 RSI: 86.2 | MACD: 3.57 | ATR: 3.91
  📊 Filled: 0 | Pending: 0
  💰 Daily P&L: $+0.00

[2026-04-30 09:52] O:7188.00 H:7190.75 L:7187.75 C:7190.00 V:6316.0
  📈 Trend: strong_bullish
  🗺️  Grid: 0.080% | 🔺 7188.75 🔻 7181.75
  📡 RSI: 87.2 | MACD: 4.12 | ATR: 3.86
  📊 Filled: 0 | Pending: 0
  💰 Daily P&L: $+0.00

[2026-04-30 09:53] O:7190.00 H:7190.25 L:7188.00 C:7189.75 V:2984.0
  📈 Trend: strong_bullish
  🗺️  Grid: 0.080% | 🔺 7190.75 🔻 7187.75
  📡 RSI: 92.7 | MACD: 4.49 | ATR: 3.75
  📊 Filled: 0 | Pending: 0
  💰 Daily P&L: $+0.00

[2026-04-30 09:54] O:7189.75 H:7192.25 L:7189.25 C:7190.50 V:3326.0
  📈 Trend: strong_bullish
  🗺️  Grid: 0.080% | 🔺 7190.25 🔻 7188.00
  📡 RSI: 91.1 | MACD: 4.78 | ATR: 3.52
  📊 Filled: 0 | Pending: 0
  💰 Daily P&L: $+0.00

[2026-04-30 09:55] O:7190.25 H:7194.25 L:7190.00 C:7194.00 V:4060.0
  📈 Trend: strong_bullish
  🗺️  Grid: 0.080% | 🔺 7192.25 🔻 7189.25
  📡 RSI: 91.8 | MACD: 5.23 | ATR: 3.52
  📊 Filled: 0 | Pending: 0
  💰 Daily P&L: $+0.00

[2026-04-30 09:56] O:7194.00 H:7194.50 L:7191.75 C:7192.50 V:3786.0
  📈 Trend: strong_bullish
  🗺️  Grid: 0.080% | 🔺 7194.25 🔻 7190.00
  📡 RSI: 88.1 | MACD: 5.41 | ATR: 3.54
  📊 Filled: 0 | Pending: 0
  💰 Daily P&L: $+0.00

[2026-04-30 09:57] O:7192.25 H:7194.50 L:7192.00 C:7193.75 V:3628.0
  📈 Trend: strong_bullish
  🗺️  Grid: 0.080% | 🔺 7194.50 🔻 7191.75
  📡 RSI: 87.5 | MACD: 5.59 | ATR: 3.46
  📊 Filled: 0 | Pending: 0
  💰 Daily P&L: $+0.00

[2026-04-30 09:58] O:7194.00 H:7194.25 L:7192.00 C:7193.50 V:2736.0
  📈 Trend: strong_bullish
  🗺️  Grid: 0.080% | 🔺 7194.50 🔻 7192.00
  📡 RSI: 87.5 | MACD: 5.64 | ATR: 3.43
  📊 Filled: 0 | Pending: 0
  💰 Daily P&L: $+0.00

[2026-04-30 09:59] O:7193.75 H:7194.75 L:7192.00 C:7192.00 V:3429.0
  📈 Trend: strong_bullish
  🗺️  Grid: 0.080% | 🔺 7194.25 🔻 7192.00
  📡 RSI: 80.4 | MACD: 5.50 | ATR: 3.30
  📊 Filled: 0 | Pending: 0
  💰 Daily P&L: $+0.00

[2026-04-30 10:00] O:7192.00 H:7196.50 L:7192.00 C:7194.25 V:5398.0
  📈 Trend: strong_bullish
  🗺️  Grid: 0.080% | 🔺 7194.75 🔻 7192.00
  📡 RSI: 79.1 | MACD: 5.51 | ATR: 3.30
  📊 Filled: 0 | Pending: 0
  💰 Daily P&L: $+0.00

[2026-04-30 10:01] O:7194.50 H:7198.00 L:7194.00 C:7197.25 V:3968.0
  📈 Trend: strong_bullish
  🗺️  Grid: 0.080% | 🔺 7196.50 🔻 7192.00
  📡 RSI: 81.1 | MACD: 5.69 | ATR: 3.41
  📊 Filled: 0 | Pending: 0
  💰 Daily P&L: $+0.00

[2026-04-30 10:02] O:7197.25 H:7197.50 L:7192.75 C:7193.50 V:3788.0
  📈 Trend: strong_bullish
  🗺️  Grid: 0.080% | 🔺 7198.00 🔻 7194.00
  📡 RSI: 71.3 | MACD: 5.47 | ATR: 3.54
  📊 Filled: 0 | Pending: 0
  💰 Daily P&L: $+0.00

[2026-04-30 10:03] O:7193.50 H:7194.75 L:7192.25 C:7192.75 V:3384.0
  📈 Trend: strong_bullish (raw: moderate_bullish)
  🗺️  Grid: 0.080% | 🔺 7197.50 🔻 7192.75
  📡 RSI: 70.6 | MACD: 5.17 | ATR: 3.52
  📊 Filled: 0 | Pending: 0
  💰 Daily P&L: $+0.00

[2026-04-30 10:04] O:7193.00 H:7193.50 L:7190.75 C:7192.25 V:3937.0
  📈 Trend: moderate_bullish
  🗺️  Grid: 0.080% | 🔺 7194.75 🔻 7192.25
  📡 RSI: 68.2 | MACD: 4.84 | ATR: 3.45
  📊 Filled: 0 | Pending: 0
  💰 Daily P&L: $+0.00

[2026-04-30 10:05] O:7192.25 H:7192.50 L:7189.50 C:7189.50 V:3468.0
  📈 Trend: moderate_bullish
  🗺️  Grid: 0.080% | 🔺 7193.50 🔻 7190.75
  📡 RSI: 53.1 | MACD: 4.31 | ATR: 3.16
  📊 Filled: 0 | Pending: 0
  💰 Daily P&L: $+0.00

[2026-04-30 10:06] O:7189.75 H:7191.75 L:7188.75 C:7190.00 V:4057.0
  📈 Trend: moderate_bullish
  🗺️  Grid: 0.080% | 🔺 7192.50 🔻 7189.50
  📡 RSI: 50.0 | MACD: 3.88 | ATR: 3.16
  📊 Filled: 0 | Pending: 0
  💰 Daily P&L: $+0.00

[2026-04-30 10:07] O:7190.25 H:7195.75 L:7189.50 C:7194.50 V:5591.0
  📈 Trend: moderate_bullish
  🗺️  Grid: 0.080% | 🔺 7191.75 🔻 7188.75
  📡 RSI: 58.9 | MACD: 3.86 | ATR: 3.45
  📊 Filled: 0 | Pending: 0
  💰 Daily P&L: $+0.00

[2026-04-30 10:08] O:7194.50 H:7195.50 L:7193.75 C:7194.25 V:3029.0
  📈 Trend: moderate_bullish
  🗺️  Grid: 0.080% | 🔺 7195.75 🔻 7189.50
  📡 RSI: 57.1 | MACD: 3.78 | ATR: 3.36
  📊 Filled: 0 | Pending: 0
  💰 Daily P&L: $+0.00

[2026-04-30 10:09] O:7194.25 H:7197.50 L:7193.75 C:7197.25 V:3377.0
  📈 Trend: moderate_bullish
  🗺️  Grid: 0.080% | 🔺 7195.50 🔻 7193.75
  📡 RSI: 56.3 | MACD: 3.92 | ATR: 3.32
  📊 Filled: 0 | Pending: 0
  💰 Daily P&L: $+0.00

[2026-04-30 10:10] O:7197.25 H:7198.75 L:7195.75 C:7197.75 V:3305.0
  📈 Trend: moderate_bullish
  🗺️  Grid: 0.080% | 🔺 7197.50 🔻 7193.75
  📡 RSI: 60.6 | MACD: 4.02 | ATR: 3.34
  📊 Filled: 0 | Pending: 0
  💰 Daily P&L: $+0.00

[2026-04-30 10:11] O:7197.75 H:7198.75 L:7196.75 C:7197.50 V:2230.0
  📈 Trend: moderate_bullish
  🗺️  Grid: 0.080% | 🔺 7198.75 🔻 7195.75
  📡 RSI: 57.9 | MACD: 4.03 | ATR: 3.30
  📊 Filled: 0 | Pending: 0
  💰 Daily P&L: $+0.00

[2026-04-30 10:12] O:7197.75 H:7198.50 L:7193.75 C:7194.50 V:4288.0
  📈 Trend: moderate_bullish
  🗺️  Grid: 0.080% | 🔺 7198.75 🔻 7196.75
  📡 RSI: 51.9 | MACD: 3.75 | ATR: 3.48
  📊 Filled: 0 | Pending: 0
  💰 Daily P&L: $+0.00

[2026-04-30 10:13] O:7194.75 H:7194.75 L:7192.00 C:7194.75 V:2759.0
  📈 Trend: moderate_bullish
  🗺️  Grid: 0.080% | 🔺 7198.50 🔻 7193.75
  📡 RSI: 55.4 | MACD: 3.51 | ATR: 3.48
  📊 Filled: 0 | Pending: 0
  💰 Daily P&L: $+0.00

[2026-04-30 10:14] O:7194.75 H:7197.00 L:7193.75 C:7196.50 V:1972.0
  📈 Trend: moderate_bullish
  🗺️  Grid: 0.080% | 🔺 7194.75 🔻 7192.00
  📡 RSI: 54.5 | MACD: 3.43 | ATR: 3.39
  📊 Filled: 0 | Pending: 0
  💰 Daily P&L: $+0.00

[2026-04-30 10:15] O:7196.75 H:7198.25 L:7196.00 C:7196.50 V:2697.0
  📈 Trend: moderate_bullish
  🗺️  Grid: 0.080% | 🔺 7197.00 🔻 7193.75
  📡 RSI: 48.3 | MACD: 3.32 | ATR: 3.27
  📊 Filled: 0 | Pending: 0
  💰 Daily P&L: $+0.00

[2026-04-30 10:16] O:7196.50 H:7196.75 L:7195.25 C:7195.75 V:2018.0
  📈 Trend: moderate_bullish
  🗺️  Grid: 0.080% | 🔺 7198.25 🔻 7196.00
  📡 RSI: 56.0 | MACD: 3.14 | ATR: 3.04
  📊 Filled: 0 | Pending: 0
  💰 Daily P&L: $+0.00

[2026-04-30 10:17] O:7195.75 H:7197.25 L:7193.75 C:7195.50 V:2479.0
  📈 Trend: moderate_bullish
  🗺️  Grid: 0.080% | 🔺 7196.75 🔻 7195.25
  📡 RSI: 57.5 | MACD: 2.94 | ATR: 3.11
  📊 Filled: 0 | Pending: 0
  💰 Daily P&L: $+0.00

[2026-04-30 10:18] O:7195.75 H:7196.25 L:7194.25 C:7194.50 V:1850.0
  📈 Trend: moderate_bullish
  🗺️  Grid: 0.080% | 🔺 7197.25 🔻 7193.75
  📡 RSI: 56.0 | MACD: 2.67 | ATR: 3.05
  📊 Filled: 0 | Pending: 0
  💰 Daily P&L: $+0.00

[2026-04-30 10:19] O:7194.75 H:7195.75 L:7193.25 C:7195.50 V:2228.0
  📈 Trend: moderate_bullish
  🗺️  Grid: 0.080% | 🔺 7196.25 🔻 7194.25
  📡 RSI: 67.6 | MACD: 2.51 | ATR: 3.02
  📊 Filled: 0 | Pending: 0
  💰 Daily P&L: $+0.00

[2026-04-30 10:20] O:7195.50 H:7196.00 L:7194.75 C:7195.25 V:2424.0
  📈 Trend: moderate_bullish (raw: moderate_bearish)
  🗺️  Grid: 0.080% | 🔺 7195.75 🔻 7193.25
  📡 RSI: 65.7 | MACD: 2.34 | ATR: 2.89
  📊 Filled: 0 | Pending: 0
  💰 Daily P&L: $+0.00

[2026-04-30 10:21] O:7195.50 H:7196.00 L:7192.25 C:7192.50 V:2281.0
  📈 Trend: moderate_bearish
  🗺️  Grid: 0.080% | 🔺 7196.00 🔻 7194.75
  📡 RSI: 43.3 | MACD: 1.95 | ATR: 2.71
  📊 Filled: 0 | Pending: 0
  💰 Daily P&L: $+0.00

[2026-04-30 10:22] O:7192.75 H:7193.75 L:7191.00 C:7193.00 V:2775.0
  📈 Trend: moderate_bearish (raw: moderate_bullish)
  🗺️  Grid: 0.080% | 🔺 7196.00 🔻 7192.25
  📡 RSI: 45.9 | MACD: 1.67 | ATR: 2.79
  📊 Filled: 0 | Pending: 0
  💰 Daily P&L: $+0.00

[2026-04-30 10:23] O:7193.00 H:7194.50 L:7192.50 C:7194.25 V:1750.0
  📈 Trend: moderate_bullish
  🗺️  Grid: 0.080% | 🔺 7193.75 🔻 7191.00
  📡 RSI: 38.9 | MACD: 1.53 | ATR: 2.66
  📊 Filled: 0 | Pending: 0
  📤 Limit BUY 10 @ 7194.25 submitted (ID: 207)
  ⬆️ LONG ORDER @ 7194.25 | Size: 1.00 | SL: 7185.50 | TP: 7207.25 [10cts]
     Reason: Grid Long (moderate_bullish, RSI: 38.9)
     ⏳ Order 207 PENDING - awaiting fill confirmation
  💰 Daily P&L: $+0.00
  📋 Order 207 status: Submitted

[2026-04-30 10:24] O:7194.25 H:7196.50 L:7193.75 C:7196.00 V:2022.0
  📈 Trend: moderate_bullish
  🗺️  Grid: 0.080% | 🔺 7194.50 🔻 7192.50
  📡 RSI: 44.1 | MACD: 1.54 | ATR: 2.64
  📊 Filled: 0 | Pending: 1
     ⏳ PENDING LONG @ 7194.25 (order 207, 59s)
  💰 Daily P&L: $+0.00

[2026-04-30 10:25] O:7196.25 H:7199.25 L:7195.00 C:7197.75 V:4541.0
  📈 Trend: moderate_bullish
  🗺️  Grid: 0.080% | 🔺 7196.50 🔻 7193.75
  📡 RSI: 50.8 | MACD: 1.67 | ATR: 2.80
  📊 Filled: 0 | Pending: 1
     ⏳ PENDING LONG @ 7194.25 (order 207, 119s)
  💰 Daily P&L: $+0.00
  ⏰ Order 207 timed out after 179s - cancelling
  📋 Order 207 status: PendingCancel

[2026-04-30 10:26] O:7198.00 H:7198.75 L:7196.75 C:7197.00 V:1997.0
  📈 Trend: moderate_bullish
  🗺️  Grid: 0.080% | 🔺 7199.25 🔻 7195.00
  📡 RSI: 58.9 | MACD: 1.70 | ATR: 2.61
  📊 Filled: 0 | Pending: 0
  💰 Daily P&L: $+0.00
  📋 Order 207 status: Cancelled

[2026-04-30 10:27] O:7197.00 H:7198.00 L:7195.50 C:7197.50 V:2106.0
  📈 Trend: moderate_bullish (raw: strong_bullish)
  🗺️  Grid: 0.080% | 🔺 7198.75 🔻 7196.75
  📡 RSI: 59.6 | MACD: 1.74 | ATR: 2.59
  📊 Filled: 0 | Pending: 0
  💰 Daily P&L: $+0.00

[2026-04-30 10:28] O:7197.50 H:7197.75 L:7196.50 C:7196.50 V:1831.0
  📈 Trend: moderate_bullish
  🗺️  Grid: 0.080% | 🔺 7198.00 🔻 7195.50
  📡 RSI: 50.0 | MACD: 1.67 | ATR: 2.45
  📊 Filled: 0 | Pending: 0
  💰 Daily P&L: $+0.00

[2026-04-30 10:29] O:7196.50 H:7199.50 L:7196.50 C:7197.75 V:3351.0
  📈 Trend: moderate_bullish
  🗺️  Grid: 0.080% | 🔺 7197.75 🔻 7196.50
  📡 RSI: 54.2 | MACD: 1.69 | ATR: 2.50
  📊 Filled: 0 | Pending: 0
  💰 Daily P&L: $+0.00

[2026-04-30 10:30] O:7197.50 H:7199.75 L:7197.25 C:7199.50 V:3790.0
  📈 Trend: moderate_bullish (raw: strong_bullish)
  🗺️  Grid: 0.080% | 🔺 7199.50 🔻 7196.50
  📡 RSI: 61.9 | MACD: 1.84 | ATR: 2.57
  📊 Filled: 0 | Pending: 0
  💰 Daily P&L: $+0.00

[2026-04-30 10:31] O:7199.50 H:7202.75 L:7198.75 C:7201.00 V:4761.0
  📈 Trend: strong_bullish
  🗺️  Grid: 0.080% | 🔺 7199.75 🔻 7197.25
  📡 RSI: 66.2 | MACD: 2.05 | ATR: 2.61
  📊 Filled: 0 | Pending: 0
  💰 Daily P&L: $+0.00

[2026-04-30 10:32] O:7201.25 H:7203.00 L:7199.00 C:7200.00 V:3312.0
  📈 Trend: strong_bullish
  🗺️  Grid: 0.080% | 🔺 7202.75 🔻 7198.75
  📡 RSI: 66.2 | MACD: 2.11 | ATR: 2.75
  📊 Filled: 0 | Pending: 0
  💰 Daily P&L: $+0.00

[2026-04-30 10:33] O:7200.00 H:7200.50 L:7197.50 C:7198.25 V:3033.0
  📈 Trend: strong_bullish
  🗺️  Grid: 0.080% | 🔺 7203.00 🔻 7199.00
  📡 RSI: 57.7 | MACD: 1.99 | ATR: 2.79
  📊 Filled: 0 | Pending: 0
  💰 Daily P&L: $+0.00

[2026-04-30 10:34] O:7198.50 H:7199.50 L:7197.25 C:7197.75 V:2561.0
  📈 Trend: strong_bullish
  🗺️  Grid: 0.080% | 🔺 7200.50 🔻 7197.50
  📡 RSI: 56.9 | MACD: 1.84 | ATR: 2.86
  📊 Filled: 0 | Pending: 0
  💰 Daily P&L: $+0.00

[2026-04-30 10:35] O:7197.50 H:7197.75 L:7195.00 C:7195.50 V:3652.0
  📈 Trend: strong_bullish (raw: moderate_bullish)
  🗺️  Grid: 0.080% | 🔺 7199.50 🔻 7197.25
  📡 RSI: 58.6 | MACD: 1.52 | ATR: 2.79
  📊 Filled: 0 | Pending: 0
  💰 Daily P&L: $+0.00

[2026-04-30 10:36] O:7195.50 H:7196.75 L:7193.00 C:7196.75 V:3048.0
  📈 Trend: strong_bullish
  🗺️  Grid: 0.080% | 🔺 7197.75 🔻 7195.00
  📡 RSI: 60.3 | MACD: 1.35 | ATR: 2.86
  📊 Filled: 0 | Pending: 0
  💰 Daily P&L: $+0.00

[2026-04-30 10:37] O:7196.75 H:7196.75 L:7192.75 C:7193.50 V:2511.0
  📈 Trend: strong_bullish (raw: moderate_bullish)
  🗺️  Grid: 0.080% | 🔺 7196.75 🔻 7193.00
  📡 RSI: 48.1 | MACD: 0.94 | ATR: 3.00
  📊 Filled: 0 | Pending: 0
  💰 Daily P&L: $+0.00

[2026-04-30 10:38] O:7193.50 H:7194.75 L:7192.00 C:7194.00 V:2664.0
  📈 Trend: moderate_bullish
  🗺️  Grid: 0.080% | 🔺 7196.75 🔻 7192.75
  📡 RSI: 44.7 | MACD: 0.65 | ATR: 3.00
  📊 Filled: 0 | Pending: 0
  💰 Daily P&L: $+0.00

[2026-04-30 10:39] O:7194.25 H:7194.75 L:7192.75 C:7193.25 V:2108.0
  📈 Trend: moderate_bullish
  🗺️  Grid: 0.080% | 🔺 7194.75 🔻 7192.00
  📡 RSI: 37.5 | MACD: 0.36 | ATR: 2.84
  📊 Filled: 0 | Pending: 0
  💰 Daily P&L: $+0.00

[2026-04-30 10:40] O:7193.25 H:7193.50 L:7190.75 C:7191.50 V:2765.0
  📈 Trend: moderate_bullish
  🗺️  Grid: 0.080% | 🔺 7194.75 🔻 7192.75
  📡 RSI: 35.5 | MACD: -0.02 | ATR: 2.89
  📊 Filled: 0 | Pending: 0
  💰 Daily P&L: $+0.00

[2026-04-30 10:41] O:7191.75 H:7194.25 L:7191.50 C:7193.50 V:1931.0
  📈 Trend: moderate_bullish (raw: strong_bullish)
  🗺️  Grid: 0.080% | 🔺 7193.50 🔻 7190.75
  📡 RSI: 40.2 | MACD: -0.15 | ATR: 2.91
  📊 Filled: 0 | Pending: 0
  💰 Daily P&L: $+0.00

[2026-04-30 10:42] O:7193.50 H:7193.50 L:7190.75 C:7191.50 V:2175.0
  📈 Trend: moderate_bullish
  🗺️  Grid: 0.080% | 🔺 7194.25 🔻 7191.50
  📡 RSI: 38.4 | MACD: -0.41 | ATR: 3.02
  📊 Filled: 0 | Pending: 0
  💰 Daily P&L: $+0.00

[2026-04-30 10:43] O:7191.25 H:7193.50 L:7191.25 C:7192.75 V:1385.0
  📈 Trend: moderate_bullish
  🗺️  Grid: 0.080% | 🔺 7193.50 🔻 7190.75
  📡 RSI: 38.4 | MACD: -0.51 | ATR: 2.96
  📊 Filled: 0 | Pending: 0
  💰 Daily P&L: $+0.00

[2026-04-30 10:44] O:7192.50 H:7193.25 L:7191.50 C:7192.50 V:1438.0
  📈 Trend: moderate_bullish
  🗺️  Grid: 0.080% | 🔺 7193.50 🔻 7191.25
  📡 RSI: 32.5 | MACD: -0.61 | ATR: 2.91
  📊 Filled: 0 | Pending: 0
  💰 Daily P&L: $+0.00

[2026-04-30 10:45] O:7192.25 H:7192.75 L:7189.00 C:7189.75 V:2307.0
  📈 Trend: moderate_bullish
  🗺️  Grid: 0.080% | 🔺 7193.25 🔻 7191.50
  📡 RSI: 23.5 | MACD: -0.89 | ATR: 2.89
  📊 Filled: 0 | Pending: 0
  💰 Daily P&L: $+0.00

[2026-04-30 10:46] O:7189.75 H:7191.00 L:7188.25 C:7190.00 V:3013.0
  📈 Trend: moderate_bullish
  🗺️  Grid: 0.080% | 🔺 7192.75 🔻 7189.00
  📡 RSI: 25.6 | MACD: -1.09 | ATR: 2.80
  📊 Filled: 0 | Pending: 0
  💰 Daily P&L: $+0.00

[2026-04-30 10:47] O:7189.75 H:7190.25 L:7187.75 C:7188.75 V:2107.0
  📈 Trend: moderate_bullish (raw: strong_bearish)
  🗺️  Grid: 0.080% | 🔺 7191.00 🔻 7188.25
  📡 RSI: 26.2 | MACD: -1.32 | ATR: 2.77
  📊 Filled: 0 | Pending: 0
  💰 Daily P&L: $+0.00

[2026-04-30 10:48] O:7188.50 H:7193.25 L:7188.00 C:7192.50 V:2120.0
  📈 Trend: strong_bearish
  🗺️  Grid: 0.080% | 🔺 7190.25 🔻 7187.75
  📡 RSI: 38.7 | MACD: -1.20 | ATR: 2.98
  📊 Filled: 0 | Pending: 0
  💰 Daily P&L: $+0.00

[2026-04-30 10:49] O:7192.50 H:7194.00 L:7192.25 C:7194.00 V:1854.0
  📈 Trend: strong_bearish
  🗺️  Grid: 0.080% | 🔺 7193.25 🔻 7188.00
  📡 RSI: 46.7 | MACD: -0.96 | ATR: 2.91
  📊 Filled: 0 | Pending: 0
  💰 Daily P&L: $+0.00

[2026-04-30 10:50] O:7194.00 H:7197.25 L:7193.25 C:7196.75 V:2397.0
  📈 Trend: strong_bearish (raw: moderate_bearish)
  🗺️  Grid: 0.080% | 🔺 7194.00 🔻 7192.25
  📡 RSI: 50.0 | MACD: -0.55 | ATR: 2.93
  📊 Filled: 0 | Pending: 0
  💰 Daily P&L: $+0.00

[2026-04-30 10:51] O:7196.50 H:7199.50 L:7195.75 C:7198.25 V:2998.0
  📈 Trend: moderate_bearish
  🗺️  Grid: 0.080% | 🔺 7197.25 🔻 7193.25
  📡 RSI: 60.7 | MACD: -0.10 | ATR: 2.91
  📊 Filled: 0 | Pending: 0
  💰 Daily P&L: $+0.00

[2026-04-30 10:52] O:7198.25 H:7199.00 L:7196.50 C:7198.50 V:1546.0
  📈 Trend: moderate_bearish (raw: strong_bullish)
  🗺️  Grid: 0.080% | 🔺 7199.50 🔻 7195.75
  📡 RSI: 60.2 | MACD: 0.27 | ATR: 2.89
  📊 Filled: 0 | Pending: 0
  💰 Daily P&L: $+0.00

[2026-04-30 10:53] O:7198.50 H:7199.50 L:7196.75 C:7199.00 V:1639.0
  📈 Trend: strong_bullish
  🗺️  Grid: 0.080% | 🔺 7199.00 🔻 7196.50
  📡 RSI: 63.2 | MACD: 0.60 | ATR: 2.95
  📊 Filled: 0 | Pending: 0
  💰 Daily P&L: $+0.00

[2026-04-30 10:54] O:7198.75 H:7201.00 L:7198.75 C:7200.75 V:1950.0
  📈 Trend: strong_bullish
  🗺️  Grid: 0.080% | 🔺 7199.50 🔻 7196.75
  📡 RSI: 71.3 | MACD: 0.99 | ATR: 2.91
  📊 Filled: 0 | Pending: 0
  💰 Daily P&L: $+0.00

[2026-04-30 10:55] O:7200.75 H:7203.75 L:7200.50 C:7203.00 V:3580.0
  📈 Trend: strong_bullish
  🗺️  Grid: 0.080% | 🔺 7201.00 🔻 7198.75
  📡 RSI: 71.6 | MACD: 1.46 | ATR: 2.95
  📊 Filled: 0 | Pending: 0
  💰 Daily P&L: $+0.00

[2026-04-30 10:56] O:7203.25 H:7204.25 L:7201.50 C:7202.25 V:2567.0
  📈 Trend: strong_bullish
  🗺️  Grid: 0.080% | 🔺 7203.75 🔻 7200.50
  📡 RSI: 75.9 | MACD: 1.76 | ATR: 2.95
  📊 Filled: 0 | Pending: 0
  💰 Daily P&L: $+0.00

[2026-04-30 10:57] O:7202.25 H:7202.75 L:7200.50 C:7201.00 V:2031.0
  📈 Trend: strong_bullish
  🗺️  Grid: 0.080% | 🔺 7204.25 🔻 7201.50
  📡 RSI: 69.9 | MACD: 1.87 | ATR: 2.95
  📊 Filled: 0 | Pending: 0
  💰 Daily P&L: $+0.00

[2026-04-30 10:58] O:7200.75 H:7202.00 L:7200.25 C:7201.00 V:1916.0
  📈 Trend: strong_bullish
  🗺️  Grid: 0.080% | 🔺 7202.75 🔻 7200.50
  📡 RSI: 70.7 | MACD: 1.94 | ATR: 2.95
  📊 Filled: 0 | Pending: 0
  💰 Daily P&L: $+0.00

[2026-04-30 10:59] O:7200.75 H:7201.25 L:7199.25 C:7199.25 V:2329.0
  📈 Trend: strong_bullish
  🗺️  Grid: 0.080% | 🔺 7202.00 🔻 7200.25
  📡 RSI: 74.4 | MACD: 1.83 | ATR: 2.82
  📊 Filled: 0 | Pending: 0
  💰 Daily P&L: $+0.00

[2026-04-30 11:00] O:7199.50 H:7200.25 L:7197.50 C:7199.00 V:2252.0
  📈 Trend: strong_bullish
  🗺️  Grid: 0.080% | 🔺 7201.25 🔻 7199.25
  📡 RSI: 73.1 | MACD: 1.70 | ATR: 2.82
  📊 Filled: 0 | Pending: 0
  💰 Daily P&L: $+0.00

[2026-04-30 11:01] O:7199.00 H:7200.00 L:7196.50 C:7196.75 V:3082.0
  📈 Trend: strong_bullish
  🗺️  Grid: 0.080% | 🔺 7200.25 🔻 7197.50
  📡 RSI: 69.5 | MACD: 1.40 | ATR: 2.89
  📊 Filled: 0 | Pending: 0
  💰 Daily P&L: $+0.00

[2026-04-30 11:02] O:7196.75 H:7197.00 L:7194.25 C:7195.25 V:2332.0
  📈 Trend: strong_bullish
  🗺️  Grid: 0.080% | 🔺 7200.00 🔻 7196.50
  📡 RSI: 57.5 | MACD: 1.03 | ATR: 2.71
  📊 Filled: 0 | Pending: 0
  💰 Daily P&L: $+0.00

[2026-04-30 11:03] O:7195.25 H:7197.50 L:7194.75 C:7197.50 V:1590.0
  📈 Trend: strong_bullish
  🗺️  Grid: 0.080% | 🔺 7197.00 🔻 7194.25
  📡 RSI: 59.2 | MACD: 0.91 | ATR: 2.79
  📊 Filled: 0 | Pending: 0
  💰 Daily P&L: $+0.00

[2026-04-30 11:04] O:7197.50 H:7200.00 L:7197.50 C:7198.75 V:1853.0
  📈 Trend: strong_bullish
  🗺️  Grid: 0.080% | 🔺 7197.50 🔻 7194.75
  📡 RSI: 55.7 | MACD: 0.90 | ATR: 2.68
  📊 Filled: 0 | Pending: 0
  💰 Daily P&L: $+0.00

[2026-04-30 11:05] O:7199.00 H:7200.75 L:7198.75 C:7200.75 V:1592.0
  📈 Trend: strong_bullish
  🗺️  Grid: 0.080% | 🔺 7200.00 🔻 7197.50
  📡 RSI: 56.9 | MACD: 1.05 | ATR: 2.55
  📊 Filled: 0 | Pending: 0
  💰 Daily P&L: $+0.00

[2026-04-30 11:06] O:7200.75 H:7202.25 L:7198.75 C:7201.75 V:2081.0
  📈 Trend: strong_bullish
  🗺️  Grid: 0.080% | 🔺 7200.75 🔻 7198.75
  📡 RSI: 58.7 | MACD: 1.23 | ATR: 2.62
  📊 Filled: 0 | Pending: 0
  💰 Daily P&L: $+0.00

[2026-04-30 11:07] O:7201.50 H:7201.50 L:7200.25 C:7201.50 V:1097.0
  📈 Trend: strong_bullish
  🗺️  Grid: 0.080% | 🔺 7202.25 🔻 7198.75
  📡 RSI: 56.8 | MACD: 1.34 | ATR: 2.54
  📊 Filled: 0 | Pending: 0
  💰 Daily P&L: $+0.00

[2026-04-30 11:08] O:7201.75 H:7203.00 L:7201.25 C:7202.00 V:1463.0
  📈 Trend: strong_bullish
  🗺️  Grid: 0.080% | 🔺 7201.50 🔻 7200.25
  📡 RSI: 53.6 | MACD: 1.45 | ATR: 2.50
  📊 Filled: 0 | Pending: 0
  💰 Daily P&L: $+0.00

[2026-04-30 11:09] O:7202.00 H:7202.00 L:7200.25 C:7200.75 V:1296.0
  📈 Trend: strong_bullish
  🗺️  Grid: 0.080% | 🔺 7203.00 🔻 7201.25
  📡 RSI: 43.1 | MACD: 1.42 | ATR: 2.39
  📊 Filled: 0 | Pending: 0
  💰 Daily P&L: $+0.00

[2026-04-30 11:10] O:7200.50 H:7201.75 L:7199.75 C:7201.00 V:1864.0
  📈 Trend: strong_bullish
  🗺️  Grid: 0.080% | 🔺 7202.00 🔻 7200.25
  📡 RSI: 46.0 | MACD: 1.40 | ATR: 2.34
  📊 Filled: 0 | Pending: 0
  💰 Daily P&L: $+0.00

[2026-04-30 11:11] O:7200.75 H:7202.50 L:7200.75 C:7202.25 V:1660.0
  📈 Trend: strong_bullish
  🗺️  Grid: 0.080% | 🔺 7201.75 🔻 7199.75
  📡 RSI: 54.0 | MACD: 1.46 | ATR: 2.30
  📊 Filled: 0 | Pending: 0
  💰 Daily P&L: $+0.00

[2026-04-30 11:12] O:7202.50 H:7204.50 L:7202.50 C:7203.75 V:2123.0
  📈 Trend: strong_bullish
  🗺️  Grid: 0.080% | 🔺 7202.50 🔻 7200.75
  📡 RSI: 58.0 | MACD: 1.62 | ATR: 2.34
  📊 Filled: 0 | Pending: 0
  💰 Daily P&L: $+0.00

[2026-04-30 11:13] O:7204.00 H:7207.50 L:7203.75 C:7206.00 V:3506.0
  📈 Trend: strong_bullish
  🗺️  Grid: 0.080% | 🔺 7204.50 🔻 7202.50
  📡 RSI: 69.0 | MACD: 1.90 | ATR: 2.46
  📊 Filled: 0 | Pending: 0
  💰 Daily P&L: $+0.00

[2026-04-30 11:14] O:7206.25 H:7207.00 L:7205.50 C:7206.75 V:2108.0
  📈 Trend: strong_bullish
  🗺️  Grid: 0.080% | 🔺 7207.50 🔻 7203.75
  📡 RSI: 71.2 | MACD: 2.16 | ATR: 2.38
  📊 Filled: 0 | Pending: 0
  💰 Daily P&L: $+0.00

[2026-04-30 11:15] O:7206.50 H:7207.25 L:7204.25 C:7204.50 V:1973.0
  📈 Trend: strong_bullish
  🗺️  Grid: 0.080% | 🔺 7207.00 🔻 7205.50
  📡 RSI: 71.2 | MACD: 2.16 | ATR: 2.34
  📊 Filled: 0 | Pending: 0
  💰 Daily P&L: $+0.00

[2026-04-30 11:16] O:7204.50 H:7204.50 L:7202.50 C:7203.50 V:2297.0
  📈 Trend: strong_bullish
  🗺️  Grid: 0.080% | 🔺 7207.25 🔻 7204.25
  📡 RSI: 73.2 | MACD: 2.06 | ATR: 2.29
  📊 Filled: 0 | Pending: 0
  💰 Daily P&L: $+0.00

[2026-04-30 11:17] O:7203.50 H:7204.75 L:7203.00 C:7204.75 V:1173.0
  📈 Trend: strong_bullish
  🗺️  Grid: 0.080% | 🔺 7204.50 🔻 7202.50
  📡 RSI: 71.6 | MACD: 2.05 | ATR: 2.21
  📊 Filled: 0 | Pending: 0
  💰 Daily P&L: $+0.00

[2026-04-30 11:18] O:7204.75 H:7205.75 L:7204.25 C:7205.25 V:1392.0
  📈 Trend: strong_bullish
  🗺️  Grid: 0.080% | 🔺 7204.75 🔻 7203.00
  📡 RSI: 70.3 | MACD: 2.07 | ATR: 2.14
  📊 Filled: 0 | Pending: 0
  💰 Daily P&L: $+0.00

[2026-04-30 11:19] O:7205.00 H:7205.75 L:7204.00 C:7205.25 V:1318.0
  📈 Trend: strong_bullish
  🗺️  Grid: 0.080% | 🔺 7205.75 🔻 7204.25
  📡 RSI: 66.1 | MACD: 2.05 | ATR: 2.12
  📊 Filled: 0 | Pending: 0
  💰 Daily P&L: $+0.00

[2026-04-30 11:20] O:7205.25 H:7206.25 L:7204.25 C:7204.75 V:1556.0
  📈 Trend: strong_bullish
  🗺️  Grid: 0.080% | 🔺 7205.75 🔻 7204.00
  📡 RSI: 61.1 | MACD: 1.98 | ATR: 2.02
  📊 Filled: 0 | Pending: 0
  💰 Daily P&L: $+0.00

[2026-04-30 11:21] O:7204.75 H:7205.25 L:7203.50 C:7204.00 V:1203.0
  📈 Trend: strong_bullish
  🗺️  Grid: 0.080% | 🔺 7206.25 🔻 7204.25
  📡 RSI: 58.9 | MACD: 1.84 | ATR: 2.04
  📊 Filled: 0 | Pending: 0
  💰 Daily P&L: $+0.00

[2026-04-30 11:22] O:7203.75 H:7205.75 L:7203.50 C:7205.50 V:1675.0
  📈 Trend: strong_bullish
  🗺️  Grid: 0.080% | 🔺 7205.25 🔻 7203.50
  📡 RSI: 61.7 | MACD: 1.82 | ATR: 2.07
  📊 Filled: 0 | Pending: 0
  💰 Daily P&L: $+0.00

[2026-04-30 11:23] O:7205.25 H:7205.25 L:7202.75 C:7203.00 V:1967.0
  📈 Trend: strong_bullish
  🗺️  Grid: 0.080% | 🔺 7205.75 🔻 7203.50
  📡 RSI: 56.9 | MACD: 1.60 | ATR: 2.14
  📊 Filled: 0 | Pending: 0
  💰 Daily P&L: $+0.00

[2026-04-30 11:24] O:7203.00 H:7204.00 L:7202.50 C:7203.00 V:1253.0
  📈 Trend: strong_bullish
  🗺️  Grid: 0.080% | 🔺 7205.25 🔻 7202.75
  📡 RSI: 56.2 | MACD: 1.40 | ATR: 2.11
  📊 Filled: 0 | Pending: 0
  💰 Daily P&L: $+0.00

[2026-04-30 11:25] O:7202.75 H:7203.00 L:7201.00 C:7203.00 V:2210.0
  📈 Trend: strong_bullish
  🗺️  Grid: 0.080% | 🔺 7204.00 🔻 7202.50
  📡 RSI: 52.5 | MACD: 1.23 | ATR: 2.12
  📊 Filled: 0 | Pending: 0
  💰 Daily P&L: $+0.00

[2026-04-30 11:26] O:7202.75 H:7204.75 L:7202.75 C:7203.50 V:1280.0
  📈 Trend: strong_bullish
  🗺️  Grid: 0.080% | 🔺 7203.00 🔻 7201.00
  📡 RSI: 49.1 | MACD: 1.12 | ATR: 2.11
  📊 Filled: 0 | Pending: 0
  💰 Daily P&L: $+0.00

[2026-04-30 11:27] O:7203.50 H:7204.25 L:7202.75 C:7203.50 V:1188.0
  📈 Trend: strong_bullish
  🗺️  Grid: 0.080% | 🔺 7204.75 🔻 7202.75
  📡 RSI: 39.1 | MACD: 1.02 | ATR: 1.95
  📊 Filled: 0 | Pending: 0
  💰 Daily P&L: $+0.00

[2026-04-30 11:28] O:7203.25 H:7204.75 L:7203.00 C:7204.50 V:1386.0
  📈 Trend: strong_bullish
  🗺️  Grid: 0.080% | 🔺 7204.25 🔻 7202.75
  📡 RSI: 40.4 | MACD: 1.01 | ATR: 1.96
  📊 Filled: 0 | Pending: 0
  📤 Limit BUY 10 @ 7204.50 submitted (ID: 208)
  📋 Order 208 status: PreSubmitted
  ⬆️ LONG ORDER @ 7204.50 | Size: 1.00 | SL: 7195.75 | TP: 7217.50 [10cts]
     Reason: Grid Long (strong_bullish, RSI: 40.4)
     ⏳ Order 208 PENDING - awaiting fill confirmation
  💰 Daily P&L: $+0.00
  ✅ Fill: BOT 10.0 @ 7204.25
  📋 Order 208 status: Filled
  📤 Stop SELL 10 @ 7196.25 submitted (ID: 209)
  📋 Order 209 status: PreSubmitted
  📤 Limit SELL 10 @ 7216.25 submitted (ID: 210)
  📋 Order 210 status: Submitted
  ✅ FILL CONFIRMED: LONG @ 7204.25 (order 208)
     📊 Bracket placed: SL #209 @ 7196.25 | TP #210 @ 7216.25
     Trail activates @ +6.0 pts

[2026-04-30 11:29] O:7204.25 H:7206.00 L:7203.75 C:7205.50 V:1502.0
  📈 Trend: strong_bullish
  🗺️  Grid: 0.080% | 🔺 7204.75 🔻 7203.00
  📡 RSI: 54.8 | MACD: 1.08 | ATR: 1.91
  📊 Filled: 1 | Pending: 0
  📍 LONG @ 7204.25 | SL: 7196.25 | TP: 7216.25 | P&L: $+625.00 | +6.0 to trail
  💰 Daily P&L: $+0.00

[2026-04-30 11:30] O:7205.50 H:7207.00 L:7205.25 C:7205.75 V:2509.0
  📈 Trend: strong_bullish
  🗺️  Grid: 0.080% | 🔺 7206.00 🔻 7203.75
  📡 RSI: 61.5 | MACD: 1.13 | ATR: 1.89
  📊 Filled: 1 | Pending: 0
  📍 LONG @ 7204.25 | SL: 7196.25 | TP: 7216.25 | P&L: $+750.00 | +4.2 to trail
  💰 Daily P&L: $+0.00

[2026-04-30 11:31] O:7205.50 H:7205.50 L:7203.75 C:7204.75 V:1368.0
  📈 Trend: strong_bullish
  🗺️  Grid: 0.080% | 🔺 7207.00 🔻 7205.25
  📡 RSI: 50.0 | MACD: 1.08 | ATR: 1.91
  📊 Filled: 1 | Pending: 0
  📍 LONG @ 7204.25 | SL: 7196.25 | TP: 7216.25 | P&L: $+250.00 | +3.2 to trail
  💰 Daily P&L: $+0.00

[2026-04-30 11:32] O:7204.50 H:7206.50 L:7204.25 C:7206.00 V:975.0
  📈 Trend: strong_bullish (raw: moderate_bullish)
  🗺️  Grid: 0.080% | 🔺 7205.50 🔻 7203.75
  📡 RSI: 53.7 | MACD: 1.13 | ATR: 1.96
  📊 Filled: 1 | Pending: 0
  📍 LONG @ 7204.25 | SL: 7196.25 | TP: 7216.25 | P&L: $+875.00 | +3.2 to trail
  💰 Daily P&L: $+0.00

[2026-04-30 11:33] O:7205.75 H:7206.00 L:7205.00 C:7205.50 V:755.0
  📈 Trend: moderate_bullish
  🗺️  Grid: 0.080% | 🔺 7206.50 🔻 7204.25
  📡 RSI: 51.2 | MACD: 1.12 | ATR: 1.91
  📊 Filled: 1 | Pending: 0
  📍 LONG @ 7204.25 | SL: 7196.25 | TP: 7216.25 | P&L: $+625.00 | +3.2 to trail
  💰 Daily P&L: $+0.00

[2026-04-30 11:34] O:7205.50 H:7205.50 L:7203.75 C:7204.25 V:923.0
  📈 Trend: moderate_bullish
  🗺️  Grid: 0.080% | 🔺 7206.00 🔻 7205.00
  📡 RSI: 47.8 | MACD: 0.99 | ATR: 1.89
  📊 Filled: 1 | Pending: 0
  📍 LONG @ 7204.25 | SL: 7196.25 | TP: 7216.25 | P&L: $+0.00 | +3.2 to trail
  💰 Daily P&L: $+0.00

[2026-04-30 11:35] O:7204.00 H:7204.50 L:7203.00 C:7204.50 V:1458.0
  📈 Trend: moderate_bullish (raw: strong_bullish)
  🗺️  Grid: 0.080% | 🔺 7205.50 🔻 7203.75
  📡 RSI: 52.3 | MACD: 0.91 | ATR: 1.88
  📊 Filled: 1 | Pending: 0
  📍 LONG @ 7204.25 | SL: 7196.25 | TP: 7216.25 | P&L: $+125.00 | +3.2 to trail
  💰 Daily P&L: $+0.00

[2026-04-30 11:36] O:7204.50 H:7204.75 L:7203.00 C:7204.25 V:925.0
  📈 Trend: moderate_bullish
  🗺️  Grid: 0.080% | 🔺 7204.50 🔻 7203.00
  📡 RSI: 43.6 | MACD: 0.81 | ATR: 1.84
  📊 Filled: 1 | Pending: 0
  📍 LONG @ 7204.25 | SL: 7196.25 | TP: 7216.25 | P&L: $+0.00 | +3.2 to trail
  💰 Daily P&L: $+0.00

[2026-04-30 11:37] O:7204.25 H:7204.75 L:7202.50 C:7203.25 V:1163.0
  📈 Trend: moderate_bullish
  🗺️  Grid: 0.080% | 🔺 7204.75 🔻 7203.00
  📡 RSI: 51.5 | MACD: 0.64 | ATR: 1.80
  📊 Filled: 1 | Pending: 0
  📍 LONG @ 7204.25 | SL: 7196.25 | TP: 7216.25 | P&L: $-500.00 | +3.2 to trail
  💰 Daily P&L: $+0.00

[2026-04-30 11:38] O:7203.25 H:7204.25 L:7203.00 C:7204.00 V:1226.0
  📈 Trend: moderate_bullish
  🗺️  Grid: 0.080% | 🔺 7204.75 🔻 7202.50
  📡 RSI: 55.6 | MACD: 0.56 | ATR: 1.79
  📊 Filled: 1 | Pending: 0
  📍 LONG @ 7204.25 | SL: 7196.25 | TP: 7216.25 | P&L: $-125.00 | +3.2 to trail
  💰 Daily P&L: $+0.00

[2026-04-30 11:39] O:7204.00 H:7205.50 L:7203.00 C:7205.25 V:1320.0
  📈 Trend: moderate_bullish (raw: strong_bullish)
  🗺️  Grid: 0.080% | 🔺 7204.25 🔻 7203.00
  📡 RSI: 61.0 | MACD: 0.59 | ATR: 1.82
  📊 Filled: 1 | Pending: 0
  📍 LONG @ 7204.25 | SL: 7196.25 | TP: 7216.25 | P&L: $+500.00 | +3.2 to trail
  💰 Daily P&L: $+0.00

[2026-04-30 11:40] O:7205.25 H:7206.00 L:7204.00 C:7204.00 V:1285.0
  📈 Trend: moderate_bullish
  🗺️  Grid: 0.080% | 🔺 7205.50 🔻 7203.00
  📡 RSI: 52.3 | MACD: 0.51 | ATR: 1.82
  📊 Filled: 1 | Pending: 0
  📍 LONG @ 7204.25 | SL: 7196.25 | TP: 7216.25 | P&L: $-125.00 | +3.2 to trail
  💰 Daily P&L: $+0.00

[2026-04-30 11:41] O:7204.00 H:7204.50 L:7202.50 C:7202.75 V:1185.0
  📈 Trend: moderate_bullish
  🗺️  Grid: 0.080% | 🔺 7206.00 🔻 7204.00
  📡 RSI: 46.9 | MACD: 0.34 | ATR: 1.86
  📊 Filled: 1 | Pending: 0
  📍 LONG @ 7204.25 | SL: 7196.25 | TP: 7216.25 | P&L: $-750.00 | +3.2 to trail
  💰 Daily P&L: $+0.00

[2026-04-30 11:42] O:7203.00 H:7203.75 L:7202.50 C:7203.50 V:934.0
  📈 Trend: moderate_bullish (raw: strong_bullish)
  🗺️  Grid: 0.080% | 🔺 7204.50 🔻 7202.50
  📡 RSI: 45.8 | MACD: 0.27 | ATR: 1.82
  📊 Filled: 1 | Pending: 0
  📍 LONG @ 7204.25 | SL: 7196.25 | TP: 7216.25 | P&L: $-375.00 | +3.2 to trail
  💰 Daily P&L: $+0.00

[2026-04-30 11:43] O:7203.50 H:7204.00 L:7202.75 C:7202.75 V:872.0
  📈 Trend: moderate_bullish
  🗺️  Grid: 0.080% | 🔺 7203.75 🔻 7202.50
  📡 RSI: 38.3 | MACD: 0.14 | ATR: 1.75
  📊 Filled: 1 | Pending: 0
  📍 LONG @ 7204.25 | SL: 7196.25 | TP: 7216.25 | P&L: $-750.00 | +3.2 to trail
  💰 Daily P&L: $+0.00

[2026-04-30 11:44] O:7202.75 H:7203.75 L:7199.50 C:7201.00 V:2783.0
  📈 Trend: moderate_bullish
  🗺️  Grid: 0.080% | 🔺 7204.00 🔻 7202.75
  📡 RSI: 32.1 | MACD: -0.09 | ATR: 1.93
  📊 Filled: 1 | Pending: 0
  📍 LONG @ 7204.25 | SL: 7196.25 | TP: 7216.25 | P&L: $-1,625.00 | +3.2 to trail
  💰 Daily P&L: $+0.00

[2026-04-30 11:45] O:7201.25 H:7201.25 L:7198.00 C:7199.25 V:1899.0
  📈 Trend: moderate_bullish
  🗺️  Grid: 0.080% | 🔺 7203.75 🔻 7199.50
  📡 RSI: 30.4 | MACD: -0.42 | ATR: 2.02
  📊 Filled: 1 | Pending: 0
  📍 LONG @ 7204.25 | SL: 7196.25 | TP: 7216.25 | P&L: $-2,500.00 | +3.2 to trail
  💰 Daily P&L: $+0.00

[2026-04-30 11:46] O:7199.00 H:7201.25 L:7198.00 C:7201.25 V:2373.0
  📈 Trend: moderate_bullish
  🗺️  Grid: 0.080% | 🔺 7201.25 🔻 7198.00
  📡 RSI: 33.9 | MACD: -0.51 | ATR: 2.09
  📊 Filled: 1 | Pending: 0
  📍 LONG @ 7204.25 | SL: 7196.25 | TP: 7216.25 | P&L: $-1,500.00 | +3.2 to trail
  💰 Daily P&L: $+0.00

[2026-04-30 11:47] O:7201.00 H:7202.50 L:7200.00 C:7200.75 V:2490.0
  📈 Trend: moderate_bullish
  🗺️  Grid: 0.080% | 🔺 7201.25 🔻 7198.00
  📡 RSI: 33.9 | MACD: -0.61 | ATR: 2.20
  📊 Filled: 1 | Pending: 0
  📍 LONG @ 7204.25 | SL: 7196.25 | TP: 7216.25 | P&L: $-1,750.00 | +3.2 to trail
  💰 Daily P&L: $+0.00

[2026-04-30 11:48] O:7200.75 H:7201.50 L:7199.25 C:7200.25 V:2449.0
  📈 Trend: moderate_bullish
  🗺️  Grid: 0.080% | 🔺 7202.50 🔻 7200.00
  📡 RSI: 35.7 | MACD: -0.73 | ATR: 2.23
  📊 Filled: 1 | Pending: 0
  📍 LONG @ 7204.25 | SL: 7196.25 | TP: 7216.25 | P&L: $-2,000.00 | +3.2 to trail
  💰 Daily P&L: $+0.00

[2026-04-30 11:49] O:7200.00 H:7202.50 L:7200.00 C:7201.75 V:1695.0
  📈 Trend: moderate_bullish
  🗺️  Grid: 0.080% | 🔺 7201.50 🔻 7199.25
  📡 RSI: 41.0 | MACD: -0.69 | ATR: 2.30
  📊 Filled: 1 | Pending: 0
  📍 LONG @ 7204.25 | SL: 7196.25 | TP: 7216.25 | P&L: $-1,250.00 | +3.2 to trail
  💰 Daily P&L: $+0.00

[2026-04-30 11:50] O:7201.50 H:7201.75 L:7200.00 C:7200.00 V:1536.0
  📈 Trend: moderate_bullish
  🗺️  Grid: 0.080% | 🔺 7202.50 🔻 7200.00
  📡 RSI: 37.3 | MACD: -0.79 | ATR: 2.30
  📊 Filled: 1 | Pending: 0
  📍 LONG @ 7204.25 | SL: 7196.25 | TP: 7216.25 | P&L: $-2,125.00 | +3.2 to trail
  💰 Daily P&L: $+0.00

[2026-04-30 11:51] O:7200.00 H:7200.25 L:7197.00 C:7197.75 V:1622.0
  📈 Trend: moderate_bullish (raw: strong_bearish)
  🗺️  Grid: 0.080% | 🔺 7201.75 🔻 7200.00
  📡 RSI: 34.7 | MACD: -1.04 | ATR: 2.38
  📊 Filled: 1 | Pending: 0
  📍 LONG @ 7204.25 | SL: 7196.25 | TP: 7216.25 | P&L: $-3,250.00 | +3.2 to trail
  💰 Daily P&L: $+0.00

[2026-04-30 11:52] O:7197.75 H:7198.25 L:7196.50 C:7197.25 V:1553.0
  📈 Trend: strong_bearish
  🗺️  Grid: 0.080% | 🔺 7200.25 🔻 7197.00
  📡 RSI: 31.0 | MACD: -1.27 | ATR: 2.41
  📊 Filled: 1 | Pending: 0
  📍 LONG @ 7204.25 | SL: 7196.25 | TP: 7216.25 | P&L: $-3,500.00 | +3.2 to trail
  💰 Daily P&L: $+0.00
  ✅ Fill: SLD 7.0 @ 7196.5
  📋 Order 209 status: PreSubmitted
  📋 Order 209 status: Submitted
  ✅ Fill: SLD 3.0 @ 7189.5
  📋 Order 209 status: Filled

[2026-04-30 11:53] O:7197.50 H:7198.00 L:7196.25 C:7197.00 V:1503.0
  📈 Trend: strong_bearish
  🗺️  Grid: 0.080% | 🔺 7198.25 🔻 7196.50
  📡 RSI: 25.4 | MACD: -1.45 | ATR: 2.36
  📊 Filled: 1 | Pending: 0
  📍 LONG @ 7204.25 | SL: 7196.25 | TP: 7216.25 | P&L: $-3,625.00 | +3.2 to trail
  📋 Order 210 status: PendingCancel
  📋 Order 210 status: Cancelled
  ❌ EXIT LONG @ 7194.40 | Stop Loss
     P&L: -9.85 pts ($-4,925.00) | Daily: $-4,925.00
  ⏸️ Cooldown: 2 bar(s) remaining after exit
  💰 Daily P&L: $-4,925.00

[2026-04-30 11:54] O:7197.00 H:7197.75 L:7195.25 C:7197.25 V:1641.0
  📈 Trend: strong_bearish
  🗺️  Grid: 0.080% | 🔺 7198.00 🔻 7196.25
  📡 RSI: 28.6 | MACD: -1.55 | ATR: 2.39
  📊 Filled: 0 | Pending: 0
  ⏸️ Cooldown: 1 bar(s) remaining after exit
  💰 Daily P&L: $-4,925.00

[2026-04-30 11:55] O:7197.25 H:7197.50 L:7194.50 C:7194.75 V:1990.0
  📈 Trend: strong_bearish
  🗺️  Grid: 0.080% | 🔺 7197.75 🔻 7195.25
  📡 RSI: 26.5 | MACD: -1.82 | ATR: 2.46
  📊 Filled: 0 | Pending: 0
  💰 Daily P&L: $-4,925.00

[2026-04-30 11:56] O:7194.50 H:7195.75 L:7194.00 C:7194.25 V:2261.0
  📈 Trend: strong_bearish
  🗺️  Grid: 0.080% | 🔺 7197.50 🔻 7194.50
  📡 RSI: 22.4 | MACD: -2.04 | ATR: 2.50
  📊 Filled: 0 | Pending: 0
  💰 Daily P&L: $-4,925.00

[2026-04-30 11:57] O:7194.25 H:7194.25 L:7192.50 C:7193.25 V:3161.0
  📈 Trend: strong_bearish
  🗺️  Grid: 0.080% | 🔺 7195.75 🔻 7194.00
  📡 RSI: 22.1 | MACD: -2.28 | ATR: 2.54
  📊 Filled: 0 | Pending: 0
  💰 Daily P&L: $-4,925.00

[2026-04-30 11:58] O:7193.25 H:7196.25 L:7193.00 C:7196.00 V:2018.0
  📈 Trend: strong_bearish
  🗺️  Grid: 0.080% | 🔺 7194.25 🔻 7192.50
  📡 RSI: 36.1 | MACD: -2.22 | ATR: 2.46
  📊 Filled: 0 | Pending: 0
  💰 Daily P&L: $-4,925.00

[2026-04-30 11:59] O:7196.25 H:7197.50 L:7196.25 C:7197.00 V:2143.0
  📈 Trend: strong_bearish
  🗺️  Grid: 0.080% | 🔺 7196.25 🔻 7193.00
  📡 RSI: 43.5 | MACD: -2.06 | ATR: 2.34
  📊 Filled: 0 | Pending: 0
  💰 Daily P&L: $-4,925.00

[2026-04-30 12:00] O:7197.25 H:7202.25 L:7196.75 C:7201.50 V:3092.0
  📈 Trend: strong_bearish (raw: moderate_bearish)
  🗺️  Grid: 0.080% | 🔺 7197.50 🔻 7196.25
  📡 RSI: 50.6 | MACD: -1.56 | ATR: 2.50
  📊 Filled: 0 | Pending: 0
  💰 Daily P&L: $-4,925.00

[2026-04-30 12:01] O:7201.75 H:7205.00 L:7201.00 C:7204.75 V:3588.0
  📈 Trend: strong_bearish (raw: moderate_bullish)
  🗺️  Grid: 0.080% | 🔺 7202.25 🔻 7196.75
  📡 RSI: 58.9 | MACD: -0.89 | ATR: 2.61
  📊 Filled: 0 | Pending: 0
  💰 Daily P&L: $-4,925.00

[2026-04-30 12:02] O:7204.75 H:7205.25 L:7201.25 C:7201.75 V:3042.0
  📈 Trend: strong_bearish (raw: moderate_bearish)
  🗺️  Grid: 0.080% | 🔺 7205.00 🔻 7201.00
  📡 RSI: 53.0 | MACD: -0.59 | ATR: 2.73
  📊 Filled: 0 | Pending: 0
  💰 Daily P&L: $-4,925.00

[2026-04-30 12:03] O:7201.75 H:7202.50 L:7200.75 C:7201.75 V:2469.0
  📈 Trend: strong_bearish (raw: moderate_bullish)
  🗺️  Grid: 0.080% | 🔺 7205.25 🔻 7201.25
  📡 RSI: 50.0 | MACD: -0.35 | ATR: 2.68
  📊 Filled: 0 | Pending: 0
  💰 Daily P&L: $-4,925.00

[2026-04-30 12:04] O:7201.50 H:7203.25 L:7201.25 C:7203.25 V:1410.0
  📈 Trend: moderate_bullish
  🗺️  Grid: 0.080% | 🔺 7202.50 🔻 7200.75
  📡 RSI: 57.0 | MACD: -0.04 | ATR: 2.70
  📊 Filled: 0 | Pending: 0
  💰 Daily P&L: $-4,925.00

[2026-04-30 12:05] O:7203.25 H:7204.00 L:7203.00 C:7203.50 V:1007.0
  📈 Trend: moderate_bullish (raw: strong_bullish)
  🗺️  Grid: 0.080% | 🔺 7203.25 🔻 7201.25
  📡 RSI: 63.5 | MACD: 0.22 | ATR: 2.54
  📊 Filled: 0 | Pending: 0
  💰 Daily P&L: $-4,925.00

[2026-04-30 12:06] O:7203.50 H:7204.25 L:7202.00 C:7203.50 V:1198.0
  📈 Trend: strong_bullish
  🗺️  Grid: 0.080% | 🔺 7204.00 🔻 7203.00
  📡 RSI: 65.1 | MACD: 0.43 | ATR: 2.57
  📊 Filled: 0 | Pending: 0
  💰 Daily P&L: $-4,925.00

[2026-04-30 12:07] O:7203.50 H:7204.75 L:7202.50 C:7204.50 V:1326.0
  📈 Trend: strong_bullish
  🗺️  Grid: 0.080% | 🔺 7204.25 🔻 7202.00
  📡 RSI: 67.4 | MACD: 0.66 | ATR: 2.61
  📊 Filled: 0 | Pending: 0
  💰 Daily P&L: $-4,925.00

[2026-04-30 12:08] O:7204.25 H:7205.50 L:7204.00 C:7205.25 V:1505.0
  📈 Trend: strong_bullish
  🗺️  Grid: 0.080% | 🔺 7204.75 🔻 7202.50
  📡 RSI: 68.2 | MACD: 0.90 | ATR: 2.54
  📊 Filled: 0 | Pending: 0
  💰 Daily P&L: $-4,925.00

[2026-04-30 12:09] O:7205.25 H:7206.25 L:7205.00 C:7205.75 V:989.0
  📈 Trend: strong_bullish
  🗺️  Grid: 0.080% | 🔺 7205.50 🔻 7204.00
  📡 RSI: 77.5 | MACD: 1.11 | ATR: 2.41
  📊 Filled: 0 | Pending: 0
  💰 Daily P&L: $-4,925.00

[2026-04-30 12:10] O:7205.75 H:7208.00 L:7205.00 C:7207.50 V:2094.0
  📈 Trend: strong_bullish
  🗺️  Grid: 0.080% | 🔺 7206.25 🔻 7205.00
  📡 RSI: 81.2 | MACD: 1.41 | ATR: 2.50
  📊 Filled: 0 | Pending: 0
  💰 Daily P&L: $-4,925.00

[2026-04-30 12:11] O:7207.50 H:7208.00 L:7206.50 C:7208.00 V:1369.0
  📈 Trend: strong_bullish
  🗺️  Grid: 0.080% | 🔺 7208.00 🔻 7205.00
  📡 RSI: 85.5 | MACD: 1.66 | ATR: 2.48
  📊 Filled: 0 | Pending: 0
  💰 Daily P&L: $-4,925.00

[2026-04-30 12:12] O:7208.00 H:7209.00 L:7206.50 C:7207.00 V:1818.0
  📈 Trend: strong_bullish
  🗺️  Grid: 0.080% | 🔺 7208.00 🔻 7206.50
  📡 RSI: 78.9 | MACD: 1.76 | ATR: 2.43
  📊 Filled: 0 | Pending: 0
  💰 Daily P&L: $-4,925.00

[2026-04-30 12:13] O:7207.25 H:7210.00 L:7207.00 C:7209.00 V:2155.0
  📈 Trend: strong_bullish
  🗺️  Grid: 0.080% | 🔺 7209.00 🔻 7206.50
  📡 RSI: 80.0 | MACD: 1.98 | ATR: 2.54
  📊 Filled: 0 | Pending: 0
  💰 Daily P&L: $-4,925.00

[2026-04-30 12:14] O:7209.00 H:7210.00 L:7208.50 C:7209.00 V:2232.0
  📈 Trend: strong_bullish
  🗺️  Grid: 0.080% | 🔺 7210.00 🔻 7207.00
  📡 RSI: 74.2 | MACD: 2.13 | ATR: 2.25
  📊 Filled: 0 | Pending: 0
  💰 Daily P&L: $-4,925.00

[2026-04-30 12:15] O:7209.00 H:7209.00 L:7207.00 C:7207.25 V:2120.0
  📈 Trend: strong_bullish
  🗺️  Grid: 0.080% | 🔺 7210.00 🔻 7208.50
  📡 RSI: 58.9 | MACD: 2.09 | ATR: 2.11
  📊 Filled: 0 | Pending: 0
  💰 Daily P&L: $-4,925.00

[2026-04-30 12:16] O:7207.25 H:7207.75 L:7206.75 C:7207.50 V:1316.0
  📈 Trend: strong_bullish
  🗺️  Grid: 0.080% | 🔺 7209.00 🔻 7207.00
  📡 RSI: 75.6 | MACD: 2.04 | ATR: 1.89
  📊 Filled: 0 | Pending: 0
  💰 Daily P&L: $-4,925.00

[2026-04-30 12:17] O:7207.50 H:7207.75 L:7206.00 C:7206.00 V:1298.0
  📈 Trend: strong_bullish
  🗺️  Grid: 0.080% | 🔺 7207.75 🔻 7206.75
  📡 RSI: 66.7 | MACD: 1.87 | ATR: 1.89
  📊 Filled: 0 | Pending: 0
  💰 Daily P&L: $-4,925.00

[2026-04-30 12:18] O:7206.00 H:7208.00 L:7205.50 C:7208.00 V:1388.0
  📈 Trend: strong_bullish
  🗺️  Grid: 0.080% | 🔺 7207.75 🔻 7206.00
  📡 RSI: 67.9 | MACD: 1.87 | ATR: 1.93
  📊 Filled: 0 | Pending: 0
  💰 Daily P&L: $-4,925.00

[2026-04-30 12:19] O:7208.00 H:7209.00 L:7207.50 C:7208.25 V:1097.0
  📈 Trend: strong_bullish
  🗺️  Grid: 0.080% | 🔺 7208.00 🔻 7205.50
  📡 RSI: 67.9 | MACD: 1.87 | ATR: 1.96
  📊 Filled: 0 | Pending: 0
  💰 Daily P&L: $-4,925.00

[2026-04-30 12:20] O:7208.25 H:7209.75 L:7208.00 C:7209.25 V:1329.0
  📈 Trend: strong_bullish
  🗺️  Grid: 0.080% | 🔺 7209.00 🔻 7207.50
  📡 RSI: 70.2 | MACD: 1.93 | ATR: 1.93
  📊 Filled: 0 | Pending: 0
  💰 Daily P&L: $-4,925.00

[2026-04-30 12:21] O:7209.50 H:7209.75 L:7208.75 C:7208.75 V:1189.0
  📈 Trend: strong_bullish
  🗺️  Grid: 0.080% | 🔺 7209.75 🔻 7208.00
  📡 RSI: 65.5 | MACD: 1.91 | ATR: 1.84
  📊 Filled: 0 | Pending: 0
  💰 Daily P&L: $-4,925.00

[2026-04-30 12:22] O:7208.75 H:7209.25 L:7207.75 C:7208.25 V:1017.0
  📈 Trend: strong_bullish
  🗺️  Grid: 0.080% | 🔺 7209.75 🔻 7208.75
  📡 RSI: 61.1 | MACD: 1.84 | ATR: 1.84
  📊 Filled: 0 | Pending: 0
  💰 Daily P&L: $-4,925.00

[2026-04-30 12:23] O:7208.25 H:7209.25 L:7206.00 C:7209.00 V:2205.0
  📈 Trend: strong_bullish
  🗺️  Grid: 0.080% | 🔺 7209.25 🔻 7207.75
  📡 RSI: 61.8 | MACD: 1.82 | ATR: 1.98
  📊 Filled: 0 | Pending: 0
  💰 Daily P&L: $-4,925.00

[2026-04-30 12:24] O:7208.75 H:7211.25 L:7207.75 C:7210.50 V:2236.0
  📈 Trend: strong_bullish
  🗺️  Grid: 0.080% | 🔺 7209.25 🔻 7206.00
  📡 RSI: 61.1 | MACD: 1.90 | ATR: 2.02
  📊 Filled: 0 | Pending: 0
  💰 Daily P&L: $-4,925.00

[2026-04-30 12:25] O:7210.75 H:7211.00 L:7209.25 C:7210.25 V:1626.0
  📈 Trend: strong_bullish
  🗺️  Grid: 0.080% | 🔺 7211.25 🔻 7207.75
  📡 RSI: 58.5 | MACD: 1.93 | ATR: 2.04
  📊 Filled: 0 | Pending: 0
  💰 Daily P&L: $-4,925.00

[2026-04-30 12:26] O:7210.25 H:7211.25 L:7208.25 C:7209.50 V:2045.0
  📈 Trend: strong_bullish
  🗺️  Grid: 0.080% | 🔺 7211.00 🔻 7209.25
  📡 RSI: 59.6 | MACD: 1.86 | ATR: 2.07
  📊 Filled: 0 | Pending: 0
  💰 Daily P&L: $-4,925.00

[2026-04-30 12:27] O:7209.25 H:7210.50 L:7209.00 C:7209.50 V:968.0
  📈 Trend: strong_bullish
  🗺️  Grid: 0.080% | 🔺 7211.25 🔻 7208.25
  📡 RSI: 52.3 | MACD: 1.79 | ATR: 1.96
  📊 Filled: 0 | Pending: 0
  💰 Daily P&L: $-4,925.00

[2026-04-30 12:28] O:7209.50 H:7210.00 L:7208.75 C:7209.75 V:834.0
  📈 Trend: strong_bullish
  🗺️  Grid: 0.080% | 🔺 7210.50 🔻 7209.00
  📡 RSI: 53.3 | MACD: 1.74 | ATR: 1.95
  📊 Filled: 0 | Pending: 0
  💰 Daily P&L: $-4,925.00

[2026-04-30 12:29] O:7209.50 H:7213.00 L:7209.00 C:7212.00 V:1938.0
  📈 Trend: strong_bullish
  🗺️  Grid: 0.080% | 🔺 7210.00 🔻 7208.75
  📡 RSI: 70.2 | MACD: 1.85 | ATR: 2.09
  📊 Filled: 0 | Pending: 0
  💰 Daily P&L: $-4,925.00

[2026-04-30 12:30] O:7212.00 H:7220.00 L:7212.00 C:7219.00 V:8841.0
  📈 Trend: strong_bullish
  🗺️  Grid: 0.080% | 🔺 7213.00 🔻 7209.00
  📡 RSI: 81.1 | MACD: 2.48 | ATR: 2.59
  📊 Filled: 0 | Pending: 0
  💰 Daily P&L: $-4,925.00

[2026-04-30 12:31] O:7218.75 H:7220.75 L:7215.00 C:7216.00 V:5331.0
  📈 Trend: strong_bullish
  🗺️  Grid: 0.080% | 🔺 7220.00 🔻 7212.00
  📡 RSI: 75.0 | MACD: 2.70 | ATR: 2.88
  📊 Filled: 0 | Pending: 0
  💰 Daily P&L: $-4,925.00

[2026-04-30 12:32] O:7215.75 H:7217.00 L:7214.75 C:7215.25 V:2408.0
  📈 Trend: strong_bullish
  🗺️  Grid: 0.080% | 🔺 7220.75 🔻 7215.00
  📡 RSI: 69.3 | MACD: 2.79 | ATR: 2.86
  📊 Filled: 0 | Pending: 0
  💰 Daily P&L: $-4,925.00

[2026-04-30 12:33] O:7215.25 H:7215.75 L:7214.50 C:7215.25 V:1842.0
  📈 Trend: strong_bullish
  🗺️  Grid: 0.080% | 🔺 7217.00 🔻 7214.75
  📡 RSI: 68.9 | MACD: 2.83 | ATR: 2.84
  📊 Filled: 0 | Pending: 0
  💰 Daily P&L: $-4,925.00

[2026-04-30 12:34] O:7215.00 H:7216.75 L:7214.50 C:7216.00 V:1929.0
  📈 Trend: strong_bullish
  🗺️  Grid: 0.080% | 🔺 7215.75 🔻 7214.50
  📡 RSI: 68.5 | MACD: 2.88 | ATR: 2.88
  📊 Filled: 0 | Pending: 0
  💰 Daily P&L: $-4,925.00

[2026-04-30 12:35] O:7216.25 H:7218.75 L:7216.25 C:7217.00 V:2177.0
  📈 Trend: strong_bullish
  🗺️  Grid: 0.080% | 🔺 7216.75 🔻 7214.50
  📡 RSI: 72.0 | MACD: 2.97 | ATR: 3.00
  📊 Filled: 0 | Pending: 0
  💰 Daily P&L: $-4,925.00

[2026-04-30 12:36] O:7217.00 H:7218.25 L:7216.25 C:7218.00 V:1439.0
  📈 Trend: strong_bullish
  🗺️  Grid: 0.080% | 🔺 7218.75 🔻 7216.25
  📡 RSI: 75.3 | MACD: 3.09 | ATR: 3.04
  📊 Filled: 0 | Pending: 0
  💰 Daily P&L: $-4,925.00

[2026-04-30 12:37] O:7218.00 H:7218.75 L:7217.25 C:7218.50 V:992.0
  📈 Trend: strong_bullish
  🗺️  Grid: 0.080% | 🔺 7218.25 🔻 7216.25
  📡 RSI: 75.0 | MACD: 3.18 | ATR: 2.91
  📊 Filled: 0 | Pending: 0
  💰 Daily P&L: $-4,925.00

[2026-04-30 12:38] O:7218.25 H:7218.75 L:7217.25 C:7217.50 V:1222.0
  📈 Trend: strong_bullish
  🗺️  Grid: 0.080% | 🔺 7218.75 🔻 7217.25
  📡 RSI: 68.9 | MACD: 3.14 | ATR: 2.77
  📊 Filled: 0 | Pending: 0
  💰 Daily P&L: $-4,925.00

[2026-04-30 12:39] O:7217.50 H:7219.00 L:7216.75 C:7218.75 V:1301.0
  📈 Trend: strong_bullish
  🗺️  Grid: 0.080% | 🔺 7218.75 🔻 7217.25
  📡 RSI: 71.8 | MACD: 3.17 | ATR: 2.80
  📊 Filled: 0 | Pending: 0
  💰 Daily P&L: $-4,925.00

[2026-04-30 12:40] O:7218.50 H:7218.75 L:7217.00 C:7217.25 V:1380.0
  📈 Trend: strong_bullish
  🗺️  Grid: 0.080% | 🔺 7219.00 🔻 7216.75
  📡 RSI: 69.1 | MACD: 3.04 | ATR: 2.71
  📊 Filled: 0 | Pending: 0
  💰 Daily P&L: $-4,925.00

[2026-04-30 12:41] O:7217.00 H:7218.75 L:7217.00 C:7218.50 V:1278.0
  📈 Trend: strong_bullish
  🗺️  Grid: 0.080% | 🔺 7218.75 🔻 7217.00
  📡 RSI: 70.9 | MACD: 3.01 | ATR: 2.73
  📊 Filled: 0 | Pending: 0
  💰 Daily P&L: $-4,925.00

[2026-04-30 12:42] O:7218.50 H:7218.75 L:7216.50 C:7217.25 V:1477.0
  📈 Trend: strong_bullish
  🗺️  Grid: 0.080% | 🔺 7218.75 🔻 7217.00
  📡 RSI: 66.7 | MACD: 2.84 | ATR: 2.80
  📊 Filled: 0 | Pending: 0
  💰 Daily P&L: $-4,925.00

[2026-04-30 12:43] O:7217.50 H:7218.50 L:7216.75 C:7218.50 V:1038.0
  📈 Trend: strong_bullish
  🗺️  Grid: 0.080% | 🔺 7218.75 🔻 7216.50
  📡 RSI: 65.1 | MACD: 2.78 | ATR: 2.64
  📊 Filled: 0 | Pending: 0
  💰 Daily P&L: $-4,925.00

[2026-04-30 12:44] O:7218.50 H:7219.00 L:7217.50 C:7218.25 V:1047.0
  📈 Trend: strong_bullish
  🗺️  Grid: 0.080% | 🔺 7218.50 🔻 7216.75
  📡 RSI: 47.5 | MACD: 2.68 | ATR: 2.18
  📊 Filled: 0 | Pending: 0
  💰 Daily P&L: $-4,925.00

[2026-04-30 12:45] O:7218.25 H:7221.25 L:7218.00 C:7221.00 V:2740.0
  📈 Trend: strong_bullish
  🗺️  Grid: 0.080% | 🔺 7219.00 🔻 7217.50
  📡 RSI: 67.2 | MACD: 2.79 | ATR: 2.00
  📊 Filled: 0 | Pending: 0
  💰 Daily P&L: $-4,925.00

[2026-04-30 12:46] O:7221.00 H:7222.50 L:7220.50 C:7222.25 V:2988.0
  📈 Trend: strong_bullish
  🗺️  Grid: 0.080% | 🔺 7221.25 🔻 7218.00
  📡 RSI: 73.3 | MACD: 2.95 | ATR: 1.98
  📊 Filled: 0 | Pending: 0
  💰 Daily P&L: $-4,925.00

[2026-04-30 12:47] O:7222.00 H:7222.50 L:7221.25 C:7221.25 V:1871.0
  📈 Trend: strong_bullish
  🗺️  Grid: 0.080% | 🔺 7222.50 🔻 7220.50
  📡 RSI: 68.8 | MACD: 2.96 | ATR: 1.98
  📊 Filled: 0 | Pending: 0
  💰 Daily P&L: $-4,925.00

[2026-04-30 12:48] O:7221.00 H:7222.25 L:7220.50 C:7221.75 V:1708.0
  📈 Trend: strong_bullish
  🗺️  Grid: 0.080% | 🔺 7222.50 🔻 7221.25
  📡 RSI: 68.3 | MACD: 2.97 | ATR: 1.95
  📊 Filled: 0 | Pending: 0
  💰 Daily P&L: $-4,925.00

[2026-04-30 12:49] O:7221.75 H:7222.00 L:7221.00 C:7221.50 V:962.0
  📈 Trend: strong_bullish
  🗺️  Grid: 0.080% | 🔺 7222.25 🔻 7220.50
  📡 RSI: 65.0 | MACD: 2.93 | ATR: 1.82
  📊 Filled: 0 | Pending: 0
  💰 Daily P&L: $-4,925.00

[2026-04-30 12:50] O:7221.50 H:7222.25 L:7220.75 C:7221.75 V:1432.0
  📈 Trend: strong_bullish
  🗺️  Grid: 0.080% | 🔺 7222.00 🔻 7221.00
  📡 RSI: 63.2 | MACD: 2.88 | ATR: 1.79
  📊 Filled: 0 | Pending: 0
  💰 Daily P&L: $-4,925.00

[2026-04-30 12:51] O:7222.00 H:7222.00 L:7219.75 C:7220.75 V:1629.0
  📈 Trend: strong_bullish
  🗺️  Grid: 0.080% | 🔺 7222.25 🔻 7220.75
  📡 RSI: 57.6 | MACD: 2.73 | ATR: 1.84
  📊 Filled: 0 | Pending: 0
  💰 Daily P&L: $-4,925.00

[2026-04-30 12:52] O:7220.50 H:7221.00 L:7219.50 C:7220.25 V:1693.0
  📈 Trend: strong_bullish
  🗺️  Grid: 0.080% | 🔺 7222.00 🔻 7219.75
  📡 RSI: 59.6 | MACD: 2.54 | ATR: 1.84
  📊 Filled: 0 | Pending: 0
  💰 Daily P&L: $-4,925.00

[2026-04-30 12:53] O:7220.25 H:7221.75 L:7219.75 C:7221.25 V:1454.0
  📈 Trend: strong_bullish
  🗺️  Grid: 0.080% | 🔺 7221.00 🔻 7219.50
  📡 RSI: 58.9 | MACD: 2.44 | ATR: 1.82
  📊 Filled: 0 | Pending: 0
  💰 Daily P&L: $-4,925.00

[2026-04-30 12:54] O:7221.25 H:7221.25 L:7220.50 C:7220.75 V:845.0
  📈 Trend: strong_bullish
  🗺️  Grid: 0.080% | 🔺 7221.75 🔻 7219.75
  📡 RSI: 63.5 | MACD: 2.30 | ATR: 1.75
  📊 Filled: 0 | Pending: 0
  💰 Daily P&L: $-4,925.00

[2026-04-30 12:55] O:7221.00 H:7221.25 L:7220.25 C:7221.25 V:929.0
  📈 Trend: strong_bullish
  🗺️  Grid: 0.080% | 🔺 7221.25 🔻 7220.50
  📡 RSI: 61.2 | MACD: 2.20 | ATR: 1.70
  📊 Filled: 0 | Pending: 0
  💰 Daily P&L: $-4,925.00

[2026-04-30 12:56] O:7221.50 H:7222.75 L:7221.25 C:7222.25 V:1260.0
  📈 Trend: strong_bullish
  🗺️  Grid: 0.080% | 🔺 7221.25 🔻 7220.25
  📡 RSI: 70.8 | MACD: 2.18 | ATR: 1.64
  📊 Filled: 0 | Pending: 0
  💰 Daily P&L: $-4,925.00

[2026-04-30 12:57] O:7222.25 H:7224.00 L:7222.25 C:7223.25 V:1627.0
  📈 Trend: strong_bullish
  🗺️  Grid: 0.080% | 🔺 7222.75 🔻 7221.25
  📡 RSI: 70.2 | MACD: 2.21 | ATR: 1.64
  📊 Filled: 0 | Pending: 0
  💰 Daily P&L: $-4,925.00

[2026-04-30 12:58] O:7223.25 H:7224.75 L:7223.00 C:7224.50 V:1783.0
  📈 Trend: strong_bullish
  🗺️  Grid: 0.080% | 🔺 7224.00 🔻 7222.25
  📡 RSI: 74.5 | MACD: 2.32 | ATR: 1.66
  📊 Filled: 0 | Pending: 0
  💰 Daily P&L: $-4,925.00

[2026-04-30 12:59] O:7224.75 H:7225.50 L:7224.00 C:7224.75 V:1896.0
  📈 Trend: strong_bullish
  🗺️  Grid: 0.080% | 🔺 7224.75 🔻 7223.00
  📡 RSI: 68.3 | MACD: 2.39 | ATR: 1.54
  📊 Filled: 0 | Pending: 0
  💰 Daily P&L: $-4,925.00

[2026-04-30 13:00] O:7224.75 H:7231.00 L:7224.25 C:7230.75 V:8215.0
  📈 Trend: strong_bullish
  🗺️  Grid: 0.080% | 🔺 7225.50 🔻 7224.00
  📡 RSI: 78.3 | MACD: 2.90 | ATR: 1.88
  📊 Filled: 0 | Pending: 0
  💰 Daily P&L: $-4,925.00

[2026-04-30 13:01] O:7231.00 H:7231.75 L:7229.50 C:7231.25 V:4054.0
  📈 Trend: strong_bullish
  🗺️  Grid: 0.080% | 🔺 7231.00 🔻 7224.25
  📡 RSI: 84.5 | MACD: 3.31 | ATR: 1.95
  📊 Filled: 0 | Pending: 0
  💰 Daily P&L: $-4,925.00

[2026-04-30 13:02] O:7231.25 H:7233.25 L:7230.75 C:7232.00 V:5481.0
  📈 Trend: strong_bullish
  🗺️  Grid: 0.080% | 🔺 7231.75 🔻 7229.50
  📡 RSI: 84.7 | MACD: 3.65 | ATR: 2.00
  📊 Filled: 0 | Pending: 0
  💰 Daily P&L: $-4,925.00

[2026-04-30 13:03] O:7232.25 H:7233.25 L:7231.25 C:7232.25 V:2412.0
  📈 Trend: strong_bullish
  🗺️  Grid: 0.080% | 🔺 7233.25 🔻 7230.75
  📡 RSI: 86.4 | MACD: 3.89 | ATR: 2.07
  📊 Filled: 0 | Pending: 0
  💰 Daily P&L: $-4,925.00

[2026-04-30 13:04] O:7232.25 H:7232.25 L:7230.25 C:7231.75 V:2817.0
  📈 Trend: strong_bullish
  🗺️  Grid: 0.080% | 🔺 7233.25 🔻 7231.25
  📡 RSI: 83.3 | MACD: 4.00 | ATR: 2.11
  📊 Filled: 0 | Pending: 0
  💰 Daily P&L: $-4,925.00

[2026-04-30 13:05] O:7232.00 H:7232.00 L:7229.25 C:7229.75 V:2632.0
  📈 Trend: strong_bullish
  🗺️  Grid: 0.080% | 🔺 7232.25 🔻 7230.25
  📡 RSI: 78.1 | MACD: 3.88 | ATR: 2.14
  📊 Filled: 0 | Pending: 0
  💰 Daily P&L: $-4,925.00

[2026-04-30 13:06] O:7230.00 H:7232.00 L:7230.00 C:7230.75 V:2302.0
  📈 Trend: strong_bullish
  🗺️  Grid: 0.080% | 🔺 7232.00 🔻 7229.25
  📡 RSI: 81.8 | MACD: 3.82 | ATR: 2.20
  📊 Filled: 0 | Pending: 0
  💰 Daily P&L: $-4,925.00

[2026-04-30 13:07] O:7230.75 H:7231.00 L:7229.75 C:7229.75 V:1918.0
  📈 Trend: strong_bullish
  🗺️  Grid: 0.080% | 🔺 7232.00 🔻 7230.00
  📡 RSI: 75.8 | MACD: 3.65 | ATR: 2.14
  📊 Filled: 0 | Pending: 0
  💰 Daily P&L: $-4,925.00

[2026-04-30 13:08] O:7230.00 H:7230.75 L:7228.75 C:7230.50 V:2707.0
  📈 Trend: strong_bullish
  🗺️  Grid: 0.080% | 🔺 7231.00 🔻 7229.75
  📡 RSI: 79.1 | MACD: 3.54 | ATR: 2.23
  📊 Filled: 0 | Pending: 0
  💰 Daily P&L: $-4,925.00

[2026-04-30 13:09] O:7230.50 H:7231.00 L:7229.00 C:7229.25 V:1517.0
  📈 Trend: strong_bullish
  🗺️  Grid: 0.080% | 🔺 7230.75 🔻 7228.75
  📡 RSI: 72.9 | MACD: 3.31 | ATR: 2.30
  📊 Filled: 0 | Pending: 0
  💰 Daily P&L: $-4,925.00

[2026-04-30 13:10] O:7229.25 H:7230.25 L:7228.50 C:7229.25 V:1862.0
  📈 Trend: strong_bullish
  🗺️  Grid: 0.080% | 🔺 7231.00 🔻 7229.00
  📡 RSI: 71.2 | MACD: 3.09 | ATR: 2.32
  📊 Filled: 0 | Pending: 0
  💰 Daily P&L: $-4,925.00

[2026-04-30 13:11] O:7229.50 H:7230.75 L:7229.00 C:7229.75 V:2073.0
  📈 Trend: strong_bullish
  🗺️  Grid: 0.080% | 🔺 7230.25 🔻 7228.50
  📡 RSI: 70.3 | MACD: 2.92 | ATR: 2.32
  📊 Filled: 0 | Pending: 0
  💰 Daily P&L: $-4,925.00

[2026-04-30 13:12] O:7230.00 H:7232.00 L:7229.75 C:7231.50 V:2546.0
  📈 Trend: strong_bullish
  🗺️  Grid: 0.080% | 🔺 7230.75 🔻 7229.00
  📡 RSI: 71.2 | MACD: 2.90 | ATR: 2.36
  📊 Filled: 0 | Pending: 0
  💰 Daily P&L: $-4,925.00

[2026-04-30 13:13] O:7231.75 H:7232.50 L:7231.00 C:7232.00 V:1677.0
  📈 Trend: strong_bullish
  🗺️  Grid: 0.080% | 🔺 7232.00 🔻 7229.75
  📡 RSI: 71.6 | MACD: 2.89 | ATR: 2.36
  📊 Filled: 0 | Pending: 0
  💰 Daily P&L: $-4,925.00

[2026-04-30 13:14] O:7232.00 H:7232.25 L:7231.50 C:7231.50 V:1547.0
  📈 Trend: strong_bullish
  🗺️  Grid: 0.080% | 🔺 7232.50 🔻 7231.00
  📡 RSI: 53.3 | MACD: 2.81 | ATR: 1.93
  📊 Filled: 0 | Pending: 0
  💰 Daily P&L: $-4,925.00

[2026-04-30 13:15] O:7231.75 H:7232.75 L:7231.50 C:7232.25 V:1931.0
  📈 Trend: strong_bullish
  🗺️  Grid: 0.080% | 🔺 7232.25 🔻 7231.50
  📡 RSI: 54.3 | MACD: 2.77 | ATR: 1.86
  📊 Filled: 0 | Pending: 0
  💰 Daily P&L: $-4,925.00

[2026-04-30 13:16] O:7232.00 H:7235.00 L:7231.75 C:7234.50 V:3710.0
  📈 Trend: strong_bullish
  🗺️  Grid: 0.080% | 🔺 7232.75 🔻 7231.50
  📡 RSI: 59.6 | MACD: 2.89 | ATR: 1.91
  📊 Filled: 0 | Pending: 0
  💰 Daily P&L: $-4,925.00

[2026-04-30 13:17] O:7234.50 H:7235.00 L:7232.75 C:7233.50 V:2148.0
  📈 Trend: strong_bullish
  🗺️  Grid: 0.080% | 🔺 7235.00 🔻 7231.75
  📡 RSI: 54.5 | MACD: 2.87 | ATR: 1.93
  📊 Filled: 0 | Pending: 0
  💰 Daily P&L: $-4,925.00

[2026-04-30 13:18] O:7233.75 H:7234.25 L:7233.50 C:7234.25 V:1784.0
  📈 Trend: strong_bullish
  🗺️  Grid: 0.080% | 🔺 7235.00 🔻 7232.75
  📡 RSI: 58.9 | MACD: 2.88 | ATR: 1.84
  📊 Filled: 0 | Pending: 0
  💰 Daily P&L: $-4,925.00

[2026-04-30 13:19] O:7234.00 H:7234.75 L:7232.25 C:7232.50 V:1509.0
  📈 Trend: strong_bullish
  🗺️  Grid: 0.080% | 🔺 7234.25 🔻 7233.50
  📡 RSI: 60.0 | MACD: 2.72 | ATR: 1.82
  📊 Filled: 0 | Pending: 0
  💰 Daily P&L: $-4,925.00

[2026-04-30 13:20] O:7232.50 H:7233.50 L:7231.25 C:7233.00 V:2003.0
  📈 Trend: strong_bullish
  🗺️  Grid: 0.080% | 🔺 7234.75 🔻 7232.25
  📡 RSI: 58.5 | MACD: 2.60 | ATR: 1.82
  📊 Filled: 0 | Pending: 0
  💰 Daily P&L: $-4,925.00

[2026-04-30 13:21] O:7233.00 H:7233.50 L:7231.50 C:7232.25 V:1883.0
  📈 Trend: strong_bullish
  🗺️  Grid: 0.080% | 🔺 7233.50 🔻 7231.25
  📡 RSI: 59.6 | MACD: 2.42 | ATR: 1.88
  📊 Filled: 0 | Pending: 0
  💰 Daily P&L: $-4,925.00

[2026-04-30 13:22] O:7232.25 H:7233.00 L:7231.75 C:7232.25 V:1966.0
  📈 Trend: strong_bullish (raw: moderate_bullish)
  🗺️  Grid: 0.080% | 🔺 7233.50 🔻 7231.50
  📡 RSI: 57.1 | MACD: 2.25 | ATR: 1.82
  📊 Filled: 0 | Pending: 0
  💰 Daily P&L: $-4,925.00

[2026-04-30 13:23] O:7232.25 H:7233.25 L:7231.75 C:7232.25 V:1118.0
  📈 Trend: strong_bullish
  🗺️  Grid: 0.080% | 🔺 7233.00 🔻 7231.75
  📡 RSI: 63.6 | MACD: 2.09 | ATR: 1.79
  📊 Filled: 0 | Pending: 0
  💰 Daily P&L: $-4,925.00

[2026-04-30 13:24] O:7232.25 H:7232.50 L:7230.50 C:7231.00 V:2212.0
  📈 Trend: strong_bullish
  🗺️  Grid: 0.080% | 🔺 7233.25 🔻 7231.75
  📡 RSI: 57.1 | MACD: 1.84 | ATR: 1.80
  📊 Filled: 0 | Pending: 0
  💰 Daily P&L: $-4,925.00

[2026-04-30 13:25] O:7231.00 H:7232.00 L:7230.25 C:7231.75 V:1215.0
  📈 Trend: strong_bullish
  🗺️  Grid: 0.080% | 🔺 7232.50 🔻 7230.50
  📡 RSI: 58.0 | MACD: 1.68 | ATR: 1.80
  📊 Filled: 0 | Pending: 0
  💰 Daily P&L: $-4,925.00

[2026-04-30 13:26] O:7231.75 H:7231.75 L:7230.50 C:7230.75 V:1468.0
  📈 Trend: strong_bullish
  🗺️  Grid: 0.080% | 🔺 7232.00 🔻 7230.25
  📡 RSI: 46.8 | MACD: 1.46 | ATR: 1.73
  📊 Filled: 0 | Pending: 0
  💰 Daily P&L: $-4,925.00

[2026-04-30 13:27] O:7230.75 H:7231.50 L:7230.00 C:7231.00 V:1373.0
  📈 Trend: strong_bullish
  🗺️  Grid: 0.080% | 🔺 7231.75 🔻 7230.50
  📡 RSI: 45.7 | MACD: 1.29 | ATR: 1.73
  📊 Filled: 0 | Pending: 0
  💰 Daily P&L: $-4,925.00

[2026-04-30 13:28] O:7230.75 H:7231.75 L:7230.00 C:7231.75 V:1905.0
  📈 Trend: strong_bullish
  🗺️  Grid: 0.080% | 🔺 7231.50 🔻 7230.00
  📡 RSI: 51.1 | MACD: 1.21 | ATR: 1.80
  📊 Filled: 0 | Pending: 0
  💰 Daily P&L: $-4,925.00

[2026-04-30 13:29] O:7232.00 H:7232.75 L:7231.50 C:7232.50 V:1812.0
  📈 Trend: strong_bullish
  🗺️  Grid: 0.080% | 🔺 7231.75 🔻 7230.00
  📡 RSI: 51.1 | MACD: 1.18 | ATR: 1.80
  📊 Filled: 0 | Pending: 0
  💰 Daily P&L: $-4,925.00

[2026-04-30 13:30] O:7232.50 H:7237.25 L:7232.25 C:7234.50 V:5387.0
  📈 Trend: strong_bullish
  🗺️  Grid: 0.080% | 🔺 7232.75 🔻 7231.50
  📡 RSI: 50.0 | MACD: 1.31 | ATR: 1.93
  📊 Filled: 0 | Pending: 0
  💰 Daily P&L: $-4,925.00

[2026-04-30 13:31] O:7234.75 H:7235.50 L:7233.75 C:7235.00 V:1821.0
  📈 Trend: strong_bullish
  🗺️  Grid: 0.080% | 🔺 7237.25 🔻 7232.25
  📡 RSI: 56.8 | MACD: 1.44 | ATR: 1.89
  📊 Filled: 0 | Pending: 0
  💰 Daily P&L: $-4,925.00

[2026-04-30 13:32] O:7234.75 H:7235.25 L:7233.25 C:7235.00 V:1521.0
  📈 Trend: strong_bullish
  🗺️  Grid: 0.080% | 🔺 7235.50 🔻 7233.75
  📡 RSI: 53.7 | MACD: 1.52 | ATR: 1.98
  📊 Filled: 0 | Pending: 0
  💰 Daily P&L: $-4,925.00

[2026-04-30 13:33] O:7234.75 H:7235.00 L:7233.50 C:7234.25 V:1228.0
  📈 Trend: strong_bullish
  🗺️  Grid: 0.080% | 🔺 7235.25 🔻 7233.25
  📡 RSI: 59.5 | MACD: 1.51 | ATR: 1.91
  📊 Filled: 0 | Pending: 0
  💰 Daily P&L: $-4,925.00

[2026-04-30 13:34] O:7234.25 H:7235.00 L:7234.00 C:7234.75 V:899.0
  📈 Trend: strong_bullish
  🗺️  Grid: 0.080% | 🔺 7235.00 🔻 7233.50
  📡 RSI: 59.5 | MACD: 1.52 | ATR: 1.82
  📊 Filled: 0 | Pending: 0
  💰 Daily P&L: $-4,925.00

[2026-04-30 13:35] O:7234.50 H:7237.50 L:7234.50 C:7236.25 V:3222.0
  📈 Trend: strong_bullish
  🗺️  Grid: 0.080% | 🔺 7235.00 🔻 7234.00
  📡 RSI: 70.0 | MACD: 1.63 | ATR: 1.89
  📊 Filled: 0 | Pending: 0
  💰 Daily P&L: $-4,925.00

[2026-04-30 13:36] O:7236.25 H:7238.75 L:7235.50 C:7238.00 V:3815.0
  📈 Trend: strong_bullish
  🗺️  Grid: 0.080% | 🔺 7237.50 🔻 7234.50
  📡 RSI: 74.5 | MACD: 1.84 | ATR: 2.04
  📊 Filled: 0 | Pending: 0
  💰 Daily P&L: $-4,925.00

[2026-04-30 13:37] O:7237.75 H:7239.25 L:7237.00 C:7239.00 V:1887.0
  📈 Trend: strong_bullish
  🗺️  Grid: 0.080% | 🔺 7238.75 🔻 7235.50
  📡 RSI: 76.5 | MACD: 2.06 | ATR: 2.09
  📊 Filled: 0 | Pending: 0
  💰 Daily P&L: $-4,925.00

[2026-04-30 13:38] O:7239.00 H:7239.50 L:7238.25 C:7238.25 V:2033.0
  📈 Trend: strong_bullish
  🗺️  Grid: 0.080% | 🔺 7239.25 🔻 7237.00
  📡 RSI: 79.6 | MACD: 2.15 | ATR: 2.04
  📊 Filled: 0 | Pending: 0
  💰 Daily P&L: $-4,925.00

[2026-04-30 13:39] O:7238.50 H:7239.00 L:7237.75 C:7238.75 V:1547.0
  📈 Trend: strong_bullish
  🗺️  Grid: 0.080% | 🔺 7239.50 🔻 7238.25
  📡 RSI: 79.2 | MACD: 2.24 | ATR: 2.00
  📊 Filled: 0 | Pending: 0
  💰 Daily P&L: $-4,925.00

[2026-04-30 13:40] O:7238.75 H:7240.50 L:7238.50 C:7239.50 V:2093.0
  📈 Trend: strong_bullish
  🗺️  Grid: 0.080% | 🔺 7239.00 🔻 7237.75
  📡 RSI: 87.2 | MACD: 2.34 | ATR: 2.05
  📊 Filled: 0 | Pending: 0
  💰 Daily P&L: $-4,925.00

[2026-04-30 13:41] O:7239.50 H:7240.50 L:7238.75 C:7240.00 V:1694.0
  📈 Trend: strong_bullish
  🗺️  Grid: 0.080% | 🔺 7240.50 🔻 7238.50
  📡 RSI: 87.5 | MACD: 2.43 | ATR: 2.07
  📊 Filled: 0 | Pending: 0
  💰 Daily P&L: $-4,925.00

[2026-04-30 13:42] O:7239.75 H:7240.75 L:7238.50 C:7239.25 V:2127.0
  📈 Trend: strong_bullish
  🗺️  Grid: 0.080% | 🔺 7240.50 🔻 7238.75
  📡 RSI: 81.2 | MACD: 2.42 | ATR: 2.11
  📊 Filled: 0 | Pending: 0
  💰 Daily P&L: $-4,925.00

[2026-04-30 13:43] O:7239.25 H:7240.75 L:7239.00 C:7239.75 V:1347.0
  📈 Trend: strong_bullish
  🗺️  Grid: 0.080% | 🔺 7240.75 🔻 7238.50
  📡 RSI: 80.9 | MACD: 2.42 | ATR: 2.14
  📊 Filled: 0 | Pending: 0
  💰 Daily P&L: $-4,925.00

[2026-04-30 13:44] O:7239.75 H:7240.25 L:7239.00 C:7239.50 V:1278.0
  📈 Trend: strong_bullish
  🗺️  Grid: 0.080% | 🔺 7240.75 🔻 7239.00
  📡 RSI: 75.0 | MACD: 2.37 | ATR: 1.88
  📊 Filled: 0 | Pending: 0
  💰 Daily P&L: $-4,925.00

[2026-04-30 13:45] O:7239.25 H:7240.25 L:7239.00 C:7240.00 V:1244.0
  📈 Trend: strong_bullish
  🗺️  Grid: 0.080% | 🔺 7240.25 🔻 7239.00
  📡 RSI: 75.0 | MACD: 2.35 | ATR: 1.84
  📊 Filled: 0 | Pending: 0
  💰 Daily P&L: $-4,925.00

[2026-04-30 13:46] O:7240.00 H:7240.25 L:7239.25 C:7239.50 V:1253.0
  📈 Trend: strong_bullish
  🗺️  Grid: 0.080% | 🔺 7240.25 🔻 7239.00
  📡 RSI: 71.4 | MACD: 2.27 | ATR: 1.77
  📊 Filled: 0 | Pending: 0
  💰 Daily P&L: $-4,925.00

[2026-04-30 13:47] O:7239.75 H:7240.50 L:7239.25 C:7240.25 V:1132.0
  📈 Trend: strong_bullish
  🗺️  Grid: 0.080% | 🔺 7240.25 🔻 7239.25
  📡 RSI: 78.6 | MACD: 2.23 | ATR: 1.75
  📊 Filled: 0 | Pending: 0
  💰 Daily P&L: $-4,925.00

[2026-04-30 13:48] O:7240.25 H:7240.75 L:7240.00 C:7240.75 V:1309.0
  📈 Trend: strong_bullish
  🗺️  Grid: 0.080% | 🔺 7240.50 🔻 7239.25
  📡 RSI: 78.6 | MACD: 2.22 | ATR: 1.73
  📊 Filled: 0 | Pending: 0
  💰 Daily P&L: $-4,925.00

[2026-04-30 13:49] O:7240.75 H:7241.25 L:7240.00 C:7240.25 V:1033.0
  📈 Trend: strong_bullish
  🗺️  Grid: 0.080% | 🔺 7240.75 🔻 7240.00
  📡 RSI: 71.1 | MACD: 2.15 | ATR: 1.61
  📊 Filled: 0 | Pending: 0
  💰 Daily P&L: $-4,925.00

[2026-04-30 13:50] O:7240.25 H:7242.00 L:7239.75 C:7241.00 V:3186.0
  📈 Trend: strong_bullish
  🗺️  Grid: 0.080% | 🔺 7241.25 🔻 7240.00
  📡 RSI: 67.6 | MACD: 2.12 | ATR: 1.54
  📊 Filled: 0 | Pending: 0
  💰 Daily P&L: $-4,925.00

[2026-04-30 13:51] O:7240.75 H:7241.00 L:7238.75 C:7239.75 V:1954.0
  📈 Trend: strong_bullish
  🗺️  Grid: 0.080% | 🔺 7242.00 🔻 7239.75
  📡 RSI: 54.3 | MACD: 1.98 | ATR: 1.54
  📊 Filled: 0 | Pending: 0
  💰 Daily P&L: $-4,925.00

[2026-04-30 13:52] O:7239.75 H:7240.75 L:7239.50 C:7239.75 V:1223.0
  📈 Trend: strong_bullish
  🗺️  Grid: 0.080% | 🔺 7241.00 🔻 7238.75
  📡 RSI: 59.4 | MACD: 1.85 | ATR: 1.54
  📊 Filled: 0 | Pending: 0
  💰 Daily P&L: $-4,925.00

[2026-04-30 13:53] O:7239.75 H:7240.00 L:7238.00 C:7238.25 V:1935.0
  📈 Trend: strong_bullish
  🗺️  Grid: 0.080% | 🔺 7240.75 🔻 7239.50
  📡 RSI: 47.2 | MACD: 1.60 | ATR: 1.59
  📊 Filled: 0 | Pending: 0
  💰 Daily P&L: $-4,925.00

[2026-04-30 13:54] O:7238.25 H:7239.50 L:7238.00 C:7238.50 V:1578.0
  📈 Trend: strong_bullish
  🗺️  Grid: 0.080% | 🔺 7240.00 🔻 7238.00
  📡 RSI: 44.1 | MACD: 1.41 | ATR: 1.55
  📊 Filled: 0 | Pending: 0
  💰 Daily P&L: $-4,925.00

[2026-04-30 13:55] O:7238.75 H:7239.75 L:7238.25 C:7238.75 V:1193.0
  📈 Trend: strong_bullish
  🗺️  Grid: 0.080% | 🔺 7239.50 🔻 7238.00
  📡 RSI: 42.4 | MACD: 1.27 | ATR: 1.54
  📊 Filled: 0 | Pending: 0
  💰 Daily P&L: $-4,925.00

[2026-04-30 13:56] O:7238.50 H:7238.50 L:7237.25 C:7237.75 V:1612.0
  📈 Trend: strong_bullish (raw: moderate_bullish)
  🗺️  Grid: 0.080% | 🔺 7239.75 🔻 7238.25
  📡 RSI: 41.2 | MACD: 1.06 | ATR: 1.48
  📊 Filled: 0 | Pending: 0
  💰 Daily P&L: $-4,925.00

[2026-04-30 13:57] O:7237.75 H:7238.75 L:7237.25 C:7237.75 V:1524.0
  📈 Trend: moderate_bullish
  🗺️  Grid: 0.080% | 🔺 7238.50 🔻 7237.25
  📡 RSI: 37.5 | MACD: 0.88 | ATR: 1.46
  📊 Filled: 0 | Pending: 0
  💰 Daily P&L: $-4,925.00

[2026-04-30 13:58] O:7238.00 H:7238.00 L:7236.50 C:7237.50 V:1822.0
  📈 Trend: moderate_bullish
  🗺️  Grid: 0.080% | 🔺 7238.75 🔻 7237.25
  📡 RSI: 37.5 | MACD: 0.72 | ATR: 1.48
  📊 Filled: 0 | Pending: 0
  💰 Daily P&L: $-4,925.00

[2026-04-30 13:59] O:7237.50 H:7238.50 L:7237.00 C:7237.50 V:1475.0
  📈 Trend: moderate_bullish
  🗺️  Grid: 0.080% | 🔺 7238.00 🔻 7236.50
  📡 RSI: 33.3 | MACD: 0.58 | ATR: 1.50
  📊 Filled: 0 | Pending: 0
  💰 Daily P&L: $-4,925.00

[2026-04-30 14:00] O:7237.50 H:7239.75 L:7236.25 C:7239.75 V:2967.0
  📈 Trend: moderate_bullish
  🗺️  Grid: 0.080% | 🔺 7238.50 🔻 7237.00
  📡 RSI: 51.4 | MACD: 0.64 | ATR: 1.68
  📊 Filled: 0 | Pending: 0
  💰 Daily P&L: $-4,925.00

[2026-04-30 14:01] O:7239.75 H:7241.25 L:7239.50 C:7240.25 V:3146.0
  📈 Trend: moderate_bullish (raw: strong_bullish)
  🗺️  Grid: 0.080% | 🔺 7239.75 🔻 7236.25
  📡 RSI: 50.0 | MACD: 0.72 | ATR: 1.71
  📊 Filled: 0 | Pending: 0
  💰 Daily P&L: $-4,925.00

[2026-04-30 14:02] O:7240.50 H:7242.00 L:7240.25 C:7241.50 V:1571.0
  📈 Trend: strong_bullish
  🗺️  Grid: 0.080% | 🔺 7241.25 🔻 7239.50
  📡 RSI: 53.8 | MACD: 0.88 | ATR: 1.79
  📊 Filled: 0 | Pending: 0
  💰 Daily P&L: $-4,925.00

[2026-04-30 14:03] O:7241.75 H:7242.00 L:7240.25 C:7240.50 V:1553.0
  📈 Trend: strong_bullish
  🗺️  Grid: 0.080% | 🔺 7242.00 🔻 7240.25
  📡 RSI: 51.2 | MACD: 0.91 | ATR: 1.82
  📊 Filled: 0 | Pending: 0
  💰 Daily P&L: $-4,925.00

[2026-04-30 14:04] O:7240.75 H:7241.25 L:7239.75 C:7241.25 V:1511.0
  📈 Trend: strong_bullish
  🗺️  Grid: 0.080% | 🔺 7242.00 🔻 7240.25
  📡 RSI: 51.2 | MACD: 0.99 | ATR: 1.77
  📊 Filled: 0 | Pending: 0
  💰 Daily P&L: $-4,925.00

[2026-04-30 14:05] O:7241.25 H:7241.75 L:7240.00 C:7240.25 V:1293.0
  📈 Trend: strong_bullish
  🗺️  Grid: 0.080% | 🔺 7241.25 🔻 7239.75
  📡 RSI: 52.5 | MACD: 0.96 | ATR: 1.73
  📊 Filled: 0 | Pending: 0
  💰 Daily P&L: $-4,925.00

[2026-04-30 14:06] O:7240.50 H:7245.00 L:7240.00 C:7241.25 V:4140.0
  📈 Trend: strong_bullish
  🗺️  Grid: 0.080% | 🔺 7241.75 🔻 7240.00
  📡 RSI: 56.8 | MACD: 1.00 | ATR: 2.00
  📊 Filled: 0 | Pending: 0
  💰 Daily P&L: $-4,925.00

[2026-04-30 14:07] O:7241.50 H:7242.25 L:7240.25 C:7242.25 V:1932.0
  📈 Trend: strong_bullish
  🗺️  Grid: 0.080% | 🔺 7245.00 🔻 7240.00
  📡 RSI: 69.0 | MACD: 1.10 | ATR: 2.00
  📊 Filled: 0 | Pending: 0
  💰 Daily P&L: $-4,925.00

[2026-04-30 14:08] O:7242.25 H:7242.25 L:7240.75 C:7241.00 V:1434.0
  📈 Trend: strong_bullish
  🗺️  Grid: 0.080% | 🔺 7242.25 🔻 7240.25
  📡 RSI: 60.9 | MACD: 1.07 | ATR: 2.00
  📊 Filled: 0 | Pending: 0
  💰 Daily P&L: $-4,925.00

[2026-04-30 14:09] O:7241.25 H:7242.75 L:7240.75 C:7242.75 V:1715.0
  📈 Trend: strong_bullish
  🗺️  Grid: 0.080% | 🔺 7242.25 🔻 7240.75
  📡 RSI: 65.4 | MACD: 1.17 | ATR: 2.04
  📊 Filled: 0 | Pending: 0
  💰 Daily P&L: $-4,925.00

[2026-04-30 14:10] O:7242.75 H:7245.75 L:7242.25 C:7243.75 V:4512.0
  📈 Trend: strong_bullish
  🗺️  Grid: 0.080% | 🔺 7242.75 🔻 7240.75
  📡 RSI: 73.1 | MACD: 1.32 | ATR: 2.18
  📊 Filled: 0 | Pending: 0
  💰 Daily P&L: $-4,925.00

[2026-04-30 14:11] O:7244.00 H:7245.00 L:7243.50 C:7244.25 V:2161.0
  📈 Trend: strong_bullish
  🗺️  Grid: 0.080% | 🔺 7245.75 🔻 7242.25
  📡 RSI: 74.1 | MACD: 1.46 | ATR: 2.18
  📊 Filled: 0 | Pending: 0
  💰 Daily P&L: $-4,925.00

[2026-04-30 14:12] O:7244.50 H:7245.75 L:7244.25 C:7245.00 V:1790.0
  📈 Trend: strong_bullish
  🗺️  Grid: 0.080% | 🔺 7245.00 🔻 7243.50
  📡 RSI: 76.8 | MACD: 1.61 | ATR: 2.18
  📊 Filled: 0 | Pending: 0
  💰 Daily P&L: $-4,925.00

[2026-04-30 14:13] O:7245.25 H:7247.50 L:7245.00 C:7247.00 V:2947.0
  📈 Trend: strong_bullish
  🗺️  Grid: 0.080% | 🔺 7245.75 🔻 7244.25
  📡 RSI: 79.7 | MACD: 1.87 | ATR: 2.25
  📊 Filled: 0 | Pending: 0
  💰 Daily P&L: $-4,925.00

[2026-04-30 14:14] O:7247.00 H:7247.00 L:7246.25 C:7246.50 V:1712.0
  📈 Trend: strong_bullish
  🗺️  Grid: 0.080% | 🔺 7247.50 🔻 7245.00
  📡 RSI: 73.7 | MACD: 2.01 | ATR: 2.05
  📊 Filled: 0 | Pending: 0
  💰 Daily P&L: $-4,925.00

[2026-04-30 14:15] O:7246.50 H:7246.50 L:7245.50 C:7245.50 V:1678.0
  📈 Trend: strong_bullish
  🗺️  Grid: 0.080% | 🔺 7247.00 🔻 7246.25
  📡 RSI: 67.8 | MACD: 2.02 | ATR: 2.00
  📊 Filled: 0 | Pending: 0
  💰 Daily P&L: $-4,925.00

[2026-04-30 14:16] O:7245.75 H:7247.50 L:7245.50 C:7246.50 V:2293.0
  📈 Trend: strong_bullish
  🗺️  Grid: 0.080% | 🔺 7246.50 🔻 7245.50
  📡 RSI: 67.2 | MACD: 2.09 | ATR: 2.02
  📊 Filled: 0 | Pending: 0
  💰 Daily P&L: $-4,925.00

[2026-04-30 14:17] O:7246.50 H:7248.00 L:7246.25 C:7246.75 V:2200.0
  📈 Trend: strong_bullish
  🗺️  Grid: 0.080% | 🔺 7247.50 🔻 7245.50
  📡 RSI: 72.7 | MACD: 2.13 | ATR: 2.02
  📊 Filled: 0 | Pending: 0
  💰 Daily P&L: $-4,925.00

[2026-04-30 14:18] O:7246.75 H:7247.25 L:7245.75 C:7246.00 V:1605.0
  📈 Trend: strong_bullish
  🗺️  Grid: 0.080% | 🔺 7248.00 🔻 7246.25
  📡 RSI: 67.3 | MACD: 2.09 | ATR: 2.02
  📊 Filled: 0 | Pending: 0
  💰 Daily P&L: $-4,925.00

[2026-04-30 14:19] O:7246.00 H:7246.50 L:7245.00 C:7245.25 V:1904.0
  📈 Trend: strong_bullish
  🗺️  Grid: 0.080% | 🔺 7247.25 🔻 7245.75
  📡 RSI: 68.5 | MACD: 1.97 | ATR: 2.00
  📊 Filled: 0 | Pending: 0
  💰 Daily P&L: $-4,925.00

[2026-04-30 14:20] O:7245.25 H:7245.50 L:7243.75 C:7245.25 V:2141.0
  📈 Trend: strong_bullish
  🗺️  Grid: 0.080% | 🔺 7246.50 🔻 7245.00
  📡 RSI: 66.0 | MACD: 1.85 | ATR: 1.77
  📊 Filled: 0 | Pending: 0
  💰 Daily P&L: $-4,925.00

[2026-04-30 14:21] O:7245.25 H:7245.50 L:7244.00 C:7245.25 V:1657.0
  📈 Trend: strong_bullish
  🗺️  Grid: 0.080% | 🔺 7245.50 🔻 7243.75
  📡 RSI: 63.0 | MACD: 1.74 | ATR: 1.73
  📊 Filled: 0 | Pending: 0
  💰 Daily P&L: $-4,925.00

[2026-04-30 14:22] O:7245.25 H:7245.75 L:7244.75 C:7245.00 V:1267.0
  📈 Trend: strong_bullish
  🗺️  Grid: 0.080% | 🔺 7245.50 🔻 7244.00
  📡 RSI: 69.0 | MACD: 1.61 | ATR: 1.70
  📊 Filled: 0 | Pending: 0
  💰 Daily P&L: $-4,925.00

[2026-04-30 14:23] O:7245.25 H:7246.25 L:7245.00 C:7245.75 V:1798.0
  📈 Trend: strong_bullish
  🗺️  Grid: 0.080% | 🔺 7245.75 🔻 7244.75
  📡 RSI: 65.8 | MACD: 1.55 | ATR: 1.64
  📊 Filled: 0 | Pending: 0
  💰 Daily P&L: $-4,925.00

[2026-04-30 14:24] O:7245.75 H:7247.00 L:7245.50 C:7246.75 V:1518.0
  📈 Trend: strong_bullish
  🗺️  Grid: 0.080% | 🔺 7246.25 🔻 7245.00
  📡 RSI: 65.8 | MACD: 1.56 | ATR: 1.50
  📊 Filled: 0 | Pending: 0
  💰 Daily P&L: $-4,925.00

[2026-04-30 14:25] O:7246.75 H:7247.50 L:7246.00 C:7247.00 V:1741.0
  📈 Trend: strong_bullish
  🗺️  Grid: 0.080% | 🔺 7247.00 🔻 7245.50
  📡 RSI: 64.9 | MACD: 1.58 | ATR: 1.50
  📊 Filled: 0 | Pending: 0
  💰 Daily P&L: $-4,925.00

[2026-04-30 14:26] O:7247.25 H:7247.75 L:7245.75 C:7246.25 V:1766.0
  📈 Trend: strong_bullish
  🗺️  Grid: 0.080% | 🔺 7247.50 🔻 7246.00
  📡 RSI: 56.8 | MACD: 1.51 | ATR: 1.54
  📊 Filled: 0 | Pending: 0
  💰 Daily P&L: $-4,925.00

[2026-04-30 14:27] O:7246.25 H:7247.00 L:7245.75 C:7245.75 V:1438.0
  📈 Trend: strong_bullish
  🗺️  Grid: 0.080% | 🔺 7247.75 🔻 7245.75
  📡 RSI: 41.9 | MACD: 1.40 | ATR: 1.45
  📊 Filled: 0 | Pending: 0
  💰 Daily P&L: $-4,925.00

[2026-04-30 14:28] O:7245.50 H:7246.50 L:7245.25 C:7246.00 V:1205.0
  📈 Trend: strong_bullish
  🗺️  Grid: 0.080% | 🔺 7247.00 🔻 7245.75
  📡 RSI: 46.7 | MACD: 1.32 | ATR: 1.48
  📊 Filled: 0 | Pending: 0
  💰 Daily P&L: $-4,925.00

[2026-04-30 14:29] O:7245.75 H:7246.75 L:7244.25 C:7245.00 V:1858.0
  📈 Trend: strong_bullish
  🗺️  Grid: 0.080% | 🔺 7246.50 🔻 7245.25
  📡 RSI: 46.7 | MACD: 1.16 | ATR: 1.59
  📊 Filled: 0 | Pending: 0
  💰 Daily P&L: $-4,925.00

[2026-04-30 14:30] O:7245.00 H:7245.25 L:7242.75 C:7243.25 V:3273.0
  📈 Trend: strong_bullish (raw: moderate_bullish)
  🗺️  Grid: 0.080% | 🔺 7246.75 🔻 7244.25
  📡 RSI: 30.3 | MACD: 0.89 | ATR: 1.62
  📊 Filled: 0 | Pending: 0
  💰 Daily P&L: $-4,925.00

[2026-04-30 14:31] O:7243.00 H:7244.50 L:7242.50 C:7243.25 V:2449.0
  📈 Trend: moderate_bullish
  🗺️  Grid: 0.080% | 🔺 7245.25 🔻 7242.75
  📡 RSI: 28.1 | MACD: 0.66 | ATR: 1.64
  📊 Filled: 0 | Pending: 0
  💰 Daily P&L: $-4,925.00

[2026-04-30 14:32] O:7243.25 H:7243.50 L:7241.25 C:7242.25 V:2866.0
  📈 Trend: moderate_bullish
  🗺️  Grid: 0.080% | 🔺 7244.50 🔻 7242.50
  📡 RSI: 27.3 | MACD: 0.39 | ATR: 1.70
  📊 Filled: 0 | Pending: 0
  💰 Daily P&L: $-4,925.00

[2026-04-30 14:33] O:7242.00 H:7244.00 L:7241.75 C:7243.75 V:2429.0
  📈 Trend: moderate_bullish
  🗺️  Grid: 0.080% | 🔺 7243.50 🔻 7241.25
  📡 RSI: 41.7 | MACD: 0.30 | ATR: 1.75
  📊 Filled: 0 | Pending: 0
  📤 Limit BUY 10 @ 7243.75 submitted (ID: 211)
  📋 Order 211 status: PreSubmitted
  ✅ Fill: BOT 10.0 @ 7243.5
  📋 Order 211 status: Filled
  ⬆️ LONG ORDER @ 7243.75 | Size: 1.00 | SL: 7235.00 | TP: 7256.75 [10cts]
     Reason: Grid Long (moderate_bullish, RSI: 41.7)
     ⏳ Order 211 PENDING - awaiting fill confirmation
  💰 Daily P&L: $-4,925.00
  📤 Stop SELL 10 @ 7235.50 submitted (ID: 212)
  📋 Order 212 status: PreSubmitted
  📤 Limit SELL 10 @ 7255.50 submitted (ID: 213)
  📋 Order 213 status: Submitted
  ✅ FILL CONFIRMED: LONG @ 7243.50 (order 211)
     📊 Bracket placed: SL #212 @ 7235.50 | TP #213 @ 7255.50
     Trail activates @ +6.0 pts

[2026-04-30 14:34] O:7243.50 H:7244.50 L:7243.00 C:7243.75 V:2185.0
  📈 Trend: moderate_bullish
  🗺️  Grid: 0.080% | 🔺 7244.00 🔻 7241.75
  📡 RSI: 41.7 | MACD: 0.22 | ATR: 1.73
  📊 Filled: 1 | Pending: 0
  📍 LONG @ 7243.50 | SL: 7235.50 | TP: 7255.50 | P&L: $+125.00 | +6.0 to trail
  💰 Daily P&L: $-4,925.00

[2026-04-30 14:35] O:7243.50 H:7244.50 L:7243.00 C:7243.00 V:1806.0
  📈 Trend: moderate_bullish
  🗺️  Grid: 0.080% | 🔺 7244.50 🔻 7243.00
  📡 RSI: 38.5 | MACD: 0.10 | ATR: 1.73
  📊 Filled: 1 | Pending: 0
  📍 LONG @ 7243.50 | SL: 7235.50 | TP: 7255.50 | P&L: $-250.00 | +5.0 to trail
  💰 Daily P&L: $-4,925.00

[2026-04-30 14:36] O:7243.00 H:7244.75 L:7242.75 C:7244.25 V:1715.0
  📈 Trend: moderate_bullish
  🗺️  Grid: 0.080% | 🔺 7244.50 🔻 7243.00
  📡 RSI: 46.5 | MACD: 0.11 | ATR: 1.80
  📊 Filled: 1 | Pending: 0
  📍 LONG @ 7243.50 | SL: 7235.50 | TP: 7255.50 | P&L: $+375.00 | +5.0 to trail
  💰 Daily P&L: $-4,925.00

[2026-04-30 14:37] O:7244.00 H:7244.50 L:7242.50 C:7243.75 V:1570.0
  📈 Trend: moderate_bullish
  🗺️  Grid: 0.080% | 🔺 7244.75 🔻 7242.75
  📡 RSI: 40.5 | MACD: 0.07 | ATR: 1.86
  📊 Filled: 1 | Pending: 0
  📍 LONG @ 7243.50 | SL: 7235.50 | TP: 7255.50 | P&L: $+125.00 | +4.8 to trail
  💰 Daily P&L: $-4,925.00

[2026-04-30 14:38] O:7243.75 H:7244.25 L:7243.25 C:7244.00 V:1696.0
  📈 Trend: moderate_bullish
  🗺️  Grid: 0.080% | 🔺 7244.50 🔻 7242.50
  📡 RSI: 35.9 | MACD: 0.06 | ATR: 1.82
  📊 Filled: 1 | Pending: 0
  📍 LONG @ 7243.50 | SL: 7235.50 | TP: 7255.50 | P&L: $+250.00 | +4.8 to trail
  💰 Daily P&L: $-4,925.00

[2026-04-30 14:39] O:7243.75 H:7246.50 L:7243.75 C:7246.00 V:2257.0
  📈 Trend: moderate_bullish (raw: strong_bullish)
  🗺️  Grid: 0.080% | 🔺 7244.25 🔻 7243.25
  📡 RSI: 45.7 | MACD: 0.21 | ATR: 1.91
  📊 Filled: 1 | Pending: 0
  📍 LONG @ 7243.50 | SL: 7235.50 | TP: 7255.50 | P&L: $+1,250.00 | +4.8 to trail
  💰 Daily P&L: $-4,925.00

[2026-04-30 14:40] O:7245.75 H:7246.25 L:7243.50 C:7243.75 V:2367.0
  📈 Trend: moderate_bullish
  🗺️  Grid: 0.080% | 🔺 7246.50 🔻 7243.75
  📡 RSI: 40.4 | MACD: 0.14 | ATR: 1.96
  📊 Filled: 1 | Pending: 0
  📍 LONG @ 7243.50 | SL: 7235.50 | TP: 7255.50 | P&L: $+125.00 | +3.0 to trail
  💰 Daily P&L: $-4,925.00

[2026-04-30 14:41] O:7243.50 H:7245.00 L:7242.75 C:7244.75 V:2655.0
  📈 Trend: moderate_bullish
  🗺️  Grid: 0.080% | 🔺 7246.25 🔻 7243.50
  📡 RSI: 46.3 | MACD: 0.17 | ATR: 2.04
  📊 Filled: 1 | Pending: 0
  📍 LONG @ 7243.50 | SL: 7235.50 | TP: 7255.50 | P&L: $+625.00 | +3.0 to trail
  💰 Daily P&L: $-4,925.00

[2026-04-30 14:42] O:7244.50 H:7246.25 L:7244.25 C:7246.00 V:1928.0
  📈 Trend: moderate_bullish (raw: strong_bullish)
  🗺️  Grid: 0.080% | 🔺 7245.00 🔻 7242.75
  📡 RSI: 50.0 | MACD: 0.29 | ATR: 2.09
  📊 Filled: 1 | Pending: 0
  📍 LONG @ 7243.50 | SL: 7235.50 | TP: 7255.50 | P&L: $+1,250.00 | +3.0 to trail
  💰 Daily P&L: $-4,925.00

[2026-04-30 14:43] O:7245.75 H:7247.50 L:7245.75 C:7247.00 V:2158.0
  📈 Trend: strong_bullish
  🗺️  Grid: 0.080% | 🔺 7246.25 🔻 7244.25
  📡 RSI: 56.9 | MACD: 0.46 | ATR: 2.04
  📊 Filled: 1 | Pending: 0
  📍 LONG @ 7243.50 | SL: 7235.50 | TP: 7255.50 | P&L: $+1,750.00 | +3.0 to trail
  💰 Daily P&L: $-4,925.00

[2026-04-30 14:44] O:7246.75 H:7248.50 L:7246.50 C:7248.25 V:2764.0
  📈 Trend: strong_bullish
  🗺️  Grid: 0.080% | 🔺 7247.50 🔻 7245.75
  📡 RSI: 67.9 | MACD: 0.69 | ATR: 2.00
  📊 Filled: 1 | Pending: 0
  📍 LONG @ 7243.50 | SL: 7235.50 | TP: 7255.50 | P&L: $+2,375.00 | +2.0 to trail
  💰 Daily P&L: $-4,925.00

[2026-04-30 14:45] O:7248.00 H:7248.50 L:7245.75 C:7245.75 V:2902.0
  📈 Trend: strong_bullish
  🗺️  Grid: 0.080% | 🔺 7248.50 🔻 7246.50
  📡 RSI: 57.6 | MACD: 0.66 | ATR: 2.05
  📊 Filled: 1 | Pending: 0
  📍 LONG @ 7243.50 | SL: 7235.50 | TP: 7255.50 | P&L: $+1,125.00 | +1.0 to trail
  💰 Daily P&L: $-4,925.00

[2026-04-30 14:46] O:7246.00 H:7247.50 L:7245.75 C:7247.00 V:2003.0
  📈 Trend: strong_bullish
  🗺️  Grid: 0.080% | 🔺 7248.50 🔻 7245.75
  📡 RSI: 64.2 | MACD: 0.73 | ATR: 2.02
  📊 Filled: 1 | Pending: 0
  📍 LONG @ 7243.50 | SL: 7235.50 | TP: 7255.50 | P&L: $+1,750.00 | +1.0 to trail
  💰 Daily P&L: $-4,925.00

[2026-04-30 14:47] O:7247.00 H:7247.50 L:7246.25 C:7246.75 V:2298.0
  📈 Trend: strong_bullish
  🗺️  Grid: 0.080% | 🔺 7247.50 🔻 7245.75
  📡 RSI: 59.7 | MACD: 0.75 | ATR: 1.95
  📊 Filled: 1 | Pending: 0
  📍 LONG @ 7243.50 | SL: 7235.50 | TP: 7255.50 | P&L: $+1,625.00 | +1.0 to trail
  💰 Daily P&L: $-4,925.00

[2026-04-30 14:48] O:7246.75 H:7248.00 L:7246.25 C:7247.00 V:2667.0
  📈 Trend: strong_bullish
  🗺️  Grid: 0.080% | 🔺 7247.50 🔻 7246.25
  📡 RSI: 60.3 | MACD: 0.79 | ATR: 1.96
  📊 Filled: 1 | Pending: 0
  📍 LONG @ 7243.50 | SL: 7235.50 | TP: 7255.50 | P&L: $+1,750.00 | +1.0 to trail
  💰 Daily P&L: $-4,925.00

[2026-04-30 14:49] O:7247.00 H:7249.75 L:7246.50 C:7249.25 V:3135.0
  📈 Trend: strong_bullish
  🗺️  Grid: 0.080% | 🔺 7248.00 🔻 7246.25
  📡 RSI: 68.1 | MACD: 0.98 | ATR: 2.09
  📊 Filled: 1 | Pending: 0
  📍 LONG @ 7243.50 | SL: 7235.50 | TP: 7255.50 | P&L: $+2,875.00 | +1.0 to trail
  ✏️ Stop order 212 modified → 7249.50 [confirmed]
  🔄 TRAILING ACTIVATED @ +6.25pts | Stop: 7235.50 → 7249.50
  💰 Daily P&L: $-4,925.00
  ✅ Fill: SLD 10.0 @ 7248.5
  📋 Order 212 status: Filled
  📋 Order 213 status: Cancelled

[2026-04-30 14:50] O:7249.25 H:7251.25 L:7247.00 C:7248.00 V:10693.0
  📈 Trend: strong_bullish
  🗺️  Grid: 0.080% | 🔺 7249.75 🔻 7246.50
  📡 RSI: 60.9 | MACD: 1.02 | ATR: 2.25
  📊 Filled: 1 | Pending: 0
  📍 LONG @ 7243.50 | Trail: 7249.50 | TP: 7255.50 | P&L: $+2,250.00 | 🔒 Trailing
  ✅ EXIT LONG @ 7248.50 | Trailing Stop
     P&L: +5.00 pts ($+2,500.00) | Daily: $-2,425.00
  ⏸️ Cooldown: 2 bar(s) remaining after exit
  💰 Daily P&L: $-2,425.00

[2026-04-30 14:51] O:7248.00 H:7248.25 L:7246.00 C:7246.50 V:4767.0
  📈 Trend: strong_bullish
  🗺️  Grid: 0.080% | 🔺 7251.25 🔻 7247.00
  📡 RSI: 57.5 | MACD: 0.93 | ATR: 2.27
  📊 Filled: 0 | Pending: 0
  ⏸️ Cooldown: 1 bar(s) remaining after exit
  💰 Daily P&L: $-2,425.00
→ Real-time bars cancelled
✓ Disconnected from IBKR
