Logging to: es_bot_20260424_093735.log

============================================================
📈 MODE: SCALP
   • 10 contract(s) max
   • Grid entries only
   • Trailing stop enabled
   • SL: ~8 pts | TP: ~12 pts | Trail activates: +6 pts
   • Best for: Normal sessions, choppy/ranging opens
============================================================
✓ Connected to IBKR (paper) - clientId=10
✓ Front-month contract: ESM6 expiry=20260618

============================================================
Loading historical data for indicator warm-up...
============================================================
→ Fetching historical bars (1 D, 1 min)...
✓ Loaded 938 historical bars

Processing 938 historical bars...

Indicators ready!
  Bars loaded: 938
  Last price: 7155.50
  Trend: strong_bearish
  RSI: 30.8
  ATR: 3.75
  MACD: -3.09 / Signal: -2.09
  MA: 7161.61 / 7162.45 / 7165.04

------------------------------------------------------------
Account Value: $1,070,529.90
Buying Power: $4,270,399.48
Current Position: 0 contracts
------------------------------------------------------------

============================================================
Starting live 1-minute bar stream...
Strategy is now ACTIVE (SCALP mode)
============================================================

→ Subscribed to 5-second real-time bars (aggregating to 1 min)

[2026-04-24 08:37] O:7155.50 H:7157.75 L:7155.25 C:7156.25 V:2330.0
  📈 Trend: sideways (raw: strong_bearish)
  🗺️  Grid: 0.080% | 🔺 7155.50 🔻 7153.25
  📡 RSI: 31.5 | MACD: -2.96 | ATR: 3.75
  📊 Filled: 0 | Pending: 0
  💰 Daily P&L: $+0.00

[2026-04-24 08:38] O:7156.25 H:7158.50 L:7154.50 C:7158.50 V:3869.0
  📈 Trend: strong_bearish
  🗺️  Grid: 0.080% | 🔺 7157.75 🔻 7155.25
  📡 RSI: 38.4 | MACD: -2.64 | ATR: 3.86
  📊 Filled: 0 | Pending: 0
  💰 Daily P&L: $+0.00

[2026-04-24 08:39] O:7158.25 H:7159.50 L:7156.25 C:7158.25 V:4449.0
  📈 Trend: strong_bearish
  🗺️  Grid: 0.080% | 🔺 7158.50 🔻 7154.50
  📡 RSI: 40.6 | MACD: -2.38 | ATR: 3.95
  📊 Filled: 0 | Pending: 0
  💰 Daily P&L: $+0.00

[2026-04-24 08:40] O:7158.50 H:7160.00 L:7157.25 C:7159.00 V:4875.0
  📈 Trend: strong_bearish
  🗺️  Grid: 0.080% | 🔺 7159.50 🔻 7156.25
  📡 RSI: 42.6 | MACD: -2.09 | ATR: 4.05
  📊 Filled: 0 | Pending: 0
  💰 Daily P&L: $+0.00

[2026-04-24 08:41] O:7159.00 H:7159.50 L:7155.75 C:7158.00 V:4261.0
  📈 Trend: strong_bearish
  🗺️  Grid: 0.080% | 🔺 7160.00 🔻 7157.25
  📡 RSI: 37.7 | MACD: -1.92 | ATR: 4.18
  📊 Filled: 0 | Pending: 0
  💰 Daily P&L: $+0.00

[2026-04-24 08:42] O:7158.25 H:7160.50 L:7157.75 C:7158.25 V:3889.0
  📈 Trend: strong_bearish
  🗺️  Grid: 0.080% | 🔺 7159.50 🔻 7155.75
  📡 RSI: 41.0 | MACD: -1.75 | ATR: 4.16
  📊 Filled: 0 | Pending: 0
  💰 Daily P&L: $+0.00

[2026-04-24 08:43] O:7158.25 H:7158.75 L:7155.00 C:7155.50 V:3391.0
  📈 Trend: strong_bearish
  🗺️  Grid: 0.080% | 🔺 7160.50 🔻 7157.75
  📡 RSI: 43.2 | MACD: -1.81 | ATR: 3.79
  📊 Filled: 0 | Pending: 0
  💰 Daily P&L: $+0.00

[2026-04-24 08:44] O:7155.50 H:7156.50 L:7153.50 C:7154.75 V:4157.0
  📈 Trend: strong_bearish
  🗺️  Grid: 0.080% | 🔺 7158.75 🔻 7155.00
  📡 RSI: 44.6 | MACD: -1.90 | ATR: 3.59
  📊 Filled: 0 | Pending: 0
  💰 Daily P&L: $+0.00

[2026-04-24 08:45] O:7155.00 H:7157.50 L:7153.50 C:7155.75 V:5003.0
  📈 Trend: strong_bearish
  🗺️  Grid: 0.080% | 🔺 7156.50 🔻 7153.50
  📡 RSI: 52.3 | MACD: -1.86 | ATR: 3.54
  📊 Filled: 0 | Pending: 0
  💰 Daily P&L: $+0.00

[2026-04-24 08:46] O:7155.75 H:7156.25 L:7152.50 C:7154.75 V:4316.0
  📈 Trend: strong_bearish
  🗺️  Grid: 0.080% | 🔺 7157.50 🔻 7153.50
  📡 RSI: 45.1 | MACD: -1.90 | ATR: 3.50
  📊 Filled: 0 | Pending: 0
  💰 Daily P&L: $+0.00

[2026-04-24 08:47] O:7154.75 H:7155.50 L:7152.00 C:7154.75 V:3650.0
  📈 Trend: strong_bearish
  🗺️  Grid: 0.080% | 🔺 7156.25 🔻 7152.50
  📡 RSI: 52.1 | MACD: -1.90 | ATR: 3.38
  📊 Filled: 0 | Pending: 0
  💰 Daily P&L: $+0.00

[2026-04-24 08:48] O:7154.75 H:7159.00 L:7154.25 C:7156.50 V:3763.0
  📈 Trend: strong_bearish
  🗺️  Grid: 0.080% | 🔺 7155.50 🔻 7152.00
  📡 RSI: 65.7 | MACD: -1.74 | ATR: 3.43
  📊 Filled: 0 | Pending: 0
  💰 Daily P&L: $+0.00

[2026-04-24 08:49] O:7156.75 H:7158.50 L:7155.00 C:7158.25 V:3124.0
  📈 Trend: strong_bearish (raw: moderate_bearish)
  🗺️  Grid: 0.080% | 🔺 7159.00 🔻 7154.25
  📡 RSI: 64.1 | MACD: -1.46 | ATR: 3.39
  📊 Filled: 0 | Pending: 0
  💰 Daily P&L: $+0.00

[2026-04-24 08:50] O:7158.25 H:7160.50 L:7156.50 C:7156.75 V:4662.0
  📈 Trend: moderate_bearish
  🗺️  Grid: 0.080% | 🔺 7158.50 🔻 7155.00
  📡 RSI: 54.0 | MACD: -1.34 | ATR: 3.52
  📊 Filled: 0 | Pending: 0
  💰 Daily P&L: $+0.00

[2026-04-24 08:51] O:7156.50 H:7156.75 L:7153.75 C:7155.50 V:4005.0
  📈 Trend: moderate_bearish (raw: strong_bearish)
  🗺️  Grid: 0.080% | 🔺 7160.50 🔻 7156.50
  📡 RSI: 47.7 | MACD: -1.33 | ATR: 3.55
  📊 Filled: 0 | Pending: 0
  💰 Daily P&L: $+0.00

[2026-04-24 08:52] O:7155.25 H:7157.50 L:7154.50 C:7155.25 V:3823.0
  📈 Trend: moderate_bearish
  🗺️  Grid: 0.080% | 🔺 7156.75 🔻 7153.75
  📡 RSI: 38.6 | MACD: -1.33 | ATR: 3.48
  📊 Filled: 0 | Pending: 0
  💰 Daily P&L: $+0.00

[2026-04-24 08:53] O:7155.25 H:7155.50 L:7153.25 C:7154.25 V:3196.0
  📈 Trend: moderate_bearish
  🗺️  Grid: 0.080% | 🔺 7157.50 🔻 7154.50
  📡 RSI: 36.7 | MACD: -1.39 | ATR: 3.41
  📊 Filled: 0 | Pending: 0
  💰 Daily P&L: $+0.00

[2026-04-24 08:54] O:7154.25 H:7154.25 L:7149.25 C:7150.25 V:4363.0
  📈 Trend: moderate_bearish (raw: strong_bearish)
  🗺️  Grid: 0.080% | 🔺 7155.50 🔻 7153.25
  📡 RSI: 26.0 | MACD: -1.74 | ATR: 3.57
  📊 Filled: 0 | Pending: 0
  💰 Daily P&L: $+0.00

[2026-04-24 08:55] O:7150.25 H:7150.25 L:7146.00 C:7148.25 V:4956.0
  📈 Trend: strong_bearish
  🗺️  Grid: 0.080% | 🔺 7154.25 🔻 7149.25
  📡 RSI: 24.7 | MACD: -2.16 | ATR: 3.61
  📊 Filled: 0 | Pending: 0
  💰 Daily P&L: $+0.00

[2026-04-24 08:56] O:7148.50 H:7150.00 L:7145.00 C:7149.00 V:5172.0
  📈 Trend: strong_bearish
  🗺️  Grid: 0.080% | 🔺 7150.25 🔻 7146.00
  📡 RSI: 26.6 | MACD: -2.40 | ATR: 3.77
  📊 Filled: 0 | Pending: 0
  💰 Daily P&L: $+0.00

[2026-04-24 08:57] O:7148.75 H:7153.75 L:7148.50 C:7152.75 V:4338.0
  📈 Trend: strong_bearish
  🗺️  Grid: 0.080% | 🔺 7150.00 🔻 7145.00
  📡 RSI: 43.4 | MACD: -2.26 | ATR: 3.88
  📊 Filled: 0 | Pending: 0
  💰 Daily P&L: $+0.00

[2026-04-24 08:58] O:7152.50 H:7155.00 L:7151.50 C:7153.00 V:2686.0
  📈 Trend: strong_bearish
  🗺️  Grid: 0.080% | 🔺 7153.75 🔻 7148.50
  📡 RSI: 45.7 | MACD: -2.11 | ATR: 3.91
  📊 Filled: 0 | Pending: 0
  💰 Daily P&L: $+0.00

[2026-04-24 08:59] O:7152.75 H:7155.75 L:7152.50 C:7154.75 V:2014.0
  📈 Trend: strong_bearish
  🗺️  Grid: 0.080% | 🔺 7155.00 🔻 7151.50
  📡 RSI: 47.6 | MACD: -1.83 | ATR: 3.86
  📊 Filled: 0 | Pending: 0
  💰 Daily P&L: $+0.00

[2026-04-24 09:00] O:7154.75 H:7154.75 L:7148.75 C:7149.50 V:4195.0
  📈 Trend: strong_bearish
  🗺️  Grid: 0.080% | 🔺 7155.75 🔻 7152.50
  📡 RSI: 39.6 | MACD: -2.00 | ATR: 4.02
  📊 Filled: 0 | Pending: 0
  💰 Daily P&L: $+0.00

[2026-04-24 09:01] O:7149.50 H:7157.50 L:7147.25 C:7152.25 V:6502.0
  📈 Trend: strong_bearish
  🗺️  Grid: 0.080% | 🔺 7154.75 🔻 7148.75
  📡 RSI: 45.5 | MACD: -1.90 | ATR: 4.50
  📊 Filled: 0 | Pending: 0
  💰 Daily P&L: $+0.00

[2026-04-24 09:02] O:7152.25 H:7152.25 L:7148.25 C:7148.75 V:4121.0
  📈 Trend: strong_bearish
  🗺️  Grid: 0.080% | 🔺 7157.50 🔻 7147.25
  📡 RSI: 37.0 | MACD: -2.07 | ATR: 4.45
  📊 Filled: 0 | Pending: 0
  💰 Daily P&L: $+0.00

[2026-04-24 09:03] O:7149.00 H:7151.25 L:7146.50 C:7149.25 V:5183.0
  📈 Trend: strong_bearish
  🗺️  Grid: 0.080% | 🔺 7152.25 🔻 7148.25
  📡 RSI: 34.2 | MACD: -2.15 | ATR: 4.54
  📊 Filled: 0 | Pending: 0
  💰 Daily P&L: $+0.00

[2026-04-24 09:04] O:7149.25 H:7154.75 L:7146.50 C:7151.75 V:5182.0
  📈 Trend: strong_bearish
  🗺️  Grid: 0.081% | 🔺 7151.25 🔻 7146.50
  📡 RSI: 41.5 | MACD: -1.98 | ATR: 4.84
  📊 Filled: 0 | Pending: 0
  💰 Daily P&L: $+0.00

[2026-04-24 09:05] O:7151.75 H:7155.50 L:7151.00 C:7152.00 V:4377.0
  📈 Trend: strong_bearish
  🗺️  Grid: 0.083% | 🔺 7154.75 🔻 7146.50
  📡 RSI: 43.9 | MACD: -1.81 | ATR: 4.95
  📊 Filled: 0 | Pending: 0
  💰 Daily P&L: $+0.00

[2026-04-24 09:06] O:7152.00 H:7153.75 L:7150.50 C:7152.75 V:3828.0
  📈 Trend: strong_bearish
  🗺️  Grid: 0.083% | 🔺 7155.50 🔻 7151.00
  📡 RSI: 45.7 | MACD: -1.59 | ATR: 4.96
  📊 Filled: 0 | Pending: 0
  💰 Daily P&L: $+0.00

[2026-04-24 09:07] O:7153.00 H:7153.50 L:7147.75 C:7151.75 V:5674.0
  📈 Trend: strong_bearish
  🗺️  Grid: 0.087% | 🔺 7153.75 🔻 7150.50
  📡 RSI: 45.7 | MACD: -1.49 | ATR: 5.21
  📊 Filled: 0 | Pending: 0
  💰 Daily P&L: $+0.00

[2026-04-24 09:08] O:7152.00 H:7154.50 L:7151.00 C:7153.00 V:2481.0
  📈 Trend: strong_bearish
  🗺️  Grid: 0.086% | 🔺 7153.50 🔻 7147.75
  📡 RSI: 55.2 | MACD: -1.29 | ATR: 5.11
  📊 Filled: 0 | Pending: 0
  💰 Daily P&L: $+0.00

[2026-04-24 09:09] O:7153.25 H:7158.25 L:7153.00 C:7154.75 V:4930.0
  📈 Trend: strong_bearish
  🗺️  Grid: 0.087% | 🔺 7154.50 🔻 7151.00
  📡 RSI: 62.5 | MACD: -0.97 | ATR: 5.18
  📊 Filled: 0 | Pending: 0
  💰 Daily P&L: $+0.00

[2026-04-24 09:10] O:7155.00 H:7155.50 L:7152.25 C:7152.50 V:4657.0
  📈 Trend: strong_bearish
  🗺️  Grid: 0.085% | 🔺 7158.25 🔻 7153.00
  📡 RSI: 56.4 | MACD: -0.90 | ATR: 5.05
  📊 Filled: 0 | Pending: 0
  📤 Limit SELL 5 @ 7152.50 submitted (ID: 167)
  📋 Order 167 status: PreSubmitted
  ✅ Fill: SLD 5.0 @ 7152.75
  📋 Order 167 status: Filled
  ⬇️ SHORT ORDER @ 7152.50 | Size: 1.00 | SL: 7161.00 | TP: 7139.75 [HIGH VOL ATR:5.05→5cts]
     Reason: Grid Short (strong_bearish, RSI: 56.4)
     ⏳ Order 167 PENDING - awaiting fill confirmation
  💰 Daily P&L: $+0.00
  📤 Stop BUY 5 @ 7160.75 submitted (ID: 168)
  📋 Order 168 status: PreSubmitted
  📤 Limit BUY 5 @ 7140.75 submitted (ID: 169)
  📋 Order 169 status: Submitted
  ✅ FILL CONFIRMED: SHORT @ 7152.75 (order 167)
     📊 Bracket placed: SL #168 @ 7160.75 | TP #169 @ 7140.75
     Trail activates @ +6.0 pts

[2026-04-24 09:11] O:7152.25 H:7157.75 L:7152.25 C:7156.50 V:3209.0
  📈 Trend: strong_bearish (raw: moderate_bearish)
  🗺️  Grid: 0.085% | 🔺 7155.50 🔻 7152.25
  📡 RSI: 56.8 | MACD: -0.51 | ATR: 5.07
  📊 Filled: 1 | Pending: 0
  📍 SHORT @ 7152.75 | SL: 7160.75 | TP: 7140.75 | P&L: $-937.50 | +6.0 to trail
  💰 Daily P&L: $+0.00
  ✅ Fill: BOT 5.0 @ 7160.25
  📋 Order 168 status: Filled

[2026-04-24 09:12] O:7156.50 H:7161.25 L:7156.25 C:7160.75 V:6132.0
  📈 Trend: strong_bearish (raw: moderate_bullish)
  🗺️  Grid: 0.087% | 🔺 7157.75 🔻 7152.25
  📡 RSI: 62.2 | MACD: 0.14 | ATR: 5.18
  📊 Filled: 1 | Pending: 0
  📍 SHORT @ 7152.75 | SL: 7160.75 | TP: 7140.75 | P&L: $-2,000.00 | +5.5 to trail
  📋 Order 169 status: PendingCancel
  📋 Order 169 status: Cancelled
  ❌ EXIT SHORT @ 7160.25 | Stop Loss
     P&L: -7.50 pts ($-1,875.00) | Daily: $-1,875.00
  ⏸️ Cooldown: 2 bar(s) remaining after exit
  💰 Daily P&L: $-1,875.00

[2026-04-24 09:13] O:7160.75 H:7162.50 L:7157.25 C:7159.00 V:4145.0
  📈 Trend: moderate_bullish
  🗺️  Grid: 0.089% | 🔺 7161.25 🔻 7156.25
  📡 RSI: 56.7 | MACD: 0.51 | ATR: 5.32
  📊 Filled: 0 | Pending: 0
  ⏸️ Cooldown: 1 bar(s) remaining after exit
  💰 Daily P&L: $-1,875.00

[2026-04-24 09:14] O:7158.75 H:7160.75 L:7154.50 C:7155.75 V:4437.0
  📈 Trend: moderate_bullish
  🗺️  Grid: 0.090% | 🔺 7162.50 🔻 7157.25
  📡 RSI: 60.5 | MACD: 0.53 | ATR: 5.34
  📊 Filled: 0 | Pending: 0
  💰 Daily P&L: $-1,875.00

[2026-04-24 09:15] O:7155.50 H:7158.25 L:7153.75 C:7158.25 V:3210.0
  📈 Trend: moderate_bullish
  🗺️  Grid: 0.083% | 🔺 7160.75 🔻 7154.50
  📡 RSI: 60.2 | MACD: 0.74 | ATR: 4.93
  📊 Filled: 0 | Pending: 0
  💰 Daily P&L: $-1,875.00

[2026-04-24 09:16] O:7158.25 H:7160.75 L:7158.00 C:7159.75 V:2914.0
  📈 Trend: moderate_bullish
  🗺️  Grid: 0.081% | 🔺 7158.25 🔻 7153.75
  📡 RSI: 70.0 | MACD: 1.02 | ATR: 4.84
  📊 Filled: 0 | Pending: 0
  💰 Daily P&L: $-1,875.00

[2026-04-24 09:17] O:7159.75 H:7160.75 L:7157.50 C:7157.50 V:3424.0
  📈 Trend: moderate_bullish
  🗺️  Grid: 0.080% | 🔺 7160.75 🔻 7158.00
  📡 RSI: 64.1 | MACD: 1.04 | ATR: 4.73
  📊 Filled: 0 | Pending: 0
  💰 Daily P&L: $-1,875.00

[2026-04-24 09:18] O:7157.75 H:7157.75 L:7155.00 C:7156.25 V:3089.0
  📈 Trend: moderate_bullish
  🗺️  Grid: 0.080% | 🔺 7160.75 🔻 7157.50
  📡 RSI: 58.0 | MACD: 0.95 | ATR: 4.34
  📊 Filled: 0 | Pending: 0
  💰 Daily P&L: $-1,875.00

[2026-04-24 09:19] O:7156.25 H:7160.25 L:7155.75 C:7159.25 V:2436.0
  📈 Trend: moderate_bullish
  🗺️  Grid: 0.080% | 🔺 7157.75 🔻 7155.00
  📡 RSI: 61.8 | MACD: 1.11 | ATR: 4.34
  📊 Filled: 0 | Pending: 0
  💰 Daily P&L: $-1,875.00

[2026-04-24 09:20] O:7159.00 H:7162.00 L:7158.75 C:7160.00 V:3008.0
  📈 Trend: moderate_bullish (raw: strong_bullish)
  🗺️  Grid: 0.080% | 🔺 7160.25 🔻 7155.75
  📡 RSI: 61.8 | MACD: 1.28 | ATR: 4.34
  📊 Filled: 0 | Pending: 0
  💰 Daily P&L: $-1,875.00

[2026-04-24 09:21] O:7160.00 H:7160.00 L:7155.50 C:7157.25 V:2686.0
  📈 Trend: strong_bullish
  🗺️  Grid: 0.080% | 🔺 7162.00 🔻 7158.75
  📡 RSI: 58.5 | MACD: 1.18 | ATR: 4.25
  📊 Filled: 0 | Pending: 0
  💰 Daily P&L: $-1,875.00

[2026-04-24 09:22] O:7157.00 H:7159.00 L:7156.25 C:7159.00 V:1763.0
  📈 Trend: strong_bullish
  🗺️  Grid: 0.080% | 🔺 7160.00 🔻 7155.50
  📡 RSI: 59.1 | MACD: 1.23 | ATR: 4.20
  📊 Filled: 0 | Pending: 0
  💰 Daily P&L: $-1,875.00

[2026-04-24 09:23] O:7159.00 H:7160.00 L:7157.50 C:7157.75 V:1810.0
  📈 Trend: strong_bullish
  🗺️  Grid: 0.080% | 🔺 7159.00 🔻 7156.25
  📡 RSI: 54.6 | MACD: 1.15 | ATR: 4.00
  📊 Filled: 0 | Pending: 0
  💰 Daily P&L: $-1,875.00

[2026-04-24 09:24] O:7157.50 H:7160.25 L:7156.75 C:7159.00 V:1828.0
  📈 Trend: strong_bullish
  🗺️  Grid: 0.080% | 🔺 7160.00 🔻 7157.50
  📡 RSI: 60.3 | MACD: 1.18 | ATR: 4.02
  📊 Filled: 0 | Pending: 0
  💰 Daily P&L: $-1,875.00

[2026-04-24 09:25] O:7159.25 H:7159.25 L:7156.50 C:7158.00 V:2167.0
  📈 Trend: strong_bullish
  🗺️  Grid: 0.080% | 🔺 7160.25 🔻 7156.75
  📡 RSI: 52.6 | MACD: 1.10 | ATR: 3.82
  📊 Filled: 0 | Pending: 0
  💰 Daily P&L: $-1,875.00

[2026-04-24 09:26] O:7157.75 H:7158.00 L:7150.25 C:7153.25 V:4530.0
  📈 Trend: strong_bullish (raw: moderate_bullish)
  🗺️  Grid: 0.080% | 🔺 7159.25 🔻 7156.50
  📡 RSI: 37.1 | MACD: 0.66 | ATR: 4.02
  📊 Filled: 0 | Pending: 0
  💰 Daily P&L: $-1,875.00

[2026-04-24 09:27] O:7153.25 H:7154.25 L:7150.50 C:7152.00 V:3510.0
  📈 Trend: strong_bullish (raw: moderate_bearish)
  🗺️  Grid: 0.080% | 🔺 7158.00 🔻 7150.25
  📡 RSI: 37.7 | MACD: 0.20 | ATR: 3.91
  📊 Filled: 0 | Pending: 0
  💰 Daily P&L: $-1,875.00

[2026-04-24 09:28] O:7152.25 H:7156.25 L:7150.50 C:7155.25 V:3004.0
  📈 Trend: strong_bullish (raw: moderate_bullish)
  🗺️  Grid: 0.080% | 🔺 7154.25 🔻 7150.50
  📡 RSI: 49.1 | MACD: 0.09 | ATR: 3.88
  📊 Filled: 0 | Pending: 0
  💰 Daily P&L: $-1,875.00

[2026-04-24 09:29] O:7155.00 H:7155.50 L:7152.00 C:7154.00 V:2449.0
  📈 Trend: moderate_bullish
  🗺️  Grid: 0.080% | 🔺 7156.25 🔻 7150.50
  📡 RSI: 42.2 | MACD: -0.09 | ATR: 3.80
  📊 Filled: 0 | Pending: 0
  💰 Daily P&L: $-1,875.00

[2026-04-24 09:30] O:7154.00 H:7156.50 L:7152.25 C:7152.50 V:3048.0
  📈 Trend: moderate_bullish (raw: strong_bearish)
  🗺️  Grid: 0.080% | 🔺 7155.50 🔻 7152.00
  📡 RSI: 36.7 | MACD: -0.35 | ATR: 3.91
  📊 Filled: 0 | Pending: 0
  💰 Daily P&L: $-1,875.00

[2026-04-24 09:31] O:7152.25 H:7153.00 L:7150.50 C:7150.75 V:3177.0
  📈 Trend: strong_bearish
  🗺️  Grid: 0.080% | 🔺 7156.50 🔻 7152.25
  📡 RSI: 37.4 | MACD: -0.69 | ATR: 3.86
  📊 Filled: 0 | Pending: 0
  💰 Daily P&L: $-1,875.00

[2026-04-24 09:32] O:7150.75 H:7154.00 L:7149.50 C:7153.25 V:4260.0
  📈 Trend: strong_bearish
  🗺️  Grid: 0.080% | 🔺 7153.00 🔻 7150.50
  📡 RSI: 44.6 | MACD: -0.74 | ATR: 3.98
  📊 Filled: 0 | Pending: 0
  💰 Daily P&L: $-1,875.00

[2026-04-24 09:33] O:7153.25 H:7154.00 L:7152.00 C:7153.50 V:2893.0
  📈 Trend: strong_bearish
  🗺️  Grid: 0.080% | 🔺 7154.00 🔻 7149.50
  📡 RSI: 38.6 | MACD: -0.76 | ATR: 3.80
  📊 Filled: 0 | Pending: 0
  💰 Daily P&L: $-1,875.00

[2026-04-24 09:34] O:7153.50 H:7158.00 L:7153.50 C:7156.75 V:2930.0
  📈 Trend: strong_bearish
  🗺️  Grid: 0.080% | 🔺 7154.00 🔻 7152.00
  📡 RSI: 44.1 | MACD: -0.51 | ATR: 3.89
  📊 Filled: 0 | Pending: 0
  💰 Daily P&L: $-1,875.00

[2026-04-24 09:35] O:7156.75 H:7157.75 L:7154.75 C:7157.50 V:2098.0
  📈 Trend: strong_bearish (raw: moderate_bearish)
  🗺️  Grid: 0.080% | 🔺 7158.00 🔻 7153.50
  📡 RSI: 50.5 | MACD: -0.24 | ATR: 3.79
  📊 Filled: 0 | Pending: 0
  💰 Daily P&L: $-1,875.00

[2026-04-24 09:36] O:7157.50 H:7159.50 L:7156.75 C:7158.50 V:3801.0
  📈 Trend: strong_bearish (raw: strong_bullish)
  🗺️  Grid: 0.080% | 🔺 7157.75 🔻 7154.75
  📡 RSI: 49.0 | MACD: 0.05 | ATR: 3.79
  📊 Filled: 0 | Pending: 0
  💰 Daily P&L: $-1,875.00

[2026-04-24 09:37] O:7158.50 H:7159.50 L:7155.25 C:7155.75 V:3419.0
  📈 Trend: strong_bearish (raw: moderate_bullish)
  🗺️  Grid: 0.080% | 🔺 7159.50 🔻 7156.75
  📡 RSI: 46.2 | MACD: 0.05 | ATR: 3.91
  📊 Filled: 0 | Pending: 0
  💰 Daily P&L: $-1,875.00

[2026-04-24 09:38] O:7155.75 H:7164.75 L:7154.50 C:7161.75 V:5690.0
  📈 Trend: strong_bearish (raw: strong_bullish)
  🗺️  Grid: 0.080% | 🔺 7159.50 🔻 7155.25
  📡 RSI: 54.4 | MACD: 0.54 | ATR: 4.39
  📊 Filled: 0 | Pending: 0
  💰 Daily P&L: $-1,875.00

[2026-04-24 09:39] O:7161.50 H:7164.00 L:7160.75 C:7161.00 V:3141.0
  📈 Trend: strong_bullish
  🗺️  Grid: 0.080% | 🔺 7164.75 🔻 7154.50
  📡 RSI: 54.8 | MACD: 0.85 | ATR: 4.43
  📊 Filled: 0 | Pending: 0
  💰 Daily P&L: $-1,875.00

[2026-04-24 09:40] O:7161.00 H:7163.50 L:7160.75 C:7162.50 V:2216.0
  📈 Trend: strong_bullish
  🗺️  Grid: 0.080% | 🔺 7164.00 🔻 7160.75
  📡 RSI: 66.7 | MACD: 1.21 | ATR: 4.07
  📊 Filled: 0 | Pending: 0
  💰 Daily P&L: $-1,875.00

[2026-04-24 09:41] O:7162.50 H:7164.75 L:7161.75 C:7162.25 V:2767.0
  📈 Trend: strong_bullish
  🗺️  Grid: 0.080% | 🔺 7163.50 🔻 7160.75
  📡 RSI: 69.2 | MACD: 1.45 | ATR: 4.02
  📊 Filled: 0 | Pending: 0
  💰 Daily P&L: $-1,875.00

[2026-04-24 09:42] O:7162.50 H:7164.00 L:7160.75 C:7161.00 V:2285.0
  📈 Trend: strong_bullish
  🗺️  Grid: 0.080% | 🔺 7164.75 🔻 7161.75
  📡 RSI: 61.6 | MACD: 1.53 | ATR: 3.84
  📊 Filled: 0 | Pending: 0
  💰 Daily P&L: $-1,875.00

[2026-04-24 09:43] O:7161.00 H:7164.25 L:7160.75 C:7163.75 V:2562.0
  📈 Trend: strong_bullish
  🗺️  Grid: 0.080% | 🔺 7164.00 🔻 7160.75
  📡 RSI: 68.6 | MACD: 1.79 | ATR: 3.84
  📊 Filled: 0 | Pending: 0
  💰 Daily P&L: $-1,875.00

[2026-04-24 09:44] O:7163.75 H:7166.50 L:7163.00 C:7165.25 V:3802.0
  📈 Trend: strong_bullish
  🗺️  Grid: 0.080% | 🔺 7164.25 🔻 7160.75
  📡 RSI: 74.3 | MACD: 2.09 | ATR: 3.79
  📊 Filled: 0 | Pending: 0
  💰 Daily P&L: $-1,875.00

[2026-04-24 09:45] O:7165.50 H:7166.75 L:7164.75 C:7165.00 V:3835.0
  📈 Trend: strong_bullish
  🗺️  Grid: 0.080% | 🔺 7166.50 🔻 7163.00
  📡 RSI: 78.8 | MACD: 2.28 | ATR: 3.75
  📊 Filled: 0 | Pending: 0
  💰 Daily P&L: $-1,875.00

[2026-04-24 09:46] O:7165.00 H:7170.75 L:7164.00 C:7169.00 V:5565.0
  📈 Trend: strong_bullish
  🗺️  Grid: 0.080% | 🔺 7166.75 🔻 7164.75
  📡 RSI: 80.0 | MACD: 2.73 | ATR: 3.91
  📊 Filled: 0 | Pending: 0
  💰 Daily P&L: $-1,875.00

[2026-04-24 09:47] O:7169.00 H:7169.25 L:7165.00 C:7165.75 V:3440.0
  📈 Trend: strong_bullish
  🗺️  Grid: 0.080% | 🔺 7170.75 🔻 7164.00
  📡 RSI: 70.9 | MACD: 2.79 | ATR: 4.07
  📊 Filled: 0 | Pending: 0
  💰 Daily P&L: $-1,875.00

[2026-04-24 09:48] O:7166.00 H:7168.00 L:7163.25 C:7163.75 V:2984.0
  📈 Trend: strong_bullish
  🗺️  Grid: 0.080% | 🔺 7169.25 🔻 7165.00
  📡 RSI: 62.5 | MACD: 2.64 | ATR: 4.09
  📊 Filled: 0 | Pending: 0
  💰 Daily P&L: $-1,875.00

[2026-04-24 09:49] O:7163.50 H:7168.00 L:7162.25 C:7167.25 V:2788.0
  📈 Trend: strong_bullish
  🗺️  Grid: 0.080% | 🔺 7168.00 🔻 7163.25
  📡 RSI: 65.9 | MACD: 2.78 | ATR: 4.29
  📊 Filled: 0 | Pending: 0
  💰 Daily P&L: $-1,875.00

[2026-04-24 09:50] O:7167.00 H:7168.75 L:7166.50 C:7167.50 V:2951.0
  📈 Trend: strong_bullish
  🗺️  Grid: 0.080% | 🔺 7168.00 🔻 7162.25
  📡 RSI: 65.0 | MACD: 2.87 | ATR: 4.25
  📊 Filled: 0 | Pending: 0
  💰 Daily P&L: $-1,875.00

[2026-04-24 09:51] O:7167.25 H:7168.75 L:7164.75 C:7167.75 V:2212.0
  📈 Trend: strong_bullish
  🗺️  Grid: 0.080% | 🔺 7168.75 🔻 7166.50
  📡 RSI: 71.8 | MACD: 2.93 | ATR: 4.23
  📊 Filled: 0 | Pending: 0
  💰 Daily P&L: $-1,875.00

[2026-04-24 09:52] O:7167.75 H:7169.00 L:7167.50 C:7167.75 V:1644.0
  📈 Trend: strong_bullish
  🗺️  Grid: 0.080% | 🔺 7168.75 🔻 7164.75
  📡 RSI: 64.0 | MACD: 2.95 | ATR: 3.61
  📊 Filled: 0 | Pending: 0
  💰 Daily P&L: $-1,875.00

[2026-04-24 09:53] O:7167.50 H:7169.00 L:7167.25 C:7168.00 V:1447.0
  📈 Trend: strong_bullish
  🗺️  Grid: 0.080% | 🔺 7169.00 🔻 7167.50
  📡 RSI: 66.7 | MACD: 2.95 | ATR: 3.50
  📊 Filled: 0 | Pending: 0
  💰 Daily P&L: $-1,875.00

[2026-04-24 09:54] O:7168.00 H:7168.75 L:7166.50 C:7166.50 V:1447.0
  📈 Trend: strong_bullish
  🗺️  Grid: 0.080% | 🔺 7169.00 🔻 7167.25
  📡 RSI: 59.5 | MACD: 2.79 | ATR: 3.46
  📊 Filled: 0 | Pending: 0
  💰 Daily P&L: $-1,875.00

[2026-04-24 09:55] O:7166.75 H:7170.00 L:7166.50 C:7168.25 V:2054.0
  📈 Trend: strong_bullish
  🗺️  Grid: 0.080% | 🔺 7168.75 🔻 7166.50
  📡 RSI: 63.3 | MACD: 2.78 | ATR: 3.50
  📊 Filled: 0 | Pending: 0
  💰 Daily P&L: $-1,875.00

[2026-04-24 09:56] O:7168.00 H:7170.50 L:7167.75 C:7170.00 V:1961.0
  📈 Trend: strong_bullish
  🗺️  Grid: 0.080% | 🔺 7170.00 🔻 7166.50
  📡 RSI: 69.6 | MACD: 2.87 | ATR: 3.46
  📊 Filled: 0 | Pending: 0
  💰 Daily P&L: $-1,875.00

[2026-04-24 09:57] O:7170.00 H:7171.75 L:7169.75 C:7171.50 V:2690.0
  📈 Trend: strong_bullish
  🗺️  Grid: 0.080% | 🔺 7170.50 🔻 7167.75
  📡 RSI: 67.8 | MACD: 3.04 | ATR: 3.36
  📊 Filled: 0 | Pending: 0
  💰 Daily P&L: $-1,875.00

[2026-04-24 09:58] O:7171.25 H:7171.50 L:7168.50 C:7169.75 V:2255.0
  📈 Trend: strong_bullish
  🗺️  Grid: 0.080% | 🔺 7171.75 🔻 7169.75
  📡 RSI: 60.2 | MACD: 2.99 | ATR: 3.32
  📊 Filled: 0 | Pending: 0
  💰 Daily P&L: $-1,875.00

[2026-04-24 09:59] O:7169.50 H:7170.75 L:7169.25 C:7170.00 V:1486.0
  📈 Trend: strong_bullish
  🗺️  Grid: 0.080% | 🔺 7171.50 🔻 7168.50
  📡 RSI: 61.4 | MACD: 2.94 | ATR: 3.29
  📊 Filled: 0 | Pending: 0
  💰 Daily P&L: $-1,875.00

[2026-04-24 10:00] O:7170.00 H:7171.25 L:7168.75 C:7170.00 V:2363.0
  📈 Trend: strong_bullish
  🗺️  Grid: 0.080% | 🔺 7170.75 🔻 7169.25
  📡 RSI: 52.8 | MACD: 2.87 | ATR: 2.98
  📊 Filled: 0 | Pending: 0
  💰 Daily P&L: $-1,875.00

[2026-04-24 10:01] O:7170.25 H:7171.75 L:7170.00 C:7171.00 V:2320.0
  📈 Trend: strong_bullish
  🗺️  Grid: 0.080% | 🔺 7171.25 🔻 7168.75
  📡 RSI: 66.7 | MACD: 2.86 | ATR: 2.80
  📊 Filled: 0 | Pending: 0
  💰 Daily P&L: $-1,875.00

[2026-04-24 10:02] O:7171.25 H:7171.25 L:7169.25 C:7171.00 V:3523.0
  📈 Trend: strong_bullish (raw: moderate_bullish)
  🗺️  Grid: 0.080% | 🔺 7171.75 🔻 7170.00
  📡 RSI: 76.4 | MACD: 2.82 | ATR: 2.61
  📊 Filled: 0 | Pending: 0
  💰 Daily P&L: $-1,875.00

[2026-04-24 10:03] O:7171.25 H:7172.00 L:7170.50 C:7170.75 V:1960.0
  📈 Trend: moderate_bullish
  🗺️  Grid: 0.080% | 🔺 7171.25 🔻 7169.25
  📡 RSI: 66.7 | MACD: 2.73 | ATR: 2.30
  📊 Filled: 0 | Pending: 0
  💰 Daily P&L: $-1,875.00

[2026-04-24 10:04] O:7170.75 H:7171.00 L:7169.25 C:7170.00 V:2313.0
  📈 Trend: moderate_bullish
  🗺️  Grid: 0.080% | 🔺 7172.00 🔻 7170.50
  📡 RSI: 61.4 | MACD: 2.58 | ATR: 2.27
  📊 Filled: 0 | Pending: 0
  💰 Daily P&L: $-1,875.00

[2026-04-24 10:05] O:7170.00 H:7171.25 L:7169.00 C:7169.75 V:2113.0
  📈 Trend: moderate_bullish
  🗺️  Grid: 0.080% | 🔺 7171.00 🔻 7169.25
  📡 RSI: 59.1 | MACD: 2.40 | ATR: 2.14
  📊 Filled: 0 | Pending: 0
  💰 Daily P&L: $-1,875.00

[2026-04-24 10:06] O:7170.00 H:7170.75 L:7167.50 C:7168.00 V:2949.0
  📈 Trend: moderate_bullish
  🗺️  Grid: 0.080% | 🔺 7171.25 🔻 7169.00
  📡 RSI: 51.0 | MACD: 2.10 | ATR: 2.27
  📊 Filled: 0 | Pending: 0
  💰 Daily P&L: $-1,875.00

[2026-04-24 10:07] O:7168.00 H:7170.75 L:7167.50 C:7169.75 V:3348.0
  📈 Trend: moderate_bullish
  🗺️  Grid: 0.080% | 🔺 7170.75 🔻 7167.50
  📡 RSI: 56.1 | MACD: 1.98 | ATR: 2.38
  📊 Filled: 0 | Pending: 0
  💰 Daily P&L: $-1,875.00

[2026-04-24 10:08] O:7169.50 H:7171.50 L:7169.50 C:7170.25 V:2868.0
  📈 Trend: moderate_bullish
  🗺️  Grid: 0.080% | 🔺 7170.75 🔻 7167.50
  📡 RSI: 64.2 | MACD: 1.90 | ATR: 2.36
  📊 Filled: 0 | Pending: 0
  💰 Daily P&L: $-1,875.00

[2026-04-24 10:09] O:7170.25 H:7172.25 L:7170.25 C:7171.25 V:2317.0
  📈 Trend: moderate_bullish
  🗺️  Grid: 0.080% | 🔺 7171.50 🔻 7169.50
  📡 RSI: 62.0 | MACD: 1.90 | ATR: 2.25
  📊 Filled: 0 | Pending: 0
  💰 Daily P&L: $-1,875.00

[2026-04-24 10:10] O:7171.25 H:7173.00 L:7171.25 C:7172.00 V:2336.0
  📈 Trend: moderate_bullish (raw: strong_bullish)
  🗺️  Grid: 0.080% | 🔺 7172.25 🔻 7170.25
  📡 RSI: 58.7 | MACD: 1.94 | ATR: 2.18
  📊 Filled: 0 | Pending: 0
  💰 Daily P&L: $-1,875.00

[2026-04-24 10:11] O:7172.00 H:7173.50 L:7171.00 C:7172.25 V:2520.0
  📈 Trend: strong_bullish
  🗺️  Grid: 0.080% | 🔺 7173.00 🔻 7171.25
  📡 RSI: 53.7 | MACD: 1.96 | ATR: 2.21
  📊 Filled: 0 | Pending: 0
  💰 Daily P&L: $-1,875.00

[2026-04-24 10:12] O:7172.50 H:7174.50 L:7172.25 C:7173.25 V:2425.0
  📈 Trend: strong_bullish
  🗺️  Grid: 0.080% | 🔺 7173.50 🔻 7171.00
  📡 RSI: 68.4 | MACD: 2.04 | ATR: 2.16
  📊 Filled: 0 | Pending: 0
  💰 Daily P&L: $-1,875.00

[2026-04-24 10:13] O:7173.25 H:7174.25 L:7172.50 C:7173.00 V:2059.0
  📈 Trend: strong_bullish
  🗺️  Grid: 0.080% | 🔺 7174.50 🔻 7172.25
  📡 RSI: 65.8 | MACD: 2.06 | ATR: 2.18
  📊 Filled: 0 | Pending: 0
  💰 Daily P&L: $-1,875.00

[2026-04-24 10:14] O:7173.00 H:7173.50 L:7171.50 C:7173.25 V:2851.0
  📈 Trend: strong_bullish
  🗺️  Grid: 0.080% | 🔺 7174.25 🔻 7172.50
  📡 RSI: 66.7 | MACD: 2.07 | ATR: 2.14
  📊 Filled: 0 | Pending: 0
  💰 Daily P&L: $-1,875.00

[2026-04-24 10:15] O:7173.25 H:7174.25 L:7171.75 C:7171.75 V:2554.0
  📈 Trend: strong_bullish
  🗺️  Grid: 0.080% | 🔺 7173.50 🔻 7171.50
  📡 RSI: 53.7 | MACD: 1.93 | ATR: 2.20
  📊 Filled: 0 | Pending: 0
  💰 Daily P&L: $-1,875.00

[2026-04-24 10:16] O:7172.00 H:7172.75 L:7171.25 C:7172.25 V:2392.0
  📈 Trend: strong_bullish
  🗺️  Grid: 0.080% | 🔺 7174.25 🔻 7171.75
  📡 RSI: 55.8 | MACD: 1.85 | ATR: 2.16
  📊 Filled: 0 | Pending: 0
  💰 Daily P&L: $-1,875.00

[2026-04-24 10:17] O:7172.25 H:7173.25 L:7171.25 C:7173.00 V:2955.0
  📈 Trend: strong_bullish
  🗺️  Grid: 0.080% | 🔺 7172.75 🔻 7171.25
  📡 RSI: 60.0 | MACD: 1.82 | ATR: 2.20
  📊 Filled: 0 | Pending: 0
  💰 Daily P&L: $-1,875.00

[2026-04-24 10:18] O:7173.25 H:7173.25 L:7171.50 C:7172.25 V:1328.0
  📈 Trend: strong_bullish
  🗺️  Grid: 0.080% | 🔺 7173.25 🔻 7171.25
  📡 RSI: 60.0 | MACD: 1.71 | ATR: 2.20
  📊 Filled: 0 | Pending: 0
  💰 Daily P&L: $-1,875.00

[2026-04-24 10:19] O:7172.25 H:7173.00 L:7171.25 C:7172.25 V:1575.0
  📈 Trend: strong_bullish
  🗺️  Grid: 0.080% | 🔺 7173.25 🔻 7171.50
  📡 RSI: 61.4 | MACD: 1.61 | ATR: 2.16
  📊 Filled: 0 | Pending: 0
  💰 Daily P&L: $-1,875.00

[2026-04-24 10:20] O:7172.25 H:7173.75 L:7170.75 C:7173.75 V:2317.0
  📈 Trend: strong_bullish
  🗺️  Grid: 0.080% | 🔺 7173.00 🔻 7171.25
  📡 RSI: 76.7 | MACD: 1.63 | ATR: 2.14
  📊 Filled: 0 | Pending: 0
  💰 Daily P&L: $-1,875.00

[2026-04-24 10:21] O:7173.75 H:7175.00 L:7173.50 C:7174.25 V:2211.0
  📈 Trend: strong_bullish
  🗺️  Grid: 0.080% | 🔺 7173.75 🔻 7170.75
  📡 RSI: 73.7 | MACD: 1.67 | ATR: 2.02
  📊 Filled: 0 | Pending: 0
  💰 Daily P&L: $-1,875.00

[2026-04-24 10:22] O:7174.25 H:7175.50 L:7174.25 C:7175.25 V:1830.0
  📈 Trend: strong_bullish
  🗺️  Grid: 0.080% | 🔺 7175.00 🔻 7173.50
  📡 RSI: 75.0 | MACD: 1.76 | ATR: 1.96
  📊 Filled: 0 | Pending: 0
  💰 Daily P&L: $-1,875.00

[2026-04-24 10:23] O:7175.50 H:7177.00 L:7175.25 C:7176.75 V:2860.0
  📈 Trend: strong_bullish
  🗺️  Grid: 0.080% | 🔺 7175.50 🔻 7174.25
  📡 RSI: 76.2 | MACD: 1.93 | ATR: 1.95
  📊 Filled: 0 | Pending: 0
  💰 Daily P&L: $-1,875.00

[2026-04-24 10:24] O:7176.50 H:7177.00 L:7174.75 C:7175.75 V:2023.0
  📈 Trend: strong_bullish
  🗺️  Grid: 0.080% | 🔺 7177.00 🔻 7175.25
  📡 RSI: 67.4 | MACD: 1.97 | ATR: 1.98
  📊 Filled: 0 | Pending: 0
  💰 Daily P&L: $-1,875.00

[2026-04-24 10:25] O:7176.00 H:7176.25 L:7173.25 C:7173.25 V:2796.0
  📈 Trend: strong_bullish
  🗺️  Grid: 0.080% | 🔺 7177.00 🔻 7174.75
  📡 RSI: 53.8 | MACD: 1.77 | ATR: 2.02
  📊 Filled: 0 | Pending: 0
  💰 Daily P&L: $-1,875.00

[2026-04-24 10:26] O:7173.25 H:7173.50 L:7171.50 C:7172.50 V:3150.0
  📈 Trend: strong_bullish
  🗺️  Grid: 0.080% | 🔺 7176.25 🔻 7173.25
  📡 RSI: 47.1 | MACD: 1.54 | ATR: 2.00
  📊 Filled: 0 | Pending: 0
  💰 Daily P&L: $-1,875.00

[2026-04-24 10:27] O:7172.25 H:7173.75 L:7172.00 C:7173.00 V:2160.0
  📈 Trend: strong_bullish
  🗺️  Grid: 0.080% | 🔺 7173.50 🔻 7171.50
  📡 RSI: 50.0 | MACD: 1.37 | ATR: 2.00
  📊 Filled: 0 | Pending: 0
  💰 Daily P&L: $-1,875.00

[2026-04-24 10:28] O:7173.00 H:7174.75 L:7172.75 C:7174.25 V:2332.0
  📈 Trend: strong_bullish
  🗺️  Grid: 0.080% | 🔺 7173.75 🔻 7172.00
  📡 RSI: 53.6 | MACD: 1.33 | ATR: 2.00
  📊 Filled: 0 | Pending: 0
  💰 Daily P&L: $-1,875.00

[2026-04-24 10:29] O:7174.25 H:7174.50 L:7173.00 C:7174.00 V:2275.0
  📈 Trend: strong_bullish
  🗺️  Grid: 0.080% | 🔺 7174.75 🔻 7172.75
  📡 RSI: 58.8 | MACD: 1.26 | ATR: 1.93
  📊 Filled: 0 | Pending: 0
  💰 Daily P&L: $-1,875.00

[2026-04-24 10:30] O:7174.25 H:7175.75 L:7173.25 C:7174.75 V:2678.0
  📈 Trend: strong_bullish
  🗺️  Grid: 0.080% | 🔺 7174.50 🔻 7173.00
  📡 RSI: 59.6 | MACD: 1.26 | ATR: 2.00
  📊 Filled: 0 | Pending: 0
  💰 Daily P&L: $-1,875.00

[2026-04-24 10:31] O:7175.00 H:7176.75 L:7175.00 C:7176.25 V:2554.0
  📈 Trend: strong_bullish
  🗺️  Grid: 0.080% | 🔺 7175.75 🔻 7173.25
  📡 RSI: 61.8 | MACD: 1.35 | ATR: 2.00
  📊 Filled: 0 | Pending: 0
  💰 Daily P&L: $-1,875.00

[2026-04-24 10:32] O:7176.25 H:7176.75 L:7174.25 C:7174.75 V:2166.0
  📈 Trend: strong_bullish
  🗺️  Grid: 0.080% | 🔺 7176.75 🔻 7175.00
  📡 RSI: 58.6 | MACD: 1.30 | ATR: 2.05
  📊 Filled: 0 | Pending: 0
  💰 Daily P&L: $-1,875.00

[2026-04-24 10:33] O:7174.75 H:7176.00 L:7174.25 C:7176.00 V:1808.0
  📈 Trend: strong_bullish
  🗺️  Grid: 0.080% | 🔺 7176.75 🔻 7174.25
  📡 RSI: 61.9 | MACD: 1.34 | ATR: 2.05
  📊 Filled: 0 | Pending: 0
  💰 Daily P&L: $-1,875.00

[2026-04-24 10:34] O:7176.00 H:7176.50 L:7174.50 C:7174.50 V:1894.0
  📈 Trend: strong_bullish
  🗺️  Grid: 0.080% | 🔺 7176.00 🔻 7174.25
  📡 RSI: 52.4 | MACD: 1.23 | ATR: 1.98
  📊 Filled: 0 | Pending: 0
  💰 Daily P&L: $-1,875.00

[2026-04-24 10:35] O:7174.50 H:7175.75 L:7173.25 C:7174.00 V:2289.0
  📈 Trend: strong_bullish
  🗺️  Grid: 0.080% | 🔺 7176.50 🔻 7174.50
  📡 RSI: 49.2 | MACD: 1.10 | ATR: 2.05
  📊 Filled: 0 | Pending: 0
  💰 Daily P&L: $-1,875.00

[2026-04-24 10:36] O:7174.00 H:7174.50 L:7172.75 C:7173.50 V:3982.0
  📈 Trend: strong_bullish
  🗺️  Grid: 0.080% | 🔺 7175.75 🔻 7173.25
  📡 RSI: 44.3 | MACD: 0.94 | ATR: 2.09
  📊 Filled: 0 | Pending: 0
  💰 Daily P&L: $-1,875.00

[2026-04-24 10:37] O:7173.75 H:7174.25 L:7172.25 C:7172.50 V:1929.0
  📈 Trend: strong_bullish
  🗺️  Grid: 0.080% | 🔺 7174.50 🔻 7172.75
  📡 RSI: 35.6 | MACD: 0.73 | ATR: 2.11
  📊 Filled: 0 | Pending: 0
  💰 Daily P&L: $-1,875.00

[2026-04-24 10:38] O:7172.50 H:7174.50 L:7171.50 C:7173.25 V:2983.0
  📈 Trend: strong_bullish
  🗺️  Grid: 0.080% | 🔺 7174.25 🔻 7172.25
  📡 RSI: 41.4 | MACD: 0.61 | ATR: 2.16
  📊 Filled: 0 | Pending: 0
  💰 Daily P&L: $-1,875.00

[2026-04-24 10:39] O:7173.50 H:7173.75 L:7170.50 C:7172.75 V:2739.0
  📈 Trend: strong_bullish (raw: moderate_bullish)
  🗺️  Grid: 0.080% | 🔺 7174.50 🔻 7171.50
  📡 RSI: 48.0 | MACD: 0.47 | ATR: 2.18
  📊 Filled: 0 | Pending: 0
  💰 Daily P&L: $-1,875.00

[2026-04-24 10:40] O:7172.75 H:7175.25 L:7171.75 C:7174.50 V:2096.0
  📈 Trend: strong_bullish
  🗺️  Grid: 0.080% | 🔺 7173.75 🔻 7170.50
  📡 RSI: 57.4 | MACD: 0.50 | ATR: 2.29
  📊 Filled: 0 | Pending: 0
  💰 Daily P&L: $-1,875.00

[2026-04-24 10:41] O:7174.75 H:7176.75 L:7174.00 C:7176.00 V:2424.0
  📈 Trend: strong_bullish
  🗺️  Grid: 0.080% | 🔺 7175.25 🔻 7171.75
  📡 RSI: 60.3 | MACD: 0.63 | ATR: 2.36
  📊 Filled: 0 | Pending: 0
  💰 Daily P&L: $-1,875.00

[2026-04-24 10:42] O:7176.00 H:7176.25 L:7174.25 C:7175.00 V:1543.0
  📈 Trend: strong_bullish (raw: moderate_bullish)
  🗺️  Grid: 0.080% | 🔺 7176.75 🔻 7174.00
  📡 RSI: 52.6 | MACD: 0.65 | ATR: 2.36
  📊 Filled: 0 | Pending: 0
  💰 Daily P&L: $-1,875.00

[2026-04-24 10:43] O:7175.00 H:7175.00 L:7173.25 C:7174.25 V:1380.0
  📈 Trend: moderate_bullish
  🗺️  Grid: 0.080% | 🔺 7176.25 🔻 7174.25
  📡 RSI: 50.8 | MACD: 0.60 | ATR: 2.38
  📊 Filled: 0 | Pending: 0
  💰 Daily P&L: $-1,875.00

[2026-04-24 10:44] O:7174.25 H:7191.50 L:7172.50 C:7189.75 V:21668.0
  📈 Trend: moderate_bullish (raw: strong_bullish)
  🗺️  Grid: 0.080% | 🔺 7175.00 🔻 7173.25
  📡 RSI: 75.4 | MACD: 1.79 | ATR: 3.55
  📊 Filled: 0 | Pending: 0
  💰 Daily P&L: $-1,875.00

[2026-04-24 10:45] O:7190.00 H:7197.25 L:7185.75 C:7186.25 V:19777.0
  📈 Trend: strong_bullish
  🗺️  Grid: 0.080% | 🔺 7191.50 🔻 7172.50
  📡 RSI: 65.9 | MACD: 2.42 | ATR: 4.23
  📊 Filled: 0 | Pending: 0
  💰 Daily P&L: $-1,875.00

[2026-04-24 10:46] O:7186.25 H:7187.75 L:7182.00 C:7186.75 V:10049.0
  📈 Trend: strong_bullish
  🗺️  Grid: 0.080% | 🔺 7197.25 🔻 7185.75
  📡 RSI: 69.7 | MACD: 2.92 | ATR: 4.46
  📊 Filled: 0 | Pending: 0
  💰 Daily P&L: $-1,875.00

[2026-04-24 10:47] O:7186.75 H:7191.75 L:7186.50 C:7188.50 V:6376.0
  📈 Trend: strong_bullish
  🗺️  Grid: 0.080% | 🔺 7187.75 🔻 7182.00
  📡 RSI: 70.2 | MACD: 3.43 | ATR: 4.71
  📊 Filled: 0 | Pending: 0
  💰 Daily P&L: $-1,875.00

[2026-04-24 10:48] O:7188.75 H:7190.25 L:7185.75 C:7186.00 V:5253.0
  📈 Trend: strong_bullish
  🗺️  Grid: 0.082% | 🔺 7191.75 🔻 7186.50
  📡 RSI: 68.0 | MACD: 3.58 | ATR: 4.89
  📊 Filled: 0 | Pending: 0
  💰 Daily P&L: $-1,875.00

[2026-04-24 10:49] O:7186.00 H:7189.25 L:7185.00 C:7188.50 V:8782.0
  📈 Trend: strong_bullish
  🗺️  Grid: 0.084% | 🔺 7190.25 🔻 7185.75
  📡 RSI: 71.3 | MACD: 3.86 | ATR: 5.02
  📊 Filled: 0 | Pending: 0
  💰 Daily P&L: $-1,875.00

[2026-04-24 10:50] O:7188.50 H:7196.00 L:7188.50 C:7195.00 V:8668.0
  📈 Trend: strong_bullish
  🗺️  Grid: 0.091% | 🔺 7189.25 🔻 7185.00
  📡 RSI: 76.9 | MACD: 4.56 | ATR: 5.43
  📊 Filled: 0 | Pending: 0
  💰 Daily P&L: $-1,875.00

[2026-04-24 10:51] O:7195.00 H:7195.25 L:7192.25 C:7193.25 V:5591.0
  📈 Trend: strong_bullish
  🗺️  Grid: 0.092% | 🔺 7196.00 🔻 7188.50
  📡 RSI: 75.5 | MACD: 4.91 | ATR: 5.50
  📊 Filled: 0 | Pending: 0
  💰 Daily P&L: $-1,875.00

[2026-04-24 10:52] O:7193.25 H:7196.50 L:7192.00 C:7194.75 V:7591.0
  📈 Trend: strong_bullish
  🗺️  Grid: 0.094% | 🔺 7195.25 🔻 7192.25
  📡 RSI: 75.9 | MACD: 5.25 | ATR: 5.61
  📊 Filled: 0 | Pending: 0
  💰 Daily P&L: $-1,875.00

[2026-04-24 10:53] O:7194.75 H:7196.75 L:7193.25 C:7194.25 V:4204.0
  📈 Trend: strong_bullish
  🗺️  Grid: 0.094% | 🔺 7196.50 🔻 7192.00
  📡 RSI: 75.9 | MACD: 5.42 | ATR: 5.62
  📊 Filled: 0 | Pending: 0
  💰 Daily P&L: $-1,875.00

[2026-04-24 10:54] O:7194.50 H:7196.00 L:7194.00 C:7195.25 V:3498.0
  📈 Trend: strong_bullish
  🗺️  Grid: 0.092% | 🔺 7196.75 🔻 7193.25
  📡 RSI: 75.5 | MACD: 5.57 | ATR: 5.52
  📊 Filled: 0 | Pending: 0
  💰 Daily P&L: $-1,875.00

[2026-04-24 10:55] O:7195.25 H:7196.25 L:7193.50 C:7195.25 V:2651.0
  📈 Trend: strong_bullish
  🗺️  Grid: 0.092% | 🔺 7196.00 🔻 7194.00
  📡 RSI: 74.5 | MACD: 5.62 | ATR: 5.52
  📊 Filled: 0 | Pending: 0
  💰 Daily P&L: $-1,875.00

[2026-04-24 10:56] O:7195.00 H:7195.75 L:7193.00 C:7193.75 V:3408.0
  📈 Trend: strong_bullish
  🗺️  Grid: 0.093% | 🔺 7196.25 🔻 7193.50
  📡 RSI: 73.6 | MACD: 5.48 | ATR: 5.57
  📊 Filled: 0 | Pending: 0
  💰 Daily P&L: $-1,875.00

[2026-04-24 10:57] O:7194.00 H:7195.00 L:7192.00 C:7193.00 V:2850.0
  📈 Trend: strong_bullish
  🗺️  Grid: 0.094% | 🔺 7195.75 🔻 7193.00
  📡 RSI: 73.6 | MACD: 5.24 | ATR: 5.66
  📊 Filled: 0 | Pending: 0
  💰 Daily P&L: $-1,875.00

[2026-04-24 10:58] O:7193.00 H:7193.75 L:7192.00 C:7193.25 V:2456.0
  📈 Trend: strong_bullish
  🗺️  Grid: 0.080% | 🔺 7195.00 🔻 7192.00
  📡 RSI: 57.1 | MACD: 5.02 | ATR: 4.43
  📊 Filled: 0 | Pending: 0
  💰 Daily P&L: $-1,875.00

[2026-04-24 10:59] O:7193.25 H:7194.25 L:7191.75 C:7193.50 V:2566.0
  📈 Trend: strong_bullish
  🗺️  Grid: 0.080% | 🔺 7193.75 🔻 7192.00
  📡 RSI: 67.1 | MACD: 4.81 | ATR: 3.79
  📊 Filled: 0 | Pending: 0
  💰 Daily P&L: $-1,875.00

[2026-04-24 11:00] O:7193.50 H:7195.00 L:7193.00 C:7194.25 V:2997.0
  📈 Trend: strong_bullish
  🗺️  Grid: 0.080% | 🔺 7194.25 🔻 7191.75
  📡 RSI: 67.4 | MACD: 4.65 | ATR: 3.52
  📊 Filled: 0 | Pending: 0
  💰 Daily P&L: $-1,875.00

[2026-04-24 11:01] O:7194.25 H:7195.00 L:7192.00 C:7193.75 V:2896.0
  📈 Trend: strong_bullish
  🗺️  Grid: 0.080% | 🔺 7195.00 🔻 7193.00
  📡 RSI: 63.0 | MACD: 4.43 | ATR: 3.36
  📊 Filled: 0 | Pending: 0
  💰 Daily P&L: $-1,875.00

[2026-04-24 11:02] O:7194.00 H:7194.50 L:7193.25 C:7194.25 V:1556.0
  📈 Trend: strong_bullish
  🗺️  Grid: 0.080% | 🔺 7195.00 🔻 7192.00
  📡 RSI: 72.6 | MACD: 4.25 | ATR: 3.12
  📊 Filled: 0 | Pending: 0
  💰 Daily P&L: $-1,875.00

[2026-04-24 11:03] O:7194.00 H:7194.00 L:7190.25 C:7193.25 V:2804.0
  📈 Trend: strong_bullish
  🗺️  Grid: 0.080% | 🔺 7194.50 🔻 7193.25
  📡 RSI: 64.2 | MACD: 3.98 | ATR: 3.11
  📊 Filled: 0 | Pending: 0
  💰 Daily P&L: $-1,875.00

[2026-04-24 11:04] O:7193.50 H:7194.50 L:7193.25 C:7194.25 V:1793.0
  📈 Trend: strong_bullish
  🗺️  Grid: 0.080% | 🔺 7194.00 🔻 7190.25
  📡 RSI: 46.7 | MACD: 3.80 | ATR: 2.66
  📊 Filled: 0 | Pending: 0
  💰 Daily P&L: $-1,875.00

[2026-04-24 11:05] O:7194.25 H:7195.75 L:7193.00 C:7193.50 V:2066.0
  📈 Trend: strong_bullish
  🗺️  Grid: 0.080% | 🔺 7194.50 🔻 7193.25
  📡 RSI: 51.2 | MACD: 3.56 | ATR: 2.64
  📊 Filled: 0 | Pending: 0
  💰 Daily P&L: $-1,875.00

[2026-04-24 11:06] O:7193.50 H:7195.25 L:7193.50 C:7193.75 V:1390.0
  📈 Trend: strong_bullish
  🗺️  Grid: 0.080% | 🔺 7195.75 🔻 7193.00
  📡 RSI: 44.4 | MACD: 3.35 | ATR: 2.45
  📊 Filled: 0 | Pending: 0
  💰 Daily P&L: $-1,875.00

[2026-04-24 11:07] O:7193.75 H:7193.75 L:7188.50 C:7189.25 V:2374.0
  📈 Trend: strong_bullish
  🗺️  Grid: 0.080% | 🔺 7195.25 🔻 7193.50
  📡 RSI: 30.8 | MACD: 2.78 | ATR: 2.57
  📊 Filled: 0 | Pending: 0
  💰 Daily P&L: $-1,875.00

[2026-04-24 11:08] O:7189.25 H:7190.00 L:7186.75 C:7188.00 V:4228.0
  📈 Trend: strong_bullish (raw: moderate_bullish)
  🗺️  Grid: 0.080% | 🔺 7193.75 🔻 7188.50
  📡 RSI: 22.6 | MACD: 2.21 | ATR: 2.66
  📊 Filled: 0 | Pending: 0
  💰 Daily P&L: $-1,875.00

[2026-04-24 11:09] O:7188.00 H:7189.00 L:7187.00 C:7188.50 V:1890.0
  📈 Trend: moderate_bullish
  🗺️  Grid: 0.080% | 🔺 7190.00 🔻 7186.75
  📡 RSI: 25.5 | MACD: 1.78 | ATR: 2.61
  📊 Filled: 0 | Pending: 0
  💰 Daily P&L: $-1,875.00

[2026-04-24 11:10] O:7188.25 H:7190.75 L:7187.50 C:7190.75 V:2519.0
  📈 Trend: moderate_bullish
  🗺️  Grid: 0.080% | 🔺 7189.00 🔻 7187.00
  📡 RSI: 39.7 | MACD: 1.60 | ATR: 2.64
  📊 Filled: 0 | Pending: 0
  📤 Limit BUY 10 @ 7190.75 submitted (ID: 170)
  📋 Order 170 status: PreSubmitted
  ✅ Fill: BOT 10.0 @ 7190.75
  📋 Order 170 status: Filled
  ⬆️ LONG ORDER @ 7190.75 | Size: 1.00 | SL: 7182.00 | TP: 7203.75 [10cts]
     Reason: Grid Long (moderate_bullish, RSI: 39.7)
     ⏳ Order 170 PENDING - awaiting fill confirmation
  💰 Daily P&L: $-1,875.00
  📤 Stop SELL 10 @ 7182.75 submitted (ID: 171)
  📋 Order 171 status: PreSubmitted
  📤 Limit SELL 10 @ 7202.75 submitted (ID: 172)
  📋 Order 172 status: Submitted
  ✅ FILL CONFIRMED: LONG @ 7190.75 (order 170)
     📊 Bracket placed: SL #171 @ 7182.75 | TP #172 @ 7202.75
     Trail activates @ +6.0 pts

[2026-04-24 11:11] O:7190.50 H:7193.25 L:7190.00 C:7192.50 V:3488.0
  📈 Trend: moderate_bullish
  🗺️  Grid: 0.080% | 🔺 7190.75 🔻 7187.50
  📡 RSI: 48.4 | MACD: 1.58 | ATR: 2.66
  📊 Filled: 1 | Pending: 0
  📍 LONG @ 7190.75 | SL: 7182.75 | TP: 7202.75 | P&L: $+875.00 | +6.0 to trail
  💰 Daily P&L: $-1,875.00

[2026-04-24 11:12] O:7192.50 H:7194.25 L:7191.00 C:7191.50 V:2097.0
  📈 Trend: moderate_bullish
  🗺️  Grid: 0.080% | 🔺 7193.25 🔻 7190.00
  📡 RSI: 44.6 | MACD: 1.46 | ATR: 2.77
  📊 Filled: 1 | Pending: 0
  📍 LONG @ 7190.75 | SL: 7182.75 | TP: 7202.75 | P&L: $+375.00 | +3.5 to trail
  💰 Daily P&L: $-1,875.00

[2026-04-24 11:13] O:7191.50 H:7192.75 L:7190.50 C:7192.75 V:1520.0
  📈 Trend: moderate_bullish
  🗺️  Grid: 0.080% | 🔺 7194.25 🔻 7191.00
  📡 RSI: 47.8 | MACD: 1.46 | ATR: 2.75
  📊 Filled: 1 | Pending: 0
  📍 LONG @ 7190.75 | SL: 7182.75 | TP: 7202.75 | P&L: $+1,000.00 | +2.5 to trail
  💰 Daily P&L: $-1,875.00

[2026-04-24 11:14] O:7192.75 H:7192.75 L:7188.75 C:7189.00 V:1486.0
  📈 Trend: moderate_bullish
  🗺️  Grid: 0.080% | 🔺 7192.75 🔻 7190.50
  📡 RSI: 37.0 | MACD: 1.14 | ATR: 2.89
  📊 Filled: 1 | Pending: 0
  📍 LONG @ 7190.75 | SL: 7182.75 | TP: 7202.75 | P&L: $-875.00 | +2.5 to trail
  💰 Daily P&L: $-1,875.00

[2026-04-24 11:15] O:7189.25 H:7189.25 L:7185.25 C:7186.50 V:2960.0
  📈 Trend: moderate_bullish
  🗺️  Grid: 0.080% | 🔺 7192.75 🔻 7188.75
  📡 RSI: 33.7 | MACD: 0.68 | ATR: 2.96
  📊 Filled: 1 | Pending: 0
  📍 LONG @ 7190.75 | SL: 7182.75 | TP: 7202.75 | P&L: $-2,125.00 | +2.5 to trail
  💰 Daily P&L: $-1,875.00

[2026-04-24 11:16] O:7186.50 H:7189.50 L:7186.25 C:7188.75 V:2189.0
  📈 Trend: moderate_bullish
  🗺️  Grid: 0.080% | 🔺 7189.25 🔻 7185.25
  📡 RSI: 38.5 | MACD: 0.48 | ATR: 3.11
  📊 Filled: 1 | Pending: 0
  📍 LONG @ 7190.75 | SL: 7182.75 | TP: 7202.75 | P&L: $-1,000.00 | +2.5 to trail
  💰 Daily P&L: $-1,875.00

[2026-04-24 11:17] O:7188.75 H:7189.50 L:7188.25 C:7189.25 V:1335.0
  📈 Trend: moderate_bullish
  🗺️  Grid: 0.080% | 🔺 7189.50 🔻 7186.25
  📡 RSI: 41.5 | MACD: 0.37 | ATR: 2.91
  📊 Filled: 1 | Pending: 0
  📍 LONG @ 7190.75 | SL: 7182.75 | TP: 7202.75 | P&L: $-750.00 | +2.5 to trail
  💰 Daily P&L: $-1,875.00

[2026-04-24 11:18] O:7189.25 H:7189.50 L:7188.50 C:7189.25 V:972.0
  📈 Trend: moderate_bullish
  🗺️  Grid: 0.080% | 🔺 7189.50 🔻 7188.25
  📡 RSI: 38.9 | MACD: 0.27 | ATR: 2.89
  📊 Filled: 1 | Pending: 0
  📍 LONG @ 7190.75 | SL: 7182.75 | TP: 7202.75 | P&L: $-750.00 | +2.5 to trail
  💰 Daily P&L: $-1,875.00

[2026-04-24 11:19] O:7189.25 H:7189.25 L:7188.25 C:7188.50 V:1111.0
  📈 Trend: moderate_bullish
  🗺️  Grid: 0.080% | 🔺 7189.50 🔻 7188.50
  📡 RSI: 38.9 | MACD: 0.14 | ATR: 2.77
  📊 Filled: 1 | Pending: 0
  📍 LONG @ 7190.75 | SL: 7182.75 | TP: 7202.75 | P&L: $-1,125.00 | +2.5 to trail
  💰 Daily P&L: $-1,875.00

[2026-04-24 11:20] O:7188.50 H:7190.50 L:7188.25 C:7190.25 V:1692.0
  📈 Trend: moderate_bullish
  🗺️  Grid: 0.080% | 🔺 7189.25 🔻 7188.25
  📡 RSI: 42.7 | MACD: 0.17 | ATR: 2.80
  📊 Filled: 1 | Pending: 0
  📍 LONG @ 7190.75 | SL: 7182.75 | TP: 7202.75 | P&L: $-250.00 | +2.5 to trail
  💰 Daily P&L: $-1,875.00

[2026-04-24 11:21] O:7190.25 H:7190.25 L:7189.50 C:7189.75 V:837.0
  📈 Trend: moderate_bullish
  🗺️  Grid: 0.080% | 🔺 7190.50 🔻 7188.25
  📡 RSI: 51.2 | MACD: 0.15 | ATR: 2.48
  📊 Filled: 1 | Pending: 0
  📍 LONG @ 7190.75 | SL: 7182.75 | TP: 7202.75 | P&L: $-500.00 | +2.5 to trail
  💰 Daily P&L: $-1,875.00

[2026-04-24 11:22] O:7189.50 H:7189.50 L:7187.50 C:7188.50 V:1860.0
  📈 Trend: moderate_bullish
  🗺️  Grid: 0.080% | 🔺 7190.25 🔻 7189.50
  📡 RSI: 51.2 | MACD: 0.03 | ATR: 2.41
  📊 Filled: 1 | Pending: 0
  📍 LONG @ 7190.75 | SL: 7182.75 | TP: 7202.75 | P&L: $-1,125.00 | +2.5 to trail
  💰 Daily P&L: $-1,875.00

[2026-04-24 11:23] O:7188.75 H:7189.25 L:7188.00 C:7188.50 V:1170.0
  📈 Trend: moderate_bullish
  🗺️  Grid: 0.080% | 🔺 7189.50 🔻 7187.50
  📡 RSI: 50.0 | MACD: -0.06 | ATR: 2.36
  📊 Filled: 1 | Pending: 0
  📍 LONG @ 7190.75 | SL: 7182.75 | TP: 7202.75 | P&L: $-1,125.00 | +2.5 to trail
  💰 Daily P&L: $-1,875.00

[2026-04-24 11:24] O:7188.75 H:7190.00 L:7188.50 C:7189.75 V:871.0
  📈 Trend: moderate_bullish
  🗺️  Grid: 0.080% | 🔺 7189.25 🔻 7188.00
  📡 RSI: 47.3 | MACD: -0.03 | ATR: 2.23
  📊 Filled: 1 | Pending: 0
  📍 LONG @ 7190.75 | SL: 7182.75 | TP: 7202.75 | P&L: $-500.00 | +2.5 to trail
  💰 Daily P&L: $-1,875.00

[2026-04-24 11:25] O:7189.75 H:7192.00 L:7189.50 C:7190.75 V:1754.0
  📈 Trend: moderate_bullish
  🗺️  Grid: 0.080% | 🔺 7190.00 🔻 7188.50
  📡 RSI: 45.1 | MACD: 0.08 | ATR: 2.18
  📊 Filled: 1 | Pending: 0
  📍 LONG @ 7190.75 | SL: 7182.75 | TP: 7202.75 | P&L: $+0.00 | +2.5 to trail
  💰 Daily P&L: $-1,875.00

[2026-04-24 11:26] O:7190.75 H:7190.75 L:7189.50 C:7190.50 V:1118.0
  📈 Trend: moderate_bullish (raw: strong_bullish)
  🗺️  Grid: 0.080% | 🔺 7192.00 🔻 7189.50
  📡 RSI: 47.1 | MACD: 0.14 | ATR: 2.04
  📊 Filled: 1 | Pending: 0
  📍 LONG @ 7190.75 | SL: 7182.75 | TP: 7202.75 | P&L: $-125.00 | +2.5 to trail
  💰 Daily P&L: $-1,875.00

[2026-04-24 11:27] O:7190.50 H:7191.00 L:7189.50 C:7190.00 V:871.0
  📈 Trend: strong_bullish
  🗺️  Grid: 0.080% | 🔺 7190.75 🔻 7189.50
  📡 RSI: 41.5 | MACD: 0.14 | ATR: 1.98
  📊 Filled: 1 | Pending: 0
  📍 LONG @ 7190.75 | SL: 7182.75 | TP: 7202.75 | P&L: $-375.00 | +2.5 to trail
  💰 Daily P&L: $-1,875.00

[2026-04-24 11:28] O:7189.75 H:7190.50 L:7189.50 C:7190.25 V:1100.0
  📈 Trend: strong_bullish
  🗺️  Grid: 0.080% | 🔺 7191.00 🔻 7189.50
  📡 RSI: 54.9 | MACD: 0.16 | ATR: 1.77
  📊 Filled: 1 | Pending: 0
  📍 LONG @ 7190.75 | SL: 7182.75 | TP: 7202.75 | P&L: $-250.00 | +2.5 to trail
  💰 Daily P&L: $-1,875.00

[2026-04-24 11:29] O:7190.25 H:7190.25 L:7187.25 C:7189.00 V:3238.0
  📈 Trend: strong_bullish (raw: moderate_bullish)
  🗺️  Grid: 0.080% | 🔺 7190.50 🔻 7189.50
  📡 RSI: 60.9 | MACD: 0.08 | ATR: 1.70
  📊 Filled: 1 | Pending: 0
  📍 LONG @ 7190.75 | SL: 7182.75 | TP: 7202.75 | P&L: $-875.00 | +2.5 to trail
  💰 Daily P&L: $-1,875.00

[2026-04-24 11:30] O:7189.00 H:7193.25 L:7189.00 C:7192.00 V:4012.0
  📈 Trend: moderate_bullish
  🗺️  Grid: 0.080% | 🔺 7190.25 🔻 7187.25
  📡 RSI: 63.3 | MACD: 0.25 | ATR: 1.77
  📊 Filled: 1 | Pending: 0
  📍 LONG @ 7190.75 | SL: 7182.75 | TP: 7202.75 | P&L: $+625.00 | +2.5 to trail
  💰 Daily P&L: $-1,875.00

[2026-04-24 11:31] O:7191.75 H:7194.50 L:7191.50 C:7193.00 V:3117.0
  📈 Trend: moderate_bullish (raw: strong_bullish)
  🗺️  Grid: 0.080% | 🔺 7193.25 🔻 7189.00
  📡 RSI: 64.7 | MACD: 0.46 | ATR: 1.89
  📊 Filled: 1 | Pending: 0
  📍 LONG @ 7190.75 | SL: 7182.75 | TP: 7202.75 | P&L: $+1,125.00 | +2.5 to trail
  💰 Daily P&L: $-1,875.00

[2026-04-24 11:32] O:7192.75 H:7193.75 L:7192.25 C:7192.25 V:1434.0
  📈 Trend: moderate_bullish
  🗺️  Grid: 0.080% | 🔺 7194.50 🔻 7191.50
  📡 RSI: 61.1 | MACD: 0.57 | ATR: 1.93
  📊 Filled: 1 | Pending: 0
  📍 LONG @ 7190.75 | SL: 7182.75 | TP: 7202.75 | P&L: $+750.00 | +2.2 to trail
  💰 Daily P&L: $-1,875.00

[2026-04-24 11:33] O:7192.25 H:7192.50 L:7191.50 C:7191.75 V:1349.0
  📈 Trend: moderate_bullish (raw: strong_bullish)
  🗺️  Grid: 0.080% | 🔺 7193.75 🔻 7192.25
  📡 RSI: 62.3 | MACD: 0.60 | ATR: 1.93
  📊 Filled: 1 | Pending: 0
  📍 LONG @ 7190.75 | SL: 7182.75 | TP: 7202.75 | P&L: $+500.00 | +2.2 to trail
  💰 Daily P&L: $-1,875.00

[2026-04-24 11:34] O:7191.75 H:7193.00 L:7190.50 C:7192.75 V:3890.0
  📈 Trend: strong_bullish
  🗺️  Grid: 0.080% | 🔺 7192.50 🔻 7191.50
  📡 RSI: 60.0 | MACD: 0.70 | ATR: 1.95
  📊 Filled: 1 | Pending: 0
  📍 LONG @ 7190.75 | SL: 7182.75 | TP: 7202.75 | P&L: $+1,000.00 | +2.2 to trail
  💰 Daily P&L: $-1,875.00

[2026-04-24 11:35] O:7192.50 H:7193.00 L:7189.25 C:7189.50 V:3441.0
  📈 Trend: strong_bullish
  🗺️  Grid: 0.080% | 🔺 7193.00 🔻 7190.50
  📡 RSI: 49.2 | MACD: 0.51 | ATR: 2.16
  📊 Filled: 1 | Pending: 0
  📍 LONG @ 7190.75 | SL: 7182.75 | TP: 7202.75 | P&L: $-625.00 | +2.2 to trail
  💰 Daily P&L: $-1,875.00

[2026-04-24 11:36] O:7189.50 H:7190.75 L:7189.50 C:7190.00 V:2084.0
  📈 Trend: strong_bullish (raw: moderate_bullish)
  🗺️  Grid: 0.080% | 🔺 7193.00 🔻 7189.25
  📡 RSI: 55.2 | MACD: 0.39 | ATR: 2.09
  📊 Filled: 1 | Pending: 0
  📍 LONG @ 7190.75 | SL: 7182.75 | TP: 7202.75 | P&L: $-375.00 | +2.2 to trail
  💰 Daily P&L: $-1,875.00

[2026-04-24 11:37] O:7190.00 H:7192.50 L:7189.50 C:7192.00 V:1768.0
  📈 Trend: strong_bullish
  🗺️  Grid: 0.080% | 🔺 7190.75 🔻 7189.50
  📡 RSI: 60.6 | MACD: 0.46 | ATR: 2.21
  📊 Filled: 1 | Pending: 0
  📍 LONG @ 7190.75 | SL: 7182.75 | TP: 7202.75 | P&L: $+625.00 | +2.2 to trail
  💰 Daily P&L: $-1,875.00

[2026-04-24 11:38] O:7192.00 H:7192.00 L:7190.25 C:7190.75 V:888.0
  📈 Trend: strong_bullish (raw: moderate_bullish)
  🗺️  Grid: 0.080% | 🔺 7192.50 🔻 7189.50
  📡 RSI: 53.0 | MACD: 0.40 | ATR: 2.23
  📊 Filled: 1 | Pending: 0
  📍 LONG @ 7190.75 | SL: 7182.75 | TP: 7202.75 | P&L: $+0.00 | +2.2 to trail
  💰 Daily P&L: $-1,875.00

[2026-04-24 11:39] O:7190.75 H:7191.50 L:7189.25 C:7190.25 V:1346.0
  📈 Trend: strong_bullish (raw: moderate_bearish)
  🗺️  Grid: 0.080% | 🔺 7192.00 🔻 7190.25
  📡 RSI: 48.4 | MACD: 0.32 | ATR: 2.21
  📊 Filled: 1 | Pending: 0
  📍 LONG @ 7190.75 | SL: 7182.75 | TP: 7202.75 | P&L: $-250.00 | +2.2 to trail
  💰 Daily P&L: $-1,875.00

[2026-04-24 11:40] O:7190.00 H:7190.25 L:7189.50 C:7189.75 V:1028.0
  📈 Trend: moderate_bearish
  🗺️  Grid: 0.080% | 🔺 7191.50 🔻 7189.25
  📡 RSI: 47.7 | MACD: 0.21 | ATR: 2.18
  📊 Filled: 1 | Pending: 0
  📍 LONG @ 7190.75 | SL: 7182.75 | TP: 7202.75 | P&L: $-500.00 | +2.2 to trail
  💰 Daily P&L: $-1,875.00

[2026-04-24 11:41] O:7189.75 H:7190.50 L:7188.25 C:7188.75 V:2272.0
  📈 Trend: moderate_bearish (raw: moderate_bullish)
  🗺️  Grid: 0.080% | 🔺 7190.25 🔻 7189.50
  📡 RSI: 46.3 | MACD: 0.04 | ATR: 2.23
  📊 Filled: 1 | Pending: 0
  📍 LONG @ 7190.75 | SL: 7182.75 | TP: 7202.75 | P&L: $-1,000.00 | +2.2 to trail
  💰 Daily P&L: $-1,875.00

[2026-04-24 11:42] O:7188.75 H:7189.00 L:7186.25 C:7186.50 V:1846.0
  📈 Trend: moderate_bearish (raw: strong_bearish)
  🗺️  Grid: 0.080% | 🔺 7190.50 🔻 7188.25
  📡 RSI: 40.0 | MACD: -0.28 | ATR: 2.36
  📊 Filled: 1 | Pending: 0
  📍 LONG @ 7190.75 | SL: 7182.75 | TP: 7202.75 | P&L: $-2,125.00 | +2.2 to trail
  💰 Daily P&L: $-1,875.00

[2026-04-24 11:43] O:7186.50 H:7187.75 L:7184.25 C:7185.50 V:3008.0
  📈 Trend: strong_bearish
  🗺️  Grid: 0.080% | 🔺 7189.00 🔻 7186.25
  📡 RSI: 40.5 | MACD: -0.60 | ATR: 2.39
  📊 Filled: 1 | Pending: 0
  📍 LONG @ 7190.75 | SL: 7182.75 | TP: 7202.75 | P&L: $-2,625.00 | +2.2 to trail
  💰 Daily P&L: $-1,875.00

[2026-04-24 11:44] O:7185.75 H:7187.50 L:7185.25 C:7186.75 V:2629.0
  📈 Trend: strong_bearish
  🗺️  Grid: 0.080% | 🔺 7187.75 🔻 7184.25
  📡 RSI: 34.3 | MACD: -0.74 | ATR: 2.25
  📊 Filled: 1 | Pending: 0
  📍 LONG @ 7190.75 | SL: 7182.75 | TP: 7202.75 | P&L: $-2,000.00 | +2.2 to trail
  💰 Daily P&L: $-1,875.00

[2026-04-24 11:45] O:7187.00 H:7189.00 L:7186.50 C:7189.00 V:2541.0
  📈 Trend: strong_bearish
  🗺️  Grid: 0.080% | 🔺 7187.50 🔻 7185.25
  📡 RSI: 38.9 | MACD: -0.67 | ATR: 2.21
  📊 Filled: 1 | Pending: 0
  📍 LONG @ 7190.75 | SL: 7182.75 | TP: 7202.75 | P&L: $-875.00 | +2.2 to trail
  💰 Daily P&L: $-1,875.00

[2026-04-24 11:46] O:7189.00 H:7189.25 L:7187.00 C:7187.75 V:1427.0
  📈 Trend: strong_bearish
  🗺️  Grid: 0.080% | 🔺 7189.00 🔻 7186.50
  📡 RSI: 37.8 | MACD: -0.70 | ATR: 2.27
  📊 Filled: 1 | Pending: 0
  📍 LONG @ 7190.75 | SL: 7182.75 | TP: 7202.75 | P&L: $-1,500.00 | +2.2 to trail
  💰 Daily P&L: $-1,875.00

[2026-04-24 11:47] O:7187.75 H:7187.75 L:7185.50 C:7186.25 V:1373.0
  📈 Trend: strong_bearish
  🗺️  Grid: 0.080% | 🔺 7189.25 🔻 7187.00
  📡 RSI: 35.9 | MACD: -0.84 | ATR: 2.36
  📊 Filled: 1 | Pending: 0
  📍 LONG @ 7190.75 | SL: 7182.75 | TP: 7202.75 | P&L: $-2,250.00 | +2.2 to trail
  💰 Daily P&L: $-1,875.00

[2026-04-24 11:48] O:7186.50 H:7188.25 L:7186.50 C:7187.00 V:1056.0
  📈 Trend: strong_bearish
  🗺️  Grid: 0.080% | 🔺 7187.75 🔻 7185.50
  📡 RSI: 35.1 | MACD: -0.88 | ATR: 2.32
  📊 Filled: 1 | Pending: 0
  📍 LONG @ 7190.75 | SL: 7182.75 | TP: 7202.75 | P&L: $-1,875.00 | +2.2 to trail
  💰 Daily P&L: $-1,875.00

[2026-04-24 11:49] O:7187.25 H:7187.75 L:7185.75 C:7187.50 V:1740.0
  📈 Trend: strong_bearish
  🗺️  Grid: 0.080% | 🔺 7188.25 🔻 7186.50
  📡 RSI: 43.9 | MACD: -0.86 | ATR: 2.20
  📊 Filled: 1 | Pending: 0
  📍 LONG @ 7190.75 | SL: 7182.75 | TP: 7202.75 | P&L: $-1,625.00 | +2.2 to trail
  💰 Daily P&L: $-1,875.00

[2026-04-24 11:50] O:7187.75 H:7189.50 L:7187.50 C:7188.25 V:2009.0
  📈 Trend: strong_bearish
  🗺️  Grid: 0.080% | 🔺 7187.75 🔻 7185.75
  📡 RSI: 44.8 | MACD: -0.78 | ATR: 2.25
  📊 Filled: 1 | Pending: 0
  📍 LONG @ 7190.75 | SL: 7182.75 | TP: 7202.75 | P&L: $-1,250.00 | +2.2 to trail
  💰 Daily P&L: $-1,875.00

[2026-04-24 11:51] O:7188.00 H:7190.25 L:7188.00 C:7190.25 V:1454.0
  📈 Trend: strong_bearish (raw: moderate_bearish)
  🗺️  Grid: 0.080% | 🔺 7189.50 🔻 7187.50
  📡 RSI: 44.8 | MACD: -0.54 | ATR: 2.20
  📊 Filled: 1 | Pending: 0
  📍 LONG @ 7190.75 | SL: 7182.75 | TP: 7202.75 | P&L: $-250.00 | +2.2 to trail
  💰 Daily P&L: $-1,875.00

[2026-04-24 11:52] O:7190.25 H:7191.25 L:7189.50 C:7190.00 V:1585.0
  📈 Trend: moderate_bearish
  🗺️  Grid: 0.080% | 🔺 7190.25 🔻 7188.00
  📡 RSI: 47.6 | MACD: -0.37 | ATR: 2.20
  📊 Filled: 1 | Pending: 0
  📍 LONG @ 7190.75 | SL: 7182.75 | TP: 7202.75 | P&L: $-375.00 | +2.2 to trail
  💰 Daily P&L: $-1,875.00

[2026-04-24 11:53] O:7190.00 H:7190.50 L:7189.50 C:7189.50 V:875.0
  📈 Trend: moderate_bearish
  🗺️  Grid: 0.080% | 🔺 7191.25 🔻 7189.50
  📡 RSI: 47.6 | MACD: -0.27 | ATR: 2.11
  📊 Filled: 1 | Pending: 0
  📍 LONG @ 7190.75 | SL: 7182.75 | TP: 7202.75 | P&L: $-625.00 | +2.2 to trail
  💰 Daily P&L: $-1,875.00

[2026-04-24 11:54] O:7189.50 H:7190.50 L:7189.00 C:7190.00 V:2696.0
  📈 Trend: moderate_bearish (raw: moderate_bullish)
  🗺️  Grid: 0.080% | 🔺 7190.50 🔻 7189.50
  📡 RSI: 50.8 | MACD: -0.15 | ATR: 2.16
  📊 Filled: 1 | Pending: 0
  📍 LONG @ 7190.75 | SL: 7182.75 | TP: 7202.75 | P&L: $-375.00 | +2.2 to trail
  💰 Daily P&L: $-1,875.00

[2026-04-24 11:55] O:7190.25 H:7192.25 L:7190.25 C:7190.50 V:1638.0
  📈 Trend: moderate_bullish
  🗺️  Grid: 0.080% | 🔺 7190.50 🔻 7189.00
  📡 RSI: 55.7 | MACD: -0.02 | ATR: 2.16
  📊 Filled: 1 | Pending: 0
  📍 LONG @ 7190.75 | SL: 7182.75 | TP: 7202.75 | P&L: $-125.00 | +2.2 to trail
  💰 Daily P&L: $-1,875.00

[2026-04-24 11:56] O:7190.75 H:7191.25 L:7189.75 C:7190.25 V:1028.0
  📈 Trend: moderate_bullish
  🗺️  Grid: 0.080% | 🔺 7192.25 🔻 7190.25
  📡 RSI: 64.2 | MACD: 0.07 | ATR: 2.07
  📊 Filled: 1 | Pending: 0
  📍 LONG @ 7190.75 | SL: 7182.75 | TP: 7202.75 | P&L: $-250.00 | +2.2 to trail
  💰 Daily P&L: $-1,875.00

[2026-04-24 11:57] O:7190.25 H:7190.75 L:7189.25 C:7190.00 V:868.0
  📈 Trend: moderate_bullish
  🗺️  Grid: 0.080% | 🔺 7191.25 🔻 7189.75
  📡 RSI: 68.0 | MACD: 0.11 | ATR: 1.93
  📊 Filled: 1 | Pending: 0
  📍 LONG @ 7190.75 | SL: 7182.75 | TP: 7202.75 | P&L: $-375.00 | +2.2 to trail
  💰 Daily P&L: $-1,875.00

[2026-04-24 11:58] O:7190.00 H:7194.00 L:7190.00 C:7191.50 V:4676.0
  📈 Trend: moderate_bullish (raw: strong_bullish)
  🗺️  Grid: 0.080% | 🔺 7190.75 🔻 7189.25
  📡 RSI: 68.6 | MACD: 0.27 | ATR: 2.05
  📊 Filled: 1 | Pending: 0
  📍 LONG @ 7190.75 | SL: 7182.75 | TP: 7202.75 | P&L: $+375.00 | +2.2 to trail
  💰 Daily P&L: $-1,875.00

[2026-04-24 11:59] O:7191.50 H:7192.00 L:7191.25 C:7191.50 V:1498.0
  📈 Trend: strong_bullish
  🗺️  Grid: 0.080% | 🔺 7194.00 🔻 7190.00
  📡 RSI: 61.9 | MACD: 0.39 | ATR: 1.93
  📊 Filled: 1 | Pending: 0
  📍 LONG @ 7190.75 | SL: 7182.75 | TP: 7202.75 | P&L: $+375.00 | +2.2 to trail
  💰 Daily P&L: $-1,875.00

[2026-04-24 12:00] O:7191.50 H:7193.50 L:7191.50 C:7192.25 V:1782.0
  📈 Trend: strong_bullish
  🗺️  Grid: 0.080% | 🔺 7192.00 🔻 7191.25
  📡 RSI: 72.5 | MACD: 0.54 | ATR: 1.91
  📊 Filled: 1 | Pending: 0
  📍 LONG @ 7190.75 | SL: 7182.75 | TP: 7202.75 | P&L: $+750.00 | +2.2 to trail
  💰 Daily P&L: $-1,875.00

[2026-04-24 12:01] O:7192.25 H:7193.50 L:7191.25 C:7192.50 V:1402.0
  📈 Trend: strong_bullish
  🗺️  Grid: 0.080% | 🔺 7193.50 🔻 7191.50
  📡 RSI: 85.7 | MACD: 0.67 | ATR: 1.91
  📊 Filled: 1 | Pending: 0
  📍 LONG @ 7190.75 | SL: 7182.75 | TP: 7202.75 | P&L: $+875.00 | +2.2 to trail
  💰 Daily P&L: $-1,875.00

[2026-04-24 12:02] O:7192.50 H:7193.50 L:7191.25 C:7192.00 V:2104.0
  📈 Trend: strong_bullish
  🗺️  Grid: 0.080% | 🔺 7193.50 🔻 7191.25
  📡 RSI: 79.4 | MACD: 0.72 | ATR: 1.93
  📊 Filled: 1 | Pending: 0
  📍 LONG @ 7190.75 | SL: 7182.75 | TP: 7202.75 | P&L: $+625.00 | +2.2 to trail
  💰 Daily P&L: $-1,875.00

[2026-04-24 12:03] O:7192.25 H:7193.25 L:7192.00 C:7192.75 V:792.0
  📈 Trend: strong_bullish
  🗺️  Grid: 0.080% | 🔺 7193.50 🔻 7191.25
  📡 RSI: 80.0 | MACD: 0.81 | ATR: 1.88
  📊 Filled: 1 | Pending: 0
  📍 LONG @ 7190.75 | SL: 7182.75 | TP: 7202.75 | P&L: $+1,000.00 | +2.2 to trail
  💰 Daily P&L: $-1,875.00

[2026-04-24 12:04] O:7192.75 H:7193.25 L:7190.75 C:7191.25 V:2418.0
  📈 Trend: strong_bullish
  🗺️  Grid: 0.080% | 🔺 7193.25 🔻 7192.00
  📡 RSI: 65.8 | MACD: 0.76 | ATR: 1.91
  📊 Filled: 1 | Pending: 0
  📍 LONG @ 7190.75 | SL: 7182.75 | TP: 7202.75 | P&L: $+250.00 | +2.2 to trail
  💰 Daily P&L: $-1,875.00

[2026-04-24 12:05] O:7191.50 H:7191.75 L:7189.75 C:7190.00 V:1208.0
  📈 Trend: strong_bullish
  🗺️  Grid: 0.080% | 🔺 7193.25 🔻 7190.75
  📡 RSI: 48.6 | MACD: 0.61 | ATR: 1.89
  📊 Filled: 1 | Pending: 0
  📍 LONG @ 7190.75 | SL: 7182.75 | TP: 7202.75 | P&L: $-375.00 | +2.2 to trail
  💰 Daily P&L: $-1,875.00

[2026-04-24 12:06] O:7190.00 H:7191.00 L:7189.25 C:7191.00 V:1610.0
  📈 Trend: strong_bullish
  🗺️  Grid: 0.080% | 🔺 7191.75 🔻 7189.75
  📡 RSI: 55.3 | MACD: 0.56 | ATR: 1.89
  📊 Filled: 1 | Pending: 0
  📍 LONG @ 7190.75 | SL: 7182.75 | TP: 7202.75 | P&L: $+125.00 | +2.2 to trail
  💰 Daily P&L: $-1,875.00

[2026-04-24 12:07] O:7191.00 H:7191.25 L:7188.50 C:7189.50 V:1183.0
  📈 Trend: strong_bullish
  🗺️  Grid: 0.080% | 🔺 7191.00 🔻 7189.25
  📡 RSI: 50.0 | MACD: 0.40 | ATR: 2.02
  📊 Filled: 1 | Pending: 0
  📍 LONG @ 7190.75 | SL: 7182.75 | TP: 7202.75 | P&L: $-625.00 | +2.2 to trail
  💰 Daily P&L: $-1,875.00

[2026-04-24 12:08] O:7189.75 H:7190.00 L:7188.25 C:7188.75 V:1271.0
  📈 Trend: strong_bullish
  🗺️  Grid: 0.080% | 🔺 7191.25 🔻 7188.50
  📡 RSI: 44.2 | MACD: 0.21 | ATR: 2.04
  📊 Filled: 1 | Pending: 0
  📍 LONG @ 7190.75 | SL: 7182.75 | TP: 7202.75 | P&L: $-1,000.00 | +2.2 to trail
  💰 Daily P&L: $-1,875.00

[2026-04-24 12:09] O:7188.75 H:7191.25 L:7188.50 C:7189.25 V:1997.0
  📈 Trend: strong_bullish
  🗺️  Grid: 0.080% | 🔺 7190.00 🔻 7188.25
  📡 RSI: 44.2 | MACD: 0.10 | ATR: 2.07
  📊 Filled: 1 | Pending: 0
  📍 LONG @ 7190.75 | SL: 7182.75 | TP: 7202.75 | P&L: $-750.00 | +2.2 to trail
  💰 Daily P&L: $-1,875.00

[2026-04-24 12:10] O:7189.25 H:7191.25 L:7188.50 C:7191.00 V:1198.0
  📈 Trend: strong_bullish
  🗺️  Grid: 0.080% | 🔺 7191.25 🔻 7188.50
  📡 RSI: 53.1 | MACD: 0.15 | ATR: 2.16
  📊 Filled: 1 | Pending: 0
  📍 LONG @ 7190.75 | SL: 7182.75 | TP: 7202.75 | P&L: $+125.00 | +2.2 to trail
  💰 Daily P&L: $-1,875.00

[2026-04-24 12:11] O:7191.25 H:7192.00 L:7190.00 C:7190.25 V:1020.0
  📈 Trend: strong_bullish
  🗺️  Grid: 0.080% | 🔺 7191.25 🔻 7188.50
  📡 RSI: 51.0 | MACD: 0.12 | ATR: 2.20
  📊 Filled: 1 | Pending: 0
  📍 LONG @ 7190.75 | SL: 7182.75 | TP: 7202.75 | P&L: $-250.00 | +2.2 to trail
  💰 Daily P&L: $-1,875.00

[2026-04-24 12:12] O:7190.00 H:7190.00 L:7189.00 C:7189.50 V:1008.0
  📈 Trend: strong_bullish (raw: moderate_bullish)
  🗺️  Grid: 0.080% | 🔺 7192.00 🔻 7190.00
  📡 RSI: 41.7 | MACD: 0.05 | ATR: 2.00
  📊 Filled: 1 | Pending: 0
  📍 LONG @ 7190.75 | SL: 7182.75 | TP: 7202.75 | P&L: $-625.00 | +2.2 to trail
  💰 Daily P&L: $-1,875.00

[2026-04-24 12:13] O:7189.25 H:7189.75 L:7187.75 C:7188.75 V:1222.0
  📈 Trend: moderate_bullish
  🗺️  Grid: 0.080% | 🔺 7190.00 🔻 7189.00
  📡 RSI: 39.2 | MACD: -0.08 | ATR: 2.09
  📊 Filled: 1 | Pending: 0
  📍 LONG @ 7190.75 | SL: 7182.75 | TP: 7202.75 | P&L: $-1,000.00 | +2.2 to trail
  💰 Daily P&L: $-1,875.00

[2026-04-24 12:14] O:7188.50 H:7189.50 L:7188.25 C:7188.75 V:888.0
  📈 Trend: moderate_bullish
  🗺️  Grid: 0.080% | 🔺 7189.75 🔻 7187.75
  📡 RSI: 35.4 | MACD: -0.17 | ATR: 2.04
  📊 Filled: 1 | Pending: 0
  📍 LONG @ 7190.75 | SL: 7182.75 | TP: 7202.75 | P&L: $-1,000.00 | +2.2 to trail
  💰 Daily P&L: $-1,875.00
  📋 Order 172 status: PreSubmitted
  📋 Order 172 status: Submitted

[2026-04-24 12:15] O:7188.75 H:7189.00 L:7186.75 C:7187.25 V:1505.0
  📈 Trend: moderate_bullish
  🗺️  Grid: 0.080% | 🔺 7189.50 🔻 7188.25
  📡 RSI: 30.2 | MACD: -0.36 | ATR: 2.04
  📊 Filled: 1 | Pending: 0
  📍 LONG @ 7190.75 | SL: 7182.75 | TP: 7202.75 | P&L: $-1,750.00 | +2.2 to trail
  💰 Daily P&L: $-1,875.00

[2026-04-24 12:16] O:7187.25 H:7187.75 L:7186.25 C:7187.25 V:1202.0
  📈 Trend: moderate_bullish
  🗺️  Grid: 0.080% | 🔺 7189.00 🔻 7186.75
  📡 RSI: 31.4 | MACD: -0.51 | ATR: 1.98
  📊 Filled: 1 | Pending: 0
  📍 LONG @ 7190.75 | SL: 7182.75 | TP: 7202.75 | P&L: $-1,750.00 | +2.2 to trail
  💰 Daily P&L: $-1,875.00

[2026-04-24 12:17] O:7187.00 H:7187.50 L:7186.50 C:7187.00 V:805.0
  📈 Trend: moderate_bullish
  🗺️  Grid: 0.080% | 🔺 7187.75 🔻 7186.25
  📡 RSI: 26.5 | MACD: -0.64 | ATR: 1.96
  📊 Filled: 1 | Pending: 0
  📍 LONG @ 7190.75 | SL: 7182.75 | TP: 7202.75 | P&L: $-1,875.00 | +2.2 to trail
  💰 Daily P&L: $-1,875.00

[2026-04-24 12:18] O:7186.75 H:7187.00 L:7186.25 C:7186.75 V:677.0
  📈 Trend: moderate_bullish
  🗺️  Grid: 0.080% | 🔺 7187.50 🔻 7186.50
  📡 RSI: 29.5 | MACD: -0.75 | ATR: 1.84
  📊 Filled: 1 | Pending: 0
  📍 LONG @ 7190.75 | SL: 7182.75 | TP: 7202.75 | P&L: $-2,000.00 | +2.2 to trail
  💰 Daily P&L: $-1,875.00

[2026-04-24 12:19] O:7186.50 H:7187.00 L:7186.00 C:7186.25 V:1037.0
  📈 Trend: moderate_bullish (raw: strong_bearish)
  🗺️  Grid: 0.080% | 🔺 7187.00 🔻 7186.25
  📡 RSI: 31.7 | MACD: -0.87 | ATR: 1.77
  📊 Filled: 1 | Pending: 0
  📍 LONG @ 7190.75 | SL: 7182.75 | TP: 7202.75 | P&L: $-2,250.00 | +2.2 to trail
  💰 Daily P&L: $-1,875.00

[2026-04-24 12:20] O:7186.00 H:7187.00 L:7185.00 C:7185.75 V:1663.0
  📈 Trend: strong_bearish
  🗺️  Grid: 0.080% | 🔺 7187.00 🔻 7186.00
  📡 RSI: 23.1 | MACD: -0.99 | ATR: 1.79
  📊 Filled: 1 | Pending: 0
  📍 LONG @ 7190.75 | SL: 7182.75 | TP: 7202.75 | P&L: $-2,500.00 | +2.2 to trail
  💰 Daily P&L: $-1,875.00

[2026-04-24 12:21] O:7185.50 H:7185.50 L:7184.25 C:7184.50 V:1264.0
  📈 Trend: strong_bearish
  🗺️  Grid: 0.080% | 🔺 7187.00 🔻 7185.00
  📡 RSI: 23.7 | MACD: -1.18 | ATR: 1.70
  📊 Filled: 1 | Pending: 0
  📍 LONG @ 7190.75 | SL: 7182.75 | TP: 7202.75 | P&L: $-3,125.00 | +2.2 to trail
  💰 Daily P&L: $-1,875.00

[2026-04-24 12:22] O:7184.25 H:7185.00 L:7183.50 C:7184.00 V:1720.0
  📈 Trend: strong_bearish
  🗺️  Grid: 0.080% | 🔺 7185.50 🔻 7184.25
  📡 RSI: 24.3 | MACD: -1.35 | ATR: 1.68
  📊 Filled: 1 | Pending: 0
  📍 LONG @ 7190.75 | SL: 7182.75 | TP: 7202.75 | P&L: $-3,375.00 | +2.2 to trail
  💰 Daily P&L: $-1,875.00

[2026-04-24 12:23] O:7183.75 H:7184.25 L:7183.00 C:7184.00 V:4273.0
  📈 Trend: strong_bearish
  🗺️  Grid: 0.080% | 🔺 7185.00 🔻 7183.50
  📡 RSI: 20.0 | MACD: -1.47 | ATR: 1.57
  📊 Filled: 1 | Pending: 0
  📍 LONG @ 7190.75 | SL: 7182.75 | TP: 7202.75 | P&L: $-3,375.00 | +2.2 to trail
  💰 Daily P&L: $-1,875.00

[2026-04-24 12:24] O:7183.75 H:7187.25 L:7183.75 C:7187.00 V:1931.0
  📈 Trend: strong_bearish
  🗺️  Grid: 0.080% | 🔺 7184.25 🔻 7183.00
  📡 RSI: 30.0 | MACD: -1.31 | ATR: 1.62
  📊 Filled: 1 | Pending: 0
  📍 LONG @ 7190.75 | SL: 7182.75 | TP: 7202.75 | P&L: $-1,875.00 | +2.2 to trail
  💰 Daily P&L: $-1,875.00

[2026-04-24 12:25] O:7186.75 H:7188.25 L:7186.50 C:7187.75 V:1662.0
  📈 Trend: strong_bearish
  🗺️  Grid: 0.080% | 🔺 7187.25 🔻 7183.75
  📡 RSI: 37.5 | MACD: -1.11 | ATR: 1.61
  📊 Filled: 1 | Pending: 0
  📍 LONG @ 7190.75 | SL: 7182.75 | TP: 7202.75 | P&L: $-1,500.00 | +2.2 to trail
  💰 Daily P&L: $-1,875.00

[2026-04-24 12:26] O:7187.50 H:7188.75 L:7186.75 C:7187.50 V:1429.0
  📈 Trend: strong_bearish (raw: moderate_bearish)
  🗺️  Grid: 0.080% | 🔺 7188.25 🔻 7186.50
  📡 RSI: 39.5 | MACD: -0.96 | ATR: 1.66
  📊 Filled: 1 | Pending: 0
  📍 LONG @ 7190.75 | SL: 7182.75 | TP: 7202.75 | P&L: $-1,625.00 | +2.2 to trail
  💰 Daily P&L: $-1,875.00

[2026-04-24 12:27] O:7187.50 H:7187.75 L:7186.50 C:7187.00 V:1143.0
  📈 Trend: moderate_bearish
  🗺️  Grid: 0.080% | 🔺 7188.75 🔻 7186.75
  📡 RSI: 40.5 | MACD: -0.87 | ATR: 1.61
  📊 Filled: 1 | Pending: 0
  📍 LONG @ 7190.75 | SL: 7182.75 | TP: 7202.75 | P&L: $-1,875.00 | +2.2 to trail
  💰 Daily P&L: $-1,875.00

[2026-04-24 12:28] O:7186.75 H:7187.50 L:7186.25 C:7187.00 V:1030.0
  📈 Trend: moderate_bearish
  🗺️  Grid: 0.080% | 🔺 7187.75 🔻 7186.50
  📡 RSI: 40.5 | MACD: -0.79 | ATR: 1.61
  📊 Filled: 1 | Pending: 0
  📍 LONG @ 7190.75 | SL: 7182.75 | TP: 7202.75 | P&L: $-1,875.00 | +2.2 to trail
  💰 Daily P&L: $-1,875.00

[2026-04-24 12:29] O:7186.75 H:7187.75 L:7185.75 C:7186.00 V:1215.0
  📈 Trend: moderate_bearish
  🗺️  Grid: 0.080% | 🔺 7187.50 🔻 7186.25
  📡 RSI: 42.9 | MACD: -0.79 | ATR: 1.59
  📊 Filled: 1 | Pending: 0
  📍 LONG @ 7190.75 | SL: 7182.75 | TP: 7202.75 | P&L: $-2,375.00 | +2.2 to trail
  💰 Daily P&L: $-1,875.00

[2026-04-24 12:30] O:7186.00 H:7186.75 L:7183.25 C:7185.25 V:4289.0
  📈 Trend: moderate_bearish
  🗺️  Grid: 0.080% | 🔺 7187.75 🔻 7185.75
  📡 RSI: 39.5 | MACD: -0.85 | ATR: 1.73
  📊 Filled: 1 | Pending: 0
  📍 LONG @ 7190.75 | SL: 7182.75 | TP: 7202.75 | P&L: $-2,750.00 | +2.2 to trail
  💰 Daily P&L: $-1,875.00
  ✅ Fill: SLD 3.0 @ 7183.0
  📋 Order 171 status: PreSubmitted
  📋 Order 171 status: Submitted
  ✅ Fill: SLD 2.0 @ 7176.0
  📋 Order 171 status: Submitted
  ✅ Fill: SLD 5.0 @ 7176.0
  📋 Order 171 status: Filled

[2026-04-24 12:31] O:7185.00 H:7185.75 L:7182.75 C:7184.00 V:3746.0
  📈 Trend: moderate_bearish (raw: strong_bearish)
  🗺️  Grid: 0.080% | 🔺 7186.75 🔻 7183.25
  📡 RSI: 35.7 | MACD: -0.99 | ATR: 1.88
  📊 Filled: 1 | Pending: 0
  📍 LONG @ 7190.75 | SL: 7182.75 | TP: 7202.75 | P&L: $-3,375.00 | +2.2 to trail
  📋 Order 172 status: PendingCancel
  📋 Order 172 status: Cancelled
  ❌ EXIT LONG @ 7178.10 | Stop Loss
     P&L: -12.65 pts ($-6,325.00) | Daily: $-8,200.00
  ⏸️ Cooldown: 2 bar(s) remaining after exit
  💰 Daily P&L: $-8,200.00

[2026-04-24 12:32] O:7183.75 H:7185.50 L:7183.50 C:7185.25 V:1572.0
  📈 Trend: strong_bearish
  🗺️  Grid: 0.080% | 🔺 7185.75 🔻 7182.75
  📡 RSI: 43.5 | MACD: -0.98 | ATR: 1.96
  📊 Filled: 0 | Pending: 0
  ⏸️ Cooldown: 1 bar(s) remaining after exit
  💰 Daily P&L: $-8,200.00

[2026-04-24 12:33] O:7185.00 H:7186.00 L:7184.50 C:7185.50 V:1554.0
  📈 Trend: strong_bearish
  🗺️  Grid: 0.080% | 🔺 7185.50 🔻 7183.50
  📡 RSI: 46.7 | MACD: -0.95 | ATR: 2.00
  📊 Filled: 0 | Pending: 0
  💰 Daily P&L: $-8,200.00

[2026-04-24 12:34] O:7185.50 H:7187.25 L:7184.00 C:7186.25 V:1976.0
  📈 Trend: strong_bearish (raw: moderate_bearish)
  🗺️  Grid: 0.080% | 🔺 7186.00 🔻 7184.50
  📡 RSI: 52.2 | MACD: -0.85 | ATR: 2.09
  📊 Filled: 0 | Pending: 0
  💰 Daily P&L: $-8,200.00
→ Real-time bars cancelled
✓ Disconnected from IBKR
