2026-04-27 17:02:24 | ERROR    | Error 201, reqId 191: Order rejected - reason:Order has been cancelled already, too late to replace
2026-04-27 17:03:17 | ERROR    | Peer closed connection.
top enabled
   • SL: ~8 pts | TP: ~12 pts | Trail activates: +6 pts
   • Best for: Normal sessions, choppy/ranging opens
============================================================
✓ Connected to IBKR (paper) - clientId=10
✓ Front-month contract: ESM6 expiry=20260618

============================================================
Loading historical data for indicator warm-up...
============================================================
→ Fetching historical bars (1 D, 1 min)...
✓ Loaded 989 historical bars

Processing 989 historical bars...

Indicators ready!
  Bars loaded: 989
  Last price: 7190.00
  Trend: strong_bearish
  RSI: 33.3
  ATR: 2.59
  MACD: -0.46 / Signal: -0.46
  MA: 7190.89 / 7191.62 / 7192.18

------------------------------------------------------------
Account Value: $1,062,523.46
Buying Power: $4,244,920.20
Current Position: 0 contracts
------------------------------------------------------------

============================================================
Starting live 1-minute bar stream...
Strategy is now ACTIVE (SCALP mode)
============================================================

→ Subscribed to 5-second real-time bars (aggregating to 1 min)

[2026-04-27 09:28] O:7190.25 H:7190.75 L:7190.00 C:7190.00 V:321.0
  📈 Trend: sideways (raw: strong_bearish)
  🗺️  Grid: 0.080% | 🔺 7192.50 🔻 7189.75
  📡 RSI: 44.8 | MACD: -0.48 | ATR: 2.32
  📊 Filled: 0 | Pending: 0
  💰 Daily P&L: $+0.00

[2026-04-27 09:29] O:7190.00 H:7190.75 L:7188.75 C:7189.25 V:1900.0
  📈 Trend: strong_bearish
  🗺️  Grid: 0.080% | 🔺 7190.75 🔻 7190.00
  📡 RSI: 43.3 | MACD: -0.54 | ATR: 2.30
  📊 Filled: 0 | Pending: 0
  💰 Daily P&L: $+0.00

[2026-04-27 09:30] O:7189.25 H:7189.50 L:7185.50 C:7187.00 V:5952.0
  📈 Trend: strong_bearish
  🗺️  Grid: 0.080% | 🔺 7190.75 🔻 7188.75
  📡 RSI: 35.1 | MACD: -0.77 | ATR: 2.41
  📊 Filled: 0 | Pending: 0
  💰 Daily P&L: $+0.00

[2026-04-27 09:31] O:7186.75 H:7188.25 L:7185.50 C:7187.25 V:3273.0
  📈 Trend: strong_bearish
  🗺️  Grid: 0.080% | 🔺 7189.50 🔻 7185.50
  📡 RSI: 36.8 | MACD: -0.92 | ATR: 2.50
  📊 Filled: 0 | Pending: 0
  💰 Daily P&L: $+0.00

[2026-04-27 09:32] O:7187.25 H:7187.25 L:7185.25 C:7186.00 V:2673.0
  📈 Trend: strong_bearish
  🗺️  Grid: 0.080% | 🔺 7188.25 🔻 7185.50
  📡 RSI: 33.3 | MACD: -1.12 | ATR: 2.48
  📊 Filled: 0 | Pending: 0
  💰 Daily P&L: $+0.00

[2026-04-27 09:33] O:7186.00 H:7188.75 L:7185.75 C:7187.25 V:2268.0
  📈 Trend: strong_bearish
  🗺️  Grid: 0.080% | 🔺 7187.25 🔻 7185.25
  📡 RSI: 43.2 | MACD: -1.17 | ATR: 2.55
  📊 Filled: 0 | Pending: 0
  💰 Daily P&L: $+0.00

[2026-04-27 09:34] O:7187.00 H:7189.00 L:7186.00 C:7188.50 V:2051.0
  📈 Trend: strong_bearish
  🗺️  Grid: 0.080% | 🔺 7188.75 🔻 7185.75
  📡 RSI: 47.9 | MACD: -1.10 | ATR: 2.55
  📊 Filled: 0 | Pending: 0
  💰 Daily P&L: $+0.00

[2026-04-27 09:35] O:7188.50 H:7196.25 L:7187.75 C:7196.00 V:5779.0
  📈 Trend: strong_bearish (raw: moderate_bearish)
  🗺️  Grid: 0.080% | 🔺 7189.00 🔻 7186.00
  📡 RSI: 65.3 | MACD: -0.43 | ATR: 2.96
  📊 Filled: 0 | Pending: 0
  💰 Daily P&L: $+0.00

[2026-04-27 09:36] O:7196.25 H:7199.00 L:7193.75 C:7194.25 V:8208.0
  📈 Trend: moderate_bearish
  🗺️  Grid: 0.080% | 🔺 7196.25 🔻 7187.75
  📡 RSI: 60.3 | MACD: -0.04 | ATR: 3.21
  📊 Filled: 0 | Pending: 0
  💰 Daily P&L: $+0.00

[2026-04-27 09:37] O:7194.25 H:7194.50 L:7191.75 C:7193.00 V:3394.0
  📈 Trend: moderate_bearish (raw: moderate_bullish)
  🗺️  Grid: 0.080% | 🔺 7199.00 🔻 7193.75
  📡 RSI: 53.8 | MACD: 0.17 | ATR: 3.21
  📊 Filled: 0 | Pending: 0
  💰 Daily P&L: $+0.00

[2026-04-27 09:38] O:7192.75 H:7194.50 L:7192.00 C:7193.25 V:2594.0
  📈 Trend: moderate_bullish
  🗺️  Grid: 0.080% | 🔺 7194.50 🔻 7191.75
  📡 RSI: 54.4 | MACD: 0.35 | ATR: 3.20
  📊 Filled: 0 | Pending: 0
  💰 Daily P&L: $+0.00

[2026-04-27 09:39] O:7193.25 H:7194.00 L:7191.75 C:7194.00 V:1747.0
  📈 Trend: moderate_bullish
  🗺️  Grid: 0.080% | 🔺 7194.50 🔻 7192.00
  📡 RSI: 59.0 | MACD: 0.54 | ATR: 3.12
  📊 Filled: 0 | Pending: 0
  💰 Daily P&L: $+0.00

[2026-04-27 09:40] O:7193.75 H:7194.75 L:7191.25 C:7191.25 V:2521.0
  📈 Trend: moderate_bullish
  🗺️  Grid: 0.080% | 🔺 7194.00 🔻 7191.75
  📡 RSI: 51.1 | MACD: 0.47 | ATR: 3.21
  📊 Filled: 0 | Pending: 0
  💰 Daily P&L: $+0.00

[2026-04-27 09:41] O:7191.50 H:7192.00 L:7190.00 C:7190.50 V:1922.0
  📈 Trend: moderate_bullish (raw: strong_bullish)
  🗺️  Grid: 0.080% | 🔺 7194.75 🔻 7191.25
  📡 RSI: 51.1 | MACD: 0.35 | ATR: 3.16
  📊 Filled: 0 | Pending: 0
  💰 Daily P&L: $+0.00

[2026-04-27 09:42] O:7190.50 H:7191.50 L:7190.00 C:7191.00 V:1173.0
  📈 Trend: moderate_bullish
  🗺️  Grid: 0.080% | 🔺 7192.00 🔻 7190.00
  📡 RSI: 52.2 | MACD: 0.29 | ATR: 3.21
  📊 Filled: 0 | Pending: 0
  💰 Daily P&L: $+0.00

[2026-04-27 09:43] O:7191.00 H:7192.75 L:7190.50 C:7192.75 V:1665.0
  📈 Trend: moderate_bullish (raw: strong_bullish)
  🗺️  Grid: 0.080% | 🔺 7191.50 🔻 7190.00
  📡 RSI: 57.4 | MACD: 0.38 | ATR: 3.23
  📊 Filled: 0 | Pending: 0
  💰 Daily P&L: $+0.00

[2026-04-27 09:44] O:7192.75 H:7196.25 L:7192.75 C:7194.25 V:3847.0
  📈 Trend: strong_bullish
  🗺️  Grid: 0.080% | 🔺 7192.75 🔻 7190.50
  📡 RSI: 65.9 | MACD: 0.57 | ATR: 3.20
  📊 Filled: 0 | Pending: 0
  💰 Daily P&L: $+0.00

[2026-04-27 09:45] O:7194.25 H:7194.75 L:7191.00 C:7191.75 V:1904.0
  📈 Trend: strong_bullish
  🗺️  Grid: 0.080% | 🔺 7196.25 🔻 7192.75
  📡 RSI: 59.0 | MACD: 0.51 | ATR: 3.27
  📊 Filled: 0 | Pending: 0
  💰 Daily P&L: $+0.00

[2026-04-27 09:46] O:7191.75 H:7192.50 L:7190.00 C:7192.25 V:1634.0
  📈 Trend: strong_bullish (raw: moderate_bullish)
  🗺️  Grid: 0.080% | 🔺 7194.75 🔻 7191.00
  📡 RSI: 62.9 | MACD: 0.49 | ATR: 3.30
  📊 Filled: 0 | Pending: 0
  💰 Daily P&L: $+0.00

[2026-04-27 09:47] O:7192.00 H:7193.25 L:7191.75 C:7192.25 V:1543.0
  📈 Trend: moderate_bullish
  🗺️  Grid: 0.080% | 🔺 7192.50 🔻 7190.00
  📡 RSI: 60.9 | MACD: 0.48 | ATR: 3.20
  📊 Filled: 0 | Pending: 0
  💰 Daily P&L: $+0.00

[2026-04-27 09:48] O:7192.25 H:7194.25 L:7191.75 C:7191.75 V:1582.0
  📈 Trend: moderate_bullish
  🗺️  Grid: 0.080% | 🔺 7193.25 🔻 7191.75
  📡 RSI: 57.3 | MACD: 0.42 | ATR: 3.16
  📊 Filled: 0 | Pending: 0
  💰 Daily P&L: $+0.00

[2026-04-27 09:49] O:7192.00 H:7192.25 L:7190.50 C:7191.50 V:1508.0
  📈 Trend: moderate_bullish (raw: moderate_bearish)
  🗺️  Grid: 0.080% | 🔺 7194.25 🔻 7191.75
  📡 RSI: 35.0 | MACD: 0.35 | ATR: 2.68
  📊 Filled: 0 | Pending: 0
  💰 Daily P&L: $+0.00

[2026-04-27 09:50] O:7191.25 H:7193.25 L:7191.00 C:7191.50 V:1336.0
  📈 Trend: moderate_bullish
  🗺️  Grid: 0.080% | 🔺 7192.25 🔻 7190.50
  📡 RSI: 39.6 | MACD: 0.29 | ATR: 2.46
  📊 Filled: 0 | Pending: 0
  💰 Daily P&L: $+0.00

[2026-04-27 09:51] O:7191.25 H:7193.25 L:7191.00 C:7191.75 V:1578.0
  📈 Trend: moderate_bullish
  🗺️  Grid: 0.080% | 🔺 7193.25 🔻 7191.00
  📡 RSI: 44.9 | MACD: 0.26 | ATR: 2.43
  📊 Filled: 0 | Pending: 0
  💰 Daily P&L: $+0.00

[2026-04-27 09:52] O:7191.75 H:7191.75 L:7187.75 C:7189.50 V:2577.0
  📈 Trend: moderate_bullish
  🗺️  Grid: 0.080% | 🔺 7193.25 🔻 7191.00
  📡 RSI: 36.8 | MACD: 0.06 | ATR: 2.54
  📊 Filled: 0 | Pending: 0
  💰 Daily P&L: $+0.00

[2026-04-27 09:53] O:7189.25 H:7190.75 L:7188.50 C:7189.25 V:2801.0
  📈 Trend: moderate_bullish
  🗺️  Grid: 0.080% | 🔺 7191.75 🔻 7187.75
  📡 RSI: 32.7 | MACD: -0.13 | ATR: 2.54
  📊 Filled: 0 | Pending: 0
  💰 Daily P&L: $+0.00

[2026-04-27 09:54] O:7189.00 H:7190.00 L:7188.25 C:7190.00 V:1518.0
  📈 Trend: moderate_bullish (raw: strong_bearish)
  🗺️  Grid: 0.080% | 🔺 7190.75 🔻 7188.50
  📡 RSI: 44.7 | MACD: -0.21 | ATR: 2.41
  📊 Filled: 0 | Pending: 0
  💰 Daily P&L: $+0.00

[2026-04-27 09:55] O:7190.25 H:7190.75 L:7189.25 C:7189.25 V:1280.0
  📈 Trend: strong_bearish
  🗺️  Grid: 0.080% | 🔺 7190.00 🔻 7188.25
  📡 RSI: 44.7 | MACD: -0.33 | ATR: 2.38
  📊 Filled: 0 | Pending: 0
  💰 Daily P&L: $+0.00

[2026-04-27 09:56] O:7189.50 H:7190.00 L:7188.00 C:7189.50 V:1726.0
  📈 Trend: strong_bearish
  🗺️  Grid: 0.080% | 🔺 7190.75 🔻 7189.25
  📡 RSI: 43.5 | MACD: -0.40 | ATR: 2.41
  📊 Filled: 0 | Pending: 0
  💰 Daily P&L: $+0.00

[2026-04-27 09:57] O:7189.50 H:7191.50 L:7189.00 C:7190.50 V:1496.0
  📈 Trend: strong_bearish
  🗺️  Grid: 0.080% | 🔺 7190.00 🔻 7188.00
  📡 RSI: 39.5 | MACD: -0.37 | ATR: 2.43
  📊 Filled: 0 | Pending: 0
  💰 Daily P&L: $+0.00

[2026-04-27 09:58] O:7190.75 H:7191.75 L:7190.25 C:7191.00 V:1168.0
  📈 Trend: strong_bearish
  🗺️  Grid: 0.080% | 🔺 7191.50 🔻 7189.00
  📡 RSI: 33.3 | MACD: -0.30 | ATR: 2.29
  📊 Filled: 0 | Pending: 0
  💰 Daily P&L: $+0.00

[2026-04-27 09:59] O:7190.75 H:7191.50 L:7190.00 C:7190.75 V:1205.0
  📈 Trend: strong_bearish
  🗺️  Grid: 0.080% | 🔺 7191.75 🔻 7190.25
  📡 RSI: 43.3 | MACD: -0.27 | ATR: 2.12
  📊 Filled: 0 | Pending: 0
  💰 Daily P&L: $+0.00

[2026-04-27 10:00] O:7190.75 H:7192.75 L:7190.75 C:7191.50 V:1849.0
  📈 Trend: strong_bearish (raw: moderate_bullish)
  🗺️  Grid: 0.080% | 🔺 7191.50 🔻 7190.00
  📡 RSI: 45.2 | MACD: -0.18 | ATR: 2.09
  📊 Filled: 0 | Pending: 0
  💰 Daily P&L: $+0.00

[2026-04-27 10:01] O:7191.50 H:7191.50 L:7188.00 C:7188.75 V:1970.0
  📈 Trend: strong_bearish
  🗺️  Grid: 0.080% | 🔺 7192.75 🔻 7190.75
  📡 RSI: 33.3 | MACD: -0.32 | ATR: 2.23
  📊 Filled: 0 | Pending: 0
  💰 Daily P&L: $+0.00

[2026-04-27 10:02] O:7188.75 H:7188.75 L:7186.25 C:7187.50 V:2115.0
  📈 Trend: strong_bearish
  🗺️  Grid: 0.080% | 🔺 7191.50 🔻 7188.00
  📡 RSI: 31.1 | MACD: -0.53 | ATR: 2.23
  📊 Filled: 0 | Pending: 0
  💰 Daily P&L: $+0.00

[2026-04-27 10:03] O:7187.50 H:7187.75 L:7183.50 C:7184.50 V:2892.0
  📈 Trend: strong_bearish
  🗺️  Grid: 0.080% | 🔺 7188.75 🔻 7186.25
  📡 RSI: 25.0 | MACD: -0.93 | ATR: 2.41
  📊 Filled: 0 | Pending: 0
  💰 Daily P&L: $+0.00

[2026-04-27 10:04] O:7184.75 H:7185.50 L:7182.75 C:7183.50 V:4906.0
  📈 Trend: strong_bearish
  🗺️  Grid: 0.080% | 🔺 7187.75 🔻 7183.50
  📡 RSI: 23.3 | MACD: -1.31 | ATR: 2.45
  📊 Filled: 0 | Pending: 0
  💰 Daily P&L: $+0.00

[2026-04-27 10:05] O:7183.75 H:7185.50 L:7182.25 C:7184.50 V:3095.0
  📈 Trend: strong_bearish
  🗺️  Grid: 0.080% | 🔺 7185.50 🔻 7182.75
  📡 RSI: 27.0 | MACD: -1.52 | ATR: 2.52
  📊 Filled: 0 | Pending: 0
  💰 Daily P&L: $+0.00

[2026-04-27 10:06] O:7184.50 H:7186.50 L:7184.25 C:7185.00 V:2568.0
  📈 Trend: strong_bearish
  🗺️  Grid: 0.080% | 🔺 7185.50 🔻 7182.25
  📡 RSI: 33.9 | MACD: -1.62 | ATR: 2.39
  📊 Filled: 0 | Pending: 0
  💰 Daily P&L: $+0.00

[2026-04-27 10:07] O:7185.00 H:7185.50 L:7182.25 C:7184.50 V:2989.0
  📈 Trend: strong_bearish
  🗺️  Grid: 0.080% | 🔺 7186.50 🔻 7184.25
  📡 RSI: 33.3 | MACD: -1.72 | ATR: 2.46
  📊 Filled: 0 | Pending: 0
  💰 Daily P&L: $+0.00

[2026-04-27 10:08] O:7184.50 H:7186.50 L:7184.50 C:7186.25 V:3023.0
  📈 Trend: strong_bearish
  🗺️  Grid: 0.080% | 🔺 7185.50 🔻 7182.25
  📡 RSI: 37.7 | MACD: -1.64 | ATR: 2.48
  📊 Filled: 0 | Pending: 0
  💰 Daily P&L: $+0.00

[2026-04-27 10:09] O:7186.25 H:7186.50 L:7184.75 C:7185.00 V:1617.0
  📈 Trend: strong_bearish
  🗺️  Grid: 0.080% | 🔺 7186.50 🔻 7184.50
  📡 RSI: 36.5 | MACD: -1.66 | ATR: 2.50
  📊 Filled: 0 | Pending: 0
  💰 Daily P&L: $+0.00

[2026-04-27 10:10] O:7185.25 H:7186.25 L:7184.75 C:7185.25 V:1443.0
  📈 Trend: strong_bearish
  🗺️  Grid: 0.080% | 🔺 7186.50 🔻 7184.75
  📡 RSI: 36.5 | MACD: -1.64 | ATR: 2.46
  📊 Filled: 0 | Pending: 0
  💰 Daily P&L: $+0.00

[2026-04-27 10:11] O:7185.25 H:7185.50 L:7183.25 C:7185.00 V:2152.0
  📈 Trend: strong_bearish
  🗺️  Grid: 0.080% | 🔺 7186.25 🔻 7184.75
  📡 RSI: 31.7 | MACD: -1.62 | ATR: 2.45
  📊 Filled: 0 | Pending: 0
  💰 Daily P&L: $+0.00

[2026-04-27 10:12] O:7185.25 H:7185.75 L:7183.50 C:7184.50 V:1714.0
  📈 Trend: strong_bearish
  🗺️  Grid: 0.080% | 🔺 7185.50 🔻 7183.25
  📡 RSI: 28.3 | MACD: -1.63 | ATR: 2.50
  📊 Filled: 0 | Pending: 0
  💰 Daily P&L: $+0.00

[2026-04-27 10:13] O:7184.50 H:7185.75 L:7184.25 C:7184.50 V:1240.0
  📈 Trend: strong_bearish
  🗺️  Grid: 0.080% | 🔺 7185.75 🔻 7183.50
  📡 RSI: 28.8 | MACD: -1.61 | ATR: 2.50
  📊 Filled: 0 | Pending: 0
  💰 Daily P&L: $+0.00

[2026-04-27 10:14] O:7184.75 H:7184.75 L:7183.00 C:7183.25 V:1785.0
  📈 Trend: strong_bearish
  🗺️  Grid: 0.080% | 🔺 7185.75 🔻 7184.25
  📡 RSI: 23.0 | MACD: -1.69 | ATR: 2.48
  📊 Filled: 0 | Pending: 0
  💰 Daily P&L: $+0.00

[2026-04-27 10:15] O:7183.00 H:7185.75 L:7182.50 C:7185.25 V:2783.0
  📈 Trend: strong_bearish
  🗺️  Grid: 0.080% | 🔺 7184.75 🔻 7183.00
  📡 RSI: 37.9 | MACD: -1.56 | ATR: 2.46
  📊 Filled: 0 | Pending: 0
  💰 Daily P&L: $+0.00

[2026-04-27 10:16] O:7185.00 H:7186.50 L:7184.50 C:7185.25 V:1623.0
  📈 Trend: strong_bearish
  🗺️  Grid: 0.080% | 🔺 7185.75 🔻 7182.50
  📡 RSI: 41.5 | MACD: -1.45 | ATR: 2.43
  📊 Filled: 0 | Pending: 0
  💰 Daily P&L: $+0.00

[2026-04-27 10:17] O:7185.25 H:7186.75 L:7183.25 C:7183.75 V:2314.0
  📈 Trend: strong_bearish
  🗺️  Grid: 0.080% | 🔺 7186.50 🔻 7184.50
  📡 RSI: 46.8 | MACD: -1.46 | ATR: 2.38
  📊 Filled: 0 | Pending: 0
  💰 Daily P&L: $+0.00

[2026-04-27 10:18] O:7184.00 H:7185.00 L:7181.50 C:7183.00 V:2924.0
  📈 Trend: strong_bearish
  🗺️  Grid: 0.080% | 🔺 7186.75 🔻 7183.25
  📡 RSI: 47.8 | MACD: -1.52 | ATR: 2.43
  📊 Filled: 0 | Pending: 0
  💰 Daily P&L: $+0.00

[2026-04-27 10:19] O:7183.00 H:7183.75 L:7182.00 C:7182.75 V:1587.0
  📈 Trend: strong_bearish
  🗺️  Grid: 0.080% | 🔺 7185.00 🔻 7181.50
  📡 RSI: 41.9 | MACD: -1.56 | ATR: 2.32
  📊 Filled: 0 | Pending: 0
  💰 Daily P&L: $+0.00

[2026-04-27 10:20] O:7182.75 H:7184.00 L:7182.50 C:7183.00 V:1658.0
  📈 Trend: strong_bearish
  🗺️  Grid: 0.080% | 🔺 7183.75 🔻 7182.00
  📡 RSI: 40.5 | MACD: -1.56 | ATR: 2.27
  📊 Filled: 0 | Pending: 0
  💰 Daily P&L: $+0.00

[2026-04-27 10:21] O:7183.25 H:7183.75 L:7179.75 C:7180.00 V:3593.0
  📈 Trend: strong_bearish
  🗺️  Grid: 0.080% | 🔺 7184.00 🔻 7182.50
  📡 RSI: 32.7 | MACD: -1.78 | ATR: 2.32
  📊 Filled: 0 | Pending: 0
  💰 Daily P&L: $+0.00

[2026-04-27 10:22] O:7180.25 H:7180.75 L:7177.00 C:7178.75 V:6818.0
  📈 Trend: strong_bearish
  🗺️  Grid: 0.080% | 🔺 7183.75 🔻 7179.75
  📡 RSI: 20.0 | MACD: -2.03 | ATR: 2.45
  📊 Filled: 0 | Pending: 0
  💰 Daily P&L: $+0.00

[2026-04-27 10:23] O:7179.00 H:7180.75 L:7178.00 C:7180.75 V:3336.0
  📈 Trend: strong_bearish
  🗺️  Grid: 0.080% | 🔺 7180.75 🔻 7177.00
  📡 RSI: 34.0 | MACD: -2.04 | ATR: 2.52
  📊 Filled: 0 | Pending: 0
  💰 Daily P&L: $+0.00

[2026-04-27 10:24] O:7180.75 H:7181.00 L:7179.50 C:7180.00 V:2465.0
  📈 Trend: strong_bearish
  🗺️  Grid: 0.080% | 🔺 7180.75 🔻 7178.00
  📡 RSI: 30.9 | MACD: -2.09 | ATR: 2.52
  📊 Filled: 0 | Pending: 0
  💰 Daily P&L: $+0.00

[2026-04-27 10:25] O:7180.00 H:7180.50 L:7178.50 C:7179.75 V:2024.0
  📈 Trend: strong_bearish
  🗺️  Grid: 0.080% | 🔺 7181.00 🔻 7179.50
  📡 RSI: 30.9 | MACD: -2.13 | ATR: 2.50
  📊 Filled: 0 | Pending: 0
  💰 Daily P&L: $+0.00

[2026-04-27 10:26] O:7180.00 H:7182.00 L:7178.50 C:7181.00 V:2730.0
  📈 Trend: strong_bearish
  🗺️  Grid: 0.080% | 🔺 7180.50 🔻 7178.50
  📡 RSI: 37.9 | MACD: -2.03 | ATR: 2.59
  📊 Filled: 0 | Pending: 0
  💰 Daily P&L: $+0.00

[2026-04-27 10:27] O:7181.25 H:7183.25 L:7181.25 C:7182.75 V:2372.0
  📈 Trend: strong_bearish
  🗺️  Grid: 0.080% | 🔺 7182.00 🔻 7178.50
  📡 RSI: 44.6 | MACD: -1.79 | ATR: 2.64
  📊 Filled: 0 | Pending: 0
  💰 Daily P&L: $+0.00

[2026-04-27 10:28] O:7183.00 H:7184.00 L:7182.50 C:7183.25 V:2412.0
  📈 Trend: strong_bearish
  🗺️  Grid: 0.080% | 🔺 7183.25 🔻 7181.25
  📡 RSI: 50.0 | MACD: -1.54 | ATR: 2.62
  📊 Filled: 0 | Pending: 0
  💰 Daily P&L: $+0.00

[2026-04-27 10:29] O:7183.25 H:7184.50 L:7182.50 C:7184.50 V:1956.0
  📈 Trend: strong_bearish
  🗺️  Grid: 0.080% | 🔺 7184.00 🔻 7182.50
  📡 RSI: 47.5 | MACD: -1.23 | ATR: 2.54
  📊 Filled: 0 | Pending: 0
  💰 Daily P&L: $+0.00

[2026-04-27 10:30] O:7184.50 H:7187.00 L:7184.00 C:7187.00 V:2645.0
  📈 Trend: strong_bearish (raw: moderate_bearish)
  🗺️  Grid: 0.080% | 🔺 7184.50 🔻 7182.50
  📡 RSI: 55.1 | MACD: -0.77 | ATR: 2.61
  📊 Filled: 0 | Pending: 0
  💰 Daily P&L: $+0.00

[2026-04-27 10:31] O:7186.75 H:7187.00 L:7184.00 C:7184.50 V:1669.0
  📈 Trend: strong_bearish
  🗺️  Grid: 0.080% | 🔺 7187.00 🔻 7184.00
  📡 RSI: 52.1 | MACD: -0.60 | ATR: 2.57
  📊 Filled: 0 | Pending: 0
  💰 Daily P&L: $+0.00

[2026-04-27 10:32] O:7184.25 H:7184.75 L:7182.00 C:7182.75 V:1902.0
  📈 Trend: strong_bearish
  🗺️  Grid: 0.080% | 🔺 7187.00 🔻 7184.00
  📡 RSI: 49.4 | MACD: -0.61 | ATR: 2.52
  📊 Filled: 0 | Pending: 0
  💰 Daily P&L: $+0.00

[2026-04-27 10:33] O:7182.75 H:7184.00 L:7182.25 C:7183.00 V:1328.0
  📈 Trend: strong_bearish
  🗺️  Grid: 0.080% | 🔺 7184.75 🔻 7182.00
  📡 RSI: 50.6 | MACD: -0.58 | ATR: 2.52
  📊 Filled: 0 | Pending: 0
  💰 Daily P&L: $+0.00

[2026-04-27 10:34] O:7183.25 H:7185.50 L:7183.25 C:7184.50 V:1565.0
  📈 Trend: strong_bearish
  🗺️  Grid: 0.080% | 🔺 7184.00 🔻 7182.25
  📡 RSI: 53.7 | MACD: -0.43 | ATR: 2.59
  📊 Filled: 0 | Pending: 0
  💰 Daily P&L: $+0.00

[2026-04-27 10:35] O:7184.25 H:7184.75 L:7183.25 C:7184.00 V:1420.0
  📈 Trend: strong_bearish
  🗺️  Grid: 0.080% | 🔺 7185.50 🔻 7183.25
  📡 RSI: 61.1 | MACD: -0.35 | ATR: 2.41
  📊 Filled: 0 | Pending: 0
  💰 Daily P&L: $+0.00

[2026-04-27 10:36] O:7184.00 H:7184.75 L:7183.25 C:7183.75 V:1501.0
  📈 Trend: strong_bearish
  🗺️  Grid: 0.080% | 🔺 7184.75 🔻 7183.25
  📡 RSI: 64.7 | MACD: -0.31 | ATR: 2.25
  📊 Filled: 0 | Pending: 0
  💰 Daily P&L: $+0.00

[2026-04-27 10:37] O:7183.75 H:7184.75 L:7182.75 C:7183.50 V:1573.0
  📈 Trend: strong_bearish (raw: moderate_bearish)
  🗺️  Grid: 0.080% | 🔺 7184.75 🔻 7183.25
  📡 RSI: 59.0 | MACD: -0.29 | ATR: 2.20
  📊 Filled: 0 | Pending: 0
  💰 Daily P&L: $+0.00

[2026-04-27 10:38] O:7183.50 H:7184.75 L:7183.00 C:7184.00 V:1234.0
  📈 Trend: moderate_bearish
  🗺️  Grid: 0.080% | 🔺 7184.75 🔻 7182.75
  📡 RSI: 63.3 | MACD: -0.23 | ATR: 2.21
  📊 Filled: 0 | Pending: 0
  💰 Daily P&L: $+0.00

[2026-04-27 10:39] O:7184.00 H:7185.75 L:7183.75 C:7185.00 V:1348.0
  📈 Trend: moderate_bearish
  🗺️  Grid: 0.080% | 🔺 7184.75 🔻 7183.00
  📡 RSI: 66.7 | MACD: -0.10 | ATR: 2.21
  📊 Filled: 0 | Pending: 0
  💰 Daily P&L: $+0.00

[2026-04-27 10:40] O:7184.75 H:7185.25 L:7184.00 C:7184.75 V:873.0
  📈 Trend: moderate_bearish
  🗺️  Grid: 0.080% | 🔺 7185.75 🔻 7183.75
  📡 RSI: 62.7 | MACD: -0.02 | ATR: 2.05
  📊 Filled: 0 | Pending: 0
  💰 Daily P&L: $+0.00

[2026-04-27 10:41] O:7185.00 H:7187.00 L:7185.00 C:7186.00 V:1594.0
  📈 Trend: moderate_bearish (raw: moderate_bullish)
  🗺️  Grid: 0.080% | 🔺 7185.25 🔻 7184.00
  📡 RSI: 61.4 | MACD: 0.15 | ATR: 2.05
  📊 Filled: 0 | Pending: 0
  💰 Daily P&L: $+0.00

[2026-04-27 10:42] O:7186.25 H:7188.50 L:7185.75 C:7187.00 V:2516.0
  📈 Trend: moderate_bullish
  🗺️  Grid: 0.080% | 🔺 7187.00 🔻 7185.00
  📡 RSI: 62.7 | MACD: 0.35 | ATR: 2.14
  📊 Filled: 0 | Pending: 0
  💰 Daily P&L: $+0.00

[2026-04-27 10:43] O:7186.75 H:7187.75 L:7186.75 C:7187.25 V:1432.0
  📈 Trend: moderate_bullish
  🗺️  Grid: 0.080% | 🔺 7188.50 🔻 7185.75
  📡 RSI: 60.0 | MACD: 0.53 | ATR: 2.07
  📊 Filled: 0 | Pending: 0
  💰 Daily P&L: $+0.00

[2026-04-27 10:44] O:7187.25 H:7187.75 L:7186.75 C:7187.25 V:1481.0
  📈 Trend: moderate_bullish
  🗺️  Grid: 0.080% | 🔺 7187.75 🔻 7186.75
  📡 RSI: 51.1 | MACD: 0.66 | ATR: 1.93
  📊 Filled: 0 | Pending: 0
  💰 Daily P&L: $+0.00

[2026-04-27 10:45] O:7187.25 H:7188.25 L:7186.50 C:7186.75 V:1851.0
  📈 Trend: moderate_bullish
  🗺️  Grid: 0.080% | 🔺 7187.75 🔻 7186.75
  📡 RSI: 62.2 | MACD: 0.72 | ATR: 1.84
  📊 Filled: 0 | Pending: 0
  💰 Daily P&L: $+0.00

[2026-04-27 10:46] O:7186.75 H:7187.00 L:7185.50 C:7187.00 V:1830.0
  📈 Trend: moderate_bullish (raw: strong_bullish)
  🗺️  Grid: 0.080% | 🔺 7188.25 🔻 7186.50
  📡 RSI: 77.4 | MACD: 0.78 | ATR: 1.75
  📊 Filled: 0 | Pending: 0
  💰 Daily P&L: $+0.00

[2026-04-27 10:47] O:7187.25 H:7188.50 L:7187.25 C:7187.75 V:1498.0
  📈 Trend: strong_bullish
  🗺️  Grid: 0.080% | 🔺 7187.00 🔻 7185.50
  📡 RSI: 78.8 | MACD: 0.87 | ATR: 1.73
  📊 Filled: 0 | Pending: 0
  💰 Daily P&L: $+0.00

[2026-04-27 10:48] O:7187.75 H:7188.50 L:7186.75 C:7187.50 V:1607.0
  📈 Trend: strong_bullish
  🗺️  Grid: 0.080% | 🔺 7188.50 🔻 7187.25
  📡 RSI: 71.4 | MACD: 0.92 | ATR: 1.68
  📊 Filled: 0 | Pending: 0
  💰 Daily P&L: $+0.00

[2026-04-27 10:49] O:7187.75 H:7187.75 L:7185.75 C:7185.75 V:1339.0
  📈 Trend: strong_bullish (raw: moderate_bullish)
  🗺️  Grid: 0.080% | 🔺 7188.50 🔻 7186.75
  📡 RSI: 60.6 | MACD: 0.80 | ATR: 1.71
  📊 Filled: 0 | Pending: 0
  💰 Daily P&L: $+0.00

[2026-04-27 10:50] O:7186.00 H:7186.25 L:7185.00 C:7186.25 V:1465.0
  📈 Trend: strong_bullish
  🗺️  Grid: 0.080% | 🔺 7187.75 🔻 7185.75
  📡 RSI: 64.7 | MACD: 0.74 | ATR: 1.70
  📊 Filled: 0 | Pending: 0
  💰 Daily P&L: $+0.00

[2026-04-27 10:51] O:7186.00 H:7187.50 L:7186.00 C:7187.25 V:926.0
  📈 Trend: strong_bullish
  🗺️  Grid: 0.080% | 🔺 7186.25 🔻 7185.00
  📡 RSI: 70.3 | MACD: 0.77 | ATR: 1.66
  📊 Filled: 0 | Pending: 0
  💰 Daily P&L: $+0.00

[2026-04-27 10:52] O:7187.00 H:7187.00 L:7185.50 C:7186.25 V:1176.0
  📈 Trend: strong_bullish
  🗺️  Grid: 0.080% | 🔺 7187.50 🔻 7186.00
  📡 RSI: 61.5 | MACD: 0.70 | ATR: 1.66
  📊 Filled: 0 | Pending: 0
  💰 Daily P&L: $+0.00

[2026-04-27 10:53] O:7186.25 H:7187.25 L:7186.00 C:7186.50 V:1197.0
  📈 Trend: strong_bullish (raw: moderate_bullish)
  🗺️  Grid: 0.080% | 🔺 7187.00 🔻 7185.50
  📡 RSI: 58.3 | MACD: 0.66 | ATR: 1.61
  📊 Filled: 0 | Pending: 0
  💰 Daily P&L: $+0.00

[2026-04-27 10:54] O:7186.75 H:7187.00 L:7185.00 C:7186.50 V:1316.0
  📈 Trend: moderate_bullish
  🗺️  Grid: 0.080% | 🔺 7187.25 🔻 7186.00
  📡 RSI: 60.0 | MACD: 0.62 | ATR: 1.66
  📊 Filled: 0 | Pending: 0
  💰 Daily P&L: $+0.00

[2026-04-27 10:55] O:7186.75 H:7187.25 L:7185.75 C:7186.50 V:1030.0
  📈 Trend: moderate_bullish
  🗺️  Grid: 0.080% | 🔺 7187.00 🔻 7185.00
  📡 RSI: 53.3 | MACD: 0.58 | ATR: 1.61
  📊 Filled: 0 | Pending: 0
  💰 Daily P&L: $+0.00

[2026-04-27 10:56] O:7186.50 H:7187.25 L:7186.00 C:7186.50 V:1075.0
  📈 Trend: moderate_bullish
  🗺️  Grid: 0.080% | 🔺 7187.25 🔻 7185.75
  📡 RSI: 46.2 | MACD: 0.54 | ATR: 1.50
  📊 Filled: 0 | Pending: 0
  💰 Daily P&L: $+0.00

[2026-04-27 10:57] O:7186.50 H:7187.25 L:7186.00 C:7187.00 V:1042.0
  📈 Trend: moderate_bullish
  🗺️  Grid: 0.080% | 🔺 7187.25 🔻 7186.00
  📡 RSI: 48.1 | MACD: 0.54 | ATR: 1.52
  📊 Filled: 0 | Pending: 0
  💰 Daily P&L: $+0.00

[2026-04-27 10:58] O:7187.25 H:7188.00 L:7186.25 C:7186.50 V:1098.0
  📈 Trend: moderate_bullish
  🗺️  Grid: 0.080% | 🔺 7187.25 🔻 7186.00
  📡 RSI: 44.8 | MACD: 0.50 | ATR: 1.57
  📊 Filled: 0 | Pending: 0
  💰 Daily P&L: $+0.00

[2026-04-27 10:59] O:7186.50 H:7189.50 L:7186.50 C:7188.75 V:2768.0
  📈 Trend: moderate_bullish (raw: strong_bullish)
  🗺️  Grid: 0.080% | 🔺 7188.00 🔻 7186.25
  📡 RSI: 61.1 | MACD: 0.64 | ATR: 1.66
  📊 Filled: 0 | Pending: 0
  💰 Daily P&L: $+0.00

[2026-04-27 11:00] O:7188.75 H:7189.75 L:7188.25 C:7188.25 V:1799.0
  📈 Trend: strong_bullish
  🗺️  Grid: 0.080% | 🔺 7189.50 🔻 7186.50
  📡 RSI: 56.8 | MACD: 0.71 | ATR: 1.66
  📊 Filled: 0 | Pending: 0
  💰 Daily P&L: $+0.00

[2026-04-27 11:01] O:7188.25 H:7188.25 L:7186.50 C:7187.50 V:1466.0
  📈 Trend: strong_bullish
  🗺️  Grid: 0.080% | 🔺 7189.75 🔻 7188.25
  📡 RSI: 48.6 | MACD: 0.69 | ATR: 1.68
  📊 Filled: 0 | Pending: 0
  💰 Daily P&L: $+0.00

[2026-04-27 11:02] O:7187.25 H:7188.00 L:7186.25 C:7187.25 V:1427.0
  📈 Trend: strong_bullish (raw: moderate_bullish)
  🗺️  Grid: 0.080% | 🔺 7188.25 🔻 7186.50
  📡 RSI: 48.6 | MACD: 0.65 | ATR: 1.68
  📊 Filled: 0 | Pending: 0
  💰 Daily P&L: $+0.00

[2026-04-27 11:03] O:7187.50 H:7188.00 L:7187.00 C:7187.50 V:934.0
  📈 Trend: moderate_bullish
  🗺️  Grid: 0.080% | 🔺 7188.00 🔻 7186.25
  📡 RSI: 61.3 | MACD: 0.62 | ATR: 1.61
  📊 Filled: 0 | Pending: 0
  💰 Daily P&L: $+0.00

[2026-04-27 11:04] O:7187.50 H:7189.50 L:7187.50 C:7189.25 V:1126.0
  📈 Trend: moderate_bullish (raw: strong_bullish)
  🗺️  Grid: 0.080% | 🔺 7188.00 🔻 7187.00
  📡 RSI: 66.7 | MACD: 0.74 | ATR: 1.66
  📊 Filled: 0 | Pending: 0
  💰 Daily P&L: $+0.00

[2026-04-27 11:05] O:7189.25 H:7190.00 L:7189.00 C:7189.50 V:1543.0
  📈 Trend: strong_bullish
  🗺️  Grid: 0.080% | 🔺 7189.50 🔻 7187.50
  📡 RSI: 63.6 | MACD: 0.84 | ATR: 1.62
  📊 Filled: 0 | Pending: 0
  💰 Daily P&L: $+0.00

[2026-04-27 11:06] O:7189.75 H:7191.25 L:7189.75 C:7191.00 V:1712.0
  📈 Trend: strong_bullish
  🗺️  Grid: 0.080% | 🔺 7190.00 🔻 7189.00
  📡 RSI: 77.1 | MACD: 1.03 | ATR: 1.62
  📊 Filled: 0 | Pending: 0
  💰 Daily P&L: $+0.00

[2026-04-27 11:07] O:7191.00 H:7191.50 L:7190.75 C:7191.00 V:1361.0
  📈 Trend: strong_bullish
  🗺️  Grid: 0.080% | 🔺 7191.25 🔻 7189.75
  📡 RSI: 76.5 | MACD: 1.17 | ATR: 1.59
  📊 Filled: 0 | Pending: 0
  💰 Daily P&L: $+0.00

[2026-04-27 11:08] O:7191.00 H:7192.50 L:7191.00 C:7191.75 V:1852.0
  📈 Trend: strong_bullish
  🗺️  Grid: 0.080% | 🔺 7191.50 🔻 7190.75
  📡 RSI: 78.4 | MACD: 1.33 | ATR: 1.55
  📊 Filled: 0 | Pending: 0
  💰 Daily P&L: $+0.00

[2026-04-27 11:09] O:7192.00 H:7192.25 L:7191.50 C:7192.00 V:1101.0
  📈 Trend: strong_bullish
  🗺️  Grid: 0.080% | 🔺 7192.50 🔻 7191.00
  📡 RSI: 78.9 | MACD: 1.45 | ATR: 1.50
  📊 Filled: 0 | Pending: 0
  💰 Daily P&L: $+0.00

[2026-04-27 11:10] O:7192.00 H:7192.75 L:7191.25 C:7192.50 V:1290.0
  📈 Trend: strong_bullish
  🗺️  Grid: 0.080% | 🔺 7192.25 🔻 7191.50
  📡 RSI: 80.0 | MACD: 1.57 | ATR: 1.52
  📊 Filled: 0 | Pending: 0
  💰 Daily P&L: $+0.00

[2026-04-27 11:11] O:7192.50 H:7194.25 L:7192.00 C:7193.75 V:3409.0
  📈 Trend: strong_bullish
  🗺️  Grid: 0.080% | 🔺 7192.75 🔻 7191.25
  📡 RSI: 81.4 | MACD: 1.75 | ATR: 1.59
  📊 Filled: 0 | Pending: 0
  💰 Daily P&L: $+0.00

[2026-04-27 11:12] O:7194.00 H:7195.00 L:7193.00 C:7194.50 V:3520.0
  📈 Trend: strong_bullish
  🗺️  Grid: 0.080% | 🔺 7194.25 🔻 7192.00
  📡 RSI: 86.4 | MACD: 1.93 | ATR: 1.61
  📊 Filled: 0 | Pending: 0
  💰 Daily P&L: $+0.00

[2026-04-27 11:13] O:7194.25 H:7194.50 L:7193.50 C:7194.00 V:1211.0
  📈 Trend: strong_bullish
  🗺️  Grid: 0.080% | 🔺 7195.00 🔻 7193.00
  📡 RSI: 78.4 | MACD: 2.01 | ATR: 1.46
  📊 Filled: 0 | Pending: 0
  💰 Daily P&L: $+0.00

[2026-04-27 11:14] O:7194.00 H:7194.75 L:7192.25 C:7194.00 V:2529.0
  📈 Trend: strong_bullish
  🗺️  Grid: 0.080% | 🔺 7194.50 🔻 7193.50
  📡 RSI: 82.9 | MACD: 2.05 | ATR: 1.54
  📊 Filled: 0 | Pending: 0
  💰 Daily P&L: $+0.00

[2026-04-27 11:15] O:7194.25 H:7196.00 L:7194.00 C:7195.75 V:1810.0
  📈 Trend: strong_bullish
  🗺️  Grid: 0.080% | 🔺 7194.75 🔻 7192.25
  📡 RSI: 92.3 | MACD: 2.19 | ATR: 1.55
  📊 Filled: 0 | Pending: 0
  💰 Daily P&L: $+0.00

[2026-04-27 11:16] O:7195.75 H:7195.75 L:7194.50 C:7195.00 V:1604.0
  📈 Trend: strong_bullish
  🗺️  Grid: 0.080% | 🔺 7196.00 🔻 7194.00
  📡 RSI: 87.8 | MACD: 2.22 | ATR: 1.52
  📊 Filled: 0 | Pending: 0
  💰 Daily P&L: $+0.00

[2026-04-27 11:17] O:7195.25 H:7195.25 L:7194.50 C:7195.00 V:931.0
  📈 Trend: strong_bullish
  🗺️  Grid: 0.080% | 🔺 7195.75 🔻 7194.50
  📡 RSI: 87.5 | MACD: 2.22 | ATR: 1.50
  📊 Filled: 0 | Pending: 0
  💰 Daily P&L: $+0.00

[2026-04-27 11:18] O:7195.00 H:7195.50 L:7194.00 C:7194.75 V:1265.0
  📈 Trend: strong_bullish
  🗺️  Grid: 0.080% | 🔺 7195.25 🔻 7194.50
  📡 RSI: 82.4 | MACD: 2.17 | ATR: 1.46
  📊 Filled: 0 | Pending: 0
  💰 Daily P&L: $+0.00

[2026-04-27 11:19] O:7194.75 H:7195.25 L:7194.25 C:7194.75 V:910.0
  📈 Trend: strong_bullish
  🗺️  Grid: 0.080% | 🔺 7195.50 🔻 7194.00
  📡 RSI: 81.8 | MACD: 2.11 | ATR: 1.46
  📊 Filled: 0 | Pending: 0
  💰 Daily P&L: $+0.00

[2026-04-27 11:20] O:7194.75 H:7195.25 L:7193.50 C:7194.00 V:1462.0
  📈 Trend: strong_bullish (raw: moderate_bullish)
  🗺️  Grid: 0.080% | 🔺 7195.25 🔻 7194.25
  📡 RSI: 70.0 | MACD: 1.98 | ATR: 1.46
  📊 Filled: 0 | Pending: 0
  💰 Daily P&L: $+0.00

[2026-04-27 11:21] O:7193.75 H:7194.25 L:7193.25 C:7193.25 V:1444.0
  📈 Trend: moderate_bullish
  🗺️  Grid: 0.080% | 🔺 7195.25 🔻 7193.50
  📡 RSI: 63.6 | MACD: 1.79 | ATR: 1.48
  📊 Filled: 0 | Pending: 0
  💰 Daily P&L: $+0.00

[2026-04-27 11:22] O:7193.50 H:7194.25 L:7193.50 C:7193.50 V:1069.0
  📈 Trend: moderate_bullish
  🗺️  Grid: 0.080% | 🔺 7194.25 🔻 7193.25
  📡 RSI: 61.3 | MACD: 1.65 | ATR: 1.45
  📊 Filled: 0 | Pending: 0
  💰 Daily P&L: $+0.00

[2026-04-27 11:23] O:7193.50 H:7193.75 L:7192.00 C:7193.25 V:1318.0
  📈 Trend: moderate_bullish
  🗺️  Grid: 0.080% | 🔺 7194.25 🔻 7193.50
  📡 RSI: 58.1 | MACD: 1.49 | ATR: 1.52
  📊 Filled: 0 | Pending: 0
  💰 Daily P&L: $+0.00

[2026-04-27 11:24] O:7193.25 H:7193.50 L:7192.25 C:7192.75 V:1013.0
  📈 Trend: moderate_bullish (raw: strong_bullish)
  🗺️  Grid: 0.080% | 🔺 7193.75 🔻 7192.00
  📡 RSI: 51.6 | MACD: 1.32 | ATR: 1.50
  📊 Filled: 0 | Pending: 0
  💰 Daily P&L: $+0.00

[2026-04-27 11:25] O:7192.75 H:7194.25 L:7192.50 C:7194.25 V:1556.0
  📈 Trend: strong_bullish
  🗺️  Grid: 0.080% | 🔺 7193.50 🔻 7192.25
  📡 RSI: 53.1 | MACD: 1.28 | ATR: 1.46
  📊 Filled: 0 | Pending: 0
  💰 Daily P&L: $+0.00

[2026-04-27 11:26] O:7194.00 H:7195.00 L:7193.50 C:7193.75 V:1170.0
  📈 Trend: strong_bullish
  🗺️  Grid: 0.080% | 🔺 7194.25 🔻 7192.50
  📡 RSI: 45.2 | MACD: 1.20 | ATR: 1.43
  📊 Filled: 0 | Pending: 0
  💰 Daily P&L: $+0.00

[2026-04-27 11:27] O:7193.75 H:7194.25 L:7193.25 C:7193.50 V:877.0
  📈 Trend: strong_bullish
  🗺️  Grid: 0.080% | 🔺 7195.00 🔻 7193.50
  📡 RSI: 46.7 | MACD: 1.11 | ATR: 1.43
  📊 Filled: 0 | Pending: 0
  💰 Daily P&L: $+0.00

[2026-04-27 11:28] O:7193.50 H:7194.00 L:7193.00 C:7193.25 V:827.0
  📈 Trend: strong_bullish
  🗺️  Grid: 0.080% | 🔺 7194.25 🔻 7193.25
  📡 RSI: 45.2 | MACD: 1.00 | ATR: 1.32
  📊 Filled: 0 | Pending: 0
  💰 Daily P&L: $+0.00

[2026-04-27 11:29] O:7193.25 H:7193.50 L:7192.50 C:7193.50 V:916.0
  📈 Trend: strong_bullish
  🗺️  Grid: 0.080% | 🔺 7194.00 🔻 7193.00
  📡 RSI: 32.0 | MACD: 0.92 | ATR: 1.25
  📊 Filled: 0 | Pending: 0
  💰 Daily P&L: $+0.00

[2026-04-27 11:30] O:7193.50 H:7195.25 L:7193.25 C:7195.00 V:1118.0
  📈 Trend: strong_bullish
  🗺️  Grid: 0.080% | 🔺 7193.50 🔻 7192.50
  📡 RSI: 50.0 | MACD: 0.97 | ATR: 1.30
  📊 Filled: 0 | Pending: 0
  💰 Daily P&L: $+0.00

[2026-04-27 11:31] O:7195.00 H:7195.25 L:7194.50 C:7194.75 V:1051.0
  📈 Trend: strong_bullish
  🗺️  Grid: 0.080% | 🔺 7195.25 🔻 7193.25
  📡 RSI: 48.3 | MACD: 0.98 | ATR: 1.30
  📊 Filled: 0 | Pending: 0
  💰 Daily P&L: $+0.00

[2026-04-27 11:32] O:7194.50 H:7195.00 L:7194.25 C:7195.00 V:690.0
  📈 Trend: strong_bullish
  🗺️  Grid: 0.080% | 🔺 7195.25 🔻 7194.50
  📡 RSI: 51.7 | MACD: 0.99 | ATR: 1.25
  📊 Filled: 0 | Pending: 0
  💰 Daily P&L: $+0.00

[2026-04-27 11:33] O:7194.75 H:7195.75 L:7194.75 C:7195.25 V:1191.0
  📈 Trend: strong_bullish
  🗺️  Grid: 0.080% | 🔺 7195.00 🔻 7194.25
  📡 RSI: 53.3 | MACD: 1.01 | ATR: 1.25
  📊 Filled: 0 | Pending: 0
  💰 Daily P&L: $+0.00

[2026-04-27 11:34] O:7195.25 H:7196.75 L:7195.00 C:7196.25 V:1349.0
  📈 Trend: strong_bullish
  🗺️  Grid: 0.080% | 🔺 7195.75 🔻 7194.75
  📡 RSI: 64.5 | MACD: 1.10 | ATR: 1.25
  📊 Filled: 0 | Pending: 0
  💰 Daily P&L: $+0.00

[2026-04-27 11:35] O:7196.25 H:7197.50 L:7196.25 C:7196.75 V:1933.0
  📈 Trend: strong_bullish
  🗺️  Grid: 0.080% | 🔺 7196.75 🔻 7195.00
  📡 RSI: 73.3 | MACD: 1.19 | ATR: 1.27
  📊 Filled: 0 | Pending: 0
  💰 Daily P&L: $+0.00

[2026-04-27 11:36] O:7196.75 H:7197.25 L:7195.50 C:7196.50 V:1344.0
  📈 Trend: strong_bullish
  🗺️  Grid: 0.080% | 🔺 7197.50 🔻 7196.25
  📡 RSI: 70.0 | MACD: 1.23 | ATR: 1.32
  📊 Filled: 0 | Pending: 0
  💰 Daily P&L: $+0.00

[2026-04-27 11:37] O:7196.50 H:7197.25 L:7196.50 C:7196.50 V:1191.0
  📈 Trend: strong_bullish
  🗺️  Grid: 0.080% | 🔺 7197.25 🔻 7195.50
  📡 RSI: 72.4 | MACD: 1.25 | ATR: 1.25
  📊 Filled: 0 | Pending: 0
  💰 Daily P&L: $+0.00

[2026-04-27 11:38] O:7196.75 H:7197.25 L:7196.00 C:7197.25 V:1076.0
  📈 Trend: strong_bullish
  🗺️  Grid: 0.080% | 🔺 7197.25 🔻 7196.50
  📡 RSI: 80.0 | MACD: 1.30 | ATR: 1.25
  📊 Filled: 0 | Pending: 0
  💰 Daily P&L: $+0.00

[2026-04-27 11:39] O:7197.25 H:7197.75 L:7196.75 C:7197.25 V:1317.0
  📈 Trend: strong_bullish
  🗺️  Grid: 0.080% | 🔺 7197.25 🔻 7196.00
  📡 RSI: 75.0 | MACD: 1.34 | ATR: 1.20
  📊 Filled: 0 | Pending: 0
  💰 Daily P&L: $+0.00

[2026-04-27 11:40] O:7197.25 H:7197.75 L:7196.50 C:7197.25 V:875.0
  📈 Trend: strong_bullish
  🗺️  Grid: 0.080% | 🔺 7197.75 🔻 7196.75
  📡 RSI: 81.8 | MACD: 1.35 | ATR: 1.18
  📊 Filled: 0 | Pending: 0
  💰 Daily P&L: $+0.00

[2026-04-27 11:41] O:7197.25 H:7197.75 L:7195.75 C:7196.00 V:1325.0
  📈 Trend: strong_bullish
  🗺️  Grid: 0.080% | 🔺 7197.75 🔻 7196.50
  📡 RSI: 69.2 | MACD: 1.24 | ATR: 1.25
  📊 Filled: 0 | Pending: 0
  💰 Daily P&L: $+0.00

[2026-04-27 11:42] O:7196.25 H:7197.75 L:7196.25 C:7197.25 V:1104.0
  📈 Trend: strong_bullish
  🗺️  Grid: 0.080% | 🔺 7197.75 🔻 7195.75
  📡 RSI: 76.7 | MACD: 1.24 | ATR: 1.30
  📊 Filled: 0 | Pending: 0
  💰 Daily P&L: $+0.00

[2026-04-27 11:43] O:7197.25 H:7197.50 L:7196.50 C:7197.00 V:909.0
  📈 Trend: strong_bullish
  🗺️  Grid: 0.080% | 🔺 7197.75 🔻 7196.25
  📡 RSI: 73.3 | MACD: 1.21 | ATR: 1.30
  📊 Filled: 0 | Pending: 0
  💰 Daily P&L: $+0.00

[2026-04-27 11:44] O:7197.00 H:7197.25 L:7195.75 C:7195.75 V:766.0
  📈 Trend: strong_bullish
  🗺️  Grid: 0.080% | 🔺 7197.50 🔻 7196.50
  📡 RSI: 55.2 | MACD: 1.07 | ATR: 1.27
  📊 Filled: 0 | Pending: 0
  💰 Daily P&L: $+0.00

[2026-04-27 11:45] O:7196.00 H:7196.50 L:7195.75 C:7196.25 V:1054.0
  📈 Trend: strong_bullish
  🗺️  Grid: 0.080% | 🔺 7197.25 🔻 7195.75
  📡 RSI: 60.0 | MACD: 0.98 | ATR: 1.27
  📊 Filled: 0 | Pending: 0
  💰 Daily P&L: $+0.00

[2026-04-27 11:46] O:7196.50 H:7197.25 L:7196.00 C:7197.00 V:818.0
  📈 Trend: strong_bullish
  🗺️  Grid: 0.080% | 🔺 7196.50 🔻 7195.75
  📡 RSI: 62.5 | MACD: 0.97 | ATR: 1.30
  📊 Filled: 0 | Pending: 0
  💰 Daily P&L: $+0.00

[2026-04-27 11:47] O:7197.00 H:7197.25 L:7195.75 C:7197.00 V:889.0
  📈 Trend: strong_bullish
  🗺️  Grid: 0.080% | 🔺 7197.25 🔻 7196.00
  📡 RSI: 61.3 | MACD: 0.95 | ATR: 1.34
  📊 Filled: 0 | Pending: 0
  💰 Daily P&L: $+0.00

[2026-04-27 11:48] O:7196.75 H:7197.25 L:7196.25 C:7197.25 V:660.0
  📈 Trend: strong_bullish
  🗺️  Grid: 0.080% | 🔺 7197.25 🔻 7195.75
  📡 RSI: 57.1 | MACD: 0.94 | ATR: 1.29
  📊 Filled: 0 | Pending: 0
  💰 Daily P&L: $+0.00

[2026-04-27 11:49] O:7197.00 H:7197.50 L:7196.75 C:7197.25 V:735.0
  📈 Trend: strong_bullish
  🗺️  Grid: 0.080% | 🔺 7197.25 🔻 7196.25
  📡 RSI: 53.8 | MACD: 0.92 | ATR: 1.25
  📊 Filled: 0 | Pending: 0
  💰 Daily P&L: $+0.00

[2026-04-27 11:50] O:7197.25 H:7197.25 L:7196.00 C:7196.75 V:674.0
  📈 Trend: strong_bullish
  🗺️  Grid: 0.080% | 🔺 7197.50 🔻 7196.75
  📡 RSI: 51.9 | MACD: 0.86 | ATR: 1.21
  📊 Filled: 0 | Pending: 0
  💰 Daily P&L: $+0.00

[2026-04-27 11:51] O:7196.50 H:7196.75 L:7195.75 C:7196.50 V:959.0
  📈 Trend: strong_bullish
  🗺️  Grid: 0.080% | 🔺 7197.25 🔻 7196.00
  📡 RSI: 50.0 | MACD: 0.78 | ATR: 1.23
  📊 Filled: 0 | Pending: 0
  💰 Daily P&L: $+0.00

[2026-04-27 11:52] O:7196.50 H:7197.25 L:7195.25 C:7195.75 V:1436.0
  📈 Trend: strong_bullish
  🗺️  Grid: 0.080% | 🔺 7196.75 🔻 7195.75
  📡 RSI: 39.3 | MACD: 0.64 | ATR: 1.29
  📊 Filled: 0 | Pending: 0
  💰 Daily P&L: $+0.00

[2026-04-27 11:53] O:7195.75 H:7196.50 L:7195.25 C:7196.50 V:920.0
  📈 Trend: strong_bullish
  🗺️  Grid: 0.080% | 🔺 7197.25 🔻 7195.25
  📡 RSI: 45.2 | MACD: 0.59 | ATR: 1.30
  📊 Filled: 0 | Pending: 0
  💰 Daily P&L: $+0.00

[2026-04-27 11:54] O:7196.25 H:7196.25 L:7195.00 C:7195.25 V:814.0
  📈 Trend: strong_bullish (raw: moderate_bullish)
  🗺️  Grid: 0.080% | 🔺 7196.50 🔻 7195.25
  📡 RSI: 38.9 | MACD: 0.45 | ATR: 1.32
  📊 Filled: 0 | Pending: 0
  💰 Daily P&L: $+0.00

[2026-04-27 11:55] O:7195.25 H:7195.25 L:7194.00 C:7195.00 V:1634.0
  📈 Trend: moderate_bullish
  🗺️  Grid: 0.080% | 🔺 7196.25 🔻 7195.00
  📡 RSI: 43.8 | MACD: 0.31 | ATR: 1.27
  📊 Filled: 0 | Pending: 0
  💰 Daily P&L: $+0.00

[2026-04-27 11:56] O:7195.25 H:7195.50 L:7194.00 C:7194.00 V:1811.0
  📈 Trend: moderate_bullish
  🗺️  Grid: 0.080% | 🔺 7195.25 🔻 7194.00
  📡 RSI: 29.0 | MACD: 0.12 | ATR: 1.25
  📊 Filled: 0 | Pending: 0
  💰 Daily P&L: $+0.00

[2026-04-27 11:57] O:7194.00 H:7194.25 L:7193.50 C:7193.75 V:1207.0
  📈 Trend: moderate_bullish
  🗺️  Grid: 0.080% | 🔺 7195.50 🔻 7194.00
  📡 RSI: 29.0 | MACD: -0.06 | ATR: 1.23
  📊 Filled: 0 | Pending: 0
  💰 Daily P&L: $+0.00

[2026-04-27 11:58] O:7194.00 H:7195.75 L:7193.75 C:7195.50 V:1327.0
  📈 Trend: moderate_bullish
  🗺️  Grid: 0.080% | 🔺 7194.25 🔻 7193.50
  📡 RSI: 48.5 | MACD: -0.05 | ATR: 1.27
  📊 Filled: 0 | Pending: 0
  💰 Daily P&L: $+0.00

[2026-04-27 11:59] O:7195.75 H:7196.25 L:7195.25 C:7196.00 V:888.0
  📈 Trend: moderate_bullish
  🗺️  Grid: 0.080% | 🔺 7195.75 🔻 7193.75
  📡 RSI: 48.5 | MACD: -0.01 | ATR: 1.29
  📊 Filled: 0 | Pending: 0
  💰 Daily P&L: $+0.00

[2026-04-27 12:00] O:7196.25 H:7198.25 L:7196.00 C:7197.75 V:2230.0
  📈 Trend: moderate_bullish (raw: strong_bullish)
  🗺️  Grid: 0.080% | 🔺 7196.25 🔻 7195.25
  📡 RSI: 54.1 | MACD: 0.17 | ATR: 1.36
  📊 Filled: 0 | Pending: 0
  💰 Daily P&L: $+0.00

[2026-04-27 12:01] O:7198.00 H:7198.50 L:7197.25 C:7197.75 V:1240.0
  📈 Trend: strong_bullish
  🗺️  Grid: 0.080% | 🔺 7198.25 🔻 7196.00
  📡 RSI: 54.1 | MACD: 0.30 | ATR: 1.34
  📊 Filled: 0 | Pending: 0
  💰 Daily P&L: $+0.00

[2026-04-27 12:02] O:7197.75 H:7197.75 L:7197.00 C:7197.50 V:890.0
  📈 Trend: strong_bullish
  🗺️  Grid: 0.080% | 🔺 7198.50 🔻 7197.25
  📡 RSI: 51.4 | MACD: 0.39 | ATR: 1.32
  📊 Filled: 0 | Pending: 0
  💰 Daily P&L: $+0.00

[2026-04-27 12:03] O:7197.75 H:7198.00 L:7197.00 C:7197.75 V:885.0
  📈 Trend: strong_bullish
  🗺️  Grid: 0.080% | 🔺 7197.75 🔻 7197.00
  📡 RSI: 52.6 | MACD: 0.47 | ATR: 1.34
  📊 Filled: 0 | Pending: 0
  💰 Daily P&L: $+0.00

[2026-04-27 12:04] O:7198.00 H:7198.00 L:7196.75 C:7197.00 V:874.0
  📈 Trend: strong_bullish
  🗺️  Grid: 0.080% | 🔺 7198.00 🔻 7197.00
  📡 RSI: 51.3 | MACD: 0.46 | ATR: 1.34
  📊 Filled: 0 | Pending: 0
  💰 Daily P&L: $+0.00

[2026-04-27 12:05] O:7197.25 H:7197.50 L:7196.25 C:7197.00 V:892.0
  📈 Trend: strong_bullish
  🗺️  Grid: 0.080% | 🔺 7198.00 🔻 7196.75
  📡 RSI: 52.6 | MACD: 0.46 | ATR: 1.36
  📊 Filled: 0 | Pending: 0
  💰 Daily P&L: $+0.00

[2026-04-27 12:06] O:7197.00 H:7197.50 L:7196.50 C:7196.75 V:702.0
  📈 Trend: strong_bullish
  🗺️  Grid: 0.080% | 🔺 7197.50 🔻 7196.25
  📡 RSI: 55.6 | MACD: 0.43 | ATR: 1.29
  📊 Filled: 0 | Pending: 0
  💰 Daily P&L: $+0.00

[2026-04-27 12:07] O:7197.00 H:7197.25 L:7196.50 C:7196.75 V:588.0
  📈 Trend: strong_bullish
  🗺️  Grid: 0.080% | 🔺 7197.50 🔻 7196.50
  📡 RSI: 51.5 | MACD: 0.40 | ATR: 1.25
  📊 Filled: 0 | Pending: 0
  💰 Daily P&L: $+0.00

[2026-04-27 12:08] O:7196.75 H:7196.75 L:7195.75 C:7196.00 V:867.0
  📈 Trend: strong_bullish (raw: moderate_bullish)
  🗺️  Grid: 0.080% | 🔺 7197.25 🔻 7196.50
  📡 RSI: 54.8 | MACD: 0.31 | ATR: 1.21
  📊 Filled: 0 | Pending: 0
  💰 Daily P&L: $+0.00

[2026-04-27 12:09] O:7196.00 H:7197.25 L:7195.75 C:7197.00 V:1093.0
  📈 Trend: strong_bullish
  🗺️  Grid: 0.080% | 🔺 7196.75 🔻 7195.75
  📡 RSI: 61.8 | MACD: 0.32 | ATR: 1.23
  📊 Filled: 0 | Pending: 0
  💰 Daily P&L: $+0.00

[2026-04-27 12:10] O:7197.00 H:7197.75 L:7195.50 C:7196.00 V:1014.0
  📈 Trend: strong_bullish (raw: moderate_bullish)
  🗺️  Grid: 0.080% | 🔺 7197.25 🔻 7195.75
  📡 RSI: 61.8 | MACD: 0.24 | ATR: 1.29
  📊 Filled: 0 | Pending: 0
  💰 Daily P&L: $+0.00

[2026-04-27 12:11] O:7195.75 H:7197.50 L:7195.75 C:7196.50 V:612.0
  📈 Trend: strong_bullish
  🗺️  Grid: 0.080% | 🔺 7197.75 🔻 7195.50
  📡 RSI: 65.7 | MACD: 0.22 | ATR: 1.36
  📊 Filled: 0 | Pending: 0
  💰 Daily P&L: $+0.00

[2026-04-27 12:12] O:7196.50 H:7198.25 L:7196.25 C:7197.75 V:1137.0
  📈 Trend: strong_bullish
  🗺️  Grid: 0.080% | 🔺 7197.50 🔻 7195.75
  📡 RSI: 63.6 | MACD: 0.30 | ATR: 1.36
  📊 Filled: 0 | Pending: 0
  💰 Daily P&L: $+0.00

[2026-04-27 12:13] O:7197.75 H:7198.00 L:7197.25 C:7197.75 V:844.0
  📈 Trend: strong_bullish
  🗺️  Grid: 0.080% | 🔺 7198.25 🔻 7196.25
  📡 RSI: 61.3 | MACD: 0.35 | ATR: 1.34
  📊 Filled: 0 | Pending: 0
  💰 Daily P&L: $+0.00

[2026-04-27 12:14] O:7197.50 H:7198.25 L:7197.50 C:7198.00 V:819.0
  📈 Trend: strong_bullish
  🗺️  Grid: 0.080% | 🔺 7198.00 🔻 7197.25
  📡 RSI: 52.0 | MACD: 0.42 | ATR: 1.23
  📊 Filled: 0 | Pending: 0
  💰 Daily P&L: $+0.00

[2026-04-27 12:15] O:7198.00 H:7198.75 L:7197.25 C:7197.50 V:1378.0
  📈 Trend: strong_bullish
  🗺️  Grid: 0.080% | 🔺 7198.25 🔻 7197.50
  📡 RSI: 48.1 | MACD: 0.42 | ATR: 1.25
  📊 Filled: 0 | Pending: 0
  💰 Daily P&L: $+0.00

[2026-04-27 12:16] O:7197.25 H:7197.50 L:7195.75 C:7196.50 V:1524.0
  📈 Trend: strong_bullish
  🗺️  Grid: 0.080% | 🔺 7198.75 🔻 7197.25
  📡 RSI: 43.3 | MACD: 0.34 | ATR: 1.32
  📊 Filled: 0 | Pending: 0
  💰 Daily P&L: $+0.00

[2026-04-27 12:17] O:7196.25 H:7197.25 L:7195.50 C:7196.25 V:1349.0
  📈 Trend: strong_bullish
  🗺️  Grid: 0.080% | 🔺 7197.50 🔻 7195.75
  📡 RSI: 40.0 | MACD: 0.25 | ATR: 1.38
  📊 Filled: 0 | Pending: 0
  💰 Daily P&L: $+0.00

[2026-04-27 12:18] O:7196.25 H:7196.25 L:7193.75 C:7194.50 V:1774.0
  📈 Trend: strong_bullish (raw: moderate_bullish)
  🗺️  Grid: 0.080% | 🔺 7197.25 🔻 7195.50
  📡 RSI: 35.3 | MACD: 0.04 | ATR: 1.46
  📊 Filled: 0 | Pending: 0
  💰 Daily P&L: $+0.00

[2026-04-27 12:19] O:7194.50 H:7196.25 L:7194.00 C:7196.25 V:1419.0
  📈 Trend: moderate_bullish
  🗺️  Grid: 0.080% | 🔺 7196.25 🔻 7193.75
  📡 RSI: 46.3 | MACD: 0.01 | ATR: 1.54
  📊 Filled: 0 | Pending: 0
  💰 Daily P&L: $+0.00

[2026-04-27 12:20] O:7196.00 H:7196.25 L:7195.25 C:7195.75 V:804.0
  📈 Trend: moderate_bullish
  🗺️  Grid: 0.080% | 🔺 7196.25 🔻 7194.00
  📡 RSI: 45.2 | MACD: -0.05 | ATR: 1.54
  📊 Filled: 0 | Pending: 0
  💰 Daily P&L: $+0.00

[2026-04-27 12:21] O:7195.50 H:7196.25 L:7195.25 C:7196.00 V:1027.0
  📈 Trend: moderate_bullish
  🗺️  Grid: 0.080% | 🔺 7196.25 🔻 7195.25
  📡 RSI: 46.5 | MACD: -0.07 | ATR: 1.55
  📊 Filled: 0 | Pending: 0
  💰 Daily P&L: $+0.00

[2026-04-27 12:22] O:7196.00 H:7196.75 L:7195.50 C:7196.50 V:859.0
  📈 Trend: moderate_bullish
  🗺️  Grid: 0.080% | 🔺 7196.25 🔻 7195.25
  📡 RSI: 52.4 | MACD: -0.05 | ATR: 1.57
  📊 Filled: 0 | Pending: 0
  💰 Daily P&L: $+0.00

[2026-04-27 12:23] O:7196.25 H:7202.00 L:7196.25 C:7199.00 V:9823.0
  📈 Trend: moderate_bullish (raw: strong_bullish)
  🗺️  Grid: 0.080% | 🔺 7196.75 🔻 7195.50
  📡 RSI: 58.3 | MACD: 0.16 | ATR: 1.88
  📊 Filled: 0 | Pending: 0
  💰 Daily P&L: $+0.00

[2026-04-27 12:24] O:7198.75 H:7199.50 L:7198.25 C:7198.50 V:1607.0
  📈 Trend: strong_bullish
  🗺️  Grid: 0.080% | 🔺 7202.00 🔻 7196.25
  📡 RSI: 60.9 | MACD: 0.29 | ATR: 1.80
  📊 Filled: 0 | Pending: 0
  💰 Daily P&L: $+0.00

[2026-04-27 12:25] O:7198.50 H:7201.00 L:7197.75 C:7200.50 V:2179.0
  📈 Trend: strong_bullish
  🗺️  Grid: 0.080% | 🔺 7199.50 🔻 7198.25
  📡 RSI: 65.4 | MACD: 0.54 | ATR: 1.91
  📊 Filled: 0 | Pending: 0
  💰 Daily P&L: $+0.00

[2026-04-27 12:26] O:7200.50 H:7201.75 L:7200.25 C:7200.75 V:1935.0
  📈 Trend: strong_bullish
  🗺️  Grid: 0.080% | 🔺 7201.00 🔻 7197.75
  📡 RSI: 62.5 | MACD: 0.76 | ATR: 1.88
  📊 Filled: 0 | Pending: 0
  💰 Daily P&L: $+0.00

[2026-04-27 12:27] O:7200.75 H:7201.50 L:7200.00 C:7200.75 V:982.0
  📈 Trend: strong_bullish
  🗺️  Grid: 0.080% | 🔺 7201.75 🔻 7200.25
  📡 RSI: 62.5 | MACD: 0.92 | ATR: 1.93
  📊 Filled: 0 | Pending: 0
  💰 Daily P&L: $+0.00

[2026-04-27 12:28] O:7200.50 H:7201.00 L:7200.50 C:7200.75 V:743.0
  📈 Trend: strong_bullish
  🗺️  Grid: 0.080% | 🔺 7201.50 🔻 7200.00
  📡 RSI: 61.7 | MACD: 1.03 | ATR: 1.91
  📊 Filled: 0 | Pending: 0
  💰 Daily P&L: $+0.00

[2026-04-27 12:29] O:7200.75 H:7201.25 L:7200.25 C:7201.00 V:1023.0
  📈 Trend: strong_bullish
  🗺️  Grid: 0.080% | 🔺 7201.00 🔻 7200.50
  📡 RSI: 65.2 | MACD: 1.13 | ATR: 1.88
  📊 Filled: 0 | Pending: 0
  💰 Daily P&L: $+0.00

[2026-04-27 12:30] O:7201.00 H:7203.25 L:7200.75 C:7203.25 V:3568.0
  📈 Trend: strong_bullish
  🗺️  Grid: 0.080% | 🔺 7201.25 🔻 7200.25
  📡 RSI: 76.5 | MACD: 1.37 | ATR: 1.93
  📊 Filled: 0 | Pending: 0
  💰 Daily P&L: $+0.00

[2026-04-27 12:31] O:7203.25 H:7204.50 L:7202.50 C:7204.25 V:3091.0
  📈 Trend: strong_bullish
  🗺️  Grid: 0.080% | 🔺 7203.25 🔻 7200.75
  📡 RSI: 79.6 | MACD: 1.63 | ATR: 1.95
  📊 Filled: 0 | Pending: 0
  💰 Daily P&L: $+0.00

[2026-04-27 12:32] O:7204.25 H:7204.75 L:7203.00 C:7204.75 V:1598.0
  📈 Trend: strong_bullish
  🗺️  Grid: 0.080% | 🔺 7204.50 🔻 7202.50
  📡 RSI: 91.8 | MACD: 1.85 | ATR: 1.89
  📊 Filled: 0 | Pending: 0
  💰 Daily P&L: $+0.00

[2026-04-27 12:33] O:7204.50 H:7206.25 L:7204.50 C:7206.25 V:2942.0
  📈 Trend: strong_bullish
  🗺️  Grid: 0.080% | 🔺 7204.75 🔻 7203.00
  📡 RSI: 91.7 | MACD: 2.12 | ATR: 1.86
  📊 Filled: 0 | Pending: 0
  💰 Daily P&L: $+0.00

[2026-04-27 12:34] O:7206.25 H:7207.00 L:7205.75 C:7207.00 V:2137.0
  📈 Trend: strong_bullish
  🗺️  Grid: 0.080% | 🔺 7206.25 🔻 7204.50
  📡 RSI: 95.9 | MACD: 2.37 | ATR: 1.88
  📊 Filled: 0 | Pending: 0
  💰 Daily P&L: $+0.00

[2026-04-27 12:35] O:7206.75 H:7207.25 L:7204.75 C:7205.25 V:2408.0
  📈 Trend: strong_bullish
  🗺️  Grid: 0.080% | 🔺 7207.00 🔻 7205.75
  📡 RSI: 83.6 | MACD: 2.40 | ATR: 1.98
  📊 Filled: 0 | Pending: 0
  💰 Daily P&L: $+0.00

[2026-04-27 12:36] O:7205.00 H:7205.25 L:7203.75 C:7204.25 V:2158.0
  📈 Trend: strong_bullish
  🗺️  Grid: 0.080% | 🔺 7207.25 🔻 7204.75
  📡 RSI: 77.2 | MACD: 2.31 | ATR: 2.00
  📊 Filled: 0 | Pending: 0
  💰 Daily P&L: $+0.00

[2026-04-27 12:37] O:7204.25 H:7204.75 L:7203.50 C:7204.25 V:1335.0
  📈 Trend: strong_bullish
  🗺️  Grid: 0.080% | 🔺 7205.25 🔻 7203.75
  📡 RSI: 72.3 | MACD: 2.22 | ATR: 1.68
  📊 Filled: 0 | Pending: 0
  💰 Daily P&L: $+0.00

[2026-04-27 12:38] O:7204.00 H:7204.75 L:7202.75 C:7203.00 V:1198.0
  📈 Trend: strong_bullish
  🗺️  Grid: 0.080% | 🔺 7204.75 🔻 7203.50
  📡 RSI: 68.0 | MACD: 2.02 | ATR: 1.73
  📊 Filled: 0 | Pending: 0
  💰 Daily P&L: $+0.00

[2026-04-27 12:39] O:7202.75 H:7203.00 L:7201.75 C:7202.50 V:1626.0
  📈 Trend: strong_bullish
  🗺️  Grid: 0.080% | 🔺 7204.75 🔻 7202.75
  📡 RSI: 59.1 | MACD: 1.80 | ATR: 1.59
  📊 Filled: 0 | Pending: 0
  💰 Daily P&L: $+0.00

[2026-04-27 12:40] O:7202.50 H:7202.75 L:7201.75 C:7202.50 V:1331.0
  📈 Trend: strong_bullish
  🗺️  Grid: 0.080% | 🔺 7203.00 🔻 7201.75
  📡 RSI: 58.1 | MACD: 1.61 | ATR: 1.55
  📊 Filled: 0 | Pending: 0
  💰 Daily P&L: $+0.00

[2026-04-27 12:41] O:7202.50 H:7203.25 L:7201.75 C:7202.75 V:1191.0
  📈 Trend: strong_bullish
  🗺️  Grid: 0.080% | 🔺 7202.75 🔻 7201.75
  📡 RSI: 59.1 | MACD: 1.46 | ATR: 1.55
  📊 Filled: 0 | Pending: 0
  💰 Daily P&L: $+0.00

[2026-04-27 12:42] O:7202.75 H:7203.25 L:7202.00 C:7202.75 V:916.0
  📈 Trend: strong_bullish
  🗺️  Grid: 0.080% | 🔺 7203.25 🔻 7201.75
  📡 RSI: 59.1 | MACD: 1.33 | ATR: 1.61
  📊 Filled: 0 | Pending: 0
  💰 Daily P&L: $+0.00

[2026-04-27 12:43] O:7202.75 H:7203.25 L:7202.50 C:7202.50 V:1132.0
  📈 Trend: strong_bullish
  🗺️  Grid: 0.080% | 🔺 7203.25 🔻 7202.00
  📡 RSI: 56.8 | MACD: 1.19 | ATR: 1.59
  📊 Filled: 0 | Pending: 0
  💰 Daily P&L: $+0.00

[2026-04-27 12:44] O:7202.25 H:7203.25 L:7202.00 C:7203.00 V:1008.0
  📈 Trend: strong_bullish
  🗺️  Grid: 0.080% | 🔺 7203.25 🔻 7202.50
  📡 RSI: 48.6 | MACD: 1.11 | ATR: 1.50
  📊 Filled: 0 | Pending: 0
  💰 Daily P&L: $+0.00

[2026-04-27 12:45] O:7203.00 H:7203.50 L:7202.25 C:7203.00 V:989.0
  📈 Trend: strong_bullish
  🗺️  Grid: 0.080% | 🔺 7203.25 🔻 7202.00
  📡 RSI: 42.4 | MACD: 1.03 | ATR: 1.45
  📊 Filled: 0 | Pending: 0
  💰 Daily P&L: $+0.00

[2026-04-27 12:46] O:7203.25 H:7203.25 L:7202.00 C:7202.75 V:1151.0
  📈 Trend: strong_bullish
  🗺️  Grid: 0.080% | 🔺 7203.50 🔻 7202.25
  📡 RSI: 37.5 | MACD: 0.94 | ATR: 1.41
  📊 Filled: 0 | Pending: 0
  💰 Daily P&L: $+0.00

[2026-04-27 12:47] O:7202.75 H:7203.50 L:7202.75 C:7203.50 V:810.0
  📈 Trend: strong_bullish
  🗺️  Grid: 0.080% | 🔺 7203.25 🔻 7202.00
  📡 RSI: 31.0 | MACD: 0.91 | ATR: 1.34
  📊 Filled: 0 | Pending: 0
  📤 Limit BUY 10 @ 7203.50 submitted (ID: 186)
  📋 Order 186 status: PreSubmitted
  ✅ Fill: BOT 10.0 @ 7202.75
  ⬆️ LONG ORDER @ 7203.50 | Size: 1.00 | SL: 7194.75 | TP: 7216.50 [10cts]
     Reason: Grid Long (strong_bullish, RSI: 31.0)
     ⏳ Order 186 PENDING - awaiting fill confirmation
  💰 Daily P&L: $+0.00
  📋 Order 186 status: Filled
  📤 Stop SELL 10 @ 7194.75 submitted (ID: 187)
  📋 Order 187 status: PreSubmitted
  📤 Limit SELL 10 @ 7214.75 submitted (ID: 188)
  📋 Order 188 status: Submitted
  ✅ FILL CONFIRMED: LONG @ 7202.75 (order 186)
     📊 Bracket placed: SL #187 @ 7194.75 | TP #188 @ 7214.75
     Trail activates @ +6.0 pts

[2026-04-27 12:48] O:7203.25 H:7203.50 L:7202.25 C:7203.00 V:719.0
  📈 Trend: strong_bullish
  🗺️  Grid: 0.080% | 🔺 7203.50 🔻 7202.75
  📡 RSI: 21.4 | MACD: 0.85 | ATR: 1.34
  📊 Filled: 1 | Pending: 0
  📍 LONG @ 7202.75 | SL: 7194.75 | TP: 7214.75 | P&L: $+125.00 | +6.0 to trail
  💰 Daily P&L: $+0.00

[2026-04-27 12:49] O:7203.00 H:7204.00 L:7202.75 C:7203.75 V:920.0
  📈 Trend: strong_bullish
  🗺️  Grid: 0.080% | 🔺 7203.50 🔻 7202.25
  📡 RSI: 37.5 | MACD: 0.84 | ATR: 1.25
  📊 Filled: 1 | Pending: 0
  📍 LONG @ 7202.75 | SL: 7194.75 | TP: 7214.75 | P&L: $+500.00 | +5.2 to trail
  💰 Daily P&L: $+0.00

[2026-04-27 12:50] O:7203.50 H:7204.75 L:7203.50 C:7204.00 V:1204.0
  📈 Trend: strong_bullish (raw: moderate_bullish)
  🗺️  Grid: 0.080% | 🔺 7204.00 🔻 7202.75
  📡 RSI: 47.6 | MACD: 0.85 | ATR: 1.23
  📊 Filled: 1 | Pending: 0
  📍 LONG @ 7202.75 | SL: 7194.75 | TP: 7214.75 | P&L: $+625.00 | +4.8 to trail
  💰 Daily P&L: $+0.00

[2026-04-27 12:51] O:7203.75 H:7203.75 L:7202.50 C:7203.00 V:827.0
  📈 Trend: moderate_bullish
  🗺️  Grid: 0.080% | 🔺 7204.75 🔻 7203.50
  📡 RSI: 40.0 | MACD: 0.77 | ATR: 1.25
  📊 Filled: 1 | Pending: 0
  📍 LONG @ 7202.75 | SL: 7194.75 | TP: 7214.75 | P&L: $+125.00 | +4.0 to trail
  💰 Daily P&L: $+0.00

[2026-04-27 12:52] O:7203.00 H:7203.75 L:7202.75 C:7203.75 V:815.0
  📈 Trend: moderate_bullish
  🗺️  Grid: 0.080% | 🔺 7203.75 🔻 7202.50
  📡 RSI: 56.5 | MACD: 0.75 | ATR: 1.18
  📊 Filled: 1 | Pending: 0
  📍 LONG @ 7202.75 | SL: 7194.75 | TP: 7214.75 | P&L: $+500.00 | +4.0 to trail
  💰 Daily P&L: $+0.00

[2026-04-27 12:53] O:7203.50 H:7203.50 L:7202.00 C:7202.00 V:1014.0
  📈 Trend: moderate_bullish
  🗺️  Grid: 0.080% | 🔺 7203.75 🔻 7202.75
  📡 RSI: 46.4 | MACD: 0.59 | ATR: 1.21
  📊 Filled: 1 | Pending: 0
  📍 LONG @ 7202.75 | SL: 7194.75 | TP: 7214.75 | P&L: $-375.00 | +4.0 to trail
  💰 Daily P&L: $+0.00

[2026-04-27 12:54] O:7202.00 H:7202.50 L:7201.25 C:7202.25 V:1132.0
  📈 Trend: moderate_bullish
  🗺️  Grid: 0.080% | 🔺 7203.50 🔻 7202.00
  📡 RSI: 48.3 | MACD: 0.48 | ATR: 1.23
  📊 Filled: 1 | Pending: 0
  📍 LONG @ 7202.75 | SL: 7194.75 | TP: 7214.75 | P&L: $-250.00 | +4.0 to trail
  💰 Daily P&L: $+0.00

[2026-04-27 12:55] O:7202.25 H:7203.00 L:7202.00 C:7202.25 V:816.0
  📈 Trend: moderate_bullish
  🗺️  Grid: 0.080% | 🔺 7202.50 🔻 7201.25
  📡 RSI: 46.4 | MACD: 0.39 | ATR: 1.20
  📊 Filled: 1 | Pending: 0
  📍 LONG @ 7202.75 | SL: 7194.75 | TP: 7214.75 | P&L: $-250.00 | +4.0 to trail
  💰 Daily P&L: $+0.00

[2026-04-27 12:56] O:7202.50 H:7203.00 L:7202.25 C:7202.75 V:681.0
  📈 Trend: moderate_bullish
  🗺️  Grid: 0.080% | 🔺 7203.00 🔻 7202.00
  📡 RSI: 50.0 | MACD: 0.35 | ATR: 1.16
  📊 Filled: 1 | Pending: 0
  📍 LONG @ 7202.75 | SL: 7194.75 | TP: 7214.75 | P&L: $+0.00 | +4.0 to trail
  💰 Daily P&L: $+0.00

[2026-04-27 12:57] O:7202.75 H:7204.00 L:7202.75 C:7203.50 V:923.0
  📈 Trend: moderate_bullish (raw: strong_bullish)
  🗺️  Grid: 0.080% | 🔺 7203.00 🔻 7202.25
  📡 RSI: 56.2 | MACD: 0.38 | ATR: 1.20
  📊 Filled: 1 | Pending: 0
  📍 LONG @ 7202.75 | SL: 7194.75 | TP: 7214.75 | P&L: $+375.00 | +4.0 to trail
  💰 Daily P&L: $+0.00

[2026-04-27 12:58] O:7203.50 H:7204.00 L:7203.25 C:7203.25 V:591.0
  📈 Trend: strong_bullish
  🗺️  Grid: 0.080% | 🔺 7204.00 🔻 7202.75
  📡 RSI: 51.6 | MACD: 0.37 | ATR: 1.16
  📊 Filled: 1 | Pending: 0
  📍 LONG @ 7202.75 | SL: 7194.75 | TP: 7214.75 | P&L: $+250.00 | +4.0 to trail
  💰 Daily P&L: $+0.00

[2026-04-27 12:59] O:7203.25 H:7204.00 L:7203.25 C:7203.50 V:703.0
  📈 Trend: strong_bullish
  🗺️  Grid: 0.080% | 🔺 7204.00 🔻 7203.25
  📡 RSI: 53.1 | MACD: 0.39 | ATR: 1.12
  📊 Filled: 1 | Pending: 0
  📍 LONG @ 7202.75 | SL: 7194.75 | TP: 7214.75 | P&L: $+375.00 | +4.0 to trail
  💰 Daily P&L: $+0.00

[2026-04-27 13:00] O:7203.50 H:7203.75 L:7202.00 C:7203.25 V:1286.0
  📈 Trend: strong_bullish
  🗺️  Grid: 0.080% | 🔺 7204.00 🔻 7203.25
  📡 RSI: 53.1 | MACD: 0.37 | ATR: 1.16
  📊 Filled: 1 | Pending: 0
  📍 LONG @ 7202.75 | SL: 7194.75 | TP: 7214.75 | P&L: $+250.00 | +4.0 to trail
  💰 Daily P&L: $+0.00

[2026-04-27 13:01] O:7203.25 H:7203.50 L:7202.50 C:7202.75 V:754.0
  📈 Trend: strong_bullish (raw: moderate_bullish)
  🗺️  Grid: 0.080% | 🔺 7203.75 🔻 7202.00
  📡 RSI: 45.2 | MACD: 0.32 | ATR: 1.18
  📊 Filled: 1 | Pending: 0
  📍 LONG @ 7202.75 | SL: 7194.75 | TP: 7214.75 | P&L: $+0.00 | +4.0 to trail
  💰 Daily P&L: $+0.00

[2026-04-27 13:02] O:7202.75 H:7204.00 L:7202.50 C:7204.00 V:1091.0
  📈 Trend: strong_bullish
  🗺️  Grid: 0.080% | 🔺 7203.50 🔻 7202.50
  📡 RSI: 55.9 | MACD: 0.37 | ATR: 1.20
  📊 Filled: 1 | Pending: 0
  📍 LONG @ 7202.75 | SL: 7194.75 | TP: 7214.75 | P&L: $+625.00 | +4.0 to trail
  💰 Daily P&L: $+0.00

[2026-04-27 13:03] O:7204.00 H:7204.75 L:7203.50 C:7204.75 V:946.0
  📈 Trend: strong_bullish
  🗺️  Grid: 0.080% | 🔺 7204.00 🔻 7202.50
  📡 RSI: 55.9 | MACD: 0.47 | ATR: 1.20
  📊 Filled: 1 | Pending: 0
  📍 LONG @ 7202.75 | SL: 7194.75 | TP: 7214.75 | P&L: $+1,000.00 | +4.0 to trail
  💰 Daily P&L: $+0.00

[2026-04-27 13:04] O:7204.75 H:7205.00 L:7203.25 C:7203.75 V:1103.0
  📈 Trend: strong_bullish
  🗺️  Grid: 0.080% | 🔺 7204.75 🔻 7203.50
  📡 RSI: 48.6 | MACD: 0.46 | ATR: 1.23
  📊 Filled: 1 | Pending: 0
  📍 LONG @ 7202.75 | SL: 7194.75 | TP: 7214.75 | P&L: $+500.00 | +4.0 to trail
  💰 Daily P&L: $+0.00

[2026-04-27 13:05] O:7203.75 H:7204.25 L:7203.00 C:7204.00 V:965.0
  📈 Trend: strong_bullish
  🗺️  Grid: 0.080% | 🔺 7205.00 🔻 7203.25
  📡 RSI: 55.9 | MACD: 0.47 | ATR: 1.21
  📊 Filled: 1 | Pending: 0
  📍 LONG @ 7202.75 | SL: 7194.75 | TP: 7214.75 | P&L: $+625.00 | +3.8 to trail
  💰 Daily P&L: $+0.00

[2026-04-27 13:06] O:7204.25 H:7205.25 L:7203.75 C:7204.75 V:1190.0
  📈 Trend: strong_bullish
  🗺️  Grid: 0.080% | 🔺 7204.25 🔻 7203.00
  📡 RSI: 55.9 | MACD: 0.53 | ATR: 1.25
  📊 Filled: 1 | Pending: 0
  📍 LONG @ 7202.75 | SL: 7194.75 | TP: 7214.75 | P&L: $+1,000.00 | +3.8 to trail
  💰 Daily P&L: $+0.00

[2026-04-27 13:07] O:7204.75 H:7205.00 L:7204.25 C:7204.75 V:868.0
  📈 Trend: strong_bullish
  🗺️  Grid: 0.080% | 🔺 7205.25 🔻 7203.75
  📡 RSI: 70.4 | MACD: 0.57 | ATR: 1.18
  📊 Filled: 1 | Pending: 0
  📍 LONG @ 7202.75 | SL: 7194.75 | TP: 7214.75 | P&L: $+1,000.00 | +3.5 to trail
  💰 Daily P&L: $+0.00

[2026-04-27 13:08] O:7204.75 H:7205.00 L:7204.00 C:7204.25 V:593.0
  📈 Trend: strong_bullish
  🗺️  Grid: 0.080% | 🔺 7205.00 🔻 7204.25
  📡 RSI: 64.3 | MACD: 0.55 | ATR: 1.16
  📊 Filled: 1 | Pending: 0
  📍 LONG @ 7202.75 | SL: 7194.75 | TP: 7214.75 | P&L: $+750.00 | +3.5 to trail
  💰 Daily P&L: $+0.00

[2026-04-27 13:09] O:7204.25 H:7204.50 L:7203.50 C:7204.50 V:777.0
  📈 Trend: strong_bullish
  🗺️  Grid: 0.080% | 🔺 7205.00 🔻 7204.00
  📡 RSI: 65.5 | MACD: 0.56 | ATR: 1.16
  📊 Filled: 1 | Pending: 0
  📍 LONG @ 7202.75 | SL: 7194.75 | TP: 7214.75 | P&L: $+875.00 | +3.5 to trail
  💰 Daily P&L: $+0.00

[2026-04-27 13:10] O:7204.25 H:7204.75 L:7204.25 C:7204.75 V:791.0
  📈 Trend: strong_bullish
  🗺️  Grid: 0.080% | 🔺 7204.50 🔻 7203.50
  📡 RSI: 64.3 | MACD: 0.57 | ATR: 1.14
  📊 Filled: 1 | Pending: 0
  📍 LONG @ 7202.75 | SL: 7194.75 | TP: 7214.75 | P&L: $+1,000.00 | +3.5 to trail
  💰 Daily P&L: $+0.00

[2026-04-27 13:11] O:7204.50 H:7204.75 L:7204.25 C:7204.25 V:647.0
  📈 Trend: strong_bullish
  🗺️  Grid: 0.080% | 🔺 7204.75 🔻 7204.25
  📡 RSI: 55.6 | MACD: 0.54 | ATR: 1.09
  📊 Filled: 1 | Pending: 0
  📍 LONG @ 7202.75 | SL: 7194.75 | TP: 7214.75 | P&L: $+750.00 | +3.5 to trail
  💰 Daily P&L: $+0.00

[2026-04-27 13:12] O:7204.25 H:7205.50 L:7204.25 C:7205.25 V:829.0
  📈 Trend: strong_bullish
  🗺️  Grid: 0.080% | 🔺 7204.75 🔻 7204.25
  📡 RSI: 63.3 | MACD: 0.59 | ATR: 1.12
  📊 Filled: 1 | Pending: 0
  📍 LONG @ 7202.75 | SL: 7194.75 | TP: 7214.75 | P&L: $+1,250.00 | +3.5 to trail
  💰 Daily P&L: $+0.00

[2026-04-27 13:13] O:7205.25 H:7205.50 L:7204.75 C:7205.00 V:557.0
  📈 Trend: strong_bullish
  🗺️  Grid: 0.080% | 🔺 7205.50 🔻 7204.25
  📡 RSI: 60.0 | MACD: 0.60 | ATR: 1.12
  📊 Filled: 1 | Pending: 0
  📍 LONG @ 7202.75 | SL: 7194.75 | TP: 7214.75 | P&L: $+1,125.00 | +3.2 to trail
  💰 Daily P&L: $+0.00

[2026-04-27 13:14] O:7204.75 H:7206.00 L:7204.75 C:7205.50 V:761.0
  📈 Trend: strong_bullish
  🗺️  Grid: 0.080% | 🔺 7205.50 🔻 7204.75
  📡 RSI: 64.5 | MACD: 0.64 | ATR: 1.09
  📊 Filled: 1 | Pending: 0
  📍 LONG @ 7202.75 | SL: 7194.75 | TP: 7214.75 | P&L: $+1,375.00 | +3.2 to trail
  💰 Daily P&L: $+0.00

[2026-04-27 13:15] O:7205.50 H:7206.25 L:7205.25 C:7205.50 V:989.0
  📈 Trend: strong_bullish
  🗺️  Grid: 0.080% | 🔺 7206.00 🔻 7204.75
  📡 RSI: 69.0 | MACD: 0.66 | ATR: 1.09
  📊 Filled: 1 | Pending: 0
  📍 LONG @ 7202.75 | SL: 7194.75 | TP: 7214.75 | P&L: $+1,375.00 | +2.8 to trail
  💰 Daily P&L: $+0.00

[2026-04-27 13:16] O:7205.50 H:7206.00 L:7204.75 C:7206.00 V:1014.0
  📈 Trend: strong_bullish
  🗺️  Grid: 0.080% | 🔺 7206.25 🔻 7205.25
  📡 RSI: 65.4 | MACD: 0.71 | ATR: 1.07
  📊 Filled: 1 | Pending: 0
  📍 LONG @ 7202.75 | SL: 7194.75 | TP: 7214.75 | P&L: $+1,625.00 | +2.5 to trail
  💰 Daily P&L: $+0.00

[2026-04-27 13:17] O:7205.75 H:7206.75 L:7205.75 C:7206.50 V:871.0
  📈 Trend: strong_bullish
  🗺️  Grid: 0.080% | 🔺 7206.00 🔻 7204.75
  📡 RSI: 64.0 | MACD: 0.79 | ATR: 1.05
  📊 Filled: 1 | Pending: 0
  📍 LONG @ 7202.75 | SL: 7194.75 | TP: 7214.75 | P&L: $+1,875.00 | +2.5 to trail
  💰 Daily P&L: $+0.00

[2026-04-27 13:18] O:7206.50 H:7207.00 L:7205.50 C:7206.25 V:1124.0
  📈 Trend: strong_bullish
  🗺️  Grid: 0.080% | 🔺 7206.75 🔻 7205.75
  📡 RSI: 72.7 | MACD: 0.81 | ATR: 1.04
  📊 Filled: 1 | Pending: 0
  📍 LONG @ 7202.75 | SL: 7194.75 | TP: 7214.75 | P&L: $+1,750.00 | +2.0 to trail
  💰 Daily P&L: $+0.00

[2026-04-27 13:19] O:7206.25 H:7207.25 L:7206.25 C:7207.00 V:1548.0
  📈 Trend: strong_bullish
  🗺️  Grid: 0.080% | 🔺 7207.00 🔻 7205.50
  📡 RSI: 75.0 | MACD: 0.89 | ATR: 1.02
  📊 Filled: 1 | Pending: 0
  📍 LONG @ 7202.75 | SL: 7194.75 | TP: 7214.75 | P&L: $+2,125.00 | +1.8 to trail
  💰 Daily P&L: $+0.00

[2026-04-27 13:20] O:7207.00 H:7207.00 L:7206.00 C:7206.00 V:1020.0
  📈 Trend: strong_bullish
  🗺️  Grid: 0.080% | 🔺 7207.25 🔻 7206.25
  📡 RSI: 60.0 | MACD: 0.85 | ATR: 0.98
  📊 Filled: 1 | Pending: 0
  📍 LONG @ 7202.75 | SL: 7194.75 | TP: 7214.75 | P&L: $+1,625.00 | +1.5 to trail
  💰 Daily P&L: $+0.00

[2026-04-27 13:21] O:7206.25 H:7206.75 L:7205.75 C:7206.75 V:1100.0
  📈 Trend: strong_bullish
  🗺️  Grid: 0.080% | 🔺 7207.00 🔻 7206.00
  📡 RSI: 64.3 | MACD: 0.88 | ATR: 1.00
  📊 Filled: 1 | Pending: 0
  📍 LONG @ 7202.75 | SL: 7194.75 | TP: 7214.75 | P&L: $+2,000.00 | +1.5 to trail
  💰 Daily P&L: $+0.00

[2026-04-27 13:22] O:7206.50 H:7207.00 L:7206.25 C:7206.50 V:880.0
  📈 Trend: strong_bullish
  🗺️  Grid: 0.080% | 🔺 7206.75 🔻 7205.75
  📡 RSI: 66.7 | MACD: 0.87 | ATR: 0.98
  📊 Filled: 1 | Pending: 0
  📍 LONG @ 7202.75 | SL: 7194.75 | TP: 7214.75 | P&L: $+1,875.00 | +1.5 to trail
  💰 Daily P&L: $+0.00

[2026-04-27 13:23] O:7206.50 H:7207.25 L:7206.25 C:7206.50 V:710.0
  📈 Trend: strong_bullish
  🗺️  Grid: 0.080% | 🔺 7207.00 🔻 7206.25
  📡 RSI: 65.4 | MACD: 0.85 | ATR: 0.98
  📊 Filled: 1 | Pending: 0
  📍 LONG @ 7202.75 | SL: 7194.75 | TP: 7214.75 | P&L: $+1,875.00 | +1.5 to trail
  💰 Daily P&L: $+0.00

[2026-04-27 13:24] O:7206.50 H:7206.75 L:7205.50 C:7206.00 V:1239.0
  📈 Trend: strong_bullish
  🗺️  Grid: 0.080% | 🔺 7207.25 🔻 7206.25
  📡 RSI: 59.3 | MACD: 0.78 | ATR: 1.04
  📊 Filled: 1 | Pending: 0
  📍 LONG @ 7202.75 | SL: 7194.75 | TP: 7214.75 | P&L: $+1,625.00 | +1.5 to trail
  💰 Daily P&L: $+0.00

[2026-04-27 13:25] O:7206.00 H:7206.25 L:7205.00 C:7205.00 V:1088.0
  📈 Trend: strong_bullish
  🗺️  Grid: 0.080% | 🔺 7206.75 🔻 7205.50
  📡 RSI: 55.2 | MACD: 0.64 | ATR: 1.09
  📊 Filled: 1 | Pending: 0
  📍 LONG @ 7202.75 | SL: 7194.75 | TP: 7214.75 | P&L: $+1,125.00 | +1.5 to trail
  💰 Daily P&L: $+0.00

[2026-04-27 13:26] O:7205.25 H:7205.75 L:7204.75 C:7205.25 V:1114.0
  📈 Trend: strong_bullish
  🗺️  Grid: 0.080% | 🔺 7206.25 🔻 7205.00
  📡 RSI: 50.0 | MACD: 0.55 | ATR: 1.07
  📊 Filled: 1 | Pending: 0
  📍 LONG @ 7202.75 | SL: 7194.75 | TP: 7214.75 | P&L: $+1,250.00 | +1.5 to trail
  💰 Daily P&L: $+0.00

[2026-04-27 13:27] O:7205.50 H:7206.75 L:7205.50 C:7206.00 V:1037.0
  📈 Trend: strong_bullish
  🗺️  Grid: 0.080% | 🔺 7205.75 🔻 7204.75
  📡 RSI: 57.1 | MACD: 0.53 | ATR: 1.12
  📊 Filled: 1 | Pending: 0
  📍 LONG @ 7202.75 | SL: 7194.75 | TP: 7214.75 | P&L: $+1,625.00 | +1.5 to trail
  💰 Daily P&L: $+0.00

[2026-04-27 13:28] O:7206.00 H:7206.00 L:7204.75 C:7205.75 V:1305.0
  📈 Trend: strong_bullish
  🗺️  Grid: 0.080% | 🔺 7206.75 🔻 7205.50
  📡 RSI: 51.9 | MACD: 0.48 | ATR: 1.12
  📊 Filled: 1 | Pending: 0
  📍 LONG @ 7202.75 | SL: 7194.75 | TP: 7214.75 | P&L: $+1,500.00 | +1.5 to trail
  💰 Daily P&L: $+0.00

[2026-04-27 13:29] O:7205.75 H:7205.75 L:7205.00 C:7205.75 V:1124.0
  📈 Trend: strong_bullish
  🗺️  Grid: 0.080% | 🔺 7206.00 🔻 7204.75
  📡 RSI: 51.9 | MACD: 0.44 | ATR: 1.11
  📊 Filled: 1 | Pending: 0
  📍 LONG @ 7202.75 | SL: 7194.75 | TP: 7214.75 | P&L: $+1,500.00 | +1.5 to trail
  💰 Daily P&L: $+0.00

[2026-04-27 13:30] O:7205.50 H:7206.25 L:7205.00 C:7205.50 V:1257.0
  📈 Trend: strong_bullish
  🗺️  Grid: 0.080% | 🔺 7205.75 🔻 7205.00
  📡 RSI: 46.2 | MACD: 0.39 | ATR: 1.11
  📊 Filled: 1 | Pending: 0
  📍 LONG @ 7202.75 | SL: 7194.75 | TP: 7214.75 | P&L: $+1,375.00 | +1.5 to trail
  💰 Daily P&L: $+0.00

[2026-04-27 13:31] O:7205.75 H:7206.00 L:7205.25 C:7205.25 V:688.0
  📈 Trend: strong_bullish (raw: moderate_bullish)
  🗺️  Grid: 0.080% | 🔺 7206.25 🔻 7205.00
  📡 RSI: 40.0 | MACD: 0.32 | ATR: 1.09
  📊 Filled: 1 | Pending: 0
  📍 LONG @ 7202.75 | SL: 7194.75 | TP: 7214.75 | P&L: $+1,250.00 | +1.5 to trail
  💰 Daily P&L: $+0.00

[2026-04-27 13:32] O:7205.25 H:7206.75 L:7205.25 C:7206.25 V:935.0
  📈 Trend: strong_bullish
  🗺️  Grid: 0.080% | 🔺 7206.00 🔻 7205.25
  📡 RSI: 50.0 | MACD: 0.34 | ATR: 1.09
  📊 Filled: 1 | Pending: 0
  📍 LONG @ 7202.75 | SL: 7194.75 | TP: 7214.75 | P&L: $+1,750.00 | +1.5 to trail
  💰 Daily P&L: $+0.00

[2026-04-27 13:33] O:7206.25 H:7207.00 L:7206.00 C:7206.75 V:1025.0
  📈 Trend: strong_bullish
  🗺️  Grid: 0.080% | 🔺 7206.75 🔻 7205.25
  📡 RSI: 48.1 | MACD: 0.40 | ATR: 1.09
  📊 Filled: 1 | Pending: 0
  📍 LONG @ 7202.75 | SL: 7194.75 | TP: 7214.75 | P&L: $+2,000.00 | +1.5 to trail
  💰 Daily P&L: $+0.00

[2026-04-27 13:34] O:7206.75 H:7207.00 L:7205.50 C:7206.25 V:777.0
  📈 Trend: strong_bullish
  🗺️  Grid: 0.080% | 🔺 7207.00 🔻 7206.00
  📡 RSI: 52.0 | MACD: 0.39 | ATR: 1.12
  📊 Filled: 1 | Pending: 0
  📍 LONG @ 7202.75 | SL: 7194.75 | TP: 7214.75 | P&L: $+1,750.00 | +1.5 to trail
  💰 Daily P&L: $+0.00

[2026-04-27 13:35] O:7206.00 H:7206.25 L:7205.25 C:7205.75 V:780.0
  📈 Trend: strong_bullish (raw: moderate_bullish)
  🗺️  Grid: 0.080% | 🔺 7207.00 🔻 7205.50
  📡 RSI: 41.7 | MACD: 0.35 | ATR: 1.12
  📊 Filled: 1 | Pending: 0
  📍 LONG @ 7202.75 | SL: 7194.75 | TP: 7214.75 | P&L: $+1,500.00 | +1.5 to trail
  💰 Daily P&L: $+0.00

[2026-04-27 13:36] O:7206.00 H:7206.25 L:7205.25 C:7205.75 V:713.0
  📈 Trend: moderate_bullish
  🗺️  Grid: 0.080% | 🔺 7206.25 🔻 7205.25
  📡 RSI: 43.5 | MACD: 0.31 | ATR: 1.14
  📊 Filled: 1 | Pending: 0
  📍 LONG @ 7202.75 | SL: 7194.75 | TP: 7214.75 | P&L: $+1,500.00 | +1.5 to trail
  💰 Daily P&L: $+0.00

[2026-04-27 13:37] O:7205.75 H:7206.50 L:7205.50 C:7206.50 V:718.0
  📈 Trend: moderate_bullish (raw: strong_bullish)
  🗺️  Grid: 0.080% | 🔺 7206.25 🔻 7205.25
  📡 RSI: 50.0 | MACD: 0.33 | ATR: 1.14
  📊 Filled: 1 | Pending: 0
  📍 LONG @ 7202.75 | SL: 7194.75 | TP: 7214.75 | P&L: $+1,875.00 | +1.5 to trail
  💰 Daily P&L: $+0.00

[2026-04-27 13:38] O:7206.25 H:7206.75 L:7205.75 C:7206.00 V:1271.0
  📈 Trend: moderate_bullish
  🗺️  Grid: 0.080% | 🔺 7206.50 🔻 7205.50
  📡 RSI: 50.0 | MACD: 0.31 | ATR: 1.12
  📊 Filled: 1 | Pending: 0
  📍 LONG @ 7202.75 | SL: 7194.75 | TP: 7214.75 | P&L: $+1,625.00 | +1.5 to trail
  💰 Daily P&L: $+0.00

[2026-04-27 13:39] O:7206.00 H:7206.50 L:7206.00 C:7206.00 V:606.0
  📈 Trend: moderate_bullish
  🗺️  Grid: 0.080% | 🔺 7206.75 🔻 7205.75
  📡 RSI: 59.1 | MACD: 0.29 | ATR: 1.07
  📊 Filled: 1 | Pending: 0
  📍 LONG @ 7202.75 | SL: 7194.75 | TP: 7214.75 | P&L: $+1,625.00 | +1.5 to trail
  💰 Daily P&L: $+0.00

[2026-04-27 13:40] O:7206.00 H:7206.75 L:7206.00 C:7206.00 V:801.0
  📈 Trend: moderate_bullish
  🗺️  Grid: 0.080% | 🔺 7206.50 🔻 7206.00
  📡 RSI: 57.1 | MACD: 0.27 | ATR: 1.05
  📊 Filled: 1 | Pending: 0
  📍 LONG @ 7202.75 | SL: 7194.75 | TP: 7214.75 | P&L: $+1,625.00 | +1.5 to trail
  💰 Daily P&L: $+0.00

[2026-04-27 13:41] O:7206.00 H:7206.00 L:7205.00 C:7205.25 V:908.0
  📈 Trend: moderate_bullish
  🗺️  Grid: 0.080% | 🔺 7206.75 🔻 7206.00
  📡 RSI: 42.9 | MACD: 0.19 | ATR: 1.02
  📊 Filled: 1 | Pending: 0
  📍 LONG @ 7202.75 | SL: 7194.75 | TP: 7214.75 | P&L: $+1,250.00 | +1.5 to trail
  💰 Daily P&L: $+0.00

[2026-04-27 13:42] O:7205.25 H:7205.75 L:7205.00 C:7205.00 V:1022.0
  📈 Trend: moderate_bullish
  🗺️  Grid: 0.080% | 🔺 7206.00 🔻 7205.00
  📡 RSI: 42.9 | MACD: 0.10 | ATR: 0.98
  📊 Filled: 1 | Pending: 0
  📍 LONG @ 7202.75 | SL: 7194.75 | TP: 7214.75 | P&L: $+1,125.00 | +1.5 to trail
  💰 Daily P&L: $+0.00

[2026-04-27 13:43] O:7205.00 H:7205.25 L:7203.25 C:7203.50 V:2204.0
  📈 Trend: moderate_bullish
  🗺️  Grid: 0.080% | 🔺 7205.75 🔻 7205.00
  📡 RSI: 33.3 | MACD: -0.08 | ATR: 1.07
  📊 Filled: 1 | Pending: 0
  📍 LONG @ 7202.75 | SL: 7194.75 | TP: 7214.75 | P&L: $+375.00 | +1.5 to trail
  💰 Daily P&L: $+0.00

[2026-04-27 13:44] O:7203.75 H:7204.50 L:7202.50 C:7203.75 V:2330.0
  📈 Trend: moderate_bullish
  🗺️  Grid: 0.080% | 🔺 7205.25 🔻 7203.25
  📡 RSI: 37.0 | MACD: -0.21 | ATR: 1.12
  📊 Filled: 1 | Pending: 0
  📍 LONG @ 7202.75 | SL: 7194.75 | TP: 7214.75 | P&L: $+500.00 | +1.5 to trail
  💰 Daily P&L: $+0.00

[2026-04-27 13:45] O:7203.50 H:7203.75 L:7201.75 C:7203.00 V:2244.0
  📈 Trend: moderate_bullish
  🗺️  Grid: 0.080% | 🔺 7204.50 🔻 7202.50
  📡 RSI: 34.5 | MACD: -0.37 | ATR: 1.21
  📊 Filled: 1 | Pending: 0
  📍 LONG @ 7202.75 | SL: 7194.75 | TP: 7214.75 | P&L: $+125.00 | +1.5 to trail
  💰 Daily P&L: $+0.00

[2026-04-27 13:46] O:7203.00 H:7204.25 L:7203.00 C:7204.00 V:1141.0
  📈 Trend: moderate_bullish
  🗺️  Grid: 0.080% | 🔺 7203.75 🔻 7201.75
  📡 RSI: 34.5 | MACD: -0.40 | ATR: 1.20
  📊 Filled: 1 | Pending: 0
  📍 LONG @ 7202.75 | SL: 7194.75 | TP: 7214.75 | P&L: $+625.00 | +1.5 to trail
  💰 Daily P&L: $+0.00

[2026-04-27 13:47] O:7204.00 H:7205.00 L:7204.00 C:7204.50 V:934.0
  📈 Trend: moderate_bullish
  🗺️  Grid: 0.080% | 🔺 7204.25 🔻 7203.00
  📡 RSI: 34.5 | MACD: -0.39 | ATR: 1.20
  📊 Filled: 1 | Pending: 0
  📍 LONG @ 7202.75 | SL: 7194.75 | TP: 7214.75 | P&L: $+875.00 | +1.5 to trail
  💰 Daily P&L: $+0.00

[2026-04-27 13:48] O:7204.50 H:7205.00 L:7204.00 C:7204.75 V:775.0
  📈 Trend: moderate_bullish
  🗺️  Grid: 0.080% | 🔺 7205.00 🔻 7204.00
  📡 RSI: 39.3 | MACD: -0.35 | ATR: 1.16
  📊 Filled: 1 | Pending: 0
  📍 LONG @ 7202.75 | SL: 7194.75 | TP: 7214.75 | P&L: $+1,000.00 | +1.5 to trail
  💰 Daily P&L: $+0.00

[2026-04-27 13:49] O:7204.75 H:7205.00 L:7204.50 C:7204.75 V:816.0
  📈 Trend: moderate_bullish
  🗺️  Grid: 0.080% | 🔺 7205.00 🔻 7204.00
  📡 RSI: 42.3 | MACD: -0.32 | ATR: 1.12
  📊 Filled: 1 | Pending: 0
  📍 LONG @ 7202.75 | SL: 7194.75 | TP: 7214.75 | P&L: $+1,000.00 | +1.5 to trail
  💰 Daily P&L: $+0.00

[2026-04-27 13:50] O:7204.75 H:7205.75 L:7204.50 C:7205.50 V:870.0
  📈 Trend: moderate_bullish
  🗺️  Grid: 0.080% | 🔺 7205.00 🔻 7204.50
  📡 RSI: 48.3 | MACD: -0.23 | ATR: 1.14
  📊 Filled: 1 | Pending: 0
  📍 LONG @ 7202.75 | SL: 7194.75 | TP: 7214.75 | P&L: $+1,375.00 | +1.5 to trail
  💰 Daily P&L: $+0.00

[2026-04-27 13:51] O:7205.50 H:7206.00 L:7204.75 C:7205.00 V:767.0
  📈 Trend: moderate_bullish (raw: moderate_bearish)
  🗺️  Grid: 0.080% | 🔺 7205.75 🔻 7204.50
  📡 RSI: 39.3 | MACD: -0.20 | ATR: 1.16
  📊 Filled: 1 | Pending: 0
  📍 LONG @ 7202.75 | SL: 7194.75 | TP: 7214.75 | P&L: $+1,125.00 | +1.5 to trail
  💰 Daily P&L: $+0.00

[2026-04-27 13:52] O:7205.00 H:7205.25 L:7204.50 C:7204.75 V:608.0
  📈 Trend: moderate_bearish
  🗺️  Grid: 0.080% | 🔺 7206.00 🔻 7204.75
  📡 RSI: 40.7 | MACD: -0.19 | ATR: 1.14
  📊 Filled: 1 | Pending: 0
  📍 LONG @ 7202.75 | SL: 7194.75 | TP: 7214.75 | P&L: $+1,000.00 | +1.5 to trail
  💰 Daily P&L: $+0.00

[2026-04-27 13:53] O:7205.00 H:7205.00 L:7203.50 C:7203.75 V:872.0
  📈 Trend: moderate_bearish (raw: strong_bearish)
  🗺️  Grid: 0.080% | 🔺 7205.25 🔻 7204.50
  📡 RSI: 35.5 | MACD: -0.26 | ATR: 1.21
  📊 Filled: 1 | Pending: 0
  📍 LONG @ 7202.75 | SL: 7194.75 | TP: 7214.75 | P&L: $+500.00 | +1.5 to trail
  💰 Daily P&L: $+0.00

[2026-04-27 13:54] O:7203.50 H:7204.25 L:7203.00 C:7203.50 V:915.0
  📈 Trend: strong_bearish
  🗺️  Grid: 0.080% | 🔺 7205.00 🔻 7203.50
  📡 RSI: 34.4 | MACD: -0.34 | ATR: 1.25
  📊 Filled: 1 | Pending: 0
  📍 LONG @ 7202.75 | SL: 7194.75 | TP: 7214.75 | P&L: $+375.00 | +1.5 to trail
  💰 Daily P&L: $+0.00

[2026-04-27 13:55] O:7203.25 H:7204.00 L:7203.25 C:7204.00 V:770.0
  📈 Trend: strong_bearish
  🗺️  Grid: 0.080% | 🔺 7204.25 🔻 7203.00
  📡 RSI: 41.9 | MACD: -0.35 | ATR: 1.23
  📊 Filled: 1 | Pending: 0
  📍 LONG @ 7202.75 | SL: 7194.75 | TP: 7214.75 | P&L: $+625.00 | +1.5 to trail
  💰 Daily P&L: $+0.00

[2026-04-27 13:56] O:7203.75 H:7205.00 L:7203.50 C:7204.00 V:970.0
  📈 Trend: strong_bearish
  🗺️  Grid: 0.080% | 🔺 7204.00 🔻 7203.25
  📡 RSI: 43.3 | MACD: -0.36 | ATR: 1.29
  📊 Filled: 1 | Pending: 0
  📍 LONG @ 7202.75 | SL: 7194.75 | TP: 7214.75 | P&L: $+625.00 | +1.5 to trail
  💰 Daily P&L: $+0.00

[2026-04-27 13:57] O:7204.00 H:7204.00 L:7203.25 C:7203.75 V:841.0
  📈 Trend: strong_bearish
  🗺️  Grid: 0.080% | 🔺 7205.00 🔻 7203.50
  📡 RSI: 52.0 | MACD: -0.38 | ATR: 1.20
  📊 Filled: 1 | Pending: 0
  📍 LONG @ 7202.75 | SL: 7194.75 | TP: 7214.75 | P&L: $+500.00 | +1.5 to trail
  💰 Daily P&L: $+0.00

[2026-04-27 13:58] O:7203.50 H:7204.50 L:7203.50 C:7204.50 V:753.0
  📈 Trend: strong_bearish
  🗺️  Grid: 0.080% | 🔺 7204.00 🔻 7203.25
  📡 RSI: 55.6 | MACD: -0.33 | ATR: 1.12
  📊 Filled: 1 | Pending: 0
  📍 LONG @ 7202.75 | SL: 7194.75 | TP: 7214.75 | P&L: $+875.00 | +1.5 to trail
  💰 Daily P&L: $+0.00

[2026-04-27 13:59] O:7204.25 H:7204.25 L:7203.00 C:7203.00 V:955.0
  📈 Trend: strong_bearish
  🗺️  Grid: 0.080% | 🔺 7204.50 🔻 7203.50
  📡 RSI: 50.0 | MACD: -0.41 | ATR: 1.09
  📊 Filled: 1 | Pending: 0
  📍 LONG @ 7202.75 | SL: 7194.75 | TP: 7214.75 | P&L: $+125.00 | +1.5 to trail
  💰 Daily P&L: $+0.00

[2026-04-27 14:00] O:7203.25 H:7204.50 L:7202.50 C:7204.25 V:1252.0
  📈 Trend: strong_bearish
  🗺️  Grid: 0.080% | 🔺 7204.25 🔻 7203.00
  📡 RSI: 51.6 | MACD: -0.37 | ATR: 1.14
  📊 Filled: 1 | Pending: 0
  📍 LONG @ 7202.75 | SL: 7194.75 | TP: 7214.75 | P&L: $+750.00 | +1.5 to trail
  💰 Daily P&L: $+0.00

[2026-04-27 14:01] O:7204.50 H:7204.75 L:7204.25 C:7204.75 V:1448.0
  📈 Trend: strong_bearish (raw: moderate_bearish)
  🗺️  Grid: 0.080% | 🔺 7204.50 🔻 7202.50
  📡 RSI: 51.6 | MACD: -0.29 | ATR: 1.11
  📊 Filled: 1 | Pending: 0
  📍 LONG @ 7202.75 | SL: 7194.75 | TP: 7214.75 | P&L: $+1,000.00 | +1.5 to trail
  💰 Daily P&L: $+0.00

[2026-04-27 14:02] O:7204.75 H:7204.75 L:7202.75 C:7203.00 V:1118.0
  📈 Trend: strong_bearish
  🗺️  Grid: 0.080% | 🔺 7204.75 🔻 7204.25
  📡 RSI: 40.5 | MACD: -0.36 | ATR: 1.18
  📊 Filled: 1 | Pending: 0
  📍 LONG @ 7202.75 | SL: 7194.75 | TP: 7214.75 | P&L: $+125.00 | +1.5 to trail
  💰 Daily P&L: $+0.00

[2026-04-27 14:03] O:7203.25 H:7203.25 L:7202.75 C:7203.25 V:788.0
  📈 Trend: strong_bearish
  🗺️  Grid: 0.080% | 🔺 7204.75 🔻 7202.75
  📡 RSI: 42.1 | MACD: -0.40 | ATR: 1.18
  📊 Filled: 1 | Pending: 0
  📍 LONG @ 7202.75 | SL: 7194.75 | TP: 7214.75 | P&L: $+250.00 | +1.5 to trail
  💰 Daily P&L: $+0.00

[2026-04-27 14:04] O:7203.25 H:7203.75 L:7202.75 C:7203.50 V:1004.0
  📈 Trend: strong_bearish (raw: moderate_bullish)
  🗺️  Grid: 0.080% | 🔺 7203.25 🔻 7202.75
  📡 RSI: 38.9 | MACD: -0.40 | ATR: 1.16
  📊 Filled: 1 | Pending: 0
  📍 LONG @ 7202.75 | SL: 7194.75 | TP: 7214.75 | P&L: $+375.00 | +1.5 to trail
  💰 Daily P&L: $+0.00

[2026-04-27 14:05] O:7203.50 H:7204.00 L:7203.00 C:7203.25 V:869.0
  📈 Trend: strong_bearish
  🗺️  Grid: 0.080% | 🔺 7203.75 🔻 7202.75
  📡 RSI: 40.0 | MACD: -0.42 | ATR: 1.14
  📊 Filled: 1 | Pending: 0
  📍 LONG @ 7202.75 | SL: 7194.75 | TP: 7214.75 | P&L: $+250.00 | +1.5 to trail
  💰 Daily P&L: $+0.00

[2026-04-27 14:06] O:7203.25 H:7203.50 L:7201.50 C:7202.00 V:1504.0
  📈 Trend: strong_bearish
  🗺️  Grid: 0.080% | 🔺 7204.00 🔻 7203.00
  📡 RSI: 35.9 | MACD: -0.53 | ATR: 1.23
  📊 Filled: 1 | Pending: 0
  📍 LONG @ 7202.75 | SL: 7194.75 | TP: 7214.75 | P&L: $-375.00 | +1.5 to trail
  💰 Daily P&L: $+0.00

[2026-04-27 14:07] O:7202.25 H:7202.75 L:7202.00 C:7202.25 V:916.0
  📈 Trend: strong_bearish
  🗺️  Grid: 0.080% | 🔺 7203.50 🔻 7201.50
  📡 RSI: 41.7 | MACD: -0.59 | ATR: 1.18
  📊 Filled: 1 | Pending: 0
  📍 LONG @ 7202.75 | SL: 7194.75 | TP: 7214.75 | P&L: $-250.00 | +1.5 to trail
  💰 Daily P&L: $+0.00

[2026-04-27 14:08] O:7202.25 H:7203.50 L:7202.25 C:7203.25 V:964.0
  📈 Trend: strong_bearish
  🗺️  Grid: 0.080% | 🔺 7202.75 🔻 7202.00
  📡 RSI: 48.7 | MACD: -0.55 | ATR: 1.18
  📊 Filled: 1 | Pending: 0
  📍 LONG @ 7202.75 | SL: 7194.75 | TP: 7214.75 | P&L: $+250.00 | +1.5 to trail
  💰 Daily P&L: $+0.00

[2026-04-27 14:09] O:7203.00 H:7203.00 L:7202.25 C:7202.25 V:1065.0
  📈 Trend: strong_bearish
  🗺️  Grid: 0.080% | 🔺 7203.50 🔻 7202.25
  📡 RSI: 41.5 | MACD: -0.59 | ATR: 1.20
  📊 Filled: 1 | Pending: 0
  📍 LONG @ 7202.75 | SL: 7194.75 | TP: 7214.75 | P&L: $-250.00 | +1.5 to trail
  💰 Daily P&L: $+0.00

[2026-04-27 14:10] O:7202.50 H:7202.50 L:7201.50 C:7201.75 V:1352.0
  📈 Trend: strong_bearish
  🗺️  Grid: 0.080% | 🔺 7203.00 🔻 7202.25
  📡 RSI: 39.5 | MACD: -0.66 | ATR: 1.16
  📊 Filled: 1 | Pending: 0
  📍 LONG @ 7202.75 | SL: 7194.75 | TP: 7214.75 | P&L: $-500.00 | +1.5 to trail
  💰 Daily P&L: $+0.00

[2026-04-27 14:11] O:7201.75 H:7202.50 L:7201.50 C:7201.75 V:771.0
  📈 Trend: strong_bearish
  🗺️  Grid: 0.080% | 🔺 7202.50 🔻 7201.50
  📡 RSI: 40.5 | MACD: -0.70 | ATR: 1.18
  📊 Filled: 1 | Pending: 0
  📍 LONG @ 7202.75 | SL: 7194.75 | TP: 7214.75 | P&L: $-500.00 | +1.5 to trail
  💰 Daily P&L: $+0.00

[2026-04-27 14:12] O:7201.75 H:7202.50 L:7201.75 C:7202.25 V:1120.0
  📈 Trend: strong_bearish
  🗺️  Grid: 0.080% | 🔺 7202.50 🔻 7201.50
  📡 RSI: 39.0 | MACD: -0.69 | ATR: 1.16
  📊 Filled: 1 | Pending: 0
  📍 LONG @ 7202.75 | SL: 7194.75 | TP: 7214.75 | P&L: $-250.00 | +1.5 to trail
  💰 Daily P&L: $+0.00

[2026-04-27 14:13] O:7202.00 H:7204.25 L:7202.00 C:7204.25 V:1494.0
  📈 Trend: strong_bearish (raw: moderate_bullish)
  🗺️  Grid: 0.080% | 🔺 7202.50 🔻 7201.75
  📡 RSI: 55.8 | MACD: -0.51 | ATR: 1.21
  📊 Filled: 1 | Pending: 0
  📍 LONG @ 7202.75 | SL: 7194.75 | TP: 7214.75 | P&L: $+750.00 | +1.5 to trail
  💰 Daily P&L: $+0.00

[2026-04-27 14:14] O:7204.25 H:7204.50 L:7203.50 C:7204.00 V:1174.0
  📈 Trend: strong_bearish (raw: moderate_bearish)
  🗺️  Grid: 0.080% | 🔺 7204.25 🔻 7202.00
  📡 RSI: 48.7 | MACD: -0.38 | ATR: 1.14
  📊 Filled: 1 | Pending: 0
  📍 LONG @ 7202.75 | SL: 7194.75 | TP: 7214.75 | P&L: $+625.00 | +1.5 to trail
  💰 Daily P&L: $+0.00

[2026-04-27 14:15] O:7204.00 H:7205.25 L:7203.75 C:7205.00 V:1610.0
  📈 Trend: strong_bearish (raw: moderate_bullish)
  🗺️  Grid: 0.080% | 🔺 7204.50 🔻 7203.50
  📡 RSI: 51.2 | MACD: -0.20 | ATR: 1.21
  📊 Filled: 1 | Pending: 0
  📍 LONG @ 7202.75 | SL: 7194.75 | TP: 7214.75 | P&L: $+1,125.00 | +1.5 to trail
  💰 Daily P&L: $+0.00

[2026-04-27 14:16] O:7205.00 H:7205.25 L:7204.00 C:7205.00 V:1335.0
  📈 Trend: moderate_bullish
  🗺️  Grid: 0.080% | 🔺 7205.25 🔻 7203.75
  📡 RSI: 61.8 | MACD: -0.06 | ATR: 1.16
  📊 Filled: 1 | Pending: 0
  📍 LONG @ 7202.75 | SL: 7194.75 | TP: 7214.75 | P&L: $+1,125.00 | +1.5 to trail
  💰 Daily P&L: $+0.00

[2026-04-27 14:17] O:7205.00 H:7205.75 L:7204.75 C:7205.25 V:1472.0
  📈 Trend: moderate_bullish (raw: strong_bullish)
  🗺️  Grid: 0.080% | 🔺 7205.25 🔻 7204.00
  📡 RSI: 61.8 | MACD: 0.08 | ATR: 1.20
  📊 Filled: 1 | Pending: 0
  📍 LONG @ 7202.75 | SL: 7194.75 | TP: 7214.75 | P&L: $+1,250.00 | +1.5 to trail
  💰 Daily P&L: $+0.00

[2026-04-27 14:18] O:7205.25 H:7206.25 L:7205.00 C:7206.00 V:2547.0
  📈 Trend: strong_bullish
  🗺️  Grid: 0.080% | 🔺 7205.75 🔻 7204.75
  📡 RSI: 63.9 | MACD: 0.24 | ATR: 1.21
  📊 Filled: 1 | Pending: 0
  📍 LONG @ 7202.75 | SL: 7194.75 | TP: 7214.75 | P&L: $+1,625.00 | +1.5 to trail
  💰 Daily P&L: $+0.00

[2026-04-27 14:19] O:7206.00 H:7206.50 L:7205.25 C:7206.00 V:1542.0
  📈 Trend: strong_bullish
  🗺️  Grid: 0.080% | 🔺 7206.25 🔻 7205.00
  📡 RSI: 65.7 | MACD: 0.37 | ATR: 1.23
  📊 Filled: 1 | Pending: 0
  📍 LONG @ 7202.75 | SL: 7194.75 | TP: 7214.75 | P&L: $+1,625.00 | +1.5 to trail
  💰 Daily P&L: $+0.00

[2026-04-27 14:20] O:7205.75 H:7206.50 L:7205.50 C:7206.00 V:1375.0
  📈 Trend: strong_bullish
  🗺️  Grid: 0.080% | 🔺 7206.50 🔻 7205.25
  📡 RSI: 76.7 | MACD: 0.46 | ATR: 1.16
  📊 Filled: 1 | Pending: 0
  📍 LONG @ 7202.75 | SL: 7194.75 | TP: 7214.75 | P&L: $+1,625.00 | +1.5 to trail
  💰 Daily P&L: $+0.00

[2026-04-27 14:21] O:7206.00 H:7206.50 L:7204.75 C:7205.00 V:1409.0
  📈 Trend: strong_bullish
  🗺️  Grid: 0.080% | 🔺 7206.50 🔻 7205.50
  📡 RSI: 66.7 | MACD: 0.45 | ATR: 1.23
  📊 Filled: 1 | Pending: 0
  📍 LONG @ 7202.75 | SL: 7194.75 | TP: 7214.75 | P&L: $+1,125.00 | +1.5 to trail
  💰 Daily P&L: $+0.00

[2026-04-27 14:22] O:7205.00 H:7206.25 L:7205.00 C:7206.00 V:1151.0
  📈 Trend: strong_bullish
  🗺️  Grid: 0.080% | 🔺 7206.50 🔻 7204.75
  📡 RSI: 66.7 | MACD: 0.52 | ATR: 1.23
  📊 Filled: 1 | Pending: 0
  📍 LONG @ 7202.75 | SL: 7194.75 | TP: 7214.75 | P&L: $+1,625.00 | +1.5 to trail
  💰 Daily P&L: $+0.00

[2026-04-27 14:23] O:7205.75 H:7206.25 L:7205.50 C:7205.75 V:1244.0
  📈 Trend: strong_bullish
  🗺️  Grid: 0.080% | 🔺 7206.25 🔻 7205.00
  📡 RSI: 73.3 | MACD: 0.54 | ATR: 1.21
  📊 Filled: 1 | Pending: 0
  📍 LONG @ 7202.75 | SL: 7194.75 | TP: 7214.75 | P&L: $+1,500.00 | +1.5 to trail
  💰 Daily P&L: $+0.00

[2026-04-27 14:24] O:7205.75 H:7206.25 L:7205.25 C:7205.50 V:972.0
  📈 Trend: strong_bullish
  🗺️  Grid: 0.080% | 🔺 7206.25 🔻 7205.50
  📡 RSI: 75.9 | MACD: 0.54 | ATR: 1.21
  📊 Filled: 1 | Pending: 0
  📍 LONG @ 7202.75 | SL: 7194.75 | TP: 7214.75 | P&L: $+1,375.00 | +1.5 to trail
  💰 Daily P&L: $+0.00

[2026-04-27 14:25] O:7205.50 H:7206.25 L:7205.25 C:7205.50 V:1188.0
  📈 Trend: strong_bullish
  🗺️  Grid: 0.080% | 🔺 7206.25 🔻 7205.25
  📡 RSI: 75.9 | MACD: 0.53 | ATR: 1.21
  📊 Filled: 1 | Pending: 0
  📍 LONG @ 7202.75 | SL: 7194.75 | TP: 7214.75 | P&L: $+1,375.00 | +1.5 to trail
  💰 Daily P&L: $+0.00

[2026-04-27 14:26] O:7205.50 H:7205.75 L:7205.00 C:7205.25 V:1012.0
  📈 Trend: strong_bullish
  🗺️  Grid: 0.080% | 🔺 7206.25 🔻 7205.25
  📡 RSI: 71.4 | MACD: 0.49 | ATR: 1.21
  📊 Filled: 1 | Pending: 0
  📍 LONG @ 7202.75 | SL: 7194.75 | TP: 7214.75 | P&L: $+1,250.00 | +1.5 to trail
  💰 Daily P&L: $+0.00

[2026-04-27 14:27] O:7205.25 H:7205.75 L:7205.00 C:7205.75 V:1048.0
  📈 Trend: strong_bullish
  🗺️  Grid: 0.080% | 🔺 7205.75 🔻 7205.00
  📡 RSI: 63.6 | MACD: 0.50 | ATR: 1.11
  📊 Filled: 1 | Pending: 0
  📍 LONG @ 7202.75 | SL: 7194.75 | TP: 7214.75 | P&L: $+1,500.00 | +1.5 to trail
  💰 Daily P&L: $+0.00

[2026-04-27 14:28] O:7205.75 H:7206.75 L:7205.50 C:7206.50 V:1745.0
  📈 Trend: strong_bullish
  🗺️  Grid: 0.080% | 🔺 7205.75 🔻 7205.00
  📡 RSI: 70.8 | MACD: 0.56 | ATR: 1.12
  📊 Filled: 1 | Pending: 0
  📍 LONG @ 7202.75 | SL: 7194.75 | TP: 7214.75 | P&L: $+1,875.00 | +1.5 to trail
  💰 Daily P&L: $+0.00

[2026-04-27 14:29] O:7206.25 H:7206.75 L:7205.50 C:7206.00 V:1894.0
  📈 Trend: strong_bullish
  🗺️  Grid: 0.080% | 🔺 7206.75 🔻 7205.50
  📡 RSI: 59.1 | MACD: 0.56 | ATR: 1.11
  📊 Filled: 1 | Pending: 0
  📍 LONG @ 7202.75 | SL: 7194.75 | TP: 7214.75 | P&L: $+1,625.00 | +1.5 to trail
  💰 Daily P&L: $+0.00

[2026-04-27 14:30] O:7206.00 H:7206.50 L:7205.50 C:7206.00 V:2092.0
  📈 Trend: strong_bullish
  🗺️  Grid: 0.080% | 🔺 7206.75 🔻 7205.50
  📡 RSI: 59.1 | MACD: 0.55 | ATR: 1.09
  📊 Filled: 1 | Pending: 0
  📍 LONG @ 7202.75 | SL: 7194.75 | TP: 7214.75 | P&L: $+1,625.00 | +1.5 to trail
  💰 Daily P&L: $+0.00

[2026-04-27 14:31] O:7205.75 H:7207.25 L:7205.75 C:7207.00 V:2060.0
  📈 Trend: strong_bullish
  🗺️  Grid: 0.080% | 🔺 7206.50 🔻 7205.50
  📡 RSI: 64.0 | MACD: 0.62 | ATR: 1.12
  📊 Filled: 1 | Pending: 0
  📍 LONG @ 7202.75 | SL: 7194.75 | TP: 7214.75 | P&L: $+2,125.00 | +1.5 to trail
  💰 Daily P&L: $+0.00

[2026-04-27 14:32] O:7207.25 H:7207.75 L:7206.75 C:7207.00 V:2275.0
  📈 Trend: strong_bullish
  🗺️  Grid: 0.080% | 🔺 7207.25 🔻 7205.75
  📡 RSI: 59.1 | MACD: 0.67 | ATR: 1.11
  📊 Filled: 1 | Pending: 0
  📍 LONG @ 7202.75 | SL: 7194.75 | TP: 7214.75 | P&L: $+2,125.00 | +1.5 to trail
  💰 Daily P&L: $+0.00

[2026-04-27 14:33] O:7207.00 H:7207.50 L:7206.75 C:7207.25 V:1370.0
  📈 Trend: strong_bullish
  🗺️  Grid: 0.080% | 🔺 7207.75 🔻 7206.75
  📡 RSI: 60.9 | MACD: 0.72 | ATR: 1.07
  📊 Filled: 1 | Pending: 0
  📍 LONG @ 7202.75 | SL: 7194.75 | TP: 7214.75 | P&L: $+2,250.00 | +1.0 to trail
  💰 Daily P&L: $+0.00

[2026-04-27 14:34] O:7207.25 H:7207.25 L:7205.75 C:7206.25 V:1284.0
  📈 Trend: strong_bullish
  🗺️  Grid: 0.080% | 🔺 7207.50 🔻 7206.75
  📡 RSI: 51.9 | MACD: 0.67 | ATR: 1.11
  📊 Filled: 1 | Pending: 0
  📍 LONG @ 7202.75 | SL: 7194.75 | TP: 7214.75 | P&L: $+1,750.00 | +1.0 to trail
  💰 Daily P&L: $+0.00

[2026-04-27 14:35] O:7206.25 H:7207.50 L:7206.00 C:7207.00 V:1108.0
  📈 Trend: strong_bullish
  🗺️  Grid: 0.080% | 🔺 7207.25 🔻 7205.75
  📡 RSI: 65.4 | MACD: 0.68 | ATR: 1.09
  📊 Filled: 1 | Pending: 0
  📍 LONG @ 7202.75 | SL: 7194.75 | TP: 7214.75 | P&L: $+2,125.00 | +1.0 to trail
  💰 Daily P&L: $+0.00

[2026-04-27 14:36] O:7207.00 H:7207.25 L:7205.00 C:7205.00 V:2490.0
  📈 Trend: strong_bullish (raw: moderate_bullish)
  🗺️  Grid: 0.080% | 🔺 7207.50 🔻 7206.00
  📡 RSI: 43.3 | MACD: 0.53 | ATR: 1.16
  📊 Filled: 1 | Pending: 0
  📍 LONG @ 7202.75 | SL: 7194.75 | TP: 7214.75 | P&L: $+1,125.00 | +1.0 to trail
  💰 Daily P&L: $+0.00

[2026-04-27 14:37] O:7205.25 H:7205.25 L:7203.50 C:7204.25 V:4666.0
  📈 Trend: moderate_bullish
  🗺️  Grid: 0.080% | 🔺 7207.25 🔻 7205.00
  📡 RSI: 40.6 | MACD: 0.34 | ATR: 1.23
  📊 Filled: 1 | Pending: 0
  📍 LONG @ 7202.75 | SL: 7194.75 | TP: 7214.75 | P&L: $+750.00 | +1.0 to trail
  💰 Daily P&L: $+0.00

[2026-04-27 14:38] O:7204.25 H:7205.50 L:7204.00 C:7205.00 V:1660.0
  📈 Trend: moderate_bullish
  🗺️  Grid: 0.080% | 🔺 7205.25 🔻 7203.50
  📡 RSI: 47.1 | MACD: 0.24 | ATR: 1.27
  📊 Filled: 1 | Pending: 0
  📍 LONG @ 7202.75 | SL: 7194.75 | TP: 7214.75 | P&L: $+1,125.00 | +1.0 to trail
  💰 Daily P&L: $+0.00

[2026-04-27 14:39] O:7205.25 H:7206.50 L:7205.00 C:7206.50 V:1318.0
  📈 Trend: moderate_bullish (raw: strong_bullish)
  🗺️  Grid: 0.080% | 🔺 7205.50 🔻 7204.00
  📡 RSI: 55.0 | MACD: 0.29 | ATR: 1.30
  📊 Filled: 1 | Pending: 0
  📍 LONG @ 7202.75 | SL: 7194.75 | TP: 7214.75 | P&L: $+1,875.00 | +1.0 to trail
  💰 Daily P&L: $+0.00

[2026-04-27 14:40] O:7206.50 H:7207.00 L:7206.25 C:7207.00 V:2065.0
  📈 Trend: strong_bullish
  🗺️  Grid: 0.080% | 🔺 7206.50 🔻 7205.00
  📡 RSI: 58.5 | MACD: 0.36 | ATR: 1.30
  📊 Filled: 1 | Pending: 0
  📍 LONG @ 7202.75 | SL: 7194.75 | TP: 7214.75 | P&L: $+2,125.00 | +1.0 to trail
  💰 Daily P&L: $+0.00

[2026-04-27 14:41] O:7207.00 H:7207.00 L:7205.25 C:7205.75 V:1118.0
  📈 Trend: strong_bullish (raw: moderate_bullish)
  🗺️  Grid: 0.080% | 🔺 7207.00 🔻 7206.25
  📡 RSI: 50.0 | MACD: 0.31 | ATR: 1.38
  📊 Filled: 1 | Pending: 0
  📍 LONG @ 7202.75 | SL: 7194.75 | TP: 7214.75 | P&L: $+1,500.00 | +1.0 to trail
  💰 Daily P&L: $+0.00

[2026-04-27 14:42] O:7206.00 H:7206.50 L:7205.25 C:7205.75 V:1380.0
  📈 Trend: moderate_bullish
  🗺️  Grid: 0.080% | 🔺 7207.00 🔻 7205.25
  📡 RSI: 46.3 | MACD: 0.27 | ATR: 1.38
  📊 Filled: 1 | Pending: 0
  📍 LONG @ 7202.75 | SL: 7194.75 | TP: 7214.75 | P&L: $+1,500.00 | +1.0 to trail
  💰 Daily P&L: $+0.00

[2026-04-27 14:43] O:7205.75 H:7206.00 L:7205.25 C:7206.00 V:997.0
  📈 Trend: moderate_bullish (raw: strong_bullish)
  🗺️  Grid: 0.080% | 🔺 7206.50 🔻 7205.25
  📡 RSI: 50.0 | MACD: 0.26 | ATR: 1.34
  📊 Filled: 1 | Pending: 0
  📍 LONG @ 7202.75 | SL: 7194.75 | TP: 7214.75 | P&L: $+1,625.00 | +1.0 to trail
  💰 Daily P&L: $+0.00

[2026-04-27 14:44] O:7206.00 H:7207.00 L:7205.75 C:7206.75 V:2275.0
  📈 Trend: strong_bullish
  🗺️  Grid: 0.080% | 🔺 7206.00 🔻 7205.25
  📡 RSI: 53.5 | MACD: 0.30 | ATR: 1.36
  📊 Filled: 1 | Pending: 0
  📍 LONG @ 7202.75 | SL: 7194.75 | TP: 7214.75 | P&L: $+2,000.00 | +1.0 to trail
  💰 Daily P&L: $+0.00

[2026-04-27 14:45] O:7206.75 H:7209.25 L:7206.25 C:7207.75 V:7149.0
  📈 Trend: strong_bullish
  🗺️  Grid: 0.080% | 🔺 7207.00 🔻 7205.75
  📡 RSI: 53.5 | MACD: 0.41 | ATR: 1.46
  📊 Filled: 1 | Pending: 0
  📍 LONG @ 7202.75 | SL: 7194.75 | TP: 7214.75 | P&L: $+2,500.00 | +1.0 to trail
  ✏️ Stop order 187 modified → 7207.75 [confirmed]
  🔄 TRAILING ACTIVATED @ +6.50pts | Stop: 7194.75 → 7207.75
  💰 Daily P&L: $+0.00
  ✅ Fill: SLD 10.0 @ 7207.5
  📋 Order 187 status: Filled

[2026-04-27 14:46] O:7207.75 H:7208.50 L:7207.50 C:7208.25 V:2143.0
  📈 Trend: strong_bullish
  🗺️  Grid: 0.080% | 🔺 7209.25 🔻 7206.25
  📡 RSI: 55.6 | MACD: 0.54 | ATR: 1.46
  📊 Filled: 1 | Pending: 0
  📍 LONG @ 7202.75 | Trail: 7207.75 | TP: 7214.75 | P&L: $+2,750.00 | 🔒 Trailing
  📋 Order 188 status: PendingCancel
  📋 Order 188 status: Cancelled
  ✅ EXIT LONG @ 7207.50 | Trailing Stop
     P&L: +4.75 pts ($+2,375.00) | Daily: $+2,375.00
  ⏸️ Cooldown: 2 bar(s) remaining after exit
  💰 Daily P&L: $+2,375.00

[2026-04-27 14:47] O:7208.00 H:7208.75 L:7207.75 C:7208.25 V:1671.0
  📈 Trend: strong_bullish
  🗺️  Grid: 0.080% | 🔺 7208.50 🔻 7207.50
  📡 RSI: 54.5 | MACD: 0.63 | ATR: 1.48
  📊 Filled: 0 | Pending: 0
  ⏸️ Cooldown: 1 bar(s) remaining after exit
  💰 Daily P&L: $+2,375.00

[2026-04-27 14:48] O:7208.25 H:7209.25 L:7208.00 C:7209.00 V:1941.0
  📈 Trend: strong_bullish
  🗺️  Grid: 0.080% | 🔺 7208.75 🔻 7207.75
  📡 RSI: 62.8 | MACD: 0.75 | ATR: 1.46
  📊 Filled: 0 | Pending: 0
  💰 Daily P&L: $+2,375.00

[2026-04-27 14:49] O:7209.25 H:7210.00 L:7208.75 C:7210.00 V:3003.0
  📈 Trend: strong_bullish
  🗺️  Grid: 0.080% | 🔺 7209.25 🔻 7208.00
  📡 RSI: 63.6 | MACD: 0.92 | ATR: 1.45
  📊 Filled: 0 | Pending: 0
  💰 Daily P&L: $+2,375.00

[2026-04-27 14:50] O:7210.00 H:7211.25 L:7207.75 C:7208.75 V:5776.0
  📈 Trend: strong_bullish
  🗺️  Grid: 0.080% | 🔺 7210.00 🔻 7208.75
  📡 RSI: 68.3 | MACD: 0.94 | ATR: 1.54
  📊 Filled: 0 | Pending: 0
  💰 Daily P&L: $+2,375.00

[2026-04-27 14:51] O:7208.50 H:7210.25 L:7208.25 C:7209.75 V:2399.0
  📈 Trend: strong_bullish
  🗺️  Grid: 0.080% | 🔺 7211.25 🔻 7207.75
  📡 RSI: 76.2 | MACD: 1.02 | ATR: 1.55
  📊 Filled: 0 | Pending: 0
  💰 Daily P&L: $+2,375.00

[2026-04-27 14:52] O:7209.75 H:7210.50 L:7208.50 C:7208.75 V:3538.0
  📈 Trend: strong_bullish
  🗺️  Grid: 0.080% | 🔺 7210.25 🔻 7208.25
  📡 RSI: 67.4 | MACD: 1.00 | ATR: 1.59
  📊 Filled: 0 | Pending: 0
  💰 Daily P&L: $+2,375.00

[2026-04-27 14:53] O:7208.50 H:7209.00 L:7208.00 C:7208.25 V:3469.0
  📈 Trend: strong_bullish
  🗺️  Grid: 0.080% | 🔺 7210.50 🔻 7208.50
  📡 RSI: 59.0 | MACD: 0.93 | ATR: 1.55
  📊 Filled: 0 | Pending: 0
  💰 Daily P&L: $+2,375.00

[2026-04-27 14:54] O:7208.25 H:7208.50 L:7206.50 C:7207.00 V:4548.0
  📈 Trend: strong_bullish (raw: moderate_bullish)
  🗺️  Grid: 0.080% | 🔺 7209.00 🔻 7208.00
  📡 RSI: 50.0 | MACD: 0.76 | ATR: 1.64
  📊 Filled: 0 | Pending: 0
  💰 Daily P&L: $+2,375.00

[2026-04-27 14:55] O:7206.75 H:7208.25 L:7206.00 C:7207.75 V:5007.0
  📈 Trend: strong_bullish
  🗺️  Grid: 0.080% | 🔺 7208.50 🔻 7206.50
  📡 RSI: 60.0 | MACD: 0.69 | ATR: 1.68
  📊 Filled: 0 | Pending: 0
  💰 Daily P&L: $+2,375.00

[2026-04-27 14:56] O:7207.50 H:7208.25 L:7206.75 C:7207.25 V:3492.0
  📈 Trend: strong_bullish
  🗺️  Grid: 0.080% | 🔺 7208.25 🔻 7206.00
  📡 RSI: 57.1 | MACD: 0.58 | ATR: 1.70
  📊 Filled: 0 | Pending: 0
  💰 Daily P&L: $+2,375.00

[2026-04-27 14:57] O:7207.25 H:7208.25 L:7206.50 C:7207.75 V:4401.0
  📈 Trend: strong_bullish
  🗺️  Grid: 0.080% | 🔺 7208.25 🔻 7206.75
  📡 RSI: 58.1 | MACD: 0.52 | ATR: 1.77
  📊 Filled: 0 | Pending: 0
  💰 Daily P&L: $+2,375.00

[2026-04-27 14:58] O:7207.75 H:7208.25 L:7207.25 C:7207.25 V:5158.0
  📈 Trend: strong_bullish
  🗺️  Grid: 0.080% | 🔺 7208.25 🔻 7206.50
  📡 RSI: 52.4 | MACD: 0.44 | ATR: 1.75
  📊 Filled: 0 | Pending: 0
  💰 Daily P&L: $+2,375.00

[2026-04-27 14:59] O:7207.25 H:7207.50 L:7204.75 C:7207.00 V:48378.0
  📈 Trend: strong_bullish (raw: moderate_bullish)
  🗺️  Grid: 0.080% | 🔺 7208.25 🔻 7207.25
  📡 RSI: 46.2 | MACD: 0.34 | ATR: 1.73
  📊 Filled: 0 | Pending: 0
  💰 Daily P&L: $+2,375.00

[2026-04-27 15:00] O:7207.00 H:7208.00 L:7204.25 C:7204.50 V:11071.0
  📈 Trend: moderate_bullish
  🗺️  Grid: 0.080% | 🔺 7207.50 🔻 7204.75
  📡 RSI: 34.0 | MACD: 0.07 | ATR: 1.93
  📊 Filled: 0 | Pending: 0
  💰 Daily P&L: $+2,375.00

[2026-04-27 15:01] O:7204.25 H:7205.50 L:7204.00 C:7205.25 V:2601.0
  📈 Trend: moderate_bullish
  🗺️  Grid: 0.080% | 🔺 7208.00 🔻 7204.25
  📡 RSI: 38.0 | MACD: -0.09 | ATR: 1.96
  📊 Filled: 0 | Pending: 0
  💰 Daily P&L: $+2,375.00

[2026-04-27 15:02] O:7205.50 H:7206.00 L:7204.50 C:7204.75 V:1279.0
  📈 Trend: moderate_bullish
  🗺️  Grid: 0.080% | 🔺 7205.50 🔻 7204.00
  📡 RSI: 32.7 | MACD: -0.25 | ATR: 1.98
  📊 Filled: 0 | Pending: 0
  💰 Daily P&L: $+2,375.00

[2026-04-27 15:03] O:7204.75 H:7205.25 L:7204.50 C:7205.25 V:1003.0
  📈 Trend: moderate_bullish
  🗺️  Grid: 0.080% | 🔺 7206.00 🔻 7204.50
  📡 RSI: 29.8 | MACD: -0.34 | ATR: 1.95
  📊 Filled: 0 | Pending: 0
  💰 Daily P&L: $+2,375.00

[2026-04-27 15:04] O:7205.00 H:7205.50 L:7204.50 C:7204.75 V:1111.0
  📈 Trend: moderate_bullish
  🗺️  Grid: 0.080% | 🔺 7205.25 🔻 7204.50
  📡 RSI: 31.8 | MACD: -0.44 | ATR: 1.77
  📊 Filled: 0 | Pending: 0
  💰 Daily P&L: $+2,375.00

[2026-04-27 15:05] O:7204.75 H:7205.25 L:7204.50 C:7204.50 V:831.0
  📈 Trend: moderate_bullish
  🗺️  Grid: 0.080% | 🔺 7205.50 🔻 7204.50
  📡 RSI: 24.4 | MACD: -0.53 | ATR: 1.68
  📊 Filled: 0 | Pending: 0
  💰 Daily P&L: $+2,375.00

[2026-04-27 15:06] O:7204.50 H:7204.50 L:7203.75 C:7203.75 V:1064.0
  📈 Trend: moderate_bullish
  🗺️  Grid: 0.080% | 🔺 7205.25 🔻 7204.50
  📡 RSI: 25.0 | MACD: -0.66 | ATR: 1.59
  📊 Filled: 0 | Pending: 0
  💰 Daily P&L: $+2,375.00

[2026-04-27 15:07] O:7204.00 H:7204.50 L:7203.75 C:7204.25 V:741.0
  📈 Trend: moderate_bullish
  🗺️  Grid: 0.080% | 🔺 7204.50 🔻 7203.75
  📡 RSI: 30.0 | MACD: -0.71 | ATR: 1.57
  📊 Filled: 0 | Pending: 0
  💰 Daily P&L: $+2,375.00

[2026-04-27 15:08] O:7204.00 H:7204.25 L:7203.25 C:7203.25 V:672.0
  📈 Trend: moderate_bullish
  🗺️  Grid: 0.080% | 🔺 7204.50 🔻 7203.75
  📡 RSI: 30.8 | MACD: -0.83 | ATR: 1.50
  📊 Filled: 0 | Pending: 0
  💰 Daily P&L: $+2,375.00

[2026-04-27 15:09] O:7203.50 H:7204.00 L:7203.25 C:7203.50 V:373.0
  📈 Trend: moderate_bullish (raw: strong_bearish)
  🗺️  Grid: 0.080% | 🔺 7204.25 🔻 7203.25
  📡 RSI: 27.0 | MACD: -0.89 | ATR: 1.39
  📊 Filled: 0 | Pending: 0
  💰 Daily P&L: $+2,375.00

[2026-04-27 15:10] O:7203.50 H:7204.25 L:7203.25 C:7204.25 V:785.0
  📈 Trend: strong_bearish
  🗺️  Grid: 0.080% | 🔺 7204.00 🔻 7203.25
  📡 RSI: 34.2 | MACD: -0.86 | ATR: 1.36
  📊 Filled: 0 | Pending: 0
  💰 Daily P&L: $+2,375.00

[2026-04-27 15:11] O:7204.00 H:7205.00 L:7204.00 C:7204.50 V:519.0
  📈 Trend: strong_bearish
  🗺️  Grid: 0.080% | 🔺 7204.25 🔻 7203.25
  📡 RSI: 32.4 | MACD: -0.81 | ATR: 1.30
  📊 Filled: 0 | Pending: 0
  💰 Daily P&L: $+2,375.00

[2026-04-27 15:12] O:7204.75 H:7205.25 L:7204.50 C:7205.25 V:524.0
  📈 Trend: strong_bearish
  🗺️  Grid: 0.080% | 🔺 7205.00 🔻 7204.00
  📡 RSI: 39.5 | MACD: -0.71 | ATR: 1.29
  📊 Filled: 0 | Pending: 0
  💰 Daily P&L: $+2,375.00

[2026-04-27 15:13] O:7205.00 H:7205.00 L:7204.00 C:7204.00 V:330.0
  📈 Trend: strong_bearish
  🗺️  Grid: 0.080% | 🔺 7205.25 🔻 7204.50
  📡 RSI: 35.7 | MACD: -0.72 | ATR: 1.18
  📊 Filled: 0 | Pending: 0
  💰 Daily P&L: $+2,375.00

[2026-04-27 15:14] O:7204.00 H:7204.75 L:7204.00 C:7204.75 V:730.0
  📈 Trend: strong_bearish (raw: moderate_bearish)
  🗺️  Grid: 0.080% | 🔺 7205.00 🔻 7204.00
  📡 RSI: 51.4 | MACD: -0.65 | ATR: 0.96
  📊 Filled: 0 | Pending: 0
  💰 Daily P&L: $+2,375.00

[2026-04-27 15:15] O:7204.50 H:7205.00 L:7204.25 C:7205.00 V:390.0
  📈 Trend: moderate_bearish
  🗺️  Grid: 0.080% | 🔺 7204.75 🔻 7204.00
  📡 RSI: 48.5 | MACD: -0.58 | ATR: 0.91
  📊 Filled: 0 | Pending: 0
  💰 Daily P&L: $+2,375.00

[2026-04-27 15:16] O:7205.00 H:7205.25 L:7204.50 C:7205.25 V:626.0
  📈 Trend: moderate_bearish
  🗺️  Grid: 0.080% | 🔺 7205.00 🔻 7204.25
  📡 RSI: 53.1 | MACD: -0.49 | ATR: 0.86
  📊 Filled: 0 | Pending: 0
  💰 Daily P&L: $+2,375.00

[2026-04-27 15:17] O:7205.25 H:7205.25 L:7204.50 C:7204.50 V:411.0
  📈 Trend: moderate_bearish
  🗺️  Grid: 0.080% | 🔺 7205.25 🔻 7204.50
  📡 RSI: 45.5 | MACD: -0.48 | ATR: 0.86
  📊 Filled: 0 | Pending: 0
  💰 Daily P&L: $+2,375.00

[2026-04-27 15:18] O:7204.50 H:7204.75 L:7203.25 C:7203.25 V:773.0
  📈 Trend: moderate_bearish
  🗺️  Grid: 0.080% | 🔺 7205.25 🔻 7204.50
  📡 RSI: 41.7 | MACD: -0.56 | ATR: 0.89
  📊 Filled: 0 | Pending: 0
  💰 Daily P&L: $+2,375.00

[2026-04-27 15:19] O:7203.00 H:7203.75 L:7203.00 C:7203.75 V:240.0
  📈 Trend: moderate_bearish (raw: strong_bearish)
  🗺️  Grid: 0.080% | 🔺 7204.75 🔻 7203.25
  📡 RSI: 45.9 | MACD: -0.58 | ATR: 0.89
  📊 Filled: 0 | Pending: 0
  💰 Daily P&L: $+2,375.00

[2026-04-27 15:20] O:7203.50 H:7203.75 L:7203.25 C:7203.75 V:328.0
  📈 Trend: strong_bearish
  🗺️  Grid: 0.080% | 🔺 7203.75 🔻 7203.00
  📡 RSI: 50.0 | MACD: -0.59 | ATR: 0.88
  📊 Filled: 0 | Pending: 0
  💰 Daily P&L: $+2,375.00

[2026-04-27 15:21] O:7203.50 H:7203.50 L:7203.25 C:7203.50 V:205.0
  📈 Trend: strong_bearish
  🗺️  Grid: 0.080% | 🔺 7203.75 🔻 7203.25
  📡 RSI: 45.5 | MACD: -0.61 | ATR: 0.86
  📊 Filled: 0 | Pending: 0
  💰 Daily P&L: $+2,375.00

[2026-04-27 15:22] O:7203.50 H:7203.75 L:7202.25 C:7202.50 V:775.0
  📈 Trend: strong_bearish
  🗺️  Grid: 0.080% | 🔺 7203.50 🔻 7203.25
  📡 RSI: 45.5 | MACD: -0.70 | ATR: 0.89
  📊 Filled: 0 | Pending: 0
  💰 Daily P&L: $+2,375.00

[2026-04-27 15:23] O:7202.50 H:7202.50 L:7202.25 C:7202.50 V:453.0
  📈 Trend: strong_bearish
  🗺️  Grid: 0.080% | 🔺 7203.75 🔻 7202.25
  📡 RSI: 43.8 | MACD: -0.76 | ATR: 0.86
  📊 Filled: 0 | Pending: 0
  💰 Daily P&L: $+2,375.00

[2026-04-27 15:24] O:7202.75 H:7202.75 L:7202.50 C:7202.50 V:259.0
  📈 Trend: strong_bearish
  🗺️  Grid: 0.080% | 🔺 7202.50 🔻 7202.25
  📡 RSI: 37.9 | MACD: -0.80 | ATR: 0.80
  📊 Filled: 0 | Pending: 0
  💰 Daily P&L: $+2,375.00

[2026-04-27 15:25] O:7202.75 H:7203.50 L:7202.75 C:7203.00 V:373.0
  📈 Trend: strong_bearish
  🗺️  Grid: 0.080% | 🔺 7202.75 🔻 7202.50
  📡 RSI: 40.0 | MACD: -0.78 | ATR: 0.80
  📊 Filled: 0 | Pending: 0
  💰 Daily P&L: $+2,375.00

[2026-04-27 15:26] O:7203.00 H:7203.50 L:7203.00 C:7203.25 V:182.0
  📈 Trend: strong_bearish
  🗺️  Grid: 0.080% | 🔺 7203.50 🔻 7202.75
  📡 RSI: 35.7 | MACD: -0.74 | ATR: 0.79
  📊 Filled: 0 | Pending: 0
  💰 Daily P&L: $+2,375.00

[2026-04-27 15:27] O:7203.50 H:7204.00 L:7203.25 C:7204.00 V:163.0
  📈 Trend: strong_bearish (raw: moderate_bullish)
  🗺️  Grid: 0.080% | 🔺 7203.50 🔻 7203.00
  📡 RSI: 50.0 | MACD: -0.64 | ATR: 0.75
  📊 Filled: 0 | Pending: 0
  💰 Daily P&L: $+2,375.00

[2026-04-27 15:28] O:7204.00 H:7204.00 L:7203.75 C:7204.00 V:140.0
  📈 Trend: moderate_bullish
  🗺️  Grid: 0.080% | 🔺 7204.00 🔻 7203.25
  📡 RSI: 43.5 | MACD: -0.55 | ATR: 0.71
  📊 Filled: 0 | Pending: 0
  💰 Daily P&L: $+2,375.00

[2026-04-27 15:29] O:7204.00 H:7204.50 L:7204.00 C:7204.50 V:199.0
  📈 Trend: moderate_bullish
  🗺️  Grid: 0.080% | 🔺 7204.00 🔻 7203.75
  📡 RSI: 45.8 | MACD: -0.44 | ATR: 0.70
  📊 Filled: 0 | Pending: 0
  💰 Daily P&L: $+2,375.00

[2026-04-27 15:30] O:7204.25 H:7205.25 L:7204.25 C:7205.00 V:273.0
  📈 Trend: moderate_bullish
