Logging to: es_bot_20260416_100858.log

============================================================
📈 MODE: SCALP
   • 10 contract(s) max
   • Grid entries only
   • Trailing stop enabled
   • SL: ~8 pts | TP: ~12 pts | Trail activates: +6 pts
   • Best for: Normal sessions, choppy/ranging opens
============================================================
✓ Connected to IBKR (paper) - clientId=10
✓ Front-month contract: ESM6 expiry=20260618

============================================================
Loading historical data for indicator warm-up...
============================================================
→ Fetching historical bars (1 D, 1 min)...
✓ Loaded 969 historical bars

Processing 969 historical bars...

Indicators ready!
  Bars loaded: 969
  Last price: 7059.00
  Trend: strong_bearish
  RSI: 70.4
  ATR: 4.05
  MACD: -2.02 / Signal: -3.13
  MA: 7055.59 / 7063.64 / 7067.12

------------------------------------------------------------
Account Value: $1,069,744.52
Buying Power: $4,275,830.16
Current Position: 0 contracts
------------------------------------------------------------

============================================================
Starting live 1-minute bar stream...
Strategy is now ACTIVE (SCALP mode)
============================================================

→ Subscribed to 5-second real-time bars (aggregating to 1 min)

[2026-04-16 09:08] O:7058.50 H:7059.00 L:7058.50 C:7059.00 V:130.0
  📈 Trend: sideways (raw: strong_bearish)
  🗺️  Grid: 0.080% | 🔺 7060.25 🔻 7057.00
  📡 RSI: 67.0 | MACD: -1.65 | ATR: 3.73
  📊 Filled: 0 | Pending: 0
  💰 Daily P&L: $+0.00

[2026-04-16 09:09] O:7059.00 H:7059.00 L:7056.25 C:7057.50 V:2718.0
  📈 Trend: strong_bearish
  🗺️  Grid: 0.080% | 🔺 7059.00 🔻 7058.50
  📡 RSI: 59.8 | MACD: -1.46 | ATR: 3.57
  📊 Filled: 0 | Pending: 0
  📤 Limit SELL 10 @ 7057.50 submitted (ID: 113)
  ⬇️ SHORT ORDER @ 7057.50 | Size: 1.00 | SL: 7066.00 | TP: 7044.75 [10cts]
     Reason: Grid Short (strong_bearish, RSI: 59.8)
     ⏳ Order 113 PENDING - awaiting fill confirmation
  💰 Daily P&L: $+0.00
  📋 Order 113 status: PreSubmitted
  ✅ Fill: SLD 10.0 @ 7057.75
  📋 Order 113 status: Filled
  📤 Stop BUY 10 @ 7065.75 submitted (ID: 114)
  📋 Order 114 status: PreSubmitted
  📤 Limit BUY 10 @ 7045.75 submitted (ID: 115)
  📋 Order 115 status: Submitted
  ✅ FILL CONFIRMED: SHORT @ 7057.75 (order 113)
     📊 Bracket placed: SL #114 @ 7065.75 | TP #115 @ 7045.75
     Trail activates @ +6.0 pts

[2026-04-16 09:10] O:7057.50 H:7060.50 L:7057.25 C:7059.00 V:3665.0
  📈 Trend: strong_bearish (raw: moderate_bearish)
  🗺️  Grid: 0.080% | 🔺 7059.00 🔻 7056.25
  📡 RSI: 70.7 | MACD: -1.17 | ATR: 3.43
  📊 Filled: 1 | Pending: 0
  📍 SHORT @ 7057.75 | SL: 7065.75 | TP: 7045.75 | P&L: $-625.00 | +6.0 to trail
  💰 Daily P&L: $+0.00

[2026-04-16 09:11] O:7058.75 H:7059.75 L:7057.25 C:7057.25 V:3107.0
  📈 Trend: moderate_bearish
  🗺️  Grid: 0.080% | 🔺 7060.50 🔻 7057.25
  📡 RSI: 59.7 | MACD: -1.08 | ATR: 3.36
  📊 Filled: 1 | Pending: 0
  📍 SHORT @ 7057.75 | SL: 7065.75 | TP: 7045.75 | P&L: $+250.00 | +5.5 to trail
  💰 Daily P&L: $+0.00

[2026-04-16 09:12] O:7057.25 H:7061.25 L:7056.50 C:7060.75 V:3965.0
  📈 Trend: moderate_bearish
  🗺️  Grid: 0.080% | 🔺 7059.75 🔻 7057.25
  📡 RSI: 61.2 | MACD: -0.71 | ATR: 3.34
  📊 Filled: 1 | Pending: 0
  📍 SHORT @ 7057.75 | SL: 7065.75 | TP: 7045.75 | P&L: $-1,500.00 | +5.5 to trail
  💰 Daily P&L: $+0.00

[2026-04-16 09:13] O:7060.75 H:7062.50 L:7059.25 C:7059.50 V:3355.0
  📈 Trend: moderate_bearish
  🗺️  Grid: 0.080% | 🔺 7061.25 🔻 7056.50
  📡 RSI: 71.0 | MACD: -0.51 | ATR: 3.18
  📊 Filled: 1 | Pending: 0
  📍 SHORT @ 7057.75 | SL: 7065.75 | TP: 7045.75 | P&L: $-875.00 | +4.8 to trail
  💰 Daily P&L: $+0.00

[2026-04-16 09:14] O:7059.75 H:7059.75 L:7057.00 C:7057.50 V:2894.0
  📈 Trend: moderate_bearish
  🗺️  Grid: 0.080% | 🔺 7062.50 🔻 7059.25
  📡 RSI: 65.3 | MACD: -0.51 | ATR: 3.07
  📊 Filled: 1 | Pending: 0
  📍 SHORT @ 7057.75 | SL: 7065.75 | TP: 7045.75 | P&L: $+125.00 | +4.8 to trail
  💰 Daily P&L: $+0.00

[2026-04-16 09:15] O:7057.50 H:7059.50 L:7057.00 C:7059.00 V:2282.0
  📈 Trend: moderate_bearish
  🗺️  Grid: 0.080% | 🔺 7059.75 🔻 7057.00
  📡 RSI: 65.8 | MACD: -0.39 | ATR: 3.05
  📊 Filled: 1 | Pending: 0
  📍 SHORT @ 7057.75 | SL: 7065.75 | TP: 7045.75 | P&L: $-625.00 | +4.8 to trail
  💰 Daily P&L: $+0.00

[2026-04-16 09:16] O:7058.75 H:7059.50 L:7055.50 C:7056.00 V:4051.0
  📈 Trend: moderate_bearish
  🗺️  Grid: 0.080% | 🔺 7059.50 🔻 7057.00
  📡 RSI: 54.2 | MACD: -0.52 | ATR: 3.16
  📊 Filled: 1 | Pending: 0
  📍 SHORT @ 7057.75 | SL: 7065.75 | TP: 7045.75 | P&L: $+875.00 | +4.8 to trail
  💰 Daily P&L: $+0.00

[2026-04-16 09:17] O:7056.00 H:7056.00 L:7052.50 C:7053.25 V:4507.0
  📈 Trend: moderate_bearish (raw: strong_bearish)
  🗺️  Grid: 0.080% | 🔺 7059.50 🔻 7055.50
  📡 RSI: 47.3 | MACD: -0.84 | ATR: 3.14
  📊 Filled: 1 | Pending: 0
  📍 SHORT @ 7057.75 | SL: 7065.75 | TP: 7045.75 | P&L: $+2,250.00 | +3.8 to trail
  💰 Daily P&L: $+0.00

[2026-04-16 09:18] O:7053.00 H:7055.00 L:7050.50 C:7053.50 V:4385.0
  📈 Trend: strong_bearish
  🗺️  Grid: 0.080% | 🔺 7056.00 🔻 7052.50
  📡 RSI: 44.3 | MACD: -1.07 | ATR: 3.16
  📊 Filled: 1 | Pending: 0
  📍 SHORT @ 7057.75 | SL: 7065.75 | TP: 7045.75 | P&L: $+2,125.00 | +0.8 to trail
  ✏️ Stop order 114 modified → 7052.75 [confirmed]
  🔄 TRAILING ACTIVATED @ +7.25pts | Stop: 7065.75 → 7052.75
  💰 Daily P&L: $+0.00
  ✅ Fill: BOT 10.0 @ 7053.0
  📋 Order 114 status: Filled

[2026-04-16 09:19] O:7053.50 H:7053.75 L:7049.50 C:7050.50 V:3519.0
  📈 Trend: strong_bearish
  🗺️  Grid: 0.080% | 🔺 7055.00 🔻 7050.50
  📡 RSI: 36.5 | MACD: -1.47 | ATR: 3.16
  📊 Filled: 1 | Pending: 0
  📍 SHORT @ 7057.75 | Trail: 7052.75 | TP: 7045.75 | P&L: $+3,625.00 | 🔒 Trailing
  📋 Order 115 status: PendingCancel
  📋 Order 115 status: Cancelled
  ✅ EXIT SHORT @ 7053.00 | Trailing Stop
     P&L: +4.75 pts ($+2,375.00) | Daily: $+2,375.00
  ⏸️ Cooldown: 2 bar(s) remaining after exit
  💰 Daily P&L: $+2,375.00

[2026-04-16 09:20] O:7050.25 H:7051.75 L:7048.50 C:7049.50 V:3600.0
  📈 Trend: strong_bearish
  🗺️  Grid: 0.080% | 🔺 7053.75 🔻 7049.50
  📡 RSI: 31.6 | MACD: -1.84 | ATR: 3.21
  📊 Filled: 0 | Pending: 0
  ⏸️ Cooldown: 1 bar(s) remaining after exit
  💰 Daily P&L: $+2,375.00

[2026-04-16 09:21] O:7049.25 H:7053.00 L:7049.25 C:7052.50 V:3873.0
  📈 Trend: strong_bearish
  🗺️  Grid: 0.080% | 🔺 7051.75 🔻 7048.50
  📡 RSI: 37.5 | MACD: -1.88 | ATR: 3.25
  📊 Filled: 0 | Pending: 0
  💰 Daily P&L: $+2,375.00

[2026-04-16 09:22] O:7052.25 H:7052.50 L:7049.50 C:7050.00 V:2240.0
  📈 Trend: strong_bearish
  🗺️  Grid: 0.080% | 🔺 7053.00 🔻 7049.25
  📡 RSI: 34.2 | MACD: -2.08 | ATR: 3.43
  📊 Filled: 0 | Pending: 0
  💰 Daily P&L: $+2,375.00

[2026-04-16 09:23] O:7050.00 H:7050.50 L:7047.75 C:7050.50 V:3287.0
  📈 Trend: strong_bearish
  🗺️  Grid: 0.080% | 🔺 7052.50 🔻 7049.50
  📡 RSI: 37.3 | MACD: -2.18 | ATR: 3.43
  📊 Filled: 0 | Pending: 0
  💰 Daily P&L: $+2,375.00

[2026-04-16 09:24] O:7050.25 H:7052.25 L:7048.75 C:7051.50 V:3156.0
  📈 Trend: strong_bearish
  🗺️  Grid: 0.080% | 🔺 7050.50 🔻 7047.75
  📡 RSI: 36.1 | MACD: -2.15 | ATR: 3.45
  📊 Filled: 0 | Pending: 0
  💰 Daily P&L: $+2,375.00

[2026-04-16 09:25] O:7051.25 H:7051.25 L:7049.75 C:7050.50 V:2428.0
  📈 Trend: strong_bearish
  🗺️  Grid: 0.080% | 🔺 7052.25 🔻 7048.75
  📡 RSI: 37.1 | MACD: -2.19 | ATR: 3.39
  📊 Filled: 0 | Pending: 0
  💰 Daily P&L: $+2,375.00

[2026-04-16 09:26] O:7050.25 H:7054.50 L:7049.25 C:7050.50 V:4494.0
  📈 Trend: strong_bearish
  🗺️  Grid: 0.080% | 🔺 7051.25 🔻 7049.75
  📡 RSI: 27.5 | MACD: -2.19 | ATR: 3.43
  📊 Filled: 0 | Pending: 0
  💰 Daily P&L: $+2,375.00

[2026-04-16 09:27] O:7050.50 H:7053.00 L:7050.00 C:7051.25 V:2339.0
  📈 Trend: strong_bearish
  🗺️  Grid: 0.080% | 🔺 7054.50 🔻 7049.25
  📡 RSI: 31.5 | MACD: -2.10 | ATR: 3.41
  📊 Filled: 0 | Pending: 0
  💰 Daily P&L: $+2,375.00

[2026-04-16 09:28] O:7051.00 H:7054.25 L:7051.00 C:7054.25 V:2513.0
  📈 Trend: strong_bearish
  🗺️  Grid: 0.080% | 🔺 7053.00 🔻 7050.00
  📡 RSI: 43.0 | MACD: -1.77 | ATR: 3.45
  📊 Filled: 0 | Pending: 0
  💰 Daily P&L: $+2,375.00

[2026-04-16 09:29] O:7054.00 H:7054.75 L:7052.00 C:7052.50 V:2662.0
  📈 Trend: strong_bearish
  🗺️  Grid: 0.080% | 🔺 7054.25 🔻 7051.00
  📡 RSI: 36.2 | MACD: -1.63 | ATR: 3.46
  📊 Filled: 0 | Pending: 0
  💰 Daily P&L: $+2,375.00

[2026-04-16 09:30] O:7052.50 H:7054.75 L:7051.25 C:7054.50 V:2736.0
  📈 Trend: strong_bearish
  🗺️  Grid: 0.080% | 🔺 7054.75 🔻 7052.00
  📡 RSI: 46.7 | MACD: -1.35 | ATR: 3.43
  📊 Filled: 0 | Pending: 0
  💰 Daily P&L: $+2,375.00

[2026-04-16 09:31] O:7054.50 H:7055.75 L:7052.50 C:7052.75 V:2804.0
  📈 Trend: strong_bearish
  🗺️  Grid: 0.080% | 🔺 7054.75 🔻 7051.25
  📡 RSI: 48.8 | MACD: -1.25 | ATR: 3.41
  📊 Filled: 0 | Pending: 0
  💰 Daily P&L: $+2,375.00

[2026-04-16 09:32] O:7052.50 H:7053.00 L:7050.25 C:7050.50 V:3125.0
  📈 Trend: strong_bearish
  🗺️  Grid: 0.080% | 🔺 7055.75 🔻 7052.50
  📡 RSI: 43.6 | MACD: -1.33 | ATR: 3.29
  📊 Filled: 0 | Pending: 0
  💰 Daily P&L: $+2,375.00

[2026-04-16 09:33] O:7050.50 H:7053.75 L:7050.50 C:7053.75 V:2187.0
  📈 Trend: strong_bearish
  🗺️  Grid: 0.080% | 🔺 7053.00 🔻 7050.25
  📡 RSI: 56.8 | MACD: -1.13 | ATR: 3.21
  📊 Filled: 0 | Pending: 0
  💰 Daily P&L: $+2,375.00

[2026-04-16 09:34] O:7053.75 H:7054.50 L:7052.75 C:7054.25 V:1989.0
  📈 Trend: strong_bearish
  🗺️  Grid: 0.080% | 🔺 7053.75 🔻 7050.50
  📡 RSI: 60.2 | MACD: -0.91 | ATR: 3.11
  📊 Filled: 0 | Pending: 0
  💰 Daily P&L: $+2,375.00

[2026-04-16 09:35] O:7054.00 H:7054.50 L:7051.25 C:7052.25 V:2159.0
  📈 Trend: strong_bearish
  🗺️  Grid: 0.080% | 🔺 7054.50 🔻 7052.75
  📡 RSI: 49.4 | MACD: -0.89 | ATR: 3.07
  📊 Filled: 0 | Pending: 0
  💰 Daily P&L: $+2,375.00

[2026-04-16 09:36] O:7052.25 H:7054.00 L:7051.00 C:7053.75 V:1775.0
  📈 Trend: strong_bearish (raw: moderate_bearish)
  🗺️  Grid: 0.080% | 🔺 7054.50 🔻 7051.25
  📡 RSI: 58.8 | MACD: -0.75 | ATR: 3.07
  📊 Filled: 0 | Pending: 0
  💰 Daily P&L: $+2,375.00

[2026-04-16 09:37] O:7053.50 H:7055.50 L:7052.50 C:7054.75 V:2158.0
  📈 Trend: moderate_bearish
  🗺️  Grid: 0.080% | 🔺 7054.00 🔻 7051.00
  📡 RSI: 59.8 | MACD: -0.55 | ATR: 3.09
  📊 Filled: 0 | Pending: 0
  💰 Daily P&L: $+2,375.00

[2026-04-16 09:38] O:7054.50 H:7054.50 L:7051.25 C:7052.75 V:2391.0
  📈 Trend: moderate_bearish
  🗺️  Grid: 0.080% | 🔺 7055.50 🔻 7052.50
  📡 RSI: 52.7 | MACD: -0.54 | ATR: 3.09
  📊 Filled: 0 | Pending: 0
  💰 Daily P&L: $+2,375.00

[2026-04-16 09:39] O:7052.50 H:7053.00 L:7051.25 C:7051.50 V:1532.0
  📈 Trend: moderate_bearish
  🗺️  Grid: 0.080% | 🔺 7054.50 🔻 7051.25
  📡 RSI: 52.2 | MACD: -0.63 | ATR: 3.09
  📊 Filled: 0 | Pending: 0
  💰 Daily P&L: $+2,375.00

[2026-04-16 09:40] O:7051.75 H:7052.00 L:7049.75 C:7050.50 V:2939.0
  📈 Trend: moderate_bearish (raw: strong_bearish)
  🗺️  Grid: 0.080% | 🔺 7053.00 🔻 7051.25
  📡 RSI: 50.0 | MACD: -0.78 | ATR: 2.88
  📊 Filled: 0 | Pending: 0
  💰 Daily P&L: $+2,375.00

[2026-04-16 09:41] O:7050.50 H:7052.75 L:7050.50 C:7050.75 V:2262.0
  📈 Trend: moderate_bearish
  🗺️  Grid: 0.080% | 🔺 7052.00 🔻 7049.75
  📡 RSI: 48.9 | MACD: -0.86 | ATR: 2.82
  📊 Filled: 0 | Pending: 0
  💰 Daily P&L: $+2,375.00

[2026-04-16 09:42] O:7050.75 H:7052.75 L:7050.00 C:7051.50 V:2189.0
  📈 Trend: moderate_bearish
  🗺️  Grid: 0.080% | 🔺 7052.75 🔻 7050.50
  📡 RSI: 43.5 | MACD: -0.85 | ATR: 2.79
  📊 Filled: 0 | Pending: 0
  💰 Daily P&L: $+2,375.00

[2026-04-16 09:43] O:7051.50 H:7054.50 L:7051.50 C:7053.50 V:2359.0
  📈 Trend: moderate_bearish
  🗺️  Grid: 0.080% | 🔺 7052.75 🔻 7050.00
  📡 RSI: 52.3 | MACD: -0.68 | ATR: 2.80
  📊 Filled: 0 | Pending: 0
  💰 Daily P&L: $+2,375.00

[2026-04-16 09:44] O:7053.50 H:7056.25 L:7053.25 C:7055.75 V:2726.0
  📈 Trend: moderate_bearish
  🗺️  Grid: 0.080% | 🔺 7054.50 🔻 7051.50
  📡 RSI: 52.9 | MACD: -0.36 | ATR: 2.77
  📊 Filled: 0 | Pending: 0
  💰 Daily P&L: $+2,375.00

[2026-04-16 09:45] O:7055.75 H:7059.50 L:7054.75 C:7059.25 V:4162.0
  📈 Trend: moderate_bearish (raw: moderate_bullish)
  🗺️  Grid: 0.080% | 🔺 7056.25 🔻 7053.25
  📡 RSI: 63.8 | MACD: 0.18 | ATR: 2.88
  📊 Filled: 0 | Pending: 0
  💰 Daily P&L: $+2,375.00

[2026-04-16 09:46] O:7059.00 H:7059.50 L:7057.25 C:7057.75 V:3679.0
  📈 Trend: moderate_bullish
  🗺️  Grid: 0.080% | 🔺 7059.50 🔻 7054.75
  📡 RSI: 65.9 | MACD: 0.48 | ATR: 2.84
  📊 Filled: 0 | Pending: 0
  💰 Daily P&L: $+2,375.00

[2026-04-16 09:47] O:7057.50 H:7059.25 L:7056.25 C:7059.25 V:3141.0
  📈 Trend: moderate_bullish
  🗺️  Grid: 0.080% | 🔺 7059.50 🔻 7057.25
  📡 RSI: 63.1 | MACD: 0.82 | ATR: 2.82
  📊 Filled: 0 | Pending: 0
  💰 Daily P&L: $+2,375.00

[2026-04-16 09:48] O:7059.25 H:7060.00 L:7058.25 C:7059.50 V:2741.0
  📈 Trend: moderate_bullish
  🗺️  Grid: 0.080% | 🔺 7059.25 🔻 7056.25
  📡 RSI: 62.7 | MACD: 1.11 | ATR: 2.82
  📊 Filled: 0 | Pending: 0
  💰 Daily P&L: $+2,375.00

[2026-04-16 09:49] O:7059.50 H:7060.75 L:7058.75 C:7060.75 V:2587.0
  📈 Trend: moderate_bullish
  🗺️  Grid: 0.080% | 🔺 7060.00 🔻 7058.25
  📡 RSI: 71.2 | MACD: 1.42 | ATR: 2.73
  📊 Filled: 0 | Pending: 0
  💰 Daily P&L: $+2,375.00

[2026-04-16 09:50] O:7060.75 H:7061.75 L:7059.00 C:7060.75 V:3945.0
  📈 Trend: moderate_bullish (raw: strong_bullish)
  🗺️  Grid: 0.080% | 🔺 7060.75 🔻 7058.75
  📡 RSI: 68.9 | MACD: 1.64 | ATR: 2.71
  📊 Filled: 0 | Pending: 0
  💰 Daily P&L: $+2,375.00

[2026-04-16 09:51] O:7060.75 H:7063.00 L:7060.50 C:7062.25 V:2935.0
  📈 Trend: strong_bullish
  🗺️  Grid: 0.080% | 🔺 7061.75 🔻 7059.00
  📡 RSI: 69.7 | MACD: 1.92 | ATR: 2.68
  📊 Filled: 0 | Pending: 0
  💰 Daily P&L: $+2,375.00

[2026-04-16 09:52] O:7062.25 H:7062.50 L:7059.00 C:7059.75 V:3356.0
  📈 Trend: strong_bullish
  🗺️  Grid: 0.080% | 🔺 7063.00 🔻 7060.50
  📡 RSI: 67.9 | MACD: 1.92 | ATR: 2.68
  📊 Filled: 0 | Pending: 0
  💰 Daily P&L: $+2,375.00

[2026-04-16 09:53] O:7059.75 H:7061.00 L:7059.25 C:7060.50 V:1934.0
  📈 Trend: strong_bullish
  🗺️  Grid: 0.080% | 🔺 7062.50 🔻 7059.00
  📡 RSI: 73.7 | MACD: 1.95 | ATR: 2.68
  📊 Filled: 0 | Pending: 0
  💰 Daily P&L: $+2,375.00

[2026-04-16 09:54] O:7060.75 H:7062.00 L:7059.50 C:7061.75 V:2066.0
  📈 Trend: strong_bullish
  🗺️  Grid: 0.080% | 🔺 7061.00 🔻 7059.25
  📡 RSI: 79.2 | MACD: 2.06 | ATR: 2.70
  📊 Filled: 0 | Pending: 0
  💰 Daily P&L: $+2,375.00

[2026-04-16 09:55] O:7062.00 H:7062.25 L:7059.00 C:7059.25 V:2420.0
  📈 Trend: strong_bullish
  🗺️  Grid: 0.080% | 🔺 7062.00 🔻 7059.50
  📡 RSI: 69.8 | MACD: 1.92 | ATR: 2.77
  📊 Filled: 0 | Pending: 0
  💰 Daily P&L: $+2,375.00

[2026-04-16 09:56] O:7059.50 H:7060.75 L:7057.00 C:7060.25 V:3676.0
  📈 Trend: strong_bullish
  🗺️  Grid: 0.080% | 🔺 7062.25 🔻 7059.00
  📡 RSI: 70.1 | MACD: 1.86 | ATR: 2.84
  📊 Filled: 0 | Pending: 0
  💰 Daily P&L: $+2,375.00

[2026-04-16 09:57] O:7060.50 H:7061.50 L:7059.00 C:7059.75 V:2040.0
  📈 Trend: strong_bullish
  🗺️  Grid: 0.080% | 🔺 7060.75 🔻 7057.00
  📡 RSI: 65.4 | MACD: 1.76 | ATR: 2.80
  📊 Filled: 0 | Pending: 0
  💰 Daily P&L: $+2,375.00

[2026-04-16 09:58] O:7059.75 H:7060.75 L:7058.50 C:7060.75 V:1738.0
  📈 Trend: strong_bullish
  🗺️  Grid: 0.080% | 🔺 7061.50 🔻 7059.00
  📡 RSI: 63.2 | MACD: 1.74 | ATR: 2.75
  📊 Filled: 0 | Pending: 0
  💰 Daily P&L: $+2,375.00

[2026-04-16 09:59] O:7061.00 H:7061.50 L:7060.50 C:7060.50 V:1458.0
  📈 Trend: strong_bullish
  🗺️  Grid: 0.080% | 🔺 7060.75 🔻 7058.50
  📡 RSI: 54.0 | MACD: 1.69 | ATR: 2.48
  📊 Filled: 0 | Pending: 0
  💰 Daily P&L: $+2,375.00

[2026-04-16 10:00] O:7060.25 H:7063.75 L:7060.25 C:7063.25 V:3734.0
  📈 Trend: strong_bullish
  🗺️  Grid: 0.080% | 🔺 7061.50 🔻 7060.50
  📡 RSI: 66.2 | MACD: 1.84 | ATR: 2.57
  📊 Filled: 0 | Pending: 0
  💰 Daily P&L: $+2,375.00

[2026-04-16 10:01] O:7063.25 H:7063.50 L:7062.25 C:7062.25 V:2703.0
  📈 Trend: strong_bullish
  🗺️  Grid: 0.080% | 🔺 7063.75 🔻 7060.25
  📡 RSI: 59.1 | MACD: 1.86 | ATR: 2.45
  📊 Filled: 0 | Pending: 0
  💰 Daily P&L: $+2,375.00

[2026-04-16 10:02] O:7062.25 H:7064.75 L:7062.00 C:7064.75 V:2622.0
  📈 Trend: strong_bullish
  🗺️  Grid: 0.080% | 🔺 7063.50 🔻 7062.25
  📡 RSI: 64.0 | MACD: 2.06 | ATR: 2.52
  📊 Filled: 0 | Pending: 0
  💰 Daily P&L: $+2,375.00

[2026-04-16 10:03] O:7064.75 H:7067.00 L:7064.50 C:7065.75 V:4167.0
  📈 Trend: strong_bullish
  🗺️  Grid: 0.080% | 🔺 7064.75 🔻 7062.00
  📡 RSI: 63.5 | MACD: 2.27 | ATR: 2.55
  📊 Filled: 0 | Pending: 0
  💰 Daily P&L: $+2,375.00
→ Real-time bars cancelled
✓ Disconnected from IBKR
