Logging to: es_bot_20260422_110229.log

============================================================
📈 MODE: SCALP
   • 10 contract(s) max
   • Grid entries only
   • Trailing stop enabled
   • SL: ~8 pts | TP: ~12 pts | Trail activates: +6 pts
   • Best for: Normal sessions, choppy/ranging opens
============================================================
✓ Connected to IBKR (paper) - clientId=10
✓ Front-month contract: ESM6 expiry=20260618

============================================================
Loading historical data for indicator warm-up...
============================================================
→ Fetching historical bars (1 D, 1 min)...
✓ Loaded 1023 historical bars

Processing 1023 historical bars...

Indicators ready!
  Bars loaded: 1023
  Last price: 7154.25
  Trend: strong_bearish
  RSI: 33.3
  ATR: 2.86
  MACD: -1.10 / Signal: -0.78
  MA: 7157.43 / 7159.95 / 7149.83

------------------------------------------------------------
Account Value: $1,073,954.02
Buying Power: $4,284,499.95
Current Position: 0 contracts
------------------------------------------------------------

============================================================
Starting live 1-minute bar stream...
Strategy is now ACTIVE (SCALP mode)
============================================================

→ Subscribed to 5-second real-time bars (aggregating to 1 min)

[2026-04-22 10:02] O:7154.25 H:7155.00 L:7153.25 C:7154.00 V:1842.0
  📈 Trend: sideways (raw: strong_bearish)
  🗺️  Grid: 0.080% | 🔺 7155.50 🔻 7154.25
  📡 RSI: 33.3 | MACD: -1.23 | ATR: 2.88
  📊 Filled: 0 | Pending: 0
  💰 Daily P&L: $+0.00

[2026-04-22 10:03] O:7153.75 H:7155.50 L:7153.75 C:7155.25 V:2201.0
  📈 Trend: strong_bearish
  🗺️  Grid: 0.080% | 🔺 7155.00 🔻 7153.25
  📡 RSI: 33.3 | MACD: -1.22 | ATR: 2.82
  📊 Filled: 0 | Pending: 0
  💰 Daily P&L: $+0.00

[2026-04-22 10:04] O:7155.25 H:7155.50 L:7151.75 C:7153.00 V:3820.0
  📈 Trend: strong_bearish
  🗺️  Grid: 0.080% | 🔺 7155.50 🔻 7153.75
  📡 RSI: 35.6 | MACD: -1.37 | ATR: 2.82
  📊 Filled: 0 | Pending: 0
  💰 Daily P&L: $+0.00

[2026-04-22 10:05] O:7153.25 H:7154.75 L:7151.75 C:7152.75 V:2223.0
  📈 Trend: strong_bearish
  🗺️  Grid: 0.080% | 🔺 7155.50 🔻 7151.75
  📡 RSI: 40.6 | MACD: -1.50 | ATR: 2.77
  📊 Filled: 0 | Pending: 0
  💰 Daily P&L: $+0.00

[2026-04-22 10:06] O:7153.00 H:7155.50 L:7152.00 C:7154.75 V:2039.0
  📈 Trend: strong_bearish
  🗺️  Grid: 0.080% | 🔺 7154.75 🔻 7151.75
  📡 RSI: 47.2 | MACD: -1.42 | ATR: 2.88
  📊 Filled: 0 | Pending: 0
  💰 Daily P&L: $+0.00

[2026-04-22 10:07] O:7154.75 H:7159.75 L:7154.75 C:7158.75 V:4516.0
  📈 Trend: strong_bearish (raw: moderate_bearish)
  🗺️  Grid: 0.080% | 🔺 7155.50 🔻 7152.00
  📡 RSI: 53.1 | MACD: -1.02 | ATR: 3.02
  📊 Filled: 0 | Pending: 0
  💰 Daily P&L: $+0.00

[2026-04-22 10:08] O:7158.75 H:7161.25 L:7158.75 C:7159.25 V:2273.0
  📈 Trend: moderate_bearish
  🗺️  Grid: 0.080% | 🔺 7159.75 🔻 7154.75
  📡 RSI: 58.4 | MACD: -0.66 | ATR: 2.98
  📊 Filled: 0 | Pending: 0
  💰 Daily P&L: $+0.00

[2026-04-22 10:09] O:7159.25 H:7160.25 L:7157.25 C:7157.50 V:3128.0
  📈 Trend: moderate_bearish
  🗺️  Grid: 0.080% | 🔺 7161.25 🔻 7158.75
  📡 RSI: 51.9 | MACD: -0.51 | ATR: 2.93
  📊 Filled: 0 | Pending: 0
  💰 Daily P&L: $+0.00

[2026-04-22 10:10] O:7157.50 H:7160.50 L:7157.25 C:7160.25 V:2650.0
  📈 Trend: moderate_bearish (raw: moderate_bullish)
  🗺️  Grid: 0.080% | 🔺 7160.25 🔻 7157.25
  📡 RSI: 57.1 | MACD: -0.17 | ATR: 2.93
  📊 Filled: 0 | Pending: 0
  💰 Daily P&L: $+0.00

[2026-04-22 10:11] O:7160.25 H:7160.75 L:7159.00 C:7159.50 V:1771.0
  📈 Trend: moderate_bearish (raw: strong_bullish)
  🗺️  Grid: 0.080% | 🔺 7160.50 🔻 7157.25
  📡 RSI: 55.9 | MACD: 0.05 | ATR: 2.89
  📊 Filled: 0 | Pending: 0
  💰 Daily P&L: $+0.00

[2026-04-22 10:12] O:7159.50 H:7159.50 L:7156.50 C:7157.75 V:2011.0
  📈 Trend: strong_bullish
  🗺️  Grid: 0.080% | 🔺 7160.75 🔻 7159.00
  📡 RSI: 46.7 | MACD: 0.07 | ATR: 2.89
  📊 Filled: 0 | Pending: 0
  💰 Daily P&L: $+0.00

[2026-04-22 10:13] O:7157.75 H:7159.00 L:7156.75 C:7158.25 V:1344.0
  📈 Trend: strong_bullish
  🗺️  Grid: 0.080% | 🔺 7159.50 🔻 7156.50
  📡 RSI: 57.1 | MACD: 0.13 | ATR: 2.70
  📊 Filled: 0 | Pending: 0
  💰 Daily P&L: $+0.00

[2026-04-22 10:14] O:7158.25 H:7158.50 L:7156.50 C:7157.25 V:1023.0
  📈 Trend: strong_bullish
  🗺️  Grid: 0.080% | 🔺 7159.00 🔻 7156.75
  📡 RSI: 56.4 | MACD: 0.10 | ATR: 2.70
  📊 Filled: 0 | Pending: 0
  💰 Daily P&L: $+0.00

[2026-04-22 10:15] O:7157.25 H:7157.75 L:7155.50 C:7155.75 V:1795.0
  📈 Trend: strong_bullish (raw: moderate_bearish)
  🗺️  Grid: 0.080% | 🔺 7158.50 🔻 7156.50
  📡 RSI: 53.7 | MACD: -0.05 | ATR: 2.77
  📊 Filled: 0 | Pending: 0
  💰 Daily P&L: $+0.00

[2026-04-22 10:16] O:7155.75 H:7156.25 L:7154.50 C:7156.00 V:2065.0
  📈 Trend: moderate_bearish
  🗺️  Grid: 0.080% | 🔺 7157.75 🔻 7155.50
  📡 RSI: 54.9 | MACD: -0.15 | ATR: 2.77
  📊 Filled: 0 | Pending: 0
  💰 Daily P&L: $+0.00

[2026-04-22 10:17] O:7156.00 H:7157.00 L:7155.50 C:7156.25 V:1651.0
  📈 Trend: moderate_bearish
  🗺️  Grid: 0.080% | 🔺 7156.25 🔻 7154.50
  📡 RSI: 52.6 | MACD: -0.20 | ATR: 2.75
  📊 Filled: 0 | Pending: 0
  💰 Daily P&L: $+0.00

[2026-04-22 10:18] O:7156.25 H:7156.75 L:7154.50 C:7156.25 V:1747.0
  📈 Trend: moderate_bearish (raw: moderate_bullish)
  🗺️  Grid: 0.080% | 🔺 7157.00 🔻 7155.50
  📡 RSI: 59.4 | MACD: -0.24 | ATR: 2.64
  📊 Filled: 0 | Pending: 0
  💰 Daily P&L: $+0.00

[2026-04-22 10:19] O:7156.00 H:7159.00 L:7155.25 C:7158.00 V:1973.0
  📈 Trend: moderate_bullish
  🗺️  Grid: 0.080% | 🔺 7156.75 🔻 7154.50
  📡 RSI: 64.0 | MACD: -0.13 | ATR: 2.70
  📊 Filled: 0 | Pending: 0
  💰 Daily P&L: $+0.00

[2026-04-22 10:20] O:7157.75 H:7158.75 L:7157.50 C:7158.25 V:1283.0
  📈 Trend: moderate_bullish
  🗺️  Grid: 0.080% | 🔺 7159.00 🔻 7155.25
  📡 RSI: 60.3 | MACD: -0.02 | ATR: 2.54
  📊 Filled: 0 | Pending: 0
  💰 Daily P&L: $+0.00

[2026-04-22 10:21] O:7158.50 H:7160.25 L:7157.75 C:7159.75 V:1871.0
  📈 Trend: moderate_bullish (raw: strong_bullish)
  🗺️  Grid: 0.080% | 🔺 7158.75 🔻 7157.50
  📡 RSI: 53.4 | MACD: 0.19 | ATR: 2.36
  📊 Filled: 0 | Pending: 0
  💰 Daily P&L: $+0.00

[2026-04-22 10:22] O:7159.50 H:7161.75 L:7159.50 C:7161.50 V:2388.0
  📈 Trend: strong_bullish
  🗺️  Grid: 0.080% | 🔺 7160.25 🔻 7157.75
  📡 RSI: 57.1 | MACD: 0.48 | ATR: 2.34
  📊 Filled: 0 | Pending: 0
  💰 Daily P&L: $+0.00

[2026-04-22 10:23] O:7161.25 H:7162.75 L:7161.00 C:7162.75 V:1689.0
  📈 Trend: strong_bullish
  🗺️  Grid: 0.080% | 🔺 7161.75 🔻 7159.50
  📡 RSI: 67.2 | MACD: 0.81 | ATR: 2.25
  📊 Filled: 0 | Pending: 0
  💰 Daily P&L: $+0.00

[2026-04-22 10:24] O:7162.50 H:7163.50 L:7160.00 C:7160.75 V:2115.0
  📈 Trend: strong_bullish
  🗺️  Grid: 0.080% | 🔺 7162.75 🔻 7161.00
  📡 RSI: 51.7 | MACD: 0.90 | ATR: 2.27
  📊 Filled: 0 | Pending: 0
  💰 Daily P&L: $+0.00

[2026-04-22 10:25] O:7160.75 H:7161.00 L:7158.75 C:7159.00 V:1954.0
  📈 Trend: strong_bullish
  🗺️  Grid: 0.080% | 🔺 7163.50 🔻 7160.00
  📡 RSI: 48.4 | MACD: 0.82 | ATR: 2.30
  📊 Filled: 0 | Pending: 0
  💰 Daily P&L: $+0.00

[2026-04-22 10:26] O:7158.75 H:7159.75 L:7157.75 C:7158.50 V:1880.0
  📈 Trend: strong_bullish
  🗺️  Grid: 0.080% | 🔺 7161.00 🔻 7158.75
  📡 RSI: 52.6 | MACD: 0.71 | ATR: 2.23
  📊 Filled: 0 | Pending: 0
  💰 Daily P&L: $+0.00

[2026-04-22 10:27] O:7158.25 H:7158.25 L:7156.50 C:7157.50 V:1677.0
  📈 Trend: strong_bullish
  🗺️  Grid: 0.080% | 🔺 7159.75 🔻 7157.75
  📡 RSI: 47.5 | MACD: 0.53 | ATR: 2.21
  📊 Filled: 0 | Pending: 0
  💰 Daily P&L: $+0.00

[2026-04-22 10:28] O:7157.50 H:7160.50 L:7157.50 C:7160.25 V:1798.0
  📈 Trend: strong_bullish
  🗺️  Grid: 0.080% | 🔺 7158.25 🔻 7156.50
  📡 RSI: 59.1 | MACD: 0.61 | ATR: 2.29
  📊 Filled: 0 | Pending: 0
  💰 Daily P&L: $+0.00

[2026-04-22 10:29] O:7160.25 H:7164.00 L:7159.25 C:7160.75 V:7713.0
  📈 Trend: strong_bullish
  🗺️  Grid: 0.080% | 🔺 7160.50 🔻 7157.50
  📡 RSI: 66.1 | MACD: 0.70 | ATR: 2.46
  📊 Filled: 0 | Pending: 0
  💰 Daily P&L: $+0.00

[2026-04-22 10:30] O:7160.75 H:7163.00 L:7160.00 C:7163.00 V:2889.0
  📈 Trend: strong_bullish
  🗺️  Grid: 0.080% | 🔺 7164.00 🔻 7159.25
  📡 RSI: 70.0 | MACD: 0.94 | ATR: 2.55
  📊 Filled: 0 | Pending: 0
  💰 Daily P&L: $+0.00

[2026-04-22 10:31] O:7162.75 H:7163.25 L:7159.75 C:7160.25 V:1907.0
  📈 Trend: strong_bullish
  🗺️  Grid: 0.080% | 🔺 7163.00 🔻 7160.00
  📡 RSI: 60.0 | MACD: 0.90 | ATR: 2.70
  📊 Filled: 0 | Pending: 0
  💰 Daily P&L: $+0.00

[2026-04-22 10:32] O:7160.00 H:7161.00 L:7159.50 C:7159.75 V:1668.0
  📈 Trend: strong_bullish
  🗺️  Grid: 0.080% | 🔺 7163.25 🔻 7159.75
  📡 RSI: 58.5 | MACD: 0.82 | ATR: 2.64
  📊 Filled: 0 | Pending: 0
  💰 Daily P&L: $+0.00

[2026-04-22 10:33] O:7160.00 H:7160.50 L:7159.25 C:7160.00 V:1609.0
  📈 Trend: strong_bullish
  🗺️  Grid: 0.080% | 🔺 7161.00 🔻 7159.50
  📡 RSI: 55.3 | MACD: 0.77 | ATR: 2.46
  📊 Filled: 0 | Pending: 0
  💰 Daily P&L: $+0.00

[2026-04-22 10:34] O:7160.00 H:7161.00 L:7158.75 C:7160.00 V:1782.0
  📈 Trend: strong_bullish
  🗺️  Grid: 0.080% | 🔺 7160.50 🔻 7159.25
  📡 RSI: 54.7 | MACD: 0.72 | ATR: 2.54
  📊 Filled: 0 | Pending: 0
  💰 Daily P&L: $+0.00

[2026-04-22 10:35] O:7160.00 H:7161.50 L:7157.75 C:7158.00 V:2466.0
  📈 Trend: strong_bullish
  🗺️  Grid: 0.080% | 🔺 7161.00 🔻 7158.75
  📡 RSI: 45.5 | MACD: 0.51 | ATR: 2.62
  📊 Filled: 0 | Pending: 0
  💰 Daily P&L: $+0.00

[2026-04-22 10:36] O:7158.00 H:7158.75 L:7156.25 C:7157.50 V:2541.0
  📈 Trend: strong_bullish
  🗺️  Grid: 0.080% | 🔺 7161.50 🔻 7157.75
  📡 RSI: 38.9 | MACD: 0.30 | ATR: 2.64
  📊 Filled: 0 | Pending: 0
  💰 Daily P&L: $+0.00

[2026-04-22 10:37] O:7157.25 H:7159.50 L:7157.25 C:7159.00 V:1691.0
  📈 Trend: strong_bullish
  🗺️  Grid: 0.080% | 🔺 7158.75 🔻 7156.25
  📡 RSI: 39.7 | MACD: 0.26 | ATR: 2.68
  📊 Filled: 0 | Pending: 0
  📤 Limit BUY 10 @ 7159.00 submitted (ID: 143)
  ⬆️ LONG ORDER @ 7159.00 | Size: 1.00 | SL: 7150.50 | TP: 7172.00 [10cts]
     Reason: Grid Long (strong_bullish, RSI: 39.7)
     ⏳ Order 143 PENDING - awaiting fill confirmation
  💰 Daily P&L: $+0.00
  📋 Order 143 status: PreSubmitted
  ✅ Fill: BOT 10.0 @ 7158.75
  📋 Order 143 status: Filled
  📤 Stop SELL 10 @ 7150.75 submitted (ID: 144)
  📋 Order 144 status: PreSubmitted
  📤 Limit SELL 10 @ 7170.75 submitted (ID: 145)
  📋 Order 145 status: Submitted
  ✅ FILL CONFIRMED: LONG @ 7158.75 (order 143)
     📊 Bracket placed: SL #144 @ 7150.75 | TP #145 @ 7170.75
     Trail activates @ +6.0 pts

[2026-04-22 10:38] O:7159.00 H:7159.50 L:7155.25 C:7157.00 V:1826.0
  📈 Trend: strong_bullish (raw: moderate_bullish)
  🗺️  Grid: 0.080% | 🔺 7159.50 🔻 7157.25
  📡 RSI: 39.7 | MACD: 0.06 | ATR: 2.73
  📊 Filled: 1 | Pending: 0
  📍 LONG @ 7158.75 | SL: 7150.75 | TP: 7170.75 | P&L: $-875.00 | +6.0 to trail
  💰 Daily P&L: $+0.00

[2026-04-22 10:39] O:7157.00 H:7157.25 L:7156.00 C:7156.50 V:1329.0
  📈 Trend: moderate_bullish
  🗺️  Grid: 0.080% | 🔺 7159.50 🔻 7155.25
  📡 RSI: 42.6 | MACD: -0.14 | ATR: 2.66
  📊 Filled: 1 | Pending: 0
  📍 LONG @ 7158.75 | SL: 7150.75 | TP: 7170.75 | P&L: $-1,125.00 | +5.2 to trail
  💰 Daily P&L: $+0.00

[2026-04-22 10:40] O:7156.50 H:7157.50 L:7155.25 C:7157.25 V:1688.0
  📈 Trend: moderate_bullish
  🗺️  Grid: 0.080% | 🔺 7157.25 🔻 7156.00
  📡 RSI: 46.4 | MACD: -0.23 | ATR: 2.68
  📊 Filled: 1 | Pending: 0
  📍 LONG @ 7158.75 | SL: 7150.75 | TP: 7170.75 | P&L: $-750.00 | +5.2 to trail
  💰 Daily P&L: $+0.00

[2026-04-22 10:41] O:7157.00 H:7158.00 L:7156.50 C:7157.50 V:1169.0
  📈 Trend: moderate_bullish
  🗺️  Grid: 0.080% | 🔺 7157.50 🔻 7155.25
  📡 RSI: 50.0 | MACD: -0.28 | ATR: 2.64
  📊 Filled: 1 | Pending: 0
  📍 LONG @ 7158.75 | SL: 7150.75 | TP: 7170.75 | P&L: $-625.00 | +5.2 to trail
  💰 Daily P&L: $+0.00

[2026-04-22 10:42] O:7157.75 H:7158.25 L:7154.75 C:7155.25 V:1909.0
  📈 Trend: moderate_bullish
  🗺️  Grid: 0.080% | 🔺 7158.00 🔻 7156.50
  📡 RSI: 34.4 | MACD: -0.50 | ATR: 2.68
  📊 Filled: 1 | Pending: 0
  📍 LONG @ 7158.75 | SL: 7150.75 | TP: 7170.75 | P&L: $-1,750.00 | +5.2 to trail
  💰 Daily P&L: $+0.00

[2026-04-22 10:43] O:7155.00 H:7155.50 L:7152.75 C:7153.50 V:3134.0
  📈 Trend: moderate_bullish
  🗺️  Grid: 0.080% | 🔺 7158.25 🔻 7154.75
  📡 RSI: 29.0 | MACD: -0.80 | ATR: 2.54
  📊 Filled: 1 | Pending: 0
  📍 LONG @ 7158.75 | SL: 7150.75 | TP: 7170.75 | P&L: $-2,625.00 | +5.2 to trail
  💰 Daily P&L: $+0.00
  ✅ Fill: SLD 10.0 @ 7150.75
  📋 Order 144 status: Filled

[2026-04-22 10:44] O:7153.50 H:7153.50 L:7151.25 C:7151.50 V:2575.0
  📈 Trend: moderate_bullish
  🗺️  Grid: 0.080% | 🔺 7155.50 🔻 7152.75
  📡 RSI: 16.2 | MACD: -1.19 | ATR: 2.48
  📊 Filled: 1 | Pending: 0
  📍 LONG @ 7158.75 | SL: 7150.75 | TP: 7170.75 | P&L: $-3,625.00 | +5.2 to trail
  📋 Order 145 status: PendingCancel
  📋 Order 145 status: Cancelled
  ❌ EXIT LONG @ 7150.75 | Stop Loss
     P&L: -8.00 pts ($-4,000.00) | Daily: $-4,000.00
  ⏸️ Cooldown: 2 bar(s) remaining after exit
  💰 Daily P&L: $-4,000.00

[2026-04-22 10:45] O:7151.50 H:7152.75 L:7150.00 C:7152.50 V:2809.0
  📈 Trend: moderate_bullish
  🗺️  Grid: 0.080% | 🔺 7153.50 🔻 7151.25
  📡 RSI: 24.6 | MACD: -1.40 | ATR: 2.43
  📊 Filled: 0 | Pending: 0
  ⏸️ Cooldown: 1 bar(s) remaining after exit
  💰 Daily P&L: $-4,000.00

[2026-04-22 10:46] O:7152.50 H:7155.00 L:7152.25 C:7154.25 V:2248.0
  📈 Trend: moderate_bullish
  🗺️  Grid: 0.080% | 🔺 7152.75 🔻 7150.00
  📡 RSI: 33.3 | MACD: -1.41 | ATR: 2.52
  📊 Filled: 0 | Pending: 0
  📤 Limit BUY 10 @ 7154.25 submitted (ID: 146)
  📋 Order 146 status: PreSubmitted
  ✅ Fill: BOT 10.0 @ 7153.75
  📋 Order 146 status: Filled
  ⬆️ LONG ORDER @ 7154.25 | Size: 1.00 | SL: 7145.75 | TP: 7167.25 [10cts]
     Reason: Grid Long (moderate_bullish, RSI: 33.3)
     ⏳ Order 146 PENDING - awaiting fill confirmation
  💰 Daily P&L: $-4,000.00
  📤 Stop SELL 10 @ 7145.75 submitted (ID: 147)
  📋 Order 147 status: PreSubmitted
  📤 Limit SELL 10 @ 7165.75 submitted (ID: 148)
  📋 Order 148 status: Submitted
  ✅ FILL CONFIRMED: LONG @ 7153.75 (order 146)
     📊 Bracket placed: SL #147 @ 7145.75 | TP #148 @ 7165.75
     Trail activates @ +6.0 pts

[2026-04-22 10:47] O:7154.25 H:7155.75 L:7153.50 C:7155.00 V:1620.0
  📈 Trend: moderate_bullish
  🗺️  Grid: 0.080% | 🔺 7155.00 🔻 7152.25
  📡 RSI: 35.3 | MACD: -1.34 | ATR: 2.59
  📊 Filled: 1 | Pending: 0
  📍 LONG @ 7153.75 | SL: 7145.75 | TP: 7165.75 | P&L: $+625.00 | +6.0 to trail
  💰 Daily P&L: $-4,000.00

[2026-04-22 10:48] O:7155.25 H:7157.50 L:7155.25 C:7157.00 V:2323.0
  📈 Trend: moderate_bullish (raw: strong_bearish)
  🗺️  Grid: 0.080% | 🔺 7155.75 🔻 7153.50
  📡 RSI: 42.1 | MACD: -1.11 | ATR: 2.61
  📊 Filled: 1 | Pending: 0
  📍 LONG @ 7153.75 | SL: 7145.75 | TP: 7165.75 | P&L: $+1,625.00 | +4.0 to trail
  💰 Daily P&L: $-4,000.00

[2026-04-22 10:49] O:7157.00 H:7158.00 L:7156.00 C:7156.25 V:1551.0
  📈 Trend: strong_bearish
  🗺️  Grid: 0.080% | 🔺 7157.50 🔻 7155.25
  📡 RSI: 45.1 | MACD: -0.98 | ATR: 2.48
  📊 Filled: 1 | Pending: 0
  📍 LONG @ 7153.75 | SL: 7145.75 | TP: 7165.75 | P&L: $+1,250.00 | +2.2 to trail
  💰 Daily P&L: $-4,000.00

[2026-04-22 10:50] O:7156.25 H:7156.75 L:7154.25 C:7155.00 V:1654.0
  📈 Trend: strong_bearish
  🗺️  Grid: 0.080% | 🔺 7158.00 🔻 7156.00
  📡 RSI: 43.2 | MACD: -0.96 | ATR: 2.48
  📊 Filled: 1 | Pending: 0
  📍 LONG @ 7153.75 | SL: 7145.75 | TP: 7165.75 | P&L: $+625.00 | +1.8 to trail
  💰 Daily P&L: $-4,000.00

[2026-04-22 10:51] O:7155.00 H:7155.50 L:7153.75 C:7155.25 V:1170.0
  📈 Trend: strong_bearish (raw: moderate_bearish)
  🗺️  Grid: 0.080% | 🔺 7156.75 🔻 7154.25
  📡 RSI: 39.1 | MACD: -0.92 | ATR: 2.45
  📊 Filled: 1 | Pending: 0
  📍 LONG @ 7153.75 | SL: 7145.75 | TP: 7165.75 | P&L: $+750.00 | +1.8 to trail
  💰 Daily P&L: $-4,000.00

[2026-04-22 10:52] O:7155.00 H:7155.25 L:7153.25 C:7153.75 V:1377.0
  📈 Trend: strong_bearish
  🗺️  Grid: 0.080% | 🔺 7155.50 🔻 7153.75
  📡 RSI: 40.3 | MACD: -1.00 | ATR: 2.29
  📊 Filled: 1 | Pending: 0
  📍 LONG @ 7153.75 | SL: 7145.75 | TP: 7165.75 | P&L: $+0.00 | +1.8 to trail
  💰 Daily P&L: $-4,000.00

[2026-04-22 10:53] O:7153.75 H:7156.00 L:7153.50 C:7155.50 V:1605.0
  📈 Trend: strong_bearish (raw: moderate_bearish)
  🗺️  Grid: 0.080% | 🔺 7155.25 🔻 7153.25
  📡 RSI: 47.2 | MACD: -0.90 | ATR: 2.38
  📊 Filled: 1 | Pending: 0
  📍 LONG @ 7153.75 | SL: 7145.75 | TP: 7165.75 | P&L: $+875.00 | +1.8 to trail
  💰 Daily P&L: $-4,000.00

[2026-04-22 10:54] O:7155.75 H:7155.75 L:7153.75 C:7155.25 V:1946.0
  📈 Trend: moderate_bearish
  🗺️  Grid: 0.080% | 🔺 7156.00 🔻 7153.50
  📡 RSI: 44.3 | MACD: -0.84 | ATR: 2.36
  📊 Filled: 1 | Pending: 0
  📍 LONG @ 7153.75 | SL: 7145.75 | TP: 7165.75 | P&L: $+750.00 | +1.8 to trail
  💰 Daily P&L: $-4,000.00

[2026-04-22 10:55] O:7155.50 H:7158.25 L:7155.50 C:7157.50 V:2230.0
  📈 Trend: moderate_bearish
  🗺️  Grid: 0.080% | 🔺 7155.75 🔻 7153.75
  📡 RSI: 50.0 | MACD: -0.61 | ATR: 2.46
  📊 Filled: 1 | Pending: 0
  📍 LONG @ 7153.75 | SL: 7145.75 | TP: 7165.75 | P&L: $+1,875.00 | +1.8 to trail
  💰 Daily P&L: $-4,000.00

[2026-04-22 10:56] O:7157.50 H:7159.25 L:7157.50 C:7159.00 V:2062.0
  📈 Trend: moderate_bearish
  🗺️  Grid: 0.080% | 🔺 7158.25 🔻 7155.50
  📡 RSI: 60.0 | MACD: -0.29 | ATR: 2.34
  📊 Filled: 1 | Pending: 0
  📍 LONG @ 7153.75 | SL: 7145.75 | TP: 7165.75 | P&L: $+2,625.00 | +1.5 to trail
  💰 Daily P&L: $-4,000.00

[2026-04-22 10:57] O:7159.00 H:7159.00 L:7157.00 C:7157.25 V:1481.0
  📈 Trend: moderate_bearish (raw: moderate_bullish)
  🗺️  Grid: 0.080% | 🔺 7159.25 🔻 7157.50
  📡 RSI: 60.0 | MACD: -0.18 | ATR: 2.29
  📊 Filled: 1 | Pending: 0
  📍 LONG @ 7153.75 | SL: 7145.75 | TP: 7165.75 | P&L: $+1,750.00 | +0.5 to trail
  💰 Daily P&L: $-4,000.00

[2026-04-22 10:58] O:7157.00 H:7157.00 L:7155.25 C:7155.25 V:1307.0
  📈 Trend: moderate_bearish
  🗺️  Grid: 0.080% | 🔺 7159.00 🔻 7157.00
  📡 RSI: 60.0 | MACD: -0.26 | ATR: 2.27
  📊 Filled: 1 | Pending: 0
  📍 LONG @ 7153.75 | SL: 7145.75 | TP: 7165.75 | P&L: $+750.00 | +0.5 to trail
  💰 Daily P&L: $-4,000.00

[2026-04-22 10:59] O:7155.25 H:7155.50 L:7154.50 C:7154.75 V:1421.0
  📈 Trend: moderate_bearish
  🗺️  Grid: 0.080% | 🔺 7157.00 🔻 7155.25
  📡 RSI: 56.2 | MACD: -0.35 | ATR: 2.14
  📊 Filled: 1 | Pending: 0
  📍 LONG @ 7153.75 | SL: 7145.75 | TP: 7165.75 | P&L: $+500.00 | +0.5 to trail
  💰 Daily P&L: $-4,000.00

[2026-04-22 11:00] O:7155.00 H:7158.00 L:7154.50 C:7155.25 V:4787.0
  📈 Trend: moderate_bearish
  🗺️  Grid: 0.080% | 🔺 7155.50 🔻 7154.50
  📡 RSI: 52.9 | MACD: -0.38 | ATR: 2.20
  📊 Filled: 1 | Pending: 0
  📍 LONG @ 7153.75 | SL: 7145.75 | TP: 7165.75 | P&L: $+750.00 | +0.5 to trail
  💰 Daily P&L: $-4,000.00

[2026-04-22 11:01] O:7155.00 H:7155.00 L:7152.50 C:7153.25 V:2313.0
  📈 Trend: moderate_bearish (raw: strong_bearish)
  🗺️  Grid: 0.080% | 🔺 7158.00 🔻 7154.50
  📡 RSI: 45.2 | MACD: -0.56 | ATR: 2.23
  📊 Filled: 1 | Pending: 0
  📍 LONG @ 7153.75 | SL: 7145.75 | TP: 7165.75 | P&L: $-250.00 | +0.5 to trail
  💰 Daily P&L: $-4,000.00

[2026-04-22 11:02] O:7153.25 H:7155.00 L:7152.50 C:7155.00 V:1535.0
  📈 Trend: moderate_bearish (raw: moderate_bullish)
  🗺️  Grid: 0.080% | 🔺 7155.00 🔻 7152.50
  📡 RSI: 44.4 | MACD: -0.55 | ATR: 2.23
  📊 Filled: 1 | Pending: 0
  📍 LONG @ 7153.75 | SL: 7145.75 | TP: 7165.75 | P&L: $+625.00 | +0.5 to trail
  💰 Daily P&L: $-4,000.00

[2026-04-22 11:03] O:7155.00 H:7156.50 L:7154.50 C:7155.75 V:1408.0
  📈 Trend: moderate_bullish
  🗺️  Grid: 0.080% | 🔺 7155.00 🔻 7152.50
  📡 RSI: 48.6 | MACD: -0.48 | ATR: 2.23
  📊 Filled: 1 | Pending: 0
  📍 LONG @ 7153.75 | SL: 7145.75 | TP: 7165.75 | P&L: $+1,000.00 | +0.5 to trail
  💰 Daily P&L: $-4,000.00

[2026-04-22 11:04] O:7155.75 H:7158.00 L:7155.50 C:7157.75 V:1433.0
  📈 Trend: moderate_bullish
  🗺️  Grid: 0.080% | 🔺 7156.50 🔻 7154.50
  📡 RSI: 57.3 | MACD: -0.26 | ATR: 2.23
  📊 Filled: 1 | Pending: 0
  📍 LONG @ 7153.75 | SL: 7145.75 | TP: 7165.75 | P&L: $+2,000.00 | +0.5 to trail
  💰 Daily P&L: $-4,000.00

[2026-04-22 11:05] O:7157.50 H:7159.25 L:7157.25 C:7159.00 V:1515.0
  📈 Trend: moderate_bullish (raw: strong_bullish)
  🗺️  Grid: 0.080% | 🔺 7158.00 🔻 7155.50
  📡 RSI: 59.5 | MACD: 0.02 | ATR: 2.25
  📊 Filled: 1 | Pending: 0
  📍 LONG @ 7153.75 | SL: 7145.75 | TP: 7165.75 | P&L: $+2,625.00 | +0.5 to trail
  💰 Daily P&L: $-4,000.00

[2026-04-22 11:06] O:7159.00 H:7160.25 L:7158.25 C:7158.75 V:2522.0
  📈 Trend: strong_bullish
  🗺️  Grid: 0.080% | 🔺 7159.25 🔻 7157.25
  📡 RSI: 63.5 | MACD: 0.21 | ATR: 2.25
  📊 Filled: 1 | Pending: 0
  📍 LONG @ 7153.75 | SL: 7145.75 | TP: 7165.75 | P&L: $+2,500.00 | +0.5 to trail
  ✏️ Stop order 147 modified → 7158.75 [confirmed]
  🔄 TRAILING ACTIVATED @ +6.50pts | Stop: 7145.75 → 7158.75
  💰 Daily P&L: $-4,000.00
  ✅ Fill: SLD 9.0 @ 7158.5
  📋 Order 147 status: PreSubmitted
  📋 Order 147 status: Submitted
  ✅ Fill: SLD 1.0 @ 7151.5
  📋 Order 147 status: Filled

[2026-04-22 11:07] O:7159.00 H:7159.00 L:7157.00 C:7157.75 V:1384.0
  📈 Trend: strong_bullish
  🗺️  Grid: 0.080% | 🔺 7160.25 🔻 7158.25
  📡 RSI: 56.3 | MACD: 0.28 | ATR: 2.21
  📊 Filled: 1 | Pending: 0
  📍 LONG @ 7153.75 | Trail: 7158.75 | TP: 7165.75 | P&L: $+2,000.00 | 🔒 Trailing
  📋 Order 148 status: PendingCancel
  📋 Order 148 status: Cancelled
  ❌ EXIT LONG @ 7151.50 | Trailing Stop
     P&L: -2.25 pts ($-1,125.00) | Daily: $-5,125.00
  ⏸️ Cooldown: 2 bar(s) remaining after exit
  💰 Daily P&L: $-5,125.00

[2026-04-22 11:08] O:7157.50 H:7158.00 L:7156.75 C:7157.25 V:1350.0
  📈 Trend: strong_bullish
  🗺️  Grid: 0.080% | 🔺 7159.00 🔻 7157.00
  📡 RSI: 55.6 | MACD: 0.30 | ATR: 2.16
  📊 Filled: 0 | Pending: 0
  ⏸️ Cooldown: 1 bar(s) remaining after exit
  💰 Daily P&L: $-5,125.00

[2026-04-22 11:09] O:7157.25 H:7158.75 L:7157.25 C:7158.25 V:1153.0
  📈 Trend: strong_bullish
  🗺️  Grid: 0.080% | 🔺 7158.00 🔻 7156.75
  📡 RSI: 52.2 | MACD: 0.38 | ATR: 2.05
  📊 Filled: 0 | Pending: 0
  💰 Daily P&L: $-5,125.00

[2026-04-22 11:10] O:7158.25 H:7159.00 L:7156.75 C:7157.00 V:1186.0
  📈 Trend: strong_bullish
  🗺️  Grid: 0.080% | 🔺 7158.75 🔻 7157.25
  📡 RSI: 43.9 | MACD: 0.35 | ATR: 2.09
  📊 Filled: 0 | Pending: 0
  💰 Daily P&L: $-5,125.00

[2026-04-22 11:11] O:7156.75 H:7157.25 L:7155.00 C:7155.75 V:1588.0
  📈 Trend: strong_bullish
  🗺️  Grid: 0.080% | 🔺 7159.00 🔻 7156.75
  📡 RSI: 45.3 | MACD: 0.21 | ATR: 2.11
  📊 Filled: 0 | Pending: 0
  💰 Daily P&L: $-5,125.00

[2026-04-22 11:12] O:7156.00 H:7156.50 L:7154.50 C:7156.50 V:897.0
  📈 Trend: strong_bullish
  🗺️  Grid: 0.080% | 🔺 7157.25 🔻 7155.00
  📡 RSI: 54.2 | MACD: 0.17 | ATR: 2.11
  📊 Filled: 0 | Pending: 0
  💰 Daily P&L: $-5,125.00

[2026-04-22 11:13] O:7156.25 H:7157.50 L:7155.00 C:7157.00 V:1214.0
  📈 Trend: strong_bullish
  🗺️  Grid: 0.080% | 🔺 7156.50 🔻 7154.50
  📡 RSI: 57.6 | MACD: 0.17 | ATR: 2.21
  📊 Filled: 0 | Pending: 0
  💰 Daily P&L: $-5,125.00

[2026-04-22 11:14] O:7157.00 H:7158.25 L:7156.50 C:7157.75 V:764.0
  📈 Trend: strong_bullish
  🗺️  Grid: 0.080% | 🔺 7157.50 🔻 7155.00
  📡 RSI: 58.3 | MACD: 0.23 | ATR: 2.09
  📊 Filled: 0 | Pending: 0
  💰 Daily P&L: $-5,125.00

[2026-04-22 11:15] O:7158.00 H:7159.00 L:7157.75 C:7158.25 V:1007.0
  📈 Trend: strong_bullish (raw: moderate_bullish)
  🗺️  Grid: 0.080% | 🔺 7158.25 🔻 7156.50
  📡 RSI: 68.5 | MACD: 0.31 | ATR: 1.98
  📊 Filled: 0 | Pending: 0
  💰 Daily P&L: $-5,125.00

[2026-04-22 11:16] O:7158.25 H:7158.50 L:7156.00 C:7156.25 V:985.0
  📈 Trend: moderate_bullish
  🗺️  Grid: 0.080% | 🔺 7159.00 🔻 7157.75
  📡 RSI: 54.5 | MACD: 0.21 | ATR: 1.98
  📊 Filled: 0 | Pending: 0
  💰 Daily P&L: $-5,125.00

[2026-04-22 11:17] O:7156.50 H:7157.75 L:7156.25 C:7157.25 V:784.0
  📈 Trend: moderate_bullish (raw: strong_bullish)
  🗺️  Grid: 0.080% | 🔺 7158.50 🔻 7156.00
  📡 RSI: 55.4 | MACD: 0.22 | ATR: 1.95
  📊 Filled: 0 | Pending: 0
  💰 Daily P&L: $-5,125.00

[2026-04-22 11:18] O:7157.50 H:7157.75 L:7155.00 C:7155.50 V:1072.0
  📈 Trend: moderate_bullish
  🗺️  Grid: 0.080% | 🔺 7157.75 🔻 7156.25
  📡 RSI: 41.8 | MACD: 0.07 | ATR: 1.96
  📊 Filled: 0 | Pending: 0
  💰 Daily P&L: $-5,125.00

[2026-04-22 11:19] O:7155.50 H:7155.50 L:7152.50 C:7152.75 V:1591.0
  📈 Trend: moderate_bullish (raw: strong_bearish)
  🗺️  Grid: 0.080% | 🔺 7157.75 🔻 7155.00
  📡 RSI: 29.5 | MACD: -0.26 | ATR: 2.04
  📊 Filled: 0 | Pending: 0
  💰 Daily P&L: $-5,125.00

[2026-04-22 11:20] O:7152.75 H:7155.00 L:7152.25 C:7154.25 V:1836.0
  📈 Trend: moderate_bullish (raw: strong_bullish)
  🗺️  Grid: 0.080% | 🔺 7155.50 🔻 7152.50
  📡 RSI: 36.4 | MACD: -0.39 | ATR: 2.09
  📊 Filled: 0 | Pending: 0
  💰 Daily P&L: $-5,125.00

[2026-04-22 11:21] O:7154.25 H:7156.75 L:7154.25 C:7155.75 V:1449.0
  📈 Trend: strong_bullish
  🗺️  Grid: 0.080% | 🔺 7155.00 🔻 7152.25
  📡 RSI: 44.1 | MACD: -0.38 | ATR: 2.12
  📊 Filled: 0 | Pending: 0
  📤 Limit BUY 10 @ 7155.75 submitted (ID: 149)
  📋 Order 149 status: PreSubmitted
  ✅ Fill: BOT 10.0 @ 7155.75
  📋 Order 149 status: Filled
  ⬆️ LONG ORDER @ 7155.75 | Size: 1.00 | SL: 7147.25 | TP: 7168.75 [10cts]
     Reason: Grid Long (strong_bullish, RSI: 44.1)
     ⏳ Order 149 PENDING - awaiting fill confirmation
  💰 Daily P&L: $-5,125.00
  📤 Stop SELL 10 @ 7147.75 submitted (ID: 150)
  📋 Order 150 status: PreSubmitted
  📤 Limit SELL 10 @ 7167.75 submitted (ID: 151)
  📋 Order 151 status: Submitted
  ✅ FILL CONFIRMED: LONG @ 7155.75 (order 149)
     📊 Bracket placed: SL #150 @ 7147.75 | TP #151 @ 7167.75
     Trail activates @ +6.0 pts

[2026-04-22 11:22] O:7155.75 H:7156.00 L:7155.00 C:7155.50 V:934.0
  📈 Trend: strong_bullish (raw: moderate_bullish)
  🗺️  Grid: 0.080% | 🔺 7156.75 🔻 7154.25
  📡 RSI: 44.8 | MACD: -0.38 | ATR: 2.11
  📊 Filled: 1 | Pending: 0
  📍 LONG @ 7155.75 | SL: 7147.75 | TP: 7167.75 | P&L: $-125.00 | +6.0 to trail
  💰 Daily P&L: $-5,125.00

[2026-04-22 11:23] O:7155.50 H:7156.50 L:7154.75 C:7155.75 V:867.0
  📈 Trend: moderate_bullish
  🗺️  Grid: 0.080% | 🔺 7156.00 🔻 7155.00
  📡 RSI: 42.2 | MACD: -0.36 | ATR: 2.12
  📊 Filled: 1 | Pending: 0
  📍 LONG @ 7155.75 | SL: 7147.75 | TP: 7167.75 | P&L: $+0.00 | +5.8 to trail
  💰 Daily P&L: $-5,125.00

[2026-04-22 11:24] O:7155.75 H:7156.50 L:7153.75 C:7154.00 V:977.0
  📈 Trend: moderate_bullish
  🗺️  Grid: 0.080% | 🔺 7156.50 🔻 7154.75
  📡 RSI: 40.9 | MACD: -0.47 | ATR: 2.16
  📊 Filled: 1 | Pending: 0
  📍 LONG @ 7155.75 | SL: 7147.75 | TP: 7167.75 | P&L: $-875.00 | +5.2 to trail
  💰 Daily P&L: $-5,125.00

[2026-04-22 11:25] O:7154.00 H:7154.25 L:7153.00 C:7153.00 V:1008.0
  📈 Trend: moderate_bullish
  🗺️  Grid: 0.080% | 🔺 7156.50 🔻 7153.75
  📡 RSI: 41.5 | MACD: -0.64 | ATR: 2.09
  📊 Filled: 1 | Pending: 0
  📍 LONG @ 7155.75 | SL: 7147.75 | TP: 7167.75 | P&L: $-1,375.00 | +5.2 to trail
  💰 Daily P&L: $-5,125.00

[2026-04-22 11:26] O:7153.25 H:7153.50 L:7152.25 C:7152.75 V:1239.0
  📈 Trend: moderate_bullish
  🗺️  Grid: 0.080% | 🔺 7154.25 🔻 7153.00
  📡 RSI: 38.1 | MACD: -0.78 | ATR: 2.04
  📊 Filled: 1 | Pending: 0
  📍 LONG @ 7155.75 | SL: 7147.75 | TP: 7167.75 | P&L: $-1,500.00 | +5.2 to trail
  💰 Daily P&L: $-5,125.00

[2026-04-22 11:27] O:7153.00 H:7154.25 L:7152.50 C:7153.00 V:1065.0
  📈 Trend: moderate_bullish (raw: strong_bearish)
  🗺️  Grid: 0.080% | 🔺 7153.50 🔻 7152.25
  📡 RSI: 37.1 | MACD: -0.87 | ATR: 1.98
  📊 Filled: 1 | Pending: 0
  📍 LONG @ 7155.75 | SL: 7147.75 | TP: 7167.75 | P&L: $-1,375.00 | +5.2 to trail
  💰 Daily P&L: $-5,125.00

[2026-04-22 11:28] O:7153.25 H:7153.75 L:7152.50 C:7152.50 V:1008.0
  📈 Trend: strong_bearish
  🗺️  Grid: 0.080% | 🔺 7154.25 🔻 7152.50
  📡 RSI: 32.8 | MACD: -0.96 | ATR: 1.95
  📊 Filled: 1 | Pending: 0
  📍 LONG @ 7155.75 | SL: 7147.75 | TP: 7167.75 | P&L: $-1,625.00 | +5.2 to trail
  💰 Daily P&L: $-5,125.00

[2026-04-22 11:29] O:7152.50 H:7152.75 L:7148.75 C:7150.00 V:3540.0
  📈 Trend: strong_bearish
  🗺️  Grid: 0.080% | 🔺 7153.75 🔻 7152.50
  📡 RSI: 26.1 | MACD: -1.23 | ATR: 2.14
  📊 Filled: 1 | Pending: 0
  📍 LONG @ 7155.75 | SL: 7147.75 | TP: 7167.75 | P&L: $-2,875.00 | +5.2 to trail
  💰 Daily P&L: $-5,125.00
  ✅ Fill: SLD 10.0 @ 7148.0
  📋 Order 150 status: Filled
→ Real-time bars cancelled
  ❌ Cancelling 1 open orders...
  📋 Order 151 status: PendingCancel
  ❌ Cancel request sent for order 151
✓ Disconnected from IBKR
