Logging to: es_bot_20260424_135439.log

============================================================
📈 MODE: SCALP
   • 10 contract(s) max
   • Grid entries only
   • Trailing stop enabled
   • SL: ~8 pts | TP: ~12 pts | Trail activates: +6 pts
   • Best for: Normal sessions, choppy/ranging opens
============================================================
✓ Connected to IBKR (paper) - clientId=10
✓ Front-month contract: ESM6 expiry=20260618

============================================================
Loading historical data for indicator warm-up...
============================================================
→ Fetching historical bars (1 D, 1 min)...
✓ Loaded 1195 historical bars

Processing 1195 historical bars...

Indicators ready!
  Bars loaded: 1195
  Last price: 7194.00
  Trend: strong_bullish
  RSI: 73.3
  ATR: 1.64
  MACD: 1.11 / Signal: 0.83
  MA: 7190.21 / 7188.44 / 7182.99

------------------------------------------------------------
Account Value: $1,062,442.56
Buying Power: $4,238,016.02
Current Position: 0 contracts
------------------------------------------------------------

============================================================
Starting live 1-minute bar stream...
Strategy is now ACTIVE (SCALP mode)
============================================================

→ Subscribed to 5-second real-time bars (aggregating to 1 min)

[2026-04-24 12:54] O:7194.00 H:7200.50 L:7193.25 C:7194.50 V:11144.0
  📈 Trend: sideways (raw: strong_bullish)
  🗺️  Grid: 0.080% | 🔺 7194.00 🔻 7191.75
  📡 RSI: 71.4 | MACD: 1.31 | ATR: 1.96
  📊 Filled: 0 | Pending: 0
  💰 Daily P&L: $+0.00

[2026-04-24 12:55] O:7194.50 H:7196.00 L:7192.75 C:7192.75 V:3323.0
  📈 Trend: strong_bullish
  🗺️  Grid: 0.080% | 🔺 7200.50 🔻 7193.25
  📡 RSI: 62.5 | MACD: 1.32 | ATR: 2.11
  📊 Filled: 0 | Pending: 0
  💰 Daily P&L: $+0.00

[2026-04-24 12:56] O:7193.00 H:7194.50 L:7193.00 C:7193.00 V:1664.0
  📈 Trend: strong_bullish
  🗺️  Grid: 0.080% | 🔺 7196.00 🔻 7192.75
  📡 RSI: 63.3 | MACD: 1.32 | ATR: 2.16
  📊 Filled: 0 | Pending: 0
  💰 Daily P&L: $+0.00

[2026-04-24 12:57] O:7193.00 H:7193.75 L:7191.75 C:7192.00 V:1397.0
  📈 Trend: strong_bullish
  🗺️  Grid: 0.080% | 🔺 7194.50 🔻 7193.00
  📡 RSI: 54.2 | MACD: 1.24 | ATR: 2.18
  📊 Filled: 0 | Pending: 0
  💰 Daily P&L: $+0.00

[2026-04-24 12:58] O:7192.00 H:7193.25 L:7191.75 C:7192.50 V:1014.0
  📈 Trend: strong_bullish
  🗺️  Grid: 0.080% | 🔺 7193.75 🔻 7191.75
  📡 RSI: 58.3 | MACD: 1.19 | ATR: 2.18
  📊 Filled: 0 | Pending: 0
  💰 Daily P&L: $+0.00

[2026-04-24 12:59] O:7192.50 H:7193.00 L:7191.75 C:7192.25 V:1194.0
  📈 Trend: strong_bullish
  🗺️  Grid: 0.080% | 🔺 7193.25 🔻 7191.75
  📡 RSI: 56.2 | MACD: 1.12 | ATR: 2.16
  📊 Filled: 0 | Pending: 0
  💰 Daily P&L: $+0.00

[2026-04-24 13:00] O:7192.25 H:7192.75 L:7190.50 C:7190.75 V:1717.0
  📈 Trend: strong_bullish
  🗺️  Grid: 0.080% | 🔺 7193.00 🔻 7191.75
  📡 RSI: 50.0 | MACD: 0.94 | ATR: 2.25
  📊 Filled: 0 | Pending: 0
  💰 Daily P&L: $+0.00

[2026-04-24 13:01] O:7190.50 H:7192.75 L:7190.50 C:7192.75 V:1566.0
  📈 Trend: strong_bullish
  🗺️  Grid: 0.080% | 🔺 7192.75 🔻 7190.50
  📡 RSI: 55.7 | MACD: 0.94 | ATR: 2.30
  📊 Filled: 0 | Pending: 0
  💰 Daily P&L: $+0.00

[2026-04-24 13:02] O:7192.75 H:7193.50 L:7191.75 C:7192.75 V:1015.0
  📈 Trend: strong_bullish
  🗺️  Grid: 0.080% | 🔺 7192.75 🔻 7190.50
  📡 RSI: 61.8 | MACD: 0.93 | ATR: 2.30
  📊 Filled: 0 | Pending: 0
  💰 Daily P&L: $+0.00

[2026-04-24 13:03] O:7192.50 H:7193.00 L:7191.00 C:7191.50 V:917.0
  📈 Trend: strong_bullish
  🗺️  Grid: 0.080% | 🔺 7193.50 🔻 7191.75
  📡 RSI: 52.7 | MACD: 0.82 | ATR: 2.34
  📊 Filled: 0 | Pending: 0
  💰 Daily P&L: $+0.00

[2026-04-24 13:04] O:7191.50 H:7192.25 L:7190.75 C:7191.50 V:1012.0
  📈 Trend: strong_bullish
  🗺️  Grid: 0.080% | 🔺 7193.00 🔻 7191.00
  📡 RSI: 55.8 | MACD: 0.72 | ATR: 2.34
  📊 Filled: 0 | Pending: 0
  💰 Daily P&L: $+0.00

[2026-04-24 13:05] O:7191.25 H:7191.50 L:7188.00 C:7188.75 V:2465.0
  📈 Trend: strong_bullish (raw: moderate_bullish)
  🗺️  Grid: 0.080% | 🔺 7192.25 🔻 7190.75
  📡 RSI: 43.3 | MACD: 0.41 | ATR: 2.45
  📊 Filled: 0 | Pending: 0
  💰 Daily P&L: $+0.00

[2026-04-24 13:06] O:7188.75 H:7190.00 L:7188.50 C:7189.50 V:1530.0
  📈 Trend: moderate_bullish
  🗺️  Grid: 0.080% | 🔺 7191.50 🔻 7188.00
  📡 RSI: 41.4 | MACD: 0.23 | ATR: 2.43
  📊 Filled: 0 | Pending: 0
  💰 Daily P&L: $+0.00

[2026-04-24 13:07] O:7189.50 H:7191.50 L:7189.25 C:7191.25 V:1483.0
  📈 Trend: moderate_bullish (raw: strong_bullish)
  🗺️  Grid: 0.080% | 🔺 7190.00 🔻 7188.50
  📡 RSI: 40.4 | MACD: 0.22 | ATR: 2.43
  📊 Filled: 0 | Pending: 0
  📤 Limit BUY 10 @ 7191.25 submitted (ID: 179)
  📋 Order 179 status: Submitted
  ⬆️ LONG ORDER @ 7191.25 | Size: 1.00 | SL: 7182.50 | TP: 7204.25 [10cts]
     Reason: Grid Long (moderate_bullish, RSI: 40.4)
     ⏳ Order 179 PENDING - awaiting fill confirmation
  💰 Daily P&L: $+0.00

[2026-04-24 13:08] O:7191.25 H:7193.50 L:7191.25 C:7192.75 V:2147.0
  📈 Trend: strong_bullish
  🗺️  Grid: 0.080% | 🔺 7191.50 🔻 7189.25
  📡 RSI: 44.3 | MACD: 0.33 | ATR: 2.07
  📊 Filled: 0 | Pending: 1
     ⏳ PENDING LONG @ 7191.25 (order 179, 60s)
  💰 Daily P&L: $+0.00
  ⏰ Order 179 timed out after 120s - cancelling
  📋 Order 179 status: PendingCancel

[2026-04-24 13:09] O:7192.75 H:7192.75 L:7191.50 C:7192.00 V:764.0
  📈 Trend: strong_bullish
  🗺️  Grid: 0.080% | 🔺 7193.50 🔻 7191.25
  📡 RSI: 47.4 | MACD: 0.35 | ATR: 1.93
  📊 Filled: 0 | Pending: 0
  💰 Daily P&L: $+0.00
  📋 Order 179 status: Cancelled

[2026-04-24 13:10] O:7192.00 H:7192.75 L:7191.50 C:7192.00 V:1285.0
  📈 Trend: strong_bullish
  🗺️  Grid: 0.080% | 🔺 7192.75 🔻 7191.50
  📡 RSI: 46.4 | MACD: 0.37 | ATR: 1.89
  📊 Filled: 0 | Pending: 0
  💰 Daily P&L: $+0.00

[2026-04-24 13:11] O:7191.75 H:7192.25 L:7190.50 C:7190.75 V:901.0
  📈 Trend: strong_bullish (raw: moderate_bullish)
  🗺️  Grid: 0.080% | 🔺 7192.75 🔻 7191.50
  📡 RSI: 45.6 | MACD: 0.27 | ATR: 1.88
  📊 Filled: 0 | Pending: 0
  💰 Daily P&L: $+0.00

[2026-04-24 13:12] O:7190.75 H:7191.50 L:7189.50 C:7189.75 V:1197.0
  📈 Trend: moderate_bullish
  🗺️  Grid: 0.080% | 🔺 7192.25 🔻 7190.50
  📡 RSI: 40.7 | MACD: 0.12 | ATR: 1.91
  📊 Filled: 0 | Pending: 0
  💰 Daily P&L: $+0.00

[2026-04-24 13:13] O:7190.00 H:7191.25 L:7189.00 C:7189.25 V:1586.0
  📈 Trend: moderate_bullish
  🗺️  Grid: 0.080% | 🔺 7191.50 🔻 7189.50
  📡 RSI: 40.0 | MACD: -0.04 | ATR: 1.98
  📊 Filled: 0 | Pending: 0
  💰 Daily P&L: $+0.00

[2026-04-24 13:14] O:7189.25 H:7190.75 L:7189.00 C:7190.50 V:1283.0
  📈 Trend: moderate_bullish
  🗺️  Grid: 0.080% | 🔺 7191.25 🔻 7189.00
  📡 RSI: 49.2 | MACD: -0.07 | ATR: 1.95
  📊 Filled: 0 | Pending: 0
  💰 Daily P&L: $+0.00

[2026-04-24 13:15] O:7190.75 H:7191.75 L:7189.75 C:7189.75 V:1494.0
  📈 Trend: moderate_bullish
  🗺️  Grid: 0.080% | 🔺 7190.75 🔻 7189.00
  📡 RSI: 38.9 | MACD: -0.15 | ATR: 1.93
  📊 Filled: 0 | Pending: 0
  💰 Daily P&L: $+0.00

[2026-04-24 13:16] O:7190.00 H:7190.50 L:7187.25 C:7188.25 V:3291.0
  📈 Trend: moderate_bullish
  🗺️  Grid: 0.080% | 🔺 7191.75 🔻 7189.75
  📡 RSI: 35.0 | MACD: -0.33 | ATR: 2.04
  📊 Filled: 0 | Pending: 0
  💰 Daily P&L: $+0.00

[2026-04-24 13:17] O:7188.00 H:7188.50 L:7186.75 C:7186.75 V:1425.0
  📈 Trend: moderate_bullish
  🗺️  Grid: 0.080% | 🔺 7190.50 🔻 7187.25
  📡 RSI: 34.4 | MACD: -0.59 | ATR: 2.02
  📊 Filled: 0 | Pending: 0
  💰 Daily P&L: $+0.00

[2026-04-24 13:18] O:7187.00 H:7188.50 L:7186.25 C:7188.25 V:1223.0
  📈 Trend: moderate_bullish
  🗺️  Grid: 0.080% | 🔺 7188.50 🔻 7186.75
  📡 RSI: 40.3 | MACD: -0.67 | ATR: 2.07
  📊 Filled: 0 | Pending: 0
  💰 Daily P&L: $+0.00

[2026-04-24 13:19] O:7188.50 H:7188.50 L:7187.00 C:7187.75 V:971.0
  📈 Trend: moderate_bullish
  🗺️  Grid: 0.080% | 🔺 7188.50 🔻 7186.25
  📡 RSI: 46.6 | MACD: -0.76 | ATR: 1.93
  📊 Filled: 0 | Pending: 0
  💰 Daily P&L: $+0.00

[2026-04-24 13:20] O:7187.75 H:7187.75 L:7186.00 C:7186.00 V:2027.0
  📈 Trend: moderate_bullish (raw: strong_bearish)
  🗺️  Grid: 0.080% | 🔺 7188.50 🔻 7187.00
  📡 RSI: 38.7 | MACD: -0.96 | ATR: 1.95
  📊 Filled: 0 | Pending: 0
  💰 Daily P&L: $+0.00

[2026-04-24 13:21] O:7186.25 H:7188.00 L:7186.00 C:7186.00 V:1974.0
  📈 Trend: strong_bearish
  🗺️  Grid: 0.080% | 🔺 7187.75 🔻 7186.00
  📡 RSI: 30.9 | MACD: -1.11 | ATR: 1.93
  📊 Filled: 0 | Pending: 0
  💰 Daily P&L: $+0.00

[2026-04-24 13:22] O:7186.00 H:7187.00 L:7184.75 C:7185.00 V:1586.0
  📈 Trend: strong_bearish
  🗺️  Grid: 0.080% | 🔺 7188.00 🔻 7186.00
  📡 RSI: 20.8 | MACD: -1.29 | ATR: 1.93
  📊 Filled: 0 | Pending: 0
  💰 Daily P&L: $+0.00

[2026-04-24 13:23] O:7185.25 H:7187.00 L:7185.00 C:7186.75 V:1632.0
  📈 Trend: strong_bearish
  🗺️  Grid: 0.080% | 🔺 7187.00 🔻 7184.75
  📡 RSI: 31.6 | MACD: -1.28 | ATR: 1.98
  📊 Filled: 0 | Pending: 0
  💰 Daily P&L: $+0.00

[2026-04-24 13:24] O:7186.75 H:7188.25 L:7186.50 C:7187.50 V:1211.0
  📈 Trend: strong_bearish
  🗺️  Grid: 0.080% | 🔺 7187.00 🔻 7185.00
  📡 RSI: 35.0 | MACD: -1.20 | ATR: 2.02
  📊 Filled: 0 | Pending: 0
  💰 Daily P&L: $+0.00

[2026-04-24 13:25] O:7187.75 H:7189.00 L:7187.00 C:7188.50 V:1361.0
  📈 Trend: strong_bearish
  🗺️  Grid: 0.080% | 🔺 7188.25 🔻 7186.50
  📡 RSI: 42.4 | MACD: -1.04 | ATR: 2.04
  📊 Filled: 0 | Pending: 0
  💰 Daily P&L: $+0.00

[2026-04-24 13:26] O:7188.50 H:7189.75 L:7188.00 C:7188.75 V:1225.0
  📈 Trend: strong_bearish (raw: moderate_bearish)
  🗺️  Grid: 0.080% | 🔺 7189.00 🔻 7187.00
  📡 RSI: 46.4 | MACD: -0.88 | ATR: 2.02
  📊 Filled: 0 | Pending: 0
  💰 Daily P&L: $+0.00

[2026-04-24 13:27] O:7189.00 H:7189.25 L:7186.75 C:7187.25 V:2751.0
  📈 Trend: moderate_bearish
  🗺️  Grid: 0.080% | 🔺 7189.75 🔻 7188.00
  📡 RSI: 43.3 | MACD: -0.87 | ATR: 2.04
  📊 Filled: 0 | Pending: 0
  💰 Daily P&L: $+0.00

[2026-04-24 13:28] O:7187.25 H:7187.25 L:7185.50 C:7186.00 V:1545.0
  📈 Trend: moderate_bearish (raw: strong_bearish)
  🗺️  Grid: 0.080% | 🔺 7189.25 🔻 7186.75
  📡 RSI: 35.0 | MACD: -0.95 | ATR: 2.04
  📊 Filled: 0 | Pending: 0
  💰 Daily P&L: $+0.00

[2026-04-24 13:29] O:7186.25 H:7186.75 L:7185.25 C:7185.50 V:907.0
  📈 Trend: strong_bearish
  🗺️  Grid: 0.080% | 🔺 7187.25 🔻 7185.50
  📡 RSI: 35.6 | MACD: -1.04 | ATR: 2.00
  📊 Filled: 0 | Pending: 0
  💰 Daily P&L: $+0.00

[2026-04-24 13:30] O:7185.50 H:7187.25 L:7185.25 C:7186.00 V:1732.0
  📈 Trend: strong_bearish
  🗺️  Grid: 0.080% | 🔺 7186.75 🔻 7185.25
  📡 RSI: 41.8 | MACD: -1.06 | ATR: 1.91
  📊 Filled: 0 | Pending: 0
  💰 Daily P&L: $+0.00

[2026-04-24 13:31] O:7186.00 H:7187.75 L:7186.00 C:7187.00 V:1882.0
  📈 Trend: strong_bearish
  🗺️  Grid: 0.080% | 🔺 7187.25 🔻 7185.25
  📡 RSI: 50.9 | MACD: -0.99 | ATR: 1.91
  📊 Filled: 0 | Pending: 0
  💰 Daily P&L: $+0.00

[2026-04-24 13:32] O:7187.00 H:7189.75 L:7186.75 C:7188.50 V:1757.0
  📈 Trend: strong_bearish (raw: moderate_bearish)
  🗺️  Grid: 0.080% | 🔺 7187.75 🔻 7186.00
  📡 RSI: 50.9 | MACD: -0.80 | ATR: 1.96
  📊 Filled: 0 | Pending: 0
  💰 Daily P&L: $+0.00

[2026-04-24 13:33] O:7188.75 H:7189.00 L:7187.75 C:7188.50 V:829.0
  📈 Trend: moderate_bearish
  🗺️  Grid: 0.080% | 🔺 7189.75 🔻 7186.75
  📡 RSI: 52.9 | MACD: -0.64 | ATR: 1.95
  📊 Filled: 0 | Pending: 0
  💰 Daily P&L: $+0.00

[2026-04-24 13:34] O:7188.75 H:7190.00 L:7188.50 C:7189.25 V:1141.0
  📈 Trend: moderate_bearish
  🗺️  Grid: 0.080% | 🔺 7189.00 🔻 7187.75
  📡 RSI: 63.8 | MACD: -0.45 | ATR: 1.93
  📊 Filled: 0 | Pending: 0
  💰 Daily P&L: $+0.00

[2026-04-24 13:35] O:7189.25 H:7190.50 L:7189.25 C:7189.50 V:992.0
  📈 Trend: moderate_bearish (raw: moderate_bullish)
  🗺️  Grid: 0.080% | 🔺 7190.00 🔻 7188.50
  📡 RSI: 64.6 | MACD: -0.27 | ATR: 1.88
  📊 Filled: 0 | Pending: 0
  💰 Daily P&L: $+0.00

[2026-04-24 13:36] O:7189.75 H:7190.25 L:7188.50 C:7190.00 V:2035.0
  📈 Trend: moderate_bullish
  🗺️  Grid: 0.080% | 🔺 7190.50 🔻 7189.25
  📡 RSI: 71.7 | MACD: -0.09 | ATR: 1.84
  📊 Filled: 0 | Pending: 0
  💰 Daily P&L: $+0.00

[2026-04-24 13:37] O:7190.25 H:7190.50 L:7189.50 C:7190.00 V:646.0
  📈 Trend: moderate_bullish (raw: strong_bullish)
  🗺️  Grid: 0.080% | 🔺 7190.25 🔻 7188.50
  📡 RSI: 66.7 | MACD: 0.05 | ATR: 1.77
  📊 Filled: 0 | Pending: 0
  💰 Daily P&L: $+0.00
→ Real-time bars cancelled
✓ Disconnected from IBKR
