Logging to: es_bot_20260415_122006.log

============================================================
📈 MODE: SCALP
   • 10 contract(s) max
   • Grid entries only
   • Trailing stop enabled
   • SL: ~8 pts | TP: ~12 pts | Trail activates: +6 pts
   • Best for: Normal sessions, choppy/ranging opens
============================================================
✓ Connected to IBKR (paper) - clientId=10
✓ Front-month contract: ESM6 expiry=20260618

============================================================
Loading historical data for indicator warm-up...
============================================================
→ Fetching historical bars (1 D, 1 min)...
✓ Loaded 1101 historical bars

Processing 1101 historical bars...

Indicators ready!
  Bars loaded: 1101
  Last price: 7038.75
  Trend: strong_bullish
  RSI: 74.4
  ATR: 1.52
  MACD: 0.96 / Signal: 0.56
  MA: 7035.05 / 7034.47 / 7025.06

------------------------------------------------------------
Account Value: $1,069,073.25
Buying Power: $4,273,370.16
Current Position: 0 contracts
------------------------------------------------------------

============================================================
Starting live 1-minute bar stream...
Strategy is now ACTIVE (SCALP mode)
============================================================

→ Subscribed to 5-second real-time bars (aggregating to 1 min)

[2026-04-15 11:20] O:7038.75 H:7039.75 L:7038.25 C:7039.50 V:2600.0
  📈 Trend: sideways (raw: strong_bullish)
  🗺️  Grid: 0.080% | 🔺 7038.75 🔻 7038.00
  📡 RSI: 73.2 | MACD: 1.14 | ATR: 1.52
  📊 Filled: 0 | Pending: 0
  💰 Daily P&L: $+0.00

[2026-04-15 11:21] O:7039.25 H:7040.00 L:7038.75 C:7039.50 V:2727.0
  📈 Trend: strong_bullish
  🗺️  Grid: 0.080% | 🔺 7039.75 🔻 7038.25
  📡 RSI: 71.1 | MACD: 1.27 | ATR: 1.52
  📊 Filled: 0 | Pending: 0
  💰 Daily P&L: $+0.00

[2026-04-15 11:22] O:7039.50 H:7039.75 L:7038.75 C:7039.25 V:1234.0
  📈 Trend: strong_bullish
  🗺️  Grid: 0.080% | 🔺 7040.00 🔻 7038.75
  📡 RSI: 66.7 | MACD: 1.33 | ATR: 1.45
  📊 Filled: 0 | Pending: 0
  💰 Daily P&L: $+0.00

[2026-04-15 11:23] O:7039.00 H:7040.25 L:7038.75 C:7039.75 V:1827.0
  📈 Trend: strong_bullish
  🗺️  Grid: 0.080% | 🔺 7039.75 🔻 7038.75
  📡 RSI: 78.8 | MACD: 1.41 | ATR: 1.41
  📊 Filled: 0 | Pending: 0
  💰 Daily P&L: $+0.00

[2026-04-15 11:24] O:7039.75 H:7040.25 L:7039.25 C:7039.75 V:1302.0
  📈 Trend: strong_bullish
  🗺️  Grid: 0.080% | 🔺 7040.25 🔻 7038.75
  📡 RSI: 77.4 | MACD: 1.45 | ATR: 1.39
  📊 Filled: 0 | Pending: 0
  💰 Daily P&L: $+0.00

[2026-04-15 11:25] O:7039.75 H:7039.75 L:7036.75 C:7037.25 V:3547.0
  📈 Trend: strong_bullish
  🗺️  Grid: 0.080% | 🔺 7040.25 🔻 7039.25
  📡 RSI: 60.0 | MACD: 1.27 | ATR: 1.48
  📊 Filled: 0 | Pending: 0
  💰 Daily P&L: $+0.00

[2026-04-15 11:26] O:7037.25 H:7038.25 L:7037.00 C:7038.00 V:1328.0
  📈 Trend: strong_bullish
  🗺️  Grid: 0.080% | 🔺 7039.75 🔻 7036.75
  📡 RSI: 59.0 | MACD: 1.17 | ATR: 1.48
  📊 Filled: 0 | Pending: 0
  💰 Daily P&L: $+0.00

[2026-04-15 11:27] O:7037.75 H:7039.00 L:7037.75 C:7038.50 V:1262.0
  📈 Trend: strong_bullish
  🗺️  Grid: 0.080% | 🔺 7038.25 🔻 7037.00
  📡 RSI: 65.8 | MACD: 1.12 | ATR: 1.50
  📊 Filled: 0 | Pending: 0
  💰 Daily P&L: $+0.00

[2026-04-15 11:28] O:7038.50 H:7038.75 L:7037.00 C:7037.50 V:1186.0
  📈 Trend: strong_bullish
  🗺️  Grid: 0.080% | 🔺 7039.00 🔻 7037.75
  📡 RSI: 62.5 | MACD: 0.99 | ATR: 1.50
  📊 Filled: 0 | Pending: 0
  💰 Daily P&L: $+0.00

[2026-04-15 11:29] O:7037.50 H:7037.75 L:7035.50 C:7035.75 V:1756.0
  📈 Trend: strong_bullish
  🗺️  Grid: 0.080% | 🔺 7038.75 🔻 7037.00
  📡 RSI: 50.0 | MACD: 0.74 | ATR: 1.52
  📊 Filled: 0 | Pending: 0
  💰 Daily P&L: $+0.00

[2026-04-15 11:30] O:7035.75 H:7036.75 L:7033.50 C:7034.25 V:3069.0
  📈 Trend: strong_bullish (raw: moderate_bullish)
  🗺️  Grid: 0.080% | 🔺 7037.75 🔻 7035.50
  📡 RSI: 41.7 | MACD: 0.41 | ATR: 1.64
  📊 Filled: 0 | Pending: 0
  💰 Daily P&L: $+0.00

[2026-04-15 11:31] O:7034.00 H:7036.50 L:7033.50 C:7035.75 V:1773.0
  📈 Trend: moderate_bullish
  🗺️  Grid: 0.080% | 🔺 7036.75 🔻 7033.50
  📡 RSI: 41.7 | MACD: 0.27 | ATR: 1.71
  📊 Filled: 0 | Pending: 0
  💰 Daily P&L: $+0.00

[2026-04-15 11:32] O:7035.50 H:7036.00 L:7033.50 C:7034.00 V:1475.0
  📈 Trend: moderate_bullish
  🗺️  Grid: 0.080% | 🔺 7036.50 🔻 7033.50
  📡 RSI: 36.4 | MACD: 0.01 | ATR: 1.82
  📊 Filled: 0 | Pending: 0
  💰 Daily P&L: $+0.00

[2026-04-15 11:33] O:7034.00 H:7035.00 L:7033.25 C:7034.50 V:1245.0
  📈 Trend: moderate_bullish
  🗺️  Grid: 0.080% | 🔺 7036.00 🔻 7033.50
  📡 RSI: 34.0 | MACD: -0.14 | ATR: 1.88
  📊 Filled: 0 | Pending: 0
  💰 Daily P&L: $+0.00

[2026-04-15 11:34] O:7034.50 H:7035.25 L:7033.50 C:7034.75 V:1452.0
  📈 Trend: moderate_bullish
  🗺️  Grid: 0.080% | 🔺 7035.00 🔻 7033.25
  📡 RSI: 31.4 | MACD: -0.25 | ATR: 1.89
  📊 Filled: 0 | Pending: 0
  💰 Daily P&L: $+0.00

[2026-04-15 11:35] O:7034.75 H:7036.25 L:7034.50 C:7035.75 V:1763.0
  📈 Trend: moderate_bullish
  🗺️  Grid: 0.080% | 🔺 7035.25 🔻 7033.50
  📡 RSI: 36.4 | MACD: -0.25 | ATR: 1.93
  📊 Filled: 0 | Pending: 0
  📤 Limit BUY 10 @ 7035.75 submitted (ID: 98)
  ⬆️ LONG ORDER @ 7035.75 | Size: 1.00 | SL: 7027.25 | TP: 7048.50 [10cts]
     Reason: Grid Long (moderate_bullish, RSI: 36.4)
     ⏳ Order 98 PENDING - awaiting fill confirmation
  💰 Daily P&L: $+0.00
  📋 Order 98 status: PreSubmitted
  ✅ Fill: BOT 10.0 @ 7035.75
  📋 Order 98 status: Filled
  📤 Stop SELL 10 @ 7027.75 submitted (ID: 99)
  📋 Order 99 status: PreSubmitted
  📤 Limit SELL 10 @ 7047.75 submitted (ID: 100)
  📋 Order 100 status: Submitted
  ✅ FILL CONFIRMED: LONG @ 7035.75 (order 98)
     📊 Bracket placed: SL #99 @ 7027.75 | TP #100 @ 7047.75
     Trail activates @ +6.0 pts

[2026-04-15 11:36] O:7035.75 H:7036.25 L:7035.00 C:7035.50 V:1330.0
  📈 Trend: moderate_bullish
  🗺️  Grid: 0.080% | 🔺 7036.25 🔻 7034.50
  📡 RSI: 36.4 | MACD: -0.26 | ATR: 1.95
  📊 Filled: 1 | Pending: 0
  📍 LONG @ 7035.75 | SL: 7027.75 | TP: 7047.75 | P&L: $-125.00 | +6.0 to trail
  💰 Daily P&L: $+0.00

[2026-04-15 11:37] O:7035.50 H:7037.25 L:7035.00 C:7036.25 V:1339.0
  📈 Trend: moderate_bullish
  🗺️  Grid: 0.080% | 🔺 7036.25 🔻 7035.00
  📡 RSI: 37.5 | MACD: -0.21 | ATR: 2.00
  📊 Filled: 1 | Pending: 0
  📍 LONG @ 7035.75 | SL: 7027.75 | TP: 7047.75 | P&L: $+250.00 | +5.5 to trail
  💰 Daily P&L: $+0.00

[2026-04-15 11:38] O:7036.25 H:7036.75 L:7035.75 C:7036.25 V:1116.0
  📈 Trend: moderate_bullish
  🗺️  Grid: 0.080% | 🔺 7037.25 🔻 7035.00
  📡 RSI: 37.5 | MACD: -0.17 | ATR: 2.00
  📊 Filled: 1 | Pending: 0
  📍 LONG @ 7035.75 | SL: 7027.75 | TP: 7047.75 | P&L: $+250.00 | +4.5 to trail
  💰 Daily P&L: $+0.00

[2026-04-15 11:39] O:7036.25 H:7036.25 L:7033.50 C:7033.75 V:2366.0
  📈 Trend: moderate_bullish
  🗺️  Grid: 0.080% | 🔺 7036.75 🔻 7035.75
  📡 RSI: 37.5 | MACD: -0.33 | ATR: 1.98
  📊 Filled: 1 | Pending: 0
  📍 LONG @ 7035.75 | SL: 7027.75 | TP: 7047.75 | P&L: $-1,000.00 | +4.5 to trail
  💰 Daily P&L: $+0.00

[2026-04-15 11:40] O:7033.75 H:7033.75 L:7029.50 C:7029.75 V:4870.0
  📈 Trend: moderate_bullish
  🗺️  Grid: 0.080% | 🔺 7036.25 🔻 7033.50
  📡 RSI: 26.1 | MACD: -0.78 | ATR: 2.20
  📊 Filled: 1 | Pending: 0
  📍 LONG @ 7035.75 | SL: 7027.75 | TP: 7047.75 | P&L: $-3,000.00 | +4.5 to trail
  💰 Daily P&L: $+0.00
  ✅ Fill: SLD 10.0 @ 7027.75
  📋 Order 99 status: Filled

[2026-04-15 11:41] O:7029.75 H:7030.25 L:7025.75 C:7026.00 V:6573.0
  📈 Trend: moderate_bullish
  🗺️  Grid: 0.080% | 🔺 7033.75 🔻 7029.50
  📡 RSI: 19.5 | MACD: -1.42 | ATR: 2.43
  📊 Filled: 1 | Pending: 0
  📍 LONG @ 7035.75 | SL: 7027.75 | TP: 7047.75 | P&L: $-4,875.00 | +4.5 to trail
  📋 Order 100 status: PendingCancel
  📋 Order 100 status: Cancelled
  ❌ EXIT LONG @ 7027.75 | Stop Loss
     P&L: -8.00 pts ($-4,000.00) | Daily: $-4,000.00
  ⏸️ Cooldown: 2 bar(s) remaining after exit
  💰 Daily P&L: $-4,000.00

[2026-04-15 11:42] O:7026.00 H:7029.25 L:7025.75 C:7027.25 V:4341.0
  📈 Trend: moderate_bullish
  🗺️  Grid: 0.080% | 🔺 7030.25 🔻 7025.75
  📡 RSI: 25.3 | MACD: -1.80 | ATR: 2.55
  📊 Filled: 0 | Pending: 0
  ⏸️ Cooldown: 1 bar(s) remaining after exit
  💰 Daily P&L: $-4,000.00

[2026-04-15 11:43] O:7027.25 H:7029.00 L:7027.25 C:7028.50 V:2490.0
  📈 Trend: moderate_bullish (raw: strong_bearish)
  🗺️  Grid: 0.080% | 🔺 7029.25 🔻 7025.75
  📡 RSI: 32.1 | MACD: -1.98 | ATR: 2.52
  📊 Filled: 0 | Pending: 0
  💰 Daily P&L: $-4,000.00

[2026-04-15 11:44] O:7028.50 H:7029.25 L:7025.75 C:7026.00 V:3245.0
  📈 Trend: strong_bearish
  🗺️  Grid: 0.080% | 🔺 7029.00 🔻 7027.25
  📡 RSI: 30.6 | MACD: -2.30 | ATR: 2.54
  📊 Filled: 0 | Pending: 0
  💰 Daily P&L: $-4,000.00

[2026-04-15 11:45] O:7026.00 H:7027.00 L:7025.25 C:7026.25 V:3169.0
  📈 Trend: strong_bearish
  🗺️  Grid: 0.080% | 🔺 7029.25 🔻 7025.75
  📡 RSI: 26.2 | MACD: -2.50 | ATR: 2.45
  📊 Filled: 0 | Pending: 0
  💰 Daily P&L: $-4,000.00

[2026-04-15 11:46] O:7026.25 H:7027.00 L:7025.25 C:7025.75 V:3015.0
  📈 Trend: strong_bearish
  🗺️  Grid: 0.080% | 🔺 7027.00 🔻 7025.25
  📡 RSI: 28.0 | MACD: -2.67 | ATR: 2.39
  📊 Filled: 0 | Pending: 0
  💰 Daily P&L: $-4,000.00

[2026-04-15 11:47] O:7025.50 H:7025.75 L:7022.25 C:7024.00 V:5912.0
  📈 Trend: strong_bearish
  🗺️  Grid: 0.080% | 🔺 7027.00 🔻 7025.25
  📡 RSI: 23.8 | MACD: -2.92 | ATR: 2.52
  📊 Filled: 0 | Pending: 0
  💰 Daily P&L: $-4,000.00

[2026-04-15 11:48] O:7024.25 H:7025.75 L:7021.75 C:7025.25 V:3515.0
  📈 Trend: strong_bearish
  🗺️  Grid: 0.080% | 🔺 7025.75 🔻 7022.25
  📡 RSI: 27.4 | MACD: -2.97 | ATR: 2.68
  📊 Filled: 0 | Pending: 0
  💰 Daily P&L: $-4,000.00

[2026-04-15 11:49] O:7025.25 H:7029.25 L:7025.00 C:7029.00 V:3344.0
  📈 Trend: strong_bearish
  🗺️  Grid: 0.080% | 🔺 7025.75 🔻 7021.75
  📡 RSI: 35.8 | MACD: -2.69 | ATR: 2.86
  📊 Filled: 0 | Pending: 0
  💰 Daily P&L: $-4,000.00

[2026-04-15 11:50] O:7029.00 H:7030.00 L:7028.50 C:7029.50 V:2675.0
  📈 Trend: strong_bearish
  🗺️  Grid: 0.080% | 🔺 7029.25 🔻 7025.00
  📡 RSI: 37.5 | MACD: -2.39 | ATR: 2.88
  📊 Filled: 0 | Pending: 0
  💰 Daily P&L: $-4,000.00

[2026-04-15 11:51] O:7029.75 H:7029.75 L:7025.50 C:7026.25 V:2986.0
  📈 Trend: strong_bearish
  🗺️  Grid: 0.080% | 🔺 7030.00 🔻 7028.50
  📡 RSI: 31.1 | MACD: -2.39 | ATR: 3.02
  📊 Filled: 0 | Pending: 0
  💰 Daily P&L: $-4,000.00

[2026-04-15 11:52] O:7026.25 H:7026.25 L:7023.50 C:7024.75 V:2941.0
  📈 Trend: strong_bearish
  🗺️  Grid: 0.080% | 🔺 7029.75 🔻 7025.50
  📡 RSI: 29.5 | MACD: -2.48 | ATR: 3.14
  📊 Filled: 0 | Pending: 0
  💰 Daily P&L: $-4,000.00

[2026-04-15 11:53] O:7024.75 H:7024.75 L:7022.00 C:7024.50 V:3121.0
  📈 Trend: strong_bearish
  🗺️  Grid: 0.080% | 🔺 7026.25 🔻 7023.50
  📡 RSI: 32.0 | MACD: -2.55 | ATR: 3.14
  📊 Filled: 0 | Pending: 0
  💰 Daily P&L: $-4,000.00

[2026-04-15 11:54] O:7024.50 H:7026.25 L:7023.50 C:7024.00 V:2051.0
  📈 Trend: strong_bearish
  🗺️  Grid: 0.080% | 🔺 7024.75 🔻 7022.00
  📡 RSI: 37.1 | MACD: -2.61 | ATR: 3.04
  📊 Filled: 0 | Pending: 0
  💰 Daily P&L: $-4,000.00

[2026-04-15 11:55] O:7024.00 H:7024.50 L:7021.75 C:7023.50 V:3102.0
  📈 Trend: strong_bearish
  🗺️  Grid: 0.080% | 🔺 7026.25 🔻 7023.50
  📡 RSI: 43.4 | MACD: -2.66 | ATR: 2.91
  📊 Filled: 0 | Pending: 0
  💰 Daily P&L: $-4,000.00

[2026-04-15 11:56] O:7023.75 H:7023.75 L:7019.25 C:7022.75 V:4918.0
  📈 Trend: strong_bearish
  🗺️  Grid: 0.080% | 🔺 7024.50 🔻 7021.75
  📡 RSI: 37.8 | MACD: -2.74 | ATR: 2.98
  📊 Filled: 0 | Pending: 0
  💰 Daily P&L: $-4,000.00

[2026-04-15 11:57] O:7022.50 H:7026.25 L:7022.50 C:7026.00 V:2509.0
  📈 Trend: strong_bearish (raw: moderate_bearish)
  🗺️  Grid: 0.080% | 🔺 7023.75 🔻 7019.25
  📡 RSI: 43.9 | MACD: -2.51 | ATR: 3.12
  📊 Filled: 0 | Pending: 0
  💰 Daily P&L: $-4,000.00

[2026-04-15 11:58] O:7026.00 H:7027.25 L:7025.75 C:7027.00 V:1971.0
  📈 Trend: moderate_bearish
  🗺️  Grid: 0.080% | 🔺 7026.25 🔻 7022.50
  📡 RSI: 52.6 | MACD: -2.22 | ATR: 2.98
  📊 Filled: 0 | Pending: 0
  💰 Daily P&L: $-4,000.00

[2026-04-15 11:59] O:7026.75 H:7028.50 L:7026.25 C:7027.25 V:1968.0
  📈 Trend: moderate_bearish
  🗺️  Grid: 0.080% | 🔺 7027.25 🔻 7025.75
  📡 RSI: 52.6 | MACD: -1.95 | ATR: 3.02
  📊 Filled: 0 | Pending: 0
  💰 Daily P&L: $-4,000.00

[2026-04-15 12:00] O:7027.25 H:7029.75 L:7026.50 C:7029.50 V:2492.0
  📈 Trend: moderate_bearish (raw: moderate_bullish)
  🗺️  Grid: 0.080% | 🔺 7028.50 🔻 7026.25
  📡 RSI: 59.0 | MACD: -1.53 | ATR: 3.12
  📊 Filled: 0 | Pending: 0
  💰 Daily P&L: $-4,000.00

[2026-04-15 12:01] O:7029.25 H:7030.00 L:7027.75 C:7028.25 V:2175.0
  📈 Trend: moderate_bullish
  🗺️  Grid: 0.080% | 🔺 7029.75 🔻 7026.50
  📡 RSI: 60.5 | MACD: -1.29 | ATR: 3.04
  📊 Filled: 0 | Pending: 0
  💰 Daily P&L: $-4,000.00

[2026-04-15 12:02] O:7028.25 H:7029.25 L:7027.75 C:7028.50 V:1333.0
  📈 Trend: moderate_bullish (raw: moderate_bearish)
  🗺️  Grid: 0.080% | 🔺 7030.00 🔻 7027.75
  📡 RSI: 58.4 | MACD: -1.06 | ATR: 2.86
  📊 Filled: 0 | Pending: 0
  💰 Daily P&L: $-4,000.00

[2026-04-15 12:03] O:7028.75 H:7031.75 L:7028.25 C:7031.25 V:2273.0
  📈 Trend: moderate_bullish
  🗺️  Grid: 0.080% | 🔺 7029.25 🔻 7027.75
  📡 RSI: 56.2 | MACD: -0.65 | ATR: 2.80
  📊 Filled: 0 | Pending: 0
  💰 Daily P&L: $-4,000.00

[2026-04-15 12:04] O:7031.50 H:7033.00 L:7031.25 C:7032.50 V:2055.0
  📈 Trend: moderate_bullish
  🗺️  Grid: 0.080% | 🔺 7031.75 🔻 7028.25
  📡 RSI: 57.9 | MACD: -0.23 | ATR: 2.82
  📊 Filled: 0 | Pending: 0
  💰 Daily P&L: $-4,000.00

[2026-04-15 12:05] O:7032.50 H:7034.50 L:7032.00 C:7033.25 V:2176.0
  📈 Trend: moderate_bullish (raw: strong_bullish)
  🗺️  Grid: 0.080% | 🔺 7033.00 🔻 7031.25
  📡 RSI: 71.2 | MACD: 0.17 | ATR: 2.70
  📊 Filled: 0 | Pending: 0
  💰 Daily P&L: $-4,000.00

[2026-04-15 12:06] O:7033.50 H:7035.00 L:7033.25 C:7034.75 V:1964.0
  📈 Trend: strong_bullish
  🗺️  Grid: 0.080% | 🔺 7034.50 🔻 7032.00
  📡 RSI: 80.3 | MACD: 0.60 | ATR: 2.62
  📊 Filled: 0 | Pending: 0
  💰 Daily P&L: $-4,000.00

[2026-04-15 12:07] O:7034.50 H:7036.25 L:7034.25 C:7035.25 V:1893.0
  📈 Trend: strong_bullish
  🗺️  Grid: 0.080% | 🔺 7035.00 🔻 7033.25
  📡 RSI: 82.1 | MACD: 0.97 | ATR: 2.57
  📊 Filled: 0 | Pending: 0
  💰 Daily P&L: $-4,000.00

[2026-04-15 12:08] O:7035.25 H:7035.25 L:7033.00 C:7034.00 V:1777.0
  📈 Trend: strong_bullish
  🗺️  Grid: 0.080% | 🔺 7036.25 🔻 7034.25
  📡 RSI: 78.6 | MACD: 1.14 | ATR: 2.54
  📊 Filled: 0 | Pending: 0
  💰 Daily P&L: $-4,000.00

[2026-04-15 12:09] O:7034.00 H:7034.50 L:7033.25 C:7034.25 V:1336.0
  📈 Trend: strong_bullish
  🗺️  Grid: 0.080% | 🔺 7035.25 🔻 7033.00
  📡 RSI: 81.2 | MACD: 1.29 | ATR: 2.43
  📊 Filled: 0 | Pending: 0
  💰 Daily P&L: $-4,000.00

[2026-04-15 12:10] O:7034.25 H:7035.00 L:7033.75 C:7034.25 V:1150.0
  📈 Trend: strong_bullish
  🗺️  Grid: 0.080% | 🔺 7034.50 🔻 7033.25
  📡 RSI: 84.8 | MACD: 1.39 | ATR: 2.20
  📊 Filled: 0 | Pending: 0
  💰 Daily P&L: $-4,000.00

[2026-04-15 12:11] O:7034.25 H:7034.50 L:7032.50 C:7034.25 V:1364.0
  📈 Trend: strong_bullish
  🗺️  Grid: 0.080% | 🔺 7035.00 🔻 7033.75
  📡 RSI: 81.1 | MACD: 1.45 | ATR: 2.07
  📊 Filled: 0 | Pending: 0
  💰 Daily P&L: $-4,000.00

[2026-04-15 12:12] O:7034.50 H:7034.50 L:7032.25 C:7032.75 V:1082.0
  📈 Trend: strong_bullish
  🗺️  Grid: 0.080% | 🔺 7034.50 🔻 7032.50
  📡 RSI: 70.9 | MACD: 1.37 | ATR: 2.12
  📊 Filled: 0 | Pending: 0
  💰 Daily P&L: $-4,000.00

[2026-04-15 12:13] O:7032.75 H:7034.25 L:7032.25 C:7034.25 V:905.0
  📈 Trend: strong_bullish
  🗺️  Grid: 0.080% | 🔺 7034.50 🔻 7032.25
  📡 RSI: 73.3 | MACD: 1.40 | ATR: 2.11
  📊 Filled: 0 | Pending: 0
  💰 Daily P&L: $-4,000.00

[2026-04-15 12:14] O:7034.25 H:7034.75 L:7033.50 C:7033.75 V:898.0
  📈 Trend: strong_bullish
  🗺️  Grid: 0.080% | 🔺 7034.25 🔻 7032.25
  📡 RSI: 66.0 | MACD: 1.37 | ATR: 1.96
  📊 Filled: 0 | Pending: 0
  💰 Daily P&L: $-4,000.00

[2026-04-15 12:15] O:7033.75 H:7035.25 L:7033.50 C:7035.00 V:1356.0
  📈 Trend: strong_bullish
  🗺️  Grid: 0.080% | 🔺 7034.75 🔻 7033.50
  📡 RSI: 75.5 | MACD: 1.44 | ATR: 1.93
  📊 Filled: 0 | Pending: 0
  💰 Daily P&L: $-4,000.00

[2026-04-15 12:16] O:7035.00 H:7036.50 L:7035.00 C:7036.25 V:1942.0
  📈 Trend: strong_bullish
  🗺️  Grid: 0.080% | 🔺 7035.25 🔻 7033.50
  📡 RSI: 77.2 | MACD: 1.57 | ATR: 1.93
  📊 Filled: 0 | Pending: 0
  💰 Daily P&L: $-4,000.00

[2026-04-15 12:17] O:7036.25 H:7036.25 L:7035.50 C:7035.75 V:1232.0
  📈 Trend: strong_bullish
  🗺️  Grid: 0.080% | 🔺 7036.50 🔻 7035.00
  📡 RSI: 68.8 | MACD: 1.61 | ATR: 1.73
  📊 Filled: 0 | Pending: 0
  💰 Daily P&L: $-4,000.00

[2026-04-15 12:18] O:7035.75 H:7036.75 L:7035.25 C:7035.50 V:1119.0
  📈 Trend: strong_bullish
  🗺️  Grid: 0.080% | 🔺 7036.25 🔻 7035.50
  📡 RSI: 63.6 | MACD: 1.61 | ATR: 1.71
  📊 Filled: 0 | Pending: 0
  💰 Daily P&L: $-4,000.00

[2026-04-15 12:19] O:7035.75 H:7036.00 L:7034.75 C:7034.75 V:850.0
  📈 Trend: strong_bullish
  🗺️  Grid: 0.080% | 🔺 7036.75 🔻 7035.25
  📡 RSI: 56.8 | MACD: 1.53 | ATR: 1.62
  📊 Filled: 0 | Pending: 0
  💰 Daily P&L: $-4,000.00

[2026-04-15 12:20] O:7035.00 H:7035.75 L:7034.50 C:7034.50 V:944.0
  📈 Trend: strong_bullish
  🗺️  Grid: 0.080% | 🔺 7036.00 🔻 7034.75
  📡 RSI: 48.7 | MACD: 1.43 | ATR: 1.59
  📊 Filled: 0 | Pending: 0
  💰 Daily P&L: $-4,000.00

[2026-04-15 12:21] O:7034.50 H:7034.50 L:7033.50 C:7034.25 V:1309.0
  📈 Trend: strong_bullish (raw: moderate_bullish)
  🗺️  Grid: 0.080% | 🔺 7035.75 🔻 7034.50
  📡 RSI: 44.7 | MACD: 1.32 | ATR: 1.52
  📊 Filled: 0 | Pending: 0
  💰 Daily P&L: $-4,000.00

[2026-04-15 12:22] O:7034.50 H:7034.50 L:7032.75 C:7033.00 V:1618.0
  📈 Trend: moderate_bullish
  🗺️  Grid: 0.080% | 🔺 7034.50 🔻 7033.50
  📡 RSI: 44.7 | MACD: 1.11 | ATR: 1.48
  📊 Filled: 0 | Pending: 0
  💰 Daily P&L: $-4,000.00

[2026-04-15 12:23] O:7033.25 H:7034.00 L:7032.75 C:7033.00 V:1185.0
  📈 Trend: moderate_bullish
  🗺️  Grid: 0.080% | 🔺 7034.50 🔻 7032.75
  📡 RSI: 43.2 | MACD: 0.94 | ATR: 1.48
  📊 Filled: 0 | Pending: 0
  💰 Daily P&L: $-4,000.00

[2026-04-15 12:24] O:7033.25 H:7035.50 L:7033.00 C:7035.00 V:1134.0
  📈 Trend: moderate_bullish
  🗺️  Grid: 0.080% | 🔺 7034.00 🔻 7032.75
  📡 RSI: 53.3 | MACD: 0.95 | ATR: 1.57
  📊 Filled: 0 | Pending: 0
  💰 Daily P&L: $-4,000.00

[2026-04-15 12:25] O:7035.25 H:7036.00 L:7034.50 C:7036.00 V:1030.0
  📈 Trend: moderate_bullish
  🗺️  Grid: 0.080% | 🔺 7035.50 🔻 7033.00
  📡 RSI: 57.1 | MACD: 1.03 | ATR: 1.54
  📊 Filled: 0 | Pending: 0
  💰 Daily P&L: $-4,000.00

[2026-04-15 12:26] O:7035.75 H:7037.50 L:7035.25 C:7037.25 V:1767.0
  📈 Trend: moderate_bullish (raw: strong_bullish)
  🗺️  Grid: 0.080% | 🔺 7036.00 🔻 7034.50
  📡 RSI: 68.8 | MACD: 1.18 | ATR: 1.54
  📊 Filled: 0 | Pending: 0
  💰 Daily P&L: $-4,000.00

[2026-04-15 12:27] O:7037.25 H:7038.25 L:7036.75 C:7036.75 V:1906.0
  📈 Trend: strong_bullish
  🗺️  Grid: 0.080% | 🔺 7037.50 🔻 7035.25
  📡 RSI: 61.4 | MACD: 1.25 | ATR: 1.50
  📊 Filled: 0 | Pending: 0
  💰 Daily P&L: $-4,000.00

[2026-04-15 12:28] O:7037.00 H:7037.25 L:7035.75 C:7036.75 V:974.0
  📈 Trend: strong_bullish
  🗺️  Grid: 0.080% | 🔺 7038.25 🔻 7036.75
  📡 RSI: 64.3 | MACD: 1.28 | ATR: 1.52
  📊 Filled: 0 | Pending: 0
  💰 Daily P&L: $-4,000.00

[2026-04-15 12:29] O:7036.75 H:7037.00 L:7036.00 C:7036.00 V:814.0
  📈 Trend: strong_bullish
  🗺️  Grid: 0.080% | 🔺 7037.25 🔻 7035.75
  📡 RSI: 55.0 | MACD: 1.24 | ATR: 1.46
  📊 Filled: 0 | Pending: 0
  💰 Daily P&L: $-4,000.00

[2026-04-15 12:30] O:7036.25 H:7037.00 L:7035.75 C:7036.50 V:1162.0
  📈 Trend: strong_bullish
  🗺️  Grid: 0.080% | 🔺 7037.00 🔻 7036.00
  📡 RSI: 51.4 | MACD: 1.23 | ATR: 1.45
  📊 Filled: 0 | Pending: 0
  💰 Daily P&L: $-4,000.00

[2026-04-15 12:31] O:7036.75 H:7037.00 L:7036.00 C:7036.50 V:1061.0
  📈 Trend: strong_bullish (raw: moderate_bullish)
  🗺️  Grid: 0.080% | 🔺 7037.00 🔻 7035.75
  📡 RSI: 54.3 | MACD: 1.20 | ATR: 1.46
  📊 Filled: 0 | Pending: 0
  💰 Daily P&L: $-4,000.00

[2026-04-15 12:32] O:7036.50 H:7038.50 L:7036.50 C:7038.00 V:1454.0
  📈 Trend: strong_bullish
  🗺️  Grid: 0.080% | 🔺 7037.00 🔻 7036.00
  📡 RSI: 62.5 | MACD: 1.29 | ATR: 1.50
  📊 Filled: 0 | Pending: 0
  💰 Daily P&L: $-4,000.00

[2026-04-15 12:33] O:7038.00 H:7039.00 L:7037.75 C:7038.25 V:1640.0
  📈 Trend: strong_bullish
  🗺️  Grid: 0.080% | 🔺 7038.50 🔻 7036.50
  📡 RSI: 68.4 | MACD: 1.37 | ATR: 1.50
  📊 Filled: 0 | Pending: 0
  💰 Daily P&L: $-4,000.00

[2026-04-15 12:34] O:7038.25 H:7040.50 L:7038.00 C:7039.75 V:3377.0
  📈 Trend: strong_bullish
  🗺️  Grid: 0.080% | 🔺 7039.00 🔻 7037.75
  📡 RSI: 74.4 | MACD: 1.53 | ATR: 1.59
  📊 Filled: 0 | Pending: 0
  💰 Daily P&L: $-4,000.00

[2026-04-15 12:35] O:7039.75 H:7040.25 L:7039.50 C:7040.25 V:1559.0
  📈 Trend: strong_bullish
  🗺️  Grid: 0.080% | 🔺 7040.50 🔻 7038.00
  📡 RSI: 77.3 | MACD: 1.68 | ATR: 1.57
  📊 Filled: 0 | Pending: 0
  💰 Daily P&L: $-4,000.00

[2026-04-15 12:36] O:7040.00 H:7042.00 L:7039.75 C:7041.75 V:2401.0
  📈 Trend: strong_bullish
  🗺️  Grid: 0.080% | 🔺 7040.25 🔻 7039.50
  📡 RSI: 88.9 | MACD: 1.90 | ATR: 1.61
  📊 Filled: 0 | Pending: 0
  💰 Daily P&L: $-4,000.00

[2026-04-15 12:37] O:7042.00 H:7042.25 L:7039.50 C:7039.75 V:2032.0
  📈 Trend: strong_bullish
  🗺️  Grid: 0.080% | 🔺 7042.00 🔻 7039.75
  📡 RSI: 75.5 | MACD: 1.89 | ATR: 1.71
  📊 Filled: 0 | Pending: 0
  💰 Daily P&L: $-4,000.00

[2026-04-15 12:38] O:7039.75 H:7040.50 L:7039.00 C:7040.00 V:1461.0
  📈 Trend: strong_bullish
  🗺️  Grid: 0.080% | 🔺 7042.25 🔻 7039.50
  📡 RSI: 71.7 | MACD: 1.88 | ATR: 1.64
  📊 Filled: 0 | Pending: 0
  💰 Daily P&L: $-4,000.00

[2026-04-15 12:39] O:7040.25 H:7040.25 L:7038.25 C:7038.50 V:1692.0
  📈 Trend: strong_bullish
  🗺️  Grid: 0.080% | 🔺 7040.50 🔻 7039.00
  📡 RSI: 60.4 | MACD: 1.73 | ATR: 1.68
  📊 Filled: 0 | Pending: 0
  💰 Daily P&L: $-4,000.00

[2026-04-15 12:40] O:7038.75 H:7038.75 L:7037.00 C:7037.50 V:2119.0
  📈 Trend: strong_bullish
  🗺️  Grid: 0.080% | 🔺 7040.25 🔻 7038.25
  📡 RSI: 51.1 | MACD: 1.51 | ATR: 1.64
  📊 Filled: 0 | Pending: 0
  💰 Daily P&L: $-4,000.00

[2026-04-15 12:41] O:7037.50 H:7037.75 L:7036.00 C:7036.25 V:2596.0
  📈 Trend: strong_bullish
  🗺️  Grid: 0.080% | 🔺 7038.75 🔻 7037.00
  📡 RSI: 48.0 | MACD: 1.23 | ATR: 1.66
  📊 Filled: 0 | Pending: 0
  💰 Daily P&L: $-4,000.00

[2026-04-15 12:42] O:7036.50 H:7036.50 L:7035.00 C:7036.00 V:2030.0
  📈 Trend: strong_bullish
  🗺️  Grid: 0.080% | 🔺 7037.75 🔻 7036.00
  📡 RSI: 47.1 | MACD: 0.97 | ATR: 1.66
  📊 Filled: 0 | Pending: 0
  💰 Daily P&L: $-4,000.00

[2026-04-15 12:43] O:7036.00 H:7036.50 L:7035.00 C:7036.00 V:1759.0
  📈 Trend: strong_bullish
  🗺️  Grid: 0.080% | 🔺 7036.50 🔻 7035.00
  📡 RSI: 50.0 | MACD: 0.76 | ATR: 1.70
  📊 Filled: 0 | Pending: 0
  💰 Daily P&L: $-4,000.00

[2026-04-15 12:44] O:7036.00 H:7037.00 L:7035.75 C:7036.75 V:1743.0
  📈 Trend: strong_bullish
  🗺️  Grid: 0.080% | 🔺 7036.50 🔻 7035.00
  📡 RSI: 51.0 | MACD: 0.64 | ATR: 1.70
  📊 Filled: 0 | Pending: 0
  💰 Daily P&L: $-4,000.00

[2026-04-15 12:45] O:7036.75 H:7038.25 L:7036.50 C:7038.25 V:1652.0
  📈 Trend: strong_bullish
  🗺️  Grid: 0.080% | 🔺 7037.00 🔻 7035.75
  📡 RSI: 56.4 | MACD: 0.66 | ATR: 1.75
  📊 Filled: 0 | Pending: 0
  💰 Daily P&L: $-4,000.00

[2026-04-15 12:46] O:7038.25 H:7038.25 L:7037.25 C:7038.00 V:1324.0
  📈 Trend: strong_bullish
  🗺️  Grid: 0.080% | 🔺 7038.25 🔻 7036.50
  📡 RSI: 50.0 | MACD: 0.65 | ATR: 1.68
  📊 Filled: 0 | Pending: 0
  💰 Daily P&L: $-4,000.00

[2026-04-15 12:47] O:7038.00 H:7039.25 L:7037.50 C:7038.00 V:1746.0
  📈 Trend: strong_bullish
  🗺️  Grid: 0.080% | 🔺 7038.25 🔻 7037.25
  📡 RSI: 49.0 | MACD: 0.63 | ATR: 1.71
  📊 Filled: 0 | Pending: 0
  💰 Daily P&L: $-4,000.00

[2026-04-15 12:48] O:7038.00 H:7038.50 L:7037.25 C:7037.75 V:902.0
  📈 Trend: strong_bullish
  🗺️  Grid: 0.080% | 🔺 7039.25 🔻 7037.50
  📡 RSI: 40.9 | MACD: 0.60 | ATR: 1.62
  📊 Filled: 0 | Pending: 0
  💰 Daily P&L: $-4,000.00

[2026-04-15 12:49] O:7037.75 H:7038.75 L:7037.25 C:7037.50 V:1377.0
  📈 Trend: strong_bullish
  🗺️  Grid: 0.080% | 🔺 7038.50 🔻 7037.25
  📡 RSI: 37.2 | MACD: 0.54 | ATR: 1.68
  📊 Filled: 0 | Pending: 0
  💰 Daily P&L: $-4,000.00

[2026-04-15 12:50] O:7037.75 H:7039.00 L:7037.50 C:7038.50 V:826.0
  📈 Trend: strong_bullish
  🗺️  Grid: 0.080% | 🔺 7038.75 🔻 7037.25
  📡 RSI: 34.1 | MACD: 0.57 | ATR: 1.62
  📊 Filled: 0 | Pending: 0
  💰 Daily P&L: $-4,000.00

[2026-04-15 12:51] O:7038.50 H:7039.50 L:7038.25 C:7039.25 V:680.0
  📈 Trend: strong_bullish
  🗺️  Grid: 0.080% | 🔺 7039.00 🔻 7037.50
  📡 RSI: 47.2 | MACD: 0.64 | ATR: 1.52
  📊 Filled: 0 | Pending: 0
  💰 Daily P&L: $-4,000.00

[2026-04-15 12:52] O:7039.25 H:7040.00 L:7038.75 C:7039.25 V:880.0
  📈 Trend: strong_bullish
  🗺️  Grid: 0.080% | 🔺 7039.50 🔻 7038.25
  📡 RSI: 45.7 | MACD: 0.69 | ATR: 1.50
  📊 Filled: 0 | Pending: 0
  💰 Daily P&L: $-4,000.00

[2026-04-15 12:53] O:7039.00 H:7040.75 L:7039.00 C:7040.25 V:1073.0
  📈 Trend: strong_bullish
  🗺️  Grid: 0.080% | 🔺 7040.00 🔻 7038.75
  📡 RSI: 60.6 | MACD: 0.81 | ATR: 1.48
  📊 Filled: 0 | Pending: 0
  💰 Daily P&L: $-4,000.00

[2026-04-15 12:54] O:7040.50 H:7040.75 L:7039.25 C:7039.25 V:966.0
  📈 Trend: strong_bullish
  🗺️  Grid: 0.080% | 🔺 7040.75 🔻 7039.00
  📡 RSI: 60.6 | MACD: 0.81 | ATR: 1.46
  📊 Filled: 0 | Pending: 0
  💰 Daily P&L: $-4,000.00

[2026-04-15 12:55] O:7039.50 H:7040.50 L:7039.25 C:7039.75 V:719.0
  📈 Trend: strong_bullish
  🗺️  Grid: 0.080% | 🔺 7040.75 🔻 7039.25
  📡 RSI: 73.3 | MACD: 0.84 | ATR: 1.43
  📊 Filled: 0 | Pending: 0
  💰 Daily P&L: $-4,000.00

[2026-04-15 12:56] O:7039.75 H:7040.50 L:7039.50 C:7039.75 V:700.0
  📈 Trend: strong_bullish
  🗺️  Grid: 0.080% | 🔺 7040.50 🔻 7039.25
  📡 RSI: 75.9 | MACD: 0.85 | ATR: 1.39
  📊 Filled: 0 | Pending: 0
  💰 Daily P&L: $-4,000.00

[2026-04-15 12:57] O:7039.75 H:7040.00 L:7038.25 C:7038.75 V:1051.0
  📈 Trend: strong_bullish (raw: moderate_bullish)
  🗺️  Grid: 0.080% | 🔺 7040.50 🔻 7039.50
  📡 RSI: 66.7 | MACD: 0.77 | ATR: 1.41
  📊 Filled: 0 | Pending: 0
  💰 Daily P&L: $-4,000.00

[2026-04-15 12:58] O:7038.75 H:7038.75 L:7037.00 C:7037.50 V:1344.0
  📈 Trend: moderate_bullish
  🗺️  Grid: 0.080% | 🔺 7040.00 🔻 7038.25
  📡 RSI: 54.3 | MACD: 0.60 | ATR: 1.45
  📊 Filled: 0 | Pending: 0
  💰 Daily P&L: $-4,000.00

[2026-04-15 12:59] O:7037.50 H:7037.75 L:7036.75 C:7037.00 V:1199.0
  📈 Trend: moderate_bullish
  🗺️  Grid: 0.080% | 🔺 7038.75 🔻 7037.00
  📡 RSI: 41.9 | MACD: 0.42 | ATR: 1.39
  📊 Filled: 0 | Pending: 0
  💰 Daily P&L: $-4,000.00

[2026-04-15 13:00] O:7036.75 H:7037.00 L:7033.75 C:7034.50 V:3671.0
  📈 Trend: moderate_bullish
  🗺️  Grid: 0.080% | 🔺 7037.75 🔻 7036.75
  📡 RSI: 32.5 | MACD: 0.08 | ATR: 1.55
  📊 Filled: 0 | Pending: 0
  💰 Daily P&L: $-4,000.00

[2026-04-15 13:01] O:7034.50 H:7040.75 L:7034.25 C:7036.50 V:6190.0
  📈 Trend: moderate_bullish (raw: strong_bullish)
  🗺️  Grid: 0.080% | 🔺 7037.00 🔻 7033.75
  📡 RSI: 43.8 | MACD: -0.04 | ATR: 1.89
  📊 Filled: 0 | Pending: 0
  💰 Daily P&L: $-4,000.00

[2026-04-15 13:02] O:7036.50 H:7048.50 L:7036.50 C:7041.50 V:11262.0
  📈 Trend: strong_bullish
  🗺️  Grid: 0.080% | 🔺 7040.75 🔻 7034.25
  📡 RSI: 61.2 | MACD: 0.28 | ATR: 2.66
  📊 Filled: 0 | Pending: 0
  💰 Daily P&L: $-4,000.00

[2026-04-15 13:03] O:7041.50 H:7042.75 L:7039.25 C:7042.00 V:3894.0
  📈 Trend: strong_bullish
  🗺️  Grid: 0.080% | 🔺 7048.50 🔻 7036.50
  📡 RSI: 63.2 | MACD: 0.56 | ATR: 2.80
  📊 Filled: 0 | Pending: 0
  💰 Daily P&L: $-4,000.00

[2026-04-15 13:04] O:7041.75 H:7043.00 L:7041.25 C:7042.25 V:2129.0
  📈 Trend: strong_bullish
  🗺️  Grid: 0.080% | 🔺 7042.75 🔻 7039.25
  📡 RSI: 61.5 | MACD: 0.79 | ATR: 2.82
  📊 Filled: 0 | Pending: 0
  💰 Daily P&L: $-4,000.00

[2026-04-15 13:05] O:7042.00 H:7044.00 L:7041.75 C:7042.25 V:1795.0
  📈 Trend: strong_bullish
  🗺️  Grid: 0.080% | 🔺 7043.00 🔻 7041.25
  📡 RSI: 59.7 | MACD: 0.96 | ATR: 2.89
  📊 Filled: 0 | Pending: 0
  💰 Daily P&L: $-4,000.00

[2026-04-15 13:06] O:7042.00 H:7044.25 L:7042.00 C:7043.50 V:1612.0
  📈 Trend: strong_bullish
  🗺️  Grid: 0.080% | 🔺 7044.00 🔻 7041.75
  📡 RSI: 62.7 | MACD: 1.19 | ATR: 2.96
  📊 Filled: 0 | Pending: 0
  💰 Daily P&L: $-4,000.00

[2026-04-15 13:07] O:7043.25 H:7043.75 L:7042.50 C:7043.50 V:1260.0
  📈 Trend: strong_bullish
  🗺️  Grid: 0.080% | 🔺 7044.25 🔻 7042.00
  📡 RSI: 60.3 | MACD: 1.35 | ATR: 2.93
  📊 Filled: 0 | Pending: 0
  💰 Daily P&L: $-4,000.00

[2026-04-15 13:08] O:7043.50 H:7044.25 L:7042.75 C:7043.00 V:1397.0
  📈 Trend: strong_bullish
  🗺️  Grid: 0.080% | 🔺 7043.75 🔻 7042.50
  📡 RSI: 62.3 | MACD: 1.43 | ATR: 2.93
  📊 Filled: 0 | Pending: 0
  💰 Daily P&L: $-4,000.00

[2026-04-15 13:09] O:7043.00 H:7043.50 L:7042.00 C:7043.00 V:1843.0
  📈 Trend: strong_bullish
  🗺️  Grid: 0.080% | 🔺 7044.25 🔻 7042.75
  📡 RSI: 61.0 | MACD: 1.47 | ATR: 2.95
  📊 Filled: 0 | Pending: 0
  💰 Daily P&L: $-4,000.00

[2026-04-15 13:10] O:7043.00 H:7043.00 L:7040.75 C:7041.25 V:1958.0
  📈 Trend: strong_bullish
  🗺️  Grid: 0.080% | 🔺 7043.50 🔻 7042.00
  📡 RSI: 54.5 | MACD: 1.34 | ATR: 3.04
  📊 Filled: 0 | Pending: 0
  💰 Daily P&L: $-4,000.00

[2026-04-15 13:11] O:7041.25 H:7043.75 L:7041.00 C:7043.50 V:1522.0
  📈 Trend: strong_bullish
  🗺️  Grid: 0.080% | 🔺 7043.00 🔻 7040.75
  📡 RSI: 63.4 | MACD: 1.41 | ATR: 3.11
  📊 Filled: 0 | Pending: 0
  💰 Daily P&L: $-4,000.00

[2026-04-15 13:12] O:7043.50 H:7045.00 L:7043.25 C:7044.75 V:1970.0
  📈 Trend: strong_bullish
  🗺️  Grid: 0.080% | 🔺 7043.75 🔻 7041.00
  📡 RSI: 70.4 | MACD: 1.54 | ATR: 3.11
  📊 Filled: 0 | Pending: 0
  💰 Daily P&L: $-4,000.00

[2026-04-15 13:13] O:7045.00 H:7046.50 L:7045.00 C:7046.25 V:1869.0
  📈 Trend: strong_bullish
  🗺️  Grid: 0.080% | 🔺 7045.00 🔻 7043.25
  📡 RSI: 74.7 | MACD: 1.75 | ATR: 3.16
  📊 Filled: 0 | Pending: 0
  💰 Daily P&L: $-4,000.00

[2026-04-15 13:14] O:7046.25 H:7046.75 L:7045.00 C:7045.00 V:1872.0
  📈 Trend: strong_bullish
  🗺️  Grid: 0.080% | 🔺 7046.50 🔻 7045.00
  📡 RSI: 80.0 | MACD: 1.80 | ATR: 3.05
  📊 Filled: 0 | Pending: 0
  💰 Daily P&L: $-4,000.00

[2026-04-15 13:15] O:7045.00 H:7047.50 L:7045.00 C:7047.50 V:2225.0
  📈 Trend: strong_bullish
  🗺️  Grid: 0.080% | 🔺 7046.75 🔻 7045.00
  📡 RSI: 80.6 | MACD: 2.01 | ATR: 2.77
  📊 Filled: 0 | Pending: 0
  💰 Daily P&L: $-4,000.00

[2026-04-15 13:16] O:7047.50 H:7048.75 L:7046.75 C:7048.50 V:2865.0
  📈 Trend: strong_bullish
  🗺️  Grid: 0.080% | 🔺 7047.50 🔻 7045.00
  📡 RSI: 75.0 | MACD: 2.23 | ATR: 2.05
  📊 Filled: 0 | Pending: 0
  💰 Daily P&L: $-4,000.00

[2026-04-15 13:17] O:7048.25 H:7048.50 L:7046.50 C:7047.00 V:1625.0
  📈 Trend: strong_bullish
  🗺️  Grid: 0.080% | 🔺 7048.75 🔻 7046.75
  📡 RSI: 66.7 | MACD: 2.26 | ATR: 1.95
  📊 Filled: 0 | Pending: 0
  💰 Daily P&L: $-4,000.00

[2026-04-15 13:18] O:7046.75 H:7047.00 L:7045.50 C:7046.00 V:1731.0
  📈 Trend: strong_bullish
  🗺️  Grid: 0.080% | 🔺 7048.50 🔻 7046.50
  📡 RSI: 61.9 | MACD: 2.18 | ATR: 1.93
  📊 Filled: 0 | Pending: 0
  💰 Daily P&L: $-4,000.00

[2026-04-15 13:19] O:7046.00 H:7046.25 L:7045.00 C:7045.50 V:1315.0
  📈 Trend: strong_bullish
  🗺️  Grid: 0.080% | 🔺 7047.00 🔻 7045.50
  📡 RSI: 60.0 | MACD: 2.05 | ATR: 1.86
  📊 Filled: 0 | Pending: 0
  💰 Daily P&L: $-4,000.00

[2026-04-15 13:20] O:7045.75 H:7046.25 L:7044.00 C:7044.50 V:1766.0
  📈 Trend: strong_bullish
  🗺️  Grid: 0.080% | 🔺 7046.25 🔻 7045.00
  📡 RSI: 53.1 | MACD: 1.85 | ATR: 1.86
  📊 Filled: 0 | Pending: 0
  💰 Daily P&L: $-4,000.00

[2026-04-15 13:21] O:7044.25 H:7046.00 L:7044.00 C:7045.75 V:1946.0
  📈 Trend: strong_bullish
  🗺️  Grid: 0.080% | 🔺 7046.25 🔻 7044.00
  📡 RSI: 56.5 | MACD: 1.77 | ATR: 1.91
  📊 Filled: 0 | Pending: 0
  💰 Daily P&L: $-4,000.00

[2026-04-15 13:22] O:7045.75 H:7046.25 L:7045.50 C:7046.00 V:847.0
  📈 Trend: strong_bullish
  🗺️  Grid: 0.080% | 🔺 7046.00 🔻 7044.00
  📡 RSI: 58.8 | MACD: 1.70 | ATR: 1.86
  📊 Filled: 0 | Pending: 0
  💰 Daily P&L: $-4,000.00

[2026-04-15 13:23] O:7046.00 H:7046.75 L:7045.75 C:7046.50 V:1218.0
  📈 Trend: strong_bullish
  🗺️  Grid: 0.080% | 🔺 7046.25 🔻 7045.50
  📡 RSI: 60.0 | MACD: 1.67 | ATR: 1.82
  📊 Filled: 0 | Pending: 0
  💰 Daily P&L: $-4,000.00

[2026-04-15 13:24] O:7046.75 H:7047.50 L:7046.50 C:7046.75 V:1047.0
  📈 Trend: strong_bullish
  🗺️  Grid: 0.080% | 🔺 7046.75 🔻 7045.75
  📡 RSI: 67.2 | MACD: 1.65 | ATR: 1.73
  📊 Filled: 0 | Pending: 0
  💰 Daily P&L: $-4,000.00

[2026-04-15 13:25] O:7047.00 H:7047.50 L:7045.00 C:7045.50 V:1734.0
  📈 Trend: strong_bullish
  🗺️  Grid: 0.080% | 🔺 7047.50 🔻 7046.50
  📡 RSI: 56.7 | MACD: 1.52 | ATR: 1.71
  📊 Filled: 0 | Pending: 0
  💰 Daily P&L: $-4,000.00

[2026-04-15 13:26] O:7045.25 H:7046.50 L:7045.25 C:7046.50 V:1333.0
  📈 Trend: strong_bullish
  🗺️  Grid: 0.080% | 🔺 7047.50 🔻 7045.00
  📡 RSI: 55.9 | MACD: 1.47 | ATR: 1.68
  📊 Filled: 0 | Pending: 0
  💰 Daily P&L: $-4,000.00

[2026-04-15 13:27] O:7046.50 H:7047.50 L:7046.25 C:7047.25 V:1283.0
  📈 Trend: strong_bullish
  🗺️  Grid: 0.080% | 🔺 7046.50 🔻 7045.25
  📡 RSI: 53.6 | MACD: 1.48 | ATR: 1.64
  📊 Filled: 0 | Pending: 0
  💰 Daily P&L: $-4,000.00

[2026-04-15 13:28] O:7047.25 H:7047.75 L:7046.50 C:7047.00 V:1206.0
  📈 Trend: strong_bullish
  🗺️  Grid: 0.080% | 🔺 7047.50 🔻 7046.25
  📡 RSI: 57.7 | MACD: 1.45 | ATR: 1.61
  📊 Filled: 0 | Pending: 0
  💰 Daily P&L: $-4,000.00

[2026-04-15 13:29] O:7047.25 H:7047.25 L:7046.25 C:7047.00 V:1263.0
  📈 Trend: strong_bullish
  🗺️  Grid: 0.080% | 🔺 7047.75 🔻 7046.50
  📡 RSI: 47.6 | MACD: 1.41 | ATR: 1.50
  📊 Filled: 0 | Pending: 0
  💰 Daily P&L: $-4,000.00

[2026-04-15 13:30] O:7047.00 H:7048.50 L:7046.75 C:7048.00 V:1620.0
  📈 Trend: strong_bullish
  🗺️  Grid: 0.080% | 🔺 7047.25 🔻 7046.25
  📡 RSI: 47.6 | MACD: 1.44 | ATR: 1.48
  📊 Filled: 0 | Pending: 0
  💰 Daily P&L: $-4,000.00

[2026-04-15 13:31] O:7048.00 H:7049.75 L:7047.75 C:7049.25 V:2522.0
  📈 Trend: strong_bullish
  🗺️  Grid: 0.080% | 🔺 7048.50 🔻 7046.75
  📡 RSI: 61.0 | MACD: 1.55 | ATR: 1.48
  📊 Filled: 0 | Pending: 0
  💰 Daily P&L: $-4,000.00

[2026-04-15 13:32] O:7049.25 H:7049.75 L:7048.25 C:7049.25 V:1775.0
  📈 Trend: strong_bullish
  🗺️  Grid: 0.080% | 🔺 7049.75 🔻 7047.75
  📡 RSI: 67.6 | MACD: 1.62 | ATR: 1.48
  📊 Filled: 0 | Pending: 0
  💰 Daily P&L: $-4,000.00

[2026-04-15 13:33] O:7049.00 H:7051.25 L:7048.50 C:7051.25 V:3102.0
  📈 Trend: strong_bullish
  🗺️  Grid: 0.080% | 🔺 7049.75 🔻 7048.25
  📡 RSI: 76.7 | MACD: 1.81 | ATR: 1.59
  📊 Filled: 0 | Pending: 0
  💰 Daily P&L: $-4,000.00

[2026-04-15 13:34] O:7051.25 H:7052.75 L:7051.00 C:7052.50 V:2931.0
  📈 Trend: strong_bullish
  🗺️  Grid: 0.080% | 🔺 7051.25 🔻 7048.50
  📡 RSI: 86.4 | MACD: 2.04 | ATR: 1.55
  📊 Filled: 0 | Pending: 0
  💰 Daily P&L: $-4,000.00

[2026-04-15 13:35] O:7052.75 H:7054.00 L:7052.25 C:7053.00 V:3028.0
  📈 Trend: strong_bullish
  🗺️  Grid: 0.080% | 🔺 7052.75 🔻 7051.00
  📡 RSI: 85.4 | MACD: 2.24 | ATR: 1.54
  📊 Filled: 0 | Pending: 0
  💰 Daily P&L: $-4,000.00

[2026-04-15 13:36] O:7053.00 H:7054.00 L:7052.75 C:7053.25 V:1747.0
  📈 Trend: strong_bullish
  🗺️  Grid: 0.080% | 🔺 7054.00 🔻 7052.25
  📡 RSI: 85.4 | MACD: 2.39 | ATR: 1.57
  📊 Filled: 0 | Pending: 0
  💰 Daily P&L: $-4,000.00

[2026-04-15 13:37] O:7053.25 H:7054.00 L:7051.25 C:7051.50 V:2352.0
  📈 Trend: strong_bullish
  🗺️  Grid: 0.080% | 🔺 7054.00 🔻 7052.75
  📡 RSI: 71.7 | MACD: 2.34 | ATR: 1.70
  📊 Filled: 0 | Pending: 0
  💰 Daily P&L: $-4,000.00

[2026-04-15 13:38] O:7051.75 H:7051.75 L:7050.75 C:7050.75 V:1548.0
  📈 Trend: strong_bullish
  🗺️  Grid: 0.080% | 🔺 7054.00 🔻 7051.25
  📡 RSI: 66.7 | MACD: 2.21 | ATR: 1.70
  📊 Filled: 0 | Pending: 0
  💰 Daily P&L: $-4,000.00

[2026-04-15 13:39] O:7051.00 H:7052.25 L:7050.00 C:7052.25 V:2186.0
  📈 Trend: strong_bullish
  🗺️  Grid: 0.080% | 🔺 7051.75 🔻 7050.75
  📡 RSI: 77.6 | MACD: 2.21 | ATR: 1.68
  📊 Filled: 0 | Pending: 0
  💰 Daily P&L: $-4,000.00

[2026-04-15 13:40] O:7052.25 H:7052.25 L:7048.75 C:7049.25 V:2324.0
  📈 Trend: strong_bullish
  🗺️  Grid: 0.080% | 🔺 7052.25 🔻 7050.00
  📡 RSI: 59.6 | MACD: 1.94 | ATR: 1.84
  📊 Filled: 0 | Pending: 0
  💰 Daily P&L: $-4,000.00

[2026-04-15 13:41] O:7049.25 H:7050.50 L:7048.00 C:7048.50 V:2297.0
  📈 Trend: strong_bullish
  🗺️  Grid: 0.080% | 🔺 7052.25 🔻 7048.75
  📡 RSI: 54.4 | MACD: 1.65 | ATR: 1.93
  📊 Filled: 0 | Pending: 0
  💰 Daily P&L: $-4,000.00

[2026-04-15 13:42] O:7048.25 H:7049.00 L:7048.00 C:7048.50 V:1907.0
  📈 Trend: strong_bullish
  🗺️  Grid: 0.080% | 🔺 7050.50 🔻 7048.00
  📡 RSI: 55.4 | MACD: 1.40 | ATR: 1.91
  📊 Filled: 0 | Pending: 0
  💰 Daily P&L: $-4,000.00

[2026-04-15 13:43] O:7048.50 H:7050.75 L:7048.50 C:7050.75 V:1489.0
  📈 Trend: strong_bullish
  🗺️  Grid: 0.080% | 🔺 7049.00 🔻 7048.00
  📡 RSI: 61.5 | MACD: 1.37 | ATR: 2.00
  📊 Filled: 0 | Pending: 0
  💰 Daily P&L: $-4,000.00

[2026-04-15 13:44] O:7050.50 H:7051.25 L:7050.50 C:7051.00 V:1423.0
  📈 Trend: strong_bullish
  🗺️  Grid: 0.080% | 🔺 7050.75 🔻 7048.50
  📡 RSI: 59.7 | MACD: 1.35 | ATR: 1.93
  📊 Filled: 0 | Pending: 0
  💰 Daily P&L: $-4,000.00

[2026-04-15 13:45] O:7051.00 H:7053.00 L:7051.00 C:7053.00 V:1535.0
  📈 Trend: strong_bullish
  🗺️  Grid: 0.080% | 🔺 7051.25 🔻 7050.50
  📡 RSI: 61.5 | MACD: 1.48 | ATR: 1.93
  📊 Filled: 0 | Pending: 0
  💰 Daily P&L: $-4,000.00

[2026-04-15 13:46] O:7053.00 H:7053.00 L:7051.75 C:7052.50 V:1536.0
  📈 Trend: strong_bullish
  🗺️  Grid: 0.080% | 🔺 7053.00 🔻 7051.00
  📡 RSI: 59.7 | MACD: 1.53 | ATR: 1.91
  📊 Filled: 0 | Pending: 0
  💰 Daily P&L: $-4,000.00

[2026-04-15 13:47] O:7052.50 H:7054.00 L:7052.25 C:7054.00 V:1400.0
  📈 Trend: strong_bullish
  🗺️  Grid: 0.080% | 🔺 7053.00 🔻 7051.75
  📡 RSI: 58.5 | MACD: 1.66 | ATR: 1.84
  📊 Filled: 0 | Pending: 0
  💰 Daily P&L: $-4,000.00

[2026-04-15 13:48] O:7054.00 H:7054.00 L:7053.00 C:7053.50 V:1157.0
  📈 Trend: strong_bullish
  🗺️  Grid: 0.080% | 🔺 7054.00 🔻 7052.25
  📡 RSI: 53.2 | MACD: 1.71 | ATR: 1.79
  📊 Filled: 0 | Pending: 0
  💰 Daily P&L: $-4,000.00

[2026-04-15 13:49] O:7053.50 H:7054.75 L:7053.00 C:7054.75 V:1436.0
  📈 Trend: strong_bullish
  🗺️  Grid: 0.080% | 🔺 7054.00 🔻 7053.00
  📡 RSI: 55.4 | MACD: 1.83 | ATR: 1.79
  📊 Filled: 0 | Pending: 0
  💰 Daily P&L: $-4,000.00

[2026-04-15 13:50] O:7054.75 H:7057.00 L:7054.50 C:7056.50 V:4202.0
  📈 Trend: strong_bullish
  🗺️  Grid: 0.080% | 🔺 7054.75 🔻 7053.00
  📡 RSI: 59.2 | MACD: 2.04 | ATR: 1.88
  📊 Filled: 0 | Pending: 0
  💰 Daily P&L: $-4,000.00

[2026-04-15 13:51] O:7056.50 H:7057.75 L:7056.25 C:7057.50 V:2178.0
  📈 Trend: strong_bullish
  🗺️  Grid: 0.080% | 🔺 7057.00 🔻 7054.50
  📡 RSI: 67.6 | MACD: 2.26 | ATR: 1.79
  📊 Filled: 0 | Pending: 0
  💰 Daily P&L: $-4,000.00

[2026-04-15 13:52] O:7057.75 H:7057.75 L:7055.75 C:7057.00 V:2274.0
  📈 Trend: strong_bullish
  🗺️  Grid: 0.080% | 🔺 7057.75 🔻 7056.25
  📡 RSI: 68.7 | MACD: 2.37 | ATR: 1.86
  📊 Filled: 0 | Pending: 0
  💰 Daily P&L: $-4,000.00

[2026-04-15 13:53] O:7057.00 H:7057.00 L:7055.50 C:7056.75 V:1866.0
  📈 Trend: strong_bullish
  🗺️  Grid: 0.080% | 🔺 7057.75 🔻 7055.75
  📡 RSI: 64.5 | MACD: 2.41 | ATR: 1.80
  📊 Filled: 0 | Pending: 0
  💰 Daily P&L: $-4,000.00

[2026-04-15 13:54] O:7056.50 H:7057.75 L:7056.50 C:7057.25 V:1661.0
  📈 Trend: strong_bullish
  🗺️  Grid: 0.080% | 🔺 7057.00 🔻 7055.50
  📡 RSI: 80.8 | MACD: 2.45 | ATR: 1.64
  📊 Filled: 0 | Pending: 0
  💰 Daily P&L: $-4,000.00

[2026-04-15 13:55] O:7057.00 H:7058.00 L:7056.25 C:7057.75 V:1471.0
  📈 Trend: strong_bullish
  🗺️  Grid: 0.080% | 🔺 7057.75 🔻 7056.50
  📡 RSI: 86.3 | MACD: 2.50 | ATR: 1.59
  📊 Filled: 0 | Pending: 0
  💰 Daily P&L: $-4,000.00

[2026-04-15 13:56] O:7057.75 H:7059.25 L:7057.50 C:7058.75 V:2324.0
  📈 Trend: strong_bullish
  🗺️  Grid: 0.080% | 🔺 7058.00 🔻 7056.25
  📡 RSI: 87.3 | MACD: 2.58 | ATR: 1.64
  📊 Filled: 0 | Pending: 0
  💰 Daily P&L: $-4,000.00

[2026-04-15 13:57] O:7058.75 H:7060.50 L:7058.75 C:7059.25 V:2489.0
  📈 Trend: strong_bullish
  🗺️  Grid: 0.080% | 🔺 7059.25 🔻 7057.50
  📡 RSI: 85.4 | MACD: 2.66 | ATR: 1.61
  📊 Filled: 0 | Pending: 0
  💰 Daily P&L: $-4,000.00

[2026-04-15 13:58] O:7059.25 H:7060.25 L:7058.75 C:7059.75 V:1685.0
  📈 Trend: strong_bullish
  🗺️  Grid: 0.080% | 🔺 7060.50 🔻 7058.75
  📡 RSI: 85.7 | MACD: 2.73 | ATR: 1.66
  📊 Filled: 0 | Pending: 0
  💰 Daily P&L: $-4,000.00

[2026-04-15 13:59] O:7060.00 H:7060.00 L:7058.25 C:7058.25 V:1673.0
  📈 Trend: strong_bullish
  🗺️  Grid: 0.080% | 🔺 7060.25 🔻 7058.75
  📡 RSI: 72.3 | MACD: 2.64 | ATR: 1.64
  📊 Filled: 0 | Pending: 0
  💰 Daily P&L: $-4,000.00

[2026-04-15 14:00] O:7058.50 H:7059.25 L:7057.00 C:7057.50 V:3680.0
  📈 Trend: strong_bullish
  🗺️  Grid: 0.080% | 🔺 7060.00 🔻 7058.25
  📡 RSI: 70.8 | MACD: 2.47 | ATR: 1.71
  📊 Filled: 0 | Pending: 0
  💰 Daily P&L: $-4,000.00

[2026-04-15 14:01] O:7057.75 H:7058.00 L:7056.00 C:7056.00 V:2838.0
  📈 Trend: strong_bullish
  🗺️  Grid: 0.080% | 🔺 7059.25 🔻 7057.00
  📡 RSI: 58.3 | MACD: 2.20 | ATR: 1.73
  📊 Filled: 0 | Pending: 0
  💰 Daily P&L: $-4,000.00

[2026-04-15 14:02] O:7056.25 H:7058.25 L:7055.75 C:7058.25 V:1599.0
  📈 Trend: strong_bullish
  🗺️  Grid: 0.080% | 🔺 7058.00 🔻 7056.00
  📡 RSI: 67.3 | MACD: 2.13 | ATR: 1.84
  📊 Filled: 0 | Pending: 0
  💰 Daily P&L: $-4,000.00

[2026-04-15 14:03] O:7058.25 H:7059.25 L:7057.75 C:7058.50 V:1779.0
  📈 Trend: strong_bullish
  🗺️  Grid: 0.080% | 🔺 7058.25 🔻 7055.75
  📡 RSI: 64.7 | MACD: 2.08 | ATR: 1.82
  📊 Filled: 0 | Pending: 0
  💰 Daily P&L: $-4,000.00

[2026-04-15 14:04] O:7058.75 H:7059.50 L:7058.00 C:7059.50 V:1327.0
  📈 Trend: strong_bullish
  🗺️  Grid: 0.080% | 🔺 7059.25 🔻 7057.75
  📡 RSI: 62.5 | MACD: 2.09 | ATR: 1.75
  📊 Filled: 0 | Pending: 0
  💰 Daily P&L: $-4,000.00

[2026-04-15 14:05] O:7059.50 H:7061.00 L:7059.25 C:7060.50 V:2990.0
  📈 Trend: strong_bullish
  🗺️  Grid: 0.080% | 🔺 7059.50 🔻 7058.00
  📡 RSI: 62.5 | MACD: 2.16 | ATR: 1.77
  📊 Filled: 0 | Pending: 0
  💰 Daily P&L: $-4,000.00

[2026-04-15 14:06] O:7060.50 H:7061.25 L:7060.00 C:7060.75 V:1980.0
  📈 Trend: strong_bullish
  🗺️  Grid: 0.080% | 🔺 7061.00 🔻 7059.25
  📡 RSI: 66.0 | MACD: 2.21 | ATR: 1.71
  📊 Filled: 0 | Pending: 0
  💰 Daily P&L: $-4,000.00

[2026-04-15 14:07] O:7060.75 H:7061.25 L:7060.25 C:7060.50 V:1511.0
  📈 Trend: strong_bullish
  🗺️  Grid: 0.080% | 🔺 7061.25 🔻 7060.00
  📡 RSI: 66.0 | MACD: 2.20 | ATR: 1.68
  📊 Filled: 0 | Pending: 0
  💰 Daily P&L: $-4,000.00

[2026-04-15 14:08] O:7060.50 H:7060.75 L:7059.25 C:7060.50 V:1616.0
  📈 Trend: strong_bullish
  🗺️  Grid: 0.080% | 🔺 7061.25 🔻 7060.25
  📡 RSI: 64.4 | MACD: 2.17 | ATR: 1.70
  📊 Filled: 0 | Pending: 0
  💰 Daily P&L: $-4,000.00

[2026-04-15 14:09] O:7060.50 H:7061.00 L:7059.50 C:7060.25 V:2388.0
  📈 Trend: strong_bullish
  🗺️  Grid: 0.080% | 🔺 7060.75 🔻 7059.25
  📡 RSI: 61.4 | MACD: 2.10 | ATR: 1.68
  📊 Filled: 0 | Pending: 0
  💰 Daily P&L: $-4,000.00

[2026-04-15 14:10] O:7060.50 H:7061.50 L:7060.25 C:7061.00 V:1158.0
  📈 Trend: strong_bullish
  🗺️  Grid: 0.080% | 🔺 7061.00 🔻 7059.50
  📡 RSI: 60.5 | MACD: 2.08 | ATR: 1.64
  📊 Filled: 0 | Pending: 0
  💰 Daily P&L: $-4,000.00

[2026-04-15 14:11] O:7061.25 H:7061.50 L:7058.75 C:7059.50 V:2482.0
  📈 Trend: strong_bullish
  🗺️  Grid: 0.080% | 🔺 7061.50 🔻 7060.25
  📡 RSI: 51.1 | MACD: 1.93 | ATR: 1.71
  📊 Filled: 0 | Pending: 0
  💰 Daily P&L: $-4,000.00

[2026-04-15 14:12] O:7059.75 H:7060.25 L:7059.00 C:7059.75 V:1392.0
  📈 Trend: strong_bullish
  🗺️  Grid: 0.080% | 🔺 7061.50 🔻 7058.75
  📡 RSI: 50.0 | MACD: 1.80 | ATR: 1.70
  📊 Filled: 0 | Pending: 0
  💰 Daily P&L: $-4,000.00

[2026-04-15 14:13] O:7059.75 H:7060.00 L:7058.50 C:7058.50 V:1201.0
  📈 Trend: strong_bullish
  🗺️  Grid: 0.080% | 🔺 7060.25 🔻 7059.00
  📡 RSI: 51.1 | MACD: 1.58 | ATR: 1.68
  📊 Filled: 0 | Pending: 0
  💰 Daily P&L: $-4,000.00

[2026-04-15 14:14] O:7058.50 H:7058.75 L:7056.00 C:7056.50 V:4718.0
  📈 Trend: strong_bullish (raw: moderate_bullish)
  🗺️  Grid: 0.080% | 🔺 7060.00 🔻 7058.50
  📡 RSI: 46.0 | MACD: 1.23 | ATR: 1.71
  📊 Filled: 0 | Pending: 0
  💰 Daily P&L: $-4,000.00

[2026-04-15 14:15] O:7056.50 H:7058.00 L:7056.50 C:7057.00 V:1835.0
  📈 Trend: moderate_bullish
  🗺️  Grid: 0.080% | 🔺 7058.75 🔻 7056.00
  📡 RSI: 54.3 | MACD: 0.99 | ATR: 1.68
  📊 Filled: 0 | Pending: 0
  💰 Daily P&L: $-4,000.00

[2026-04-15 14:16] O:7057.00 H:7057.25 L:7056.00 C:7057.00 V:1615.0
  📈 Trend: moderate_bullish
  🗺️  Grid: 0.080% | 🔺 7058.00 🔻 7056.50
  📡 RSI: 43.2 | MACD: 0.78 | ATR: 1.59
  📊 Filled: 0 | Pending: 0
  💰 Daily P&L: $-4,000.00

[2026-04-15 14:17] O:7057.00 H:7057.00 L:7055.50 C:7056.75 V:1649.0
  📈 Trend: moderate_bullish
  🗺️  Grid: 0.080% | 🔺 7057.25 🔻 7056.00
  📡 RSI: 40.5 | MACD: 0.59 | ATR: 1.59
  📊 Filled: 0 | Pending: 0
  💰 Daily P&L: $-4,000.00

[2026-04-15 14:18] O:7056.75 H:7058.25 L:7056.50 C:7057.75 V:1345.0
  📈 Trend: moderate_bullish
  🗺️  Grid: 0.080% | 🔺 7057.00 🔻 7055.50
  📡 RSI: 40.5 | MACD: 0.52 | ATR: 1.61
  📊 Filled: 0 | Pending: 0
  📤 Limit BUY 10 @ 7057.75 submitted (ID: 101)
  📋 Order 101 status: PreSubmitted
  ✅ Fill: BOT 10.0 @ 7057.25
  📋 Order 101 status: Filled
  ⬆️ LONG ORDER @ 7057.75 | Size: 1.00 | SL: 7049.25 | TP: 7070.50 [10cts]
     Reason: Grid Long (moderate_bullish, RSI: 40.5)
     ⏳ Order 101 PENDING - awaiting fill confirmation
  💰 Daily P&L: $-4,000.00
  📤 Stop SELL 10 @ 7049.25 submitted (ID: 102)
  📋 Order 102 status: PreSubmitted
  📤 Limit SELL 10 @ 7069.25 submitted (ID: 103)
  📋 Order 103 status: Submitted
  ✅ FILL CONFIRMED: LONG @ 7057.25 (order 101)
     📊 Bracket placed: SL #102 @ 7049.25 | TP #103 @ 7069.25
     Trail activates @ +6.0 pts

[2026-04-15 14:19] O:7058.00 H:7058.00 L:7056.75 C:7058.00 V:1772.0
  📈 Trend: moderate_bullish (raw: strong_bullish)
  🗺️  Grid: 0.080% | 🔺 7058.25 🔻 7056.50
  📡 RSI: 35.3 | MACD: 0.47 | ATR: 1.57
  📊 Filled: 1 | Pending: 0
  📍 LONG @ 7057.25 | SL: 7049.25 | TP: 7069.25 | P&L: $+375.00 | +6.0 to trail
  💰 Daily P&L: $-4,000.00

[2026-04-15 14:20] O:7058.00 H:7058.25 L:7057.00 C:7058.25 V:1176.0
  📈 Trend: strong_bullish
  🗺️  Grid: 0.080% | 🔺 7058.00 🔻 7056.75
  📡 RSI: 35.3 | MACD: 0.45 | ATR: 1.57
  📊 Filled: 1 | Pending: 0
  📍 LONG @ 7057.25 | SL: 7049.25 | TP: 7069.25 | P&L: $+500.00 | +5.2 to trail
  💰 Daily P&L: $-4,000.00

[2026-04-15 14:21] O:7058.25 H:7058.25 L:7057.25 C:7057.25 V:876.0
  📈 Trend: strong_bullish (raw: moderate_bullish)
  🗺️  Grid: 0.080% | 🔺 7058.25 🔻 7057.00
  📡 RSI: 32.4 | MACD: 0.35 | ATR: 1.57
  📊 Filled: 1 | Pending: 0
  📍 LONG @ 7057.25 | SL: 7049.25 | TP: 7069.25 | P&L: $+0.00 | +5.0 to trail
  💰 Daily P&L: $-4,000.00

[2026-04-15 14:22] O:7057.25 H:7059.25 L:7057.25 C:7059.25 V:1684.0
  📈 Trend: strong_bullish
  🗺️  Grid: 0.080% | 🔺 7058.25 🔻 7057.25
  📡 RSI: 44.4 | MACD: 0.43 | ATR: 1.61
  📊 Filled: 1 | Pending: 0
  📍 LONG @ 7057.25 | SL: 7049.25 | TP: 7069.25 | P&L: $+1,000.00 | +5.0 to trail
  💰 Daily P&L: $-4,000.00

[2026-04-15 14:23] O:7059.25 H:7060.50 L:7058.75 C:7060.00 V:2340.0
  📈 Trend: strong_bullish
  🗺️  Grid: 0.080% | 🔺 7059.25 🔻 7057.25
  📡 RSI: 48.9 | MACD: 0.54 | ATR: 1.62
  📊 Filled: 1 | Pending: 0
  📍 LONG @ 7057.25 | SL: 7049.25 | TP: 7069.25 | P&L: $+1,375.00 | +4.0 to trail
  💰 Daily P&L: $-4,000.00

[2026-04-15 14:24] O:7059.75 H:7060.50 L:7059.50 C:7059.75 V:1376.0
  📈 Trend: strong_bullish (raw: moderate_bullish)
  🗺️  Grid: 0.080% | 🔺 7060.50 🔻 7058.75
  📡 RSI: 44.4 | MACD: 0.60 | ATR: 1.61
  📊 Filled: 1 | Pending: 0
  📍 LONG @ 7057.25 | SL: 7049.25 | TP: 7069.25 | P&L: $+1,250.00 | +2.8 to trail
  💰 Daily P&L: $-4,000.00

[2026-04-15 14:25] O:7059.75 H:7061.75 L:7059.50 C:7061.25 V:1727.0
  📈 Trend: strong_bullish
  🗺️  Grid: 0.080% | 🔺 7060.50 🔻 7059.50
  📡 RSI: 57.8 | MACD: 0.77 | ATR: 1.57
  📊 Filled: 1 | Pending: 0
  📍 LONG @ 7057.25 | SL: 7049.25 | TP: 7069.25 | P&L: $+2,000.00 | +2.8 to trail
  💰 Daily P&L: $-4,000.00

[2026-04-15 14:26] O:7061.25 H:7061.50 L:7059.75 C:7060.00 V:1794.0
  📈 Trend: strong_bullish
  🗺️  Grid: 0.080% | 🔺 7061.75 🔻 7059.50
  📡 RSI: 51.0 | MACD: 0.79 | ATR: 1.61
  📊 Filled: 1 | Pending: 0
  📍 LONG @ 7057.25 | SL: 7049.25 | TP: 7069.25 | P&L: $+1,375.00 | +1.5 to trail
  💰 Daily P&L: $-4,000.00

[2026-04-15 14:27] O:7060.00 H:7061.00 L:7058.75 C:7060.75 V:1769.0
  📈 Trend: strong_bullish
  🗺️  Grid: 0.080% | 🔺 7061.50 🔻 7059.75
  📡 RSI: 59.6 | MACD: 0.85 | ATR: 1.66
  📊 Filled: 1 | Pending: 0
  📍 LONG @ 7057.25 | SL: 7049.25 | TP: 7069.25 | P&L: $+1,750.00 | +1.5 to trail
  💰 Daily P&L: $-4,000.00

[2026-04-15 14:28] O:7060.75 H:7061.75 L:7060.50 C:7061.50 V:1533.0
  📈 Trend: strong_bullish
  🗺️  Grid: 0.080% | 🔺 7061.00 🔻 7058.75
  📡 RSI: 73.8 | MACD: 0.95 | ATR: 1.55
  📊 Filled: 1 | Pending: 0
  📍 LONG @ 7057.25 | SL: 7049.25 | TP: 7069.25 | P&L: $+2,125.00 | +1.5 to trail
  💰 Daily P&L: $-4,000.00

[2026-04-15 14:29] O:7061.50 H:7062.25 L:7061.25 C:7061.75 V:1803.0
  📈 Trend: strong_bullish
  🗺️  Grid: 0.080% | 🔺 7061.75 🔻 7060.50
  📡 RSI: 73.2 | MACD: 1.04 | ATR: 1.52
  📊 Filled: 1 | Pending: 0
  📍 LONG @ 7057.25 | SL: 7049.25 | TP: 7069.25 | P&L: $+2,250.00 | +1.5 to trail
  💰 Daily P&L: $-4,000.00

[2026-04-15 14:30] O:7061.75 H:7061.75 L:7060.25 C:7061.25 V:2253.0
  📈 Trend: strong_bullish
  🗺️  Grid: 0.080% | 🔺 7062.25 🔻 7061.25
  📡 RSI: 69.8 | MACD: 1.06 | ATR: 1.54
  📊 Filled: 1 | Pending: 0
  📍 LONG @ 7057.25 | SL: 7049.25 | TP: 7069.25 | P&L: $+2,000.00 | +1.0 to trail
  💰 Daily P&L: $-4,000.00

[2026-04-15 14:31] O:7061.25 H:7061.50 L:7059.75 C:7060.00 V:1862.0
  📈 Trend: strong_bullish
  🗺️  Grid: 0.080% | 🔺 7061.75 🔻 7060.25
  📡 RSI: 63.8 | MACD: 0.96 | ATR: 1.55
  📊 Filled: 1 | Pending: 0
  📍 LONG @ 7057.25 | SL: 7049.25 | TP: 7069.25 | P&L: $+1,375.00 | +1.0 to trail
  💰 Daily P&L: $-4,000.00

[2026-04-15 14:32] O:7060.00 H:7060.75 L:7059.25 C:7060.75 V:1329.0
  📈 Trend: strong_bullish
  🗺️  Grid: 0.080% | 🔺 7061.50 🔻 7059.75
  📡 RSI: 63.0 | MACD: 0.93 | ATR: 1.54
  📊 Filled: 1 | Pending: 0
  📍 LONG @ 7057.25 | SL: 7049.25 | TP: 7069.25 | P&L: $+1,750.00 | +1.0 to trail
  💰 Daily P&L: $-4,000.00

[2026-04-15 14:33] O:7060.75 H:7060.75 L:7059.50 C:7060.25 V:1495.0
  📈 Trend: strong_bullish
  🗺️  Grid: 0.080% | 🔺 7060.75 🔻 7059.25
  📡 RSI: 59.6 | MACD: 0.86 | ATR: 1.54
  📊 Filled: 1 | Pending: 0
  📍 LONG @ 7057.25 | SL: 7049.25 | TP: 7069.25 | P&L: $+1,500.00 | +1.0 to trail
  💰 Daily P&L: $-4,000.00

[2026-04-15 14:34] O:7060.00 H:7062.00 L:7060.00 C:7061.75 V:1634.0
  📈 Trend: strong_bullish
  🗺️  Grid: 0.080% | 🔺 7060.75 🔻 7059.50
  📡 RSI: 63.5 | MACD: 0.91 | ATR: 1.59
  📊 Filled: 1 | Pending: 0
  📍 LONG @ 7057.25 | SL: 7049.25 | TP: 7069.25 | P&L: $+2,250.00 | +1.0 to trail
  💰 Daily P&L: $-4,000.00

[2026-04-15 14:35] O:7061.50 H:7063.25 L:7061.25 C:7062.25 V:3068.0
  📈 Trend: strong_bullish
  🗺️  Grid: 0.080% | 🔺 7062.00 🔻 7060.00
  📡 RSI: 70.0 | MACD: 0.99 | ATR: 1.66
  📊 Filled: 1 | Pending: 0
  📍 LONG @ 7057.25 | SL: 7049.25 | TP: 7069.25 | P&L: $+2,500.00 | +1.0 to trail
  ✏️ Stop order 102 modified → 7062.25 [confirmed]
  🔄 TRAILING ACTIVATED @ +6.00pts | Stop: 7049.25 → 7062.25
  💰 Daily P&L: $-4,000.00
  ✅ Fill: SLD 10.0 @ 7061.75
  📋 Order 102 status: Filled

[2026-04-15 14:36] O:7062.00 H:7062.25 L:7060.50 C:7061.50 V:2358.0
  📈 Trend: strong_bullish
  🗺️  Grid: 0.080% | 🔺 7063.25 🔻 7061.25
  📡 RSI: 60.0 | MACD: 0.97 | ATR: 1.64
  📊 Filled: 1 | Pending: 0
  📍 LONG @ 7057.25 | Trail: 7062.25 | TP: 7069.25 | P&L: $+2,125.00 | 🔒 Trailing
  📋 Order 103 status: PendingCancel
  📋 Order 103 status: Cancelled
  ✅ EXIT LONG @ 7061.75 | Trailing Stop
     P&L: +4.50 pts ($+2,250.00) | Daily: $-1,750.00
  ⏸️ Cooldown: 2 bar(s) remaining after exit
  💰 Daily P&L: $-1,750.00

[2026-04-15 14:37] O:7061.50 H:7061.50 L:7060.00 C:7060.25 V:1926.0
  📈 Trend: strong_bullish
  🗺️  Grid: 0.080% | 🔺 7062.25 🔻 7060.50
  📡 RSI: 51.1 | MACD: 0.85 | ATR: 1.62
  📊 Filled: 0 | Pending: 0
  ⏸️ Cooldown: 1 bar(s) remaining after exit
  💰 Daily P&L: $-1,750.00

[2026-04-15 14:38] O:7060.25 H:7060.75 L:7058.00 C:7058.75 V:2637.0
  📈 Trend: strong_bullish
  🗺️  Grid: 0.080% | 🔺 7061.50 🔻 7060.00
  📡 RSI: 46.2 | MACD: 0.62 | ATR: 1.75
  📊 Filled: 0 | Pending: 0
  💰 Daily P&L: $-1,750.00

[2026-04-15 14:39] O:7058.50 H:7058.75 L:7056.75 C:7057.00 V:2280.0
  📈 Trend: strong_bullish (raw: moderate_bullish)
  🗺️  Grid: 0.080% | 🔺 7060.75 🔻 7058.00
  📡 RSI: 34.0 | MACD: 0.30 | ATR: 1.73
  📊 Filled: 0 | Pending: 0
  💰 Daily P&L: $-1,750.00

[2026-04-15 14:40] O:7057.00 H:7057.00 L:7054.25 C:7055.50 V:4473.0
  📈 Trend: moderate_bullish
  🗺️  Grid: 0.080% | 🔺 7058.75 🔻 7056.75
  📡 RSI: 33.3 | MACD: -0.08 | ATR: 1.80
  📊 Filled: 0 | Pending: 0
  💰 Daily P&L: $-1,750.00

[2026-04-15 14:41] O:7055.50 H:7056.50 L:7055.25 C:7055.50 V:2429.0
  📈 Trend: moderate_bullish
  🗺️  Grid: 0.080% | 🔺 7057.00 🔻 7054.25
  📡 RSI: 29.4 | MACD: -0.37 | ATR: 1.73
  📊 Filled: 0 | Pending: 0
  💰 Daily P&L: $-1,750.00

[2026-04-15 14:42] O:7055.50 H:7056.50 L:7054.75 C:7056.50 V:2980.0
  📈 Trend: moderate_bullish
  🗺️  Grid: 0.080% | 🔺 7056.50 🔻 7055.25
  📡 RSI: 30.8 | MACD: -0.52 | ATR: 1.77
  📊 Filled: 0 | Pending: 0
  💰 Daily P&L: $-1,750.00

[2026-04-15 14:43] O:7056.50 H:7058.75 L:7056.50 C:7057.75 V:2710.0
  📈 Trend: moderate_bullish
  🗺️  Grid: 0.080% | 🔺 7056.50 🔻 7054.75
  📡 RSI: 35.7 | MACD: -0.53 | ATR: 1.86
  📊 Filled: 0 | Pending: 0
  📤 Limit BUY 10 @ 7057.75 submitted (ID: 104)
  📋 Order 104 status: Submitted
  ⬆️ LONG ORDER @ 7057.75 | Size: 1.00 | SL: 7049.25 | TP: 7070.50 [10cts]
     Reason: Grid Long (moderate_bullish, RSI: 35.7)
     ⏳ Order 104 PENDING - awaiting fill confirmation
  💰 Daily P&L: $-1,750.00
  ✅ Fill: BOT 7.0 @ 7057.75
  📋 Order 104 status: Submitted
  ✅ Fill: BOT 3.0 @ 7057.75
  📋 Order 104 status: Filled
  📤 Stop SELL 10 @ 7049.75 submitted (ID: 105)
  📋 Order 105 status: PreSubmitted
  📤 Limit SELL 10 @ 7069.75 submitted (ID: 106)
  📋 Order 106 status: Submitted
  ✅ FILL CONFIRMED: LONG @ 7057.75 (order 104)
     📊 Bracket placed: SL #105 @ 7049.75 | TP #106 @ 7069.75
     Trail activates @ +6.0 pts

[2026-04-15 14:44] O:7057.75 H:7059.00 L:7056.50 C:7056.75 V:1745.0
  📈 Trend: moderate_bullish
  🗺️  Grid: 0.080% | 🔺 7058.75 🔻 7056.50
  📡 RSI: 34.5 | MACD: -0.61 | ATR: 1.93
  📊 Filled: 1 | Pending: 0
  📍 LONG @ 7057.75 | SL: 7049.75 | TP: 7069.75 | P&L: $-500.00 | +6.0 to trail
  💰 Daily P&L: $-1,750.00

[2026-04-15 14:45] O:7056.75 H:7057.00 L:7055.25 C:7055.25 V:2143.0
  📈 Trend: moderate_bullish
  🗺️  Grid: 0.080% | 🔺 7059.00 🔻 7056.50
  📡 RSI: 33.9 | MACD: -0.78 | ATR: 1.93
  📊 Filled: 1 | Pending: 0
  📍 LONG @ 7057.75 | SL: 7049.75 | TP: 7069.75 | P&L: $-1,250.00 | +4.8 to trail
  💰 Daily P&L: $-1,750.00

[2026-04-15 14:46] O:7055.50 H:7059.00 L:7055.25 C:7058.25 V:2693.0
  📈 Trend: moderate_bullish
  🗺️  Grid: 0.080% | 🔺 7057.00 🔻 7055.25
  📡 RSI: 42.6 | MACD: -0.67 | ATR: 2.09
  📊 Filled: 1 | Pending: 0
  📍 LONG @ 7057.75 | SL: 7049.75 | TP: 7069.75 | P&L: $+250.00 | +4.8 to trail
  💰 Daily P&L: $-1,750.00

[2026-04-15 14:47] O:7058.50 H:7059.75 L:7058.00 C:7059.25 V:2793.0
  📈 Trend: moderate_bullish
  🗺️  Grid: 0.080% | 🔺 7059.00 🔻 7055.25
  📡 RSI: 47.1 | MACD: -0.50 | ATR: 2.12
  📊 Filled: 1 | Pending: 0
  📍 LONG @ 7057.75 | SL: 7049.75 | TP: 7069.75 | P&L: $+750.00 | +4.8 to trail
  💰 Daily P&L: $-1,750.00

[2026-04-15 14:48] O:7059.25 H:7060.25 L:7059.00 C:7059.75 V:2738.0
  📈 Trend: moderate_bullish (raw: moderate_bearish)
  🗺️  Grid: 0.080% | 🔺 7059.75 🔻 7058.00
  📡 RSI: 43.9 | MACD: -0.32 | ATR: 2.07
  📊 Filled: 1 | Pending: 0
  📍 LONG @ 7057.75 | SL: 7049.75 | TP: 7069.75 | P&L: $+1,000.00 | +4.0 to trail
  💰 Daily P&L: $-1,750.00

[2026-04-15 14:49] O:7059.75 H:7059.75 L:7056.50 C:7057.00 V:3829.0
  📈 Trend: moderate_bullish (raw: strong_bearish)
  🗺️  Grid: 0.080% | 🔺 7060.25 🔻 7059.00
  📡 RSI: 36.0 | MACD: -0.39 | ATR: 2.16
  📊 Filled: 1 | Pending: 0
  📍 LONG @ 7057.75 | SL: 7049.75 | TP: 7069.75 | P&L: $-375.00 | +3.5 to trail
  💰 Daily P&L: $-1,750.00

[2026-04-15 14:50] O:7057.00 H:7063.00 L:7056.75 C:7061.25 V:8391.0
  📈 Trend: moderate_bullish
  🗺️  Grid: 0.080% | 🔺 7059.75 🔻 7056.50
  📡 RSI: 49.4 | MACD: -0.11 | ATR: 2.48
  📊 Filled: 1 | Pending: 0
  📍 LONG @ 7057.75 | SL: 7049.75 | TP: 7069.75 | P&L: $+1,750.00 | +3.5 to trail
  💰 Daily P&L: $-1,750.00

[2026-04-15 14:51] O:7061.25 H:7062.25 L:7060.50 C:7061.50 V:3706.0
  📈 Trend: moderate_bullish (raw: strong_bullish)
  🗺️  Grid: 0.080% | 🔺 7063.00 🔻 7056.75
  📡 RSI: 52.9 | MACD: 0.14 | ATR: 2.50
  📊 Filled: 1 | Pending: 0
  📍 LONG @ 7057.75 | SL: 7049.75 | TP: 7069.75 | P&L: $+1,875.00 | +0.8 to trail
  💰 Daily P&L: $-1,750.00

[2026-04-15 14:52] O:7061.50 H:7061.75 L:7058.50 C:7059.50 V:5836.0
  📈 Trend: moderate_bullish
  🗺️  Grid: 0.080% | 🔺 7062.25 🔻 7060.50
  📡 RSI: 51.7 | MACD: 0.17 | ATR: 2.54
  📊 Filled: 1 | Pending: 0
  📍 LONG @ 7057.75 | SL: 7049.75 | TP: 7069.75 | P&L: $+875.00 | +0.8 to trail
  💰 Daily P&L: $-1,750.00

[2026-04-15 14:53] O:7059.50 H:7059.75 L:7056.75 C:7057.75 V:5900.0
  📈 Trend: moderate_bullish
  🗺️  Grid: 0.080% | 🔺 7061.75 🔻 7058.50
  📡 RSI: 51.7 | MACD: 0.05 | ATR: 2.61
  📊 Filled: 1 | Pending: 0
  📍 LONG @ 7057.75 | SL: 7049.75 | TP: 7069.75 | P&L: $+0.00 | +0.8 to trail
  💰 Daily P&L: $-1,750.00

[2026-04-15 14:54] O:7057.75 H:7061.25 L:7057.75 C:7060.50 V:6750.0
  📈 Trend: moderate_bullish
  🗺️  Grid: 0.080% | 🔺 7059.75 🔻 7056.75
  📡 RSI: 60.9 | MACD: 0.18 | ATR: 2.66
  📊 Filled: 1 | Pending: 0
  📍 LONG @ 7057.75 | SL: 7049.75 | TP: 7069.75 | P&L: $+1,375.00 | +0.8 to trail
  💰 Daily P&L: $-1,750.00

[2026-04-15 14:55] O:7060.25 H:7064.50 L:7060.00 C:7063.50 V:9237.0
  📈 Trend: moderate_bullish (raw: strong_bullish)
  🗺️  Grid: 0.080% | 🔺 7061.25 🔻 7057.75
  📡 RSI: 65.4 | MACD: 0.52 | ATR: 2.89
  📊 Filled: 1 | Pending: 0
  📍 LONG @ 7057.75 | SL: 7049.75 | TP: 7069.75 | P&L: $+2,875.00 | +0.8 to trail
  ✏️ Stop order 105 modified → 7062.75 [confirmed]
  🔄 TRAILING ACTIVATED @ +6.75pts | Stop: 7049.75 → 7062.75
  💰 Daily P&L: $-1,750.00
  ✅ Fill: SLD 10.0 @ 7062.75
  📋 Order 105 status: Filled

[2026-04-15 14:56] O:7063.50 H:7063.75 L:7061.75 C:7061.75 V:5924.0
  📈 Trend: strong_bullish
  🗺️  Grid: 0.080% | 🔺 7064.50 🔻 7060.00
  📡 RSI: 59.8 | MACD: 0.64 | ATR: 2.91
  📊 Filled: 1 | Pending: 0
  📍 LONG @ 7057.75 | Trail: 7062.75 | TP: 7069.75 | P&L: $+2,000.00 | 🔒 Trailing
  📋 Order 106 status: PendingCancel
  📋 Order 106 status: Cancelled
  ✅ EXIT LONG @ 7062.75 | Trailing Stop
     P&L: +5.00 pts ($+2,500.00) | Daily: $+750.00
  ⏸️ Cooldown: 2 bar(s) remaining after exit
  💰 Daily P&L: $+750.00

[2026-04-15 14:57] O:7061.50 H:7063.50 L:7061.00 C:7063.25 V:6558.0
  📈 Trend: strong_bullish
  🗺️  Grid: 0.080% | 🔺 7063.75 🔻 7061.75
  📡 RSI: 60.2 | MACD: 0.84 | ATR: 2.93
  📊 Filled: 0 | Pending: 0
  ⏸️ Cooldown: 1 bar(s) remaining after exit
  💰 Daily P&L: $+750.00

[2026-04-15 14:58] O:7063.00 H:7063.75 L:7062.25 C:7062.75 V:8339.0
  📈 Trend: strong_bullish
  🗺️  Grid: 0.080% | 🔺 7063.50 🔻 7061.00
  📡 RSI: 61.3 | MACD: 0.95 | ATR: 2.86
  📊 Filled: 0 | Pending: 0
  💰 Daily P&L: $+750.00

[2026-04-15 14:59] O:7062.75 H:7064.50 L:7058.50 C:7060.00 V:60428.0
  📈 Trend: strong_bullish
  🗺️  Grid: 0.080% | 🔺 7063.75 🔻 7062.25
  📡 RSI: 58.6 | MACD: 0.81 | ATR: 3.16
  📊 Filled: 0 | Pending: 0
  💰 Daily P&L: $+750.00

[2026-04-15 15:00] O:7060.25 H:7062.50 L:7057.00 C:7057.00 V:16277.0
  📈 Trend: strong_bullish (raw: moderate_bullish)
  🗺️  Grid: 0.080% | 🔺 7064.50 🔻 7058.50
  📡 RSI: 47.7 | MACD: 0.45 | ATR: 3.29
  📊 Filled: 0 | Pending: 0
  💰 Daily P&L: $+750.00

[2026-04-15 15:01] O:7057.00 H:7059.25 L:7057.00 C:7059.00 V:3845.0
  📈 Trend: strong_bullish
  🗺️  Grid: 0.080% | 🔺 7062.50 🔻 7057.00
  📡 RSI: 49.6 | MACD: 0.32 | ATR: 3.32
  📊 Filled: 0 | Pending: 0
  💰 Daily P&L: $+750.00

[2026-04-15 15:02] O:7058.75 H:7059.00 L:7056.25 C:7057.00 V:2316.0
  📈 Trend: strong_bullish (raw: moderate_bullish)
  🗺️  Grid: 0.080% | 🔺 7059.25 🔻 7057.00
  📡 RSI: 45.5 | MACD: 0.06 | ATR: 3.43
  📊 Filled: 0 | Pending: 0
  💰 Daily P&L: $+750.00

[2026-04-15 15:03] O:7056.75 H:7057.75 L:7056.75 C:7057.00 V:1828.0
  📈 Trend: strong_bullish
  🗺️  Grid: 0.080% | 🔺 7059.00 🔻 7056.25
  📡 RSI: 50.0 | MACD: -0.15 | ATR: 3.27
  📊 Filled: 0 | Pending: 0
  💰 Daily P&L: $+750.00

[2026-04-15 15:04] O:7057.00 H:7057.25 L:7055.50 C:7056.00 V:1333.0
  📈 Trend: strong_bullish
  🗺️  Grid: 0.080% | 🔺 7057.75 🔻 7056.75
  📡 RSI: 39.2 | MACD: -0.39 | ATR: 2.95
  📊 Filled: 0 | Pending: 0
  💰 Daily P&L: $+750.00

[2026-04-15 15:05] O:7056.25 H:7056.25 L:7054.75 C:7055.25 V:1924.0
  📈 Trend: strong_bullish (raw: moderate_bullish)
  🗺️  Grid: 0.080% | 🔺 7057.25 🔻 7055.50
  📡 RSI: 37.4 | MACD: -0.63 | ATR: 2.93
  📊 Filled: 0 | Pending: 0
  💰 Daily P&L: $+750.00

[2026-04-15 15:06] O:7055.25 H:7056.50 L:7055.00 C:7055.25 V:1326.0
  📈 Trend: moderate_bullish
  🗺️  Grid: 0.080% | 🔺 7056.25 🔻 7054.75
  📡 RSI: 40.7 | MACD: -0.82 | ATR: 2.80
  📊 Filled: 0 | Pending: 0
  💰 Daily P&L: $+750.00

[2026-04-15 15:07] O:7055.25 H:7055.75 L:7054.75 C:7055.25 V:886.0
  📈 Trend: moderate_bullish (raw: strong_bearish)
  🗺️  Grid: 0.080% | 🔺 7056.50 🔻 7055.00
  📡 RSI: 44.0 | MACD: -0.95 | ATR: 2.66
  📊 Filled: 0 | Pending: 0
  💰 Daily P&L: $+750.00

[2026-04-15 15:08] O:7055.50 H:7055.75 L:7054.25 C:7055.50 V:1240.0
  📈 Trend: strong_bearish
  🗺️  Grid: 0.080% | 🔺 7055.75 🔻 7054.75
  📡 RSI: 36.5 | MACD: -1.03 | ATR: 2.52
  📊 Filled: 0 | Pending: 0
  💰 Daily P&L: $+750.00

[2026-04-15 15:09] O:7055.50 H:7056.75 L:7055.25 C:7055.75 V:905.0
  📈 Trend: strong_bearish
  🗺️  Grid: 0.080% | 🔺 7055.75 🔻 7054.25
  📡 RSI: 25.4 | MACD: -1.05 | ATR: 2.30
  📊 Filled: 0 | Pending: 0
  💰 Daily P&L: $+750.00

[2026-04-15 15:10] O:7056.00 H:7056.50 L:7055.25 C:7055.25 V:1055.0
  📈 Trend: strong_bearish
  🗺️  Grid: 0.080% | 🔺 7056.75 🔻 7055.25
  📡 RSI: 27.6 | MACD: -1.10 | ATR: 2.25
  📊 Filled: 0 | Pending: 0
  💰 Daily P&L: $+750.00

[2026-04-15 15:11] O:7055.50 H:7055.50 L:7054.75 C:7055.00 V:979.0
  📈 Trend: strong_bearish
  🗺️  Grid: 0.080% | 🔺 7056.50 🔻 7055.25
  📡 RSI: 18.9 | MACD: -1.15 | ATR: 2.12
  📊 Filled: 0 | Pending: 0
  💰 Daily P&L: $+750.00

[2026-04-15 15:12] O:7055.00 H:7055.75 L:7054.75 C:7055.50 V:1000.0
  📈 Trend: strong_bearish
  🗺️  Grid: 0.080% | 🔺 7055.50 🔻 7054.75
  📡 RSI: 22.6 | MACD: -1.13 | ATR: 2.09
  📊 Filled: 0 | Pending: 0
  💰 Daily P&L: $+750.00

[2026-04-15 15:13] O:7055.50 H:7055.75 L:7054.75 C:7055.50 V:1249.0
  📈 Trend: strong_bearish
  🗺️  Grid: 0.080% | 🔺 7055.75 🔻 7054.75
  📡 RSI: 28.6 | MACD: -1.11 | ATR: 1.73
  📊 Filled: 0 | Pending: 0
  💰 Daily P&L: $+750.00

[2026-04-15 15:14] O:7055.50 H:7056.75 L:7055.25 C:7056.00 V:2058.0
  📈 Trend: strong_bearish
  🗺️  Grid: 0.080% | 🔺 7055.75 🔻 7054.75
  📡 RSI: 43.8 | MACD: -1.03 | ATR: 1.45
  📊 Filled: 0 | Pending: 0
  💰 Daily P&L: $+750.00

[2026-04-15 15:15] O:7055.75 H:7058.25 L:7055.75 C:7058.00 V:792.0
  📈 Trend: strong_bearish (raw: moderate_bearish)
  🗺️  Grid: 0.080% | 🔺 7056.75 🔻 7055.25
  📡 RSI: 43.8 | MACD: -0.80 | ATR: 1.46
  📊 Filled: 0 | Pending: 0
  💰 Daily P&L: $+750.00

[2026-04-15 15:16] O:7057.75 H:7058.25 L:7057.50 C:7058.00 V:375.0
  📈 Trend: moderate_bearish
  🗺️  Grid: 0.080% | 🔺 7058.25 🔻 7055.75
  📡 RSI: 58.3 | MACD: -0.62 | ATR: 1.32
  📊 Filled: 0 | Pending: 0
  💰 Daily P&L: $+750.00

[2026-04-15 15:17] O:7058.00 H:7058.00 L:7057.50 C:7057.50 V:305.0
  📈 Trend: moderate_bearish
  🗺️  Grid: 0.080% | 🔺 7058.25 🔻 7057.50
  📡 RSI: 53.8 | MACD: -0.50 | ATR: 1.29
  📊 Filled: 0 | Pending: 0
  💰 Daily P&L: $+750.00

[2026-04-15 15:18] O:7057.50 H:7057.75 L:7057.25 C:7057.50 V:158.0
  📈 Trend: moderate_bearish
  🗺️  Grid: 0.080% | 🔺 7058.00 🔻 7057.50
  📡 RSI: 63.6 | MACD: -0.41 | ATR: 1.20
  📊 Filled: 0 | Pending: 0
  💰 Daily P&L: $+750.00

[2026-04-15 15:19] O:7057.50 H:7058.00 L:7057.25 C:7057.25 V:410.0
  📈 Trend: moderate_bearish (raw: moderate_bullish)
  🗺️  Grid: 0.080% | 🔺 7057.75 🔻 7057.25
  📡 RSI: 70.0 | MACD: -0.35 | ATR: 1.14
  📊 Filled: 0 | Pending: 0
  💰 Daily P&L: $+750.00

[2026-04-15 15:20] O:7057.25 H:7057.50 L:7057.00 C:7057.50 V:267.0
  📈 Trend: moderate_bearish
  🗺️  Grid: 0.080% | 🔺 7058.00 🔻 7057.25
  📡 RSI: 71.4 | MACD: -0.28 | ATR: 1.07
  📊 Filled: 0 | Pending: 0
  💰 Daily P&L: $+750.00

[2026-04-15 15:21] O:7057.50 H:7057.75 L:7056.50 C:7057.00 V:590.0
  📈 Trend: moderate_bearish
  🗺️  Grid: 0.080% | 🔺 7057.50 🔻 7057.00
  📡 RSI: 65.2 | MACD: -0.26 | ATR: 1.09
  📊 Filled: 0 | Pending: 0
  💰 Daily P&L: $+750.00

[2026-04-15 15:22] O:7057.00 H:7057.75 L:7056.75 C:7057.75 V:222.0
  📈 Trend: moderate_bearish (raw: moderate_bullish)
  🗺️  Grid: 0.080% | 🔺 7057.75 🔻 7056.50
  📡 RSI: 68.0 | MACD: -0.18 | ATR: 1.05
  📊 Filled: 0 | Pending: 0
  💰 Daily P&L: $+750.00

[2026-04-15 15:23] O:7057.75 H:7058.75 L:7057.75 C:7058.25 V:271.0
  📈 Trend: moderate_bullish
  🗺️  Grid: 0.080% | 🔺 7057.75 🔻 7056.75
  📡 RSI: 69.2 | MACD: -0.08 | ATR: 1.02
  📊 Filled: 0 | Pending: 0
  💰 Daily P&L: $+750.00

[2026-04-15 15:24] O:7058.00 H:7058.75 L:7058.00 C:7058.00 V:366.0
  📈 Trend: moderate_bullish
  🗺️  Grid: 0.080% | 🔺 7058.75 🔻 7057.75
  📡 RSI: 72.0 | MACD: -0.02 | ATR: 0.98
  📊 Filled: 0 | Pending: 0
  💰 Daily P&L: $+750.00

[2026-04-15 15:25] O:7058.00 H:7058.25 L:7057.50 C:7057.50 V:288.0
  📈 Trend: moderate_bullish
  🗺️  Grid: 0.080% | 🔺 7058.75 🔻 7058.00
  📡 RSI: 69.2 | MACD: -0.01 | ATR: 0.98
  📊 Filled: 0 | Pending: 0
  💰 Daily P&L: $+750.00

[2026-04-15 15:26] O:7057.50 H:7057.50 L:7057.00 C:7057.00 V:247.0
  📈 Trend: moderate_bullish
  🗺️  Grid: 0.080% | 🔺 7058.25 🔻 7057.50
  📡 RSI: 61.5 | MACD: -0.04 | ATR: 0.95
  📊 Filled: 0 | Pending: 0
  💰 Daily P&L: $+750.00

[2026-04-15 15:27] O:7057.25 H:7057.75 L:7057.00 C:7057.25 V:258.0
  📈 Trend: moderate_bullish
  🗺️  Grid: 0.080% | 🔺 7057.50 🔻 7057.00
  📡 RSI: 63.0 | MACD: -0.05 | ATR: 0.93
  📊 Filled: 0 | Pending: 0
  💰 Daily P&L: $+750.00

[2026-04-15 15:28] O:7057.25 H:7057.50 L:7056.50 C:7057.00 V:328.0
  📈 Trend: moderate_bullish
  🗺️  Grid: 0.080% | 🔺 7057.75 🔻 7057.00
  📡 RSI: 57.7 | MACD: -0.07 | ATR: 0.89
  📊 Filled: 0 | Pending: 0
  💰 Daily P&L: $+750.00

[2026-04-15 15:29] O:7057.00 H:7057.25 L:7056.75 C:7057.25 V:264.0
  📈 Trend: moderate_bullish
  🗺️  Grid: 0.080% | 🔺 7057.50 🔻 7056.50
  📡 RSI: 42.1 | MACD: -0.07 | ATR: 0.75
  📊 Filled: 0 | Pending: 0
  💰 Daily P&L: $+750.00

[2026-04-15 15:30] O:7057.00 H:7058.00 L:7057.00 C:7057.75 V:259.0
  📈 Trend: moderate_bullish
  🗺️  Grid: 0.080% | 🔺 7057.25 🔻 7056.75
  📡 RSI: 47.6 | MACD: -0.03 | ATR: 0.77
  📊 Filled: 0 | Pending: 0
  💰 Daily P&L: $+750.00

[2026-04-15 15:31] O:7057.75 H:7057.75 L:7057.25 C:7057.50 V:274.0
  📈 Trend: moderate_bullish
  🗺️  Grid: 0.080% | 🔺 7058.00 🔻 7057.00
  📡 RSI: 50.0 | MACD: -0.01 | ATR: 0.77
  📊 Filled: 0 | Pending: 0
  💰 Daily P&L: $+750.00

[2026-04-15 15:32] O:7057.25 H:7058.25 L:7057.25 C:7058.25 V:259.0
  📈 Trend: moderate_bullish (raw: strong_bullish)
  🗺️  Grid: 0.080% | 🔺 7057.75 🔻 7057.25
  📡 RSI: 56.5 | MACD: 0.06 | ATR: 0.80
  📊 Filled: 0 | Pending: 0
  💰 Daily P&L: $+750.00

[2026-04-15 15:33] O:7058.25 H:7058.50 L:7057.50 C:7057.75 V:226.0
  📈 Trend: strong_bullish
  🗺️  Grid: 0.080% | 🔺 7058.25 🔻 7057.25
  📡 RSI: 54.2 | MACD: 0.07 | ATR: 0.82
  📊 Filled: 0 | Pending: 0
  💰 Daily P&L: $+750.00

[2026-04-15 15:34] O:7057.50 H:7058.25 L:7057.50 C:7058.25 V:140.0
  📈 Trend: strong_bullish
  🗺️  Grid: 0.080% | 🔺 7058.50 🔻 7057.50
  📡 RSI: 56.0 | MACD: 0.12 | ATR: 0.84
  📊 Filled: 0 | Pending: 0
  💰 Daily P&L: $+750.00

[2026-04-15 15:35] O:7058.25 H:7060.00 L:7058.25 C:7059.50 V:654.0
  📈 Trend: strong_bullish
  🗺️  Grid: 0.080% | 🔺 7058.25 🔻 7057.50
  📡 RSI: 67.9 | MACD: 0.26 | ATR: 0.88
  📊 Filled: 0 | Pending: 0
  💰 Daily P&L: $+750.00

[2026-04-15 15:36] O:7059.25 H:7059.25 L:7058.00 C:7058.50 V:622.0
  📈 Trend: strong_bullish
  🗺️  Grid: 0.080% | 🔺 7060.00 🔻 7058.25
  📡 RSI: 55.2 | MACD: 0.29 | ATR: 0.91
  📊 Filled: 0 | Pending: 0
  💰 Daily P&L: $+750.00

[2026-04-15 15:37] O:7058.75 H:7058.75 L:7058.00 C:7058.00 V:206.0
  📈 Trend: strong_bullish
  🗺️  Grid: 0.080% | 🔺 7059.25 🔻 7058.00
  📡 RSI: 48.3 | MACD: 0.26 | ATR: 0.89
  📊 Filled: 0 | Pending: 0
  💰 Daily P&L: $+750.00

[2026-04-15 15:38] O:7058.00 H:7058.50 L:7057.50 C:7058.00 V:392.0
  📈 Trend: strong_bullish
  🗺️  Grid: 0.080% | 🔺 7058.75 🔻 7058.00
  📡 RSI: 50.0 | MACD: 0.24 | ATR: 0.91
  📊 Filled: 0 | Pending: 0
  💰 Daily P&L: $+750.00

[2026-04-15 15:39] O:7058.00 H:7058.50 L:7058.00 C:7058.50 V:78.0
  📈 Trend: strong_bullish
  🗺️  Grid: 0.080% | 🔺 7058.50 🔻 7057.50
  📡 RSI: 57.1 | MACD: 0.26 | ATR: 0.89
  📊 Filled: 0 | Pending: 0
  💰 Daily P&L: $+750.00

[2026-04-15 15:40] O:7058.50 H:7058.50 L:7058.00 C:7058.25 V:91.0
  📈 Trend: strong_bullish
  🗺️  Grid: 0.080% | 🔺 7058.50 🔻 7058.00
  📡 RSI: 59.3 | MACD: 0.26 | ATR: 0.89
  📊 Filled: 0 | Pending: 0
  💰 Daily P&L: $+750.00

[2026-04-15 15:41] O:7058.25 H:7058.75 L:7058.25 C:7058.75 V:108.0
  📈 Trend: strong_bullish
  🗺️  Grid: 0.080% | 🔺 7058.50 🔻 7058.00
  📡 RSI: 60.7 | MACD: 0.29 | ATR: 0.88
  📊 Filled: 0 | Pending: 0
  💰 Daily P&L: $+750.00

[2026-04-15 15:42] O:7058.75 H:7059.25 L:7057.75 C:7058.00 V:303.0
  📈 Trend: strong_bullish
  🗺️  Grid: 0.080% | 🔺 7058.75 🔻 7058.25
  📡 RSI: 56.7 | MACD: 0.25 | ATR: 0.91
  📊 Filled: 0 | Pending: 0
  💰 Daily P&L: $+750.00

[2026-04-15 15:43] O:7057.75 H:7058.75 L:7057.75 C:7058.25 V:245.0
  📈 Trend: strong_bullish
  🗺️  Grid: 0.080% | 🔺 7059.25 🔻 7057.75
  📡 RSI: 56.7 | MACD: 0.24 | ATR: 0.95
  📊 Filled: 0 | Pending: 0
  💰 Daily P&L: $+750.00

[2026-04-15 15:44] O:7058.00 H:7058.50 L:7058.00 C:7058.50 V:105.0
  📈 Trend: strong_bullish
  🗺️  Grid: 0.080% | 🔺 7058.75 🔻 7057.75
  📡 RSI: 55.2 | MACD: 0.24 | ATR: 0.91
  📊 Filled: 0 | Pending: 0
  💰 Daily P&L: $+750.00

[2026-04-15 15:45] O:7058.50 H:7058.75 L:7057.75 C:7057.75 V:236.0
  📈 Trend: strong_bullish
  🗺️  Grid: 0.080% | 🔺 7058.50 🔻 7058.00
  📡 RSI: 51.6 | MACD: 0.19 | ATR: 0.95
  📊 Filled: 0 | Pending: 0
  💰 Daily P&L: $+750.00

[2026-04-15 15:46] O:7057.50 H:7057.75 L:7057.25 C:7057.75 V:259.0
  📈 Trend: strong_bullish
  🗺️  Grid: 0.080% | 🔺 7058.75 🔻 7057.75
  📡 RSI: 46.4 | MACD: 0.14 | ATR: 0.91
  📊 Filled: 0 | Pending: 0
  💰 Daily P&L: $+750.00

[2026-04-15 15:47] O:7057.75 H:7058.25 L:7057.75 C:7058.00 V:313.0
  📈 Trend: strong_bullish
  🗺️  Grid: 0.080% | 🔺 7057.75 🔻 7057.25
  📡 RSI: 51.9 | MACD: 0.12 | ATR: 0.88
  📊 Filled: 0 | Pending: 0
  💰 Daily P&L: $+750.00

[2026-04-15 15:48] O:7057.75 H:7057.75 L:7056.75 C:7057.25 V:367.0
  📈 Trend: strong_bullish (raw: moderate_bullish)
  🗺️  Grid: 0.080% | 🔺 7058.25 🔻 7057.75
  📡 RSI: 42.9 | MACD: 0.05 | ATR: 0.91
  📊 Filled: 0 | Pending: 0
  💰 Daily P&L: $+750.00

[2026-04-15 15:49] O:7057.50 H:7057.50 L:7057.00 C:7057.00 V:176.0
  📈 Trend: moderate_bullish
  🗺️  Grid: 0.080% | 🔺 7057.75 🔻 7056.75
  📡 RSI: 29.2 | MACD: -0.03 | ATR: 0.82
  📊 Filled: 0 | Pending: 0
  💰 Daily P&L: $+750.00

[2026-04-15 15:50] O:7057.25 H:7057.25 L:7057.00 C:7057.00 V:174.0
  📈 Trend: moderate_bullish
  🗺️  Grid: 0.080% | 🔺 7057.50 🔻 7057.00
  📡 RSI: 35.0 | MACD: -0.10 | ATR: 0.73
  📊 Filled: 0 | Pending: 0
  💰 Daily P&L: $+750.00

[2026-04-15 15:51] O:7057.25 H:7057.75 L:7057.00 C:7057.00 V:210.0
  📈 Trend: moderate_bullish
  🗺️  Grid: 0.080% | 🔺 7057.25 🔻 7057.00
  📡 RSI: 38.9 | MACD: -0.14 | ATR: 0.73
  📊 Filled: 0 | Pending: 0
  💰 Daily P&L: $+750.00

[2026-04-15 15:52] O:7057.00 H:7057.25 L:7056.75 C:7056.75 V:201.0
  📈 Trend: moderate_bullish
  🗺️  Grid: 0.080% | 🔺 7057.75 🔻 7057.00
  📡 RSI: 36.8 | MACD: -0.20 | ATR: 0.70
  📊 Filled: 0 | Pending: 0
  💰 Daily P&L: $+750.00

[2026-04-15 15:53] O:7057.00 H:7057.25 L:7056.50 C:7056.75 V:152.0
  📈 Trend: moderate_bullish
  🗺️  Grid: 0.080% | 🔺 7057.25 🔻 7056.75
  📡 RSI: 29.4 | MACD: -0.24 | ATR: 0.71
  📊 Filled: 0 | Pending: 0
  💰 Daily P&L: $+750.00

[2026-04-15 15:54] O:7056.75 H:7058.25 L:7056.50 C:7058.00 V:446.0
  📈 Trend: moderate_bullish
  🗺️  Grid: 0.080% | 🔺 7057.25 🔻 7056.50
  📡 RSI: 47.6 | MACD: -0.17 | ATR: 0.80
  📊 Filled: 0 | Pending: 0
  💰 Daily P&L: $+750.00

[2026-04-15 15:55] O:7058.00 H:7059.75 L:7058.00 C:7058.75 V:578.0
  📈 Trend: moderate_bullish (raw: strong_bullish)
  🗺️  Grid: 0.080% | 🔺 7058.25 🔻 7056.50
  📡 RSI: 50.0 | MACD: -0.05 | ATR: 0.89
  📊 Filled: 0 | Pending: 0
  💰 Daily P&L: $+750.00

[2026-04-15 15:56] O:7058.75 H:7058.75 L:7058.00 C:7058.25 V:288.0
  📈 Trend: strong_bullish
  🗺️  Grid: 0.080% | 🔺 7059.75 🔻 7058.00
  📡 RSI: 52.4 | MACD: -0.00 | ATR: 0.84
  📊 Filled: 0 | Pending: 0
  💰 Daily P&L: $+750.00

[2026-04-15 15:57] O:7058.50 H:7059.00 L:7058.00 C:7059.00 V:368.0
  📈 Trend: strong_bullish
  🗺️  Grid: 0.080% | 🔺 7058.75 🔻 7058.00
  📡 RSI: 56.5 | MACD: 0.10 | ATR: 0.84
  📊 Filled: 0 | Pending: 0
  💰 Daily P&L: $+750.00

[2026-04-15 15:58] O:7059.00 H:7059.00 L:7057.50 C:7057.75 V:359.0
  📈 Trend: strong_bullish
  🗺️  Grid: 0.080% | 🔺 7059.00 🔻 7058.00
  📡 RSI: 44.4 | MACD: 0.08 | ATR: 0.91
  📊 Filled: 0 | Pending: 0
  💰 Daily P&L: $+750.00
→ Real-time bars cancelled
✓ Disconnected from IBKR
