Logging to: es_bot_20260421_095834.log

============================================================
📈 MODE: SCALP
   • 10 contract(s) max
   • Grid entries only
   • Trailing stop enabled
   • SL: ~8 pts | TP: ~12 pts | Trail activates: +6 pts
   • Best for: Normal sessions, choppy/ranging opens
============================================================
✓ Connected to IBKR (paper) - clientId=10
✓ Front-month contract: ESM6 expiry=20260618

============================================================
Loading historical data for indicator warm-up...
============================================================
→ Fetching historical bars (1 D, 1 min)...
✓ Loaded 959 historical bars

Processing 959 historical bars...

Indicators ready!
  Bars loaded: 959
  Last price: 7167.00
  Trend: strong_bullish
  RSI: 71.9
  ATR: 3.21
  MACD: 2.76 / Signal: 1.91
  MA: 7160.70 / 7159.64 / 7169.83

------------------------------------------------------------
Account Value: $1,070,973.58
Buying Power: $4,272,844.13
Current Position: 0 contracts
------------------------------------------------------------

============================================================
Starting live 1-minute bar stream...
Strategy is now ACTIVE (SCALP mode)
============================================================

→ Subscribed to 5-second real-time bars (aggregating to 1 min)

[2026-04-21 08:58] O:7167.00 H:7167.25 L:7165.75 C:7166.75 V:664.0
  📈 Trend: sideways (raw: strong_bullish)
  🗺️  Grid: 0.080% | 🔺 7167.50 🔻 7165.50
  📡 RSI: 75.8 | MACD: 2.74 | ATR: 2.95
  📊 Filled: 0 | Pending: 0
  💰 Daily P&L: $+0.00

[2026-04-21 08:59] O:7166.75 H:7167.75 L:7166.00 C:7167.75 V:1934.0
  📈 Trend: strong_bullish
  🗺️  Grid: 0.080% | 🔺 7167.25 🔻 7165.75
  📡 RSI: 72.5 | MACD: 2.77 | ATR: 2.68
  📊 Filled: 0 | Pending: 0
  💰 Daily P&L: $+0.00

[2026-04-21 09:00] O:7167.50 H:7169.25 L:7164.50 C:7166.75 V:4890.0
  📈 Trend: strong_bullish
  🗺️  Grid: 0.080% | 🔺 7167.75 🔻 7166.00
  📡 RSI: 66.2 | MACD: 2.69 | ATR: 2.82
  📊 Filled: 0 | Pending: 0
  💰 Daily P&L: $+0.00

[2026-04-21 09:01] O:7166.75 H:7169.75 L:7166.50 C:7169.50 V:3345.0
  📈 Trend: strong_bullish
  🗺️  Grid: 0.080% | 🔺 7169.25 🔻 7164.50
  📡 RSI: 64.9 | MACD: 2.81 | ATR: 2.80
  📊 Filled: 0 | Pending: 0
  💰 Daily P&L: $+0.00

[2026-04-21 09:02] O:7169.50 H:7169.50 L:7166.75 C:7168.75 V:3179.0
  📈 Trend: strong_bullish
  🗺️  Grid: 0.080% | 🔺 7169.75 🔻 7166.50
  📡 RSI: 70.6 | MACD: 2.82 | ATR: 2.77
  📊 Filled: 0 | Pending: 0
  💰 Daily P&L: $+0.00

[2026-04-21 09:03] O:7168.75 H:7168.75 L:7166.00 C:7166.25 V:2584.0
  📈 Trend: strong_bullish
  🗺️  Grid: 0.080% | 🔺 7169.50 🔻 7166.75
  📡 RSI: 60.0 | MACD: 2.59 | ATR: 2.80
  📊 Filled: 0 | Pending: 0
  💰 Daily P&L: $+0.00

[2026-04-21 09:04] O:7166.50 H:7167.25 L:7165.00 C:7165.50 V:2403.0
  📈 Trend: strong_bullish (raw: moderate_bullish)
  🗺️  Grid: 0.080% | 🔺 7168.75 🔻 7166.00
  📡 RSI: 57.7 | MACD: 2.32 | ATR: 2.80
  📊 Filled: 0 | Pending: 0
  💰 Daily P&L: $+0.00

[2026-04-21 09:05] O:7165.75 H:7168.00 L:7165.00 C:7167.50 V:2374.0
  📈 Trend: moderate_bullish
  🗺️  Grid: 0.080% | 🔺 7167.25 🔻 7165.00
  📡 RSI: 55.4 | MACD: 2.24 | ATR: 2.70
  📊 Filled: 0 | Pending: 0
  💰 Daily P&L: $+0.00

[2026-04-21 09:06] O:7167.50 H:7168.25 L:7166.50 C:7167.00 V:1796.0
  📈 Trend: moderate_bullish
  🗺️  Grid: 0.080% | 🔺 7168.00 🔻 7165.00
  📡 RSI: 47.0 | MACD: 2.12 | ATR: 2.57
  📊 Filled: 0 | Pending: 0
  💰 Daily P&L: $+0.00

[2026-04-21 09:07] O:7167.00 H:7169.50 L:7166.75 C:7168.50 V:2548.0
  📈 Trend: moderate_bullish
  🗺️  Grid: 0.080% | 🔺 7168.25 🔻 7166.50
  📡 RSI: 56.9 | MACD: 2.12 | ATR: 2.54
  📊 Filled: 0 | Pending: 0
  💰 Daily P&L: $+0.00

[2026-04-21 09:08] O:7168.75 H:7171.25 L:7168.50 C:7170.75 V:3697.0
  📈 Trend: moderate_bullish
  🗺️  Grid: 0.080% | 🔺 7169.50 🔻 7166.75
  📡 RSI: 60.6 | MACD: 2.27 | ATR: 2.54
  📊 Filled: 0 | Pending: 0
  💰 Daily P&L: $+0.00

[2026-04-21 09:09] O:7170.75 H:7171.75 L:7169.75 C:7170.25 V:2498.0
  📈 Trend: moderate_bullish (raw: strong_bullish)
  🗺️  Grid: 0.080% | 🔺 7171.25 🔻 7168.50
  📡 RSI: 57.7 | MACD: 2.32 | ATR: 2.52
  📊 Filled: 0 | Pending: 0
  💰 Daily P&L: $+0.00

[2026-04-21 09:10] O:7170.25 H:7170.50 L:7166.75 C:7169.25 V:3965.0
  📈 Trend: moderate_bullish
  🗺️  Grid: 0.080% | 🔺 7171.75 🔻 7169.75
  📡 RSI: 58.6 | MACD: 2.26 | ATR: 2.64
  📊 Filled: 0 | Pending: 0
  💰 Daily P&L: $+0.00

[2026-04-21 09:11] O:7169.25 H:7171.50 L:7169.00 C:7171.25 V:2428.0
  📈 Trend: moderate_bullish (raw: strong_bullish)
  🗺️  Grid: 0.080% | 🔺 7170.50 🔻 7166.75
  📡 RSI: 61.3 | MACD: 2.34 | ATR: 2.68
  📊 Filled: 0 | Pending: 0
  💰 Daily P&L: $+0.00

[2026-04-21 09:12] O:7171.25 H:7171.50 L:7169.25 C:7170.75 V:1695.0
  📈 Trend: strong_bullish
  🗺️  Grid: 0.080% | 🔺 7171.50 🔻 7169.00
  📡 RSI: 60.5 | MACD: 2.34 | ATR: 2.73
  📊 Filled: 0 | Pending: 0
  💰 Daily P&L: $+0.00

[2026-04-21 09:13] O:7170.75 H:7171.50 L:7169.50 C:7170.75 V:1865.0
  📈 Trend: strong_bullish (raw: moderate_bullish)
  🗺️  Grid: 0.080% | 🔺 7171.50 🔻 7169.25
  📡 RSI: 58.3 | MACD: 2.31 | ATR: 2.75
  📊 Filled: 0 | Pending: 0
  💰 Daily P&L: $+0.00

[2026-04-21 09:14] O:7170.75 H:7171.50 L:7170.00 C:7170.00 V:2184.0
  📈 Trend: moderate_bullish
  🗺️  Grid: 0.080% | 🔺 7171.50 🔻 7169.50
  📡 RSI: 59.2 | MACD: 2.21 | ATR: 2.52
  📊 Filled: 0 | Pending: 0
  💰 Daily P&L: $+0.00

[2026-04-21 09:15] O:7170.25 H:7172.50 L:7170.00 C:7171.25 V:2905.0
  📈 Trend: moderate_bullish
  🗺️  Grid: 0.080% | 🔺 7171.50 🔻 7170.00
  📡 RSI: 55.4 | MACD: 2.20 | ATR: 2.46
  📊 Filled: 0 | Pending: 0
  💰 Daily P&L: $+0.00

[2026-04-21 09:16] O:7171.25 H:7171.75 L:7170.00 C:7171.25 V:2450.0
  📈 Trend: moderate_bullish
  🗺️  Grid: 0.080% | 🔺 7172.50 🔻 7170.00
  📡 RSI: 58.1 | MACD: 2.16 | ATR: 2.39
  📊 Filled: 0 | Pending: 0
  💰 Daily P&L: $+0.00

[2026-04-21 09:17] O:7171.25 H:7172.50 L:7170.75 C:7171.50 V:3372.0
  📈 Trend: moderate_bullish
  🗺️  Grid: 0.080% | 🔺 7171.75 🔻 7170.00
  📡 RSI: 69.8 | MACD: 2.13 | ATR: 2.32
  📊 Filled: 0 | Pending: 0
  💰 Daily P&L: $+0.00

[2026-04-21 09:18] O:7171.50 H:7171.75 L:7169.25 C:7170.00 V:3781.0
  📈 Trend: moderate_bullish
  🗺️  Grid: 0.080% | 🔺 7172.50 🔻 7170.75
  📡 RSI: 66.1 | MACD: 1.97 | ATR: 2.34
  📊 Filled: 0 | Pending: 0
  💰 Daily P&L: $+0.00

[2026-04-21 09:19] O:7170.00 H:7170.75 L:7167.75 C:7168.00 V:3624.0
  📈 Trend: moderate_bullish
  🗺️  Grid: 0.080% | 🔺 7171.75 🔻 7169.25
  📡 RSI: 51.8 | MACD: 1.65 | ATR: 2.34
  📊 Filled: 0 | Pending: 0
  💰 Daily P&L: $+0.00

[2026-04-21 09:20] O:7168.00 H:7168.50 L:7163.50 C:7164.75 V:4966.0
  📈 Trend: moderate_bullish (raw: moderate_bearish)
  🗺️  Grid: 0.080% | 🔺 7170.75 🔻 7167.75
  📡 RSI: 43.3 | MACD: 1.13 | ATR: 2.57
  📊 Filled: 0 | Pending: 0
  💰 Daily P&L: $+0.00

[2026-04-21 09:21] O:7164.75 H:7166.25 L:7164.25 C:7165.00 V:3011.0
  📈 Trend: moderate_bearish
  🗺️  Grid: 0.080% | 🔺 7168.50 🔻 7163.50
  📡 RSI: 38.7 | MACD: 0.73 | ATR: 2.52
  📊 Filled: 0 | Pending: 0
  💰 Daily P&L: $+0.00

[2026-04-21 09:22] O:7165.00 H:7166.25 L:7164.50 C:7165.75 V:2364.0
  📈 Trend: moderate_bearish
  🗺️  Grid: 0.080% | 🔺 7166.25 🔻 7164.25
  📡 RSI: 32.1 | MACD: 0.46 | ATR: 2.45
  📊 Filled: 0 | Pending: 0
  💰 Daily P&L: $+0.00

[2026-04-21 09:23] O:7165.75 H:7166.50 L:7161.75 C:7162.50 V:3657.0
  📈 Trend: moderate_bearish (raw: strong_bearish)
  🗺️  Grid: 0.080% | 🔺 7166.25 🔻 7164.50
  📡 RSI: 26.9 | MACD: -0.01 | ATR: 2.64
  📊 Filled: 0 | Pending: 0
  💰 Daily P&L: $+0.00

[2026-04-21 09:24] O:7162.50 H:7163.75 L:7161.25 C:7163.00 V:3354.0
  📈 Trend: strong_bearish
  🗺️  Grid: 0.080% | 🔺 7166.50 🔻 7161.75
  📡 RSI: 30.8 | MACD: -0.34 | ATR: 2.55
  📊 Filled: 0 | Pending: 0
  💰 Daily P&L: $+0.00

[2026-04-21 09:25] O:7163.00 H:7164.50 L:7162.50 C:7164.25 V:2683.0
  📈 Trend: strong_bearish
  🗺️  Grid: 0.080% | 🔺 7163.75 🔻 7161.25
  📡 RSI: 27.4 | MACD: -0.49 | ATR: 2.52
  📊 Filled: 0 | Pending: 0
  💰 Daily P&L: $+0.00

[2026-04-21 09:26] O:7164.25 H:7165.75 L:7163.00 C:7165.00 V:2652.0
  📈 Trend: strong_bearish
  🗺️  Grid: 0.080% | 🔺 7164.50 🔻 7162.50
  📡 RSI: 31.7 | MACD: -0.55 | ATR: 2.55
  📊 Filled: 0 | Pending: 0
  💰 Daily P&L: $+0.00

[2026-04-21 09:27] O:7165.00 H:7166.25 L:7163.25 C:7164.75 V:2917.0
  📈 Trend: strong_bearish
  🗺️  Grid: 0.080% | 🔺 7165.75 🔻 7163.00
  📡 RSI: 31.2 | MACD: -0.61 | ATR: 2.62
  📊 Filled: 0 | Pending: 0
  💰 Daily P&L: $+0.00

[2026-04-21 09:28] O:7165.00 H:7165.75 L:7163.00 C:7163.75 V:2135.0
  📈 Trend: strong_bearish
  🗺️  Grid: 0.080% | 🔺 7166.25 🔻 7163.25
  📡 RSI: 30.8 | MACD: -0.72 | ATR: 2.71
  📊 Filled: 0 | Pending: 0
  💰 Daily P&L: $+0.00

[2026-04-21 09:29] O:7164.00 H:7165.75 L:7162.75 C:7165.50 V:2150.0
  📈 Trend: strong_bearish
  🗺️  Grid: 0.080% | 🔺 7165.75 🔻 7163.00
  📡 RSI: 32.8 | MACD: -0.67 | ATR: 2.75
  📊 Filled: 0 | Pending: 0
  💰 Daily P&L: $+0.00

[2026-04-21 09:30] O:7165.50 H:7167.50 L:7163.25 C:7165.00 V:4582.0
  📈 Trend: strong_bearish
  🗺️  Grid: 0.080% | 🔺 7165.75 🔻 7162.75
  📡 RSI: 31.9 | MACD: -0.66 | ATR: 2.93
  📊 Filled: 0 | Pending: 0
  💰 Daily P&L: $+0.00

[2026-04-21 09:31] O:7165.00 H:7165.75 L:7163.25 C:7163.50 V:2565.0
  📈 Trend: strong_bearish
  🗺️  Grid: 0.080% | 🔺 7167.50 🔻 7163.25
  📡 RSI: 28.4 | MACD: -0.76 | ATR: 2.98
  📊 Filled: 0 | Pending: 0
  💰 Daily P&L: $+0.00

[2026-04-21 09:32] O:7163.25 H:7164.50 L:7161.75 C:7163.00 V:3239.0
  📈 Trend: strong_bearish
  🗺️  Grid: 0.080% | 🔺 7165.75 🔻 7163.25
  📡 RSI: 30.0 | MACD: -0.87 | ATR: 3.00
  📊 Filled: 0 | Pending: 0
  💰 Daily P&L: $+0.00

[2026-04-21 09:33] O:7163.00 H:7163.75 L:7160.50 C:7162.25 V:2782.0
  📈 Trend: strong_bearish
  🗺️  Grid: 0.080% | 🔺 7164.50 🔻 7161.75
  📡 RSI: 32.3 | MACD: -1.01 | ATR: 3.02
  📊 Filled: 0 | Pending: 0
  💰 Daily P&L: $+0.00

[2026-04-21 09:34] O:7162.00 H:7162.50 L:7159.25 C:7161.50 V:2887.0
  📈 Trend: strong_bearish
  🗺️  Grid: 0.080% | 🔺 7163.75 🔻 7160.50
  📡 RSI: 38.2 | MACD: -1.17 | ATR: 2.89
  📊 Filled: 0 | Pending: 0
  💰 Daily P&L: $+0.00

[2026-04-21 09:35] O:7161.50 H:7162.75 L:7160.00 C:7162.50 V:2248.0
  📈 Trend: strong_bearish
  🗺️  Grid: 0.080% | 🔺 7162.50 🔻 7159.25
  📡 RSI: 41.4 | MACD: -1.20 | ATR: 2.95
  📊 Filled: 0 | Pending: 0
  💰 Daily P&L: $+0.00

[2026-04-21 09:36] O:7162.50 H:7162.50 L:7160.00 C:7161.00 V:2387.0
  📈 Trend: strong_bearish
  🗺️  Grid: 0.080% | 🔺 7162.75 🔻 7160.00
  📡 RSI: 34.4 | MACD: -1.33 | ATR: 3.00
  📊 Filled: 0 | Pending: 0
  💰 Daily P&L: $+0.00

[2026-04-21 09:37] O:7161.00 H:7161.25 L:7158.25 C:7159.25 V:2735.0
  📈 Trend: strong_bearish
  🗺️  Grid: 0.080% | 🔺 7162.50 🔻 7160.00
  📡 RSI: 38.2 | MACD: -1.55 | ATR: 2.88
  📊 Filled: 0 | Pending: 0
  💰 Daily P&L: $+0.00

[2026-04-21 09:38] O:7159.25 H:7161.00 L:7159.00 C:7160.75 V:1953.0
  📈 Trend: strong_bearish
  🗺️  Grid: 0.080% | 🔺 7161.25 🔻 7158.25
  📡 RSI: 42.4 | MACD: -1.59 | ATR: 2.84
  📊 Filled: 0 | Pending: 0
  💰 Daily P&L: $+0.00

[2026-04-21 09:39] O:7160.75 H:7161.00 L:7158.00 C:7159.25 V:1877.0
  📈 Trend: strong_bearish
  🗺️  Grid: 0.080% | 🔺 7161.00 🔻 7159.00
  📡 RSI: 33.3 | MACD: -1.72 | ATR: 2.91
  📊 Filled: 0 | Pending: 0
  💰 Daily P&L: $+0.00

[2026-04-21 09:40] O:7159.00 H:7160.25 L:7156.75 C:7159.50 V:2736.0
  📈 Trend: strong_bearish
  🗺️  Grid: 0.080% | 🔺 7161.00 🔻 7158.00
  📡 RSI: 31.0 | MACD: -1.79 | ATR: 2.96
  📊 Filled: 0 | Pending: 0
  💰 Daily P&L: $+0.00

[2026-04-21 09:41] O:7159.50 H:7165.00 L:7157.75 C:7160.00 V:8734.0
  📈 Trend: strong_bearish
  🗺️  Grid: 0.080% | 🔺 7160.25 🔻 7156.75
  📡 RSI: 33.9 | MACD: -1.78 | ATR: 3.27
  📊 Filled: 0 | Pending: 0
  💰 Daily P&L: $+0.00

[2026-04-21 09:42] O:7159.75 H:7161.75 L:7157.75 C:7160.25 V:3038.0
  📈 Trend: strong_bearish
  🗺️  Grid: 0.080% | 🔺 7165.00 🔻 7157.75
  📡 RSI: 37.5 | MACD: -1.73 | ATR: 3.36
  📊 Filled: 0 | Pending: 0
  💰 Daily P&L: $+0.00

[2026-04-21 09:43] O:7160.00 H:7161.50 L:7158.75 C:7160.00 V:1808.0
  📈 Trend: strong_bearish
  🗺️  Grid: 0.080% | 🔺 7161.75 🔻 7157.75
  📡 RSI: 28.0 | MACD: -1.69 | ATR: 3.34
  📊 Filled: 0 | Pending: 0
  💰 Daily P&L: $+0.00

[2026-04-21 09:44] O:7160.00 H:7160.75 L:7158.00 C:7158.50 V:1648.0
  📈 Trend: strong_bearish
  🗺️  Grid: 0.080% | 🔺 7161.50 🔻 7158.75
  📡 RSI: 25.9 | MACD: -1.76 | ATR: 3.23
  📊 Filled: 0 | Pending: 0
  💰 Daily P&L: $+0.00

[2026-04-21 09:45] O:7158.25 H:7158.75 L:7155.00 C:7155.50 V:3922.0
  📈 Trend: strong_bearish
  🗺️  Grid: 0.080% | 🔺 7160.75 🔻 7158.00
  📡 RSI: 23.3 | MACD: -2.04 | ATR: 3.32
  📊 Filled: 0 | Pending: 0
  💰 Daily P&L: $+0.00

[2026-04-21 09:46] O:7155.50 H:7156.00 L:7150.75 C:7153.75 V:5081.0
  📈 Trend: strong_bearish
  🗺️  Grid: 0.080% | 🔺 7158.75 🔻 7155.00
  📡 RSI: 21.5 | MACD: -2.37 | ATR: 3.50
  📊 Filled: 0 | Pending: 0
  💰 Daily P&L: $+0.00

[2026-04-21 09:47] O:7153.75 H:7154.00 L:7149.75 C:7151.25 V:5028.0
  📈 Trend: strong_bearish
  🗺️  Grid: 0.080% | 🔺 7156.00 🔻 7150.75
  📡 RSI: 19.4 | MACD: -2.80 | ATR: 3.57
  📊 Filled: 0 | Pending: 0
  💰 Daily P&L: $+0.00

[2026-04-21 09:48] O:7151.25 H:7152.25 L:7148.75 C:7151.75 V:5059.0
  📈 Trend: strong_bearish
  🗺️  Grid: 0.080% | 🔺 7154.00 🔻 7149.75
  📡 RSI: 22.5 | MACD: -3.07 | ATR: 3.59
  📊 Filled: 0 | Pending: 0
  💰 Daily P&L: $+0.00

[2026-04-21 09:49] O:7151.75 H:7153.50 L:7150.50 C:7151.00 V:3711.0
  📈 Trend: strong_bearish
  🗺️  Grid: 0.080% | 🔺 7152.25 🔻 7148.75
  📡 RSI: 17.1 | MACD: -3.30 | ATR: 3.61
  📊 Filled: 0 | Pending: 0
  💰 Daily P&L: $+0.00

[2026-04-21 09:50] O:7151.25 H:7152.50 L:7149.00 C:7149.25 V:4013.0
  📈 Trend: strong_bearish
  🗺️  Grid: 0.080% | 🔺 7153.50 🔻 7150.50
  📡 RSI: 16.9 | MACD: -3.59 | ATR: 3.68
  📊 Filled: 0 | Pending: 0
  💰 Daily P&L: $+0.00

[2026-04-21 09:51] O:7149.50 H:7151.00 L:7145.75 C:7149.00 V:5580.0
  📈 Trend: strong_bearish
  🗺️  Grid: 0.080% | 🔺 7152.50 🔻 7149.00
  📡 RSI: 18.5 | MACD: -3.79 | ATR: 3.84
  📊 Filled: 0 | Pending: 0
  💰 Daily P&L: $+0.00

[2026-04-21 09:52] O:7149.00 H:7150.25 L:7147.25 C:7149.25 V:3091.0
  📈 Trend: strong_bearish
  🗺️  Grid: 0.080% | 🔺 7151.00 🔻 7145.75
  📡 RSI: 11.7 | MACD: -3.89 | ATR: 3.91
  📊 Filled: 0 | Pending: 0
  💰 Daily P&L: $+0.00

[2026-04-21 09:53] O:7149.25 H:7151.75 L:7149.25 C:7151.50 V:2874.0
  📈 Trend: strong_bearish
  🗺️  Grid: 0.080% | 🔺 7150.25 🔻 7147.25
  📡 RSI: 25.4 | MACD: -3.74 | ATR: 3.88
  📊 Filled: 0 | Pending: 0
  💰 Daily P&L: $+0.00

[2026-04-21 09:54] O:7151.50 H:7152.00 L:7149.25 C:7150.00 V:2368.0
  📈 Trend: strong_bearish
  🗺️  Grid: 0.080% | 🔺 7151.75 🔻 7149.25
  📡 RSI: 22.1 | MACD: -3.70 | ATR: 3.82
  📊 Filled: 0 | Pending: 0
  💰 Daily P&L: $+0.00

[2026-04-21 09:55] O:7149.75 H:7149.75 L:7146.75 C:7148.00 V:2954.0
  📈 Trend: strong_bearish
  🗺️  Grid: 0.080% | 🔺 7152.00 🔻 7149.25
  📡 RSI: 17.6 | MACD: -3.78 | ATR: 3.54
  📊 Filled: 0 | Pending: 0
  💰 Daily P&L: $+0.00

[2026-04-21 09:56] O:7147.75 H:7149.00 L:7146.25 C:7147.50 V:2383.0
  📈 Trend: strong_bearish
  🗺️  Grid: 0.080% | 🔺 7149.75 🔻 7146.75
  📡 RSI: 16.0 | MACD: -3.85 | ATR: 3.45
  📊 Filled: 0 | Pending: 0
  💰 Daily P&L: $+0.00

[2026-04-21 09:57] O:7147.25 H:7147.75 L:7142.25 C:7143.25 V:6500.0
  📈 Trend: strong_bearish
  🗺️  Grid: 0.080% | 🔺 7149.00 🔻 7146.25
  📡 RSI: 13.2 | MACD: -4.19 | ATR: 3.64
  📊 Filled: 0 | Pending: 0
  💰 Daily P&L: $+0.00

[2026-04-21 09:58] O:7143.25 H:7143.50 L:7138.25 C:7139.50 V:8707.0
  📈 Trend: strong_bearish
  🗺️  Grid: 0.080% | 🔺 7147.75 🔻 7142.25
  📡 RSI: 12.0 | MACD: -4.72 | ATR: 3.82
  📊 Filled: 0 | Pending: 0
  💰 Daily P&L: $+0.00

[2026-04-21 09:59] O:7139.50 H:7140.50 L:7134.00 C:7135.25 V:7838.0
  📈 Trend: strong_bearish
  🗺️  Grid: 0.080% | 🔺 7143.50 🔻 7138.25
  📡 RSI: 11.4 | MACD: -5.41 | ATR: 4.02
  📊 Filled: 0 | Pending: 0
  💰 Daily P&L: $+0.00

[2026-04-21 10:00] O:7135.50 H:7138.25 L:7128.75 C:7131.75 V:11157.0
  📈 Trend: strong_bearish
  🗺️  Grid: 0.080% | 🔺 7140.50 🔻 7134.00
  📡 RSI: 10.7 | MACD: -6.17 | ATR: 4.32
  📊 Filled: 0 | Pending: 0
  💰 Daily P&L: $+0.00

[2026-04-21 10:01] O:7131.75 H:7133.50 L:7125.75 C:7128.25 V:9093.0
  📈 Trend: strong_bearish
  🗺️  Grid: 0.080% | 🔺 7138.25 🔻 7128.75
  📡 RSI: 10.3 | MACD: -6.98 | ATR: 4.57
  📊 Filled: 0 | Pending: 0
  💰 Daily P&L: $+0.00

[2026-04-21 10:02] O:7128.25 H:7131.25 L:7125.75 C:7126.00 V:6540.0
  📈 Trend: strong_bearish
  🗺️  Grid: 0.080% | 🔺 7133.50 🔻 7125.75
  📡 RSI: 8.1 | MACD: -7.71 | ATR: 4.71
  📊 Filled: 0 | Pending: 0
  💰 Daily P&L: $+0.00

[2026-04-21 10:03] O:7125.75 H:7126.50 L:7121.50 C:7122.75 V:9538.0
  📈 Trend: strong_bearish
  🗺️  Grid: 0.082% | 🔺 7131.25 🔻 7125.75
  📡 RSI: 7.5 | MACD: -8.45 | ATR: 4.86
  📊 Filled: 0 | Pending: 0
  💰 Daily P&L: $+0.00

[2026-04-21 10:04] O:7122.75 H:7129.75 L:7122.00 C:7126.75 V:9501.0
  📈 Trend: strong_bearish
  🗺️  Grid: 0.087% | 🔺 7126.50 🔻 7121.50
  📡 RSI: 18.3 | MACD: -8.62 | ATR: 5.16
  📊 Filled: 0 | Pending: 0
  💰 Daily P&L: $+0.00

[2026-04-21 10:05] O:7126.50 H:7127.25 L:7120.75 C:7122.75 V:5760.0
  📈 Trend: strong_bearish
  🗺️  Grid: 0.088% | 🔺 7129.75 🔻 7122.00
  📡 RSI: 16.6 | MACD: -8.97 | ATR: 5.25
  📊 Filled: 0 | Pending: 0
  💰 Daily P&L: $+0.00

[2026-04-21 10:06] O:7122.50 H:7126.00 L:7122.25 C:7125.25 V:5591.0
  📈 Trend: strong_bearish
  🗺️  Grid: 0.089% | 🔺 7127.25 🔻 7120.75
  📡 RSI: 21.1 | MACD: -8.95 | ATR: 5.30
  📊 Filled: 0 | Pending: 0
  💰 Daily P&L: $+0.00

[2026-04-21 10:07] O:7125.25 H:7133.50 L:7124.50 C:7132.50 V:8845.0
  📈 Trend: strong_bearish
  🗺️  Grid: 0.097% | 🔺 7126.00 🔻 7122.25
  📡 RSI: 29.6 | MACD: -8.25 | ATR: 5.77
  📊 Filled: 0 | Pending: 0
  💰 Daily P&L: $+0.00

[2026-04-21 10:08] O:7132.75 H:7136.00 L:7131.00 C:7133.75 V:4920.0
  📈 Trend: strong_bearish
  🗺️  Grid: 0.100% | 🔺 7133.50 🔻 7124.50
  📡 RSI: 32.4 | MACD: -7.50 | ATR: 5.93
  📊 Filled: 0 | Pending: 0
  💰 Daily P&L: $+0.00

[2026-04-21 10:09] O:7133.75 H:7137.75 L:7133.50 C:7136.75 V:5269.0
  📈 Trend: strong_bearish
  🗺️  Grid: 0.101% | 🔺 7136.00 🔻 7131.00
  📡 RSI: 38.1 | MACD: -6.60 | ATR: 6.00
  📊 Filled: 0 | Pending: 0
  💰 Daily P&L: $+0.00

[2026-04-21 10:10] O:7136.75 H:7140.25 L:7136.50 C:7139.50 V:5920.0
  📈 Trend: strong_bearish
  🗺️  Grid: 0.102% | 🔺 7137.75 🔻 7133.50
  📡 RSI: 41.9 | MACD: -5.59 | ATR: 6.07
  📊 Filled: 0 | Pending: 0
  💰 Daily P&L: $+0.00

[2026-04-21 10:11] O:7139.75 H:7140.00 L:7137.25 C:7137.50 V:4513.0
  📈 Trend: strong_bearish
  🗺️  Grid: 0.099% | 🔺 7140.25 🔻 7136.50
  📡 RSI: 43.9 | MACD: -4.90 | ATR: 5.88
  📊 Filled: 0 | Pending: 0
  💰 Daily P&L: $+0.00

[2026-04-21 10:12] O:7137.50 H:7139.50 L:7136.50 C:7137.75 V:3722.0
  📈 Trend: strong_bearish
  🗺️  Grid: 0.096% | 🔺 7140.00 🔻 7137.25
  📡 RSI: 48.0 | MACD: -4.28 | ATR: 5.71
  📊 Filled: 0 | Pending: 0
  💰 Daily P&L: $+0.00

[2026-04-21 10:13] O:7137.75 H:7138.75 L:7136.75 C:7137.50 V:2683.0
  📈 Trend: strong_bearish
  🗺️  Grid: 0.091% | 🔺 7139.50 🔻 7136.50
  📡 RSI: 52.8 | MACD: -3.77 | ATR: 5.39
  📊 Filled: 0 | Pending: 0
  💰 Daily P&L: $+0.00

[2026-04-21 10:14] O:7137.50 H:7140.00 L:7137.50 C:7138.50 V:2479.0
  📈 Trend: strong_bearish
  🗺️  Grid: 0.082% | 🔺 7138.75 🔻 7136.75
  📡 RSI: 59.1 | MACD: -3.25 | ATR: 4.89
  📊 Filled: 0 | Pending: 0
  💰 Daily P&L: $+0.00

[2026-04-21 10:15] O:7138.25 H:7141.50 L:7138.00 C:7138.75 V:3062.0
  📈 Trend: strong_bearish
  🗺️  Grid: 0.080% | 🔺 7140.00 🔻 7137.50
  📡 RSI: 65.4 | MACD: -2.78 | ATR: 4.59
  📊 Filled: 0 | Pending: 0
  💰 Daily P&L: $+0.00

[2026-04-21 10:16] O:7138.75 H:7139.25 L:7133.50 C:7134.75 V:3872.0
  📈 Trend: strong_bearish
  🗺️  Grid: 0.080% | 🔺 7141.50 🔻 7138.00
  📡 RSI: 62.2 | MACD: -2.70 | ATR: 4.61
  📊 Filled: 0 | Pending: 0
  📤 Limit SELL 5 @ 7134.75 submitted (ID: 134)
  ⬇️ SHORT ORDER @ 7134.75 | Size: 1.00 | SL: 7143.25 | TP: 7122.00 [HIGH VOL ATR:4.61→5cts]
     Reason: Grid Short (strong_bearish, RSI: 62.2)
     ⏳ Order 134 PENDING - awaiting fill confirmation
  💰 Daily P&L: $+0.00
  📋 Order 134 status: Submitted
  ✅ Fill: SLD 5.0 @ 7134.75
  📋 Order 134 status: Filled
  📤 Stop BUY 5 @ 7142.75 submitted (ID: 135)
  📋 Order 135 status: PreSubmitted
  📤 Limit BUY 5 @ 7122.75 submitted (ID: 136)
  📋 Order 136 status: Submitted
  ✅ FILL CONFIRMED: SHORT @ 7134.75 (order 134)
     📊 Bracket placed: SL #135 @ 7142.75 | TP #136 @ 7122.75
     Trail activates @ +6.0 pts

[2026-04-21 10:17] O:7135.00 H:7135.25 L:7132.75 C:7135.25 V:3116.0
  📈 Trend: strong_bearish
  🗺️  Grid: 0.080% | 🔺 7139.25 🔻 7133.50
  📡 RSI: 68.9 | MACD: -2.57 | ATR: 4.43
  📊 Filled: 1 | Pending: 0
  📍 SHORT @ 7134.75 | SL: 7142.75 | TP: 7122.75 | P&L: $-125.00 | +6.0 to trail
  💰 Daily P&L: $+0.00

[2026-04-21 10:18] O:7135.25 H:7136.25 L:7132.50 C:7135.25 V:2864.0
  📈 Trend: strong_bearish
  🗺️  Grid: 0.080% | 🔺 7135.25 🔻 7132.75
  📡 RSI: 64.7 | MACD: -2.43 | ATR: 4.14
  📊 Filled: 1 | Pending: 0
  📍 SHORT @ 7134.75 | SL: 7142.75 | TP: 7122.75 | P&L: $-125.00 | +4.0 to trail
  💰 Daily P&L: $+0.00

[2026-04-21 10:19] O:7135.00 H:7139.25 L:7134.50 C:7137.75 V:3817.0
  📈 Trend: strong_bearish (raw: moderate_bearish)
  🗺️  Grid: 0.080% | 🔺 7136.25 🔻 7132.50
  📡 RSI: 77.3 | MACD: -2.10 | ATR: 4.02
  📊 Filled: 1 | Pending: 0
  📍 SHORT @ 7134.75 | SL: 7142.75 | TP: 7122.75 | P&L: $-750.00 | +3.8 to trail
  💰 Daily P&L: $+0.00

[2026-04-21 10:20] O:7137.75 H:7139.25 L:7136.50 C:7137.00 V:3046.0
  📈 Trend: moderate_bearish
  🗺️  Grid: 0.080% | 🔺 7139.25 🔻 7134.50
  📡 RSI: 72.8 | MACD: -1.88 | ATR: 3.95
  📊 Filled: 1 | Pending: 0
  📍 SHORT @ 7134.75 | SL: 7142.75 | TP: 7122.75 | P&L: $-562.50 | +3.8 to trail
  💰 Daily P&L: $+0.00

[2026-04-21 10:21] O:7136.75 H:7137.25 L:7134.25 C:7137.00 V:2801.0
  📈 Trend: moderate_bearish
  🗺️  Grid: 0.080% | 🔺 7139.25 🔻 7136.50
  📡 RSI: 62.2 | MACD: -1.68 | ATR: 3.52
  📊 Filled: 1 | Pending: 0
  📍 SHORT @ 7134.75 | SL: 7142.75 | TP: 7122.75 | P&L: $-562.50 | +3.8 to trail
  💰 Daily P&L: $+0.00

[2026-04-21 10:22] O:7137.25 H:7137.75 L:7133.50 C:7135.25 V:3636.0
  📈 Trend: moderate_bearish
  🗺️  Grid: 0.080% | 🔺 7137.25 🔻 7134.25
  📡 RSI: 53.9 | MACD: -1.65 | ATR: 3.46
  📊 Filled: 1 | Pending: 0
  📍 SHORT @ 7134.75 | SL: 7142.75 | TP: 7122.75 | P&L: $-125.00 | +3.8 to trail
  💰 Daily P&L: $+0.00

[2026-04-21 10:23] O:7135.50 H:7136.50 L:7131.00 C:7132.50 V:4469.0
  📈 Trend: moderate_bearish
  🗺️  Grid: 0.080% | 🔺 7137.75 🔻 7133.50
  📡 RSI: 38.7 | MACD: -1.82 | ATR: 3.55
  📊 Filled: 1 | Pending: 0
  📍 SHORT @ 7134.75 | SL: 7142.75 | TP: 7122.75 | P&L: $+562.50 | +3.8 to trail
  💰 Daily P&L: $+0.00

[2026-04-21 10:24] O:7132.25 H:7133.25 L:7130.50 C:7132.00 V:3217.0
  📈 Trend: moderate_bearish
  🗺️  Grid: 0.080% | 🔺 7136.50 🔻 7131.00
  📡 RSI: 27.3 | MACD: -1.98 | ATR: 3.48
  📊 Filled: 1 | Pending: 0
  📍 SHORT @ 7134.75 | SL: 7142.75 | TP: 7122.75 | P&L: $+687.50 | +2.2 to trail
  💰 Daily P&L: $+0.00

[2026-04-21 10:25] O:7132.00 H:7132.00 L:7128.25 C:7129.25 V:5667.0
  📈 Trend: moderate_bearish
  🗺️  Grid: 0.080% | 🔺 7133.25 🔻 7130.50
  📡 RSI: 26.1 | MACD: -2.30 | ATR: 3.55
  📊 Filled: 1 | Pending: 0
  📍 SHORT @ 7134.75 | SL: 7142.75 | TP: 7122.75 | P&L: $+1,375.00 | +1.8 to trail
  ✏️ Stop order 135 modified → 7129.75 [confirmed]
  🔄 TRAILING ACTIVATED @ +6.50pts | Stop: 7142.75 → 7129.75
  💰 Daily P&L: $+0.00

[2026-04-21 10:26] O:7129.50 H:7129.50 L:7124.50 C:7126.25 V:4687.0
  📈 Trend: moderate_bearish (raw: strong_bearish)
  🗺️  Grid: 0.080% | 🔺 7132.00 🔻 7128.25
  📡 RSI: 21.2 | MACD: -2.76 | ATR: 3.70
  📊 Filled: 1 | Pending: 0
  📍 SHORT @ 7134.75 | Trail: 7129.75 | TP: 7122.75 | P&L: $+2,125.00 | 🔒 Trailing
  ✏️ Stop order 135 modified → 7129.50 [confirmed]
  📉 TRAIL UPDATE: Low 7124.50 | Stop: 7129.75 → 7129.50
  💰 Daily P&L: $+0.00
  ✅ Fill: BOT 5.0 @ 7122.75
  📋 Order 136 status: Filled

[2026-04-21 10:27] O:7126.00 H:7126.25 L:7121.75 C:7125.75 V:5626.0
  📈 Trend: strong_bearish
  🗺️  Grid: 0.080% | 🔺 7129.50 🔻 7124.50
  📡 RSI: 21.0 | MACD: -3.13 | ATR: 3.88
  📊 Filled: 1 | Pending: 0
  📍 SHORT @ 7134.75 | Trail: 7129.50 | TP: 7122.75 | P&L: $+2,250.00 | 🔒 Trailing
  📋 Order 135 status: PendingCancel
  📋 Order 135 status: Cancelled
  ✅ EXIT SHORT @ 7122.75 | Take Profit
     P&L: +12.00 pts ($+3,000.00) | Daily: $+3,000.00
  ⏸️ Cooldown: 2 bar(s) remaining after exit
  💰 Daily P&L: $+3,000.00
→ Real-time bars cancelled
✓ Disconnected from IBKR
