Logging to: es_bot_20260420_094409.log

============================================================
📈 MODE: SCALP
   • 10 contract(s) max
   • Grid entries only
   • Trailing stop enabled
   • SL: ~8 pts | TP: ~12 pts | Trail activates: +6 pts
   • Best for: Normal sessions, choppy/ranging opens
============================================================
✓ Connected to IBKR (paper) - clientId=10
✓ Front-month contract: ESM6 expiry=20260618

============================================================
Loading historical data for indicator warm-up...
============================================================
→ Fetching historical bars (1 D, 1 min)...
✓ Loaded 945 historical bars

Processing 945 historical bars...

Indicators ready!
  Bars loaded: 945
  Last price: 7148.75
  Trend: strong_bullish
  RSI: 44.4
  ATR: 3.88
  MACD: 1.44 / Signal: 1.93
  MA: 7148.01 / 7142.95 / 7132.07

------------------------------------------------------------
Account Value: $1,072,187.06
Buying Power: $4,285,150.16
Current Position: 0 contracts
------------------------------------------------------------

============================================================
Starting live 1-minute bar stream...
Strategy is now ACTIVE (SCALP mode)
============================================================

→ Subscribed to 5-second real-time bars (aggregating to 1 min)

[2026-04-20 08:44] O:7149.00 H:7149.50 L:7147.75 C:7148.50 V:1893.0
  📈 Trend: sideways (raw: strong_bullish)
  🗺️  Grid: 0.080% | 🔺 7149.25 🔻 7148.50
  📡 RSI: 48.3 | MACD: 1.38 | ATR: 3.52
  📊 Filled: 0 | Pending: 0
  💰 Daily P&L: $+0.00

[2026-04-20 08:45] O:7148.50 H:7150.50 L:7146.50 C:7150.50 V:4120.0
  📈 Trend: strong_bullish
  🗺️  Grid: 0.080% | 🔺 7149.50 🔻 7147.75
  📡 RSI: 53.1 | MACD: 1.47 | ATR: 3.61
  📊 Filled: 0 | Pending: 0
  💰 Daily P&L: $+0.00

[2026-04-20 08:46] O:7150.25 H:7150.25 L:7147.25 C:7148.00 V:3427.0
  📈 Trend: strong_bullish
  🗺️  Grid: 0.080% | 🔺 7150.50 🔻 7146.50
  📡 RSI: 42.9 | MACD: 1.33 | ATR: 3.62
  📊 Filled: 0 | Pending: 0
  💰 Daily P&L: $+0.00

[2026-04-20 08:47] O:7147.75 H:7150.50 L:7147.00 C:7149.50 V:2357.0
  📈 Trend: strong_bullish
  🗺️  Grid: 0.080% | 🔺 7150.25 🔻 7147.25
  📡 RSI: 45.2 | MACD: 1.32 | ATR: 3.59
  📊 Filled: 0 | Pending: 0
  💰 Daily P&L: $+0.00

[2026-04-20 08:48] O:7149.50 H:7152.75 L:7147.75 C:7148.00 V:4045.0
  📈 Trend: strong_bullish (raw: moderate_bullish)
  🗺️  Grid: 0.080% | 🔺 7150.50 🔻 7147.00
  📡 RSI: 41.0 | MACD: 1.18 | ATR: 3.79
  📊 Filled: 0 | Pending: 0
  💰 Daily P&L: $+0.00

[2026-04-20 08:49] O:7148.00 H:7148.00 L:7144.50 C:7146.50 V:4450.0
  📈 Trend: moderate_bullish
  🗺️  Grid: 0.080% | 🔺 7152.75 🔻 7147.75
  📡 RSI: 35.0 | MACD: 0.94 | ATR: 3.73
  📊 Filled: 0 | Pending: 0
  💰 Daily P&L: $+0.00

[2026-04-20 08:50] O:7146.50 H:7147.75 L:7145.50 C:7146.50 V:2737.0
  📈 Trend: moderate_bullish
  🗺️  Grid: 0.080% | 🔺 7148.00 🔻 7144.50
  📡 RSI: 35.4 | MACD: 0.74 | ATR: 3.68
  📊 Filled: 0 | Pending: 0
  💰 Daily P&L: $+0.00

[2026-04-20 08:51] O:7146.75 H:7149.50 L:7146.25 C:7148.75 V:2796.0
  📈 Trend: moderate_bullish
  🗺️  Grid: 0.080% | 🔺 7147.75 🔻 7145.50
  📡 RSI: 54.4 | MACD: 0.75 | ATR: 3.45
  📊 Filled: 0 | Pending: 0
  💰 Daily P&L: $+0.00

[2026-04-20 08:52] O:7148.75 H:7152.00 L:7147.00 C:7150.75 V:4722.0
  📈 Trend: moderate_bullish
  🗺️  Grid: 0.080% | 🔺 7149.50 🔻 7146.25
  📡 RSI: 62.5 | MACD: 0.91 | ATR: 3.50
  📊 Filled: 0 | Pending: 0
  💰 Daily P&L: $+0.00

[2026-04-20 08:53] O:7150.50 H:7151.75 L:7149.00 C:7150.25 V:4424.0
  📈 Trend: moderate_bullish
  🗺️  Grid: 0.080% | 🔺 7152.00 🔻 7147.00
  📡 RSI: 64.3 | MACD: 0.99 | ATR: 3.39
  📊 Filled: 0 | Pending: 0
  💰 Daily P&L: $+0.00

[2026-04-20 08:54] O:7150.25 H:7154.25 L:7150.25 C:7153.50 V:3418.0
  📈 Trend: moderate_bullish (raw: strong_bullish)
  🗺️  Grid: 0.080% | 🔺 7151.75 🔻 7149.00
  📡 RSI: 69.1 | MACD: 1.29 | ATR: 3.34
  📊 Filled: 0 | Pending: 0
  💰 Daily P&L: $+0.00

[2026-04-20 08:55] O:7153.50 H:7156.75 L:7153.25 C:7156.00 V:3888.0
  📈 Trend: strong_bullish
  🗺️  Grid: 0.080% | 🔺 7154.25 🔻 7150.25
  📡 RSI: 70.2 | MACD: 1.72 | ATR: 3.34
  📊 Filled: 0 | Pending: 0
  💰 Daily P&L: $+0.00

[2026-04-20 08:56] O:7156.00 H:7159.50 L:7155.25 C:7159.25 V:4207.0
  📈 Trend: strong_bullish
  🗺️  Grid: 0.080% | 🔺 7156.75 🔻 7153.25
  📡 RSI: 72.8 | MACD: 2.29 | ATR: 3.34
  📊 Filled: 0 | Pending: 0
  💰 Daily P&L: $+0.00

[2026-04-20 08:57] O:7159.25 H:7159.25 L:7157.25 C:7158.50 V:3554.0
  📈 Trend: strong_bullish
  🗺️  Grid: 0.080% | 🔺 7159.50 🔻 7155.25
  📡 RSI: 70.5 | MACD: 2.66 | ATR: 3.43
  📊 Filled: 0 | Pending: 0
  💰 Daily P&L: $+0.00

[2026-04-20 08:58] O:7158.50 H:7159.25 L:7156.75 C:7157.25 V:2461.0
  📈 Trend: strong_bullish
  🗺️  Grid: 0.080% | 🔺 7159.25 🔻 7157.25
  📡 RSI: 67.7 | MACD: 2.81 | ATR: 3.48
  📊 Filled: 0 | Pending: 0
  💰 Daily P&L: $+0.00

[2026-04-20 08:59] O:7157.00 H:7157.50 L:7154.50 C:7156.75 V:3102.0
  📈 Trend: strong_bullish
  🗺️  Grid: 0.080% | 🔺 7159.25 🔻 7156.75
  📡 RSI: 63.4 | MACD: 2.86 | ATR: 3.41
  📊 Filled: 0 | Pending: 0
  💰 Daily P&L: $+0.00

[2026-04-20 09:00] O:7157.00 H:7157.50 L:7155.75 C:7156.50 V:2819.0
  📈 Trend: strong_bullish
  🗺️  Grid: 0.080% | 🔺 7157.50 🔻 7154.50
  📡 RSI: 70.2 | MACD: 2.85 | ATR: 3.30
  📊 Filled: 0 | Pending: 0
  💰 Daily P&L: $+0.00

[2026-04-20 09:01] O:7156.50 H:7157.50 L:7153.75 C:7155.25 V:3094.0
  📈 Trend: strong_bullish
  🗺️  Grid: 0.080% | 🔺 7157.50 🔻 7155.75
  📡 RSI: 63.9 | MACD: 2.70 | ATR: 3.32
  📊 Filled: 0 | Pending: 0
  💰 Daily P&L: $+0.00

[2026-04-20 09:02] O:7155.25 H:7155.50 L:7151.75 C:7155.00 V:4084.0
  📈 Trend: strong_bullish
  🗺️  Grid: 0.080% | 🔺 7157.50 🔻 7153.75
  📡 RSI: 67.9 | MACD: 2.54 | ATR: 3.23
  📊 Filled: 0 | Pending: 0
  💰 Daily P&L: $+0.00

[2026-04-20 09:03] O:7155.00 H:7155.25 L:7150.50 C:7153.75 V:3315.0
  📈 Trend: strong_bullish
  🗺️  Grid: 0.080% | 🔺 7155.50 🔻 7151.75
  📡 RSI: 68.8 | MACD: 2.28 | ATR: 3.32
  📊 Filled: 0 | Pending: 0
  💰 Daily P&L: $+0.00

[2026-04-20 09:04] O:7153.75 H:7154.75 L:7151.00 C:7152.75 V:3039.0
  📈 Trend: strong_bullish
  🗺️  Grid: 0.080% | 🔺 7155.25 🔻 7150.50
  📡 RSI: 65.4 | MACD: 1.98 | ATR: 3.43
  📊 Filled: 0 | Pending: 0
  💰 Daily P&L: $+0.00

[2026-04-20 09:05] O:7153.00 H:7155.50 L:7152.50 C:7155.00 V:2501.0
  📈 Trend: strong_bullish
  🗺️  Grid: 0.080% | 🔺 7154.75 🔻 7151.00
  📡 RSI: 65.4 | MACD: 1.89 | ATR: 3.41
  📊 Filled: 0 | Pending: 0
  💰 Daily P&L: $+0.00

[2026-04-20 09:06] O:7155.00 H:7156.50 L:7154.50 C:7156.25 V:2268.0
  📈 Trend: strong_bullish
  🗺️  Grid: 0.080% | 🔺 7155.50 🔻 7152.50
  📡 RSI: 64.1 | MACD: 1.91 | ATR: 3.20
  📊 Filled: 0 | Pending: 0
  💰 Daily P&L: $+0.00

[2026-04-20 09:07] O:7156.00 H:7156.75 L:7153.75 C:7153.75 V:2058.0
  📈 Trend: strong_bullish
  🗺️  Grid: 0.080% | 🔺 7156.50 🔻 7154.50
  📡 RSI: 58.1 | MACD: 1.70 | ATR: 3.21
  📊 Filled: 0 | Pending: 0
  💰 Daily P&L: $+0.00

[2026-04-20 09:08] O:7153.75 H:7154.00 L:7150.25 C:7151.25 V:2994.0
  📈 Trend: strong_bullish
  🗺️  Grid: 0.080% | 🔺 7156.75 🔻 7153.75
  📡 RSI: 44.6 | MACD: 1.31 | ATR: 3.20
  📊 Filled: 0 | Pending: 0
  💰 Daily P&L: $+0.00

[2026-04-20 09:09] O:7151.00 H:7154.50 L:7150.25 C:7154.25 V:2802.0
  📈 Trend: strong_bullish
  🗺️  Grid: 0.080% | 🔺 7154.00 🔻 7150.25
  📡 RSI: 45.9 | MACD: 1.24 | ATR: 3.25
  📊 Filled: 0 | Pending: 0
  💰 Daily P&L: $+0.00

[2026-04-20 09:10] O:7154.00 H:7156.25 L:7154.00 C:7154.50 V:2307.0
  📈 Trend: strong_bullish
  🗺️  Grid: 0.080% | 🔺 7154.50 🔻 7150.25
  📡 RSI: 37.0 | MACD: 1.18 | ATR: 3.11
  📊 Filled: 0 | Pending: 0
  💰 Daily P&L: $+0.00

[2026-04-20 09:11] O:7154.25 H:7154.25 L:7148.50 C:7149.00 V:4325.0
  📈 Trend: strong_bullish (raw: moderate_bullish)
  🗺️  Grid: 0.080% | 🔺 7156.25 🔻 7154.00
  📡 RSI: 29.3 | MACD: 0.69 | ATR: 3.39
  📊 Filled: 0 | Pending: 0
  💰 Daily P&L: $+0.00

[2026-04-20 09:12] O:7149.00 H:7151.50 L:7146.75 C:7151.25 V:5744.0
  📈 Trend: strong_bullish
  🗺️  Grid: 0.080% | 🔺 7154.25 🔻 7148.50
  📡 RSI: 37.5 | MACD: 0.47 | ATR: 3.55
  📊 Filled: 0 | Pending: 0
  💰 Daily P&L: $+0.00

[2026-04-20 09:13] O:7151.25 H:7154.50 L:7151.25 C:7152.50 V:3961.0
  📈 Trend: strong_bullish (raw: moderate_bullish)
  🗺️  Grid: 0.080% | 🔺 7151.50 🔻 7146.75
  📡 RSI: 41.4 | MACD: 0.40 | ATR: 3.57
  📊 Filled: 0 | Pending: 0
  📤 Limit BUY 10 @ 7152.50 submitted (ID: 122)
  ⬆️ LONG ORDER @ 7152.50 | Size: 1.00 | SL: 7144.00 | TP: 7165.25 [10cts]
     Reason: Grid Long (strong_bullish, RSI: 41.4)
     ⏳ Order 122 PENDING - awaiting fill confirmation
  💰 Daily P&L: $+0.00
  📋 Order 122 status: PreSubmitted
  ✅ Fill: BOT 10.0 @ 7152.0
  📋 Order 122 status: Filled
  📤 Stop SELL 10 @ 7144.00 submitted (ID: 123)
  📋 Order 123 status: PreSubmitted
  📤 Limit SELL 10 @ 7164.00 submitted (ID: 124)
  📋 Order 124 status: Submitted
  ✅ FILL CONFIRMED: LONG @ 7152.00 (order 122)
     📊 Bracket placed: SL #123 @ 7144.00 | TP #124 @ 7164.00
     Trail activates @ +6.0 pts

[2026-04-20 09:14] O:7152.50 H:7153.75 L:7151.25 C:7153.00 V:2117.0
  📈 Trend: moderate_bullish
  🗺️  Grid: 0.080% | 🔺 7154.50 🔻 7151.25
  📡 RSI: 43.0 | MACD: 0.37 | ATR: 3.62
  📊 Filled: 1 | Pending: 0
  📍 LONG @ 7152.00 | SL: 7144.00 | TP: 7164.00 | P&L: $+500.00 | +6.0 to trail
  💰 Daily P&L: $+0.00

[2026-04-20 09:15] O:7152.75 H:7153.00 L:7149.75 C:7150.25 V:2706.0
  📈 Trend: moderate_bullish
  🗺️  Grid: 0.080% | 🔺 7153.75 🔻 7151.25
  📡 RSI: 40.6 | MACD: 0.13 | ATR: 3.59
  📊 Filled: 1 | Pending: 0
  📍 LONG @ 7152.00 | SL: 7144.00 | TP: 7164.00 | P&L: $-875.00 | +4.2 to trail
  💰 Daily P&L: $+0.00

[2026-04-20 09:16] O:7150.25 H:7152.75 L:7149.75 C:7150.25 V:3510.0
  📈 Trend: moderate_bullish
  🗺️  Grid: 0.080% | 🔺 7153.00 🔻 7149.75
  📡 RSI: 41.0 | MACD: -0.06 | ATR: 3.54
  📊 Filled: 1 | Pending: 0
  📍 LONG @ 7152.00 | SL: 7144.00 | TP: 7164.00 | P&L: $-875.00 | +4.2 to trail
  💰 Daily P&L: $+0.00

[2026-04-20 09:17] O:7150.25 H:7151.75 L:7149.00 C:7149.75 V:2981.0
  📈 Trend: moderate_bullish
  🗺️  Grid: 0.080% | 🔺 7152.75 🔻 7149.75
  📡 RSI: 42.2 | MACD: -0.25 | ATR: 3.39
  📊 Filled: 1 | Pending: 0
  📍 LONG @ 7152.00 | SL: 7144.00 | TP: 7164.00 | P&L: $-1,125.00 | +4.2 to trail
  💰 Daily P&L: $+0.00

[2026-04-20 09:18] O:7149.75 H:7151.50 L:7149.00 C:7149.75 V:2506.0
  📈 Trend: moderate_bullish
  🗺️  Grid: 0.080% | 🔺 7151.75 🔻 7149.00
  📡 RSI: 43.9 | MACD: -0.39 | ATR: 3.30
  📊 Filled: 1 | Pending: 0
  📍 LONG @ 7152.00 | SL: 7144.00 | TP: 7164.00 | P&L: $-1,125.00 | +4.2 to trail
  💰 Daily P&L: $+0.00

[2026-04-20 09:19] O:7149.75 H:7153.75 L:7148.00 C:7151.00 V:5189.0
  📈 Trend: moderate_bullish
  🗺️  Grid: 0.080% | 🔺 7151.50 🔻 7149.00
  📡 RSI: 41.5 | MACD: -0.40 | ATR: 3.50
  📊 Filled: 1 | Pending: 0
  📍 LONG @ 7152.00 | SL: 7144.00 | TP: 7164.00 | P&L: $-500.00 | +4.2 to trail
  💰 Daily P&L: $+0.00

[2026-04-20 09:20] O:7151.00 H:7153.50 L:7149.75 C:7151.00 V:2836.0
  📈 Trend: moderate_bullish
  🗺️  Grid: 0.080% | 🔺 7153.75 🔻 7148.00
  📡 RSI: 38.2 | MACD: -0.41 | ATR: 3.62
  📊 Filled: 1 | Pending: 0
  📍 LONG @ 7152.00 | SL: 7144.00 | TP: 7164.00 | P&L: $-500.00 | +4.2 to trail
  💰 Daily P&L: $+0.00

[2026-04-20 09:21] O:7150.75 H:7154.25 L:7150.75 C:7153.25 V:3611.0
  📈 Trend: moderate_bullish
  🗺️  Grid: 0.080% | 🔺 7153.50 🔻 7149.75
  📡 RSI: 48.9 | MACD: -0.22 | ATR: 3.66
  📊 Filled: 1 | Pending: 0
  📍 LONG @ 7152.00 | SL: 7144.00 | TP: 7164.00 | P&L: $+625.00 | +4.2 to trail
  💰 Daily P&L: $+0.00

[2026-04-20 09:22] O:7153.25 H:7155.00 L:7151.75 C:7154.00 V:2409.0
  📈 Trend: moderate_bullish (raw: strong_bullish)
  🗺️  Grid: 0.080% | 🔺 7154.25 🔻 7150.75
  📡 RSI: 56.8 | MACD: -0.02 | ATR: 3.62
  📊 Filled: 1 | Pending: 0
  📍 LONG @ 7152.00 | SL: 7144.00 | TP: 7164.00 | P&L: $+1,000.00 | +3.8 to trail
  💰 Daily P&L: $+0.00

[2026-04-20 09:23] O:7153.75 H:7156.00 L:7153.75 C:7155.00 V:2158.0
  📈 Trend: strong_bullish
  🗺️  Grid: 0.080% | 🔺 7155.00 🔻 7151.75
  📡 RSI: 52.1 | MACD: 0.22 | ATR: 3.48
  📊 Filled: 1 | Pending: 0
  📍 LONG @ 7152.00 | SL: 7144.00 | TP: 7164.00 | P&L: $+1,500.00 | +3.0 to trail
  💰 Daily P&L: $+0.00

[2026-04-20 09:24] O:7155.00 H:7155.50 L:7153.75 C:7155.50 V:1552.0
  📈 Trend: strong_bullish
  🗺️  Grid: 0.080% | 🔺 7156.00 🔻 7153.75
  📡 RSI: 52.7 | MACD: 0.45 | ATR: 3.45
  📊 Filled: 1 | Pending: 0
  📍 LONG @ 7152.00 | SL: 7144.00 | TP: 7164.00 | P&L: $+1,750.00 | +2.0 to trail
  💰 Daily P&L: $+0.00

[2026-04-20 09:25] O:7155.25 H:7155.50 L:7153.50 C:7154.25 V:1487.0
  📈 Trend: strong_bullish
  🗺️  Grid: 0.080% | 🔺 7155.50 🔻 7153.75
  📡 RSI: 68.4 | MACD: 0.52 | ATR: 3.16
  📊 Filled: 1 | Pending: 0
  📍 LONG @ 7152.00 | SL: 7144.00 | TP: 7164.00 | P&L: $+1,125.00 | +2.0 to trail
  💰 Daily P&L: $+0.00

[2026-04-20 09:26] O:7154.25 H:7156.75 L:7154.25 C:7156.25 V:3020.0
  📈 Trend: strong_bullish
  🗺️  Grid: 0.080% | 🔺 7155.50 🔻 7153.50
  📡 RSI: 67.9 | MACD: 0.73 | ATR: 3.00
  📊 Filled: 1 | Pending: 0
  📍 LONG @ 7152.00 | SL: 7144.00 | TP: 7164.00 | P&L: $+2,125.00 | +2.0 to trail
  💰 Daily P&L: $+0.00

[2026-04-20 09:27] O:7156.25 H:7156.75 L:7152.25 C:7152.25 V:2564.0
  📈 Trend: strong_bullish
  🗺️  Grid: 0.080% | 🔺 7156.75 🔻 7154.25
  📡 RSI: 49.3 | MACD: 0.57 | ATR: 3.09
  📊 Filled: 1 | Pending: 0
  📍 LONG @ 7152.00 | SL: 7144.00 | TP: 7164.00 | P&L: $+125.00 | +1.2 to trail
  💰 Daily P&L: $+0.00

[2026-04-20 09:28] O:7152.25 H:7153.00 L:7149.25 C:7149.75 V:3135.0
  📈 Trend: strong_bullish (raw: moderate_bullish)
  🗺️  Grid: 0.080% | 🔺 7156.75 🔻 7152.25
  📡 RSI: 41.3 | MACD: 0.23 | ATR: 3.18
  📊 Filled: 1 | Pending: 0
  📍 LONG @ 7152.00 | SL: 7144.00 | TP: 7164.00 | P&L: $-1,125.00 | +1.2 to trail
  💰 Daily P&L: $+0.00

[2026-04-20 09:29] O:7149.75 H:7150.75 L:7148.50 C:7149.75 V:3646.0
  📈 Trend: moderate_bullish
  🗺️  Grid: 0.080% | 🔺 7153.00 🔻 7149.25
  📡 RSI: 48.4 | MACD: -0.03 | ATR: 3.11
  📊 Filled: 1 | Pending: 0
  📍 LONG @ 7152.00 | SL: 7144.00 | TP: 7164.00 | P&L: $-1,125.00 | +1.2 to trail
  💰 Daily P&L: $+0.00

[2026-04-20 09:30] O:7149.75 H:7150.50 L:7148.50 C:7149.50 V:2910.0
  📈 Trend: moderate_bullish
  🗺️  Grid: 0.080% | 🔺 7150.75 🔻 7148.50
  📡 RSI: 47.7 | MACD: -0.26 | ATR: 3.04
  📊 Filled: 1 | Pending: 0
  📍 LONG @ 7152.00 | SL: 7144.00 | TP: 7164.00 | P&L: $-1,250.00 | +1.2 to trail
  💰 Daily P&L: $+0.00

[2026-04-20 09:31] O:7149.25 H:7149.50 L:7145.75 C:7149.00 V:4604.0
  📈 Trend: moderate_bullish (raw: strong_bearish)
  🗺️  Grid: 0.080% | 🔺 7150.50 🔻 7148.50
  📡 RSI: 47.7 | MACD: -0.47 | ATR: 3.11
  📊 Filled: 1 | Pending: 0
  📍 LONG @ 7152.00 | SL: 7144.00 | TP: 7164.00 | P&L: $-1,500.00 | +1.2 to trail
  💰 Daily P&L: $+0.00

[2026-04-20 09:32] O:7149.00 H:7150.00 L:7145.75 C:7147.00 V:2546.0
  📈 Trend: strong_bearish
  🗺️  Grid: 0.080% | 🔺 7149.50 🔻 7145.75
  📡 RSI: 42.5 | MACD: -0.79 | ATR: 3.23
  📊 Filled: 1 | Pending: 0
  📍 LONG @ 7152.00 | SL: 7144.00 | TP: 7164.00 | P&L: $-2,500.00 | +1.2 to trail
  💰 Daily P&L: $+0.00

[2026-04-20 09:33] O:7147.00 H:7148.75 L:7145.25 C:7145.75 V:2964.0
  📈 Trend: strong_bearish
  🗺️  Grid: 0.080% | 🔺 7150.00 🔻 7145.75
  📡 RSI: 35.6 | MACD: -1.14 | ATR: 3.07
  📊 Filled: 1 | Pending: 0
  📍 LONG @ 7152.00 | SL: 7144.00 | TP: 7164.00 | P&L: $-3,125.00 | +1.2 to trail
  💰 Daily P&L: $+0.00
  ✅ Fill: SLD 10.0 @ 7143.75
  📋 Order 123 status: Filled

[2026-04-20 09:34] O:7145.75 H:7147.50 L:7143.50 C:7146.75 V:3941.0
  📈 Trend: strong_bearish
  🗺️  Grid: 0.080% | 🔺 7148.75 🔻 7145.25
  📡 RSI: 39.0 | MACD: -1.31 | ATR: 3.09
  📊 Filled: 1 | Pending: 0
  📍 LONG @ 7152.00 | SL: 7144.00 | TP: 7164.00 | P&L: $-2,625.00 | +1.2 to trail
  📋 Order 124 status: PendingCancel
  📋 Order 124 status: Cancelled
  ❌ EXIT LONG @ 7143.75 | Stop Loss
     P&L: -8.25 pts ($-4,125.00) | Daily: $-4,125.00
  ⏸️ Cooldown: 2 bar(s) remaining after exit
  💰 Daily P&L: $-4,125.00

[2026-04-20 09:35] O:7146.50 H:7147.50 L:7142.75 C:7144.25 V:3006.0
  📈 Trend: strong_bearish
  🗺️  Grid: 0.080% | 🔺 7147.50 🔻 7143.50
  📡 RSI: 26.9 | MACD: -1.63 | ATR: 3.18
  📊 Filled: 0 | Pending: 0
  ⏸️ Cooldown: 1 bar(s) remaining after exit
  💰 Daily P&L: $-4,125.00

[2026-04-20 09:36] O:7144.25 H:7145.50 L:7143.00 C:7143.75 V:2454.0
  📈 Trend: strong_bearish
  🗺️  Grid: 0.080% | 🔺 7147.50 🔻 7142.75
  📡 RSI: 23.4 | MACD: -1.91 | ATR: 3.12
  📊 Filled: 0 | Pending: 0
  💰 Daily P&L: $-4,125.00

[2026-04-20 09:37] O:7144.00 H:7148.00 L:7143.50 C:7146.50 V:2985.0
  📈 Trend: strong_bearish
  🗺️  Grid: 0.080% | 🔺 7145.50 🔻 7143.00
  📡 RSI: 29.8 | MACD: -1.88 | ATR: 3.29
  📊 Filled: 0 | Pending: 0
  💰 Daily P&L: $-4,125.00

[2026-04-20 09:38] O:7146.25 H:7147.75 L:7145.50 C:7146.75 V:2482.0
  📈 Trend: strong_bearish
  🗺️  Grid: 0.080% | 🔺 7148.00 🔻 7143.50
  📡 RSI: 28.9 | MACD: -1.82 | ATR: 3.32
  📊 Filled: 0 | Pending: 0
  💰 Daily P&L: $-4,125.00

[2026-04-20 09:39] O:7146.75 H:7147.25 L:7144.50 C:7145.25 V:2313.0
  📈 Trend: strong_bearish
  🗺️  Grid: 0.080% | 🔺 7147.75 🔻 7145.50
  📡 RSI: 28.6 | MACD: -1.87 | ATR: 3.38
  📊 Filled: 0 | Pending: 0
  💰 Daily P&L: $-4,125.00

[2026-04-20 09:40] O:7145.25 H:7145.50 L:7142.50 C:7143.00 V:2756.0
  📈 Trend: strong_bearish
  🗺️  Grid: 0.080% | 🔺 7147.25 🔻 7144.50
  📡 RSI: 18.8 | MACD: -2.07 | ATR: 3.41
  📊 Filled: 0 | Pending: 0
  💰 Daily P&L: $-4,125.00

[2026-04-20 09:41] O:7143.00 H:7143.50 L:7140.25 C:7142.00 V:8537.0
  📈 Trend: strong_bearish
  🗺️  Grid: 0.080% | 🔺 7145.50 🔻 7142.50
  📡 RSI: 21.9 | MACD: -2.28 | ATR: 3.32
  📊 Filled: 0 | Pending: 0
  💰 Daily P&L: $-4,125.00

[2026-04-20 09:42] O:7142.00 H:7143.00 L:7140.25 C:7141.25 V:3551.0
  📈 Trend: strong_bearish
  🗺️  Grid: 0.080% | 🔺 7143.50 🔻 7140.25
  📡 RSI: 24.2 | MACD: -2.48 | ATR: 3.25
  📊 Filled: 0 | Pending: 0
  💰 Daily P&L: $-4,125.00

[2026-04-20 09:43] O:7141.25 H:7142.00 L:7139.50 C:7140.50 V:4125.0
  📈 Trend: strong_bearish
  🗺️  Grid: 0.080% | 🔺 7143.00 🔻 7140.25
  📡 RSI: 23.2 | MACD: -2.67 | ATR: 3.27
  📊 Filled: 0 | Pending: 0
  💰 Daily P&L: $-4,125.00

[2026-04-20 09:44] O:7140.50 H:7143.25 L:7139.50 C:7141.50 V:2584.0
  📈 Trend: strong_bearish
  🗺️  Grid: 0.080% | 🔺 7142.00 🔻 7139.50
  📡 RSI: 27.8 | MACD: -2.70 | ATR: 3.39
  📊 Filled: 0 | Pending: 0
  💰 Daily P&L: $-4,125.00

[2026-04-20 09:45] O:7141.50 H:7141.50 L:7140.25 C:7140.75 V:2567.0
  📈 Trend: strong_bearish
  🗺️  Grid: 0.080% | 🔺 7143.25 🔻 7139.50
  📡 RSI: 27.4 | MACD: -2.76 | ATR: 3.21
  📊 Filled: 0 | Pending: 0
  💰 Daily P&L: $-4,125.00

[2026-04-20 09:46] O:7140.50 H:7142.25 L:7139.50 C:7142.00 V:2610.0
  📈 Trend: strong_bearish
  🗺️  Grid: 0.080% | 🔺 7141.50 🔻 7140.25
  📡 RSI: 35.7 | MACD: -2.67 | ATR: 3.11
  📊 Filled: 0 | Pending: 0
  💰 Daily P&L: $-4,125.00

[2026-04-20 09:47] O:7142.25 H:7144.50 L:7141.50 C:7143.00 V:3317.0
  📈 Trend: strong_bearish
  🗺️  Grid: 0.080% | 🔺 7142.25 🔻 7139.50
  📡 RSI: 42.0 | MACD: -2.50 | ATR: 3.07
  📊 Filled: 0 | Pending: 0
  💰 Daily P&L: $-4,125.00

[2026-04-20 09:48] O:7143.00 H:7145.00 L:7142.00 C:7144.25 V:2118.0
  📈 Trend: strong_bearish (raw: moderate_bearish)
  🗺️  Grid: 0.080% | 🔺 7144.50 🔻 7141.50
  📡 RSI: 42.9 | MACD: -2.23 | ATR: 3.00
  📊 Filled: 0 | Pending: 0
  💰 Daily P&L: $-4,125.00

[2026-04-20 09:49] O:7144.00 H:7148.00 L:7143.75 C:7147.00 V:2959.0
  📈 Trend: moderate_bearish
  🗺️  Grid: 0.080% | 🔺 7145.00 🔻 7142.00
  📡 RSI: 57.7 | MACD: -1.78 | ATR: 2.96
  📊 Filled: 0 | Pending: 0
  💰 Daily P&L: $-4,125.00

[2026-04-20 09:50] O:7147.25 H:7148.25 L:7143.75 C:7144.00 V:2834.0
  📈 Trend: moderate_bearish
  🗺️  Grid: 0.080% | 🔺 7148.00 🔻 7143.75
  📡 RSI: 50.6 | MACD: -1.64 | ATR: 3.11
  📊 Filled: 0 | Pending: 0
  💰 Daily P&L: $-4,125.00

[2026-04-20 09:51] O:7143.75 H:7143.75 L:7124.75 C:7136.75 V:27491.0
  📈 Trend: moderate_bearish
  🗺️  Grid: 0.080% | 🔺 7148.25 🔻 7143.75
  📡 RSI: 30.3 | MACD: -2.09 | ATR: 4.16
  📊 Filled: 0 | Pending: 0
  💰 Daily P&L: $-4,125.00

[2026-04-20 09:52] O:7136.75 H:7141.00 L:7134.25 C:7136.75 V:10151.0
  📈 Trend: moderate_bearish (raw: strong_bearish)
  🗺️  Grid: 0.080% | 🔺 7143.75 🔻 7124.75
  📡 RSI: 29.6 | MACD: -2.42 | ATR: 4.48
  📊 Filled: 0 | Pending: 0
  💰 Daily P&L: $-4,125.00

[2026-04-20 09:53] O:7136.75 H:7140.75 L:7136.00 C:7137.75 V:4747.0
  📈 Trend: strong_bearish
  🗺️  Grid: 0.080% | 🔺 7141.00 🔻 7134.25
  📡 RSI: 34.4 | MACD: -2.57 | ATR: 4.62
  📊 Filled: 0 | Pending: 0
  💰 Daily P&L: $-4,125.00

[2026-04-20 09:54] O:7137.75 H:7138.75 L:7134.25 C:7138.00 V:5427.0
  📈 Trend: strong_bearish
  🗺️  Grid: 0.080% | 🔺 7140.75 🔻 7136.00
  📡 RSI: 38.6 | MACD: -2.64 | ATR: 4.73
  📊 Filled: 0 | Pending: 0
  💰 Daily P&L: $-4,125.00

[2026-04-20 09:55] O:7137.75 H:7137.75 L:7132.00 C:7133.25 V:5742.0
  📈 Trend: strong_bearish
  🗺️  Grid: 0.083% | 🔺 7138.75 🔻 7134.25
  📡 RSI: 33.0 | MACD: -3.05 | ATR: 4.93
  📊 Filled: 0 | Pending: 0
  💰 Daily P&L: $-4,125.00

[2026-04-20 09:56] O:7133.25 H:7133.75 L:7129.50 C:7131.50 V:7162.0
  📈 Trend: strong_bearish
  🗺️  Grid: 0.085% | 🔺 7137.75 🔻 7132.00
  📡 RSI: 31.8 | MACD: -3.47 | ATR: 5.04
  📊 Filled: 0 | Pending: 0
  💰 Daily P&L: $-4,125.00

[2026-04-20 09:57] O:7131.50 H:7135.25 L:7131.50 C:7133.25 V:4010.0
  📈 Trend: strong_bearish
  🗺️  Grid: 0.086% | 🔺 7133.75 🔻 7129.50
  📡 RSI: 36.9 | MACD: -3.62 | ATR: 5.12
  📊 Filled: 0 | Pending: 0
  💰 Daily P&L: $-4,125.00

[2026-04-20 09:58] O:7133.25 H:7133.50 L:7130.25 C:7131.00 V:2986.0
  📈 Trend: strong_bearish
  🗺️  Grid: 0.086% | 🔺 7135.25 🔻 7131.50
  📡 RSI: 31.9 | MACD: -3.87 | ATR: 5.09
  📊 Filled: 0 | Pending: 0
  💰 Daily P&L: $-4,125.00

[2026-04-20 09:59] O:7130.75 H:7132.25 L:7129.25 C:7131.75 V:3695.0
  📈 Trend: strong_bearish
  🗺️  Grid: 0.088% | 🔺 7133.50 🔻 7130.25
  📡 RSI: 34.5 | MACD: -3.97 | ATR: 5.21
  📊 Filled: 0 | Pending: 0
  💰 Daily P&L: $-4,125.00

[2026-04-20 10:00] O:7131.75 H:7136.25 L:7131.75 C:7132.25 V:5973.0
  📈 Trend: strong_bearish
  🗺️  Grid: 0.090% | 🔺 7132.25 🔻 7129.25
  📡 RSI: 32.7 | MACD: -3.96 | ATR: 5.34
  📊 Filled: 0 | Pending: 0
  💰 Daily P&L: $-4,125.00

[2026-04-20 10:01] O:7132.00 H:7132.50 L:7130.00 C:7130.50 V:3883.0
  📈 Trend: strong_bearish
  🗺️  Grid: 0.089% | 🔺 7136.25 🔻 7131.75
  📡 RSI: 28.4 | MACD: -4.05 | ATR: 5.30
  📊 Filled: 0 | Pending: 0
  💰 Daily P&L: $-4,125.00

[2026-04-20 10:02] O:7130.25 H:7132.25 L:7129.50 C:7131.25 V:2804.0
  📈 Trend: strong_bearish
  🗺️  Grid: 0.089% | 🔺 7132.50 🔻 7130.00
  📡 RSI: 27.2 | MACD: -4.01 | ATR: 5.29
  📊 Filled: 0 | Pending: 0
  💰 Daily P&L: $-4,125.00

[2026-04-20 10:03] O:7131.25 H:7132.50 L:7127.25 C:7128.25 V:3337.0
  📈 Trend: strong_bearish
  🗺️  Grid: 0.090% | 🔺 7132.25 🔻 7129.50
  📡 RSI: 17.4 | MACD: -4.18 | ATR: 5.36
  📊 Filled: 0 | Pending: 0
  💰 Daily P&L: $-4,125.00

[2026-04-20 10:04] O:7128.00 H:7128.50 L:7125.00 C:7127.25 V:4513.0
  📈 Trend: strong_bearish
  🗺️  Grid: 0.089% | 🔺 7132.50 🔻 7127.25
  📡 RSI: 18.7 | MACD: -4.34 | ATR: 5.29
  📊 Filled: 0 | Pending: 0
  💰 Daily P&L: $-4,125.00

[2026-04-20 10:05] O:7127.00 H:7130.00 L:7125.50 C:7125.50 V:4252.0
  📈 Trend: strong_bearish
  🗺️  Grid: 0.080% | 🔺 7128.50 🔻 7125.00
  📡 RSI: 23.5 | MACD: -4.55 | ATR: 4.23
  📊 Filled: 0 | Pending: 0
  💰 Daily P&L: $-4,125.00

[2026-04-20 10:06] O:7125.50 H:7126.25 L:7123.25 C:7124.25 V:5651.0
  📈 Trend: strong_bearish
  🗺️  Grid: 0.080% | 🔺 7130.00 🔻 7125.50
  📡 RSI: 22.2 | MACD: -4.77 | ATR: 3.96
  📊 Filled: 0 | Pending: 0
  💰 Daily P&L: $-4,125.00

[2026-04-20 10:07] O:7124.25 H:7124.50 L:7121.50 C:7122.75 V:4034.0
  📈 Trend: strong_bearish
  🗺️  Grid: 0.080% | 🔺 7126.25 🔻 7123.25
  📡 RSI: 17.4 | MACD: -5.00 | ATR: 3.84
  📊 Filled: 0 | Pending: 0
  💰 Daily P&L: $-4,125.00

[2026-04-20 10:08] O:7122.50 H:7126.75 L:7122.50 C:7126.50 V:4029.0
  📈 Trend: strong_bearish
  🗺️  Grid: 0.080% | 🔺 7124.50 🔻 7121.50
  📡 RSI: 28.3 | MACD: -4.83 | ATR: 3.82
  📊 Filled: 0 | Pending: 0
  💰 Daily P&L: $-4,125.00

[2026-04-20 10:09] O:7126.50 H:7127.00 L:7124.75 C:7125.50 V:3045.0
  📈 Trend: strong_bearish
  🗺️  Grid: 0.080% | 🔺 7126.75 🔻 7122.50
  📡 RSI: 33.0 | MACD: -4.72 | ATR: 3.55
  📊 Filled: 0 | Pending: 0
  💰 Daily P&L: $-4,125.00

[2026-04-20 10:10] O:7125.25 H:7129.75 L:7125.00 C:7128.75 V:4151.0
  📈 Trend: strong_bearish
  🗺️  Grid: 0.080% | 🔺 7127.00 🔻 7124.75
  📡 RSI: 44.3 | MACD: -4.32 | ATR: 3.59
  📊 Filled: 0 | Pending: 0
  💰 Daily P&L: $-4,125.00

[2026-04-20 10:11] O:7128.50 H:7131.25 L:7127.50 C:7129.75 V:3899.0
  📈 Trend: strong_bearish
  🗺️  Grid: 0.080% | 🔺 7129.75 🔻 7125.00
  📡 RSI: 42.6 | MACD: -3.88 | ATR: 3.59
  📊 Filled: 0 | Pending: 0
  💰 Daily P&L: $-4,125.00

[2026-04-20 10:12] O:7129.75 H:7130.25 L:7125.50 C:7125.75 V:4247.0
  📈 Trend: strong_bearish
  🗺️  Grid: 0.080% | 🔺 7131.25 🔻 7127.50
  📡 RSI: 39.6 | MACD: -3.81 | ATR: 3.70
  📊 Filled: 0 | Pending: 0
  💰 Daily P&L: $-4,125.00

[2026-04-20 10:13] O:7125.75 H:7126.75 L:7123.00 C:7125.25 V:2646.0
  📈 Trend: strong_bearish
  🗺️  Grid: 0.080% | 🔺 7130.25 🔻 7125.50
  📡 RSI: 37.0 | MACD: -3.75 | ATR: 3.75
  📊 Filled: 0 | Pending: 0
  💰 Daily P&L: $-4,125.00

[2026-04-20 10:14] O:7125.00 H:7128.00 L:7124.50 C:7127.75 V:2355.0
  📈 Trend: strong_bearish
  🗺️  Grid: 0.080% | 🔺 7126.75 🔻 7123.00
  📡 RSI: 41.7 | MACD: -3.46 | ATR: 3.68
  📊 Filled: 0 | Pending: 0
  💰 Daily P&L: $-4,125.00

[2026-04-20 10:15] O:7127.50 H:7128.00 L:7124.75 C:7125.50 V:2551.0
  📈 Trend: strong_bearish
  🗺️  Grid: 0.080% | 🔺 7128.00 🔻 7124.50
  📡 RSI: 40.9 | MACD: -3.38 | ATR: 3.73
  📊 Filled: 0 | Pending: 0
  💰 Daily P&L: $-4,125.00

[2026-04-20 10:16] O:7125.50 H:7127.00 L:7124.00 C:7125.00 V:2378.0
  📈 Trend: strong_bearish
  🗺️  Grid: 0.080% | 🔺 7128.00 🔻 7124.75
  📡 RSI: 38.5 | MACD: -3.31 | ATR: 3.75
  📊 Filled: 0 | Pending: 0
  💰 Daily P&L: $-4,125.00

[2026-04-20 10:17] O:7124.75 H:7126.75 L:7124.75 C:7126.50 V:2111.0
  📈 Trend: strong_bearish
  🗺️  Grid: 0.080% | 🔺 7127.00 🔻 7124.00
  📡 RSI: 46.6 | MACD: -3.10 | ATR: 3.52
  📊 Filled: 0 | Pending: 0
  💰 Daily P&L: $-4,125.00

[2026-04-20 10:18] O:7126.25 H:7130.00 L:7126.25 C:7129.75 V:3292.0
  📈 Trend: strong_bearish
  🗺️  Grid: 0.080% | 🔺 7126.75 🔻 7124.75
  📡 RSI: 54.5 | MACD: -2.64 | ATR: 3.54
  📊 Filled: 0 | Pending: 0
  💰 Daily P&L: $-4,125.00

[2026-04-20 10:19] O:7129.50 H:7131.75 L:7128.25 C:7129.50 V:3860.0
  📈 Trend: strong_bearish
  🗺️  Grid: 0.080% | 🔺 7130.00 🔻 7126.25
  📡 RSI: 57.5 | MACD: -2.27 | ATR: 3.46
  📊 Filled: 0 | Pending: 0
  💰 Daily P&L: $-4,125.00

[2026-04-20 10:20] O:7129.50 H:7130.00 L:7128.50 C:7128.75 V:2110.0
  📈 Trend: strong_bearish
  🗺️  Grid: 0.080% | 🔺 7131.75 🔻 7128.25
  📡 RSI: 58.7 | MACD: -2.02 | ATR: 3.36
  📊 Filled: 0 | Pending: 0
  💰 Daily P&L: $-4,125.00

[2026-04-20 10:21] O:7128.50 H:7136.75 L:7127.75 C:7132.25 V:12516.0
  📈 Trend: strong_bearish (raw: moderate_bearish)
  🗺️  Grid: 0.080% | 🔺 7130.00 🔻 7128.50
  📡 RSI: 67.0 | MACD: -1.52 | ATR: 3.79
  📊 Filled: 0 | Pending: 0
  💰 Daily P&L: $-4,125.00

[2026-04-20 10:22] O:7132.25 H:7138.50 L:7132.25 C:7135.75 V:10070.0
  📈 Trend: moderate_bearish
  🗺️  Grid: 0.080% | 🔺 7136.75 🔻 7127.75
  📡 RSI: 66.7 | MACD: -0.83 | ATR: 3.93
  📊 Filled: 0 | Pending: 0
  💰 Daily P&L: $-4,125.00

[2026-04-20 10:23] O:7135.50 H:7138.25 L:7134.50 C:7136.25 V:5266.0
  📈 Trend: moderate_bearish
  🗺️  Grid: 0.080% | 🔺 7138.50 🔻 7132.25
  📡 RSI: 69.7 | MACD: -0.24 | ATR: 4.04
  📊 Filled: 0 | Pending: 0
  💰 Daily P&L: $-4,125.00

[2026-04-20 10:24] O:7136.25 H:7141.25 L:7136.00 C:7136.50 V:6398.0
  📈 Trend: moderate_bearish (raw: moderate_bullish)
  🗺️  Grid: 0.080% | 🔺 7138.25 🔻 7134.50
  📡 RSI: 66.0 | MACD: 0.25 | ATR: 4.07
  📊 Filled: 0 | Pending: 0
  💰 Daily P&L: $-4,125.00

[2026-04-20 10:25] O:7136.25 H:7138.50 L:7135.50 C:7138.00 V:3237.0
  📈 Trend: moderate_bullish
  🗺️  Grid: 0.080% | 🔺 7141.25 🔻 7136.00
  📡 RSI: 66.7 | MACD: 0.75 | ATR: 4.02
  📊 Filled: 0 | Pending: 0
  💰 Daily P&L: $-4,125.00

[2026-04-20 10:26] O:7138.00 H:7142.25 L:7138.00 C:7139.75 V:6321.0
  📈 Trend: moderate_bullish
  🗺️  Grid: 0.080% | 🔺 7138.50 🔻 7135.50
  📡 RSI: 81.1 | MACD: 1.27 | ATR: 3.98
  📊 Filled: 0 | Pending: 0
  💰 Daily P&L: $-4,125.00

[2026-04-20 10:27] O:7139.75 H:7140.50 L:7138.50 C:7139.50 V:2710.0
  📈 Trend: moderate_bullish
  🗺️  Grid: 0.080% | 🔺 7142.25 🔻 7138.00
  📡 RSI: 82.0 | MACD: 1.64 | ATR: 3.86
  📊 Filled: 0 | Pending: 0
  💰 Daily P&L: $-4,125.00

[2026-04-20 10:28] O:7139.50 H:7139.50 L:7137.25 C:7138.00 V:2777.0
  📈 Trend: moderate_bullish
  🗺️  Grid: 0.080% | 🔺 7140.50 🔻 7138.50
  📡 RSI: 74.1 | MACD: 1.79 | ATR: 3.77
  📊 Filled: 0 | Pending: 0
  💰 Daily P&L: $-4,125.00

[2026-04-20 10:29] O:7138.00 H:7145.25 L:7136.50 C:7143.00 V:6785.0
  📈 Trend: moderate_bullish
  🗺️  Grid: 0.080% | 🔺 7139.50 🔻 7137.25
  📡 RSI: 86.5 | MACD: 2.29 | ATR: 4.16
  📊 Filled: 0 | Pending: 0
  💰 Daily P&L: $-4,125.00

[2026-04-20 10:30] O:7143.25 H:7143.25 L:7139.25 C:7139.50 V:8263.0
  📈 Trend: moderate_bullish
  🗺️  Grid: 0.080% | 🔺 7145.25 🔻 7136.50
  📡 RSI: 76.9 | MACD: 2.38 | ATR: 4.23
  📊 Filled: 0 | Pending: 0
  💰 Daily P&L: $-4,125.00

[2026-04-20 10:31] O:7139.75 H:7140.50 L:7138.00 C:7138.00 V:2775.0
  📈 Trend: moderate_bullish
  🗺️  Grid: 0.080% | 🔺 7143.25 🔻 7139.25
  📡 RSI: 71.3 | MACD: 2.30 | ATR: 4.27
  📊 Filled: 0 | Pending: 0
  💰 Daily P&L: $-4,125.00

[2026-04-20 10:32] O:7138.00 H:7140.00 L:7137.25 C:7137.75 V:2302.0
  📈 Trend: moderate_bullish
  🗺️  Grid: 0.080% | 🔺 7140.50 🔻 7138.00
  📡 RSI: 66.7 | MACD: 2.19 | ATR: 4.20
  📊 Filled: 0 | Pending: 0
  💰 Daily P&L: $-4,125.00

[2026-04-20 10:33] O:7137.50 H:7139.25 L:7137.25 C:7139.00 V:1616.0
  📈 Trend: moderate_bullish (raw: strong_bullish)
  🗺️  Grid: 0.080% | 🔺 7140.00 🔻 7137.25
  📡 RSI: 69.0 | MACD: 2.18 | ATR: 4.09
  📊 Filled: 0 | Pending: 0
  💰 Daily P&L: $-4,125.00

[2026-04-20 10:34] O:7138.75 H:7139.25 L:7134.00 C:7135.75 V:4567.0
  📈 Trend: strong_bullish
  🗺️  Grid: 0.080% | 🔺 7139.25 🔻 7137.25
  📡 RSI: 62.7 | MACD: 1.89 | ATR: 4.36
  📊 Filled: 0 | Pending: 0
  💰 Daily P&L: $-4,125.00

[2026-04-20 10:35] O:7135.75 H:7137.25 L:7135.00 C:7137.00 V:1927.0
  📈 Trend: strong_bullish
  🗺️  Grid: 0.080% | 🔺 7139.25 🔻 7134.00
  📡 RSI: 59.4 | MACD: 1.74 | ATR: 3.88
  📊 Filled: 0 | Pending: 0
  💰 Daily P&L: $-4,125.00

[2026-04-20 10:36] O:7137.00 H:7137.25 L:7132.75 C:7133.75 V:2441.0
  📈 Trend: strong_bullish (raw: moderate_bullish)
  🗺️  Grid: 0.080% | 🔺 7137.25 🔻 7135.00
  📡 RSI: 46.0 | MACD: 1.34 | ATR: 3.75
  📊 Filled: 0 | Pending: 0
  💰 Daily P&L: $-4,125.00

[2026-04-20 10:37] O:7133.75 H:7135.25 L:7132.75 C:7135.00 V:1949.0
  📈 Trend: moderate_bullish
  🗺️  Grid: 0.080% | 🔺 7137.25 🔻 7132.75
  📡 RSI: 47.6 | MACD: 1.11 | ATR: 3.66
  📊 Filled: 0 | Pending: 0
  💰 Daily P&L: $-4,125.00

[2026-04-20 10:38] O:7135.00 H:7136.50 L:7134.75 C:7135.75 V:1898.0
  📈 Trend: moderate_bullish
  🗺️  Grid: 0.080% | 🔺 7135.25 🔻 7132.75
  📡 RSI: 48.6 | MACD: 0.98 | ATR: 3.41
  📊 Filled: 0 | Pending: 0
  💰 Daily P&L: $-4,125.00

[2026-04-20 10:39] O:7135.75 H:7137.00 L:7135.50 C:7136.25 V:1637.0
  📈 Trend: moderate_bullish
  🗺️  Grid: 0.080% | 🔺 7136.50 🔻 7134.75
  📡 RSI: 46.5 | MACD: 0.91 | ATR: 3.30
  📊 Filled: 0 | Pending: 0
  💰 Daily P&L: $-4,125.00

[2026-04-20 10:40] O:7136.25 H:7139.50 L:7136.25 C:7139.25 V:2179.0
  📈 Trend: moderate_bullish
  🗺️  Grid: 0.080% | 🔺 7137.00 🔻 7135.50
  📡 RSI: 49.1 | MACD: 1.08 | ATR: 3.23
  📊 Filled: 0 | Pending: 0
  💰 Daily P&L: $-4,125.00

[2026-04-20 10:41] O:7139.25 H:7140.75 L:7139.00 C:7139.75 V:2129.0
  📈 Trend: moderate_bullish
  🗺️  Grid: 0.080% | 🔺 7139.50 🔻 7136.25
  📡 RSI: 50.5 | MACD: 1.24 | ATR: 3.21
  📊 Filled: 0 | Pending: 0
  💰 Daily P&L: $-4,125.00

[2026-04-20 10:42] O:7139.75 H:7139.75 L:7137.00 C:7137.00 V:1516.0
  📈 Trend: moderate_bullish
  🗺️  Grid: 0.080% | 🔺 7140.75 🔻 7139.00
  📡 RSI: 48.2 | MACD: 1.14 | ATR: 3.25
  📊 Filled: 0 | Pending: 0
  💰 Daily P&L: $-4,125.00

[2026-04-20 10:43] O:7137.25 H:7138.00 L:7136.25 C:7136.75 V:1846.0
  📈 Trend: moderate_bullish
  🗺️  Grid: 0.080% | 🔺 7139.75 🔻 7137.00
  📡 RSI: 36.6 | MACD: 1.02 | ATR: 2.75
  📊 Filled: 0 | Pending: 0
  💰 Daily P&L: $-4,125.00

[2026-04-20 10:44] O:7136.50 H:7136.75 L:7134.50 C:7135.50 V:2050.0
  📈 Trend: moderate_bullish (raw: moderate_bearish)
  🗺️  Grid: 0.080% | 🔺 7138.00 🔻 7136.25
  📡 RSI: 40.5 | MACD: 0.82 | ATR: 2.62
  📊 Filled: 0 | Pending: 0
  💰 Daily P&L: $-4,125.00

[2026-04-20 10:45] O:7135.75 H:7135.75 L:7133.25 C:7135.00 V:2347.0
  📈 Trend: moderate_bearish
  🗺️  Grid: 0.080% | 🔺 7136.75 🔻 7134.50
  📡 RSI: 42.5 | MACD: 0.61 | ATR: 2.62
  📊 Filled: 0 | Pending: 0
  💰 Daily P&L: $-4,125.00

[2026-04-20 10:46] O:7135.00 H:7136.50 L:7134.75 C:7135.75 V:1496.0
  📈 Trend: moderate_bearish
  🗺️  Grid: 0.080% | 🔺 7135.75 🔻 7133.25
  📡 RSI: 45.1 | MACD: 0.50 | ATR: 2.55
  📊 Filled: 0 | Pending: 0
  💰 Daily P&L: $-4,125.00

[2026-04-20 10:47] O:7135.75 H:7138.25 L:7135.50 C:7137.25 V:1759.0
  📈 Trend: moderate_bearish
  🗺️  Grid: 0.080% | 🔺 7136.50 🔻 7134.75
  📡 RSI: 45.8 | MACD: 0.53 | ATR: 2.61
  📊 Filled: 0 | Pending: 0
  💰 Daily P&L: $-4,125.00

[2026-04-20 10:48] O:7137.50 H:7139.00 L:7136.75 C:7137.50 V:2199.0
  📈 Trend: moderate_bearish
  🗺️  Grid: 0.080% | 🔺 7138.25 🔻 7135.50
  📡 RSI: 54.9 | MACD: 0.56 | ATR: 2.39
  📊 Filled: 0 | Pending: 0
  💰 Daily P&L: $-4,125.00

[2026-04-20 10:49] O:7137.50 H:7138.00 L:7135.25 C:7135.25 V:1331.0
  📈 Trend: moderate_bearish
  🗺️  Grid: 0.080% | 🔺 7139.00 🔻 7136.75
  📡 RSI: 45.3 | MACD: 0.40 | ATR: 2.43
  📊 Filled: 0 | Pending: 0
  💰 Daily P&L: $-4,125.00

[2026-04-20 10:50] O:7135.00 H:7135.50 L:7132.50 C:7132.75 V:1831.0
  📈 Trend: moderate_bearish
  🗺️  Grid: 0.080% | 🔺 7138.00 🔻 7135.25
  📡 RSI: 47.2 | MACD: 0.08 | ATR: 2.32
  📊 Filled: 0 | Pending: 0
  💰 Daily P&L: $-4,125.00

[2026-04-20 10:51] O:7132.75 H:7133.50 L:7131.25 C:7133.50 V:2880.0
  📈 Trend: moderate_bearish (raw: strong_bearish)
  🗺️  Grid: 0.080% | 🔺 7135.50 🔻 7132.50
  📡 RSI: 45.7 | MACD: -0.12 | ATR: 2.30
  📊 Filled: 0 | Pending: 0
  💰 Daily P&L: $-4,125.00

[2026-04-20 10:52] O:7133.50 H:7134.50 L:7132.75 C:7133.00 V:1337.0
  📈 Trend: strong_bearish
  🗺️  Grid: 0.080% | 🔺 7133.50 🔻 7131.25
  📡 RSI: 42.0 | MACD: -0.31 | ATR: 2.30
  📊 Filled: 0 | Pending: 0
  💰 Daily P&L: $-4,125.00

[2026-04-20 10:53] O:7132.75 H:7135.25 L:7132.00 C:7134.00 V:2659.0
  📈 Trend: strong_bearish
  🗺️  Grid: 0.080% | 🔺 7134.50 🔻 7132.75
  📡 RSI: 43.7 | MACD: -0.38 | ATR: 2.43
  📊 Filled: 0 | Pending: 0
  💰 Daily P&L: $-4,125.00

[2026-04-20 10:54] O:7133.75 H:7135.75 L:7133.75 C:7135.25 V:1470.0
  📈 Trend: strong_bearish
  🗺️  Grid: 0.080% | 🔺 7135.25 🔻 7132.00
  📡 RSI: 37.5 | MACD: -0.33 | ATR: 2.34
  📊 Filled: 0 | Pending: 0
  💰 Daily P&L: $-4,125.00

[2026-04-20 10:55] O:7135.25 H:7137.50 L:7135.00 C:7137.25 V:1592.0
  📈 Trend: strong_bearish (raw: moderate_bullish)
  🗺️  Grid: 0.080% | 🔺 7135.75 🔻 7133.75
  📡 RSI: 42.9 | MACD: -0.13 | ATR: 2.39
  📊 Filled: 0 | Pending: 0
  💰 Daily P&L: $-4,125.00

[2026-04-20 10:56] O:7137.00 H:7137.75 L:7136.50 C:7137.25 V:1478.0
  📈 Trend: strong_bearish (raw: strong_bullish)
  🗺️  Grid: 0.080% | 🔺 7137.50 🔻 7135.00
  📡 RSI: 50.8 | MACD: 0.03 | ATR: 2.29
  📊 Filled: 0 | Pending: 0
  💰 Daily P&L: $-4,125.00

[2026-04-20 10:57] O:7137.00 H:7137.75 L:7135.75 C:7136.00 V:1225.0
  📈 Trend: strong_bullish
  🗺️  Grid: 0.080% | 🔺 7137.75 🔻 7136.50
  📡 RSI: 47.6 | MACD: 0.06 | ATR: 2.30
  📊 Filled: 0 | Pending: 0
  💰 Daily P&L: $-4,125.00

[2026-04-20 10:58] O:7136.00 H:7136.75 L:7135.25 C:7136.00 V:1138.0
  📈 Trend: strong_bullish (raw: moderate_bullish)
  🗺️  Grid: 0.080% | 🔺 7137.75 🔻 7135.75
  📡 RSI: 51.7 | MACD: 0.08 | ATR: 2.25
  📊 Filled: 0 | Pending: 0
  💰 Daily P&L: $-4,125.00

[2026-04-20 10:59] O:7135.75 H:7137.25 L:7135.75 C:7136.00 V:1091.0
  📈 Trend: moderate_bullish
  🗺️  Grid: 0.080% | 🔺 7136.75 🔻 7135.25
  📡 RSI: 53.6 | MACD: 0.09 | ATR: 2.18
  📊 Filled: 0 | Pending: 0
  💰 Daily P&L: $-4,125.00

[2026-04-20 11:00] O:7136.25 H:7137.25 L:7134.50 C:7135.25 V:1539.0
  📈 Trend: moderate_bullish (raw: moderate_bearish)
  🗺️  Grid: 0.080% | 🔺 7137.25 🔻 7135.75
  📡 RSI: 48.2 | MACD: 0.04 | ATR: 2.25
  📊 Filled: 0 | Pending: 0
  💰 Daily P&L: $-4,125.00

[2026-04-20 11:01] O:7135.00 H:7135.50 L:7133.00 C:7134.25 V:1571.0
  📈 Trend: moderate_bullish (raw: strong_bearish)
  🗺️  Grid: 0.080% | 🔺 7137.25 🔻 7134.50
  📡 RSI: 38.9 | MACD: -0.08 | ATR: 2.23
  📊 Filled: 0 | Pending: 0
  💰 Daily P&L: $-4,125.00

[2026-04-20 11:02] O:7134.00 H:7134.25 L:7132.25 C:7133.00 V:1527.0
  📈 Trend: strong_bearish
  🗺️  Grid: 0.080% | 🔺 7135.50 🔻 7133.00
  📡 RSI: 34.5 | MACD: -0.27 | ATR: 2.21
  📊 Filled: 0 | Pending: 0
  💰 Daily P&L: $-4,125.00

[2026-04-20 11:03] O:7133.00 H:7133.75 L:7131.25 C:7131.50 V:1452.0
  📈 Trend: strong_bearish
  🗺️  Grid: 0.080% | 🔺 7134.25 🔻 7132.25
  📡 RSI: 36.4 | MACD: -0.54 | ATR: 2.20
  📊 Filled: 0 | Pending: 0
  💰 Daily P&L: $-4,125.00

[2026-04-20 11:04] O:7131.25 H:7132.00 L:7130.75 C:7131.50 V:1747.0
  📈 Trend: strong_bearish
  🗺️  Grid: 0.080% | 🔺 7133.75 🔻 7131.25
  📡 RSI: 44.4 | MACD: -0.74 | ATR: 2.07
  📊 Filled: 0 | Pending: 0
  💰 Daily P&L: $-4,125.00

[2026-04-20 11:05] O:7131.50 H:7135.50 L:7130.75 C:7135.25 V:3292.0
  📈 Trend: strong_bearish
  🗺️  Grid: 0.080% | 🔺 7132.00 🔻 7130.75
  📡 RSI: 56.1 | MACD: -0.59 | ATR: 2.25
  📊 Filled: 0 | Pending: 0
  💰 Daily P&L: $-4,125.00

[2026-04-20 11:06] O:7135.00 H:7136.50 L:7135.00 C:7135.25 V:1797.0
  📈 Trend: strong_bearish
  🗺️  Grid: 0.080% | 🔺 7135.50 🔻 7130.75
  📡 RSI: 58.2 | MACD: -0.47 | ATR: 2.23
  📊 Filled: 0 | Pending: 0
  💰 Daily P&L: $-4,125.00

[2026-04-20 11:07] O:7135.25 H:7135.25 L:7133.25 C:7134.00 V:1259.0
  📈 Trend: strong_bearish
  🗺️  Grid: 0.080% | 🔺 7136.50 🔻 7135.00
  📡 RSI: 50.0 | MACD: -0.47 | ATR: 2.14
  📊 Filled: 0 | Pending: 0
  💰 Daily P&L: $-4,125.00

[2026-04-20 11:08] O:7134.00 H:7136.00 L:7134.00 C:7134.75 V:1023.0
  📈 Trend: strong_bearish
  🗺️  Grid: 0.080% | 🔺 7135.25 🔻 7133.25
  📡 RSI: 48.1 | MACD: -0.40 | ATR: 2.14
  📊 Filled: 0 | Pending: 0
  💰 Daily P&L: $-4,125.00

[2026-04-20 11:09] O:7134.75 H:7135.75 L:7133.75 C:7134.75 V:932.0
  📈 Trend: strong_bearish (raw: moderate_bearish)
  🗺️  Grid: 0.080% | 🔺 7136.00 🔻 7134.00
  📡 RSI: 39.1 | MACD: -0.34 | ATR: 2.11
  📊 Filled: 0 | Pending: 0
  💰 Daily P&L: $-4,125.00

[2026-04-20 11:10] O:7134.75 H:7137.00 L:7134.75 C:7135.75 V:1503.0
  📈 Trend: moderate_bearish
  🗺️  Grid: 0.080% | 🔺 7135.75 🔻 7133.75
  📡 RSI: 44.0 | MACD: -0.22 | ATR: 2.18
  📊 Filled: 0 | Pending: 0
  💰 Daily P&L: $-4,125.00

[2026-04-20 11:11] O:7135.75 H:7137.25 L:7135.50 C:7137.00 V:931.0
  📈 Trend: moderate_bearish
  🗺️  Grid: 0.080% | 🔺 7137.00 🔻 7134.75
  📡 RSI: 54.0 | MACD: -0.01 | ATR: 2.16
  📊 Filled: 0 | Pending: 0
  💰 Daily P&L: $-4,125.00

[2026-04-20 11:12] O:7137.00 H:7137.75 L:7136.00 C:7136.75 V:2494.0
  📈 Trend: moderate_bearish (raw: moderate_bullish)
  🗺️  Grid: 0.080% | 🔺 7137.25 🔻 7135.50
  📡 RSI: 52.9 | MACD: 0.13 | ATR: 2.18
  📊 Filled: 0 | Pending: 0
  💰 Daily P&L: $-4,125.00

[2026-04-20 11:13] O:7136.75 H:7137.75 L:7135.75 C:7136.00 V:1215.0
  📈 Trend: moderate_bullish
  🗺️  Grid: 0.080% | 🔺 7137.75 🔻 7136.00
  📡 RSI: 50.0 | MACD: 0.17 | ATR: 2.21
  📊 Filled: 0 | Pending: 0
  💰 Daily P&L: $-4,125.00

[2026-04-20 11:14] O:7135.75 H:7136.50 L:7135.50 C:7136.00 V:971.0
  📈 Trend: moderate_bullish (raw: strong_bearish)
  🗺️  Grid: 0.080% | 🔺 7137.75 🔻 7135.75
  📡 RSI: 52.9 | MACD: 0.21 | ATR: 2.09
  📊 Filled: 0 | Pending: 0
  💰 Daily P&L: $-4,125.00

[2026-04-20 11:15] O:7136.00 H:7136.25 L:7134.00 C:7134.25 V:2516.0
  📈 Trend: strong_bearish
  🗺️  Grid: 0.080% | 🔺 7136.50 🔻 7135.50
  📡 RSI: 50.0 | MACD: 0.09 | ATR: 2.07
  📊 Filled: 0 | Pending: 0
  💰 Daily P&L: $-4,125.00

[2026-04-20 11:16] O:7134.25 H:7134.50 L:7130.75 C:7131.25 V:2237.0
  📈 Trend: strong_bearish
  🗺️  Grid: 0.080% | 🔺 7136.25 🔻 7134.00
  📡 RSI: 44.3 | MACD: -0.24 | ATR: 2.20
  📊 Filled: 0 | Pending: 0
  💰 Daily P&L: $-4,125.00

[2026-04-20 11:17] O:7131.25 H:7132.50 L:7130.25 C:7132.25 V:2023.0
  📈 Trend: strong_bearish
  🗺️  Grid: 0.080% | 🔺 7134.50 🔻 7130.75
  📡 RSI: 52.5 | MACD: -0.41 | ATR: 2.18
  📊 Filled: 0 | Pending: 0
  💰 Daily P&L: $-4,125.00

[2026-04-20 11:18] O:7132.25 H:7133.75 L:7132.00 C:7133.25 V:1081.0
  📈 Trend: strong_bearish
  🗺️  Grid: 0.080% | 🔺 7132.50 🔻 7130.25
  📡 RSI: 55.6 | MACD: -0.46 | ATR: 2.21
  📊 Filled: 0 | Pending: 0
  💰 Daily P&L: $-4,125.00

[2026-04-20 11:19] O:7133.00 H:7136.25 L:7133.00 C:7135.25 V:1346.0
  📈 Trend: strong_bearish
  🗺️  Grid: 0.080% | 🔺 7133.75 🔻 7132.00
  📡 RSI: 50.0 | MACD: -0.34 | ATR: 2.11
  📊 Filled: 0 | Pending: 0
  💰 Daily P&L: $-4,125.00

[2026-04-20 11:20] O:7135.25 H:7137.75 L:7135.25 C:7137.00 V:1491.0
  📈 Trend: strong_bearish (raw: moderate_bearish)
  🗺️  Grid: 0.080% | 🔺 7136.25 🔻 7133.00
  📡 RSI: 55.6 | MACD: -0.10 | ATR: 2.18
  📊 Filled: 0 | Pending: 0
  💰 Daily P&L: $-4,125.00

[2026-04-20 11:21] O:7137.00 H:7137.75 L:7135.75 C:7135.75 V:1532.0
  📈 Trend: moderate_bearish
  🗺️  Grid: 0.080% | 🔺 7137.75 🔻 7135.25
  📡 RSI: 55.6 | MACD: -0.01 | ATR: 2.18
  📊 Filled: 0 | Pending: 0
  💰 Daily P&L: $-4,125.00

[2026-04-20 11:22] O:7135.75 H:7136.25 L:7134.50 C:7134.50 V:1090.0
  📈 Trend: moderate_bearish
  🗺️  Grid: 0.080% | 🔺 7137.75 🔻 7135.75
  📡 RSI: 49.2 | MACD: -0.04 | ATR: 2.16
  📊 Filled: 0 | Pending: 0
  💰 Daily P&L: $-4,125.00

[2026-04-20 11:23] O:7134.50 H:7138.00 L:7134.25 C:7137.25 V:1847.0
  📈 Trend: moderate_bearish (raw: moderate_bullish)
  🗺️  Grid: 0.080% | 🔺 7136.25 🔻 7134.50
  📡 RSI: 56.6 | MACD: 0.15 | ATR: 2.29
  📊 Filled: 0 | Pending: 0
  💰 Daily P&L: $-4,125.00

[2026-04-20 11:24] O:7137.25 H:7137.75 L:7135.75 C:7136.00 V:1379.0
  📈 Trend: moderate_bullish
  🗺️  Grid: 0.080% | 🔺 7138.00 🔻 7134.25
  📡 RSI: 50.6 | MACD: 0.21 | ATR: 2.27
  📊 Filled: 0 | Pending: 0
  💰 Daily P&L: $-4,125.00

[2026-04-20 11:25] O:7136.25 H:7137.75 L:7135.75 C:7135.75 V:984.0
  📈 Trend: moderate_bullish
  🗺️  Grid: 0.080% | 🔺 7137.75 🔻 7135.75
  📡 RSI: 46.6 | MACD: 0.23 | ATR: 2.29
  📊 Filled: 0 | Pending: 0
  💰 Daily P&L: $-4,125.00

[2026-04-20 11:26] O:7136.00 H:7136.50 L:7135.25 C:7135.75 V:1126.0
  📈 Trend: moderate_bullish
  🗺️  Grid: 0.080% | 🔺 7137.75 🔻 7135.75
  📡 RSI: 47.2 | MACD: 0.24 | ATR: 2.25
  📊 Filled: 0 | Pending: 0
  💰 Daily P&L: $-4,125.00

[2026-04-20 11:27] O:7135.75 H:7137.50 L:7135.75 C:7137.25 V:916.0
  📈 Trend: moderate_bullish
  🗺️  Grid: 0.080% | 🔺 7136.50 🔻 7135.25
  📡 RSI: 53.3 | MACD: 0.36 | ATR: 2.23
  📊 Filled: 0 | Pending: 0
  💰 Daily P&L: $-4,125.00

[2026-04-20 11:28] O:7137.50 H:7138.25 L:7137.00 C:7137.50 V:1327.0
  📈 Trend: moderate_bullish (raw: strong_bullish)
  🗺️  Grid: 0.080% | 🔺 7137.50 🔻 7135.75
  📡 RSI: 53.9 | MACD: 0.48 | ATR: 2.25
  📊 Filled: 0 | Pending: 0
  💰 Daily P&L: $-4,125.00

[2026-04-20 11:29] O:7137.75 H:7138.00 L:7136.50 C:7136.50 V:997.0
  📈 Trend: strong_bullish
  🗺️  Grid: 0.080% | 🔺 7138.25 🔻 7137.00
  📡 RSI: 56.2 | MACD: 0.48 | ATR: 2.20
  📊 Filled: 0 | Pending: 0
  💰 Daily P&L: $-4,125.00

[2026-04-20 11:30] O:7136.75 H:7138.75 L:7136.75 C:7137.75 V:1519.0
  📈 Trend: strong_bullish
  🗺️  Grid: 0.080% | 🔺 7138.00 🔻 7136.50
  📡 RSI: 69.7 | MACD: 0.58 | ATR: 2.09
  📊 Filled: 0 | Pending: 0
  💰 Daily P&L: $-4,125.00

[2026-04-20 11:31] O:7138.00 H:7139.00 L:7137.25 C:7138.25 V:2035.0
  📈 Trend: strong_bullish
  🗺️  Grid: 0.080% | 🔺 7138.75 🔻 7136.75
  📡 RSI: 68.8 | MACD: 0.69 | ATR: 2.05
  📊 Filled: 0 | Pending: 0
  💰 Daily P&L: $-4,125.00

[2026-04-20 11:32] O:7138.25 H:7138.50 L:7137.25 C:7138.00 V:1295.0
  📈 Trend: strong_bullish
  🗺️  Grid: 0.080% | 🔺 7139.00 🔻 7137.25
  📡 RSI: 65.6 | MACD: 0.75 | ATR: 2.02
  📊 Filled: 0 | Pending: 0
  💰 Daily P&L: $-4,125.00

[2026-04-20 11:33] O:7138.00 H:7140.25 L:7138.00 C:7139.75 V:1580.0
  📈 Trend: strong_bullish
  🗺️  Grid: 0.080% | 🔺 7138.50 🔻 7137.25
  📡 RSI: 65.0 | MACD: 0.93 | ATR: 1.95
  📊 Filled: 0 | Pending: 0
  💰 Daily P&L: $-4,125.00

[2026-04-20 11:34] O:7140.00 H:7141.25 L:7139.25 C:7139.25 V:1649.0
  📈 Trend: strong_bullish
  🗺️  Grid: 0.080% | 🔺 7140.25 🔻 7138.00
  📡 RSI: 58.2 | MACD: 1.02 | ATR: 1.91
  📊 Filled: 0 | Pending: 0
  💰 Daily P&L: $-4,125.00

[2026-04-20 11:35] O:7139.50 H:7140.00 L:7137.50 C:7137.50 V:1366.0
  📈 Trend: strong_bullish
  🗺️  Grid: 0.080% | 🔺 7141.25 🔻 7139.25
  📡 RSI: 56.1 | MACD: 0.93 | ATR: 1.95
  📊 Filled: 0 | Pending: 0
  💰 Daily P&L: $-4,125.00

[2026-04-20 11:36] O:7137.50 H:7138.00 L:7136.25 C:7137.00 V:1746.0
  📈 Trend: strong_bullish
  🗺️  Grid: 0.080% | 🔺 7140.00 🔻 7137.50
  📡 RSI: 59.3 | MACD: 0.82 | ATR: 1.95
  📊 Filled: 0 | Pending: 0
  💰 Daily P&L: $-4,125.00

[2026-04-20 11:37] O:7137.00 H:7137.00 L:7134.50 C:7134.50 V:1759.0
  📈 Trend: strong_bullish (raw: moderate_bullish)
  🗺️  Grid: 0.080% | 🔺 7138.00 🔻 7136.25
  📡 RSI: 39.6 | MACD: 0.52 | ATR: 1.86
  📊 Filled: 0 | Pending: 0
  💰 Daily P&L: $-4,125.00

[2026-04-20 11:38] O:7134.50 H:7136.50 L:7134.00 C:7135.75 V:1969.0
  📈 Trend: moderate_bullish
  🗺️  Grid: 0.080% | 🔺 7137.00 🔻 7134.50
  📡 RSI: 49.1 | MACD: 0.38 | ATR: 1.89
  📊 Filled: 0 | Pending: 0
  💰 Daily P&L: $-4,125.00

[2026-04-20 11:39] O:7136.00 H:7136.50 L:7135.50 C:7135.75 V:1056.0
  📈 Trend: moderate_bullish (raw: moderate_bearish)
  🗺️  Grid: 0.080% | 🔺 7136.50 🔻 7134.00
  📡 RSI: 50.0 | MACD: 0.27 | ATR: 1.82
  📊 Filled: 0 | Pending: 0
  💰 Daily P&L: $-4,125.00

[2026-04-20 11:40] O:7135.75 H:7136.00 L:7134.00 C:7136.00 V:1141.0
  📈 Trend: moderate_bullish
  🗺️  Grid: 0.080% | 🔺 7136.50 🔻 7135.50
  📡 RSI: 50.9 | MACD: 0.19 | ATR: 1.88
  📊 Filled: 0 | Pending: 0
  💰 Daily P&L: $-4,125.00

[2026-04-20 11:41] O:7136.25 H:7139.25 L:7136.25 C:7138.50 V:1891.0
  📈 Trend: moderate_bullish
  🗺️  Grid: 0.080% | 🔺 7136.00 🔻 7134.00
  📡 RSI: 54.4 | MACD: 0.33 | ATR: 1.98
  📊 Filled: 0 | Pending: 0
  💰 Daily P&L: $-4,125.00

[2026-04-20 11:42] O:7138.50 H:7140.75 L:7137.75 C:7138.75 V:3330.0
  📈 Trend: moderate_bullish (raw: strong_bullish)
  🗺️  Grid: 0.080% | 🔺 7139.25 🔻 7136.25
  📡 RSI: 54.4 | MACD: 0.46 | ATR: 2.11
  📊 Filled: 0 | Pending: 0
  💰 Daily P&L: $-4,125.00

[2026-04-20 11:43] O:7139.00 H:7139.25 L:7138.00 C:7138.00 V:912.0
  📈 Trend: strong_bullish
  🗺️  Grid: 0.080% | 🔺 7140.75 🔻 7137.75
  📡 RSI: 55.4 | MACD: 0.49 | ATR: 2.09
  📊 Filled: 0 | Pending: 0
  💰 Daily P&L: $-4,125.00

[2026-04-20 11:44] O:7138.00 H:7138.75 L:7137.00 C:7137.00 V:899.0
  📈 Trend: strong_bullish (raw: moderate_bullish)
  🗺️  Grid: 0.080% | 🔺 7139.25 🔻 7138.00
  📡 RSI: 47.3 | MACD: 0.43 | ATR: 2.05
  📊 Filled: 0 | Pending: 0
  💰 Daily P&L: $-4,125.00

[2026-04-20 11:45] O:7137.25 H:7138.25 L:7136.75 C:7137.50 V:884.0
  📈 Trend: moderate_bullish
  🗺️  Grid: 0.080% | 🔺 7138.75 🔻 7137.00
  📡 RSI: 47.3 | MACD: 0.42 | ATR: 2.04
  📊 Filled: 0 | Pending: 0
  💰 Daily P&L: $-4,125.00

[2026-04-20 11:46] O:7137.50 H:7138.75 L:7137.25 C:7137.75 V:819.0
  📈 Trend: moderate_bullish
  🗺️  Grid: 0.080% | 🔺 7138.25 🔻 7136.75
  📡 RSI: 49.1 | MACD: 0.43 | ATR: 2.05
  📊 Filled: 0 | Pending: 0
  💰 Daily P&L: $-4,125.00

[2026-04-20 11:47] O:7137.75 H:7139.00 L:7137.50 C:7138.50 V:785.0
  📈 Trend: moderate_bullish (raw: strong_bullish)
  🗺️  Grid: 0.080% | 🔺 7138.75 🔻 7137.25
  📡 RSI: 45.1 | MACD: 0.49 | ATR: 2.00
  📊 Filled: 0 | Pending: 0
  💰 Daily P&L: $-4,125.00

[2026-04-20 11:48] O:7138.75 H:7139.25 L:7138.25 C:7138.25 V:691.0
  📈 Trend: strong_bullish
  🗺️  Grid: 0.080% | 🔺 7139.00 🔻 7137.50
  📡 RSI: 46.0 | MACD: 0.51 | ATR: 1.93
  📊 Filled: 0 | Pending: 0
  💰 Daily P&L: $-4,125.00

[2026-04-20 11:49] O:7138.50 H:7138.50 L:7136.75 C:7137.50 V:725.0
  📈 Trend: strong_bullish (raw: moderate_bearish)
  🗺️  Grid: 0.080% | 🔺 7139.25 🔻 7138.25
  📡 RSI: 50.0 | MACD: 0.46 | ATR: 1.88
  📊 Filled: 0 | Pending: 0
  💰 Daily P&L: $-4,125.00

[2026-04-20 11:50] O:7137.50 H:7138.50 L:7135.50 C:7136.25 V:1150.0
  📈 Trend: moderate_bearish
  🗺️  Grid: 0.080% | 🔺 7138.50 🔻 7136.75
  📡 RSI: 46.9 | MACD: 0.32 | ATR: 1.96
  📊 Filled: 0 | Pending: 0
  💰 Daily P&L: $-4,125.00

[2026-04-20 11:51] O:7136.50 H:7136.75 L:7135.75 C:7136.50 V:1163.0
  📈 Trend: moderate_bearish
  🗺️  Grid: 0.080% | 🔺 7138.50 🔻 7135.50
  📡 RSI: 60.0 | MACD: 0.22 | ATR: 1.86
  📊 Filled: 0 | Pending: 0
  💰 Daily P&L: $-4,125.00

[2026-04-20 11:52] O:7136.50 H:7138.00 L:7136.25 C:7137.75 V:3025.0
  📈 Trend: moderate_bearish
  🗺️  Grid: 0.080% | 🔺 7136.75 🔻 7135.75
  📡 RSI: 60.0 | MACD: 0.24 | ATR: 1.80
  📊 Filled: 0 | Pending: 0
  💰 Daily P&L: $-4,125.00

[2026-04-20 11:53] O:7138.00 H:7138.25 L:7136.50 C:7137.50 V:871.0
  📈 Trend: moderate_bearish
  🗺️  Grid: 0.080% | 🔺 7138.00 🔻 7136.25
  📡 RSI: 58.5 | MACD: 0.24 | ATR: 1.86
  📊 Filled: 0 | Pending: 0
  💰 Daily P&L: $-4,125.00

[2026-04-20 11:54] O:7137.50 H:7138.25 L:7137.25 C:7137.75 V:663.0
  📈 Trend: moderate_bearish (raw: moderate_bullish)
  🗺️  Grid: 0.080% | 🔺 7138.25 🔻 7136.50
  📡 RSI: 58.5 | MACD: 0.25 | ATR: 1.79
  📊 Filled: 0 | Pending: 0
  💰 Daily P&L: $-4,125.00

[2026-04-20 11:55] O:7138.00 H:7138.00 L:7135.50 C:7136.00 V:918.0
  📈 Trend: moderate_bearish
  🗺️  Grid: 0.080% | 🔺 7138.25 🔻 7137.25
  📡 RSI: 36.8 | MACD: 0.12 | ATR: 1.73
  📊 Filled: 0 | Pending: 0
  💰 Daily P&L: $-4,125.00

[2026-04-20 11:56] O:7135.75 H:7136.50 L:7135.50 C:7136.25 V:1092.0
  📈 Trend: moderate_bearish (raw: moderate_bullish)
  🗺️  Grid: 0.080% | 🔺 7138.00 🔻 7135.50
  📡 RSI: 36.8 | MACD: 0.03 | ATR: 1.59
  📊 Filled: 0 | Pending: 0
  💰 Daily P&L: $-4,125.00

[2026-04-20 11:57] O:7136.25 H:7136.50 L:7135.25 C:7135.50 V:875.0
  📈 Trend: moderate_bearish (raw: strong_bearish)
  🗺️  Grid: 0.080% | 🔺 7136.50 🔻 7135.50
  📡 RSI: 36.8 | MACD: -0.09 | ATR: 1.59
  📊 Filled: 0 | Pending: 0
  💰 Daily P&L: $-4,125.00

[2026-04-20 11:58] O:7135.50 H:7137.00 L:7135.00 C:7136.25 V:1806.0
  📈 Trend: moderate_bearish (raw: moderate_bullish)
  🗺️  Grid: 0.080% | 🔺 7136.50 🔻 7135.25
  📡 RSI: 45.9 | MACD: -0.13 | ATR: 1.61
  📊 Filled: 0 | Pending: 0
  💰 Daily P&L: $-4,125.00

[2026-04-20 11:59] O:7136.00 H:7137.25 L:7135.75 C:7136.75 V:1000.0
  📈 Trend: moderate_bullish
  🗺️  Grid: 0.080% | 🔺 7137.00 🔻 7135.00
  📡 RSI: 45.9 | MACD: -0.12 | ATR: 1.61
  📊 Filled: 0 | Pending: 0
  💰 Daily P&L: $-4,125.00

[2026-04-20 12:00] O:7136.75 H:7137.75 L:7136.25 C:7137.25 V:1056.0
  📈 Trend: moderate_bullish (raw: strong_bearish)
  🗺️  Grid: 0.080% | 🔺 7137.25 🔻 7135.75
  📡 RSI: 47.4 | MACD: -0.07 | ATR: 1.61
  📊 Filled: 0 | Pending: 0
  💰 Daily P&L: $-4,125.00

[2026-04-20 12:01] O:7137.25 H:7137.25 L:7134.75 C:7135.00 V:1086.0
  📈 Trend: strong_bearish
  🗺️  Grid: 0.080% | 🔺 7137.75 🔻 7136.25
  📡 RSI: 34.1 | MACD: -0.21 | ATR: 1.68
  📊 Filled: 0 | Pending: 0
  💰 Daily P&L: $-4,125.00

[2026-04-20 12:02] O:7135.00 H:7139.00 L:7132.75 C:7137.25 V:6141.0
  📈 Trend: strong_bearish
  🗺️  Grid: 0.080% | 🔺 7137.25 🔻 7134.75
  📡 RSI: 46.2 | MACD: -0.14 | ATR: 2.05
  📊 Filled: 0 | Pending: 0
  💰 Daily P&L: $-4,125.00

[2026-04-20 12:03] O:7137.25 H:7137.50 L:7134.75 C:7135.50 V:2194.0
  📈 Trend: strong_bearish
  🗺️  Grid: 0.080% | 🔺 7139.00 🔻 7132.75
  📡 RSI: 42.9 | MACD: -0.22 | ATR: 2.12
  📊 Filled: 0 | Pending: 0
  💰 Daily P&L: $-4,125.00

[2026-04-20 12:04] O:7135.25 H:7137.00 L:7134.50 C:7134.50 V:1436.0
  📈 Trend: strong_bearish
  🗺️  Grid: 0.080% | 🔺 7137.50 🔻 7134.75
  📡 RSI: 43.6 | MACD: -0.36 | ATR: 2.09
  📊 Filled: 0 | Pending: 0
  💰 Daily P&L: $-4,125.00

[2026-04-20 12:05] O:7134.50 H:7135.75 L:7134.00 C:7135.25 V:1146.0
  📈 Trend: strong_bearish
  🗺️  Grid: 0.080% | 🔺 7137.00 🔻 7134.50
  📡 RSI: 45.6 | MACD: -0.41 | ATR: 2.14
  📊 Filled: 0 | Pending: 0
  💰 Daily P&L: $-4,125.00

[2026-04-20 12:06] O:7135.00 H:7138.00 L:7134.75 C:7136.50 V:1376.0
  📈 Trend: strong_bearish
  🗺️  Grid: 0.080% | 🔺 7135.75 🔻 7134.00
  📡 RSI: 45.6 | MACD: -0.34 | ATR: 2.25
  📊 Filled: 0 | Pending: 0
  💰 Daily P&L: $-4,125.00

[2026-04-20 12:07] O:7136.75 H:7138.25 L:7136.25 C:7137.00 V:1017.0
  📈 Trend: strong_bearish
  🗺️  Grid: 0.080% | 🔺 7138.00 🔻 7134.75
  📡 RSI: 48.3 | MACD: -0.24 | ATR: 2.27
  📊 Filled: 0 | Pending: 0
  💰 Daily P&L: $-4,125.00

[2026-04-20 12:08] O:7137.00 H:7138.50 L:7137.00 C:7138.25 V:949.0
  📈 Trend: strong_bearish (raw: moderate_bearish)
  🗺️  Grid: 0.080% | 🔺 7138.25 🔻 7136.25
  📡 RSI: 51.6 | MACD: -0.06 | ATR: 2.30
  📊 Filled: 0 | Pending: 0
  💰 Daily P&L: $-4,125.00

[2026-04-20 12:09] O:7138.25 H:7139.00 L:7137.75 C:7138.25 V:1087.0
  📈 Trend: strong_bearish (raw: moderate_bullish)
  🗺️  Grid: 0.080% | 🔺 7138.50 🔻 7137.00
  📡 RSI: 58.2 | MACD: 0.08 | ATR: 2.21
  📊 Filled: 0 | Pending: 0
  💰 Daily P&L: $-4,125.00

[2026-04-20 12:10] O:7138.50 H:7139.25 L:7137.25 C:7137.75 V:1572.0
  📈 Trend: moderate_bullish
  🗺️  Grid: 0.080% | 🔺 7139.00 🔻 7137.75
  📡 RSI: 55.4 | MACD: 0.15 | ATR: 2.29
  📊 Filled: 0 | Pending: 0
  💰 Daily P&L: $-4,125.00

[2026-04-20 12:11] O:7137.75 H:7138.75 L:7137.50 C:7138.25 V:777.0
  📈 Trend: moderate_bullish
  🗺️  Grid: 0.080% | 🔺 7139.25 🔻 7137.25
  📡 RSI: 60.0 | MACD: 0.24 | ATR: 2.29
  📊 Filled: 0 | Pending: 0
  💰 Daily P&L: $-4,125.00

[2026-04-20 12:12] O:7138.00 H:7139.25 L:7137.75 C:7139.25 V:641.0
  📈 Trend: moderate_bullish
  🗺️  Grid: 0.080% | 🔺 7138.75 🔻 7137.50
  📡 RSI: 60.7 | MACD: 0.39 | ATR: 2.25
  📊 Filled: 0 | Pending: 0
  💰 Daily P&L: $-4,125.00

[2026-04-20 12:13] O:7139.25 H:7140.00 L:7139.00 C:7140.00 V:1139.0
  📈 Trend: moderate_bullish
  🗺️  Grid: 0.080% | 🔺 7139.25 🔻 7137.75
  📡 RSI: 61.4 | MACD: 0.56 | ATR: 2.21
  📊 Filled: 0 | Pending: 0
  💰 Daily P&L: $-4,125.00

[2026-04-20 12:14] O:7140.00 H:7141.75 L:7139.75 C:7140.75 V:1497.0
  📈 Trend: moderate_bullish
  🗺️  Grid: 0.080% | 🔺 7140.00 🔻 7139.00
  📡 RSI: 62.1 | MACD: 0.75 | ATR: 2.25
  📊 Filled: 0 | Pending: 0
  💰 Daily P&L: $-4,125.00

[2026-04-20 12:15] O:7140.75 H:7141.25 L:7139.75 C:7140.50 V:1355.0
  📈 Trend: moderate_bullish
  🗺️  Grid: 0.080% | 🔺 7141.75 🔻 7139.75
  📡 RSI: 72.0 | MACD: 0.87 | ATR: 2.18
  📊 Filled: 0 | Pending: 0
  💰 Daily P&L: $-4,125.00

[2026-04-20 12:16] O:7140.25 H:7141.50 L:7140.00 C:7141.25 V:1071.0
  📈 Trend: moderate_bullish (raw: strong_bullish)
  🗺️  Grid: 0.080% | 🔺 7141.25 🔻 7139.75
  📡 RSI: 68.2 | MACD: 1.01 | ATR: 1.84
  📊 Filled: 0 | Pending: 0
  💰 Daily P&L: $-4,125.00

[2026-04-20 12:17] O:7141.00 H:7142.75 L:7140.50 C:7142.50 V:1992.0
  📈 Trend: strong_bullish
  🗺️  Grid: 0.080% | 🔺 7141.50 🔻 7140.00
  📡 RSI: 83.3 | MACD: 1.21 | ATR: 1.80
  📊 Filled: 0 | Pending: 0
  💰 Daily P&L: $-4,125.00

[2026-04-20 12:18] O:7142.50 H:7143.50 L:7141.75 C:7143.00 V:1469.0
  📈 Trend: strong_bullish
  🗺️  Grid: 0.080% | 🔺 7142.75 🔻 7140.50
  📡 RSI: 92.5 | MACD: 1.40 | ATR: 1.75
  📊 Filled: 0 | Pending: 0
  💰 Daily P&L: $-4,125.00

[2026-04-20 12:19] O:7143.00 H:7144.00 L:7142.50 C:7143.25 V:1865.0
  📈 Trend: strong_bullish
  🗺️  Grid: 0.080% | 🔺 7143.50 🔻 7141.75
  📡 RSI: 92.1 | MACD: 1.54 | ATR: 1.73
  📊 Filled: 0 | Pending: 0
  💰 Daily P&L: $-4,125.00

[2026-04-20 12:20] O:7143.25 H:7143.25 L:7140.75 C:7141.00 V:1464.0
  📈 Trend: strong_bullish
  🗺️  Grid: 0.080% | 🔺 7144.00 🔻 7142.50
  📡 RSI: 71.4 | MACD: 1.46 | ATR: 1.68
  📊 Filled: 0 | Pending: 0
  💰 Daily P&L: $-4,125.00

[2026-04-20 12:21] O:7140.75 H:7141.50 L:7140.50 C:7141.25 V:1443.0
  📈 Trend: strong_bullish
  🗺️  Grid: 0.080% | 🔺 7143.25 🔻 7140.75
  📡 RSI: 70.7 | MACD: 1.40 | ATR: 1.61
  📊 Filled: 0 | Pending: 0
  💰 Daily P&L: $-4,125.00

[2026-04-20 12:22] O:7141.00 H:7143.00 L:7141.00 C:7143.00 V:705.0
  📈 Trend: strong_bullish
  🗺️  Grid: 0.080% | 🔺 7141.50 🔻 7140.50
  📡 RSI: 72.1 | MACD: 1.48 | ATR: 1.64
  📊 Filled: 0 | Pending: 0
  💰 Daily P&L: $-4,125.00

[2026-04-20 12:23] O:7143.00 H:7144.00 L:7142.25 C:7143.75 V:984.0
  📈 Trend: strong_bullish
  🗺️  Grid: 0.080% | 🔺 7143.00 🔻 7141.00
  📡 RSI: 73.9 | MACD: 1.58 | ATR: 1.68
  📊 Filled: 0 | Pending: 0
  💰 Daily P&L: $-4,125.00

[2026-04-20 12:24] O:7143.75 H:7144.25 L:7142.50 C:7142.75 V:980.0
  📈 Trend: strong_bullish
  🗺️  Grid: 0.080% | 🔺 7144.00 🔻 7142.25
  📡 RSI: 70.8 | MACD: 1.56 | ATR: 1.66
  📊 Filled: 0 | Pending: 0
  💰 Daily P&L: $-4,125.00

[2026-04-20 12:25] O:7142.75 H:7143.25 L:7142.00 C:7143.00 V:867.0
  📈 Trend: strong_bullish
  🗺️  Grid: 0.080% | 🔺 7144.25 🔻 7142.50
  📡 RSI: 70.2 | MACD: 1.55 | ATR: 1.66
  📊 Filled: 0 | Pending: 0
  💰 Daily P&L: $-4,125.00

[2026-04-20 12:26] O:7143.00 H:7143.25 L:7142.25 C:7142.50 V:652.0
  📈 Trend: strong_bullish
  🗺️  Grid: 0.080% | 🔺 7143.25 🔻 7142.00
  📡 RSI: 64.4 | MACD: 1.49 | ATR: 1.62
  📊 Filled: 0 | Pending: 0
  💰 Daily P&L: $-4,125.00

[2026-04-20 12:27] O:7142.25 H:7143.00 L:7141.00 C:7142.25 V:1455.0
  📈 Trend: strong_bullish
  🗺️  Grid: 0.080% | 🔺 7143.25 🔻 7142.25
  📡 RSI: 60.5 | MACD: 1.40 | ATR: 1.70
  📊 Filled: 0 | Pending: 0
  💰 Daily P&L: $-4,125.00

[2026-04-20 12:28] O:7142.00 H:7142.00 L:7140.00 C:7141.75 V:1871.0
  📈 Trend: strong_bullish
  🗺️  Grid: 0.080% | 🔺 7143.00 🔻 7141.00
  📡 RSI: 54.8 | MACD: 1.27 | ATR: 1.71
  📊 Filled: 0 | Pending: 0
  💰 Daily P&L: $-4,125.00

[2026-04-20 12:29] O:7141.50 H:7141.50 L:7139.75 C:7140.25 V:1394.0
  📈 Trend: strong_bullish
  🗺️  Grid: 0.080% | 🔺 7142.00 🔻 7140.00
  📡 RSI: 48.9 | MACD: 1.04 | ATR: 1.75
  📊 Filled: 0 | Pending: 0
  💰 Daily P&L: $-4,125.00

[2026-04-20 12:30] O:7140.00 H:7140.50 L:7138.00 C:7138.75 V:2563.0
  📈 Trend: strong_bullish
  🗺️  Grid: 0.080% | 🔺 7141.50 🔻 7139.75
  📡 RSI: 40.0 | MACD: 0.72 | ATR: 1.82
  📊 Filled: 0 | Pending: 0
  💰 Daily P&L: $-4,125.00

[2026-04-20 12:31] O:7138.75 H:7139.00 L:7138.00 C:7138.50 V:1199.0
  📈 Trend: strong_bullish (raw: moderate_bullish)
  🗺️  Grid: 0.080% | 🔺 7140.50 🔻 7138.00
  📡 RSI: 32.6 | MACD: 0.45 | ATR: 1.73
  📊 Filled: 0 | Pending: 0
  💰 Daily P&L: $-4,125.00

[2026-04-20 12:32] O:7138.50 H:7138.75 L:7136.50 C:7137.25 V:2879.0
  📈 Trend: moderate_bullish
  🗺️  Grid: 0.080% | 🔺 7139.00 🔻 7138.00
  📡 RSI: 26.5 | MACD: 0.13 | ATR: 1.77
  📊 Filled: 0 | Pending: 0
  💰 Daily P&L: $-4,125.00

[2026-04-20 12:33] O:7137.00 H:7138.50 L:7136.25 C:7136.75 V:3124.0
  📈 Trend: moderate_bullish
  🗺️  Grid: 0.080% | 🔺 7138.75 🔻 7136.50
  📡 RSI: 24.0 | MACD: -0.16 | ATR: 1.82
  📊 Filled: 0 | Pending: 0
  💰 Daily P&L: $-4,125.00

[2026-04-20 12:34] O:7136.75 H:7138.00 L:7136.25 C:7136.75 V:1919.0
  📈 Trend: moderate_bullish
  🗺️  Grid: 0.080% | 🔺 7138.50 🔻 7136.25
  📡 RSI: 29.3 | MACD: -0.39 | ATR: 1.77
  📊 Filled: 0 | Pending: 0
  💰 Daily P&L: $-4,125.00

[2026-04-20 12:35] O:7136.75 H:7139.75 L:7136.25 C:7137.50 V:5748.0
  📈 Trend: moderate_bullish
  🗺️  Grid: 0.080% | 🔺 7138.00 🔻 7136.25
  📡 RSI: 32.6 | MACD: -0.50 | ATR: 1.95
  📊 Filled: 0 | Pending: 0
  💰 Daily P&L: $-4,125.00

[2026-04-20 12:36] O:7137.25 H:7139.00 L:7136.25 C:7138.75 V:1629.0
  📈 Trend: moderate_bullish
  🗺️  Grid: 0.080% | 🔺 7139.75 🔻 7136.25
  📡 RSI: 29.3 | MACD: -0.48 | ATR: 2.00
  📊 Filled: 0 | Pending: 0
  💰 Daily P&L: $-4,125.00

[2026-04-20 12:37] O:7138.75 H:7139.75 L:7137.50 C:7137.75 V:1718.0
  📈 Trend: moderate_bullish
  🗺️  Grid: 0.080% | 🔺 7139.00 🔻 7136.25
  📡 RSI: 21.4 | MACD: -0.55 | ATR: 2.04
  📊 Filled: 0 | Pending: 0
  💰 Daily P&L: $-4,125.00

[2026-04-20 12:38] O:7137.75 H:7138.75 L:7137.25 C:7138.50 V:855.0
  📈 Trend: moderate_bullish
  🗺️  Grid: 0.080% | 🔺 7139.75 🔻 7137.50
  📡 RSI: 29.3 | MACD: -0.53 | ATR: 2.02
  📊 Filled: 0 | Pending: 0
  💰 Daily P&L: $-4,125.00

[2026-04-20 12:39] O:7138.50 H:7139.75 L:7137.75 C:7139.25 V:679.0
  📈 Trend: moderate_bullish
  🗺️  Grid: 0.080% | 🔺 7138.75 🔻 7137.25
  📡 RSI: 32.6 | MACD: -0.45 | ATR: 2.07
  📊 Filled: 0 | Pending: 0
  📤 Limit BUY 10 @ 7139.25 submitted (ID: 125)
  📋 Order 125 status: PreSubmitted
  ✅ Fill: BOT 10.0 @ 7139.0
  📋 Order 125 status: Filled
  ⬆️ LONG ORDER @ 7139.25 | Size: 1.00 | SL: 7130.75 | TP: 7152.00 [10cts]
     Reason: Grid Long (moderate_bullish, RSI: 32.6)
     ⏳ Order 125 PENDING - awaiting fill confirmation
  💰 Daily P&L: $-4,125.00
  📤 Stop SELL 10 @ 7131.00 submitted (ID: 126)
  📋 Order 126 status: PreSubmitted
  📤 Limit SELL 10 @ 7151.00 submitted (ID: 127)
  📋 Order 127 status: Submitted
  ✅ FILL CONFIRMED: LONG @ 7139.00 (order 125)
     📊 Bracket placed: SL #126 @ 7131.00 | TP #127 @ 7151.00
     Trail activates @ +6.0 pts

[2026-04-20 12:40] O:7139.00 H:7143.00 L:7138.25 C:7140.00 V:2878.0
  📈 Trend: moderate_bullish
  🗺️  Grid: 0.080% | 🔺 7139.75 🔻 7137.75
  📡 RSI: 38.6 | MACD: -0.32 | ATR: 2.34
  📊 Filled: 1 | Pending: 0
  📍 LONG @ 7139.00 | SL: 7131.00 | TP: 7151.00 | P&L: $+500.00 | +6.0 to trail
  💰 Daily P&L: $-4,125.00

[2026-04-20 12:41] O:7140.00 H:7140.50 L:7137.25 C:7137.75 V:1451.0
  📈 Trend: moderate_bullish
  🗺️  Grid: 0.080% | 🔺 7143.00 🔻 7138.25
  📡 RSI: 32.7 | MACD: -0.40 | ATR: 2.43
  📊 Filled: 1 | Pending: 0
  📍 LONG @ 7139.00 | SL: 7131.00 | TP: 7151.00 | P&L: $-625.00 | +2.0 to trail
  💰 Daily P&L: $-4,125.00

[2026-04-20 12:42] O:7137.50 H:7138.25 L:7136.50 C:7137.25 V:1108.0
  📈 Trend: moderate_bullish
  🗺️  Grid: 0.080% | 🔺 7140.50 🔻 7137.25
  📡 RSI: 32.7 | MACD: -0.49 | ATR: 2.39
  📊 Filled: 1 | Pending: 0
  📍 LONG @ 7139.00 | SL: 7131.00 | TP: 7151.00 | P&L: $-875.00 | +2.0 to trail
  💰 Daily P&L: $-4,125.00

[2026-04-20 12:43] O:7137.00 H:7139.00 L:7136.75 C:7138.75 V:1453.0
  📈 Trend: moderate_bullish
  🗺️  Grid: 0.080% | 🔺 7138.25 🔻 7136.50
  📡 RSI: 44.2 | MACD: -0.44 | ATR: 2.41
  📊 Filled: 1 | Pending: 0
  📍 LONG @ 7139.00 | SL: 7131.00 | TP: 7151.00 | P&L: $-125.00 | +2.0 to trail
  💰 Daily P&L: $-4,125.00

[2026-04-20 12:44] O:7138.75 H:7140.00 L:7138.75 C:7140.00 V:873.0
  📈 Trend: moderate_bullish
  🗺️  Grid: 0.080% | 🔺 7139.00 🔻 7136.75
  📡 RSI: 54.9 | MACD: -0.29 | ATR: 2.32
  📊 Filled: 1 | Pending: 0
  📍 LONG @ 7139.00 | SL: 7131.00 | TP: 7151.00 | P&L: $+500.00 | +2.0 to trail
  💰 Daily P&L: $-4,125.00

[2026-04-20 12:45] O:7140.00 H:7140.50 L:7139.25 C:7140.00 V:1036.0
  📈 Trend: moderate_bullish (raw: moderate_bearish)
  🗺️  Grid: 0.080% | 🔺 7140.00 🔻 7138.75
  📡 RSI: 56.0 | MACD: -0.18 | ATR: 2.34
  📊 Filled: 1 | Pending: 0
  📍 LONG @ 7139.00 | SL: 7131.00 | TP: 7151.00 | P&L: $+500.00 | +2.0 to trail
  💰 Daily P&L: $-4,125.00

[2026-04-20 12:46] O:7140.00 H:7140.25 L:7138.75 C:7139.75 V:975.0
  📈 Trend: moderate_bearish
  🗺️  Grid: 0.080% | 🔺 7140.50 🔻 7139.25
  📡 RSI: 60.9 | MACD: -0.10 | ATR: 2.29
  📊 Filled: 1 | Pending: 0
  📍 LONG @ 7139.00 | SL: 7131.00 | TP: 7151.00 | P&L: $+375.00 | +2.0 to trail
  💰 Daily P&L: $-4,125.00

[2026-04-20 12:47] O:7139.75 H:7140.00 L:7138.75 C:7139.25 V:808.0
  📈 Trend: moderate_bearish
  🗺️  Grid: 0.080% | 🔺 7140.25 🔻 7138.75
  📡 RSI: 60.9 | MACD: -0.09 | ATR: 2.21
  📊 Filled: 1 | Pending: 0
  📍 LONG @ 7139.00 | SL: 7131.00 | TP: 7151.00 | P&L: $+125.00 | +2.0 to trail
  💰 Daily P&L: $-4,125.00

[2026-04-20 12:48] O:7139.25 H:7140.50 L:7138.50 C:7140.25 V:789.0
  📈 Trend: moderate_bearish (raw: moderate_bullish)
  🗺️  Grid: 0.080% | 🔺 7140.00 🔻 7138.75
  📡 RSI: 64.0 | MACD: 0.01 | ATR: 2.23
  📊 Filled: 1 | Pending: 0
  📍 LONG @ 7139.00 | SL: 7131.00 | TP: 7151.00 | P&L: $+625.00 | +2.0 to trail
  💰 Daily P&L: $-4,125.00

[2026-04-20 12:49] O:7140.25 H:7141.00 L:7139.75 C:7140.00 V:752.0
  📈 Trend: moderate_bearish (raw: strong_bullish)
  🗺️  Grid: 0.080% | 🔺 7140.50 🔻 7138.50
  📡 RSI: 60.4 | MACD: 0.06 | ATR: 2.07
  📊 Filled: 1 | Pending: 0
  📍 LONG @ 7139.00 | SL: 7131.00 | TP: 7151.00 | P&L: $+500.00 | +2.0 to trail
  💰 Daily P&L: $-4,125.00

[2026-04-20 12:50] O:7140.25 H:7140.50 L:7138.50 C:7139.75 V:700.0
  📈 Trend: strong_bullish
  🗺️  Grid: 0.080% | 🔺 7141.00 🔻 7139.75
  📡 RSI: 54.5 | MACD: 0.09 | ATR: 2.02
  📊 Filled: 1 | Pending: 0
  📍 LONG @ 7139.00 | SL: 7131.00 | TP: 7151.00 | P&L: $+375.00 | +2.0 to trail
  💰 Daily P&L: $-4,125.00

[2026-04-20 12:51] O:7139.50 H:7140.50 L:7138.75 C:7140.00 V:584.0
  📈 Trend: strong_bullish
  🗺️  Grid: 0.080% | 🔺 7140.50 🔻 7138.50
  📡 RSI: 61.0 | MACD: 0.12 | ATR: 1.98
  📊 Filled: 1 | Pending: 0
  📍 LONG @ 7139.00 | SL: 7131.00 | TP: 7151.00 | P&L: $+500.00 | +2.0 to trail
  💰 Daily P&L: $-4,125.00

[2026-04-20 12:52] O:7139.75 H:7139.75 L:7138.50 C:7139.25 V:622.0
  📈 Trend: strong_bullish
  🗺️  Grid: 0.080% | 🔺 7140.50 🔻 7138.75
  📡 RSI: 53.7 | MACD: 0.09 | ATR: 1.98
  📊 Filled: 1 | Pending: 0
  📍 LONG @ 7139.00 | SL: 7131.00 | TP: 7151.00 | P&L: $+125.00 | +2.0 to trail
  💰 Daily P&L: $-4,125.00

[2026-04-20 12:53] O:7139.50 H:7140.00 L:7139.00 C:7139.50 V:423.0
  📈 Trend: strong_bullish
  🗺️  Grid: 0.080% | 🔺 7139.75 🔻 7138.50
  📡 RSI: 51.3 | MACD: 0.08 | ATR: 1.91
  📊 Filled: 1 | Pending: 0
  📍 LONG @ 7139.00 | SL: 7131.00 | TP: 7151.00 | P&L: $+250.00 | +2.0 to trail
  💰 Daily P&L: $-4,125.00

[2026-04-20 12:54] O:7139.50 H:7141.00 L:7139.25 C:7140.50 V:632.0
  📈 Trend: strong_bullish
  🗺️  Grid: 0.080% | 🔺 7140.00 🔻 7139.00
  📡 RSI: 52.5 | MACD: 0.16 | ATR: 1.70
  📊 Filled: 1 | Pending: 0
  📍 LONG @ 7139.00 | SL: 7131.00 | TP: 7151.00 | P&L: $+750.00 | +2.0 to trail
  💰 Daily P&L: $-4,125.00

[2026-04-20 12:55] O:7140.50 H:7140.75 L:7138.50 C:7138.75 V:694.0
  📈 Trend: strong_bullish (raw: moderate_bullish)
  🗺️  Grid: 0.080% | 🔺 7141.00 🔻 7139.25
  📡 RSI: 55.3 | MACD: 0.07 | ATR: 1.62
  📊 Filled: 1 | Pending: 0
  📍 LONG @ 7139.00 | SL: 7131.00 | TP: 7151.00 | P&L: $-125.00 | +2.0 to trail
  💰 Daily P&L: $-4,125.00

[2026-04-20 12:56] O:7138.75 H:7139.75 L:7137.50 C:7138.50 V:1345.0
  📈 Trend: moderate_bullish
  🗺️  Grid: 0.080% | 🔺 7140.75 🔻 7138.50
  📡 RSI: 56.8 | MACD: -0.01 | ATR: 1.66
  📊 Filled: 1 | Pending: 0
  📍 LONG @ 7139.00 | SL: 7131.00 | TP: 7151.00 | P&L: $-250.00 | +2.0 to trail
  💰 Daily P&L: $-4,125.00

[2026-04-20 12:57] O:7138.50 H:7138.50 L:7137.50 C:7137.75 V:570.0
  📈 Trend: moderate_bullish (raw: strong_bearish)
  🗺️  Grid: 0.080% | 🔺 7139.75 🔻 7137.50
  📡 RSI: 44.1 | MACD: -0.14 | ATR: 1.57
  📊 Filled: 1 | Pending: 0
  📍 LONG @ 7139.00 | SL: 7131.00 | TP: 7151.00 | P&L: $-625.00 | +2.0 to trail
  💰 Daily P&L: $-4,125.00

[2026-04-20 12:58] O:7137.75 H:7138.50 L:7137.50 C:7138.00 V:622.0
  📈 Trend: strong_bearish
  🗺️  Grid: 0.080% | 🔺 7138.50 🔻 7137.50
  📡 RSI: 36.7 | MACD: -0.22 | ATR: 1.55
  📊 Filled: 1 | Pending: 0
  📍 LONG @ 7139.00 | SL: 7131.00 | TP: 7151.00 | P&L: $-500.00 | +2.0 to trail
  💰 Daily P&L: $-4,125.00

[2026-04-20 12:59] O:7138.00 H:7138.00 L:7137.00 C:7137.75 V:635.0
  📈 Trend: strong_bearish
  🗺️  Grid: 0.080% | 🔺 7138.50 🔻 7137.50
  📡 RSI: 35.5 | MACD: -0.30 | ATR: 1.54
  📊 Filled: 1 | Pending: 0
  📍 LONG @ 7139.00 | SL: 7131.00 | TP: 7151.00 | P&L: $-625.00 | +2.0 to trail
  💰 Daily P&L: $-4,125.00

[2026-04-20 13:00] O:7137.75 H:7138.25 L:7136.50 C:7136.50 V:1562.0
  📈 Trend: strong_bearish
  🗺️  Grid: 0.080% | 🔺 7138.00 🔻 7137.00
  📡 RSI: 31.4 | MACD: -0.46 | ATR: 1.55
  📊 Filled: 1 | Pending: 0
  📍 LONG @ 7139.00 | SL: 7131.00 | TP: 7151.00 | P&L: $-1,250.00 | +2.0 to trail
  💰 Daily P&L: $-4,125.00

[2026-04-20 13:01] O:7136.50 H:7137.00 L:7135.50 C:7136.25 V:1700.0
  📈 Trend: strong_bearish
  🗺️  Grid: 0.080% | 🔺 7138.25 🔻 7136.50
  📡 RSI: 32.4 | MACD: -0.59 | ATR: 1.57
  📊 Filled: 1 | Pending: 0
  📍 LONG @ 7139.00 | SL: 7131.00 | TP: 7151.00 | P&L: $-1,375.00 | +2.0 to trail
  💰 Daily P&L: $-4,125.00

[2026-04-20 13:02] O:7136.00 H:7137.00 L:7135.00 C:7136.75 V:1848.0
  📈 Trend: strong_bearish
  🗺️  Grid: 0.080% | 🔺 7137.00 🔻 7135.50
  📡 RSI: 28.1 | MACD: -0.66 | ATR: 1.57
  📊 Filled: 1 | Pending: 0
  📍 LONG @ 7139.00 | SL: 7131.00 | TP: 7151.00 | P&L: $-1,125.00 | +2.0 to trail
  💰 Daily P&L: $-4,125.00

[2026-04-20 13:03] O:7136.75 H:7137.75 L:7136.75 C:7137.25 V:965.0
  📈 Trend: strong_bearish
  🗺️  Grid: 0.080% | 🔺 7137.00 🔻 7135.00
  📡 RSI: 33.3 | MACD: -0.66 | ATR: 1.55
  📊 Filled: 1 | Pending: 0
  📍 LONG @ 7139.00 | SL: 7131.00 | TP: 7151.00 | P&L: $-875.00 | +2.0 to trail
  💰 Daily P&L: $-4,125.00

[2026-04-20 13:04] O:7137.25 H:7137.75 L:7136.25 C:7137.50 V:825.0
  📈 Trend: strong_bearish
  🗺️  Grid: 0.080% | 🔺 7137.75 🔻 7136.75
  📡 RSI: 36.4 | MACD: -0.63 | ATR: 1.52
  📊 Filled: 1 | Pending: 0
  📍 LONG @ 7139.00 | SL: 7131.00 | TP: 7151.00 | P&L: $-750.00 | +2.0 to trail
  💰 Daily P&L: $-4,125.00

[2026-04-20 13:05] O:7137.25 H:7140.75 L:7137.25 C:7140.25 V:1815.0
  📈 Trend: strong_bearish (raw: moderate_bullish)
  🗺️  Grid: 0.080% | 🔺 7137.75 🔻 7136.25
  📡 RSI: 51.2 | MACD: -0.38 | ATR: 1.64
  📊 Filled: 1 | Pending: 0
  📍 LONG @ 7139.00 | SL: 7131.00 | TP: 7151.00 | P&L: $+625.00 | +2.0 to trail
  💰 Daily P&L: $-4,125.00

[2026-04-20 13:06] O:7140.25 H:7141.75 L:7140.00 C:7141.00 V:1326.0
  📈 Trend: moderate_bullish
  🗺️  Grid: 0.080% | 🔺 7140.75 🔻 7137.25
  📡 RSI: 58.1 | MACD: -0.13 | ATR: 1.66
  📊 Filled: 1 | Pending: 0
  📍 LONG @ 7139.00 | SL: 7131.00 | TP: 7151.00 | P&L: $+1,000.00 | +2.0 to trail
  💰 Daily P&L: $-4,125.00

[2026-04-20 13:07] O:7141.25 H:7141.75 L:7140.50 C:7140.50 V:881.0
  📈 Trend: moderate_bullish (raw: strong_bullish)
  🗺️  Grid: 0.080% | 🔺 7141.75 🔻 7140.00
  📡 RSI: 54.5 | MACD: 0.04 | ATR: 1.68
  📊 Filled: 1 | Pending: 0
  📍 LONG @ 7139.00 | SL: 7131.00 | TP: 7151.00 | P&L: $+750.00 | +2.0 to trail
  💰 Daily P&L: $-4,125.00

[2026-04-20 13:08] O:7140.50 H:7143.00 L:7139.75 C:7140.75 V:3357.0
  📈 Trend: strong_bullish
  🗺️  Grid: 0.080% | 🔺 7141.75 🔻 7140.50
  📡 RSI: 51.2 | MACD: 0.19 | ATR: 1.79
  📊 Filled: 1 | Pending: 0
  📍 LONG @ 7139.00 | SL: 7131.00 | TP: 7151.00 | P&L: $+875.00 | +2.0 to trail
  💰 Daily P&L: $-4,125.00

[2026-04-20 13:09] O:7140.75 H:7142.25 L:7140.50 C:7142.00 V:855.0
  📈 Trend: strong_bullish
  🗺️  Grid: 0.080% | 🔺 7143.00 🔻 7139.75
  📡 RSI: 66.7 | MACD: 0.40 | ATR: 1.75
  📊 Filled: 1 | Pending: 0
  📍 LONG @ 7139.00 | SL: 7131.00 | TP: 7151.00 | P&L: $+1,500.00 | +2.0 to trail
  💰 Daily P&L: $-4,125.00

[2026-04-20 13:10] O:7142.25 H:7142.50 L:7141.00 C:7141.25 V:1144.0
  📈 Trend: strong_bullish
  🗺️  Grid: 0.080% | 🔺 7142.25 🔻 7140.50
  📡 RSI: 63.4 | MACD: 0.50 | ATR: 1.70
  📊 Filled: 1 | Pending: 0
  📍 LONG @ 7139.00 | SL: 7131.00 | TP: 7151.00 | P&L: $+1,125.00 | +2.0 to trail
  💰 Daily P&L: $-4,125.00

[2026-04-20 13:11] O:7141.25 H:7142.25 L:7135.75 C:7138.75 V:7282.0
  📈 Trend: strong_bullish (raw: moderate_bullish)
  🗺️  Grid: 0.080% | 🔺 7142.50 🔻 7141.00
  📡 RSI: 54.2 | MACD: 0.38 | ATR: 2.09
  📊 Filled: 1 | Pending: 0
  📍 LONG @ 7139.00 | SL: 7131.00 | TP: 7151.00 | P&L: $-125.00 | +2.0 to trail
  💰 Daily P&L: $-4,125.00

[2026-04-20 13:12] O:7139.00 H:7141.50 L:7138.25 C:7140.75 V:1798.0
  📈 Trend: strong_bullish
  🗺️  Grid: 0.080% | 🔺 7142.25 🔻 7135.75
  📡 RSI: 60.0 | MACD: 0.44 | ATR: 2.25
  📊 Filled: 1 | Pending: 0
  📍 LONG @ 7139.00 | SL: 7131.00 | TP: 7151.00 | P&L: $+875.00 | +2.0 to trail
  💰 Daily P&L: $-4,125.00

[2026-04-20 13:13] O:7140.75 H:7142.00 L:7140.25 C:7141.75 V:1107.0
  📈 Trend: strong_bullish
  🗺️  Grid: 0.080% | 🔺 7141.50 🔻 7138.25
  📡 RSI: 63.8 | MACD: 0.56 | ATR: 2.30
  📊 Filled: 1 | Pending: 0
  📍 LONG @ 7139.00 | SL: 7131.00 | TP: 7151.00 | P&L: $+1,375.00 | +2.0 to trail
  💰 Daily P&L: $-4,125.00

[2026-04-20 13:14] O:7142.00 H:7142.50 L:7141.25 C:7142.25 V:1011.0
  📈 Trend: strong_bullish
  🗺️  Grid: 0.080% | 🔺 7142.00 🔻 7140.25
  📡 RSI: 70.9 | MACD: 0.68 | ATR: 2.27
  📊 Filled: 1 | Pending: 0
  📍 LONG @ 7139.00 | SL: 7131.00 | TP: 7151.00 | P&L: $+1,625.00 | +2.0 to trail
  💰 Daily P&L: $-4,125.00

[2026-04-20 13:15] O:7142.25 H:7142.75 L:7141.50 C:7141.75 V:908.0
  📈 Trend: strong_bullish
  🗺️  Grid: 0.080% | 🔺 7142.50 🔻 7141.25
  📡 RSI: 69.6 | MACD: 0.74 | ATR: 2.25
  📊 Filled: 1 | Pending: 0
  📍 LONG @ 7139.00 | SL: 7131.00 | TP: 7151.00 | P&L: $+1,375.00 | +2.0 to trail
  💰 Daily P&L: $-4,125.00

[2026-04-20 13:16] O:7141.50 H:7142.50 L:7141.00 C:7142.25 V:755.0
  📈 Trend: strong_bullish
  🗺️  Grid: 0.080% | 🔺 7142.75 🔻 7141.50
  📡 RSI: 69.6 | MACD: 0.81 | ATR: 2.21
  📊 Filled: 1 | Pending: 0
  📍 LONG @ 7139.00 | SL: 7131.00 | TP: 7151.00 | P&L: $+1,625.00 | +2.0 to trail
  💰 Daily P&L: $-4,125.00

[2026-04-20 13:17] O:7142.00 H:7143.25 L:7141.75 C:7143.00 V:1180.0
  📈 Trend: strong_bullish
  🗺️  Grid: 0.080% | 🔺 7142.50 🔻 7141.00
  📡 RSI: 70.2 | MACD: 0.91 | ATR: 2.25
  📊 Filled: 1 | Pending: 0
  📍 LONG @ 7139.00 | SL: 7131.00 | TP: 7151.00 | P&L: $+2,000.00 | +2.0 to trail
  💰 Daily P&L: $-4,125.00

[2026-04-20 13:18] O:7143.00 H:7143.75 L:7142.50 C:7143.50 V:1138.0
  📈 Trend: strong_bullish
  🗺️  Grid: 0.080% | 🔺 7143.25 🔻 7141.75
  📡 RSI: 70.7 | MACD: 1.03 | ATR: 2.23
  📊 Filled: 1 | Pending: 0
  📍 LONG @ 7139.00 | SL: 7131.00 | TP: 7151.00 | P&L: $+2,250.00 | +1.8 to trail
  💰 Daily P&L: $-4,125.00

[2026-04-20 13:19] O:7143.25 H:7145.00 L:7143.25 C:7144.25 V:2306.0
  📈 Trend: strong_bullish
  🗺️  Grid: 0.080% | 🔺 7143.75 🔻 7142.50
  📡 RSI: 66.0 | MACD: 1.17 | ATR: 2.11
  📊 Filled: 1 | Pending: 0
  📍 LONG @ 7139.00 | SL: 7131.00 | TP: 7151.00 | P&L: $+2,625.00 | +1.2 to trail
  ✏️ Stop order 126 modified → 7144.00 [confirmed]
  🔄 TRAILING ACTIVATED @ +6.00pts | Stop: 7131.00 → 7144.00
  💰 Daily P&L: $-4,125.00

[2026-04-20 13:20] O:7144.50 H:7146.25 L:7144.50 C:7145.50 V:1496.0
  📈 Trend: strong_bullish
  🗺️  Grid: 0.080% | 🔺 7145.00 🔻 7143.25
  📡 RSI: 67.3 | MACD: 1.36 | ATR: 2.12
  📊 Filled: 1 | Pending: 0
  📍 LONG @ 7139.00 | Trail: 7144.00 | TP: 7151.00 | P&L: $+3,250.00 | 🔒 Trailing
  💰 Daily P&L: $-4,125.00
  ✅ Fill: SLD 10.0 @ 7144.5
  📋 Order 126 status: Filled

[2026-04-20 13:21] O:7145.75 H:7146.00 L:7143.25 C:7144.00 V:1486.0
  📈 Trend: strong_bullish
  🗺️  Grid: 0.080% | 🔺 7146.25 🔻 7144.50
  📡 RSI: 62.5 | MACD: 1.38 | ATR: 2.23
  📊 Filled: 1 | Pending: 0
  📍 LONG @ 7139.00 | Trail: 7144.00 | TP: 7151.00 | P&L: $+2,500.00 | 🔒 Trailing
  📋 Order 127 status: PendingCancel
  📋 Order 127 status: Cancelled
  ✅ EXIT LONG @ 7144.50 | Trailing Stop
     P&L: +5.50 pts ($+2,750.00) | Daily: $-1,375.00
  ⏸️ Cooldown: 2 bar(s) remaining after exit
  💰 Daily P&L: $-1,375.00

[2026-04-20 13:22] O:7143.75 H:7145.50 L:7143.75 C:7145.00 V:1069.0
  📈 Trend: strong_bullish
  🗺️  Grid: 0.080% | 🔺 7146.00 🔻 7143.25
  📡 RSI: 64.4 | MACD: 1.45 | ATR: 2.12
  📊 Filled: 0 | Pending: 0
  ⏸️ Cooldown: 1 bar(s) remaining after exit
  💰 Daily P&L: $-1,375.00

[2026-04-20 13:23] O:7144.75 H:7146.50 L:7144.75 C:7146.00 V:1174.0
  📈 Trend: strong_bullish
  🗺️  Grid: 0.080% | 🔺 7145.50 🔻 7143.75
  📡 RSI: 63.8 | MACD: 1.58 | ATR: 2.12
  📊 Filled: 0 | Pending: 0
  💰 Daily P&L: $-1,375.00

[2026-04-20 13:24] O:7145.50 H:7146.50 L:7145.50 C:7146.50 V:1138.0
  📈 Trend: strong_bullish
  🗺️  Grid: 0.080% | 🔺 7146.50 🔻 7144.75
  📡 RSI: 68.4 | MACD: 1.70 | ATR: 2.09
  📊 Filled: 0 | Pending: 0
  💰 Daily P&L: $-1,375.00

[2026-04-20 13:25] O:7146.25 H:7146.50 L:7144.50 C:7145.25 V:1008.0
  📈 Trend: strong_bullish
  🗺️  Grid: 0.080% | 🔺 7146.50 🔻 7145.50
  📡 RSI: 75.0 | MACD: 1.67 | ATR: 1.77
  📊 Filled: 0 | Pending: 0
  💰 Daily P&L: $-1,375.00

[2026-04-20 13:26] O:7145.00 H:7145.25 L:7143.25 C:7145.25 V:1727.0
  📈 Trend: strong_bullish
  🗺️  Grid: 0.080% | 🔺 7146.50 🔻 7144.50
  📡 RSI: 70.5 | MACD: 1.63 | ATR: 1.68
  📊 Filled: 0 | Pending: 0
  💰 Daily P&L: $-1,375.00

[2026-04-20 13:27] O:7145.25 H:7145.75 L:7144.75 C:7145.50 V:608.0
  📈 Trend: strong_bullish
  🗺️  Grid: 0.080% | 🔺 7145.25 🔻 7143.25
  📡 RSI: 68.3 | MACD: 1.60 | ATR: 1.62
  📊 Filled: 0 | Pending: 0
  💰 Daily P&L: $-1,375.00

[2026-04-20 13:28] O:7145.50 H:7146.00 L:7140.50 C:7144.50 V:6401.0
  📈 Trend: strong_bullish
  🗺️  Grid: 0.080% | 🔺 7145.75 🔻 7144.75
  📡 RSI: 60.5 | MACD: 1.48 | ATR: 1.93
  📊 Filled: 0 | Pending: 0
  💰 Daily P&L: $-1,375.00
→ Real-time bars cancelled
✓ Disconnected from IBKR
