Logging to: es_bot_20260414_100428.log

============================================================
📈 MODE: SCALP
   • 10 contract(s) max
   • Grid entries only
   • Trailing stop enabled
   • SL: ~8 pts | TP: ~12 pts | Trail activates: +6 pts
   • Best for: Normal sessions, choppy/ranging opens
============================================================
✓ Connected to IBKR (paper) - clientId=10
✓ Front-month contract: ESM6 expiry=20260618

============================================================
Loading historical data for indicator warm-up...
============================================================
→ Fetching historical bars (1 D, 1 min)...
✓ Loaded 965 historical bars

Processing 965 historical bars...

Indicators ready!
  Bars loaded: 965
  Last price: 6957.75
  Trend: moderate_bullish
  RSI: 51.7
  ATR: 2.39
  MACD: 1.89 / Signal: 2.39
  MA: 6958.04 / 6950.70 / 6940.48

------------------------------------------------------------
Account Value: $1,062,996.95
Buying Power: $4,249,290.04
Current Position: 0 contracts
------------------------------------------------------------

============================================================
Starting live 1-minute bar stream...
Strategy is now ACTIVE (SCALP mode)
============================================================

→ Subscribed to 5-second real-time bars (aggregating to 1 min)

[2026-04-14 09:04] O:6957.50 H:6958.50 L:6957.00 C:6958.25 V:1091.0
  📈 Trend: sideways (raw: moderate_bullish)
  🗺️  Grid: 0.080% | 🔺 6959.00 🔻 6956.75
  📡 RSI: 44.0 | MACD: 1.77 | ATR: 2.27
  📊 Filled: 0 | Pending: 0
  💰 Daily P&L: $+0.00

[2026-04-14 09:05] O:6958.25 H:6960.00 L:6957.50 C:6959.75 V:2884.0
  📈 Trend: sideways (raw: strong_bullish)
  🗺️  Grid: 0.080% | 🔺 6958.50 🔻 6957.00
  📡 RSI: 52.8 | MACD: 1.78 | ATR: 2.27
  📊 Filled: 0 | Pending: 0
  💰 Daily P&L: $+0.00

[2026-04-14 09:06] O:6960.00 H:6961.75 L:6959.00 C:6961.50 V:4035.0
  📈 Trend: strong_bullish
  🗺️  Grid: 0.080% | 🔺 6960.00 🔻 6957.50
  📡 RSI: 61.4 | MACD: 1.91 | ATR: 2.30
  📊 Filled: 0 | Pending: 0
  💰 Daily P&L: $+0.00

[2026-04-14 09:07] O:6961.75 H:6963.00 L:6960.50 C:6962.50 V:4362.0
  📈 Trend: strong_bullish
  🗺️  Grid: 0.080% | 🔺 6961.75 🔻 6959.00
  📡 RSI: 67.2 | MACD: 2.06 | ATR: 2.32
  📊 Filled: 0 | Pending: 0
  💰 Daily P&L: $+0.00

[2026-04-14 09:08] O:6962.75 H:6963.50 L:6961.50 C:6963.00 V:3314.0
  📈 Trend: strong_bullish
  🗺️  Grid: 0.080% | 🔺 6963.00 🔻 6960.50
  📡 RSI: 69.5 | MACD: 2.20 | ATR: 2.34
  📊 Filled: 0 | Pending: 0
  💰 Daily P&L: $+0.00

[2026-04-14 09:09] O:6963.00 H:6966.00 L:6962.75 C:6965.75 V:4987.0
  📈 Trend: strong_bullish
  🗺️  Grid: 0.080% | 🔺 6963.50 🔻 6961.50
  📡 RSI: 71.4 | MACD: 2.51 | ATR: 2.38
  📊 Filled: 0 | Pending: 0
  💰 Daily P&L: $+0.00

[2026-04-14 09:10] O:6965.75 H:6965.75 L:6963.25 C:6965.75 V:4456.0
  📈 Trend: strong_bullish
  🗺️  Grid: 0.080% | 🔺 6966.00 🔻 6962.75
  📡 RSI: 81.8 | MACD: 2.72 | ATR: 2.36
  📊 Filled: 0 | Pending: 0
  💰 Daily P&L: $+0.00

[2026-04-14 09:11] O:6965.75 H:6967.00 L:6964.25 C:6966.25 V:4492.0
  📈 Trend: strong_bullish
  🗺️  Grid: 0.080% | 🔺 6965.75 🔻 6963.25
  📡 RSI: 85.5 | MACD: 2.89 | ATR: 2.43
  📊 Filled: 0 | Pending: 0
  💰 Daily P&L: $+0.00

[2026-04-14 09:12] O:6966.25 H:6966.25 L:6964.00 C:6965.25 V:2912.0
  📈 Trend: strong_bullish
  🗺️  Grid: 0.080% | 🔺 6967.00 🔻 6964.25
  📡 RSI: 79.7 | MACD: 2.91 | ATR: 2.45
  📊 Filled: 0 | Pending: 0
  💰 Daily P&L: $+0.00

[2026-04-14 09:13] O:6965.25 H:6968.75 L:6965.00 C:6968.50 V:4150.0
  📈 Trend: strong_bullish
  🗺️  Grid: 0.080% | 🔺 6966.25 🔻 6964.00
  📡 RSI: 82.1 | MACD: 3.16 | ATR: 2.55
  📊 Filled: 0 | Pending: 0
  💰 Daily P&L: $+0.00

[2026-04-14 09:14] O:6968.50 H:6971.00 L:6968.25 C:6970.50 V:4428.0
  📈 Trend: strong_bullish
  🗺️  Grid: 0.080% | 🔺 6968.75 🔻 6965.00
  📡 RSI: 83.6 | MACD: 3.47 | ATR: 2.52
  📊 Filled: 0 | Pending: 0
  💰 Daily P&L: $+0.00

[2026-04-14 09:15] O:6970.75 H:6971.00 L:6968.75 C:6970.00 V:4275.0
  📈 Trend: strong_bullish
  🗺️  Grid: 0.080% | 🔺 6971.00 🔻 6968.25
  📡 RSI: 79.7 | MACD: 3.64 | ATR: 2.50
  📊 Filled: 0 | Pending: 0
  💰 Daily P&L: $+0.00

[2026-04-14 09:16] O:6970.00 H:6971.25 L:6968.75 C:6971.25 V:4750.0
  📈 Trend: strong_bullish
  🗺️  Grid: 0.080% | 🔺 6971.00 🔻 6968.75
  📡 RSI: 84.5 | MACD: 3.83 | ATR: 2.54
  📊 Filled: 0 | Pending: 0
  💰 Daily P&L: $+0.00

[2026-04-14 09:17] O:6971.25 H:6972.25 L:6970.25 C:6970.75 V:3875.0
  📈 Trend: strong_bullish
  🗺️  Grid: 0.080% | 🔺 6971.25 🔻 6968.75
  📡 RSI: 88.2 | MACD: 3.89 | ATR: 2.52
  📊 Filled: 0 | Pending: 0
  💰 Daily P&L: $+0.00

[2026-04-14 09:18] O:6970.75 H:6970.75 L:6967.25 C:6969.00 V:4843.0
  📈 Trend: strong_bullish
  🗺️  Grid: 0.080% | 🔺 6972.25 🔻 6970.25
  📡 RSI: 79.5 | MACD: 3.76 | ATR: 2.66
  📊 Filled: 0 | Pending: 0
  💰 Daily P&L: $+0.00

[2026-04-14 09:19] O:6969.00 H:6969.25 L:6967.75 C:6968.25 V:2176.0
  📈 Trend: strong_bullish
  🗺️  Grid: 0.080% | 🔺 6970.75 🔻 6967.25
  📡 RSI: 74.3 | MACD: 3.55 | ATR: 2.59
  📊 Filled: 0 | Pending: 0
  💰 Daily P&L: $+0.00

[2026-04-14 09:20] O:6968.50 H:6970.50 L:6968.00 C:6970.25 V:2495.0
  📈 Trend: strong_bullish
  🗺️  Grid: 0.080% | 🔺 6969.25 🔻 6967.75
  📡 RSI: 74.6 | MACD: 3.51 | ATR: 2.57
  📊 Filled: 0 | Pending: 0
  💰 Daily P&L: $+0.00

[2026-04-14 09:21] O:6970.25 H:6971.75 L:6969.75 C:6971.75 V:2810.0
  📈 Trend: strong_bullish
  🗺️  Grid: 0.080% | 🔺 6970.50 🔻 6968.00
  📡 RSI: 75.3 | MACD: 3.55 | ATR: 2.54
  📊 Filled: 0 | Pending: 0
  💰 Daily P&L: $+0.00

[2026-04-14 09:22] O:6971.75 H:6972.00 L:6970.50 C:6970.75 V:2334.0
  📈 Trend: strong_bullish
  🗺️  Grid: 0.080% | 🔺 6971.75 🔻 6969.75
  📡 RSI: 70.7 | MACD: 3.47 | ATR: 2.50
  📊 Filled: 0 | Pending: 0
  💰 Daily P&L: $+0.00

[2026-04-14 09:23] O:6971.00 H:6971.00 L:6969.00 C:6969.25 V:3939.0
  📈 Trend: strong_bullish
  🗺️  Grid: 0.080% | 🔺 6972.00 🔻 6970.50
  📡 RSI: 60.0 | MACD: 3.24 | ATR: 2.41
  📊 Filled: 0 | Pending: 0
  💰 Daily P&L: $+0.00

[2026-04-14 09:24] O:6969.00 H:6970.50 L:6969.00 C:6969.75 V:3977.0
  📈 Trend: strong_bullish
  🗺️  Grid: 0.080% | 🔺 6971.00 🔻 6969.00
  📡 RSI: 61.1 | MACD: 3.07 | ATR: 2.34
  📊 Filled: 0 | Pending: 0
  💰 Daily P&L: $+0.00

[2026-04-14 09:25] O:6969.75 H:6970.50 L:6968.00 C:6968.75 V:2804.0
  📈 Trend: strong_bullish
  🗺️  Grid: 0.080% | 🔺 6970.50 🔻 6969.00
  📡 RSI: 56.8 | MACD: 2.82 | ATR: 2.32
  📊 Filled: 0 | Pending: 0
  💰 Daily P&L: $+0.00

[2026-04-14 09:26] O:6968.75 H:6970.25 L:6968.50 C:6970.25 V:1731.0
  📈 Trend: strong_bullish
  🗺️  Grid: 0.080% | 🔺 6970.50 🔻 6968.00
  📡 RSI: 63.2 | MACD: 2.71 | ATR: 2.29
  📊 Filled: 0 | Pending: 0
  💰 Daily P&L: $+0.00

[2026-04-14 09:27] O:6970.25 H:6970.50 L:6969.25 C:6969.75 V:1997.0
  📈 Trend: strong_bullish
  🗺️  Grid: 0.080% | 🔺 6970.25 🔻 6968.50
  📡 RSI: 53.8 | MACD: 2.55 | ATR: 2.11
  📊 Filled: 0 | Pending: 0
  💰 Daily P&L: $+0.00

[2026-04-14 09:28] O:6970.00 H:6972.00 L:6969.50 C:6971.25 V:2929.0
  📈 Trend: strong_bullish
  🗺️  Grid: 0.080% | 🔺 6970.50 🔻 6969.25
  📡 RSI: 52.4 | MACD: 2.52 | ATR: 2.09
  📊 Filled: 0 | Pending: 0
  💰 Daily P&L: $+0.00

[2026-04-14 09:29] O:6971.25 H:6972.00 L:6971.00 C:6971.75 V:3343.0
  📈 Trend: strong_bullish
  🗺️  Grid: 0.080% | 🔺 6972.00 🔻 6969.50
  📡 RSI: 55.6 | MACD: 2.51 | ATR: 2.00
  📊 Filled: 0 | Pending: 0
  💰 Daily P&L: $+0.00

[2026-04-14 09:30] O:6971.50 H:6972.00 L:6969.75 C:6971.75 V:3070.0
  📈 Trend: strong_bullish
  🗺️  Grid: 0.080% | 🔺 6972.00 🔻 6971.00
  📡 RSI: 51.7 | MACD: 2.47 | ATR: 1.98
  📊 Filled: 0 | Pending: 0
  💰 Daily P&L: $+0.00

[2026-04-14 09:31] O:6971.50 H:6972.00 L:6970.50 C:6971.50 V:2729.0
  📈 Trend: strong_bullish
  🗺️  Grid: 0.080% | 🔺 6972.00 🔻 6969.75
  📡 RSI: 52.6 | MACD: 2.39 | ATR: 1.95
  📊 Filled: 0 | Pending: 0
  💰 Daily P&L: $+0.00

[2026-04-14 09:32] O:6971.25 H:6972.00 L:6971.00 C:6971.25 V:1551.0
  📈 Trend: strong_bullish
  🗺️  Grid: 0.080% | 🔺 6972.00 🔻 6970.50
  📡 RSI: 58.8 | MACD: 2.28 | ATR: 1.77
  📊 Filled: 0 | Pending: 0
  💰 Daily P&L: $+0.00

[2026-04-14 09:33] O:6971.00 H:6971.50 L:6970.25 C:6970.75 V:1599.0
  📈 Trend: strong_bullish
  🗺️  Grid: 0.080% | 🔺 6972.00 🔻 6971.00
  📡 RSI: 60.0 | MACD: 2.13 | ATR: 1.75
  📊 Filled: 0 | Pending: 0
  💰 Daily P&L: $+0.00

[2026-04-14 09:34] O:6970.75 H:6971.00 L:6970.00 C:6970.50 V:2162.0
  📈 Trend: strong_bullish
  🗺️  Grid: 0.080% | 🔺 6971.50 🔻 6970.25
  📡 RSI: 51.2 | MACD: 1.97 | ATR: 1.64
  📊 Filled: 0 | Pending: 0
  💰 Daily P&L: $+0.00

[2026-04-14 09:35] O:6970.50 H:6975.50 L:6970.00 C:6974.75 V:5907.0
  📈 Trend: strong_bullish
  🗺️  Grid: 0.080% | 🔺 6971.00 🔻 6970.00
  📡 RSI: 61.1 | MACD: 2.16 | ATR: 1.89
  📊 Filled: 0 | Pending: 0
  💰 Daily P&L: $+0.00

[2026-04-14 09:36] O:6974.75 H:6975.00 L:6973.00 C:6974.50 V:2901.0
  📈 Trend: strong_bullish
  🗺️  Grid: 0.080% | 🔺 6975.50 🔻 6970.00
  📡 RSI: 64.7 | MACD: 2.26 | ATR: 1.93
  📊 Filled: 0 | Pending: 0
  💰 Daily P&L: $+0.00

[2026-04-14 09:37] O:6974.50 H:6975.75 L:6973.75 C:6975.50 V:2264.0
  📈 Trend: strong_bullish
  🗺️  Grid: 0.080% | 🔺 6975.00 🔻 6973.00
  📡 RSI: 75.5 | MACD: 2.40 | ATR: 1.93
  📊 Filled: 0 | Pending: 0
  💰 Daily P&L: $+0.00

[2026-04-14 09:38] O:6975.25 H:6975.50 L:6971.00 C:6972.00 V:3649.0
  📈 Trend: strong_bullish
  🗺️  Grid: 0.080% | 🔺 6975.75 🔻 6973.75
  📡 RSI: 57.4 | MACD: 2.20 | ATR: 2.14
  📊 Filled: 0 | Pending: 0
  💰 Daily P&L: $+0.00

[2026-04-14 09:39] O:6972.00 H:6972.50 L:6969.50 C:6970.00 V:3273.0
  📈 Trend: strong_bullish (raw: moderate_bullish)
  🗺️  Grid: 0.080% | 🔺 6975.50 🔻 6971.00
  📡 RSI: 53.8 | MACD: 1.85 | ATR: 2.18
  📊 Filled: 0 | Pending: 0
  💰 Daily P&L: $+0.00

[2026-04-14 09:40] O:6970.00 H:6970.00 L:6968.25 C:6968.25 V:3241.0
  📈 Trend: moderate_bullish
  🗺️  Grid: 0.080% | 🔺 6972.50 🔻 6969.50
  📡 RSI: 43.9 | MACD: 1.42 | ATR: 2.18
  📊 Filled: 0 | Pending: 0
  💰 Daily P&L: $+0.00

[2026-04-14 09:41] O:6968.50 H:6971.50 L:6967.75 C:6971.00 V:3360.0
  📈 Trend: moderate_bullish (raw: strong_bullish)
  🗺️  Grid: 0.080% | 🔺 6970.00 🔻 6968.25
  📡 RSI: 53.3 | MACD: 1.29 | ATR: 2.36
  📊 Filled: 0 | Pending: 0
  💰 Daily P&L: $+0.00

[2026-04-14 09:42] O:6971.00 H:6971.50 L:6970.00 C:6970.50 V:2183.0
  📈 Trend: strong_bullish
  🗺️  Grid: 0.080% | 🔺 6971.50 🔻 6967.75
  📡 RSI: 47.9 | MACD: 1.13 | ATR: 2.29
  📊 Filled: 0 | Pending: 0
  💰 Daily P&L: $+0.00

[2026-04-14 09:43] O:6970.50 H:6971.75 L:6970.25 C:6971.75 V:1256.0
  📈 Trend: strong_bullish
  🗺️  Grid: 0.080% | 🔺 6971.50 🔻 6970.00
  📡 RSI: 50.0 | MACD: 1.10 | ATR: 2.32
  📊 Filled: 0 | Pending: 0
  💰 Daily P&L: $+0.00

[2026-04-14 09:44] O:6971.50 H:6971.50 L:6970.25 C:6970.50 V:1378.0
  📈 Trend: strong_bullish
  🗺️  Grid: 0.080% | 🔺 6971.75 🔻 6970.25
  📡 RSI: 46.8 | MACD: 0.96 | ATR: 2.27
  📊 Filled: 0 | Pending: 0
  💰 Daily P&L: $+0.00

[2026-04-14 09:45] O:6970.75 H:6972.50 L:6970.25 C:6972.25 V:2554.0
  📈 Trend: strong_bullish
  🗺️  Grid: 0.080% | 🔺 6971.50 🔻 6970.25
  📡 RSI: 51.8 | MACD: 0.97 | ATR: 2.32
  📊 Filled: 0 | Pending: 0
  💰 Daily P&L: $+0.00

[2026-04-14 09:46] O:6972.25 H:6974.75 L:6972.25 C:6973.75 V:2999.0
  📈 Trend: strong_bullish
  🗺️  Grid: 0.080% | 🔺 6972.50 🔻 6970.25
  📡 RSI: 55.6 | MACD: 1.10 | ATR: 2.43
  📊 Filled: 0 | Pending: 0
  💰 Daily P&L: $+0.00

[2026-04-14 09:47] O:6974.00 H:6975.50 L:6973.75 C:6974.50 V:2825.0
  📈 Trend: strong_bullish
  🗺️  Grid: 0.080% | 🔺 6974.75 🔻 6972.25
  📡 RSI: 58.2 | MACD: 1.24 | ATR: 2.46
  📊 Filled: 0 | Pending: 0
  💰 Daily P&L: $+0.00

[2026-04-14 09:48] O:6974.75 H:6974.75 L:6974.00 C:6974.50 V:1809.0
  📈 Trend: strong_bullish
  🗺️  Grid: 0.080% | 🔺 6975.50 🔻 6973.75
  📡 RSI: 58.9 | MACD: 1.34 | ATR: 2.45
  📊 Filled: 0 | Pending: 0
  💰 Daily P&L: $+0.00

[2026-04-14 09:49] O:6974.50 H:6977.00 L:6974.50 C:6975.25 V:3093.0
  📈 Trend: strong_bullish
  🗺️  Grid: 0.080% | 🔺 6974.75 🔻 6974.00
  📡 RSI: 51.3 | MACD: 1.46 | ATR: 2.23
  📊 Filled: 0 | Pending: 0
  💰 Daily P&L: $+0.00

[2026-04-14 09:50] O:6975.25 H:6975.25 L:6973.25 C:6973.75 V:2788.0
  📈 Trend: strong_bullish
  🗺️  Grid: 0.080% | 🔺 6977.00 🔻 6974.50
  📡 RSI: 48.1 | MACD: 1.42 | ATR: 2.23
  📊 Filled: 0 | Pending: 0
  💰 Daily P&L: $+0.00

[2026-04-14 09:51] O:6973.75 H:6975.25 L:6972.50 C:6975.00 V:3047.0
  📈 Trend: strong_bullish
  🗺️  Grid: 0.080% | 🔺 6975.25 🔻 6973.25
  📡 RSI: 48.8 | MACD: 1.47 | ATR: 2.29
  📊 Filled: 0 | Pending: 0
  💰 Daily P&L: $+0.00

[2026-04-14 09:52] O:6975.00 H:6977.00 L:6974.75 C:6976.25 V:2474.0
  📈 Trend: strong_bullish
  🗺️  Grid: 0.080% | 🔺 6975.25 🔻 6972.50
  📡 RSI: 61.6 | MACD: 1.59 | ATR: 2.12
  📊 Filled: 0 | Pending: 0
  💰 Daily P&L: $+0.00

[2026-04-14 09:53] O:6976.50 H:6977.50 L:6976.00 C:6976.50 V:2275.0
  📈 Trend: strong_bullish
  🗺️  Grid: 0.080% | 🔺 6977.00 🔻 6974.75
  📡 RSI: 69.7 | MACD: 1.69 | ATR: 2.02
  📊 Filled: 0 | Pending: 0
  💰 Daily P&L: $+0.00

[2026-04-14 09:54] O:6976.50 H:6978.75 L:6976.25 C:6978.75 V:2691.0
  📈 Trend: strong_bullish
  🗺️  Grid: 0.080% | 🔺 6977.50 🔻 6976.00
  📡 RSI: 80.9 | MACD: 1.93 | ATR: 2.07
  📊 Filled: 0 | Pending: 0
  💰 Daily P&L: $+0.00

[2026-04-14 09:55] O:6978.75 H:6979.00 L:6977.75 C:6978.25 V:2502.0
  📈 Trend: strong_bullish
  🗺️  Grid: 0.080% | 🔺 6978.75 🔻 6976.25
  📡 RSI: 74.6 | MACD: 2.05 | ATR: 1.89
  📊 Filled: 0 | Pending: 0
  💰 Daily P&L: $+0.00

[2026-04-14 09:56] O:6978.25 H:6978.50 L:6976.50 C:6977.25 V:2424.0
  📈 Trend: strong_bullish
  🗺️  Grid: 0.080% | 🔺 6979.00 🔻 6977.75
  📡 RSI: 72.1 | MACD: 2.05 | ATR: 1.93
  📊 Filled: 0 | Pending: 0
  💰 Daily P&L: $+0.00

[2026-04-14 09:57] O:6977.25 H:6978.00 L:6977.00 C:6977.50 V:1289.0
  📈 Trend: strong_bullish
  🗺️  Grid: 0.080% | 🔺 6978.50 🔻 6976.50
  📡 RSI: 70.2 | MACD: 2.04 | ATR: 1.89
  📊 Filled: 0 | Pending: 0
  💰 Daily P&L: $+0.00

[2026-04-14 09:58] O:6977.50 H:6978.25 L:6976.50 C:6978.00 V:1550.0
  📈 Trend: strong_bullish
  🗺️  Grid: 0.080% | 🔺 6978.00 🔻 6977.00
  📡 RSI: 77.8 | MACD: 2.05 | ATR: 1.91
  📊 Filled: 0 | Pending: 0
  💰 Daily P&L: $+0.00

[2026-04-14 09:59] O:6978.25 H:6978.25 L:6977.00 C:6977.00 V:1318.0
  📈 Trend: strong_bullish
  🗺️  Grid: 0.080% | 🔺 6978.25 🔻 6976.50
  📡 RSI: 68.6 | MACD: 1.95 | ATR: 1.84
  📊 Filled: 0 | Pending: 0
  💰 Daily P&L: $+0.00

[2026-04-14 10:00] O:6977.00 H:6977.50 L:6975.75 C:6976.00 V:3169.0
  📈 Trend: strong_bullish
  🗺️  Grid: 0.080% | 🔺 6978.25 🔻 6977.00
  📡 RSI: 59.2 | MACD: 1.78 | ATR: 1.79
  📊 Filled: 0 | Pending: 0
  💰 Daily P&L: $+0.00

[2026-04-14 10:01] O:6976.25 H:6977.50 L:6976.00 C:6977.00 V:2258.0
  📈 Trend: strong_bullish
  🗺️  Grid: 0.080% | 🔺 6977.50 🔻 6975.75
  📡 RSI: 60.0 | MACD: 1.70 | ATR: 1.77
  📊 Filled: 0 | Pending: 0
  💰 Daily P&L: $+0.00

[2026-04-14 10:02] O:6977.25 H:6977.75 L:6975.25 C:6976.00 V:2529.0
  📈 Trend: strong_bullish
  🗺️  Grid: 0.080% | 🔺 6977.50 🔻 6976.00
  📡 RSI: 55.6 | MACD: 1.54 | ATR: 1.89
  📊 Filled: 0 | Pending: 0
  💰 Daily P&L: $+0.00

[2026-04-14 10:03] O:6976.00 H:6977.50 L:6975.75 C:6976.75 V:1572.0
  📈 Trend: strong_bullish
  🗺️  Grid: 0.080% | 🔺 6977.75 🔻 6975.25
  📡 RSI: 55.6 | MACD: 1.45 | ATR: 1.84
  📊 Filled: 0 | Pending: 0
  💰 Daily P&L: $+0.00

[2026-04-14 10:04] O:6976.75 H:6976.75 L:6974.25 C:6974.50 V:2662.0
  📈 Trend: strong_bullish
  🗺️  Grid: 0.080% | 🔺 6977.50 🔻 6975.75
  📡 RSI: 52.6 | MACD: 1.19 | ATR: 1.88
  📊 Filled: 0 | Pending: 0
  💰 Daily P&L: $+0.00

[2026-04-14 10:05] O:6974.50 H:6975.00 L:6972.75 C:6974.00 V:3734.0
  📈 Trend: strong_bullish
  🗺️  Grid: 0.080% | 🔺 6976.75 🔻 6974.25
  📡 RSI: 46.3 | MACD: 0.93 | ATR: 1.84
  📊 Filled: 0 | Pending: 0
  💰 Daily P&L: $+0.00

[2026-04-14 10:06] O:6974.00 H:6974.25 L:6970.75 C:6972.00 V:4095.0
  📈 Trend: strong_bullish (raw: moderate_bullish)
  🗺️  Grid: 0.080% | 🔺 6975.00 🔻 6972.75
  📡 RSI: 35.1 | MACD: 0.56 | ATR: 1.93
  📊 Filled: 0 | Pending: 0
  💰 Daily P&L: $+0.00

[2026-04-14 10:07] O:6972.00 H:6974.75 L:6971.75 C:6973.00 V:2578.0
  📈 Trend: moderate_bullish
  🗺️  Grid: 0.080% | 🔺 6974.25 🔻 6970.75
  📡 RSI: 38.3 | MACD: 0.34 | ATR: 2.04
  📊 Filled: 0 | Pending: 0
  💰 Daily P&L: $+0.00

[2026-04-14 10:08] O:6973.25 H:6973.75 L:6972.50 C:6973.25 V:1734.0
  📈 Trend: moderate_bullish
  🗺️  Grid: 0.080% | 🔺 6974.75 🔻 6971.75
  📡 RSI: 28.8 | MACD: 0.19 | ATR: 1.95
  📊 Filled: 0 | Pending: 0
  💰 Daily P&L: $+0.00

[2026-04-14 10:09] O:6973.25 H:6973.25 L:6971.25 C:6972.00 V:1929.0
  📈 Trend: moderate_bullish
  🗺️  Grid: 0.080% | 🔺 6973.75 🔻 6972.50
  📡 RSI: 27.3 | MACD: -0.04 | ATR: 2.00
  📊 Filled: 0 | Pending: 0
  💰 Daily P&L: $+0.00

[2026-04-14 10:10] O:6971.75 H:6972.50 L:6971.00 C:6972.00 V:2142.0
  📈 Trend: moderate_bullish
  🗺️  Grid: 0.080% | 🔺 6973.25 🔻 6971.25
  📡 RSI: 29.4 | MACD: -0.21 | ATR: 1.96
  📊 Filled: 0 | Pending: 0
  💰 Daily P&L: $+0.00

[2026-04-14 10:11] O:6972.25 H:6973.25 L:6971.50 C:6972.75 V:2059.0
  📈 Trend: moderate_bullish
  🗺️  Grid: 0.080% | 🔺 6972.50 🔻 6971.00
  📡 RSI: 32.1 | MACD: -0.29 | ATR: 2.02
  📊 Filled: 0 | Pending: 0
  📤 Limit BUY 10 @ 6972.75 submitted (ID: 89)
  📋 Order 89 status: PreSubmitted
  ✅ Fill: BOT 10.0 @ 6972.0
  📋 Order 89 status: Filled
  ⬆️ LONG ORDER @ 6972.75 | Size: 1.00 | SL: 6964.50 | TP: 6985.25 [10cts]
     Reason: Grid Long (moderate_bullish, RSI: 32.1)
     ⏳ Order 89 PENDING - awaiting fill confirmation
  💰 Daily P&L: $+0.00
  📤 Stop SELL 10 @ 6964.00 submitted (ID: 90)
  📋 Order 90 status: PreSubmitted
  📤 Limit SELL 10 @ 6984.00 submitted (ID: 91)
  📋 Order 91 status: Submitted
  ✅ FILL CONFIRMED: LONG @ 6972.00 (order 89)
     📊 Bracket placed: SL #90 @ 6964.00 | TP #91 @ 6984.00
     Trail activates @ +6.0 pts

[2026-04-14 10:12] O:6973.00 H:6973.00 L:6971.25 C:6971.50 V:1704.0
  📈 Trend: moderate_bullish
  🗺️  Grid: 0.080% | 🔺 6973.25 🔻 6971.50
  📡 RSI: 26.8 | MACD: -0.44 | ATR: 2.02
  📊 Filled: 1 | Pending: 0
  📍 LONG @ 6972.00 | SL: 6964.00 | TP: 6984.00 | P&L: $-250.00 | +6.0 to trail
  💰 Daily P&L: $+0.00

[2026-04-14 10:13] O:6971.50 H:6973.50 L:6971.00 C:6973.50 V:2084.0
  📈 Trend: moderate_bullish
  🗺️  Grid: 0.080% | 🔺 6973.00 🔻 6971.25
  📡 RSI: 38.3 | MACD: -0.40 | ATR: 2.11
  📊 Filled: 1 | Pending: 0
  📍 LONG @ 6972.00 | SL: 6964.00 | TP: 6984.00 | P&L: $+750.00 | +5.0 to trail
  💰 Daily P&L: $+0.00

[2026-04-14 10:14] O:6973.50 H:6973.50 L:6971.50 C:6971.75 V:1492.0
  📈 Trend: moderate_bullish
  🗺️  Grid: 0.080% | 🔺 6973.50 🔻 6971.00
  📡 RSI: 36.5 | MACD: -0.50 | ATR: 2.12
  📊 Filled: 1 | Pending: 0
  📍 LONG @ 6972.00 | SL: 6964.00 | TP: 6984.00 | P&L: $-125.00 | +4.5 to trail
  💰 Daily P&L: $+0.00

[2026-04-14 10:15] O:6971.75 H:6974.25 L:6971.25 C:6974.25 V:2223.0
  📈 Trend: moderate_bullish
  🗺️  Grid: 0.080% | 🔺 6973.50 🔻 6971.50
  📡 RSI: 42.0 | MACD: -0.37 | ATR: 2.23
  📊 Filled: 1 | Pending: 0
  📍 LONG @ 6972.00 | SL: 6964.00 | TP: 6984.00 | P&L: $+1,125.00 | +4.5 to trail
  💰 Daily P&L: $+0.00

[2026-04-14 10:16] O:6974.25 H:6974.75 L:6973.50 C:6974.25 V:2215.0
  📈 Trend: moderate_bullish
  🗺️  Grid: 0.080% | 🔺 6974.25 🔻 6971.25
  📡 RSI: 44.6 | MACD: -0.27 | ATR: 2.14
  📊 Filled: 1 | Pending: 0
  📍 LONG @ 6972.00 | SL: 6964.00 | TP: 6984.00 | P&L: $+1,125.00 | +3.8 to trail
  💰 Daily P&L: $+0.00

[2026-04-14 10:17] O:6974.25 H:6975.25 L:6973.75 C:6975.00 V:1960.0
  📈 Trend: moderate_bullish
  🗺️  Grid: 0.080% | 🔺 6974.75 🔻 6973.50
  📡 RSI: 44.6 | MACD: -0.13 | ATR: 2.12
  📊 Filled: 1 | Pending: 0
  📍 LONG @ 6972.00 | SL: 6964.00 | TP: 6984.00 | P&L: $+1,500.00 | +3.2 to trail
  💰 Daily P&L: $+0.00

[2026-04-14 10:18] O:6975.00 H:6975.50 L:6974.25 C:6974.75 V:1765.0
  📈 Trend: moderate_bullish
  🗺️  Grid: 0.080% | 🔺 6975.25 🔻 6973.75
  📡 RSI: 50.9 | MACD: -0.03 | ATR: 2.04
  📊 Filled: 1 | Pending: 0
  📍 LONG @ 6972.00 | SL: 6964.00 | TP: 6984.00 | P&L: $+1,375.00 | +2.8 to trail
  💰 Daily P&L: $+0.00

[2026-04-14 10:19] O:6974.75 H:6979.00 L:6974.50 C:6977.75 V:4032.0
  📈 Trend: moderate_bullish (raw: strong_bullish)
  🗺️  Grid: 0.080% | 🔺 6975.50 🔻 6974.25
  📡 RSI: 61.2 | MACD: 0.28 | ATR: 2.20
  📊 Filled: 1 | Pending: 0
  📍 LONG @ 6972.00 | SL: 6964.00 | TP: 6984.00 | P&L: $+2,875.00 | +2.5 to trail
  ✏️ Stop order 90 modified → 6977.00 [confirmed]
  🔄 TRAILING ACTIVATED @ +7.00pts | Stop: 6964.00 → 6977.00
  💰 Daily P&L: $+0.00

[2026-04-14 10:20] O:6978.00 H:6981.00 L:6976.75 C:6979.75 V:5421.0
  📈 Trend: strong_bullish
  🗺️  Grid: 0.080% | 🔺 6979.00 🔻 6974.50
  📡 RSI: 73.1 | MACD: 0.68 | ATR: 2.25
  📊 Filled: 1 | Pending: 0
  📍 LONG @ 6972.00 | Trail: 6977.00 | TP: 6984.00 | P&L: $+3,875.00 | 🔒 Trailing
  💰 Daily P&L: $+0.00

[2026-04-14 10:21] O:6979.75 H:6982.00 L:6979.75 C:6981.50 V:3486.0
  📈 Trend: strong_bullish
  🗺️  Grid: 0.080% | 🔺 6981.00 🔻 6976.75
  📡 RSI: 74.3 | MACD: 1.13 | ATR: 2.20
  📊 Filled: 1 | Pending: 0
  📍 LONG @ 6972.00 | Trail: 6977.00 | TP: 6984.00 | P&L: $+4,750.00 | 🔒 Trailing
  💰 Daily P&L: $+0.00

[2026-04-14 10:22] O:6981.50 H:6982.50 L:6980.25 C:6980.25 V:3459.0
  📈 Trend: strong_bullish
  🗺️  Grid: 0.080% | 🔺 6982.00 🔻 6979.75
  📡 RSI: 68.9 | MACD: 1.37 | ATR: 2.27
  📊 Filled: 1 | Pending: 0
  📍 LONG @ 6972.00 | Trail: 6977.00 | TP: 6984.00 | P&L: $+4,125.00 | 🔒 Trailing
  ✏️ Stop order 90 modified → 6977.50 [confirmed]
  📈 TRAIL UPDATE: High 6982.50 | Stop: 6977.00 → 6977.50
  💰 Daily P&L: $+0.00

[2026-04-14 10:23] O:6980.50 H:6982.50 L:6979.75 C:6982.25 V:3573.0
  📈 Trend: strong_bullish
  🗺️  Grid: 0.080% | 🔺 6982.50 🔻 6980.25
  📡 RSI: 76.6 | MACD: 1.70 | ATR: 2.32
  📊 Filled: 1 | Pending: 0
  📍 LONG @ 6972.00 | Trail: 6977.50 | TP: 6984.00 | P&L: $+5,125.00 | 🔒 Trailing
  💰 Daily P&L: $+0.00

[2026-04-14 10:24] O:6982.25 H:6982.25 L:6980.50 C:6981.25 V:1655.0
  📈 Trend: strong_bullish
  🗺️  Grid: 0.080% | 🔺 6982.50 🔻 6979.75
  📡 RSI: 72.8 | MACD: 1.86 | ATR: 2.34
  📊 Filled: 1 | Pending: 0
  📍 LONG @ 6972.00 | Trail: 6977.50 | TP: 6984.00 | P&L: $+4,625.00 | 🔒 Trailing
  💰 Daily P&L: $+0.00
  ✅ Fill: SLD 9.0 @ 6984.0
  📋 Order 91 status: Submitted
  ✅ Fill: SLD 1.0 @ 6984.0
  📋 Order 91 status: Filled

[2026-04-14 10:25] O:6981.50 H:6984.75 L:6981.25 C:6984.00 V:4474.0
  📈 Trend: strong_bullish
  🗺️  Grid: 0.080% | 🔺 6982.25 🔻 6980.50
  📡 RSI: 75.3 | MACD: 2.18 | ATR: 2.46
  📊 Filled: 1 | Pending: 0
  📍 LONG @ 6972.00 | Trail: 6977.50 | TP: 6984.00 | P&L: $+6,000.00 | 🔒 Trailing
  📋 Order 90 status: PendingCancel
  📋 Order 90 status: Cancelled
  ✅ EXIT LONG @ 6984.00 | Take Profit
     P&L: +12.00 pts ($+6,000.00) | Daily: $+6,000.00
  ⏸️ Cooldown: 2 bar(s) remaining after exit
  💰 Daily P&L: $+6,000.00

[2026-04-14 10:26] O:6984.00 H:6987.00 L:6983.50 C:6986.25 V:4042.0
  📈 Trend: strong_bullish
  🗺️  Grid: 0.080% | 🔺 6984.75 🔻 6981.25
  📡 RSI: 81.7 | MACD: 2.59 | ATR: 2.59
  📊 Filled: 0 | Pending: 0
  ⏸️ Cooldown: 1 bar(s) remaining after exit
  💰 Daily P&L: $+6,000.00

[2026-04-14 10:27] O:6986.50 H:6986.75 L:6985.25 C:6985.50 V:2702.0
  📈 Trend: strong_bullish
  🗺️  Grid: 0.080% | 🔺 6987.00 🔻 6983.50
  📡 RSI: 77.3 | MACD: 2.82 | ATR: 2.52
  📊 Filled: 0 | Pending: 0
  💰 Daily P&L: $+6,000.00
→ Real-time bars cancelled
✓ Disconnected from IBKR
