Logging to: es_bot_20260611_093257.log

============================================================
📈 MODE: SCALP
   • 10 contract(s) max
   • Grid entries only
   • Trailing stop enabled
   • SL: ~8 pts | TP: ~12 pts | Trail activates: +6 pts
   • Best for: Normal sessions, choppy/ranging opens
============================================================
✓ Connected to IBKR (paper) - clientId=10
✓ Front-month contract: ESM6 expiry=20260618

============================================================
Loading historical data for indicator warm-up...
============================================================
→ Fetching historical bars (1 D, 1 min)...
✓ Loaded 933 historical bars

Processing 933 historical bars...

Indicators ready!
  Bars loaded: 933
  Last price: 7295.75
  Trend: strong_bearish
  RSI: 21.1
  ATR: 3.84
  MACD: -1.99 / Signal: -0.82
  MA: 7307.50 / 7309.40 / 7321.32

------------------------------------------------------------
Account Value: $1,039,206.16
Buying Power: $4,105,468.54
Current Position: 0 contracts
------------------------------------------------------------

============================================================
Starting live 1-minute bar stream...
Strategy is now ACTIVE (SCALP mode)
============================================================

→ Subscribed to 5-second real-time bars (aggregating to 1 min)

[2026-06-11 08:32] O:7295.75 H:7296.50 L:7295.00 C:7296.25 V:530.0
  📈 Trend: sideways (raw: strong_bearish) | 🌍 Regime: trending_bearish
  🗺️  Grid: 0.080% | 🔺 7303.25 🔻 7293.75
  📡 RSI: 25.0 | MACD: -2.56 | ATR: 3.77
  📊 Filled: 0 | Pending: 0
  🕐 Outside session (08:32 CT) — no entries
  💰 Daily P&L: $+0.00

[2026-06-11 08:33] O:7296.25 H:7300.25 L:7294.75 C:7297.00 V:6046.0
  📈 Trend: strong_bearish | 🌍 Regime: trending_bearish
  🗺️  Grid: 0.080% | 🔺 7296.50 🔻 7295.00
  📡 RSI: 22.4 | MACD: -2.92 | ATR: 3.96
  📊 Filled: 0 | Pending: 0
  🕐 Outside session (08:33 CT) — no entries
  💰 Daily P&L: $+0.00

[2026-06-11 08:34] O:7296.75 H:7297.00 L:7290.50 C:7292.50 V:6121.0
  📈 Trend: strong_bearish | 🌍 Regime: trending_bearish
  🗺️  Grid: 0.080% | 🔺 7300.25 🔻 7294.75
  📡 RSI: 18.6 | MACD: -3.53 | ATR: 4.29
  📊 Filled: 0 | Pending: 0
  🕐 Outside session (08:34 CT) — no entries
  💰 Daily P&L: $+0.00

[2026-06-11 08:35] O:7292.50 H:7293.50 L:7288.75 C:7291.25 V:7327.0
  📈 Trend: strong_bearish | 🌍 Regime: trending_bearish
  🗺️  Grid: 0.080% | 🔺 7297.00 🔻 7290.50
  📡 RSI: 15.4 | MACD: -4.06 | ATR: 4.48
  📊 Filled: 0 | Pending: 0
  🕐 Outside session (08:35 CT) — no entries
  💰 Daily P&L: $+0.00

[2026-06-11 08:36] O:7291.50 H:7302.75 L:7290.50 C:7300.00 V:8169.0
  📈 Trend: strong_bearish | 🌍 Regime: trending_bearish
  🗺️  Grid: 0.085% | 🔺 7293.50 🔻 7288.75
  📡 RSI: 34.8 | MACD: -3.74 | ATR: 5.18
  📊 Filled: 0 | Pending: 0
  🕐 Outside session (08:36 CT) — no entries
  💰 Daily P&L: $+0.00

[2026-06-11 08:37] O:7300.00 H:7301.50 L:7296.75 C:7299.75 V:7972.0
  📈 Trend: strong_bearish | 🌍 Regime: trending_bearish
  🗺️  Grid: 0.088% | 🔺 7302.75 🔻 7290.50
  📡 RSI: 34.1 | MACD: -3.46 | ATR: 5.36
  📊 Filled: 0 | Pending: 0
  🕐 Outside session (08:37 CT) — no entries
  💰 Daily P&L: $+0.00

[2026-06-11 08:38] O:7299.75 H:7300.00 L:7288.25 C:7289.25 V:6695.0
  📈 Trend: strong_bearish | 🌍 Regime: trending_bearish
  🗺️  Grid: 0.099% | 🔺 7301.50 🔻 7296.75
  📡 RSI: 27.5 | MACD: -4.04 | ATR: 6.02
  📊 Filled: 0 | Pending: 0
  🕐 Outside session (08:38 CT) — no entries
  💰 Daily P&L: $+0.00

[2026-06-11 08:39] O:7289.00 H:7293.00 L:7287.75 C:7292.50 V:5620.0
  📈 Trend: strong_bearish | 🌍 Regime: trending_bearish
  🗺️  Grid: 0.103% | 🔺 7300.00 🔻 7288.25
  📡 RSI: 31.2 | MACD: -4.19 | ATR: 6.27
  📊 Filled: 0 | Pending: 0
  🕐 Outside session (08:39 CT) — no entries
  💰 Daily P&L: $+0.00

[2026-06-11 08:40] O:7292.50 H:7292.50 L:7284.25 C:7286.75 V:6259.0
  📈 Trend: strong_bearish | 🌍 Regime: trending_bearish
  🗺️  Grid: 0.111% | 🔺 7293.00 🔻 7287.75
  📡 RSI: 26.9 | MACD: -4.72 | ATR: 6.73
  📊 Filled: 0 | Pending: 0
  🕐 Outside session (08:40 CT) — no entries
  💰 Daily P&L: $+0.00

[2026-06-11 08:41] O:7286.50 H:7290.25 L:7284.75 C:7287.25 V:5064.0
  📈 Trend: strong_bearish | 🌍 Regime: trending_bearish
  🗺️  Grid: 0.115% | 🔺 7292.50 🔻 7284.25
  📡 RSI: 28.1 | MACD: -5.04 | ATR: 6.96
  📊 Filled: 0 | Pending: 0
  🕐 Outside session (08:41 CT) — no entries
  💰 Daily P&L: $+0.00

[2026-06-11 08:42] O:7287.25 H:7290.75 L:7283.00 C:7287.25 V:5738.0
  📈 Trend: strong_bearish | 🌍 Regime: trending_bearish
  🗺️  Grid: 0.119% | 🔺 7290.25 🔻 7284.75
  📡 RSI: 28.5 | MACD: -5.23 | ATR: 7.23
  📊 Filled: 0 | Pending: 0
  🕐 Outside session (08:42 CT) — no entries
  💰 Daily P&L: $+0.00

[2026-06-11 08:43] O:7287.25 H:7294.75 L:7285.50 C:7294.00 V:5650.0
  📈 Trend: strong_bearish | 🌍 Regime: trending_bearish
  🗺️  Grid: 0.119% | 🔺 7290.75 🔻 7283.00
  📡 RSI: 39.4 | MACD: -4.79 | ATR: 7.23
  📊 Filled: 0 | Pending: 0
  🕐 Outside session (08:43 CT) — no entries
  💰 Daily P&L: $+0.00

[2026-06-11 08:44] O:7294.00 H:7296.50 L:7290.00 C:7291.25 V:5331.0
  📈 Trend: strong_bearish | 🌍 Regime: trending_bearish
  🗺️  Grid: 0.116% | 🔺 7294.75 🔻 7285.50
  📡 RSI: 41.2 | MACD: -4.60 | ATR: 7.07
  📊 Filled: 0 | Pending: 0
  🕐 Outside session (08:44 CT) — no entries
  💰 Daily P&L: $+0.00

[2026-06-11 08:45] O:7291.25 H:7308.00 L:7287.25 C:7307.75 V:13271.0
  📈 Trend: strong_bearish | 🌍 Regime: trending_bearish
  🗺️  Grid: 0.129% | 🔺 7296.50 🔻 7290.00
  📡 RSI: 59.7 | MACD: -3.09 | ATR: 7.88
  📊 Filled: 0 | Pending: 0
  💰 Daily P&L: $+0.00

[2026-06-11 08:46] O:7307.75 H:7317.50 L:7304.25 C:7315.00 V:8341.0
  📈 Trend: strong_bearish (raw: moderate_bearish) | 🌍 Regime: trending_bearish
  🗺️  Grid: 0.143% | 🔺 7308.00 🔻 7287.25
  📡 RSI: 63.6 | MACD: -1.29 | ATR: 8.71
  📊 Filled: 0 | Pending: 0
  💰 Daily P&L: $+0.00

[2026-06-11 08:47] O:7315.25 H:7316.00 L:7311.00 C:7315.25 V:5008.0
  📈 Trend: strong_bearish (raw: moderate_bullish) | 🌍 Regime: trending_bullish
  🗺️  Grid: 0.142% | 🔺 7317.50 🔻 7304.25
  📡 RSI: 63.4 | MACD: 0.16 | ATR: 8.68
  📊 Filled: 0 | Pending: 0
  💰 Daily P&L: $+0.00

[2026-06-11 08:48] O:7315.50 H:7315.50 L:7310.25 C:7311.00 V:3975.0
  📈 Trend: moderate_bullish | 🌍 Regime: trending_bullish
  🗺️  Grid: 0.141% | 🔺 7316.00 🔻 7311.00
  📡 RSI: 63.6 | MACD: 0.95 | ATR: 8.59
  📊 Filled: 0 | Pending: 0
  💰 Daily P&L: $+0.00

[2026-06-11 08:49] O:7311.25 H:7313.75 L:7305.25 C:7305.50 V:3961.0
  📈 Trend: moderate_bullish | 🌍 Regime: trending_bullish
  🗺️  Grid: 0.145% | 🔺 7315.50 🔻 7310.25
  📡 RSI: 59.9 | MACD: 1.12 | ATR: 8.86
  📊 Filled: 0 | Pending: 0
  💰 Daily P&L: $+0.00

[2026-06-11 08:50] O:7305.75 H:7321.75 L:7305.75 C:7321.50 V:7108.0
  📈 Trend: moderate_bullish | 🌍 Regime: trending_bullish
  🗺️  Grid: 0.150% | 🔺 7313.75 🔻 7305.25
  📡 RSI: 63.5 | MACD: 2.51 | ATR: 9.14
  📊 Filled: 0 | Pending: 0
  💰 Daily P&L: $+0.00

[2026-06-11 08:51] O:7321.50 H:7326.50 L:7318.75 C:7323.75 V:5731.0
  📈 Trend: moderate_bullish | 🌍 Regime: trending_bullish
  🗺️  Grid: 0.153% | 🔺 7321.75 🔻 7305.75
  📡 RSI: 64.7 | MACD: 3.76 | ATR: 9.36
  📊 Filled: 0 | Pending: 0
  💰 Daily P&L: $+0.00

[2026-06-11 08:52] O:7323.50 H:7327.75 L:7321.50 C:7327.50 V:4462.0
  📈 Trend: moderate_bullish | 🌍 Regime: trending_bullish
  🗺️  Grid: 0.147% | 🔺 7326.50 🔻 7318.75
  📡 RSI: 75.6 | MACD: 4.99 | ATR: 8.96
  📊 Filled: 0 | Pending: 0
  💰 Daily P&L: $+0.00

[2026-06-11 08:53] O:7327.75 H:7333.00 L:7324.00 C:7332.75 V:5111.0
  📈 Trend: moderate_bullish | 🌍 Regime: trending_bullish
  🗺️  Grid: 0.151% | 🔺 7327.75 🔻 7321.50
  📡 RSI: 76.2 | MACD: 6.32 | ATR: 9.23
  📊 Filled: 0 | Pending: 0
  💰 Daily P&L: $+0.00

[2026-06-11 08:54] O:7332.50 H:7335.50 L:7329.25 C:7330.50 V:5827.0
  📈 Trend: moderate_bullish | 🌍 Regime: trending_bullish
  🗺️  Grid: 0.149% | 🔺 7333.00 🔻 7324.00
  📡 RSI: 79.9 | MACD: 7.11 | ATR: 9.09
  📊 Filled: 0 | Pending: 0
  💰 Daily P&L: $+0.00

[2026-06-11 08:55] O:7330.25 H:7335.50 L:7328.25 C:7334.75 V:4426.0
  📈 Trend: moderate_bullish (raw: strong_bullish) | 🌍 Regime: trending_bullish
  🗺️  Grid: 0.151% | 🔺 7335.50 🔻 7329.25
  📡 RSI: 80.8 | MACD: 7.98 | ATR: 9.21
  📊 Filled: 0 | Pending: 0
  💰 Daily P&L: $+0.00

[2026-06-11 08:56] O:7334.75 H:7335.00 L:7327.25 C:7327.50 V:4404.0
  📈 Trend: strong_bullish | 🌍 Regime: trending_bullish
  🗺️  Grid: 0.151% | 🔺 7335.50 🔻 7328.25
  📡 RSI: 73.9 | MACD: 8.00 | ATR: 9.21
  📊 Filled: 0 | Pending: 0
  💰 Daily P&L: $+0.00

[2026-06-11 08:57] O:7327.25 H:7327.75 L:7318.25 C:7319.25 V:6391.0
  📈 Trend: strong_bullish | 🌍 Regime: trending_bullish
  🗺️  Grid: 0.151% | 🔺 7335.00 🔻 7327.25
  📡 RSI: 64.7 | MACD: 7.26 | ATR: 9.23
  📊 Filled: 0 | Pending: 0
  💰 Daily P&L: $+0.00

[2026-06-11 08:58] O:7319.25 H:7323.75 L:7319.00 C:7322.75 V:4185.0
  📈 Trend: strong_bullish | 🌍 Regime: trending_bullish
  🗺️  Grid: 0.149% | 🔺 7327.75 🔻 7318.25
  📡 RSI: 68.2 | MACD: 6.88 | ATR: 9.11
  📊 Filled: 0 | Pending: 0
  💰 Daily P&L: $+0.00

[2026-06-11 08:59] O:7322.75 H:7323.25 L:7314.00 C:7317.00 V:4743.0
  📈 Trend: strong_bullish | 🌍 Regime: trending_bullish
  🗺️  Grid: 0.136% | 🔺 7323.75 🔻 7319.00
  📡 RSI: 56.1 | MACD: 6.05 | ATR: 8.29
  📊 Filled: 0 | Pending: 0
  💰 Daily P&L: $+0.00

[2026-06-11 09:00] O:7317.25 H:7324.25 L:7314.75 C:7323.50 V:7030.0
  📈 Trend: strong_bullish | 🌍 Regime: trending_bullish
  🗺️  Grid: 0.131% | 🔺 7323.25 🔻 7314.00
  📡 RSI: 55.7 | MACD: 5.84 | ATR: 8.02
  📊 Filled: 0 | Pending: 0
  💰 Daily P&L: $+0.00

[2026-06-11 09:01] O:7323.75 H:7335.25 L:7322.25 C:7334.75 V:6276.0
  📈 Trend: strong_bullish | 🌍 Regime: trending_bullish
  🗺️  Grid: 0.141% | 🔺 7324.25 🔻 7314.75
  📡 RSI: 61.3 | MACD: 6.51 | ATR: 8.59
  📊 Filled: 0 | Pending: 0
  💰 Daily P&L: $+0.00

[2026-06-11 09:02] O:7335.00 H:7335.75 L:7329.75 C:7330.00 V:3693.0
  📈 Trend: strong_bullish | 🌍 Regime: trending_bullish
  🗺️  Grid: 0.141% | 🔺 7335.25 🔻 7322.25
  📡 RSI: 61.0 | MACD: 6.58 | ATR: 8.64
  📊 Filled: 0 | Pending: 0
  💰 Daily P&L: $+0.00

[2026-06-11 09:03] O:7329.75 H:7331.25 L:7325.75 C:7328.00 V:3278.0
  📈 Trend: strong_bullish | 🌍 Regime: trending_bullish
  🗺️  Grid: 0.138% | 🔺 7335.75 🔻 7329.75
  📡 RSI: 63.6 | MACD: 6.41 | ATR: 8.43
  📊 Filled: 0 | Pending: 0
  💰 Daily P&L: $+0.00

[2026-06-11 09:04] O:7328.25 H:7331.75 L:7325.25 C:7330.50 V:3479.0
  📈 Trend: strong_bullish | 🌍 Regime: trending_bullish
  🗺️  Grid: 0.127% | 🔺 7331.25 🔻 7325.75
  📡 RSI: 56.5 | MACD: 6.39 | ATR: 7.73
  📊 Filled: 0 | Pending: 0
  💰 Daily P&L: $+0.00

[2026-06-11 09:05] O:7330.50 H:7330.50 L:7319.25 C:7321.00 V:5875.0
  📈 Trend: strong_bullish (raw: moderate_bullish) | 🌍 Regime: trending_bullish
  🗺️  Grid: 0.131% | 🔺 7331.75 🔻 7325.25
  📡 RSI: 48.2 | MACD: 5.55 | ATR: 7.98
  📊 Filled: 0 | Pending: 0
  💰 Daily P&L: $+0.00

[2026-06-11 09:06] O:7321.00 H:7326.75 L:7320.50 C:7326.25 V:3906.0
  📈 Trend: moderate_bullish | 🌍 Regime: trending_bullish
  🗺️  Grid: 0.131% | 🔺 7330.50 🔻 7319.25
  📡 RSI: 49.2 | MACD: 5.25 | ATR: 7.98
  📊 Filled: 0 | Pending: 0
  💰 Daily P&L: $+0.00

[2026-06-11 09:07] O:7326.25 H:7329.75 L:7322.75 C:7329.50 V:4499.0
  📈 Trend: moderate_bullish | 🌍 Regime: trending_bullish
  🗺️  Grid: 0.128% | 🔺 7326.75 🔻 7320.50
  📡 RSI: 47.9 | MACD: 5.21 | ATR: 7.84
  📊 Filled: 0 | Pending: 0
  💰 Daily P&L: $+0.00

[2026-06-11 09:08] O:7329.50 H:7329.50 L:7325.00 C:7327.00 V:3376.0
  📈 Trend: moderate_bullish | 🌍 Regime: trending_bullish
  🗺️  Grid: 0.126% | 🔺 7329.75 🔻 7322.75
  📡 RSI: 47.7 | MACD: 4.92 | ATR: 7.71
  📊 Filled: 0 | Pending: 0
  💰 Daily P&L: $+0.00

[2026-06-11 09:09] O:7327.00 H:7327.00 L:7317.25 C:7320.25 V:4211.0
  📈 Trend: moderate_bullish (raw: moderate_bearish) | 🌍 Regime: trending_bearish
  🗺️  Grid: 0.129% | 🔺 7329.50 🔻 7325.00
  📡 RSI: 40.8 | MACD: 4.10 | ATR: 7.89
  📊 Filled: 0 | Pending: 0
  💰 Daily P&L: $+0.00

[2026-06-11 09:10] O:7320.25 H:7321.75 L:7307.00 C:7307.25 V:6180.0
  📈 Trend: moderate_bearish | 🌍 Regime: trending_bearish
  🗺️  Grid: 0.138% | 🔺 7327.00 🔻 7317.25
  📡 RSI: 38.1 | MACD: 2.37 | ATR: 8.39
  📊 Filled: 0 | Pending: 0
  💰 Daily P&L: $+0.00

[2026-06-11 09:11] O:7307.25 H:7309.00 L:7300.25 C:7308.75 V:7755.0
  📈 Trend: moderate_bearish | 🌍 Regime: trending_bearish
  🗺️  Grid: 0.137% | 🔺 7321.75 🔻 7307.00
  📡 RSI: 43.3 | MACD: 1.11 | ATR: 8.34
  📊 Filled: 0 | Pending: 0
  💰 Daily P&L: $+0.00

[2026-06-11 09:12] O:7308.75 H:7312.25 L:7301.75 C:7302.50 V:5062.0
  📈 Trend: moderate_bearish (raw: strong_bearish) | 🌍 Regime: ranging
  🗺️  Grid: 0.144% | 🔺 7309.00 🔻 7300.25
  📡 RSI: 37.5 | MACD: -0.38 | ATR: 8.75
  📊 Filled: 0 | Pending: 0
  🔲 Regime: RANGING | Range pos: 37% | RSI: 37.5
  💰 Daily P&L: $+0.00

[2026-06-11 09:13] O:7302.75 H:7305.25 L:7299.25 C:7299.50 V:5233.0
  📈 Trend: strong_bearish | 🌍 Regime: ranging
  🗺️  Grid: 0.140% | 🔺 7312.25 🔻 7301.75
  📡 RSI: 38.8 | MACD: -1.79 | ATR: 8.52
  📊 Filled: 0 | Pending: 0
  🔲 Regime: RANGING | Range pos: 31% | RSI: 38.8
  💰 Daily P&L: $+0.00

[2026-06-11 09:14] O:7299.50 H:7302.50 L:7297.25 C:7298.25 V:5573.0
  📈 Trend: strong_bearish | 🌍 Regime: trending_bearish
  🗺️  Grid: 0.135% | 🔺 7305.25 🔻 7299.25
  📡 RSI: 32.6 | MACD: -2.98 | ATR: 8.21
  📊 Filled: 0 | Pending: 0
  💰 Daily P&L: $+0.00

[2026-06-11 09:15] O:7298.25 H:7304.50 L:7297.25 C:7300.50 V:4675.0
  📈 Trend: strong_bearish | 🌍 Regime: trending_bearish
  🗺️  Grid: 0.128% | 🔺 7302.50 🔻 7297.25
  📡 RSI: 23.1 | MACD: -3.69 | ATR: 7.80
  📊 Filled: 0 | Pending: 0
  💰 Daily P&L: $+0.00

[2026-06-11 09:16] O:7300.75 H:7302.50 L:7289.75 C:7290.75 V:5947.0
  📈 Trend: strong_bearish | 🌍 Regime: trending_bearish
  🗺️  Grid: 0.136% | 🔺 7304.50 🔻 7297.25
  📡 RSI: 21.5 | MACD: -4.99 | ATR: 8.29
  📊 Filled: 0 | Pending: 0
  💰 Daily P&L: $+0.00

[2026-06-11 09:17] O:7290.50 H:7300.25 L:7289.50 C:7297.00 V:4896.0
  📈 Trend: strong_bearish | 🌍 Regime: trending_bearish
  🗺️  Grid: 0.142% | 🔺 7302.50 🔻 7289.75
  📡 RSI: 28.8 | MACD: -5.44 | ATR: 8.66
  📊 Filled: 0 | Pending: 0
  💰 Daily P&L: $+0.00

[2026-06-11 09:18] O:7297.25 H:7297.25 L:7289.00 C:7289.50 V:4420.0
  📈 Trend: strong_bearish | 🌍 Regime: trending_bearish
  🗺️  Grid: 0.145% | 🔺 7300.25 🔻 7289.50
  📡 RSI: 23.7 | MACD: -6.34 | ATR: 8.79
  📊 Filled: 0 | Pending: 0
  💰 Daily P&L: $+0.00

[2026-06-11 09:19] O:7289.75 H:7294.50 L:7289.50 C:7290.50 V:3667.0
  📈 Trend: strong_bearish | 🌍 Regime: trending_bearish
  🗺️  Grid: 0.137% | 🔺 7297.25 🔻 7289.00
  📡 RSI: 28.1 | MACD: -6.89 | ATR: 8.34
  📊 Filled: 0 | Pending: 0
  💰 Daily P&L: $+0.00

[2026-06-11 09:20] O:7290.25 H:7299.50 L:7289.00 C:7298.25 V:6367.0
  📈 Trend: strong_bearish | 🌍 Regime: trending_bearish
  🗺️  Grid: 0.142% | 🔺 7294.50 🔻 7289.50
  📡 RSI: 30.6 | MACD: -6.62 | ATR: 8.64
  📊 Filled: 0 | Pending: 0
