Logging to: es_bot_20260603_093240.log

============================================================
📈 MODE: SCALP
   • 10 contract(s) max
   • Grid entries only
   • Trailing stop enabled
   • SL: ~8 pts | TP: ~12 pts | Trail activates: +6 pts
   • Best for: Normal sessions, choppy/ranging opens
============================================================
✓ Connected to IBKR (paper) - clientId=10
✓ Front-month contract: ESM6 expiry=20260618

============================================================
Loading historical data for indicator warm-up...
============================================================
→ Fetching historical bars (1 D, 1 min)...
✓ Loaded 933 historical bars

Processing 933 historical bars...

Indicators ready!
  Bars loaded: 933
  Last price: 7614.25
  Trend: strong_bullish
  RSI: 80.7
  ATR: 1.89
  MACD: 1.06 / Signal: 0.37
  MA: 7608.31 / 7607.89 / 7613.40

------------------------------------------------------------
Account Value: $1,025,276.01
Buying Power: $4,093,914.60
Current Position: 0 contracts
------------------------------------------------------------

============================================================
Starting live 1-minute bar stream...
Strategy is now ACTIVE (SCALP mode)
============================================================

→ Subscribed to 5-second real-time bars (aggregating to 1 min)

[2026-06-03 08:32] O:7614.25 H:7614.75 L:7613.25 C:7614.00 V:1178.0
  📈 Trend: sideways (raw: strong_bullish) | 🌍 Regime: trending_bullish
  🗺️  Grid: 0.080% | 🔺 7614.75 🔻 7612.75
  📡 RSI: 77.4 | MACD: 1.31 | ATR: 1.86
  📊 Filled: 0 | Pending: 0
  🕐 Outside session (08:32 CT) — no entries
  💰 Daily P&L: $+0.00

[2026-06-03 08:33] O:7614.25 H:7614.75 L:7612.25 C:7613.00 V:3383.0
  📈 Trend: strong_bullish | 🌍 Regime: trending_bullish
  🗺️  Grid: 0.080% | 🔺 7614.75 🔻 7613.25
  📡 RSI: 74.5 | MACD: 1.42 | ATR: 1.95
  📊 Filled: 0 | Pending: 0
  🕐 Outside session (08:33 CT) — no entries
  💰 Daily P&L: $+0.00

[2026-06-03 08:34] O:7613.25 H:7613.50 L:7609.25 C:7609.25 V:4743.0
  📈 Trend: strong_bullish | 🌍 Regime: trending_bullish
  🗺️  Grid: 0.080% | 🔺 7614.75 🔻 7612.25
  📡 RSI: 55.4 | MACD: 1.19 | ATR: 2.11
  📊 Filled: 0 | Pending: 0
  🕐 Outside session (08:34 CT) — no entries
  💰 Daily P&L: $+0.00

[2026-06-03 08:35] O:7609.50 H:7609.50 L:7605.25 C:7605.25 V:6595.0
  📈 Trend: strong_bullish (raw: moderate_bearish) | 🌍 Regime: trending_bearish
  🗺️  Grid: 0.080% | 🔺 7613.50 🔻 7609.25
  📡 RSI: 43.0 | MACD: 0.68 | ATR: 2.32
  📊 Filled: 0 | Pending: 0
  🕐 Outside session (08:35 CT) — no entries
  💰 Daily P&L: $+0.00

[2026-06-03 08:36] O:7605.25 H:7607.50 L:7604.00 C:7605.00 V:5435.0
  📈 Trend: moderate_bearish | 🌍 Regime: trending_bearish
  🗺️  Grid: 0.080% | 🔺 7609.50 🔻 7605.25
  📡 RSI: 43.6 | MACD: 0.24 | ATR: 2.52
  📊 Filled: 0 | Pending: 0
  🕐 Outside session (08:36 CT) — no entries
  💰 Daily P&L: $+0.00

[2026-06-03 08:37] O:7605.25 H:7605.75 L:7602.75 C:7602.75 V:4951.0
  📈 Trend: moderate_bearish (raw: strong_bearish) | 🌍 Regime: trending_bearish
  🗺️  Grid: 0.080% | 🔺 7607.50 🔻 7604.00
  📡 RSI: 36.1 | MACD: -0.27 | ATR: 2.64
  📊 Filled: 0 | Pending: 0
  🕐 Outside session (08:37 CT) — no entries
  💰 Daily P&L: $+0.00

[2026-06-03 08:38] O:7603.00 H:7606.25 L:7602.75 C:7606.25 V:4673.0
  📈 Trend: strong_bearish | 🌍 Regime: trending_bearish
  🗺️  Grid: 0.080% | 🔺 7605.75 🔻 7602.75
  📡 RSI: 45.8 | MACD: -0.40 | ATR: 2.80
  📊 Filled: 0 | Pending: 0
  🕐 Outside session (08:38 CT) — no entries
  💰 Daily P&L: $+0.00

[2026-06-03 08:39] O:7606.00 H:7606.25 L:7604.50 C:7606.00 V:4043.0
  📈 Trend: strong_bearish | 🌍 Regime: trending_bearish
  🗺️  Grid: 0.080% | 🔺 7606.25 🔻 7602.75
  📡 RSI: 46.3 | MACD: -0.51 | ATR: 2.86
  📊 Filled: 0 | Pending: 0
  🕐 Outside session (08:39 CT) — no entries
  💰 Daily P&L: $+0.00

[2026-06-03 08:40] O:7606.00 H:7606.00 L:7601.00 C:7604.50 V:6681.0
  📈 Trend: strong_bearish | 🌍 Regime: trending_bearish
  🗺️  Grid: 0.080% | 🔺 7606.25 🔻 7604.50
  📡 RSI: 41.2 | MACD: -0.71 | ATR: 3.12
  📊 Filled: 0 | Pending: 0
  🕐 Outside session (08:40 CT) — no entries
  💰 Daily P&L: $+0.00

[2026-06-03 08:41] O:7604.50 H:7606.00 L:7601.25 C:7601.50 V:4693.0
  📈 Trend: strong_bearish | 🌍 Regime: trending_bearish
  🗺️  Grid: 0.080% | 🔺 7606.00 🔻 7601.00
  📡 RSI: 38.1 | MACD: -1.10 | ATR: 3.34
  📊 Filled: 0 | Pending: 0
  🕐 Outside session (08:41 CT) — no entries
  💰 Daily P&L: $+0.00

[2026-06-03 08:42] O:7601.75 H:7602.75 L:7600.25 C:7600.75 V:4369.0
  📈 Trend: strong_bearish | 🌍 Regime: trending_bearish
  🗺️  Grid: 0.080% | 🔺 7606.00 🔻 7601.25
  📡 RSI: 35.8 | MACD: -1.46 | ATR: 3.32
  📊 Filled: 0 | Pending: 0
  🕐 Outside session (08:42 CT) — no entries
  💰 Daily P&L: $+0.00

[2026-06-03 08:43] O:7600.75 H:7602.25 L:7600.00 C:7600.00 V:5105.0
  📈 Trend: strong_bearish | 🌍 Regime: trending_bearish
  🗺️  Grid: 0.080% | 🔺 7602.75 🔻 7600.25
  📡 RSI: 28.3 | MACD: -1.78 | ATR: 3.11
  📊 Filled: 0 | Pending: 0
  🕐 Outside session (08:43 CT) — no entries
  💰 Daily P&L: $+0.00

[2026-06-03 08:44] O:7600.00 H:7600.25 L:7592.00 C:7592.50 V:6675.0
  📈 Trend: strong_bearish | 🌍 Regime: trending_bearish
  🗺️  Grid: 0.080% | 🔺 7602.25 🔻 7600.00
  📡 RSI: 16.5 | MACD: -2.61 | ATR: 3.50
  📊 Filled: 0 | Pending: 0
  🕐 Outside session (08:44 CT) — no entries
  💰 Daily P&L: $+0.00

[2026-06-03 08:45] O:7592.25 H:7594.50 L:7590.00 C:7590.50 V:10161.0
  📈 Trend: strong_bearish | 🌍 Regime: trending_bearish
  🗺️  Grid: 0.080% | 🔺 7600.25 🔻 7592.00
  📡 RSI: 11.4 | MACD: -3.38 | ATR: 3.68
  📊 Filled: 0 | Pending: 0
  💰 Daily P&L: $+0.00

[2026-06-03 08:46] O:7590.50 H:7590.50 L:7587.00 C:7587.25 V:6658.0
  📈 Trend: strong_bearish | 🌍 Regime: trending_bearish
  🗺️  Grid: 0.080% | 🔺 7594.50 🔻 7590.00
  📡 RSI: 10.4 | MACD: -4.21 | ATR: 3.82
  📊 Filled: 0 | Pending: 0
  💰 Daily P&L: $+0.00

[2026-06-03 08:47] O:7587.25 H:7588.50 L:7582.50 C:7582.50 V:7420.0
  📈 Trend: strong_bearish | 🌍 Regime: trending_bearish
  🗺️  Grid: 0.080% | 🔺 7590.50 🔻 7587.00
  📡 RSI: 9.3 | MACD: -5.20 | ATR: 4.07
  📊 Filled: 0 | Pending: 0
  💰 Daily P&L: $+0.00

[2026-06-03 08:48] O:7582.75 H:7584.25 L:7576.00 C:7576.75 V:8817.0
  📈 Trend: strong_bearish | 🌍 Regime: trending_bearish
  🗺️  Grid: 0.080% | 🔺 7588.50 🔻 7582.50
  📡 RSI: 8.9 | MACD: -6.37 | ATR: 4.36
  📊 Filled: 0 | Pending: 0
  💰 Daily P&L: $+0.00

[2026-06-03 08:49] O:7576.75 H:7581.00 L:7575.25 C:7578.25 V:10403.0
  📈 Trend: strong_bearish | 🌍 Regime: trending_bearish
  🗺️  Grid: 0.080% | 🔺 7584.25 🔻 7576.00
  📡 RSI: 13.5 | MACD: -7.09 | ATR: 4.46
  📊 Filled: 0 | Pending: 0
  💰 Daily P&L: $+0.00

[2026-06-03 08:50] O:7578.25 H:7582.25 L:7574.00 C:7582.00 V:10711.0
  📈 Trend: strong_bearish | 🌍 Regime: trending_bearish
  🗺️  Grid: 0.080% | 🔺 7581.00 🔻 7575.25
  📡 RSI: 21.6 | MACD: -7.28 | ATR: 4.80
  📊 Filled: 0 | Pending: 0
  💰 Daily P&L: $+0.00

[2026-06-03 08:51] O:7581.75 H:7584.50 L:7581.00 C:7582.75 V:8025.0
  📈 Trend: strong_bearish | 🌍 Regime: trending_bearish
  🗺️  Grid: 0.080% | 🔺 7582.25 🔻 7574.00
  📡 RSI: 24.4 | MACD: -7.28 | ATR: 4.84
  📊 Filled: 0 | Pending: 0
  💰 Daily P&L: $+0.00

[2026-06-03 08:52] O:7582.75 H:7588.00 L:7582.50 C:7587.75 V:6637.0
  📈 Trend: strong_bearish | 🌍 Regime: trending_bearish
  🗺️  Grid: 0.080% | 🔺 7584.50 🔻 7581.00
  📡 RSI: 27.2 | MACD: -6.80 | ATR: 4.98
  📊 Filled: 0 | Pending: 0
  💰 Daily P&L: $+0.00

[2026-06-03 08:53] O:7587.50 H:7589.75 L:7586.00 C:7589.50 V:5664.0
  📈 Trend: strong_bearish | 🌍 Regime: trending_bearish
  🗺️  Grid: 0.081% | 🔺 7588.00 🔻 7582.50
  📡 RSI: 30.4 | MACD: -6.21 | ATR: 5.12
  📊 Filled: 0 | Pending: 0
  💰 Daily P&L: $+0.00

[2026-06-03 08:54] O:7589.50 H:7589.50 L:7584.50 C:7585.00 V:5147.0
  📈 Trend: strong_bearish | 🌍 Regime: trending_bearish
  🗺️  Grid: 0.081% | 🔺 7589.75 🔻 7586.00
  📡 RSI: 28.3 | MACD: -6.03 | ATR: 5.12
  📊 Filled: 0 | Pending: 0
  💰 Daily P&L: $+0.00

[2026-06-03 08:55] O:7585.25 H:7590.00 L:7585.00 C:7587.25 V:5509.0
  📈 Trend: strong_bearish | 🌍 Regime: trending_bearish
  🗺️  Grid: 0.081% | 🔺 7589.50 🔻 7584.50
  📡 RSI: 33.9 | MACD: -5.65 | ATR: 5.14
  📊 Filled: 0 | Pending: 0
  💰 Daily P&L: $+0.00

[2026-06-03 08:56] O:7587.50 H:7588.75 L:7586.25 C:7586.50 V:3801.0
  📈 Trend: strong_bearish | 🌍 Regime: trending_bearish
  🗺️  Grid: 0.081% | 🔺 7590.00 🔻 7585.00
  📡 RSI: 33.9 | MACD: -5.34 | ATR: 5.14
  📊 Filled: 0 | Pending: 0
  💰 Daily P&L: $+0.00

[2026-06-03 08:57] O:7586.75 H:7588.00 L:7585.50 C:7586.25 V:2932.0
  📈 Trend: strong_bearish | 🌍 Regime: trending_bearish
  🗺️  Grid: 0.082% | 🔺 7588.75 🔻 7586.25
  📡 RSI: 34.3 | MACD: -5.06 | ATR: 5.16
  📊 Filled: 0 | Pending: 0
  💰 Daily P&L: $+0.00

[2026-06-03 08:58] O:7586.25 H:7587.50 L:7584.25 C:7587.00 V:3075.0
  📈 Trend: strong_bearish | 🌍 Regime: trending_bearish
  🗺️  Grid: 0.080% | 🔺 7588.00 🔻 7585.50
  📡 RSI: 42.6 | MACD: -4.72 | ATR: 4.80
  📊 Filled: 0 | Pending: 0
  💰 Daily P&L: $+0.00

[2026-06-03 08:59] O:7587.00 H:7589.00 L:7585.25 C:7586.25 V:2534.0
  📈 Trend: strong_bearish | 🌍 Regime: trending_bearish
  🗺️  Grid: 0.080% | 🔺 7587.50 🔻 7584.25
  📡 RSI: 44.1 | MACD: -4.46 | ATR: 4.75
  📊 Filled: 0 | Pending: 0
  💰 Daily P&L: $+0.00

[2026-06-03 09:00] O:7586.50 H:7593.75 L:7585.00 C:7593.00 V:8519.0
  📈 Trend: strong_bearish | 🌍 Regime: trending_bearish
  🗺️  Grid: 0.081% | 🔺 7589.00 🔻 7585.25
  📡 RSI: 57.3 | MACD: -3.67 | ATR: 5.12
  📊 Filled: 0 | Pending: 0
  💰 Daily P&L: $+0.00

[2026-06-03 09:01] O:7592.75 H:7593.00 L:7590.25 C:7591.00 V:4101.0
  📈 Trend: strong_bearish | 🌍 Regime: trending_bearish
  🗺️  Grid: 0.080% | 🔺 7593.75 🔻 7585.00
  📡 RSI: 61.6 | MACD: -3.17 | ATR: 4.89
  📊 Filled: 0 | Pending: 0
  💰 Daily P&L: $+0.00

[2026-06-03 09:02] O:7591.00 H:7593.50 L:7588.75 C:7591.75 V:4500.0
  📈 Trend: strong_bearish | 🌍 Regime: trending_bearish
  🗺️  Grid: 0.080% | 🔺 7593.00 🔻 7590.25
  📡 RSI: 73.8 | MACD: -2.68 | ATR: 4.64
  📊 Filled: 0 | Pending: 0
  💰 Daily P&L: $+0.00

[2026-06-03 09:03] O:7591.50 H:7593.50 L:7591.00 C:7591.50 V:3203.0
  📈 Trend: strong_bearish | 🌍 Regime: trending_bearish
  🗺️  Grid: 0.080% | 🔺 7593.50 🔻 7588.75
  📡 RSI: 71.9 | MACD: -2.28 | ATR: 4.41
  📊 Filled: 0 | Pending: 0
  💰 Daily P&L: $+0.00

[2026-06-03 09:04] O:7591.50 H:7593.00 L:7589.75 C:7590.50 V:2919.0
  📈 Trend: strong_bearish | 🌍 Regime: trending_bearish
  🗺️  Grid: 0.080% | 🔺 7593.50 🔻 7591.00
  📡 RSI: 65.5 | MACD: -2.03 | ATR: 4.05
  📊 Filled: 0 | Pending: 0
  📤 Limit SELL 10 @ 7590.50 submitted (ID: 450)
  ⬇️ SHORT ORDER @ 7590.50 | Size: 1.00 | SL: 7598.50 | TP: 7578.25 [10cts]
     Reason: Grid Short (strong_bearish, RSI: 65.5)
     ⏳ Order 450 PENDING - awaiting fill confirmation
  💰 Daily P&L: $+0.00
  📋 Order 450 status: Submitted
  ✅ Fill: SLD 2.0 @ 7590.5
  📋 Order 450 status: Submitted
  ✅ Fill: SLD 8.0 @ 7590.5
  📋 Order 450 status: Filled
  📤 Stop-Limit BUY 10 @ stop:7598.50 / lmt:7602.50 submitted (ID: 451)
  📋 Order 451 status: PreSubmitted
  📤 Limit BUY 10 @ 7578.25 submitted (ID: 452)
  📋 Order 452 status: Submitted
  ✅ FILL CONFIRMED: SHORT @ 7590.50 (order 450)
     📊 Bracket placed: SL #451 @ 7598.50 | TP #452 @ 7578.25
     Trail activates @ +7.5 pts

[2026-06-03 09:05] O:7590.50 H:7591.00 L:7589.25 C:7590.75 V:3776.0
  📈 Trend: strong_bearish (raw: moderate_bearish) | 🌍 Regime: trending_bearish
  🗺️  Grid: 0.080% | 🔺 7593.00 🔻 7589.75
  📡 RSI: 64.8 | MACD: -1.78 | ATR: 3.93
  📊 Filled: 1 | Pending: 0
  📍 SHORT @ 7590.50 | SL: 7598.50 | TP: 7578.25 | P&L: $-125.00 | +7.5 to trail
  💰 Daily P&L: $+0.00

[2026-06-03 09:06] O:7590.75 H:7592.50 L:7588.25 C:7590.75 V:3284.0
  📈 Trend: moderate_bearish | 🌍 Regime: trending_bearish
  🗺️  Grid: 0.080% | 🔺 7591.00 🔻 7589.25
  📡 RSI: 56.8 | MACD: -1.57 | ATR: 3.84
  📊 Filled: 1 | Pending: 0
  📍 SHORT @ 7590.50 | SL: 7598.50 | TP: 7578.25 | P&L: $-125.00 | +6.2 to trail
  💰 Daily P&L: $+0.00

[2026-06-03 09:07] O:7590.75 H:7591.50 L:7588.25 C:7589.00 V:3190.0
  📈 Trend: moderate_bearish | 🌍 Regime: trending_bearish
  🗺️  Grid: 0.080% | 🔺 7592.50 🔻 7588.25
  📡 RSI: 48.9 | MACD: -1.53 | ATR: 3.80
  📊 Filled: 1 | Pending: 0
  📍 SHORT @ 7590.50 | SL: 7598.50 | TP: 7578.25 | P&L: $+750.00 | +5.2 to trail
  💰 Daily P&L: $+0.00

[2026-06-03 09:08] O:7589.00 H:7590.25 L:7588.25 C:7590.25 V:2028.0
  📈 Trend: moderate_bearish | 🌍 Regime: trending_bearish
  🗺️  Grid: 0.080% | 🔺 7591.50 🔻 7588.25
  📡 RSI: 64.0 | MACD: -1.38 | ATR: 3.59
  📊 Filled: 1 | Pending: 0
  📍 SHORT @ 7590.50 | SL: 7598.50 | TP: 7578.25 | P&L: $+125.00 | +5.2 to trail
  💰 Daily P&L: $+0.00

[2026-06-03 09:09] O:7590.25 H:7592.25 L:7588.75 C:7591.50 V:2469.0
  📈 Trend: moderate_bearish | 🌍 Regime: trending_bearish
  🗺️  Grid: 0.080% | 🔺 7590.25 🔻 7588.25
  📡 RSI: 62.0 | MACD: -1.15 | ATR: 3.48
  📊 Filled: 1 | Pending: 0
  📍 SHORT @ 7590.50 | SL: 7598.50 | TP: 7578.25 | P&L: $-500.00 | +5.2 to trail
  💰 Daily P&L: $+0.00

[2026-06-03 09:10] O:7591.25 H:7594.00 L:7591.25 C:7593.75 V:2908.0
  📈 Trend: moderate_bearish | 🌍 Regime: trending_bearish
  🗺️  Grid: 0.080% | 🔺 7592.25 🔻 7588.75
  📡 RSI: 68.8 | MACD: -0.77 | ATR: 3.50
  📊 Filled: 1 | Pending: 0
  📍 SHORT @ 7590.50 | SL: 7598.50 | TP: 7578.25 | P&L: $-1,625.00 | +5.2 to trail
  💰 Daily P&L: $+0.00

[2026-06-03 09:11] O:7594.00 H:7595.00 L:7593.50 C:7594.25 V:3061.0
  📈 Trend: moderate_bearish | 🌍 Regime: trending_bearish
  🗺️  Grid: 0.080% | 🔺 7594.00 🔻 7591.25
  📡 RSI: 70.5 | MACD: -0.43 | ATR: 3.43
  📊 Filled: 1 | Pending: 0
  📍 SHORT @ 7590.50 | SL: 7598.50 | TP: 7578.25 | P&L: $-1,875.00 | +5.2 to trail
  💰 Daily P&L: $+0.00

[2026-06-03 09:12] O:7594.00 H:7596.00 L:7593.75 C:7595.50 V:3273.0
  📈 Trend: moderate_bearish | 🌍 Regime: trending_bearish
  🗺️  Grid: 0.080% | 🔺 7595.00 🔻 7593.50
  📡 RSI: 71.2 | MACD: -0.05 | ATR: 3.36
  📊 Filled: 1 | Pending: 0
  📍 SHORT @ 7590.50 | SL: 7598.50 | TP: 7578.25 | P&L: $-2,500.00 | +5.2 to trail
  💰 Daily P&L: $+0.00

[2026-06-03 09:13] O:7595.50 H:7596.50 L:7594.50 C:7594.75 V:2505.0
  📈 Trend: moderate_bearish (raw: moderate_bullish) | 🌍 Regime: trending_bullish
  🗺️  Grid: 0.080% | 🔺 7596.00 🔻 7593.75
  📡 RSI: 71.2 | MACD: 0.18 | ATR: 3.23
  📊 Filled: 1 | Pending: 0
  📍 SHORT @ 7590.50 | SL: 7598.50 | TP: 7578.25 | P&L: $-2,125.00 | +5.2 to trail
  💰 Daily P&L: $+0.00

[2026-06-03 09:14] O:7594.75 H:7596.25 L:7594.25 C:7596.25 V:2343.0
  📈 Trend: moderate_bullish | 🌍 Regime: trending_bullish
  🗺️  Grid: 0.080% | 🔺 7596.50 🔻 7594.50
  📡 RSI: 61.0 | MACD: 0.48 | ATR: 2.75
  📊 Filled: 1 | Pending: 0
  📍 SHORT @ 7590.50 | SL: 7598.50 | TP: 7578.25 | P&L: $-2,875.00 | +5.2 to trail
  💰 Daily P&L: $+0.00

[2026-06-03 09:15] O:7596.00 H:7597.00 L:7593.50 C:7594.75 V:3735.0
  📈 Trend: moderate_bullish | 🌍 Regime: trending_bullish
  🗺️  Grid: 0.080% | 🔺 7596.25 🔻 7594.25
  📡 RSI: 63.2 | MACD: 0.59 | ATR: 2.80
  📊 Filled: 1 | Pending: 0
  📍 SHORT @ 7590.50 | SL: 7598.50 | TP: 7578.25 | P&L: $-2,125.00 | +5.2 to trail
  💰 Daily P&L: $+0.00

[2026-06-03 09:16] O:7594.75 H:7597.00 L:7594.50 C:7595.25 V:3169.0
  📈 Trend: moderate_bullish | 🌍 Regime: trending_bullish
  🗺️  Grid: 0.080% | 🔺 7597.00 🔻 7593.50
  📡 RSI: 62.5 | MACD: 0.71 | ATR: 2.64
  📊 Filled: 1 | Pending: 0
  📍 SHORT @ 7590.50 | SL: 7598.50 | TP: 7578.25 | P&L: $-2,375.00 | +5.2 to trail
  💰 Daily P&L: $+0.00

[2026-06-03 09:17] O:7595.25 H:7595.25 L:7592.50 C:7595.00 V:2596.0
  📈 Trend: moderate_bullish | 🌍 Regime: trending_bullish
  🗺️  Grid: 0.080% | 🔺 7597.00 🔻 7594.50
  📡 RSI: 62.5 | MACD: 0.78 | ATR: 2.66
  📊 Filled: 1 | Pending: 0
  📍 SHORT @ 7590.50 | SL: 7598.50 | TP: 7578.25 | P&L: $-2,250.00 | +5.2 to trail
  💰 Daily P&L: $+0.00

[2026-06-03 09:18] O:7594.75 H:7595.50 L:7592.75 C:7593.50 V:3554.0
  📈 Trend: moderate_bullish | 🌍 Regime: trending_bullish
  🗺️  Grid: 0.080% | 🔺 7595.25 🔻 7592.50
  📡 RSI: 60.3 | MACD: 0.70 | ATR: 2.62
  📊 Filled: 1 | Pending: 0
  📍 SHORT @ 7590.50 | SL: 7598.50 | TP: 7578.25 | P&L: $-1,500.00 | +5.2 to trail
  💰 Daily P&L: $+0.00

[2026-06-03 09:19] O:7593.25 H:7594.00 L:7587.50 C:7589.25 V:7293.0
  📈 Trend: moderate_bullish (raw: strong_bearish) | 🌍 Regime: trending_bearish
  🗺️  Grid: 0.080% | 🔺 7595.50 🔻 7592.75
  📡 RSI: 45.9 | MACD: 0.29 | ATR: 2.96
  📊 Filled: 1 | Pending: 0
  📍 SHORT @ 7590.50 | SL: 7598.50 | TP: 7578.25 | P&L: $+625.00 | +5.2 to trail
  💰 Daily P&L: $+0.00

[2026-06-03 09:20] O:7589.25 H:7592.25 L:7586.50 C:7591.50 V:5168.0
  📈 Trend: moderate_bullish (raw: moderate_bearish) | 🌍 Regime: ranging
  🗺️  Grid: 0.080% | 🔺 7594.00 🔻 7587.50
  📡 RSI: 51.8 | MACD: 0.15 | ATR: 3.07
  📊 Filled: 1 | Pending: 0
  📍 SHORT @ 7590.50 | SL: 7598.50 | TP: 7578.25 | P&L: $-500.00 | +4.5 to trail
  💰 Daily P&L: $+0.00

[2026-06-03 09:21] O:7591.50 H:7591.50 L:7588.75 C:7589.50 V:2394.0
  📈 Trend: moderate_bullish (raw: strong_bearish) | 🌍 Regime: ranging
  🗺️  Grid: 0.080% | 🔺 7592.25 🔻 7586.50
  📡 RSI: 51.2 | MACD: -0.12 | ATR: 3.04
  📊 Filled: 1 | Pending: 0
  📍 SHORT @ 7590.50 | SL: 7598.50 | TP: 7578.25 | P&L: $+500.00 | +3.5 to trail
  💰 Daily P&L: $+0.00

[2026-06-03 09:22] O:7589.25 H:7593.25 L:7588.75 C:7592.50 V:2396.0
  📈 Trend: strong_bearish | 🌍 Regime: ranging
  🗺️  Grid: 0.080% | 🔺 7591.50 🔻 7588.75
  📡 RSI: 54.9 | MACD: -0.10 | ATR: 3.21
  📊 Filled: 1 | Pending: 0
  📍 SHORT @ 7590.50 | SL: 7598.50 | TP: 7578.25 | P&L: $-1,000.00 | +3.5 to trail
  💰 Daily P&L: $+0.00

[2026-06-03 09:23] O:7592.25 H:7592.50 L:7588.25 C:7589.25 V:2374.0
  📈 Trend: strong_bearish | 🌍 Regime: ranging
  🗺️  Grid: 0.080% | 🔺 7593.25 🔻 7588.75
  📡 RSI: 45.5 | MACD: -0.34 | ATR: 3.27
  📊 Filled: 1 | Pending: 0
  📍 SHORT @ 7590.50 | SL: 7598.50 | TP: 7578.25 | P&L: $+625.00 | +3.5 to trail
  💰 Daily P&L: $+0.00

[2026-06-03 09:24] O:7589.25 H:7591.75 L:7589.25 C:7590.25 V:1844.0
  📈 Trend: strong_bearish | 🌍 Regime: ranging
  🗺️  Grid: 0.080% | 🔺 7592.50 🔻 7588.25
  📡 RSI: 42.6 | MACD: -0.44 | ATR: 3.25
  📊 Filled: 1 | Pending: 0
  📍 SHORT @ 7590.50 | SL: 7598.50 | TP: 7578.25 | P&L: $+125.00 | +3.5 to trail
  💰 Daily P&L: $+0.00

[2026-06-03 09:25] O:7590.00 H:7591.75 L:7590.00 C:7591.50 V:1638.0
  📈 Trend: strong_bearish (raw: moderate_bullish) | 🌍 Regime: ranging
  🗺️  Grid: 0.080% | 🔺 7591.75 🔻 7589.25
  📡 RSI: 44.3 | MACD: -0.41 | ATR: 3.27
  📊 Filled: 1 | Pending: 0
  📍 SHORT @ 7590.50 | SL: 7598.50 | TP: 7578.25 | P&L: $-500.00 | +3.5 to trail
  💰 Daily P&L: $+0.00

[2026-06-03 09:26] O:7591.25 H:7593.75 L:7591.25 C:7591.50 V:2548.0
  📈 Trend: moderate_bullish | 🌍 Regime: ranging
  🗺️  Grid: 0.080% | 🔺 7591.75 🔻 7590.00
  📡 RSI: 41.3 | MACD: -0.39 | ATR: 3.29
  📊 Filled: 1 | Pending: 0
  📍 SHORT @ 7590.50 | SL: 7598.50 | TP: 7578.25 | P&L: $-500.00 | +3.5 to trail
  💰 Daily P&L: $+0.00

[2026-06-03 09:27] O:7591.25 H:7591.50 L:7590.25 C:7591.00 V:2044.0
  📈 Trend: moderate_bullish | 🌍 Regime: ranging
  🗺️  Grid: 0.080% | 🔺 7593.75 🔻 7591.25
  📡 RSI: 41.8 | MACD: -0.41 | ATR: 3.23
  📊 Filled: 1 | Pending: 0
  📍 SHORT @ 7590.50 | SL: 7598.50 | TP: 7578.25 | P&L: $-250.00 | +3.5 to trail
  💰 Daily P&L: $+0.00

[2026-06-03 09:28] O:7591.00 H:7591.75 L:7590.75 C:7591.25 V:1477.0
  📈 Trend: moderate_bullish (raw: strong_bearish) | 🌍 Regime: ranging
  🗺️  Grid: 0.080% | 🔺 7591.50 🔻 7590.25
  📡 RSI: 38.4 | MACD: -0.39 | ATR: 3.16
  📊 Filled: 1 | Pending: 0
  📍 SHORT @ 7590.50 | SL: 7598.50 | TP: 7578.25 | P&L: $-375.00 | +3.5 to trail
  💰 Daily P&L: $+0.00

[2026-06-03 09:29] O:7591.00 H:7595.25 L:7591.00 C:7595.00 V:2173.0
  📈 Trend: moderate_bullish | 🌍 Regime: ranging
  🗺️  Grid: 0.080% | 🔺 7591.75 🔻 7590.75
  📡 RSI: 50.5 | MACD: -0.08 | ATR: 3.21
  📊 Filled: 1 | Pending: 0
  📍 SHORT @ 7590.50 | SL: 7598.50 | TP: 7578.25 | P&L: $-2,250.00 | +3.5 to trail
  💰 Daily P&L: $+0.00

[2026-06-03 09:30] O:7594.75 H:7596.00 L:7593.50 C:7595.00 V:3456.0
  📈 Trend: moderate_bullish (raw: strong_bullish) | 🌍 Regime: ranging
  🗺️  Grid: 0.080% | 🔺 7595.25 🔻 7591.00
  📡 RSI: 49.5 | MACD: 0.16 | ATR: 3.21
  📊 Filled: 1 | Pending: 0
  📍 SHORT @ 7590.50 | SL: 7598.50 | TP: 7578.25 | P&L: $-2,250.00 | +3.5 to trail
  💰 Daily P&L: $+0.00

[2026-06-03 09:31] O:7595.00 H:7597.00 L:7594.75 C:7595.50 V:3499.0
  📈 Trend: moderate_bullish | 🌍 Regime: ranging
  🗺️  Grid: 0.080% | 🔺 7596.00 🔻 7593.50
  📡 RSI: 51.1 | MACD: 0.39 | ATR: 3.18
  📊 Filled: 1 | Pending: 0
  📍 SHORT @ 7590.50 | SL: 7598.50 | TP: 7578.25 | P&L: $-2,500.00 | +3.5 to trail
  💰 Daily P&L: $+0.00

[2026-06-03 09:32] O:7595.50 H:7596.00 L:7593.75 C:7595.00 V:1962.0
  📈 Trend: moderate_bullish (raw: strong_bullish) | 🌍 Regime: ranging
  🗺️  Grid: 0.080% | 🔺 7597.00 🔻 7594.75
  📡 RSI: 53.3 | MACD: 0.53 | ATR: 3.14
  📊 Filled: 1 | Pending: 0
  📍 SHORT @ 7590.50 | SL: 7598.50 | TP: 7578.25 | P&L: $-2,250.00 | +3.5 to trail
  💰 Daily P&L: $+0.00

[2026-06-03 09:33] O:7594.75 H:7595.25 L:7594.25 C:7594.75 V:1431.0
  📈 Trend: moderate_bullish | 🌍 Regime: ranging
  🗺️  Grid: 0.080% | 🔺 7596.00 🔻 7593.75
  📡 RSI: 64.9 | MACD: 0.61 | ATR: 2.75
  📊 Filled: 1 | Pending: 0
  📍 SHORT @ 7590.50 | SL: 7598.50 | TP: 7578.25 | P&L: $-2,125.00 | +3.5 to trail
  💰 Daily P&L: $+0.00

[2026-06-03 09:34] O:7594.75 H:7595.00 L:7592.00 C:7593.00 V:2339.0
  📈 Trend: moderate_bullish | 🌍 Regime: ranging
  🗺️  Grid: 0.080% | 🔺 7595.25 🔻 7594.25
  📡 RSI: 54.2 | MACD: 0.53 | ATR: 2.55
  📊 Filled: 1 | Pending: 0
  📍 SHORT @ 7590.50 | SL: 7598.50 | TP: 7578.25 | P&L: $-1,250.00 | +3.5 to trail
  💰 Daily P&L: $+0.00

[2026-06-03 09:35] O:7593.00 H:7593.75 L:7592.00 C:7592.25 V:1683.0
  📈 Trend: moderate_bullish | 🌍 Regime: ranging
  🗺️  Grid: 0.080% | 🔺 7595.00 🔻 7592.00
  📡 RSI: 58.2 | MACD: 0.40 | ATR: 2.48
  📊 Filled: 1 | Pending: 0
  📍 SHORT @ 7590.50 | SL: 7598.50 | TP: 7578.25 | P&L: $-875.00 | +3.5 to trail
  💰 Daily P&L: $+0.00

[2026-06-03 09:36] O:7592.25 H:7593.00 L:7590.75 C:7591.50 V:2002.0
  📈 Trend: moderate_bullish (raw: moderate_bearish) | 🌍 Regime: ranging
  🗺️  Grid: 0.080% | 🔺 7593.75 🔻 7592.00
  📡 RSI: 46.6 | MACD: 0.23 | ATR: 2.32
  📊 Filled: 1 | Pending: 0
  📍 SHORT @ 7590.50 | SL: 7598.50 | TP: 7578.25 | P&L: $-500.00 | +3.5 to trail
  💰 Daily P&L: $+0.00

[2026-06-03 09:37] O:7591.75 H:7596.25 L:7591.00 C:7596.25 V:2594.0
  📈 Trend: moderate_bullish (raw: strong_bullish) | 🌍 Regime: ranging
  🗺️  Grid: 0.080% | 🔺 7593.00 🔻 7590.75
  📡 RSI: 71.9 | MACD: 0.48 | ATR: 2.39
  📊 Filled: 1 | Pending: 0
  📍 SHORT @ 7590.50 | SL: 7598.50 | TP: 7578.25 | P&L: $-2,875.00 | +3.5 to trail
  💰 Daily P&L: $+0.00

[2026-06-03 09:38] O:7596.25 H:7597.25 L:7595.00 C:7596.25 V:2542.0
  📈 Trend: strong_bullish | 🌍 Regime: ranging
  🗺️  Grid: 0.080% | 🔺 7596.25 🔻 7591.00
  📡 RSI: 70.0 | MACD: 0.66 | ATR: 2.38
  📊 Filled: 1 | Pending: 0
  📍 SHORT @ 7590.50 | SL: 7598.50 | TP: 7578.25 | P&L: $-2,875.00 | +3.5 to trail
  💰 Daily P&L: $+0.00

[2026-06-03 09:39] O:7596.25 H:7597.00 L:7594.50 C:7596.25 V:1721.0
  📈 Trend: strong_bullish | 🌍 Regime: ranging
  🗺️  Grid: 0.080% | 🔺 7597.25 🔻 7595.00
  📡 RSI: 67.3 | MACD: 0.80 | ATR: 2.43
  📊 Filled: 1 | Pending: 0
  📍 SHORT @ 7590.50 | SL: 7598.50 | TP: 7578.25 | P&L: $-2,875.00 | +3.5 to trail
  💰 Daily P&L: $+0.00

[2026-06-03 09:40] O:7596.25 H:7596.50 L:7593.75 C:7594.25 V:1939.0
  📈 Trend: strong_bullish | 🌍 Regime: ranging
  🗺️  Grid: 0.080% | 🔺 7597.00 🔻 7594.50
  📡 RSI: 58.7 | MACD: 0.74 | ATR: 2.45
  📊 Filled: 1 | Pending: 0
  📍 SHORT @ 7590.50 | SL: 7598.50 | TP: 7578.25 | P&L: $-1,875.00 | +3.5 to trail
  💰 Daily P&L: $+0.00

[2026-06-03 09:41] O:7594.25 H:7595.50 L:7594.00 C:7594.50 V:1215.0
  📈 Trend: strong_bullish | 🌍 Regime: ranging
  🗺️  Grid: 0.080% | 🔺 7596.50 🔻 7593.75
  📡 RSI: 61.3 | MACD: 0.71 | ATR: 2.46
  📊 Filled: 1 | Pending: 0
  📍 SHORT @ 7590.50 | SL: 7598.50 | TP: 7578.25 | P&L: $-2,000.00 | +3.5 to trail
  💰 Daily P&L: $+0.00

[2026-06-03 09:42] O:7594.50 H:7594.75 L:7592.75 C:7593.25 V:1305.0
  📈 Trend: strong_bullish | 🌍 Regime: ranging
  🗺️  Grid: 0.080% | 🔺 7595.50 🔻 7594.00
  📡 RSI: 56.1 | MACD: 0.57 | ATR: 2.54
  📊 Filled: 1 | Pending: 0
  📍 SHORT @ 7590.50 | SL: 7598.50 | TP: 7578.25 | P&L: $-1,375.00 | +3.5 to trail
  💰 Daily P&L: $+0.00

[2026-06-03 09:43] O:7593.50 H:7596.00 L:7593.50 C:7594.75 V:1613.0
  📈 Trend: strong_bullish | 🌍 Regime: ranging
  🗺️  Grid: 0.080% | 🔺 7594.75 🔻 7592.75
  📡 RSI: 49.1 | MACD: 0.58 | ATR: 2.43
  📊 Filled: 1 | Pending: 0
  📍 SHORT @ 7590.50 | SL: 7598.50 | TP: 7578.25 | P&L: $-2,125.00 | +3.5 to trail
  💰 Daily P&L: $+0.00

[2026-06-03 09:44] O:7595.00 H:7595.00 L:7591.50 C:7591.50 V:1814.0
  📈 Trend: strong_bullish (raw: moderate_bearish) | 🌍 Regime: ranging
  🗺️  Grid: 0.080% | 🔺 7596.00 🔻 7593.50
  📡 RSI: 40.0 | MACD: 0.32 | ATR: 2.50
  📊 Filled: 1 | Pending: 0
  📍 SHORT @ 7590.50 | SL: 7598.50 | TP: 7578.25 | P&L: $-500.00 | +3.5 to trail
  💰 Daily P&L: $+0.00

[2026-06-03 09:45] O:7591.50 H:7592.25 L:7589.75 C:7590.25 V:2720.0
  📈 Trend: moderate_bearish | 🌍 Regime: ranging
  🗺️  Grid: 0.080% | 🔺 7595.00 🔻 7591.50
  📡 RSI: 35.6 | MACD: 0.01 | ATR: 2.52
  📊 Filled: 1 | Pending: 0
  📍 SHORT @ 7590.50 | SL: 7598.50 | TP: 7578.25 | P&L: $+125.00 | +3.5 to trail
  💰 Daily P&L: $+0.00

[2026-06-03 09:46] O:7590.25 H:7592.25 L:7590.00 C:7591.25 V:1827.0
  📈 Trend: moderate_bearish (raw: moderate_bullish) | 🌍 Regime: ranging
  🗺️  Grid: 0.080% | 🔺 7592.25 🔻 7589.75
  📡 RSI: 40.0 | MACD: -0.15 | ATR: 2.52
  📊 Filled: 1 | Pending: 0
  📍 SHORT @ 7590.50 | SL: 7598.50 | TP: 7578.25 | P&L: $-375.00 | +3.5 to trail
  💰 Daily P&L: $+0.00

[2026-06-03 09:47] O:7591.50 H:7592.00 L:7589.00 C:7590.25 V:2140.0
  📈 Trend: moderate_bearish (raw: strong_bearish) | 🌍 Regime: ranging
  🗺️  Grid: 0.080% | 🔺 7592.25 🔻 7590.00
  📡 RSI: 38.5 | MACD: -0.36 | ATR: 2.66
  📊 Filled: 1 | Pending: 0
  📍 SHORT @ 7590.50 | SL: 7598.50 | TP: 7578.25 | P&L: $+125.00 | +3.5 to trail
  💰 Daily P&L: $+0.00

[2026-06-03 09:48] O:7590.25 H:7591.00 L:7587.50 C:7587.75 V:3564.0
  📈 Trend: strong_bearish | 🌍 Regime: ranging
  🗺️  Grid: 0.080% | 🔺 7592.00 🔻 7589.00
  📡 RSI: 37.0 | MACD: -0.71 | ATR: 2.70
  📊 Filled: 1 | Pending: 0
  📍 SHORT @ 7590.50 | SL: 7598.50 | TP: 7578.25 | P&L: $+1,375.00 | +3.5 to trail
  💰 Daily P&L: $+0.00

[2026-06-03 09:49] O:7587.75 H:7589.25 L:7586.25 C:7587.25 V:3608.0
  📈 Trend: strong_bearish | 🌍 Regime: ranging
  🗺️  Grid: 0.080% | 🔺 7591.00 🔻 7587.50
  📡 RSI: 37.5 | MACD: -1.02 | ATR: 2.79
  📊 Filled: 1 | Pending: 0
  📍 SHORT @ 7590.50 | SL: 7598.50 | TP: 7578.25 | P&L: $+1,625.00 | +3.5 to trail
  💰 Daily P&L: $+0.00

[2026-06-03 09:50] O:7587.25 H:7587.50 L:7583.75 C:7585.00 V:3414.0
  📈 Trend: strong_bearish | 🌍 Regime: ranging
  🗺️  Grid: 0.080% | 🔺 7589.25 🔻 7586.25
  📡 RSI: 34.9 | MACD: -1.43 | ATR: 2.89
  📊 Filled: 1 | Pending: 0
  📍 SHORT @ 7590.50 | SL: 7598.50 | TP: 7578.25 | P&L: $+2,750.00 | +3.2 to trail
  💰 Daily P&L: $+0.00

[2026-06-03 09:51] O:7585.00 H:7590.00 L:7585.00 C:7589.75 V:3803.0
  📈 Trend: strong_bearish | 🌍 Regime: ranging
  🗺️  Grid: 0.080% | 🔺 7587.50 🔻 7583.75
  📡 RSI: 34.9 | MACD: -1.36 | ATR: 2.88
  📊 Filled: 1 | Pending: 0
  📍 SHORT @ 7590.50 | SL: 7598.50 | TP: 7578.25 | P&L: $+375.00 | +0.8 to trail
  💰 Daily P&L: $+0.00

[2026-06-03 09:52] O:7589.75 H:7590.25 L:7587.50 C:7588.00 V:1990.0
  📈 Trend: strong_bearish | 🌍 Regime: ranging
  🗺️  Grid: 0.080% | 🔺 7590.00 🔻 7585.00
  📡 RSI: 32.3 | MACD: -1.43 | ATR: 2.91
  📊 Filled: 1 | Pending: 0
  📍 SHORT @ 7590.50 | SL: 7598.50 | TP: 7578.25 | P&L: $+1,250.00 | +0.8 to trail
  💰 Daily P&L: $+0.00

[2026-06-03 09:53] O:7588.00 H:7591.50 L:7587.25 C:7590.75 V:2267.0
  📈 Trend: strong_bearish | 🌍 Regime: ranging
  🗺️  Grid: 0.080% | 🔺 7590.25 🔻 7587.50
  📡 RSI: 39.4 | MACD: -1.24 | ATR: 3.04
  📊 Filled: 1 | Pending: 0
  📍 SHORT @ 7590.50 | SL: 7598.50 | TP: 7578.25 | P&L: $-125.00 | +0.8 to trail
  💰 Daily P&L: $+0.00

[2026-06-03 09:54] O:7590.75 H:7591.50 L:7589.00 C:7589.75 V:1652.0
  📈 Trend: strong_bearish | 🌍 Regime: ranging
  🗺️  Grid: 0.080% | 🔺 7591.50 🔻 7587.25
  📡 RSI: 41.0 | MACD: -1.16 | ATR: 3.02
  📊 Filled: 1 | Pending: 0
  📍 SHORT @ 7590.50 | SL: 7598.50 | TP: 7578.25 | P&L: $+375.00 | +0.8 to trail
  💰 Daily P&L: $+0.00

[2026-06-03 09:55] O:7589.75 H:7590.25 L:7589.00 C:7589.25 V:1253.0
  📈 Trend: strong_bearish | 🌍 Regime: ranging
  🗺️  Grid: 0.080% | 🔺 7591.50 🔻 7589.00
  📡 RSI: 39.6 | MACD: -1.13 | ATR: 3.00
  📊 Filled: 1 | Pending: 0
  📍 SHORT @ 7590.50 | SL: 7598.50 | TP: 7578.25 | P&L: $+625.00 | +0.8 to trail
  💰 Daily P&L: $+0.00

[2026-06-03 09:56] O:7589.25 H:7590.00 L:7587.75 C:7587.75 V:1315.0
  📈 Trend: strong_bearish | 🌍 Regime: ranging
  🗺️  Grid: 0.080% | 🔺 7590.25 🔻 7589.00
  📡 RSI: 39.2 | MACD: -1.21 | ATR: 3.02
  📊 Filled: 1 | Pending: 0
  📍 SHORT @ 7590.50 | SL: 7598.50 | TP: 7578.25 | P&L: $+1,375.00 | +0.8 to trail
  💰 Daily P&L: $+0.00

[2026-06-03 09:57] O:7588.00 H:7588.50 L:7586.75 C:7587.25 V:1457.0
  📈 Trend: strong_bearish | 🌍 Regime: trending_bearish
  🗺️  Grid: 0.080% | 🔺 7590.00 🔻 7587.75
  📡 RSI: 34.7 | MACD: -1.30 | ATR: 2.95
  📊 Filled: 1 | Pending: 0
  📍 SHORT @ 7590.50 | SL: 7598.50 | TP: 7578.25 | P&L: $+1,625.00 | +0.8 to trail
  💰 Daily P&L: $+0.00

[2026-06-03 09:58] O:7587.25 H:7588.00 L:7586.75 C:7587.25 V:1451.0
  📈 Trend: strong_bearish | 🌍 Regime: trending_bearish
  🗺️  Grid: 0.080% | 🔺 7588.50 🔻 7586.75
  📡 RSI: 40.0 | MACD: -1.35 | ATR: 2.79
  📊 Filled: 1 | Pending: 0
  📍 SHORT @ 7590.50 | SL: 7598.50 | TP: 7578.25 | P&L: $+1,625.00 | +0.8 to trail
  💰 Daily P&L: $+0.00

[2026-06-03 09:59] O:7587.25 H:7589.00 L:7586.50 C:7588.75 V:1442.0
  📈 Trend: strong_bearish | 🌍 Regime: trending_bearish
  🗺️  Grid: 0.080% | 🔺 7588.00 🔻 7586.75
  📡 RSI: 46.5 | MACD: -1.26 | ATR: 2.79
  📊 Filled: 1 | Pending: 0
  📍 SHORT @ 7590.50 | SL: 7598.50 | TP: 7578.25 | P&L: $+875.00 | +0.8 to trail
  💰 Daily P&L: $+0.00

[2026-06-03 10:00] O:7589.00 H:7591.75 L:7588.50 C:7589.50 V:2635.0
  📈 Trend: strong_bearish | 🌍 Regime: trending_bearish
  🗺️  Grid: 0.080% | 🔺 7589.00 🔻 7586.50
  📡 RSI: 45.9 | MACD: -1.11 | ATR: 2.86
  📊 Filled: 1 | Pending: 0
  📍 SHORT @ 7590.50 | SL: 7598.50 | TP: 7578.25 | P&L: $+500.00 | +0.8 to trail
  💰 Daily P&L: $+0.00

[2026-06-03 10:01] O:7589.25 H:7591.75 L:7589.25 C:7591.25 V:1401.0
  📈 Trend: strong_bearish | 🌍 Regime: trending_bearish
  🗺️  Grid: 0.080% | 🔺 7591.75 🔻 7588.50
  📡 RSI: 52.3 | MACD: -0.85 | ATR: 2.82
  📊 Filled: 1 | Pending: 0
  📍 SHORT @ 7590.50 | SL: 7598.50 | TP: 7578.25 | P&L: $-375.00 | +0.8 to trail
  💰 Daily P&L: $+0.00

[2026-06-03 10:02] O:7591.00 H:7591.25 L:7589.25 C:7590.50 V:1383.0
  📈 Trend: strong_bearish | 🌍 Regime: trending_bearish
  🗺️  Grid: 0.080% | 🔺 7591.75 🔻 7589.25
  📡 RSI: 56.8 | MACD: -0.69 | ATR: 2.71
  📊 Filled: 1 | Pending: 0
  📍 SHORT @ 7590.50 | SL: 7598.50 | TP: 7578.25 | P&L: $+0.00 | +0.8 to trail
  💰 Daily P&L: $+0.00

[2026-06-03 10:03] O:7590.50 H:7592.25 L:7589.75 C:7592.25 V:1301.0
  📈 Trend: strong_bearish (raw: moderate_bearish) | 🌍 Regime: ranging
  🗺️  Grid: 0.080% | 🔺 7591.25 🔻 7589.25
  📡 RSI: 61.6 | MACD: -0.42 | ATR: 2.68
  📊 Filled: 1 | Pending: 0
  📍 SHORT @ 7590.50 | SL: 7598.50 | TP: 7578.25 | P&L: $-875.00 | +0.8 to trail
  💰 Daily P&L: $+0.00

[2026-06-03 10:04] O:7592.00 H:7592.25 L:7590.00 C:7590.00 V:1560.0
  📈 Trend: strong_bearish | 🌍 Regime: ranging
  🗺️  Grid: 0.080% | 🔺 7592.25 🔻 7589.75
  📡 RSI: 61.6 | MACD: -0.38 | ATR: 2.57
  📊 Filled: 1 | Pending: 0
  📍 SHORT @ 7590.50 | SL: 7598.50 | TP: 7578.25 | P&L: $+250.00 | +0.8 to trail
  💰 Daily P&L: $+0.00

[2026-06-03 10:05] O:7590.00 H:7590.25 L:7587.00 C:7587.00 V:2240.0
  📈 Trend: strong_bearish | 🌍 Regime: trending_bearish
  🗺️  Grid: 0.080% | 🔺 7592.25 🔻 7590.00
  📡 RSI: 43.0 | MACD: -0.58 | ATR: 2.45
  📊 Filled: 1 | Pending: 0
  📍 SHORT @ 7590.50 | SL: 7598.50 | TP: 7578.25 | P&L: $+1,750.00 | +0.8 to trail
  💰 Daily P&L: $+0.00

[2026-06-03 10:06] O:7587.00 H:7588.50 L:7586.75 C:7587.00 V:1480.0
  📈 Trend: strong_bearish | 🌍 Regime: trending_bearish
  🗺️  Grid: 0.080% | 🔺 7590.25 🔻 7587.00
  📡 RSI: 47.2 | MACD: -0.74 | ATR: 2.38
  📊 Filled: 1 | Pending: 0
  📍 SHORT @ 7590.50 | SL: 7598.50 | TP: 7578.25 | P&L: $+1,750.00 | +0.8 to trail
  💰 Daily P&L: $+0.00

[2026-06-03 10:07] O:7587.00 H:7587.50 L:7585.50 C:7586.00 V:2111.0
  📈 Trend: strong_bearish | 🌍 Regime: trending_bearish
  🗺️  Grid: 0.080% | 🔺 7588.50 🔻 7586.75
  📡 RSI: 35.4 | MACD: -0.93 | ATR: 2.21
  📊 Filled: 1 | Pending: 0
  📍 SHORT @ 7590.50 | SL: 7598.50 | TP: 7578.25 | P&L: $+2,250.00 | +0.8 to trail
  💰 Daily P&L: $+0.00

[2026-06-03 10:08] O:7586.00 H:7589.75 L:7586.00 C:7589.25 V:1655.0
  📈 Trend: strong_bearish | 🌍 Regime: trending_bearish
  🗺️  Grid: 0.080% | 🔺 7587.50 🔻 7585.50
  📡 RSI: 48.6 | MACD: -0.81 | ATR: 2.30
  📊 Filled: 1 | Pending: 0
  📍 SHORT @ 7590.50 | SL: 7598.50 | TP: 7578.25 | P&L: $+625.00 | +0.8 to trail
  💰 Daily P&L: $+0.00

[2026-06-03 10:09] O:7589.25 H:7589.50 L:7588.50 C:7588.75 V:1426.0
  📈 Trend: strong_bearish (raw: moderate_bearish) | 🌍 Regime: trending_bearish
  🗺️  Grid: 0.080% | 🔺 7589.75 🔻 7586.00
  📡 RSI: 48.6 | MACD: -0.75 | ATR: 2.29
  📊 Filled: 1 | Pending: 0
  📍 SHORT @ 7590.50 | SL: 7598.50 | TP: 7578.25 | P&L: $+875.00 | +0.8 to trail
  💰 Daily P&L: $+0.00

[2026-06-03 10:10] O:7588.75 H:7591.75 L:7588.00 C:7591.75 V:1613.0
  📈 Trend: moderate_bearish | 🌍 Regime: trending_bearish
  🗺️  Grid: 0.080% | 🔺 7589.50 🔻 7588.50
  📡 RSI: 60.0 | MACD: -0.45 | ATR: 2.39
  📊 Filled: 1 | Pending: 0
  📍 SHORT @ 7590.50 | SL: 7598.50 | TP: 7578.25 | P&L: $-625.00 | +0.8 to trail
  💰 Daily P&L: $+0.00

[2026-06-03 10:11] O:7591.50 H:7591.75 L:7589.25 C:7589.25 V:1510.0
  📈 Trend: moderate_bearish | 🌍 Regime: trending_bearish
  🗺️  Grid: 0.080% | 🔺 7591.75 🔻 7588.00
  📡 RSI: 54.5 | MACD: -0.41 | ATR: 2.45
  📊 Filled: 1 | Pending: 0
  📍 SHORT @ 7590.50 | SL: 7598.50 | TP: 7578.25 | P&L: $+625.00 | +0.8 to trail
  💰 Daily P&L: $+0.00

[2026-06-03 10:12] O:7589.50 H:7590.50 L:7587.00 C:7587.25 V:1435.0
  📈 Trend: moderate_bearish (raw: strong_bearish) | 🌍 Regime: ranging
  🗺️  Grid: 0.080% | 🔺 7591.75 🔻 7589.25
  📡 RSI: 50.0 | MACD: -0.53 | ATR: 2.61
  📊 Filled: 1 | Pending: 0
  📍 SHORT @ 7590.50 | SL: 7598.50 | TP: 7578.25 | P&L: $+1,625.00 | +0.8 to trail
  💰 Daily P&L: $+0.00

[2026-06-03 10:13] O:7587.25 H:7588.00 L:7587.00 C:7587.50 V:1110.0
  📈 Trend: strong_bearish | 🌍 Regime: ranging
  🗺️  Grid: 0.080% | 🔺 7590.50 🔻 7587.00
  📡 RSI: 47.3 | MACD: -0.61 | ATR: 2.50
  📊 Filled: 1 | Pending: 0
  📍 SHORT @ 7590.50 | SL: 7598.50 | TP: 7578.25 | P&L: $+1,500.00 | +0.8 to trail
  💰 Daily P&L: $+0.00

[2026-06-03 10:14] O:7587.50 H:7588.00 L:7586.75 C:7587.25 V:901.0
  📈 Trend: strong_bearish | 🌍 Regime: ranging
  🗺️  Grid: 0.080% | 🔺 7588.00 🔻 7587.00
  📡 RSI: 44.9 | MACD: -0.68 | ATR: 2.36
  📊 Filled: 1 | Pending: 0
  📍 SHORT @ 7590.50 | SL: 7598.50 | TP: 7578.25 | P&L: $+1,625.00 | +0.8 to trail
  💰 Daily P&L: $+0.00

[2026-06-03 10:15] O:7587.25 H:7587.75 L:7585.75 C:7586.50 V:1408.0
  📈 Trend: strong_bearish | 🌍 Regime: ranging
  🗺️  Grid: 0.080% | 🔺 7588.00 🔻 7586.75
  📡 RSI: 38.8 | MACD: -0.78 | ATR: 2.32
  📊 Filled: 1 | Pending: 0
  📍 SHORT @ 7590.50 | SL: 7598.50 | TP: 7578.25 | P&L: $+2,000.00 | +0.8 to trail
  💰 Daily P&L: $+0.00

[2026-06-03 10:16] O:7586.50 H:7589.75 L:7586.50 C:7588.75 V:1829.0
  📈 Trend: strong_bearish | 🌍 Regime: ranging
  🗺️  Grid: 0.080% | 🔺 7587.75 🔻 7585.75
  📡 RSI: 46.2 | MACD: -0.68 | ATR: 2.41
  📊 Filled: 1 | Pending: 0
  📍 SHORT @ 7590.50 | SL: 7598.50 | TP: 7578.25 | P&L: $+875.00 | +0.8 to trail
  💰 Daily P&L: $+0.00

[2026-06-03 10:17] O:7588.75 H:7589.00 L:7587.25 C:7587.25 V:1222.0
  📈 Trend: strong_bearish | 🌍 Regime: ranging
  🗺️  Grid: 0.080% | 🔺 7589.75 🔻 7586.50
  📡 RSI: 38.9 | MACD: -0.71 | ATR: 2.36
  📊 Filled: 1 | Pending: 0
  📍 SHORT @ 7590.50 | SL: 7598.50 | TP: 7578.25 | P&L: $+1,625.00 | +0.8 to trail
  💰 Daily P&L: $+0.00

[2026-06-03 10:18] O:7587.50 H:7588.75 L:7587.00 C:7588.25 V:1087.0
  📈 Trend: strong_bearish | 🌍 Regime: ranging
  🗺️  Grid: 0.080% | 🔺 7589.00 🔻 7587.25
  📡 RSI: 45.9 | MACD: -0.64 | ATR: 2.32
  📊 Filled: 1 | Pending: 0
  📍 SHORT @ 7590.50 | SL: 7598.50 | TP: 7578.25 | P&L: $+1,125.00 | +0.8 to trail
  💰 Daily P&L: $+0.00

[2026-06-03 10:19] O:7588.00 H:7589.25 L:7587.50 C:7587.75 V:1170.0
  📈 Trend: strong_bearish | 🌍 Regime: ranging
  🗺️  Grid: 0.080% | 🔺 7588.75 🔻 7587.00
  📡 RSI: 52.0 | MACD: -0.62 | ATR: 2.21
  📊 Filled: 1 | Pending: 0
  📍 SHORT @ 7590.50 | SL: 7598.50 | TP: 7578.25 | P&L: $+1,375.00 | +0.8 to trail
  💰 Daily P&L: $+0.00

[2026-06-03 10:20] O:7588.00 H:7589.25 L:7587.50 C:7587.75 V:1103.0
  📈 Trend: strong_bearish | 🌍 Regime: ranging
  🗺️  Grid: 0.080% | 🔺 7589.25 🔻 7587.50
  📡 RSI: 52.0 | MACD: -0.60 | ATR: 2.21
  📊 Filled: 1 | Pending: 0
  📍 SHORT @ 7590.50 | SL: 7598.50 | TP: 7578.25 | P&L: $+1,375.00 | +0.8 to trail
  💰 Daily P&L: $+0.00

[2026-06-03 10:21] O:7587.75 H:7587.75 L:7586.00 C:7586.50 V:1558.0
  📈 Trend: strong_bearish | 🌍 Regime: ranging
  🗺️  Grid: 0.080% | 🔺 7589.25 🔻 7587.50
  📡 RSI: 51.3 | MACD: -0.68 | ATR: 2.20
  📊 Filled: 1 | Pending: 0
  📍 SHORT @ 7590.50 | SL: 7598.50 | TP: 7578.25 | P&L: $+2,000.00 | +0.8 to trail
  💰 Daily P&L: $+0.00

[2026-06-03 10:22] O:7586.75 H:7586.75 L:7582.50 C:7582.50 V:2741.0
  📈 Trend: strong_bearish | 🌍 Regime: trending_bearish
  🗺️  Grid: 0.080% | 🔺 7587.75 🔻 7586.00
  📡 RSI: 32.9 | MACD: -1.05 | ATR: 2.23
  📊 Filled: 1 | Pending: 0
  📍 SHORT @ 7590.50 | SL: 7598.50 | TP: 7578.25 | P&L: $+4,000.00 | +0.8 to trail
  ✏️ Stop order 451 modified → 7589.00 [confirmed]
  🔄 TRAILING ACTIVATED @ +8.00pts | Stop: 7598.50 → 7589.00
  💰 Daily P&L: $+0.00

[2026-06-03 10:23] O:7582.50 H:7582.50 L:7581.00 C:7582.00 V:2507.0
  📈 Trend: strong_bearish | 🌍 Regime: trending_bearish
  🗺️  Grid: 0.080% | 🔺 7586.75 🔻 7582.50
  📡 RSI: 32.9 | MACD: -1.37 | ATR: 2.27
  📊 Filled: 1 | Pending: 0
  📍 SHORT @ 7590.50 | Trail: 7589.00 | TP: 7578.25 | P&L: $+4,250.00 | 🔒 Trailing
  ✏️ Stop order 451 modified → 7582.50 [confirmed]
  📉 TRAIL UPDATE: Low 7581.00 | Stop: 7589.00 → 7582.50
  💰 Daily P&L: $+0.00
  ✅ Fill: BOT 10.0 @ 7582.5
  📋 Order 451 status: Filled

[2026-06-03 10:24] O:7582.00 H:7583.75 L:7580.50 C:7582.75 V:3231.0
  📈 Trend: strong_bearish | 🌍 Regime: trending_bearish
  🗺️  Grid: 0.080% | 🔺 7582.50 🔻 7581.00
  📡 RSI: 24.3 | MACD: -1.54 | ATR: 2.23
  📊 Filled: 1 | Pending: 0
  📍 SHORT @ 7590.50 | Trail: 7582.50 | TP: 7578.25 | P&L: $+3,875.00 | 🔒 Trailing
  📋 Order 452 status: PendingCancel
  📋 Order 452 status: Cancelled
  ✅ EXIT SHORT @ 7582.50 | Trailing Stop
     P&L: +8.00 pts ($+4,000.00) | Daily: $+4,000.00
  ⏸️ Cooldown: 2 bar(s) remaining after exit
  💰 Daily P&L: $+4,000.00

[2026-06-03 10:25] O:7582.50 H:7582.50 L:7580.50 C:7581.00 V:2137.0
  📈 Trend: strong_bearish | 🌍 Regime: trending_bearish
  🗺️  Grid: 0.080% | 🔺 7583.75 🔻 7580.50
  📡 RSI: 25.4 | MACD: -1.80 | ATR: 2.21
  📊 Filled: 0 | Pending: 0
  ⏸️ Cooldown: 1 bar(s) remaining after exit
  💰 Daily P&L: $+4,000.00

[2026-06-03 10:26] O:7581.25 H:7583.75 L:7580.75 C:7582.75 V:1918.0
  📈 Trend: strong_bearish | 🌍 Regime: trending_bearish
  🗺️  Grid: 0.080% | 🔺 7582.50 🔻 7580.50
  📡 RSI: 36.4 | MACD: -1.84 | ATR: 2.18
  📊 Filled: 0 | Pending: 0
  💰 Daily P&L: $+4,000.00

[2026-06-03 10:27] O:7582.50 H:7587.00 L:7582.50 C:7586.50 V:2421.0
  📈 Trend: strong_bearish | 🌍 Regime: trending_bearish
  🗺️  Grid: 0.080% | 🔺 7583.75 🔻 7580.75
  📡 RSI: 47.5 | MACD: -1.56 | ATR: 2.43
  📊 Filled: 0 | Pending: 0
  💰 Daily P&L: $+4,000.00

[2026-06-03 10:28] O:7586.75 H:7588.00 L:7582.50 C:7586.50 V:4579.0
  📈 Trend: strong_bearish | 🌍 Regime: trending_bearish
  🗺️  Grid: 0.080% | 🔺 7587.00 🔻 7582.50
  📡 RSI: 48.1 | MACD: -1.31 | ATR: 2.73
  📊 Filled: 0 | Pending: 0
  💰 Daily P&L: $+4,000.00

[2026-06-03 10:29] O:7586.50 H:7589.00 L:7586.50 C:7588.50 V:2114.0
  📈 Trend: strong_bearish | 🌍 Regime: trending_bearish
  🗺️  Grid: 0.080% | 🔺 7588.00 🔻 7582.50
  📡 RSI: 54.8 | MACD: -0.95 | ATR: 2.77
  📊 Filled: 0 | Pending: 0
  💰 Daily P&L: $+4,000.00

[2026-06-03 10:30] O:7588.50 H:7590.00 L:7587.25 C:7589.75 V:2966.0
  📈 Trend: strong_bearish (raw: moderate_bearish) | 🌍 Regime: trending_bearish
  🗺️  Grid: 0.080% | 🔺 7589.00 🔻 7586.50
  📡 RSI: 52.5 | MACD: -0.55 | ATR: 2.73
  📊 Filled: 0 | Pending: 0
  💰 Daily P&L: $+4,000.00

[2026-06-03 10:31] O:7589.75 H:7589.75 L:7588.00 C:7588.75 V:2114.0
  📈 Trend: moderate_bearish | 🌍 Regime: trending_bearish
  🗺️  Grid: 0.080% | 🔺 7590.00 🔻 7587.25
  📡 RSI: 53.8 | MACD: -0.32 | ATR: 2.73
  📊 Filled: 0 | Pending: 0
  💰 Daily P&L: $+4,000.00

[2026-06-03 10:32] O:7588.50 H:7589.25 L:7586.75 C:7587.50 V:1930.0
  📈 Trend: moderate_bearish (raw: strong_bearish) | 🌍 Regime: trending_bearish
  🗺️  Grid: 0.080% | 🔺 7589.75 🔻 7588.00
  📡 RSI: 48.1 | MACD: -0.23 | ATR: 2.79
  📊 Filled: 0 | Pending: 0
  💰 Daily P&L: $+4,000.00

[2026-06-03 10:33] O:7587.50 H:7588.00 L:7585.25 C:7585.25 V:1629.0
  📈 Trend: strong_bearish | 🌍 Regime: trending_bearish
  🗺️  Grid: 0.080% | 🔺 7589.25 🔻 7586.75
  📡 RSI: 44.2 | MACD: -0.33 | ATR: 2.86
  📊 Filled: 0 | Pending: 0
  💰 Daily P&L: $+4,000.00

[2026-06-03 10:34] O:7585.25 H:7585.50 L:7581.75 C:7583.25 V:3446.0
  📈 Trend: strong_bearish | 🌍 Regime: trending_bearish
  🗺️  Grid: 0.080% | 🔺 7588.00 🔻 7585.25
  📡 RSI: 40.4 | MACD: -0.57 | ATR: 3.00
  📊 Filled: 0 | Pending: 0
  💰 Daily P&L: $+4,000.00

[2026-06-03 10:35] O:7583.50 H:7584.00 L:7582.50 C:7583.75 V:1915.0
  📈 Trend: strong_bearish | 🌍 Regime: trending_bearish
  🗺️  Grid: 0.080% | 🔺 7585.50 🔻 7581.75
  📡 RSI: 44.0 | MACD: -0.71 | ATR: 2.98
  📊 Filled: 0 | Pending: 0
  💰 Daily P&L: $+4,000.00

[2026-06-03 10:36] O:7583.50 H:7584.75 L:7583.00 C:7583.75 V:1888.0
  📈 Trend: strong_bearish | 🌍 Regime: trending_bearish
  🗺️  Grid: 0.080% | 🔺 7584.00 🔻 7582.50
  📡 RSI: 53.3 | MACD: -0.82 | ATR: 2.80
  📊 Filled: 0 | Pending: 0
  💰 Daily P&L: $+4,000.00

[2026-06-03 10:37] O:7584.00 H:7584.75 L:7578.75 C:7579.25 V:4268.0
  📈 Trend: strong_bearish | 🌍 Regime: trending_bearish
  🗺️  Grid: 0.080% | 🔺 7584.75 🔻 7583.00
  📡 RSI: 44.0 | MACD: -1.25 | ATR: 3.12
  📊 Filled: 0 | Pending: 0
  💰 Daily P&L: $+4,000.00

[2026-06-03 10:38] O:7579.50 H:7581.50 L:7579.25 C:7580.50 V:3280.0
  📈 Trend: strong_bearish | 🌍 Regime: trending_bearish
  🗺️  Grid: 0.080% | 🔺 7584.75 🔻 7578.75
  📡 RSI: 45.2 | MACD: -1.47 | ATR: 3.05
  📊 Filled: 0 | Pending: 0
  💰 Daily P&L: $+4,000.00

[2026-06-03 10:39] O:7580.50 H:7581.75 L:7580.50 C:7580.50 V:1587.0
  📈 Trend: strong_bearish | 🌍 Regime: trending_bearish
  🗺️  Grid: 0.080% | 🔺 7581.50 🔻 7579.25
  📡 RSI: 48.8 | MACD: -1.63 | ATR: 2.98
  📊 Filled: 0 | Pending: 0
  💰 Daily P&L: $+4,000.00

[2026-06-03 10:40] O:7580.50 H:7581.25 L:7579.50 C:7579.50 V:2715.0
  📈 Trend: strong_bearish | 🌍 Regime: trending_bearish
  🗺️  Grid: 0.080% | 🔺 7581.75 🔻 7580.50
  📡 RSI: 42.2 | MACD: -1.81 | ATR: 2.89
  📊 Filled: 0 | Pending: 0
  💰 Daily P&L: $+4,000.00

[2026-06-03 10:41] O:7579.75 H:7581.25 L:7579.00 C:7580.00 V:2654.0
  📈 Trend: strong_bearish | 🌍 Regime: trending_bearish
  🗺️  Grid: 0.080% | 🔺 7581.25 🔻 7579.50
  📡 RSI: 31.4 | MACD: -1.90 | ATR: 2.73
  📊 Filled: 0 | Pending: 0
  💰 Daily P&L: $+4,000.00

[2026-06-03 10:42] O:7580.25 H:7581.00 L:7579.25 C:7579.50 V:1505.0
  📈 Trend: strong_bearish | 🌍 Regime: trending_bearish
  🗺️  Grid: 0.080% | 🔺 7581.25 🔻 7579.00
  📡 RSI: 30.6 | MACD: -1.98 | ATR: 2.46
  📊 Filled: 0 | Pending: 0
  💰 Daily P&L: $+4,000.00

[2026-06-03 10:43] O:7579.50 H:7581.50 L:7578.00 C:7579.75 V:3019.0
  📈 Trend: strong_bearish | 🌍 Regime: trending_bearish
  🗺️  Grid: 0.080% | 🔺 7581.00 🔻 7579.25
  📡 RSI: 23.1 | MACD: -2.00 | ATR: 2.54
  📊 Filled: 0 | Pending: 0
  💰 Daily P&L: $+4,000.00

[2026-06-03 10:44] O:7579.75 H:7581.00 L:7578.75 C:7579.00 V:1537.0
  📈 Trend: strong_bearish | 🌍 Regime: trending_bearish
  🗺️  Grid: 0.080% | 🔺 7581.50 🔻 7578.00
  📡 RSI: 15.9 | MACD: -2.06 | ATR: 2.50
  📊 Filled: 0 | Pending: 0
  💰 Daily P&L: $+4,000.00

[2026-06-03 10:45] O:7579.00 H:7580.25 L:7577.00 C:7578.25 V:2608.0
  📈 Trend: strong_bearish | 🌍 Regime: trending_bearish
  🗺️  Grid: 0.080% | 🔺 7581.00 🔻 7578.75
  📡 RSI: 16.1 | MACD: -2.14 | ATR: 2.61
  📊 Filled: 0 | Pending: 0
  💰 Daily P&L: $+4,000.00

[2026-06-03 10:46] O:7578.25 H:7578.50 L:7576.00 C:7576.25 V:2605.0
  📈 Trend: strong_bearish | 🌍 Regime: trending_bearish
  🗺️  Grid: 0.080% | 🔺 7580.25 🔻 7577.00
  📡 RSI: 15.4 | MACD: -2.34 | ATR: 2.61
  📊 Filled: 0 | Pending: 0
  💰 Daily P&L: $+4,000.00

[2026-06-03 10:47] O:7576.50 H:7577.00 L:7574.75 C:7576.00 V:3050.0
  📈 Trend: strong_bearish | 🌍 Regime: trending_bearish
  🗺️  Grid: 0.080% | 🔺 7578.50 🔻 7576.00
  📡 RSI: 17.5 | MACD: -2.49 | ATR: 2.57
  📊 Filled: 0 | Pending: 0
  💰 Daily P&L: $+4,000.00

[2026-06-03 10:48] O:7576.25 H:7578.50 L:7576.25 C:7577.25 V:2679.0
  📈 Trend: strong_bearish | 🌍 Regime: trending_bearish
  🗺️  Grid: 0.080% | 🔺 7577.00 🔻 7574.75
  📡 RSI: 27.8 | MACD: -2.47 | ATR: 2.48
  📊 Filled: 0 | Pending: 0
  💰 Daily P&L: $+4,000.00

[2026-06-03 10:49] O:7577.25 H:7580.00 L:7576.75 C:7579.25 V:2034.0
  📈 Trend: strong_bearish | 🌍 Regime: trending_bearish
  🗺️  Grid: 0.080% | 🔺 7578.50 🔻 7576.25
  📡 RSI: 35.0 | MACD: -2.28 | ATR: 2.61
  📊 Filled: 0 | Pending: 0
  💰 Daily P&L: $+4,000.00

[2026-06-03 10:50] O:7579.00 H:7582.75 L:7578.75 C:7582.00 V:2849.0
  📈 Trend: strong_bearish | 🌍 Regime: trending_bearish
  🗺️  Grid: 0.080% | 🔺 7580.00 🔻 7576.75
  📡 RSI: 45.1 | MACD: -1.88 | ATR: 2.77
  📊 Filled: 0 | Pending: 0
  💰 Daily P&L: $+4,000.00

[2026-06-03 10:51] O:7582.00 H:7582.00 L:7579.50 C:7579.75 V:1943.0
  📈 Trend: strong_bearish | 🌍 Regime: trending_bearish
  🗺️  Grid: 0.080% | 🔺 7582.75 🔻 7578.75
  📡 RSI: 51.6 | MACD: -1.72 | ATR: 2.52
  📊 Filled: 0 | Pending: 0
  💰 Daily P&L: $+4,000.00

[2026-06-03 10:52] O:7579.50 H:7580.75 L:7577.00 C:7578.25 V:1908.0
  📈 Trend: strong_bearish | 🌍 Regime: trending_bearish
  🗺️  Grid: 0.080% | 🔺 7582.00 🔻 7579.50
  📡 RSI: 42.9 | MACD: -1.70 | ATR: 2.62
  📊 Filled: 0 | Pending: 0
  💰 Daily P&L: $+4,000.00

[2026-06-03 10:53] O:7578.25 H:7579.50 L:7577.75 C:7578.50 V:1266.0
  📈 Trend: strong_bearish | 🌍 Regime: trending_bearish
  🗺️  Grid: 0.080% | 🔺 7580.75 🔻 7577.00
  📡 RSI: 43.8 | MACD: -1.64 | ATR: 2.66
  📊 Filled: 0 | Pending: 0
  💰 Daily P&L: $+4,000.00

[2026-06-03 10:54] O:7578.50 H:7580.25 L:7578.25 C:7580.00 V:1274.0
  📈 Trend: strong_bearish | 🌍 Regime: trending_bearish
  🗺️  Grid: 0.080% | 🔺 7579.50 🔻 7577.75
  📡 RSI: 51.5 | MACD: -1.46 | ATR: 2.68
  📊 Filled: 0 | Pending: 0
  💰 Daily P&L: $+4,000.00

[2026-06-03 10:55] O:7579.75 H:7581.25 L:7578.75 C:7581.00 V:1415.0
  📈 Trend: strong_bearish | 🌍 Regime: trending_bearish
  🗺️  Grid: 0.080% | 🔺 7580.25 🔻 7578.25
  📡 RSI: 52.9 | MACD: -1.22 | ATR: 2.70
  📊 Filled: 0 | Pending: 0
  💰 Daily P&L: $+4,000.00

[2026-06-03 10:56] O:7581.25 H:7581.25 L:7578.50 C:7578.75 V:1237.0
  📈 Trend: strong_bearish | 🌍 Regime: trending_bearish
  🗺️  Grid: 0.080% | 🔺 7581.25 🔻 7578.75
  📡 RSI: 48.0 | MACD: -1.20 | ATR: 2.77
  📊 Filled: 0 | Pending: 0
  💰 Daily P&L: $+4,000.00

[2026-06-03 10:57] O:7578.75 H:7579.25 L:7578.00 C:7578.25 V:1244.0
  📈 Trend: strong_bearish | 🌍 Regime: trending_bearish
  🗺️  Grid: 0.080% | 🔺 7581.25 🔻 7578.50
  📡 RSI: 46.1 | MACD: -1.21 | ATR: 2.61
  📊 Filled: 0 | Pending: 0
  💰 Daily P&L: $+4,000.00

[2026-06-03 10:58] O:7578.00 H:7579.75 L:7578.00 C:7579.50 V:1084.0
  📈 Trend: strong_bearish | 🌍 Regime: trending_bearish
  🗺️  Grid: 0.080% | 🔺 7579.25 🔻 7578.00
  📡 RSI: 51.3 | MACD: -1.10 | ATR: 2.57
  📊 Filled: 0 | Pending: 0
  💰 Daily P&L: $+4,000.00

[2026-06-03 10:59] O:7579.25 H:7580.50 L:7579.00 C:7579.25 V:961.0
  📈 Trend: strong_bearish | 🌍 Regime: trending_bearish
  🗺️  Grid: 0.080% | 🔺 7579.75 🔻 7578.00
  📡 RSI: 52.6 | MACD: -1.03 | ATR: 2.45
  📊 Filled: 0 | Pending: 0
  💰 Daily P&L: $+4,000.00

[2026-06-03 11:00] O:7579.25 H:7581.50 L:7579.25 C:7579.75 V:1722.0
  📈 Trend: strong_bearish | 🌍 Regime: trending_bearish
  🗺️  Grid: 0.080% | 🔺 7580.50 🔻 7579.00
  📡 RSI: 60.0 | MACD: -0.92 | ATR: 2.43
  📊 Filled: 0 | Pending: 0
  💰 Daily P&L: $+4,000.00

[2026-06-03 11:01] O:7579.50 H:7579.50 L:7576.75 C:7577.50 V:1892.0
  📈 Trend: strong_bearish | 🌍 Regime: trending_bearish
  🗺️  Grid: 0.080% | 🔺 7581.50 🔻 7579.25
  📡 RSI: 53.8 | MACD: -1.00 | ATR: 2.48
  📊 Filled: 0 | Pending: 0
  💰 Daily P&L: $+4,000.00

[2026-06-03 11:02] O:7577.50 H:7577.75 L:7577.00 C:7577.25 V:1417.0
  📈 Trend: strong_bearish | 🌍 Regime: trending_bearish
  🗺️  Grid: 0.080% | 🔺 7579.50 🔻 7576.75
  📡 RSI: 50.0 | MACD: -1.07 | ATR: 2.36
  📊 Filled: 0 | Pending: 0
  💰 Daily P&L: $+4,000.00

[2026-06-03 11:03] O:7577.25 H:7579.75 L:7577.00 C:7579.00 V:2270.0
  📈 Trend: strong_bearish | 🌍 Regime: trending_bearish
  🗺️  Grid: 0.080% | 🔺 7577.75 🔻 7577.00
  📡 RSI: 49.3 | MACD: -0.98 | ATR: 2.32
  📊 Filled: 0 | Pending: 0
  💰 Daily P&L: $+4,000.00

[2026-06-03 11:04] O:7578.75 H:7580.75 L:7578.50 C:7580.75 V:1163.0
  📈 Trend: strong_bearish (raw: moderate_bearish) | 🌍 Regime: trending_bearish
  🗺️  Grid: 0.080% | 🔺 7579.75 🔻 7577.00
  📡 RSI: 46.4 | MACD: -0.75 | ATR: 2.20
  📊 Filled: 0 | Pending: 0
  💰 Daily P&L: $+4,000.00

[2026-06-03 11:05] O:7580.50 H:7581.75 L:7579.75 C:7581.00 V:1713.0
  📈 Trend: moderate_bearish | 🌍 Regime: trending_bearish
  🗺️  Grid: 0.080% | 🔺 7580.75 🔻 7578.50
  📡 RSI: 54.1 | MACD: -0.55 | ATR: 2.16
  📊 Filled: 0 | Pending: 0
  💰 Daily P&L: $+4,000.00

[2026-06-03 11:06] O:7581.00 H:7582.00 L:7579.50 C:7580.25 V:1553.0
  📈 Trend: moderate_bearish | 🌍 Regime: trending_bearish
  🗺️  Grid: 0.080% | 🔺 7581.75 🔻 7579.75
  📡 RSI: 56.9 | MACD: -0.44 | ATR: 2.07
  📊 Filled: 0 | Pending: 0
  💰 Daily P&L: $+4,000.00

[2026-06-03 11:07] O:7580.00 H:7580.25 L:7576.75 C:7577.75 V:1868.0
  📈 Trend: moderate_bearish | 🌍 Regime: trending_bearish
  🗺️  Grid: 0.080% | 🔺 7582.00 🔻 7579.50
  📡 RSI: 47.8 | MACD: -0.55 | ATR: 2.20
  📊 Filled: 0 | Pending: 0
  💰 Daily P&L: $+4,000.00

[2026-06-03 11:08] O:7577.50 H:7579.50 L:7577.00 C:7577.75 V:2276.0
  📈 Trend: moderate_bearish (raw: strong_bearish) | 🌍 Regime: trending_bearish
  🗺️  Grid: 0.080% | 🔺 7580.25 🔻 7576.75
  📡 RSI: 42.6 | MACD: -0.63 | ATR: 2.23
  📊 Filled: 0 | Pending: 0
  💰 Daily P&L: $+4,000.00

[2026-06-03 11:09] O:7577.75 H:7578.75 L:7577.50 C:7577.75 V:2300.0
  📈 Trend: strong_bearish | 🌍 Regime: trending_bearish
  🗺️  Grid: 0.080% | 🔺 7579.50 🔻 7577.00
  📡 RSI: 38.6 | MACD: -0.69 | ATR: 2.14
  📊 Filled: 0 | Pending: 0
  💰 Daily P&L: $+4,000.00

[2026-06-03 11:10] O:7577.75 H:7579.25 L:7577.50 C:7578.75 V:1098.0
  📈 Trend: strong_bearish | 🌍 Regime: trending_bearish
  🗺️  Grid: 0.080% | 🔺 7578.75 🔻 7577.50
  📡 RSI: 50.0 | MACD: -0.64 | ATR: 2.07
  📊 Filled: 0 | Pending: 0
  💰 Daily P&L: $+4,000.00

[2026-06-03 11:11] O:7578.75 H:7580.00 L:7578.50 C:7579.25 V:1242.0
  📈 Trend: strong_bearish (raw: moderate_bearish) | 🌍 Regime: trending_bearish
  🗺️  Grid: 0.080% | 🔺 7579.25 🔻 7577.50
  📡 RSI: 53.8 | MACD: -0.56 | ATR: 2.09
  📊 Filled: 0 | Pending: 0
  💰 Daily P&L: $+4,000.00

[2026-06-03 11:12] O:7579.50 H:7581.00 L:7579.00 C:7580.75 V:1423.0
  📈 Trend: moderate_bearish | 🌍 Regime: trending_bearish
  🗺️  Grid: 0.080% | 🔺 7580.00 🔻 7578.50
  📡 RSI: 54.7 | MACD: -0.37 | ATR: 2.11
  📊 Filled: 0 | Pending: 0
  💰 Daily P&L: $+4,000.00

[2026-06-03 11:13] O:7580.75 H:7581.00 L:7579.75 C:7580.00 V:949.0
  📈 Trend: moderate_bearish (raw: strong_bearish) | 🌍 Regime: ranging
  🗺️  Grid: 0.080% | 🔺 7581.00 🔻 7579.00
  📡 RSI: 52.7 | MACD: -0.28 | ATR: 2.09
  📊 Filled: 0 | Pending: 0
  🔲 Regime: RANGING | Range pos: 15% | RSI: 52.7
  💰 Daily P&L: $+4,000.00

[2026-06-03 11:14] O:7580.00 H:7581.25 L:7579.25 C:7579.75 V:902.0
  📈 Trend: strong_bearish | 🌍 Regime: ranging
  🗺️  Grid: 0.080% | 🔺 7581.00 🔻 7579.75
  📡 RSI: 50.0 | MACD: -0.22 | ATR: 2.07
  📊 Filled: 0 | Pending: 0
  🔲 Regime: RANGING | Range pos: 14% | RSI: 50.0
  💰 Daily P&L: $+4,000.00

[2026-06-03 11:15] O:7579.50 H:7579.50 L:7577.25 C:7579.25 V:1685.0
  📈 Trend: strong_bearish (raw: moderate_bearish) | 🌍 Regime: ranging
  🗺️  Grid: 0.080% | 🔺 7581.25 🔻 7579.25
  📡 RSI: 57.4 | MACD: -0.21 | ATR: 2.04
  📊 Filled: 0 | Pending: 0
  🔲 Regime: RANGING | Range pos: 13% | RSI: 57.4
  💰 Daily P&L: $+4,000.00

[2026-06-03 11:16] O:7579.00 H:7579.25 L:7578.00 C:7579.00 V:926.0
  📈 Trend: moderate_bearish | 🌍 Regime: ranging
  🗺️  Grid: 0.080% | 🔺 7579.50 🔻 7577.25
  📡 RSI: 57.4 | MACD: -0.23 | ATR: 2.07
  📊 Filled: 0 | Pending: 0
  🔲 Regime: RANGING | Range pos: 12% | RSI: 57.4
  💰 Daily P&L: $+4,000.00

[2026-06-03 11:17] O:7579.00 H:7579.50 L:7577.00 C:7577.50 V:1644.0
  📈 Trend: moderate_bearish (raw: strong_bearish) | 🌍 Regime: ranging
  🗺️  Grid: 0.080% | 🔺 7579.25 🔻 7578.00
  📡 RSI: 43.5 | MACD: -0.35 | ATR: 2.05
  📊 Filled: 0 | Pending: 0
  🔲 Regime: RANGING | Range pos: 9% | RSI: 43.5
  💰 Daily P&L: $+4,000.00

[2026-06-03 11:18] O:7577.25 H:7577.25 L:7573.00 C:7573.50 V:3823.0
  📈 Trend: strong_bearish | 🌍 Regime: ranging
  🗺️  Grid: 0.080% | 🔺 7579.50 🔻 7577.00
  📡 RSI: 23.6 | MACD: -0.77 | ATR: 2.21
  📊 Filled: 0 | Pending: 0
  🔲 Regime: RANGING | Range pos: 1% | RSI: 23.6
  🚫 Raw trend blocks RANGING LONG | raw: strong_bearish
  💰 Daily P&L: $+4,000.00

[2026-06-03 11:19] O:7573.25 H:7576.50 L:7573.00 C:7576.00 V:2476.0
  📈 Trend: strong_bearish | 🌍 Regime: ranging
  🗺️  Grid: 0.080% | 🔺 7577.25 🔻 7573.00
  📡 RSI: 34.4 | MACD: -0.88 | ATR: 2.32
  📊 Filled: 0 | Pending: 0
  🔲 Regime: RANGING | Range pos: 7% | RSI: 34.4
  🚫 Raw trend blocks RANGING LONG | raw: strong_bearish
  💰 Daily P&L: $+4,000.00

[2026-06-03 11:20] O:7576.00 H:7576.25 L:7574.00 C:7574.00 V:1412.0
  📈 Trend: strong_bearish | 🌍 Regime: ranging
  🗺️  Grid: 0.080% | 🔺 7576.50 🔻 7573.00
  📡 RSI: 31.9 | MACD: -1.13 | ATR: 2.30
  📊 Filled: 0 | Pending: 0
  🔲 Regime: RANGING | Range pos: 2% | RSI: 31.9
  🚫 Raw trend blocks RANGING LONG | raw: strong_bearish
  💰 Daily P&L: $+4,000.00

[2026-06-03 11:21] O:7574.00 H:7575.00 L:7573.50 C:7574.75 V:1467.0
  📈 Trend: strong_bearish | 🌍 Regime: ranging
  🗺️  Grid: 0.080% | 🔺 7576.25 🔻 7574.00
  📡 RSI: 40.3 | MACD: -1.24 | ATR: 2.16
  📊 Filled: 0 | Pending: 0
  🔲 Regime: RANGING | Range pos: 4% | RSI: 40.3
  💰 Daily P&L: $+4,000.00

[2026-06-03 11:22] O:7574.75 H:7576.75 L:7574.00 C:7574.75 V:1926.0
  📈 Trend: strong_bearish | 🌍 Regime: ranging
  🗺️  Grid: 0.080% | 🔺 7575.00 🔻 7573.50
  📡 RSI: 40.3 | MACD: -1.32 | ATR: 2.18
  📊 Filled: 0 | Pending: 0
  🔲 Regime: RANGING | Range pos: 4% | RSI: 40.3
  💰 Daily P&L: $+4,000.00

[2026-06-03 11:23] O:7574.75 H:7574.75 L:7570.50 C:7571.00 V:3610.0
  📈 Trend: strong_bearish | 🌍 Regime: ranging
  🗺️  Grid: 0.080% | 🔺 7576.75 🔻 7574.00
  📡 RSI: 32.5 | MACD: -1.66 | ATR: 2.39
  📊 Filled: 0 | Pending: 0
  🔲 Regime: RANGING | Range pos: 1% | RSI: 32.5
  🚫 Raw trend blocks RANGING LONG | raw: strong_bearish
  💰 Daily P&L: $+4,000.00

[2026-06-03 11:24] O:7571.00 H:7571.25 L:7567.75 C:7568.25 V:4295.0
  📈 Trend: strong_bearish | 🌍 Regime: ranging
  🗺️  Grid: 0.080% | 🔺 7574.75 🔻 7570.50
  📡 RSI: 25.0 | MACD: -2.13 | ATR: 2.52
  📊 Filled: 0 | Pending: 0
  🔲 Regime: RANGING | Range pos: 1% | RSI: 25.0
  🚫 Raw trend blocks RANGING LONG | raw: strong_bearish
  💰 Daily P&L: $+4,000.00

[2026-06-03 11:25] O:7568.00 H:7569.25 L:7565.75 C:7568.75 V:4702.0
  📈 Trend: strong_bearish | 🌍 Regime: ranging
  🗺️  Grid: 0.080% | 🔺 7571.25 🔻 7567.75
  📡 RSI: 25.0 | MACD: -2.44 | ATR: 2.66
  📊 Filled: 0 | Pending: 0
  🔲 Regime: RANGING | Range pos: 6% | RSI: 25.0
  🚫 Raw trend blocks RANGING LONG | raw: strong_bearish
  💰 Daily P&L: $+4,000.00

[2026-06-03 11:26] O:7568.75 H:7569.75 L:7568.00 C:7569.25 V:3325.0
  📈 Trend: strong_bearish | 🌍 Regime: ranging
  🗺️  Grid: 0.080% | 🔺 7569.25 🔻 7565.75
  📡 RSI: 21.2 | MACD: -2.61 | ATR: 2.64
  📊 Filled: 0 | Pending: 0
  🔲 Regime: RANGING | Range pos: 7% | RSI: 21.2
  🚫 Raw trend blocks RANGING LONG | raw: strong_bearish
  💰 Daily P&L: $+4,000.00

[2026-06-03 11:27] O:7569.00 H:7571.00 L:7566.75 C:7571.00 V:4074.0
  📈 Trend: strong_bearish | 🌍 Regime: ranging
  🗺️  Grid: 0.080% | 🔺 7569.75 🔻 7568.00
  📡 RSI: 28.6 | MACD: -2.57 | ATR: 2.86
  📊 Filled: 0 | Pending: 0
  🔲 Regime: RANGING | Range pos: 11% | RSI: 28.6
  🚫 Raw trend blocks RANGING LONG | raw: strong_bearish
  💰 Daily P&L: $+4,000.00

[2026-06-03 11:28] O:7570.75 H:7571.50 L:7568.25 C:7568.25 V:2808.0
  📈 Trend: strong_bearish | 🌍 Regime: ranging
  🗺️  Grid: 0.080% | 🔺 7571.00 🔻 7566.75
  📡 RSI: 25.5 | MACD: -2.73 | ATR: 2.95
  📊 Filled: 0 | Pending: 0
  🔲 Regime: RANGING | Range pos: 5% | RSI: 25.5
  🚫 Raw trend blocks RANGING LONG | raw: strong_bearish
  💰 Daily P&L: $+4,000.00

[2026-06-03 11:29] O:7568.50 H:7570.50 L:7568.25 C:7570.00 V:2480.0
  📈 Trend: strong_bearish | 🌍 Regime: ranging
  🗺️  Grid: 0.080% | 🔺 7571.50 🔻 7568.25
  📡 RSI: 31.3 | MACD: -2.69 | ATR: 2.93
  📊 Filled: 0 | Pending: 0
  🔲 Regime: RANGING | Range pos: 9% | RSI: 31.3
  🚫 Raw trend blocks RANGING LONG | raw: strong_bearish
  💰 Daily P&L: $+4,000.00

[2026-06-03 11:30] O:7570.00 H:7572.50 L:7569.25 C:7571.25 V:3147.0
  📈 Trend: strong_bearish | 🌍 Regime: ranging
  🗺️  Grid: 0.080% | 🔺 7570.50 🔻 7568.25
  📡 RSI: 35.0 | MACD: -2.53 | ATR: 3.07
  📊 Filled: 0 | Pending: 0
  🔲 Regime: RANGING | Range pos: 11% | RSI: 35.0
  🚫 Raw trend blocks RANGING LONG | raw: strong_bearish
  💰 Daily P&L: $+4,000.00

[2026-06-03 11:31] O:7571.25 H:7573.50 L:7570.25 C:7570.25 V:2509.0
  📈 Trend: strong_bearish | 🌍 Regime: trending_bearish
  🗺️  Grid: 0.080% | 🔺 7572.50 🔻 7569.25
  📡 RSI: 35.6 | MACD: -2.45 | ATR: 3.12
  📊 Filled: 0 | Pending: 0
  💰 Daily P&L: $+4,000.00

[2026-06-03 11:32] O:7570.50 H:7573.00 L:7569.75 C:7572.75 V:1405.0
  📈 Trend: strong_bearish | 🌍 Regime: trending_bearish
  🗺️  Grid: 0.080% | 🔺 7573.50 🔻 7570.25
  📡 RSI: 48.4 | MACD: -2.16 | ATR: 3.04
  📊 Filled: 0 | Pending: 0
  💰 Daily P&L: $+4,000.00

[2026-06-03 11:33] O:7572.75 H:7573.00 L:7570.25 C:7571.50 V:1575.0
  📈 Trend: strong_bearish | 🌍 Regime: trending_bearish
  🗺️  Grid: 0.080% | 🔺 7573.00 🔻 7569.75
  📡 RSI: 40.0 | MACD: -2.01 | ATR: 2.98
  📊 Filled: 0 | Pending: 0
  💰 Daily P&L: $+4,000.00

[2026-06-03 11:34] O:7571.50 H:7573.25 L:7570.75 C:7571.00 V:1985.0
  📈 Trend: strong_bearish | 🌍 Regime: trending_bearish
  🗺️  Grid: 0.080% | 🔺 7573.00 🔻 7570.25
  📡 RSI: 42.9 | MACD: -1.91 | ATR: 3.00
  📊 Filled: 0 | Pending: 0
  💰 Daily P&L: $+4,000.00

[2026-06-03 11:35] O:7571.00 H:7571.00 L:7567.75 C:7568.00 V:1668.0
  📈 Trend: strong_bearish | 🌍 Regime: trending_bearish
  🗺️  Grid: 0.080% | 🔺 7573.25 🔻 7570.75
  📡 RSI: 35.5 | MACD: -2.04 | ATR: 3.12
  📊 Filled: 0 | Pending: 0
  💰 Daily P&L: $+4,000.00

[2026-06-03 11:36] O:7568.25 H:7569.00 L:7566.75 C:7567.50 V:2265.0
  📈 Trend: strong_bearish | 🌍 Regime: trending_bearish
  🗺️  Grid: 0.080% | 🔺 7571.00 🔻 7567.75
  📡 RSI: 34.7 | MACD: -2.17 | ATR: 3.09
  📊 Filled: 0 | Pending: 0
  💰 Daily P&L: $+4,000.00

[2026-06-03 11:37] O:7567.50 H:7569.00 L:7566.75 C:7567.00 V:1577.0
  📈 Trend: strong_bearish | 🌍 Regime: trending_bearish
  🗺️  Grid: 0.080% | 🔺 7569.00 🔻 7566.75
  📡 RSI: 40.2 | MACD: -2.28 | ATR: 2.95
  📊 Filled: 0 | Pending: 0
  💰 Daily P&L: $+4,000.00

[2026-06-03 11:38] O:7567.00 H:7569.00 L:7566.50 C:7567.25 V:1771.0
  📈 Trend: strong_bearish | 🌍 Regime: trending_bearish
  🗺️  Grid: 0.080% | 🔺 7569.00 🔻 7566.75
  📡 RSI: 47.2 | MACD: -2.33 | ATR: 2.88
  📊 Filled: 0 | Pending: 0
  💰 Daily P&L: $+4,000.00

[2026-06-03 11:39] O:7567.25 H:7567.50 L:7565.75 C:7566.00 V:1640.0
  📈 Trend: strong_bearish | 🌍 Regime: trending_bearish
  🗺️  Grid: 0.080% | 🔺 7569.00 🔻 7566.50
  📡 RSI: 42.7 | MACD: -2.43 | ATR: 2.75
  📊 Filled: 0 | Pending: 0
  💰 Daily P&L: $+4,000.00

[2026-06-03 11:40] O:7565.75 H:7567.75 L:7565.25 C:7566.25 V:1935.0
  📈 Trend: strong_bearish | 🌍 Regime: trending_bearish
  🗺️  Grid: 0.080% | 🔺 7567.50 🔻 7565.75
  📡 RSI: 41.9 | MACD: -2.47 | ATR: 2.80
  📊 Filled: 0 | Pending: 0
  💰 Daily P&L: $+4,000.00

[2026-06-03 11:41] O:7566.25 H:7566.50 L:7563.00 C:7563.25 V:3604.0
  📈 Trend: strong_bearish | 🌍 Regime: trending_bearish
  🗺️  Grid: 0.080% | 🔺 7567.75 🔻 7565.25
  📡 RSI: 30.4 | MACD: -2.71 | ATR: 2.75
  📊 Filled: 0 | Pending: 0
  💰 Daily P&L: $+4,000.00

[2026-06-03 11:42] O:7563.25 H:7564.25 L:7562.50 C:7563.50 V:2227.0
  📈 Trend: strong_bearish | 🌍 Regime: trending_bearish
  🗺️  Grid: 0.080% | 🔺 7566.50 🔻 7563.00
  📡 RSI: 36.2 | MACD: -2.84 | ATR: 2.64
  📊 Filled: 0 | Pending: 0
  💰 Daily P&L: $+4,000.00

[2026-06-03 11:43] O:7563.50 H:7565.50 L:7562.75 C:7564.50 V:2803.0
  📈 Trend: strong_bearish | 🌍 Regime: trending_bearish
  🗺️  Grid: 0.080% | 🔺 7564.25 🔻 7562.50
  📡 RSI: 33.3 | MACD: -2.84 | ATR: 2.68
  📊 Filled: 0 | Pending: 0
  💰 Daily P&L: $+4,000.00

[2026-06-03 11:44] O:7564.50 H:7567.75 L:7564.25 C:7567.50 V:2415.0
  📈 Trend: strong_bearish | 🌍 Regime: trending_bearish
  🗺️  Grid: 0.080% | 🔺 7565.50 🔻 7562.75
  📡 RSI: 39.7 | MACD: -2.56 | ATR: 2.70
  📊 Filled: 0 | Pending: 0
  💰 Daily P&L: $+4,000.00

[2026-06-03 11:45] O:7567.50 H:7570.50 L:7567.25 C:7570.50 V:2758.0
  📈 Trend: strong_bearish (raw: moderate_bearish) | 🌍 Regime: trending_bearish
  🗺️  Grid: 0.080% | 🔺 7567.75 🔻 7564.25
  📡 RSI: 50.6 | MACD: -2.08 | ATR: 2.70
  📊 Filled: 0 | Pending: 0
  💰 Daily P&L: $+4,000.00

[2026-06-03 11:46] O:7570.25 H:7571.00 L:7568.25 C:7571.00 V:2116.0
  📈 Trend: strong_bearish | 🌍 Regime: trending_bearish
  🗺️  Grid: 0.080% | 🔺 7570.50 🔻 7567.25
  📡 RSI: 45.2 | MACD: -1.64 | ATR: 2.66
  📊 Filled: 0 | Pending: 0
  💰 Daily P&L: $+4,000.00

[2026-06-03 11:47] O:7570.75 H:7572.50 L:7570.50 C:7571.75 V:3255.0
  📈 Trend: strong_bearish (raw: moderate_bearish) | 🌍 Regime: trending_bearish
  🗺️  Grid: 0.080% | 🔺 7571.00 🔻 7568.25
  📡 RSI: 50.7 | MACD: -1.21 | ATR: 2.61
  📊 Filled: 0 | Pending: 0
  💰 Daily P&L: $+4,000.00

[2026-06-03 11:48] O:7571.50 H:7573.25 L:7570.50 C:7572.50 V:1599.0
  📈 Trend: moderate_bearish | 🌍 Regime: trending_bearish
  🗺️  Grid: 0.080% | 🔺 7572.50 🔻 7570.50
  📡 RSI: 54.2 | MACD: -0.80 | ATR: 2.62
  📊 Filled: 0 | Pending: 0
  💰 Daily P&L: $+4,000.00

[2026-06-03 11:49] O:7572.50 H:7573.00 L:7571.75 C:7572.75 V:1455.0
  📈 Trend: moderate_bearish | 🌍 Regime: trending_bearish
  🗺️  Grid: 0.080% | 🔺 7573.25 🔻 7570.50
  📡 RSI: 65.6 | MACD: -0.45 | ATR: 2.48
  📊 Filled: 0 | Pending: 0
  💰 Daily P&L: $+4,000.00

[2026-06-03 11:50] O:7572.75 H:7574.75 L:7572.75 C:7574.50 V:2000.0
  📈 Trend: moderate_bearish | 🌍 Regime: trending_bearish
  🗺️  Grid: 0.080% | 🔺 7573.00 🔻 7571.75
  📡 RSI: 71.2 | MACD: -0.04 | ATR: 2.46
  📊 Filled: 0 | Pending: 0
  💰 Daily P&L: $+4,000.00

[2026-06-03 11:51] O:7574.25 H:7575.00 L:7572.50 C:7573.25 V:2069.0
  📈 Trend: moderate_bearish (raw: moderate_bullish) | 🌍 Regime: ranging
  🗺️  Grid: 0.080% | 🔺 7574.75 🔻 7572.75
  📡 RSI: 68.1 | MACD: 0.19 | ATR: 2.48
  📊 Filled: 0 | Pending: 0
  🔲 Regime: RANGING | Range pos: 21% | RSI: 68.1
  💰 Daily P&L: $+4,000.00

[2026-06-03 11:52] O:7573.00 H:7574.50 L:7571.50 C:7573.75 V:3340.0
  📈 Trend: moderate_bullish | 🌍 Regime: ranging
  🗺️  Grid: 0.080% | 🔺 7575.00 🔻 7572.50
  📡 RSI: 68.6 | MACD: 0.41 | ATR: 2.52
  📊 Filled: 0 | Pending: 0
  🔲 Regime: RANGING | Range pos: 22% | RSI: 68.6
  💰 Daily P&L: $+4,000.00

[2026-06-03 11:53] O:7573.75 H:7574.00 L:7570.50 C:7571.00 V:3485.0
  📈 Trend: moderate_bullish (raw: strong_bearish) | 🌍 Regime: ranging
  🗺️  Grid: 0.080% | 🔺 7574.50 🔻 7571.50
  📡 RSI: 63.2 | MACD: 0.35 | ATR: 2.64
  📊 Filled: 0 | Pending: 0
  🔲 Regime: RANGING | Range pos: 16% | RSI: 63.2
  💰 Daily P&L: $+4,000.00

[2026-06-03 11:54] O:7570.75 H:7574.00 L:7570.75 C:7572.75 V:2798.0
  📈 Trend: moderate_bullish | 🌍 Regime: ranging
  🗺️  Grid: 0.080% | 🔺 7574.00 🔻 7570.50
  📡 RSI: 65.9 | MACD: 0.44 | ATR: 2.70
  📊 Filled: 0 | Pending: 0
  🔲 Regime: RANGING | Range pos: 20% | RSI: 65.9
  💰 Daily P&L: $+4,000.00

[2026-06-03 11:55] O:7572.50 H:7573.75 L:7571.50 C:7571.50 V:1992.0
  📈 Trend: moderate_bullish | 🌍 Regime: ranging
  🗺️  Grid: 0.080% | 🔺 7574.00 🔻 7570.75
  📡 RSI: 72.0 | MACD: 0.41 | ATR: 2.61
  📊 Filled: 0 | Pending: 0
  🔲 Regime: RANGING | Range pos: 17% | RSI: 72.0
  💰 Daily P&L: $+4,000.00

[2026-06-03 11:56] O:7571.50 H:7574.25 L:7571.00 C:7574.25 V:1807.0
  📈 Trend: moderate_bullish | 🌍 Regime: ranging
  🗺️  Grid: 0.080% | 🔺 7573.75 🔻 7571.50
  📡 RSI: 75.3 | MACD: 0.60 | ATR: 2.71
  📊 Filled: 0 | Pending: 0
  🔲 Regime: RANGING | Range pos: 22% | RSI: 75.3
  💰 Daily P&L: $+4,000.00

[2026-06-03 11:57] O:7574.25 H:7576.25 L:7574.00 C:7575.50 V:4563.0
  📈 Trend: moderate_bullish | 🌍 Regime: ranging
  🗺️  Grid: 0.080% | 🔺 7574.25 🔻 7571.00
  📡 RSI: 75.6 | MACD: 0.84 | ATR: 2.68
  📊 Filled: 0 | Pending: 0
  🔲 Regime: RANGING | Range pos: 25% | RSI: 75.6
  💰 Daily P&L: $+4,000.00

[2026-06-03 11:58] O:7575.50 H:7578.75 L:7575.00 C:7577.25 V:3559.0
  📈 Trend: moderate_bullish | 🌍 Regime: ranging
  🗺️  Grid: 0.080% | 🔺 7576.25 🔻 7574.00
  📡 RSI: 74.1 | MACD: 1.16 | ATR: 2.70
  📊 Filled: 0 | Pending: 0
  🔲 Regime: RANGING | Range pos: 28% | RSI: 74.1
  💰 Daily P&L: $+4,000.00

[2026-06-03 11:59] O:7577.00 H:7578.25 L:7576.50 C:7578.25 V:2232.0
  📈 Trend: moderate_bullish | 🌍 Regime: ranging
  🗺️  Grid: 0.080% | 🔺 7578.75 🔻 7575.00
  📡 RSI: 71.2 | MACD: 1.48 | ATR: 2.59
  📊 Filled: 0 | Pending: 0
  🔲 Regime: RANGING | Range pos: 30% | RSI: 71.2
  💰 Daily P&L: $+4,000.00

[2026-06-03 12:00] O:7578.00 H:7578.50 L:7576.25 C:7577.00 V:2006.0
  📈 Trend: moderate_bullish | 🌍 Regime: ranging
  🗺️  Grid: 0.080% | 🔺 7578.25 🔻 7576.50
  📡 RSI: 65.8 | MACD: 1.61 | ATR: 2.55
  📊 Filled: 0 | Pending: 0
  🔲 Regime: RANGING | Range pos: 28% | RSI: 65.8
  💰 Daily P&L: $+4,000.00

[2026-06-03 12:01] O:7576.75 H:7577.25 L:7575.25 C:7575.25 V:1844.0
  📈 Trend: moderate_bullish (raw: strong_bullish) | 🌍 Regime: ranging
  🗺️  Grid: 0.080% | 🔺 7578.50 🔻 7576.25
  📡 RSI: 58.8 | MACD: 1.56 | ATR: 2.55
  📊 Filled: 0 | Pending: 0
  🔲 Regime: RANGING | Range pos: 24% | RSI: 58.8
  💰 Daily P&L: $+4,000.00

[2026-06-03 12:02] O:7575.25 H:7575.50 L:7573.25 C:7574.50 V:1824.0
  📈 Trend: strong_bullish | 🌍 Regime: ranging
  🗺️  Grid: 0.080% | 🔺 7577.25 🔻 7575.25
  📡 RSI: 55.0 | MACD: 1.44 | ATR: 2.52
  📊 Filled: 0 | Pending: 0
  🔲 Regime: RANGING | Range pos: 23% | RSI: 55.0
  💰 Daily P&L: $+4,000.00

[2026-06-03 12:03] O:7574.50 H:7575.00 L:7573.00 C:7574.25 V:1572.0
  📈 Trend: strong_bullish | 🌍 Regime: ranging
  🗺️  Grid: 0.080% | 🔺 7575.50 🔻 7573.25
  📡 RSI: 53.8 | MACD: 1.30 | ATR: 2.57
  📊 Filled: 0 | Pending: 0
  🔲 Regime: RANGING | Range pos: 22% | RSI: 53.8
  💰 Daily P&L: $+4,000.00

[2026-06-03 12:04] O:7574.25 H:7575.00 L:7573.50 C:7573.75 V:1489.0
  📈 Trend: strong_bullish | 🌍 Regime: ranging
  🗺️  Grid: 0.080% | 🔺 7575.00 🔻 7573.00
  📡 RSI: 48.0 | MACD: 1.15 | ATR: 2.54
  📊 Filled: 0 | Pending: 0
  🔲 Regime: RANGING | Range pos: 22% | RSI: 48.0
  💰 Daily P&L: $+4,000.00

[2026-06-03 12:05] O:7573.75 H:7575.00 L:7573.50 C:7573.75 V:1171.0
  📈 Trend: strong_bullish (raw: moderate_bullish) | 🌍 Regime: ranging
  🗺️  Grid: 0.080% | 🔺 7575.00 🔻 7573.50
  📡 RSI: 51.4 | MACD: 1.01 | ATR: 2.46
  📊 Filled: 0 | Pending: 0
  🔲 Regime: RANGING | Range pos: 22% | RSI: 51.4
  💰 Daily P&L: $+4,000.00

[2026-06-03 12:06] O:7574.00 H:7574.25 L:7572.25 C:7572.75 V:1716.0
  📈 Trend: moderate_bullish | 🌍 Regime: ranging
  🗺️  Grid: 0.080% | 🔺 7575.00 🔻 7573.50
  📡 RSI: 47.2 | MACD: 0.81 | ATR: 2.39
  📊 Filled: 0 | Pending: 0
  🔲 Regime: RANGING | Range pos: 20% | RSI: 47.2
  💰 Daily P&L: $+4,000.00

[2026-06-03 12:07] O:7572.75 H:7574.75 L:7572.25 C:7574.50 V:1544.0
  📈 Trend: moderate_bullish | 🌍 Regime: ranging
  🗺️  Grid: 0.080% | 🔺 7574.25 🔻 7572.25
  📡 RSI: 60.3 | MACD: 0.79 | ATR: 2.32
  📊 Filled: 0 | Pending: 0
  🔲 Regime: RANGING | Range pos: 23% | RSI: 60.3
  💰 Daily P&L: $+4,000.00

[2026-06-03 12:08] O:7574.25 H:7576.25 L:7574.25 C:7575.75 V:1753.0
  📈 Trend: moderate_bullish | 🌍 Regime: ranging
  🗺️  Grid: 0.080% | 🔺 7574.75 🔻 7572.25
  📡 RSI: 59.1 | MACD: 0.86 | ATR: 2.23
  📊 Filled: 0 | Pending: 0
  🔲 Regime: RANGING | Range pos: 25% | RSI: 59.1
  💰 Daily P&L: $+4,000.00

[2026-06-03 12:09] O:7575.75 H:7578.75 L:7575.50 C:7576.00 V:5254.0
  📈 Trend: moderate_bullish | 🌍 Regime: ranging
  🗺️  Grid: 0.080% | 🔺 7576.25 🔻 7574.25
  📡 RSI: 64.5 | MACD: 0.93 | ATR: 2.30
  📊 Filled: 0 | Pending: 0
  🔲 Regime: RANGING | Range pos: 26% | RSI: 64.5
  💰 Daily P&L: $+4,000.00

[2026-06-03 12:10] O:7576.25 H:7576.75 L:7574.75 C:7575.00 V:1124.0
  📈 Trend: moderate_bullish | 🌍 Regime: ranging
  🗺️  Grid: 0.080% | 🔺 7578.75 🔻 7575.50
  📡 RSI: 52.7 | MACD: 0.89 | ATR: 2.21
  📊 Filled: 0 | Pending: 0
  🔲 Regime: RANGING | Range pos: 24% | RSI: 52.7
  💰 Daily P&L: $+4,000.00
→ Real-time bars cancelled
✓ Disconnected from IBKR
