Logging to: es_bot_20260609_102615.log

============================================================
📈 MODE: SCALP
   • 10 contract(s) max
   • Grid entries only
   • Trailing stop enabled
   • SL: ~8 pts | TP: ~12 pts | Trail activates: +6 pts
   • Best for: Normal sessions, choppy/ranging opens
============================================================
✓ Connected to IBKR (paper) - clientId=10
✓ Front-month contract: ESM6 expiry=20260618

============================================================
Loading historical data for indicator warm-up...
============================================================
→ Fetching historical bars (1 D, 1 min)...
✓ Loaded 987 historical bars

Processing 987 historical bars...

Indicators ready!
  Bars loaded: 987
  Last price: 7441.25
  Trend: moderate_bearish
  RSI: 44.3
  ATR: 7.55
  MACD: -6.89 / Signal: -9.20
  MA: 7438.96 / 7459.40 / 7451.98

------------------------------------------------------------
Account Value: $1,031,566.84
Buying Power: $4,110,588.03
Current Position: 0 contracts
------------------------------------------------------------

============================================================
Starting live 1-minute bar stream...
Strategy is now ACTIVE (SCALP mode)
============================================================

→ Subscribed to 5-second real-time bars (aggregating to 1 min)

[2026-06-09 09:26] O:7441.25 H:7443.25 L:7435.50 C:7436.50 V:4565.0
  📈 Trend: sideways (raw: moderate_bearish) | 🌍 Regime: trending_bearish
  🗺️  Grid: 0.120% | 🔺 7442.25 🔻 7438.50
  📡 RSI: 47.1 | MACD: -6.36 | ATR: 7.43
  📊 Filled: 0 | Pending: 0
  💰 Daily P&L: $+0.00

[2026-06-09 09:27] O:7436.25 H:7440.00 L:7433.25 C:7438.25 V:5470.0
  📈 Trend: moderate_bearish | 🌍 Regime: trending_bearish
  🗺️  Grid: 0.121% | 🔺 7443.25 🔻 7435.50
  📡 RSI: 50.9 | MACD: -5.73 | ATR: 7.50
  📊 Filled: 0 | Pending: 0
  💰 Daily P&L: $+0.00

[2026-06-09 09:28] O:7438.00 H:7441.00 L:7433.00 C:7433.75 V:4100.0
  📈 Trend: moderate_bearish | 🌍 Regime: trending_bearish
  🗺️  Grid: 0.121% | 🔺 7440.00 🔻 7433.25
  📡 RSI: 50.2 | MACD: -5.54 | ATR: 7.52
  📊 Filled: 0 | Pending: 0
  💰 Daily P&L: $+0.00

[2026-06-09 09:29] O:7433.50 H:7435.00 L:7429.50 C:7433.50 V:5397.0
  📈 Trend: moderate_bearish | 🌍 Regime: trending_bearish
  🗺️  Grid: 0.120% | 🔺 7441.00 🔻 7433.00
  📡 RSI: 53.1 | MACD: -5.34 | ATR: 7.46
  📊 Filled: 0 | Pending: 0
  💰 Daily P&L: $+0.00

[2026-06-09 09:30] O:7433.25 H:7434.50 L:7425.50 C:7426.50 V:7032.0
  📈 Trend: moderate_bearish | 🌍 Regime: trending_bearish
  🗺️  Grid: 0.119% | 🔺 7435.00 🔻 7429.50
  📡 RSI: 55.1 | MACD: -5.68 | ATR: 7.39
  📊 Filled: 0 | Pending: 0
  💰 Daily P&L: $+0.00

[2026-06-09 09:31] O:7426.25 H:7428.75 L:7424.75 C:7427.00 V:4297.0
  📈 Trend: moderate_bearish | 🌍 Regime: trending_bearish
  🗺️  Grid: 0.115% | 🔺 7434.50 🔻 7425.50
  📡 RSI: 60.2 | MACD: -5.84 | ATR: 7.11
  📊 Filled: 0 | Pending: 0
  💰 Daily P&L: $+0.00

[2026-06-09 09:32] O:7426.75 H:7439.00 L:7426.00 C:7437.75 V:5554.0
  📈 Trend: moderate_bearish (raw: moderate_bullish) | 🌍 Regime: trending_bullish
  🗺️  Grid: 0.121% | 🔺 7428.75 🔻 7424.75
  📡 RSI: 63.8 | MACD: -5.05 | ATR: 7.48
  📊 Filled: 0 | Pending: 0
  💰 Daily P&L: $+0.00

[2026-06-09 09:33] O:7437.50 H:7438.00 L:7430.75 C:7433.75 V:4199.0
  📈 Trend: moderate_bullish | 🌍 Regime: trending_bullish
  🗺️  Grid: 0.120% | 🔺 7439.00 🔻 7426.00
  📡 RSI: 63.2 | MACD: -4.68 | ATR: 7.45
  📊 Filled: 0 | Pending: 0
  💰 Daily P&L: $+0.00

[2026-06-09 09:34] O:7433.50 H:7436.00 L:7432.00 C:7433.75 V:4450.0
  📈 Trend: moderate_bullish | 🌍 Regime: trending_bullish
  🗺️  Grid: 0.118% | 🔺 7438.00 🔻 7430.75
  📡 RSI: 61.5 | MACD: -4.35 | ATR: 7.34
  📊 Filled: 0 | Pending: 0
  💰 Daily P&L: $+0.00

[2026-06-09 09:35] O:7433.50 H:7434.00 L:7427.25 C:7428.50 V:4632.0
  📈 Trend: moderate_bullish | 🌍 Regime: trending_bullish
  🗺️  Grid: 0.110% | 🔺 7436.00 🔻 7432.00
  📡 RSI: 43.7 | MACD: -4.45 | ATR: 6.79
  📊 Filled: 0 | Pending: 0
  💰 Daily P&L: $+0.00

[2026-06-09 09:36] O:7428.50 H:7431.50 L:7426.25 C:7430.25 V:4536.0
  📈 Trend: moderate_bullish (raw: moderate_bearish) | 🌍 Regime: trending_bearish
  🗺️  Grid: 0.109% | 🔺 7434.00 🔻 7427.25
  📡 RSI: 43.4 | MACD: -4.34 | ATR: 6.77
  📊 Filled: 0 | Pending: 0
  💰 Daily P&L: $+0.00

[2026-06-09 09:37] O:7430.25 H:7436.75 L:7428.25 C:7436.75 V:5125.0
  📈 Trend: moderate_bearish | 🌍 Regime: trending_bearish
  🗺️  Grid: 0.111% | 🔺 7431.50 🔻 7426.25
  📡 RSI: 45.5 | MACD: -3.69 | ATR: 6.88
  📊 Filled: 0 | Pending: 0
  💰 Daily P&L: $+0.00

[2026-06-09 09:38] O:7436.75 H:7437.00 L:7428.00 C:7430.25 V:4164.0
  📈 Trend: moderate_bearish | 🌍 Regime: trending_bearish
  🗺️  Grid: 0.114% | 🔺 7436.75 🔻 7428.25
  📡 RSI: 39.7 | MACD: -3.66 | ATR: 7.04
  📊 Filled: 0 | Pending: 0
  💰 Daily P&L: $+0.00

[2026-06-09 09:39] O:7430.00 H:7431.75 L:7427.00 C:7430.75 V:2499.0
  📈 Trend: moderate_bearish | 🌍 Regime: trending_bearish
  🗺️  Grid: 0.115% | 🔺 7437.00 🔻 7428.00
  📡 RSI: 40.3 | MACD: -3.55 | ATR: 7.11
  📊 Filled: 0 | Pending: 0
  💰 Daily P&L: $+0.00

[2026-06-09 09:40] O:7430.75 H:7434.00 L:7428.00 C:7434.00 V:3481.0
  📈 Trend: moderate_bearish (raw: strong_bearish) | 🌍 Regime: trending_bearish
  🗺️  Grid: 0.113% | 🔺 7431.75 🔻 7427.00
  📡 RSI: 47.6 | MACD: -3.16 | ATR: 6.98
  📊 Filled: 0 | Pending: 0
  💰 Daily P&L: $+0.00

[2026-06-09 09:41] O:7433.75 H:7434.00 L:7428.50 C:7430.50 V:3164.0
  📈 Trend: strong_bearish | 🌍 Regime: trending_bearish
  🗺️  Grid: 0.111% | 🔺 7434.00 🔻 7428.00
  📡 RSI: 42.9 | MACD: -3.10 | ATR: 6.89
  📊 Filled: 0 | Pending: 0
  💰 Daily P&L: $+0.00

[2026-06-09 09:42] O:7430.50 H:7432.25 L:7424.75 C:7425.25 V:3665.0
  📈 Trend: strong_bearish | 🌍 Regime: trending_bearish
  🗺️  Grid: 0.111% | 🔺 7434.00 🔻 7428.50
  📡 RSI: 42.3 | MACD: -3.44 | ATR: 6.86
  📊 Filled: 0 | Pending: 0
  💰 Daily P&L: $+0.00

[2026-06-09 09:43] O:7425.25 H:7425.50 L:7414.50 C:7415.50 V:6199.0
  📈 Trend: strong_bearish | 🌍 Regime: trending_bearish
  🗺️  Grid: 0.117% | 🔺 7432.25 🔻 7424.75
  📡 RSI: 36.0 | MACD: -4.44 | ATR: 7.25
  📊 Filled: 0 | Pending: 0
  💰 Daily P&L: $+0.00

[2026-06-09 09:44] O:7415.25 H:7415.75 L:7405.50 C:7407.75 V:11394.0
  📈 Trend: strong_bearish | 🌍 Regime: trending_bearish
  🗺️  Grid: 0.119% | 🔺 7425.50 🔻 7414.50
  📡 RSI: 35.6 | MACD: -5.80 | ATR: 7.34
  📊 Filled: 0 | Pending: 0
  💰 Daily P&L: $+0.00

[2026-06-09 09:45] O:7407.75 H:7410.50 L:7401.00 C:7402.50 V:8763.0
  📈 Trend: strong_bearish | 🌍 Regime: trending_bearish
  🗺️  Grid: 0.125% | 🔺 7415.75 🔻 7405.50
  📡 RSI: 32.5 | MACD: -7.21 | ATR: 7.73
  📊 Filled: 0 | Pending: 0
  💰 Daily P&L: $+0.00

[2026-06-09 09:46] O:7402.50 H:7402.75 L:7393.00 C:7394.00 V:11042.0
  📈 Trend: strong_bearish | 🌍 Regime: trending_bearish
  🗺️  Grid: 0.122% | 🔺 7410.50 🔻 7401.00
  📡 RSI: 17.7 | MACD: -8.91 | ATR: 7.50
  📊 Filled: 0 | Pending: 0
  💰 Daily P&L: $+0.00

[2026-06-09 09:47] O:7393.75 H:7397.00 L:7384.25 C:7385.25 V:10915.0
  📈 Trend: strong_bearish | 🌍 Regime: trending_bearish
  🗺️  Grid: 0.128% | 🔺 7402.75 🔻 7393.00
  📡 RSI: 16.6 | MACD: -10.84 | ATR: 7.89
  📊 Filled: 0 | Pending: 0
  💰 Daily P&L: $+0.00

[2026-06-09 09:48] O:7385.25 H:7389.00 L:7374.25 C:7376.25 V:12943.0
  📈 Trend: strong_bearish | 🌍 Regime: trending_bearish
  🗺️  Grid: 0.141% | 🔺 7397.00 🔻 7384.25
  📡 RSI: 14.7 | MACD: -12.95 | ATR: 8.66
  📊 Filled: 0 | Pending: 0
  💰 Daily P&L: $+0.00

[2026-06-09 09:49] O:7376.25 H:7379.25 L:7371.75 C:7374.25 V:10290.0
  📈 Trend: strong_bearish | 🌍 Regime: trending_bearish
  🗺️  Grid: 0.142% | 🔺 7389.00 🔻 7374.25
  📡 RSI: 15.3 | MACD: -14.61 | ATR: 8.71
  📊 Filled: 0 | Pending: 0
  💰 Daily P&L: $+0.00

[2026-06-09 09:50] O:7374.25 H:7375.75 L:7367.50 C:7370.25 V:10014.0
  📈 Trend: strong_bearish | 🌍 Regime: trending_bearish
  🗺️  Grid: 0.145% | 🔺 7379.25 🔻 7371.75
  📡 RSI: 12.7 | MACD: -16.07 | ATR: 8.93
  📊 Filled: 0 | Pending: 0
  💰 Daily P&L: $+0.00

[2026-06-09 09:51] O:7370.50 H:7382.75 L:7369.25 C:7382.50 V:9258.0
  📈 Trend: strong_bearish | 🌍 Regime: trending_bearish
  🗺️  Grid: 0.151% | 🔺 7375.75 🔻 7367.50
  📡 RSI: 18.6 | MACD: -16.05 | ATR: 9.29
  📊 Filled: 0 | Pending: 0
  💰 Daily P&L: $+0.00

[2026-06-09 09:52] O:7382.25 H:7385.50 L:7378.50 C:7378.75 V:9344.0
  📈 Trend: strong_bearish | 🌍 Regime: trending_bearish
  🗺️  Grid: 0.149% | 🔺 7382.75 🔻 7369.25
  📡 RSI: 19.2 | MACD: -16.15 | ATR: 9.14
  📊 Filled: 0 | Pending: 0
  💰 Daily P&L: $+0.00

[2026-06-09 09:53] O:7378.75 H:7378.75 L:7372.25 C:7376.75 V:6946.0
  📈 Trend: strong_bearish | 🌍 Regime: trending_bearish
  🗺️  Grid: 0.151% | 🔺 7385.50 🔻 7378.50
  📡 RSI: 18.2 | MACD: -16.20 | ATR: 9.27
  📊 Filled: 0 | Pending: 0
  💰 Daily P&L: $+0.00

[2026-06-09 09:54] O:7376.50 H:7387.50 L:7376.00 C:7387.00 V:7150.0
  📈 Trend: strong_bearish | 🌍 Regime: trending_bearish
  🗺️  Grid: 0.157% | 🔺 7378.75 🔻 7372.25
  📡 RSI: 24.5 | MACD: -15.24 | ATR: 9.66
  📊 Filled: 0 | Pending: 0
  💰 Daily P&L: $+0.00

[2026-06-09 09:55] O:7387.25 H:7391.00 L:7385.25 C:7385.75 V:6590.0
  📈 Trend: strong_bearish | 🌍 Regime: trending_bearish
  🗺️  Grid: 0.157% | 🔺 7387.50 🔻 7376.00
  📡 RSI: 25.1 | MACD: -14.42 | ATR: 9.68
  📊 Filled: 0 | Pending: 0
  💰 Daily P&L: $+0.00

[2026-06-09 09:56] O:7386.00 H:7388.75 L:7380.00 C:7380.25 V:5688.0
  📈 Trend: strong_bearish | 🌍 Regime: trending_bearish
  🗺️  Grid: 0.159% | 🔺 7391.00 🔻 7385.25
  📡 RSI: 25.0 | MACD: -14.05 | ATR: 9.77
  📊 Filled: 0 | Pending: 0
  💰 Daily P&L: $+0.00

[2026-06-09 09:57] O:7380.00 H:7391.25 L:7379.75 C:7389.00 V:5036.0
  📈 Trend: strong_bearish | 🌍 Regime: trending_bearish
  🗺️  Grid: 0.159% | 🔺 7388.75 🔻 7380.00
  📡 RSI: 35.1 | MACD: -12.90 | ATR: 9.80
  📊 Filled: 0 | Pending: 0
  💰 Daily P&L: $+0.00

[2026-06-09 09:58] O:7389.00 H:7398.00 L:7388.75 C:7395.00 V:5990.0
  📈 Trend: strong_bearish | 🌍 Regime: trending_bearish
  🗺️  Grid: 0.158% | 🔺 7391.25 🔻 7379.75
  📡 RSI: 42.7 | MACD: -11.37 | ATR: 9.73
  📊 Filled: 0 | Pending: 0
  💰 Daily P&L: $+0.00

[2026-06-09 09:59] O:7394.75 H:7399.50 L:7393.25 C:7399.00 V:4406.0
  📈 Trend: strong_bearish | 🌍 Regime: trending_bearish
  🗺️  Grid: 0.154% | 🔺 7398.00 🔻 7388.75
  📡 RSI: 48.0 | MACD: -9.72 | ATR: 9.50
  📊 Filled: 0 | Pending: 0
  💰 Daily P&L: $+0.00

[2026-06-09 10:00] O:7399.00 H:7402.75 L:7395.50 C:7399.75 V:6802.0
  📈 Trend: strong_bearish | 🌍 Regime: trending_bearish
  🗺️  Grid: 0.151% | 🔺 7399.50 🔻 7393.25
  📡 RSI: 53.7 | MACD: -8.26 | ATR: 9.32
  📊 Filled: 0 | Pending: 0
  💰 Daily P&L: $+0.00

[2026-06-09 10:01] O:7399.50 H:7400.50 L:7393.00 C:7396.00 V:5852.0
  📈 Trend: strong_bearish | 🌍 Regime: trending_bearish
  🗺️  Grid: 0.145% | 🔺 7402.75 🔻 7395.50
  📡 RSI: 57.3 | MACD: -7.33 | ATR: 8.95
  📊 Filled: 0 | Pending: 0
  💰 Daily P&L: $+0.00

[2026-06-09 10:02] O:7396.00 H:7396.00 L:7390.75 C:7392.25 V:3993.0
  📈 Trend: strong_bearish | 🌍 Regime: trending_bearish
  🗺️  Grid: 0.134% | 🔺 7400.50 🔻 7393.00
  📡 RSI: 61.8 | MACD: -6.81 | ATR: 8.27
  📊 Filled: 0 | Pending: 0
  📤 Limit SELL 5 @ 7392.25 submitted (ID: 468)
  📋 Order 468 status: PreSubmitted
  ⬇️ SHORT ORDER @ 7392.25 | Size: 1.00 | SL: 7408.75 | TP: 7367.50 [HIGH VOL ATR:8.27→5cts]
     Reason: Grid Short (strong_bearish, RSI: 61.8)
     ⏳ Order 468 PENDING - awaiting fill confirmation
  💰 Daily P&L: $+0.00
  ✅ Fill: SLD 5.0 @ 7394.0
  📋 Order 468 status: Filled
  📤 Stop-Limit BUY 5 @ stop:7410.50 / lmt:7414.50 submitted (ID: 469)
  📋 Order 469 status: PreSubmitted
  📤 Limit BUY 5 @ 7369.25 submitted (ID: 470)
  📋 Order 470 status: Submitted
  ✅ FILL CONFIRMED: SHORT @ 7394.00 (order 468)
     📊 Bracket placed: SL #469 @ 7410.50 | TP #470 @ 7369.25
     Trail activates @ +7.5 pts

[2026-06-09 10:03] O:7392.25 H:7402.00 L:7391.75 C:7398.00 V:4710.0
  📈 Trend: strong_bearish | 🌍 Regime: trending_bearish
  🗺️  Grid: 0.137% | 🔺 7396.00 🔻 7390.75
  📡 RSI: 66.6 | MACD: -5.86 | ATR: 8.46
  📊 Filled: 1 | Pending: 0
  📍 SHORT @ 7394.00 | SL: 7410.50 | TP: 7369.25 | P&L: $-1,000.00 | +7.5 to trail
  💰 Daily P&L: $+0.00

[2026-06-09 10:04] O:7397.75 H:7398.00 L:7391.25 C:7391.50 V:3355.0
  📈 Trend: strong_bearish | 🌍 Regime: trending_bearish
  🗺️  Grid: 0.136% | 🔺 7402.00 🔻 7391.75
  📡 RSI: 64.3 | MACD: -5.58 | ATR: 8.36
  📊 Filled: 1 | Pending: 0
  📍 SHORT @ 7394.00 | SL: 7410.50 | TP: 7369.25 | P&L: $+625.00 | +5.2 to trail
  💰 Daily P&L: $+0.00

[2026-06-09 10:05] O:7391.25 H:7392.25 L:7384.25 C:7385.00 V:4528.0
  📈 Trend: strong_bearish | 🌍 Regime: trending_bearish
  🗺️  Grid: 0.129% | 🔺 7398.00 🔻 7391.25
  📡 RSI: 51.8 | MACD: -5.81 | ATR: 7.96
  📊 Filled: 1 | Pending: 0
  📍 SHORT @ 7394.00 | SL: 7410.50 | TP: 7369.25 | P&L: $+2,250.00 | +4.8 to trail
  ✏️ Stop order 469 modified → 7392.50 [confirmed]
  🔄 TRAILING ACTIVATED @ +9.75pts | Stop: 7410.50 → 7392.50
  💰 Daily P&L: $+0.00
  ✅ Fill: BOT 5.0 @ 7392.75
  📋 Order 469 status: Filled

[2026-06-09 10:06] O:7384.75 H:7395.75 L:7384.25 C:7391.75 V:5120.0
  📈 Trend: strong_bearish (raw: moderate_bearish) | 🌍 Regime: trending_bearish
  🗺️  Grid: 0.135% | 🔺 7392.25 🔻 7384.25
  📡 RSI: 59.1 | MACD: -5.38 | ATR: 8.29
  📊 Filled: 1 | Pending: 0
  📍 SHORT @ 7394.00 | Trail: 7392.50 | TP: 7369.25 | P&L: $+562.50 | 🔒 Trailing
  📋 Order 470 status: PendingCancel
  📋 Order 470 status: Cancelled
  ✅ EXIT SHORT @ 7392.75 | Trailing Stop
     P&L: +1.25 pts ($+312.50) | Daily: $+312.50
  ⏸️ Cooldown: 2 bar(s) remaining after exit
  💰 Daily P&L: $+312.50

[2026-06-09 10:07] O:7391.50 H:7394.75 L:7389.25 C:7393.75 V:4312.0
  📈 Trend: moderate_bearish | 🌍 Regime: trending_bearish
  🗺️  Grid: 0.133% | 🔺 7395.75 🔻 7384.25
  📡 RSI: 61.9 | MACD: -4.83 | ATR: 8.21
  📊 Filled: 0 | Pending: 0
  ⏸️ Cooldown: 1 bar(s) remaining after exit
  💰 Daily P&L: $+312.50

[2026-06-09 10:08] O:7393.75 H:7395.25 L:7390.50 C:7393.50 V:2997.0
  📈 Trend: moderate_bearish | 🌍 Regime: trending_bearish
  🗺️  Grid: 0.125% | 🔺 7394.75 🔻 7389.25
  📡 RSI: 55.3 | MACD: -4.36 | ATR: 7.73
  📊 Filled: 0 | Pending: 0
  💰 Daily P&L: $+312.50

[2026-06-09 10:09] O:7393.50 H:7401.50 L:7393.00 C:7400.75 V:3837.0
  📈 Trend: moderate_bearish | 🌍 Regime: trending_bearish
  🗺️  Grid: 0.129% | 🔺 7395.25 🔻 7390.50
  📡 RSI: 61.1 | MACD: -3.36 | ATR: 7.93
  📊 Filled: 0 | Pending: 0
  💰 Daily P&L: $+312.50

[2026-06-09 10:10] O:7400.75 H:7405.75 L:7400.75 C:7404.00 V:4850.0
  📈 Trend: moderate_bearish | 🌍 Regime: trending_bearish
  🗺️  Grid: 0.124% | 🔺 7401.50 🔻 7393.00
  📡 RSI: 68.2 | MACD: -2.29 | ATR: 7.66
  📊 Filled: 0 | Pending: 0
  💰 Daily P&L: $+312.50

[2026-06-09 10:11] O:7404.25 H:7404.50 L:7399.50 C:7400.25 V:3950.0
  📈 Trend: moderate_bearish | 🌍 Regime: trending_bearish
  🗺️  Grid: 0.117% | 🔺 7405.75 🔻 7400.75
  📡 RSI: 59.3 | MACD: -1.72 | ATR: 7.20
  📊 Filled: 0 | Pending: 0
  💰 Daily P&L: $+312.50

[2026-06-09 10:12] O:7400.00 H:7400.25 L:7390.00 C:7391.25 V:4198.0
  📈 Trend: moderate_bearish | 🌍 Regime: trending_bearish
  🗺️  Grid: 0.118% | 🔺 7404.50 🔻 7399.50
  📡 RSI: 47.0 | MACD: -1.97 | ATR: 7.27
  📊 Filled: 0 | Pending: 0
  💰 Daily P&L: $+312.50

[2026-06-09 10:13] O:7391.25 H:7400.75 L:7391.00 C:7400.75 V:3634.0
  📈 Trend: moderate_bearish | 🌍 Regime: trending_bearish
  🗺️  Grid: 0.122% | 🔺 7400.25 🔻 7390.00
  📡 RSI: 51.3 | MACD: -1.38 | ATR: 7.52
  📊 Filled: 0 | Pending: 0
  💰 Daily P&L: $+312.50

[2026-06-09 10:14] O:7400.75 H:7401.00 L:7396.50 C:7396.50 V:2578.0
  📈 Trend: moderate_bearish | 🌍 Regime: trending_bearish
  🗺️  Grid: 0.119% | 🔺 7400.75 🔻 7391.00
  📡 RSI: 47.8 | MACD: -1.25 | ATR: 7.32
  📊 Filled: 0 | Pending: 0
  💰 Daily P&L: $+312.50

[2026-06-09 10:15] O:7396.75 H:7398.75 L:7391.00 C:7392.75 V:3039.0
  📈 Trend: moderate_bearish | 🌍 Regime: trending_bearish
  🗺️  Grid: 0.119% | 🔺 7401.00 🔻 7396.50
  📡 RSI: 47.8 | MACD: -1.43 | ATR: 7.34
  📊 Filled: 0 | Pending: 0
  💰 Daily P&L: $+312.50

[2026-06-09 10:16] O:7392.75 H:7394.25 L:7386.75 C:7387.25 V:3611.0
  📈 Trend: moderate_bearish (raw: strong_bearish) | 🌍 Regime: trending_bearish
  🗺️  Grid: 0.122% | 🔺 7398.75 🔻 7391.00
  📡 RSI: 46.6 | MACD: -1.99 | ATR: 7.50
  📊 Filled: 0 | Pending: 0
  💰 Daily P&L: $+312.50

[2026-06-09 10:17] O:7387.00 H:7389.25 L:7384.00 C:7385.50 V:4128.0
  📈 Trend: strong_bearish | 🌍 Regime: trending_bearish
  🗺️  Grid: 0.116% | 🔺 7394.25 🔻 7386.75
  📡 RSI: 41.1 | MACD: -2.55 | ATR: 7.14
  📊 Filled: 0 | Pending: 0
  💰 Daily P&L: $+312.50

[2026-06-09 10:18] O:7385.50 H:7391.50 L:7385.25 C:7386.00 V:3621.0
  📈 Trend: strong_bearish | 🌍 Regime: trending_bearish
  🗺️  Grid: 0.115% | 🔺 7389.25 🔻 7384.00
  📡 RSI: 45.7 | MACD: -2.92 | ATR: 7.11
  📊 Filled: 0 | Pending: 0
  💰 Daily P&L: $+312.50

[2026-06-09 10:19] O:7386.00 H:7386.75 L:7383.25 C:7383.75 V:2767.0
  📈 Trend: strong_bearish | 🌍 Regime: trending_bearish
  🗺️  Grid: 0.110% | 🔺 7391.50 🔻 7385.25
  📡 RSI: 49.0 | MACD: -3.35 | ATR: 6.79
  📊 Filled: 0 | Pending: 0
  💰 Daily P&L: $+312.50

[2026-06-09 10:20] O:7383.75 H:7388.50 L:7382.50 C:7385.50 V:3792.0
  📈 Trend: strong_bearish | 🌍 Regime: trending_bearish
  🗺️  Grid: 0.104% | 🔺 7386.75 🔻 7383.25
  📡 RSI: 44.3 | MACD: -3.52 | ATR: 6.39
  📊 Filled: 0 | Pending: 0
  💰 Daily P&L: $+312.50

[2026-06-09 10:21] O:7385.75 H:7386.50 L:7383.00 C:7383.00 V:2593.0
  📈 Trend: strong_bearish | 🌍 Regime: trending_bearish
  🗺️  Grid: 0.102% | 🔺 7388.50 🔻 7382.50
  📡 RSI: 40.3 | MACD: -3.80 | ATR: 6.25
  📊 Filled: 0 | Pending: 0
  💰 Daily P&L: $+312.50

[2026-06-09 10:22] O:7383.00 H:7383.25 L:7372.75 C:7373.25 V:5282.0
  📈 Trend: strong_bearish | 🌍 Regime: trending_bearish
  🗺️  Grid: 0.108% | 🔺 7386.50 🔻 7383.00
  📡 RSI: 34.4 | MACD: -4.76 | ATR: 6.66
  📊 Filled: 0 | Pending: 0
  💰 Daily P&L: $+312.50

[2026-06-09 10:23] O:7373.50 H:7377.75 L:7366.50 C:7366.75 V:6881.0
  📈 Trend: strong_bearish | 🌍 Regime: trending_bearish
  🗺️  Grid: 0.112% | 🔺 7383.25 🔻 7372.75
  📡 RSI: 23.4 | MACD: -5.98 | ATR: 6.86
  📊 Filled: 0 | Pending: 0
  💰 Daily P&L: $+312.50

[2026-06-09 10:24] O:7366.75 H:7368.75 L:7362.50 C:7362.50 V:7084.0
  📈 Trend: strong_bearish | 🌍 Regime: trending_bearish
  🗺️  Grid: 0.113% | 🔺 7377.75 🔻 7366.50
  📡 RSI: 18.1 | MACD: -7.20 | ATR: 6.95
  📊 Filled: 0 | Pending: 0
  💰 Daily P&L: $+312.50

[2026-06-09 10:25] O:7362.75 H:7363.25 L:7357.75 C:7358.25 V:9012.0
  📈 Trend: strong_bearish | 🌍 Regime: trending_bearish
  🗺️  Grid: 0.114% | 🔺 7368.75 🔻 7362.50
  📡 RSI: 17.9 | MACD: -8.42 | ATR: 6.98
  📊 Filled: 0 | Pending: 0
  💰 Daily P&L: $+312.50

[2026-06-09 10:26] O:7358.00 H:7358.50 L:7349.75 C:7349.75 V:7996.0
  📈 Trend: strong_bearish | 🌍 Regime: trending_bearish
  🗺️  Grid: 0.112% | 🔺 7363.25 🔻 7357.75
  📡 RSI: 18.1 | MACD: -9.95 | ATR: 6.88
  📊 Filled: 0 | Pending: 0
  💰 Daily P&L: $+312.50

[2026-06-09 10:27] O:7349.75 H:7351.75 L:7345.00 C:7346.00 V:8424.0
  📈 Trend: strong_bearish | 🌍 Regime: trending_bearish
  🗺️  Grid: 0.109% | 🔺 7358.50 🔻 7349.75
  📡 RSI: 3.8 | MACD: -11.34 | ATR: 6.66
  📊 Filled: 0 | Pending: 0
  💰 Daily P&L: $+312.50

[2026-06-09 10:28] O:7346.25 H:7346.25 L:7337.25 C:7339.00 V:8633.0
  📈 Trend: strong_bearish | 🌍 Regime: trending_bearish
  🗺️  Grid: 0.114% | 🔺 7351.75 🔻 7345.00
  📡 RSI: 3.6 | MACD: -12.86 | ATR: 6.98
  📊 Filled: 0 | Pending: 0
  💰 Daily P&L: $+312.50

[2026-06-09 10:29] O:7338.75 H:7339.25 L:7328.50 C:7331.50 V:11444.0
  📈 Trend: strong_bearish | 🌍 Regime: trending_bearish
  🗺️  Grid: 0.118% | 🔺 7346.25 🔻 7337.25
  📡 RSI: 3.4 | MACD: -14.50 | ATR: 7.20
  📊 Filled: 0 | Pending: 0
  💰 Daily P&L: $+312.50

[2026-06-09 10:30] O:7331.75 H:7339.50 L:7329.75 C:7335.50 V:13026.0
  📈 Trend: strong_bearish | 🌍 Regime: trending_bearish
  🗺️  Grid: 0.120% | 🔺 7339.25 🔻 7328.50
  📡 RSI: 9.7 | MACD: -15.30 | ATR: 7.36
  📊 Filled: 0 | Pending: 0
  💰 Daily P&L: $+312.50

[2026-06-09 10:31] O:7335.25 H:7336.50 L:7326.00 C:7328.00 V:9442.0
  📈 Trend: strong_bearish | 🌍 Regime: trending_bearish
  🗺️  Grid: 0.127% | 🔺 7339.50 🔻 7329.75
  📡 RSI: 8.9 | MACD: -16.35 | ATR: 7.73
  📊 Filled: 0 | Pending: 0
  💰 Daily P&L: $+312.50
→ Real-time bars cancelled
✓ Disconnected from IBKR
