Logging to: es_bot_20260608_095648.log

============================================================
📈 MODE: SCALP
   • 10 contract(s) max
   • Grid entries only
   • Trailing stop enabled
   • SL: ~8 pts | TP: ~12 pts | Trail activates: +6 pts
   • Best for: Normal sessions, choppy/ranging opens
============================================================
✓ Connected to IBKR (paper) - clientId=10
✓ Front-month contract: ESM6 expiry=20260618

============================================================
Loading historical data for indicator warm-up...
============================================================
→ Fetching historical bars (1 D, 1 min)...
✓ Loaded 957 historical bars

Processing 957 historical bars...

Indicators ready!
  Bars loaded: 957
  Last price: 7448.00
  Trend: moderate_bullish
  RSI: 49.8
  ATR: 6.71
  MACD: -1.07 / Signal: -1.72
  MA: 7448.60 / 7456.24 / 7450.38

------------------------------------------------------------
Account Value: $1,029,714.65
Buying Power: $4,096,792.15
Current Position: 0 contracts
------------------------------------------------------------

============================================================
Starting live 1-minute bar stream...
Strategy is now ACTIVE (SCALP mode)
============================================================

→ Subscribed to 5-second real-time bars (aggregating to 1 min)

[2026-06-08 08:56] O:7448.00 H:7448.75 L:7447.00 C:7447.75 V:715.0
  📈 Trend: sideways (raw: moderate_bullish) | 🌍 Regime: trending_bullish
  🗺️  Grid: 0.103% | 🔺 7450.00 🔻 7444.75
  📡 RSI: 48.6 | MACD: -1.22 | ATR: 6.38
  📊 Filled: 0 | Pending: 0
  💰 Daily P&L: $+0.00

[2026-06-08 08:57] O:7447.50 H:7448.25 L:7436.25 C:7436.50 V:5728.0
  📈 Trend: sideways (raw: strong_bearish) | 🌍 Regime: trending_bearish
  🗺️  Grid: 0.109% | 🔺 7448.75 🔻 7447.00
  📡 RSI: 38.7 | MACD: -2.21 | ATR: 6.77
  📊 Filled: 0 | Pending: 0
  💰 Daily P&L: $+0.00

[2026-06-08 08:58] O:7436.50 H:7438.00 L:7431.00 C:7435.75 V:6236.0
  📈 Trend: strong_bearish | 🌍 Regime: trending_bearish
  🗺️  Grid: 0.111% | 🔺 7448.25 🔻 7436.25
  📡 RSI: 34.3 | MACD: -3.03 | ATR: 6.89
  📊 Filled: 0 | Pending: 0
  💰 Daily P&L: $+0.00

[2026-06-08 08:59] O:7435.75 H:7438.25 L:7431.25 C:7431.50 V:5002.0
  📈 Trend: strong_bearish | 🌍 Regime: trending_bearish
  🗺️  Grid: 0.113% | 🔺 7438.00 🔻 7431.00
  📡 RSI: 30.4 | MACD: -3.98 | ATR: 7.02
  📊 Filled: 0 | Pending: 0
  💰 Daily P&L: $+0.00

[2026-06-08 09:00] O:7431.25 H:7435.25 L:7429.00 C:7434.75 V:7233.0
  📈 Trend: strong_bearish | 🌍 Regime: trending_bearish
  🗺️  Grid: 0.114% | 🔺 7438.25 🔻 7431.25
  📡 RSI: 36.1 | MACD: -4.41 | ATR: 7.07
  📊 Filled: 0 | Pending: 0
  💰 Daily P&L: $+0.00

[2026-06-08 09:01] O:7435.00 H:7444.50 L:7434.75 C:7443.25 V:7195.0
  📈 Trend: strong_bearish | 🌍 Regime: trending_bearish
  🗺️  Grid: 0.114% | 🔺 7435.25 🔻 7429.00
  📡 RSI: 48.2 | MACD: -4.02 | ATR: 7.09
  📊 Filled: 0 | Pending: 0
  💰 Daily P&L: $+0.00

[2026-06-08 09:02] O:7443.00 H:7446.75 L:7438.75 C:7439.75 V:6399.0
  📈 Trend: strong_bearish | 🌍 Regime: trending_bearish
  🗺️  Grid: 0.118% | 🔺 7444.50 🔻 7434.75
  📡 RSI: 42.9 | MACD: -3.95 | ATR: 7.29
  📊 Filled: 0 | Pending: 0
  💰 Daily P&L: $+0.00

[2026-06-08 09:03] O:7439.50 H:7446.25 L:7437.00 C:7440.75 V:5350.0
  📈 Trend: strong_bearish | 🌍 Regime: trending_bearish
  🗺️  Grid: 0.119% | 🔺 7446.75 🔻 7438.75
  📡 RSI: 47.9 | MACD: -3.78 | ATR: 7.39
  📊 Filled: 0 | Pending: 0
  💰 Daily P&L: $+0.00

[2026-06-08 09:04] O:7440.75 H:7441.25 L:7434.50 C:7435.00 V:3752.0
  📈 Trend: strong_bearish | 🌍 Regime: trending_bearish
  🗺️  Grid: 0.117% | 🔺 7446.25 🔻 7437.00
  📡 RSI: 39.2 | MACD: -4.05 | ATR: 7.25
  📊 Filled: 0 | Pending: 0
  💰 Daily P&L: $+0.00

[2026-06-08 09:05] O:7434.75 H:7436.75 L:7433.50 C:7435.50 V:4213.0
  📈 Trend: strong_bearish | 🌍 Regime: trending_bearish
  🗺️  Grid: 0.112% | 🔺 7441.25 🔻 7434.50
  📡 RSI: 33.6 | MACD: -4.18 | ATR: 6.96
  📊 Filled: 0 | Pending: 0
  💰 Daily P&L: $+0.00

[2026-06-08 09:06] O:7435.75 H:7447.25 L:7434.25 C:7445.75 V:5662.0
  📈 Trend: strong_bearish (raw: moderate_bullish) | 🌍 Regime: trending_bullish
  🗺️  Grid: 0.121% | 🔺 7436.75 🔻 7433.50
  📡 RSI: 39.2 | MACD: -3.42 | ATR: 7.48
  📊 Filled: 0 | Pending: 0
  💰 Daily P&L: $+0.00

[2026-06-08 09:07] O:7446.00 H:7447.25 L:7441.00 C:7442.75 V:3932.0
  📈 Trend: strong_bearish | 🌍 Regime: trending_bearish
  🗺️  Grid: 0.120% | 🔺 7447.25 🔻 7434.25
  📡 RSI: 39.5 | MACD: -3.02 | ATR: 7.45
  📊 Filled: 0 | Pending: 0
  💰 Daily P&L: $+0.00

[2026-06-08 09:08] O:7442.75 H:7445.50 L:7439.00 C:7444.00 V:3308.0
  📈 Trend: strong_bearish (raw: moderate_bearish) | 🌍 Regime: ranging
  🗺️  Grid: 0.117% | 🔺 7447.25 🔻 7441.00
  📡 RSI: 45.6 | MACD: -2.57 | ATR: 7.29
  📊 Filled: 0 | Pending: 0
  🔲 Regime: RANGING | Range pos: 76% | RSI: 45.6
  💰 Daily P&L: $+0.00

[2026-06-08 09:09] O:7444.25 H:7448.50 L:7442.75 C:7446.25 V:3851.0
  📈 Trend: strong_bearish | 🌍 Regime: ranging
  🗺️  Grid: 0.118% | 🔺 7445.50 🔻 7439.00
  📡 RSI: 48.4 | MACD: -2.01 | ATR: 7.32
  📊 Filled: 0 | Pending: 0
  🔲 Regime: RANGING | Range pos: 87% | RSI: 48.4
  💰 Daily P&L: $+0.00

[2026-06-08 09:10] O:7446.50 H:7448.00 L:7441.50 C:7442.75 V:3659.0
  📈 Trend: strong_bearish | 🌍 Regime: ranging
  🗺️  Grid: 0.124% | 🔺 7448.50 🔻 7442.75
  📡 RSI: 45.8 | MACD: -1.83 | ATR: 7.66
  📊 Filled: 0 | Pending: 0
  🔲 Regime: RANGING | Range pos: 70% | RSI: 45.8
  💰 Daily P&L: $+0.00

[2026-06-08 09:11] O:7442.75 H:7447.50 L:7440.50 C:7446.75 V:3604.0
  📈 Trend: strong_bearish | 🌍 Regime: ranging
  🗺️  Grid: 0.118% | 🔺 7448.00 🔻 7441.50
  📡 RSI: 59.9 | MACD: -1.35 | ATR: 7.30
  📊 Filled: 0 | Pending: 0
  🔲 Regime: RANGING | Range pos: 90% | RSI: 59.9
  💰 Daily P&L: $+0.00

[2026-06-08 09:12] O:7446.50 H:7446.75 L:7439.75 C:7441.25 V:3722.0
  📈 Trend: strong_bearish | 🌍 Regime: ranging
  🗺️  Grid: 0.118% | 🔺 7447.50 🔻 7440.50
  📡 RSI: 54.9 | MACD: -1.40 | ATR: 7.30
  📊 Filled: 0 | Pending: 0
  🔲 Regime: RANGING | Range pos: 62% | RSI: 54.9
  💰 Daily P&L: $+0.00

[2026-06-08 09:13] O:7441.25 H:7444.25 L:7437.25 C:7442.50 V:4154.0
  📈 Trend: strong_bearish | 🌍 Regime: ranging
  🗺️  Grid: 0.118% | 🔺 7446.75 🔻 7439.75
  📡 RSI: 60.3 | MACD: -1.32 | ATR: 7.30
  📊 Filled: 0 | Pending: 0
  🔲 Regime: RANGING | Range pos: 68% | RSI: 60.3
  💰 Daily P&L: $+0.00

[2026-06-08 09:14] O:7442.75 H:7445.75 L:7438.50 C:7439.50 V:4107.0
  📈 Trend: strong_bearish | 🌍 Regime: ranging
  🗺️  Grid: 0.119% | 🔺 7444.25 🔻 7437.25
  📡 RSI: 54.5 | MACD: -1.48 | ATR: 7.38
  📊 Filled: 0 | Pending: 0
  🔲 Regime: RANGING | Range pos: 53% | RSI: 54.5
  💰 Daily P&L: $+0.00

[2026-06-08 09:15] O:7439.25 H:7440.00 L:7432.25 C:7433.75 V:3891.0
  📈 Trend: strong_bearish | 🌍 Regime: ranging
  🗺️  Grid: 0.117% | 🔺 7445.75 🔻 7438.50
  📡 RSI: 40.6 | MACD: -2.05 | ATR: 7.23
  📊 Filled: 0 | Pending: 0
  🔲 Regime: RANGING | Range pos: 24% | RSI: 40.6
  💰 Daily P&L: $+0.00

[2026-06-08 09:16] O:7433.75 H:7437.00 L:7432.25 C:7433.00 V:3765.0
  📈 Trend: strong_bearish | 🌍 Regime: trending_bearish
  🗺️  Grid: 0.113% | 🔺 7440.00 🔻 7432.25
  📡 RSI: 42.9 | MACD: -2.53 | ATR: 7.00
  📊 Filled: 0 | Pending: 0
  💰 Daily P&L: $+0.00

[2026-06-08 09:17] O:7433.00 H:7439.50 L:7431.50 C:7438.75 V:3838.0
  📈 Trend: strong_bearish | 🌍 Regime: trending_bearish
  🗺️  Grid: 0.111% | 🔺 7437.00 🔻 7432.25
  📡 RSI: 48.1 | MACD: -2.42 | ATR: 6.91
  📊 Filled: 0 | Pending: 0
  💰 Daily P&L: $+0.00

[2026-06-08 09:18] O:7438.75 H:7441.25 L:7436.00 C:7437.00 V:3303.0
  📈 Trend: strong_bearish | 🌍 Regime: trending_bearish
  🗺️  Grid: 0.110% | 🔺 7439.50 🔻 7431.50
  📡 RSI: 52.1 | MACD: -2.45 | ATR: 6.80
  📊 Filled: 0 | Pending: 0
  💰 Daily P&L: $+0.00

[2026-06-08 09:19] O:7436.75 H:7439.00 L:7434.00 C:7438.75 V:2918.0
  📈 Trend: strong_bearish | 🌍 Regime: trending_bearish
  🗺️  Grid: 0.112% | 🔺 7441.25 🔻 7436.00
  📡 RSI: 53.3 | MACD: -2.30 | ATR: 6.93
  📊 Filled: 0 | Pending: 0
  💰 Daily P&L: $+0.00

[2026-06-08 09:20] O:7438.75 H:7443.00 L:7436.75 C:7438.25 V:3681.0
  📈 Trend: strong_bearish | 🌍 Regime: trending_bearish
  🗺️  Grid: 0.104% | 🔺 7439.00 🔻 7434.00
  📡 RSI: 40.6 | MACD: -2.20 | ATR: 6.45
  📊 Filled: 0 | Pending: 0
  💰 Daily P&L: $+0.00

[2026-06-08 09:21] O:7438.25 H:7440.50 L:7434.75 C:7439.75 V:2753.0
  📈 Trend: strong_bearish | 🌍 Regime: trending_bearish
  🗺️  Grid: 0.103% | 🔺 7443.00 🔻 7436.75
  📡 RSI: 46.1 | MACD: -1.97 | ATR: 6.41
  📊 Filled: 0 | Pending: 0
  💰 Daily P&L: $+0.00

[2026-06-08 09:22] O:7439.75 H:7441.00 L:7435.00 C:7438.25 V:2832.0
  📈 Trend: strong_bearish | 🌍 Regime: trending_bearish
  🗺️  Grid: 0.103% | 🔺 7440.50 🔻 7434.75
  📡 RSI: 42.6 | MACD: -1.89 | ATR: 6.38
  📊 Filled: 0 | Pending: 0
  💰 Daily P&L: $+0.00

[2026-06-08 09:23] O:7438.25 H:7444.50 L:7437.50 C:7444.00 V:3471.0
  📈 Trend: strong_bearish (raw: moderate_bearish) | 🌍 Regime: trending_bearish
  🗺️  Grid: 0.104% | 🔺 7441.00 🔻 7435.00
  📡 RSI: 47.3 | MACD: -1.35 | ATR: 6.46
  📊 Filled: 0 | Pending: 0
  💰 Daily P&L: $+0.00

[2026-06-08 09:24] O:7444.00 H:7446.75 L:7441.25 C:7444.50 V:4138.0
  📈 Trend: moderate_bearish | 🌍 Regime: trending_bearish
  🗺️  Grid: 0.103% | 🔺 7444.50 🔻 7437.50
  📡 RSI: 52.2 | MACD: -0.87 | ATR: 6.39
  📊 Filled: 0 | Pending: 0
  💰 Daily P&L: $+0.00

[2026-06-08 09:25] O:7444.50 H:7448.75 L:7442.25 C:7447.75 V:3462.0
  📈 Trend: moderate_bearish | 🌍 Regime: trending_bearish
  🗺️  Grid: 0.102% | 🔺 7446.75 🔻 7441.25
  📡 RSI: 51.3 | MACD: -0.23 | ATR: 6.36
  📊 Filled: 0 | Pending: 0
  💰 Daily P&L: $+0.00

[2026-06-08 09:26] O:7447.75 H:7452.75 L:7447.00 C:7450.50 V:5067.0
  📈 Trend: moderate_bearish (raw: moderate_bullish) | 🌍 Regime: trending_bullish
  🗺️  Grid: 0.101% | 🔺 7448.75 🔻 7442.25
  📡 RSI: 62.9 | MACD: 0.50 | ATR: 6.27
  📊 Filled: 0 | Pending: 0
  💰 Daily P&L: $+0.00

[2026-06-08 09:27] O:7450.50 H:7453.25 L:7449.75 C:7451.25 V:2738.0
  📈 Trend: moderate_bullish | 🌍 Regime: trending_bullish
  🗺️  Grid: 0.097% | 🔺 7452.75 🔻 7447.00
  📡 RSI: 62.4 | MACD: 1.12 | ATR: 6.02
  📊 Filled: 0 | Pending: 0
  💰 Daily P&L: $+0.00

[2026-06-08 09:28] O:7451.25 H:7451.25 L:7443.75 C:7448.25 V:4137.0
  📈 Trend: moderate_bullish | 🌍 Regime: trending_bullish
  🗺️  Grid: 0.097% | 🔺 7453.25 🔻 7449.75
  📡 RSI: 62.4 | MACD: 1.36 | ATR: 6.04
  📊 Filled: 0 | Pending: 0
  💰 Daily P&L: $+0.00

[2026-06-08 09:29] O:7448.25 H:7450.50 L:7446.25 C:7448.00 V:4922.0
  📈 Trend: moderate_bullish | 🌍 Regime: trending_bullish
  🗺️  Grid: 0.093% | 🔺 7451.25 🔻 7443.75
  📡 RSI: 73.9 | MACD: 1.51 | ATR: 5.79
  📊 Filled: 0 | Pending: 0
  💰 Daily P&L: $+0.00

[2026-06-08 09:30] O:7447.75 H:7451.25 L:7445.50 C:7449.75 V:3858.0
  📈 Trend: moderate_bullish | 🌍 Regime: trending_bullish
  🗺️  Grid: 0.094% | 🔺 7450.50 🔻 7446.25
  📡 RSI: 77.2 | MACD: 1.75 | ATR: 5.86
  📊 Filled: 0 | Pending: 0
  💰 Daily P&L: $+0.00

[2026-06-08 09:31] O:7449.75 H:7450.25 L:7447.25 C:7449.25 V:2986.0
  📈 Trend: moderate_bullish | 🌍 Regime: trending_bullish
  🗺️  Grid: 0.089% | 🔺 7451.25 🔻 7445.50
  📡 RSI: 70.6 | MACD: 1.88 | ATR: 5.50
  📊 Filled: 0 | Pending: 0
  💰 Daily P&L: $+0.00

[2026-06-08 09:32] O:7449.00 H:7452.75 L:7447.50 C:7449.50 V:3261.0
  📈 Trend: moderate_bullish | 🌍 Regime: trending_bullish
  🗺️  Grid: 0.089% | 🔺 7450.25 🔻 7447.25
  📡 RSI: 76.0 | MACD: 1.98 | ATR: 5.50
  📊 Filled: 0 | Pending: 0
  💰 Daily P&L: $+0.00

[2026-06-08 09:33] O:7449.75 H:7450.75 L:7448.00 C:7449.00 V:2656.0
  📈 Trend: moderate_bullish | 🌍 Regime: trending_bullish
  🗺️  Grid: 0.086% | 🔺 7452.75 🔻 7447.50
  📡 RSI: 72.5 | MACD: 1.99 | ATR: 5.34
  📊 Filled: 0 | Pending: 0
  💰 Daily P&L: $+0.00

[2026-06-08 09:34] O:7449.00 H:7452.50 L:7448.75 C:7451.75 V:2525.0
  📈 Trend: moderate_bullish | 🌍 Regime: trending_bullish
  🗺️  Grid: 0.083% | 🔺 7450.75 🔻 7448.00
  📡 RSI: 77.0 | MACD: 2.20 | ATR: 5.16
  📊 Filled: 0 | Pending: 0
  💰 Daily P&L: $+0.00

[2026-06-08 09:35] O:7451.75 H:7455.75 L:7450.00 C:7455.50 V:3333.0
  📈 Trend: moderate_bullish (raw: strong_bullish) | 🌍 Regime: trending_bullish
  🗺️  Grid: 0.083% | 🔺 7452.50 🔻 7448.75
  📡 RSI: 78.9 | MACD: 2.64 | ATR: 5.16
  📊 Filled: 0 | Pending: 0
  💰 Daily P&L: $+0.00

[2026-06-08 09:36] O:7455.25 H:7459.75 L:7452.25 C:7458.25 V:4715.0
  📈 Trend: strong_bullish | 🌍 Regime: trending_bullish
  🗺️  Grid: 0.085% | 🔺 7455.75 🔻 7450.00
  📡 RSI: 85.1 | MACD: 3.17 | ATR: 5.27
  📊 Filled: 0 | Pending: 0
  💰 Daily P&L: $+0.00

[2026-06-08 09:37] O:7458.00 H:7458.00 L:7452.25 C:7454.75 V:4014.0
  📈 Trend: strong_bullish | 🌍 Regime: trending_bullish
  🗺️  Grid: 0.084% | 🔺 7459.75 🔻 7452.25
  📡 RSI: 70.5 | MACD: 3.27 | ATR: 5.20
  📊 Filled: 0 | Pending: 0
  💰 Daily P&L: $+0.00

[2026-06-08 09:38] O:7454.50 H:7455.25 L:7452.75 C:7454.00 V:3167.0
  📈 Trend: strong_bullish | 🌍 Regime: trending_bullish
  🗺️  Grid: 0.080% | 🔺 7458.00 🔻 7452.25
  📡 RSI: 67.9 | MACD: 3.25 | ATR: 4.98
  📊 Filled: 0 | Pending: 0
  💰 Daily P&L: $+0.00

[2026-06-08 09:39] O:7454.00 H:7457.50 L:7450.00 C:7455.50 V:6521.0
  📈 Trend: strong_bullish | 🌍 Regime: trending_bullish
  🗺️  Grid: 0.081% | 🔺 7455.25 🔻 7452.75
  📡 RSI: 65.7 | MACD: 3.32 | ATR: 5.05
  📊 Filled: 0 | Pending: 0
  💰 Daily P&L: $+0.00

[2026-06-08 09:40] O:7455.25 H:7458.00 L:7454.25 C:7456.25 V:3713.0
  📈 Trend: strong_bullish | 🌍 Regime: trending_bullish
  🗺️  Grid: 0.080% | 🔺 7457.50 🔻 7450.00
  📡 RSI: 62.6 | MACD: 3.40 | ATR: 4.91
  📊 Filled: 0 | Pending: 0
  💰 Daily P&L: $+0.00

[2026-06-08 09:41] O:7456.25 H:7456.75 L:7449.00 C:7450.00 V:5067.0
  📈 Trend: strong_bullish | 🌍 Regime: trending_bullish
  🗺️  Grid: 0.084% | 🔺 7458.00 🔻 7454.25
  📡 RSI: 47.8 | MACD: 2.92 | ATR: 5.21
  📊 Filled: 0 | Pending: 0
  💰 Daily P&L: $+0.00

[2026-06-08 09:42] O:7449.75 H:7450.50 L:7443.25 C:7446.00 V:4445.0
  📈 Trend: strong_bullish (raw: moderate_bullish) | 🌍 Regime: trending_bullish
  🗺️  Grid: 0.084% | 🔺 7456.75 🔻 7449.00
  📡 RSI: 46.2 | MACD: 2.19 | ATR: 5.20
  📊 Filled: 0 | Pending: 0
  💰 Daily P&L: $+0.00

[2026-06-08 09:43] O:7446.00 H:7446.25 L:7442.00 C:7443.50 V:3235.0
  📈 Trend: strong_bullish (raw: moderate_bearish) | 🌍 Regime: ranging
  🗺️  Grid: 0.084% | 🔺 7450.50 🔻 7443.25
  📡 RSI: 42.9 | MACD: 1.40 | ATR: 5.20
  📊 Filled: 0 | Pending: 0
  🔲 Regime: RANGING | Range pos: 47% | RSI: 42.9
  💰 Daily P&L: $+0.00

[2026-06-08 09:44] O:7443.75 H:7450.00 L:7443.50 C:7448.25 V:3251.0
  📈 Trend: strong_bullish (raw: moderate_bullish) | 🌍 Regime: ranging
  🗺️  Grid: 0.085% | 🔺 7446.25 🔻 7442.00
  📡 RSI: 47.8 | MACD: 1.14 | ATR: 5.25
  📊 Filled: 0 | Pending: 0
  🔲 Regime: RANGING | Range pos: 63% | RSI: 47.8
  💰 Daily P&L: $+0.00

[2026-06-08 09:45] O:7448.25 H:7457.25 L:7448.25 C:7457.00 V:3861.0
  📈 Trend: moderate_bullish | 🌍 Regime: ranging
  🗺️  Grid: 0.091% | 🔺 7450.00 🔻 7443.50
  📡 RSI: 59.1 | MACD: 1.62 | ATR: 5.68
  📊 Filled: 0 | Pending: 0
  🔲 Regime: RANGING | Range pos: 91% | RSI: 59.1
  💰 Daily P&L: $+0.00

[2026-06-08 09:46] O:7457.00 H:7463.50 L:7456.00 C:7463.50 V:6444.0
  📈 Trend: moderate_bullish (raw: strong_bullish) | 🌍 Regime: ranging
  🗺️  Grid: 0.094% | 🔺 7457.25 🔻 7448.25
  📡 RSI: 64.3 | MACD: 2.50 | ATR: 5.84
  📊 Filled: 0 | Pending: 0
  🔲 Regime: RANGING | Range pos: 100% | RSI: 64.3
  💰 Daily P&L: $+0.00

[2026-06-08 09:47] O:7463.25 H:7466.00 L:7461.75 C:7463.25 V:6865.0
  📈 Trend: strong_bullish | 🌍 Regime: ranging
  🗺️  Grid: 0.096% | 🔺 7463.50 🔻 7456.00
  📡 RSI: 64.6 | MACD: 3.14 | ATR: 5.95
  📊 Filled: 0 | Pending: 0
  🔲 Regime: RANGING | Range pos: 93% | RSI: 64.6
  💰 Daily P&L: $+0.00

[2026-06-08 09:48] O:7463.50 H:7463.50 L:7460.00 C:7461.75 V:3014.0
  📈 Trend: strong_bullish | 🌍 Regime: ranging
  🗺️  Grid: 0.095% | 🔺 7466.00 🔻 7461.75
  📡 RSI: 60.5 | MACD: 3.49 | ATR: 5.93
  📊 Filled: 0 | Pending: 0
  🔲 Regime: RANGING | Range pos: 89% | RSI: 60.5
  💰 Daily P&L: $+0.00

[2026-06-08 09:49] O:7461.75 H:7463.25 L:7458.25 C:7458.75 V:2978.0
  📈 Trend: strong_bullish | 🌍 Regime: ranging
  🗺️  Grid: 0.095% | 🔺 7463.50 🔻 7460.00
  📡 RSI: 53.5 | MACD: 3.48 | ATR: 5.88
  📊 Filled: 0 | Pending: 0
  🔲 Regime: RANGING | Range pos: 80% | RSI: 53.5
  💰 Daily P&L: $+0.00

[2026-06-08 09:50] O:7458.75 H:7460.75 L:7455.75 C:7458.50 V:3396.0
  📈 Trend: strong_bullish | 🌍 Regime: ranging
  🗺️  Grid: 0.092% | 🔺 7463.25 🔻 7458.25
  📡 RSI: 50.3 | MACD: 3.41 | ATR: 5.70
  📊 Filled: 0 | Pending: 0
  🔲 Regime: RANGING | Range pos: 80% | RSI: 50.3
  💰 Daily P&L: $+0.00

[2026-06-08 09:51] O:7458.25 H:7463.75 L:7457.50 C:7463.50 V:3130.0
  📈 Trend: strong_bullish | 🌍 Regime: ranging
  🗺️  Grid: 0.092% | 🔺 7460.75 🔻 7455.75
  📡 RSI: 59.6 | MACD: 3.72 | ATR: 5.71
  📊 Filled: 0 | Pending: 0
  🔲 Regime: RANGING | Range pos: 93% | RSI: 59.6
  💰 Daily P&L: $+0.00

[2026-06-08 09:52] O:7463.50 H:7466.50 L:7462.75 C:7465.75 V:2634.0
  📈 Trend: strong_bullish | 🌍 Regime: ranging
  🗺️  Grid: 0.093% | 🔺 7463.75 🔻 7457.50
  📡 RSI: 62.4 | MACD: 4.10 | ATR: 5.80
  📊 Filled: 0 | Pending: 0
  🔲 Regime: RANGING | Range pos: 98% | RSI: 62.4
  💰 Daily P&L: $+0.00

[2026-06-08 09:53] O:7465.50 H:7465.75 L:7463.25 C:7465.50 V:2494.0
  📈 Trend: strong_bullish | 🌍 Regime: ranging
  🗺️  Grid: 0.088% | 🔺 7466.50 🔻 7462.75
  📡 RSI: 60.9 | MACD: 4.33 | ATR: 5.45
  📊 Filled: 0 | Pending: 0
  🔲 Regime: RANGING | Range pos: 97% | RSI: 60.9
  💰 Daily P&L: $+0.00

[2026-06-08 09:54] O:7465.50 H:7466.50 L:7463.00 C:7464.00 V:2816.0
  📈 Trend: strong_bullish | 🌍 Regime: ranging
  🗺️  Grid: 0.087% | 🔺 7465.75 🔻 7463.25
  📡 RSI: 58.3 | MACD: 4.34 | ATR: 5.43
  📊 Filled: 0 | Pending: 0
  🔲 Regime: RANGING | Range pos: 93% | RSI: 58.3
  💰 Daily P&L: $+0.00

[2026-06-08 09:55] O:7464.00 H:7465.00 L:7461.50 C:7463.50 V:2613.0
  📈 Trend: strong_bullish | 🌍 Regime: ranging
  🗺️  Grid: 0.082% | 🔺 7466.50 🔻 7463.00
  📡 RSI: 66.5 | MACD: 4.26 | ATR: 5.12
  📊 Filled: 0 | Pending: 0
  🔲 Regime: RANGING | Range pos: 92% | RSI: 66.5
  💰 Daily P&L: $+0.00

[2026-06-08 09:56] O:7463.50 H:7463.75 L:7459.25 C:7463.50 V:2594.0
  📈 Trend: strong_bullish | 🌍 Regime: ranging
  🗺️  Grid: 0.080% | 🔺 7465.00 🔻 7461.50
  📡 RSI: 73.6 | MACD: 4.15 | ATR: 4.93
  📊 Filled: 0 | Pending: 0
  🔲 Regime: RANGING | Range pos: 92% | RSI: 73.6
  🚫 Raw trend blocks RANGING SHORT | raw: strong_bullish
  💰 Daily P&L: $+0.00

[2026-06-08 09:57] O:7463.50 H:7468.50 L:7463.50 C:7467.50 V:2899.0
  📈 Trend: strong_bullish | 🌍 Regime: ranging
  🗺️  Grid: 0.080% | 🔺 7463.75 🔻 7459.25
  📡 RSI: 81.2 | MACD: 4.33 | ATR: 4.98
  📊 Filled: 0 | Pending: 0
  🔲 Regime: RANGING | Range pos: 97% | RSI: 81.2
  🚫 Raw trend blocks RANGING SHORT | raw: strong_bullish
  💰 Daily P&L: $+0.00

[2026-06-08 09:58] O:7467.50 H:7471.25 L:7467.50 C:7471.00 V:2493.0
  📈 Trend: strong_bullish | 🌍 Regime: ranging
  🗺️  Grid: 0.080% | 🔺 7468.50 🔻 7463.50
  📡 RSI: 80.5 | MACD: 4.71 | ATR: 4.79
  📊 Filled: 0 | Pending: 0
  🔲 Regime: RANGING | Range pos: 99% | RSI: 80.5
  🚫 Raw trend blocks RANGING SHORT | raw: strong_bullish
  💰 Daily P&L: $+0.00

[2026-06-08 09:59] O:7471.00 H:7473.50 L:7469.50 C:7473.25 V:3473.0
  📈 Trend: strong_bullish | 🌍 Regime: ranging
  🗺️  Grid: 0.080% | 🔺 7471.25 🔻 7467.50
  📡 RSI: 76.4 | MACD: 5.12 | ATR: 4.43
  📊 Filled: 0 | Pending: 0
  🔲 Regime: RANGING | Range pos: 99% | RSI: 76.4
  🚫 Raw trend blocks RANGING SHORT | raw: strong_bullish
  💰 Daily P&L: $+0.00

[2026-06-08 10:00] O:7473.00 H:7474.00 L:7470.75 C:7472.25 V:4470.0
  📈 Trend: strong_bullish | 🌍 Regime: ranging
  🗺️  Grid: 0.080% | 🔺 7473.50 🔻 7469.50
  📡 RSI: 67.3 | MACD: 5.31 | ATR: 4.12
  📊 Filled: 0 | Pending: 0
  🔲 Regime: RANGING | Range pos: 96% | RSI: 67.3
  💰 Daily P&L: $+0.00

[2026-06-08 10:01] O:7472.25 H:7476.50 L:7472.00 C:7473.75 V:3935.0
  📈 Trend: strong_bullish | 🌍 Regime: trending_bullish
  🗺️  Grid: 0.080% | 🔺 7474.00 🔻 7470.75
  📡 RSI: 69.8 | MACD: 5.52 | ATR: 4.14
  📊 Filled: 0 | Pending: 0
  💰 Daily P&L: $+0.00

[2026-06-08 10:02] O:7473.50 H:7476.00 L:7472.50 C:7475.00 V:2320.0
  📈 Trend: strong_bullish | 🌍 Regime: trending_bullish
  🗺️  Grid: 0.080% | 🔺 7476.50 🔻 7472.00
  📡 RSI: 75.2 | MACD: 5.72 | ATR: 4.14
  📊 Filled: 0 | Pending: 0
  💰 Daily P&L: $+0.00

[2026-06-08 10:03] O:7474.75 H:7475.00 L:7472.00 C:7472.25 V:2573.0
  📈 Trend: strong_bullish | 🌍 Regime: trending_bullish
  🗺️  Grid: 0.080% | 🔺 7476.00 🔻 7472.50
  📡 RSI: 76.0 | MACD: 5.59 | ATR: 4.00
  📊 Filled: 0 | Pending: 0
  💰 Daily P&L: $+0.00

[2026-06-08 10:04] O:7472.25 H:7472.75 L:7469.00 C:7469.50 V:3414.0
  📈 Trend: strong_bullish | 🌍 Regime: trending_bullish
  🗺️  Grid: 0.080% | 🔺 7475.00 🔻 7472.00
  📡 RSI: 69.3 | MACD: 5.21 | ATR: 3.91
  📊 Filled: 0 | Pending: 0
  💰 Daily P&L: $+0.00

[2026-06-08 10:05] O:7469.25 H:7473.00 L:7468.50 C:7472.00 V:3111.0
  📈 Trend: strong_bullish | 🌍 Regime: trending_bullish
  🗺️  Grid: 0.080% | 🔺 7472.75 🔻 7469.00
  📡 RSI: 66.3 | MACD: 5.05 | ATR: 3.79
  📊 Filled: 0 | Pending: 0
  💰 Daily P&L: $+0.00

[2026-06-08 10:06] O:7472.00 H:7476.75 L:7471.75 C:7475.50 V:3324.0
  📈 Trend: strong_bullish | 🌍 Regime: trending_bullish
  🗺️  Grid: 0.080% | 🔺 7473.00 🔻 7468.50
  📡 RSI: 67.9 | MACD: 5.15 | ATR: 3.88
  📊 Filled: 0 | Pending: 0
  💰 Daily P&L: $+0.00

[2026-06-08 10:07] O:7475.50 H:7476.00 L:7472.00 C:7473.00 V:2403.0
  📈 Trend: strong_bullish | 🌍 Regime: trending_bullish
  🗺️  Grid: 0.080% | 🔺 7476.75 🔻 7471.75
  📡 RSI: 62.7 | MACD: 4.96 | ATR: 3.98
  📊 Filled: 0 | Pending: 0
  💰 Daily P&L: $+0.00

[2026-06-08 10:08] O:7473.00 H:7475.00 L:7472.75 C:7473.50 V:2175.0
  📈 Trend: strong_bullish | 🌍 Regime: trending_bullish
  🗺️  Grid: 0.080% | 🔺 7476.00 🔻 7472.00
  📡 RSI: 66.7 | MACD: 4.80 | ATR: 3.89
  📊 Filled: 0 | Pending: 0
  💰 Daily P&L: $+0.00

[2026-06-08 10:09] O:7473.25 H:7474.50 L:7472.25 C:7474.25 V:3032.0
  📈 Trend: strong_bullish | 🌍 Regime: trending_bullish
  🗺️  Grid: 0.080% | 🔺 7475.00 🔻 7472.75
  📡 RSI: 68.7 | MACD: 4.68 | ATR: 3.80
  📊 Filled: 0 | Pending: 0
  💰 Daily P&L: $+0.00

[2026-06-08 10:10] O:7474.50 H:7475.00 L:7472.75 C:7474.25 V:1573.0
  📈 Trend: strong_bullish | 🌍 Regime: trending_bullish
  🗺️  Grid: 0.080% | 🔺 7474.50 🔻 7472.25
  📡 RSI: 68.7 | MACD: 4.54 | ATR: 3.64
  📊 Filled: 0 | Pending: 0
  💰 Daily P&L: $+0.00

[2026-06-08 10:11] O:7474.25 H:7475.25 L:7472.50 C:7473.25 V:2271.0
  📈 Trend: strong_bullish | 🌍 Regime: trending_bullish
  🗺️  Grid: 0.080% | 🔺 7475.00 🔻 7472.75
  📡 RSI: 61.2 | MACD: 4.29 | ATR: 3.48
  📊 Filled: 0 | Pending: 0
  💰 Daily P&L: $+0.00

[2026-06-08 10:12] O:7473.00 H:7474.75 L:7472.75 C:7474.00 V:2285.0
  📈 Trend: strong_bullish | 🌍 Regime: trending_bullish
  🗺️  Grid: 0.080% | 🔺 7475.25 🔻 7472.50
  📡 RSI: 56.5 | MACD: 4.11 | ATR: 3.36
  📊 Filled: 0 | Pending: 0
  💰 Daily P&L: $+0.00

[2026-06-08 10:13] O:7473.75 H:7474.00 L:7472.25 C:7473.00 V:1844.0
  📈 Trend: strong_bullish | 🌍 Regime: trending_bullish
  🗺️  Grid: 0.080% | 🔺 7474.75 🔻 7472.75
  📡 RSI: 49.4 | MACD: 3.84 | ATR: 3.20
  📊 Filled: 0 | Pending: 0
  💰 Daily P&L: $+0.00

[2026-06-08 10:14] O:7473.00 H:7473.25 L:7469.75 C:7470.50 V:2249.0
  📈 Trend: strong_bullish | 🌍 Regime: trending_bullish
  🗺️  Grid: 0.080% | 🔺 7474.00 🔻 7472.25
  📡 RSI: 46.2 | MACD: 3.38 | ATR: 3.21
  📊 Filled: 0 | Pending: 0
  💰 Daily P&L: $+0.00

[2026-06-08 10:15] O:7470.75 H:7475.50 L:7470.50 C:7473.25 V:2884.0
  📈 Trend: strong_bullish | 🌍 Regime: trending_bullish
  🗺️  Grid: 0.080% | 🔺 7473.25 🔻 7469.75
  📡 RSI: 49.0 | MACD: 3.21 | ATR: 3.25
  📊 Filled: 0 | Pending: 0
  💰 Daily P&L: $+0.00

[2026-06-08 10:16] O:7473.00 H:7474.00 L:7471.00 C:7472.50 V:2561.0
  📈 Trend: strong_bullish | 🌍 Regime: trending_bullish
  🗺️  Grid: 0.080% | 🔺 7475.50 🔻 7470.50
  📡 RSI: 44.8 | MACD: 2.97 | ATR: 3.21
  📊 Filled: 0 | Pending: 0
  💰 Daily P&L: $+0.00

[2026-06-08 10:17] O:7472.25 H:7472.50 L:7469.25 C:7469.75 V:3271.0
  📈 Trend: strong_bullish (raw: moderate_bullish) | 🌍 Regime: trending_bullish
  🗺️  Grid: 0.080% | 🔺 7474.00 🔻 7471.00
  📡 RSI: 44.8 | MACD: 2.54 | ATR: 3.23
  📊 Filled: 0 | Pending: 0
  💰 Daily P&L: $+0.00

[2026-06-08 10:18] O:7469.50 H:7472.50 L:7467.00 C:7470.75 V:6913.0
  📈 Trend: moderate_bullish | 🌍 Regime: trending_bullish
  🗺️  Grid: 0.080% | 🔺 7472.50 🔻 7469.25
  📡 RSI: 52.8 | MACD: 2.25 | ATR: 3.36
  📊 Filled: 0 | Pending: 0
  💰 Daily P&L: $+0.00

[2026-06-08 10:19] O:7470.75 H:7473.75 L:7470.25 C:7471.25 V:2357.0
  📈 Trend: moderate_bullish | 🌍 Regime: trending_bullish
  🗺️  Grid: 0.080% | 🔺 7472.50 🔻 7467.00
  📡 RSI: 48.1 | MACD: 2.03 | ATR: 3.29
  📊 Filled: 0 | Pending: 0
  💰 Daily P&L: $+0.00

[2026-06-08 10:20] O:7471.50 H:7474.25 L:7470.50 C:7471.25 V:3069.0
  📈 Trend: moderate_bullish | 🌍 Regime: trending_bullish
  🗺️  Grid: 0.080% | 🔺 7473.75 🔻 7470.25
  📡 RSI: 37.3 | MACD: 1.84 | ATR: 3.20
  📊 Filled: 0 | Pending: 0
  💰 Daily P&L: $+0.00

[2026-06-08 10:21] O:7471.00 H:7471.25 L:7466.50 C:7466.50 V:3915.0
  📈 Trend: moderate_bullish | 🌍 Regime: trending_bullish
  🗺️  Grid: 0.080% | 🔺 7474.25 🔻 7470.50
  📡 RSI: 32.9 | MACD: 1.29 | ATR: 3.25
  📊 Filled: 0 | Pending: 0
  💰 Daily P&L: $+0.00

[2026-06-08 10:22] O:7466.50 H:7468.50 L:7464.25 C:7466.50 V:2865.0
  📈 Trend: moderate_bullish | 🌍 Regime: trending_bullish
  🗺️  Grid: 0.080% | 🔺 7471.25 🔻 7466.50
  📡 RSI: 31.1 | MACD: 0.85 | ATR: 3.39
  📊 Filled: 0 | Pending: 0
  💰 Daily P&L: $+0.00

[2026-06-08 10:23] O:7466.50 H:7470.00 L:7465.25 C:7470.00 V:2375.0
  📈 Trend: moderate_bullish (raw: strong_bullish) | 🌍 Regime: trending_bullish
  🗺️  Grid: 0.080% | 🔺 7468.50 🔻 7464.25
  📡 RSI: 40.0 | MACD: 0.77 | ATR: 3.57
  📊 Filled: 0 | Pending: 0
  🚫 Long blocked: price 7470.00 is 6.8 pts below session high 7476.75 (limit: 10.0 pts, window: 2.0 hrs)
  💰 Daily P&L: $+0.00

[2026-06-08 10:24] O:7469.75 H:7473.00 L:7469.75 C:7472.25 V:2198.0
  📈 Trend: strong_bullish | 🌍 Regime: trending_bullish
  🗺️  Grid: 0.080% | 🔺 7470.00 🔻 7465.25
  📡 RSI: 45.7 | MACD: 0.88 | ATR: 3.64
  📊 Filled: 0 | Pending: 0
  💰 Daily P&L: $+0.00

[2026-06-08 10:25] O:7472.25 H:7472.25 L:7466.50 C:7467.25 V:2618.0
  📈 Trend: strong_bullish (raw: moderate_bullish) | 🌍 Regime: trending_bullish
  🗺️  Grid: 0.080% | 🔺 7473.00 🔻 7469.75
  📡 RSI: 39.1 | MACD: 0.55 | ATR: 3.86
  📊 Filled: 0 | Pending: 0
  💰 Daily P&L: $+0.00

[2026-06-08 10:26] O:7467.00 H:7467.75 L:7461.75 C:7462.50 V:3375.0
  📈 Trend: moderate_bullish | 🌍 Regime: trending_bullish
  🗺️  Grid: 0.080% | 🔺 7472.25 🔻 7466.50
  📡 RSI: 31.7 | MACD: -0.09 | ATR: 4.14
  📊 Filled: 0 | Pending: 0
  💰 Daily P&L: $+0.00

[2026-06-08 10:27] O:7462.50 H:7464.00 L:7461.00 C:7462.75 V:3980.0
  📈 Trend: moderate_bullish | 🌍 Regime: trending_bullish
  🗺️  Grid: 0.080% | 🔺 7467.75 🔻 7461.75
  📡 RSI: 33.3 | MACD: -0.56 | ATR: 4.23
  📊 Filled: 0 | Pending: 0
  💰 Daily P&L: $+0.00

[2026-06-08 10:28] O:7462.75 H:7464.50 L:7460.75 C:7461.50 V:2999.0
  📈 Trend: moderate_bullish | 🌍 Regime: trending_bullish
  🗺️  Grid: 0.080% | 🔺 7464.00 🔻 7461.00
  📡 RSI: 34.7 | MACD: -1.03 | ATR: 4.25
  📊 Filled: 0 | Pending: 0
  💰 Daily P&L: $+0.00

[2026-06-08 10:29] O:7461.50 H:7462.25 L:7453.75 C:7455.25 V:5566.0
  📈 Trend: moderate_bullish | 🌍 Regime: trending_bullish
  🗺️  Grid: 0.080% | 🔺 7464.50 🔻 7460.75
  📡 RSI: 22.7 | MACD: -1.89 | ATR: 4.50
  📊 Filled: 0 | Pending: 0
  💰 Daily P&L: $+0.00

[2026-06-08 10:30] O:7455.25 H:7456.50 L:7446.75 C:7448.00 V:7128.0
  📈 Trend: moderate_bullish | 🌍 Regime: trending_bullish
  🗺️  Grid: 0.080% | 🔺 7462.25 🔻 7453.75
  📡 RSI: 19.0 | MACD: -3.11 | ATR: 4.98
  📊 Filled: 0 | Pending: 0
  💰 Daily P&L: $+0.00

[2026-06-08 10:31] O:7448.00 H:7451.75 L:7447.00 C:7447.75 V:5484.0
  📈 Trend: moderate_bullish | 🌍 Regime: trending_bullish
  🗺️  Grid: 0.082% | 🔺 7456.50 🔻 7446.75
  📡 RSI: 20.3 | MACD: -4.06 | ATR: 5.09
  📊 Filled: 0 | Pending: 0
  💰 Daily P&L: $+0.00

[2026-06-08 10:32] O:7448.00 H:7449.50 L:7443.25 C:7444.75 V:4870.0
  📈 Trend: moderate_bullish (raw: strong_bearish) | 🌍 Regime: ranging
  🗺️  Grid: 0.083% | 🔺 7451.75 🔻 7447.00
  📡 RSI: 16.7 | MACD: -4.99 | ATR: 5.14
  📊 Filled: 0 | Pending: 0
  🔲 Regime: RANGING | Range pos: 33% | RSI: 16.7
  💰 Daily P&L: $+0.00

[2026-06-08 10:33] O:7444.75 H:7445.75 L:7442.25 C:7443.00 V:4327.0
  📈 Trend: strong_bearish | 🌍 Regime: ranging
  🗺️  Grid: 0.083% | 🔺 7449.50 🔻 7443.25
  📡 RSI: 14.9 | MACD: -5.81 | ATR: 5.14
  📊 Filled: 0 | Pending: 0
  🔲 Regime: RANGING | Range pos: 29% | RSI: 14.9
  🚫 Raw trend blocks RANGING LONG | raw: strong_bearish
  💰 Daily P&L: $+0.00

[2026-06-08 10:34] O:7443.00 H:7446.50 L:7440.75 C:7444.00 V:4847.0
  📈 Trend: strong_bearish | 🌍 Regime: ranging
  🗺️  Grid: 0.085% | 🔺 7445.75 🔻 7442.25
  📡 RSI: 17.0 | MACD: -6.30 | ATR: 5.29
  📊 Filled: 0 | Pending: 0
  🔲 Regime: RANGING | Range pos: 31% | RSI: 17.0
  💰 Daily P&L: $+0.00

[2026-06-08 10:35] O:7443.75 H:7446.50 L:7442.75 C:7444.25 V:4426.0
  📈 Trend: strong_bearish | 🌍 Regime: ranging
  🗺️  Grid: 0.084% | 🔺 7446.50 🔻 7440.75
  📡 RSI: 19.7 | MACD: -6.59 | ATR: 5.21
  📊 Filled: 0 | Pending: 0
  🔲 Regime: RANGING | Range pos: 32% | RSI: 19.7
  💰 Daily P&L: $+0.00

[2026-06-08 10:36] O:7444.00 H:7447.00 L:7441.25 C:7445.25 V:3639.0
  📈 Trend: strong_bearish | 🌍 Regime: trending_bearish
  🗺️  Grid: 0.086% | 🔺 7446.50 🔻 7442.75
  📡 RSI: 21.9 | MACD: -6.67 | ATR: 5.32
  📊 Filled: 0 | Pending: 0
  💰 Daily P&L: $+0.00

[2026-06-08 10:37] O:7445.00 H:7451.25 L:7444.00 C:7450.75 V:3372.0
  📈 Trend: strong_bearish | 🌍 Regime: trending_bearish
  🗺️  Grid: 0.089% | 🔺 7447.00 🔻 7441.25
  📡 RSI: 25.8 | MACD: -6.21 | ATR: 5.50
  📊 Filled: 0 | Pending: 0
  💰 Daily P&L: $+0.00

[2026-06-08 10:38] O:7450.75 H:7455.75 L:7450.00 C:7455.50 V:3355.0
  📈 Trend: strong_bearish | 🌍 Regime: trending_bearish
  🗺️  Grid: 0.091% | 🔺 7451.25 🔻 7444.00
  📡 RSI: 30.2 | MACD: -5.40 | ATR: 5.68
  📊 Filled: 0 | Pending: 0
  💰 Daily P&L: $+0.00

[2026-06-08 10:39] O:7455.50 H:7458.75 L:7454.50 C:7457.50 V:2812.0
  📈 Trend: strong_bearish (raw: moderate_bearish) | 🌍 Regime: ranging
  🗺️  Grid: 0.090% | 🔺 7455.75 🔻 7450.00
  📡 RSI: 37.6 | MACD: -4.55 | ATR: 5.57
  📊 Filled: 0 | Pending: 0
  🔲 Regime: RANGING | Range pos: 60% | RSI: 37.6
  💰 Daily P&L: $+0.00

[2026-06-08 10:40] O:7457.25 H:7461.50 L:7456.75 C:7459.25 V:2982.0
  📈 Trend: moderate_bearish | 🌍 Regime: ranging
  🗺️  Grid: 0.088% | 🔺 7458.75 🔻 7454.50
  📡 RSI: 45.5 | MACD: -3.69 | ATR: 5.48
  📊 Filled: 0 | Pending: 0
  🔲 Regime: RANGING | Range pos: 63% | RSI: 45.5
  💰 Daily P&L: $+0.00

[2026-06-08 10:41] O:7459.50 H:7459.75 L:7456.50 C:7458.75 V:2827.0
  📈 Trend: moderate_bearish | 🌍 Regime: ranging
  🗺️  Grid: 0.088% | 🔺 7461.50 🔻 7456.75
  📡 RSI: 44.5 | MACD: -3.02 | ATR: 5.50
  📊 Filled: 0 | Pending: 0
  🔲 Regime: RANGING | Range pos: 62% | RSI: 44.5
  💰 Daily P&L: $+0.00

[2026-06-08 10:42] O:7458.75 H:7459.25 L:7454.00 C:7456.50 V:4406.0
  📈 Trend: moderate_bearish | 🌍 Regime: trending_bearish
  🗺️  Grid: 0.090% | 🔺 7459.75 🔻 7456.50
  📡 RSI: 43.3 | MACD: -2.63 | ATR: 5.61
  📊 Filled: 0 | Pending: 0
  💰 Daily P&L: $+0.00

[2026-06-08 10:43] O:7456.50 H:7459.00 L:7456.25 C:7456.50 V:1888.0
  📈 Trend: moderate_bearish | 🌍 Regime: trending_bearish
  🗺️  Grid: 0.084% | 🔺 7459.25 🔻 7454.00
  📡 RSI: 52.0 | MACD: -2.30 | ATR: 5.20
  📊 Filled: 0 | Pending: 0
  💰 Daily P&L: $+0.00

[2026-06-08 10:44] O:7456.50 H:7459.75 L:7456.00 C:7459.50 V:2109.0
  📈 Trend: moderate_bearish | 🌍 Regime: trending_bearish
  🗺️  Grid: 0.080% | 🔺 7459.00 🔻 7456.25
  📡 RSI: 71.3 | MACD: -1.77 | ATR: 4.77
  📊 Filled: 0 | Pending: 0
  💰 Daily P&L: $+0.00

[2026-06-08 10:45] O:7459.50 H:7462.50 L:7459.00 C:7461.75 V:3892.0
  📈 Trend: moderate_bearish | 🌍 Regime: trending_bearish
  🗺️  Grid: 0.080% | 🔺 7459.75 🔻 7456.00
  📡 RSI: 74.1 | MACD: -1.16 | ATR: 4.68
  📊 Filled: 0 | Pending: 0
  💰 Daily P&L: $+0.00

[2026-06-08 10:46] O:7461.75 H:7465.50 L:7461.50 C:7464.50 V:2722.0
  📈 Trend: moderate_bearish (raw: moderate_bullish) | 🌍 Regime: trending_bullish
  🗺️  Grid: 0.080% | 🔺 7462.50 🔻 7459.00
  📡 RSI: 84.3 | MACD: -0.45 | ATR: 4.52
  📊 Filled: 0 | Pending: 0
  💰 Daily P&L: $+0.00

[2026-06-08 10:47] O:7464.50 H:7466.00 L:7463.50 C:7464.00 V:2378.0
  📈 Trend: moderate_bearish (raw: strong_bullish) | 🌍 Regime: ranging
  🗺️  Grid: 0.080% | 🔺 7465.50 🔻 7461.50
  📡 RSI: 88.2 | MACD: 0.07 | ATR: 4.45
  📊 Filled: 0 | Pending: 0
  🔲 Regime: RANGING | Range pos: 73% | RSI: 88.2
  🚫 Raw trend blocks RANGING SHORT | raw: strong_bullish
  💰 Daily P&L: $+0.00

[2026-06-08 10:48] O:7464.00 H:7464.00 L:7457.75 C:7458.50 V:2832.0
  📈 Trend: strong_bullish | 🌍 Regime: ranging
  🗺️  Grid: 0.080% | 🔺 7466.00 🔻 7463.50
  📡 RSI: 72.7 | MACD: 0.04 | ATR: 4.48
  📊 Filled: 0 | Pending: 0
  🔲 Regime: RANGING | Range pos: 62% | RSI: 72.7
  💰 Daily P&L: $+0.00

[2026-06-08 10:49] O:7458.50 H:7459.75 L:7455.25 C:7456.25 V:2941.0
  📈 Trend: strong_bullish (raw: moderate_bullish) | 🌍 Regime: ranging
  🗺️  Grid: 0.080% | 🔺 7464.00 🔻 7457.75
  📡 RSI: 67.6 | MACD: -0.16 | ATR: 4.54
  📊 Filled: 0 | Pending: 0
  🔲 Regime: RANGING | Range pos: 57% | RSI: 67.6
  💰 Daily P&L: $+0.00

[2026-06-08 10:50] O:7456.00 H:7461.00 L:7456.00 C:7459.75 V:2449.0
  📈 Trend: moderate_bullish | 🌍 Regime: ranging
  🗺️  Grid: 0.080% | 🔺 7459.75 🔻 7455.25
  📡 RSI: 69.9 | MACD: -0.04 | ATR: 4.48
  📊 Filled: 0 | Pending: 0
  🔲 Regime: RANGING | Range pos: 64% | RSI: 69.9
  💰 Daily P&L: $+0.00

[2026-06-08 10:51] O:7459.75 H:7462.50 L:7459.50 C:7461.50 V:2010.0
  📈 Trend: moderate_bullish (raw: strong_bullish) | 🌍 Regime: ranging
  🗺️  Grid: 0.080% | 🔺 7461.00 🔻 7456.00
  📡 RSI: 66.4 | MACD: 0.19 | ATR: 4.18
  📊 Filled: 0 | Pending: 0
  🔲 Regime: RANGING | Range pos: 68% | RSI: 66.4
  💰 Daily P&L: $+0.00

[2026-06-08 10:52] O:7461.50 H:7463.75 L:7460.75 C:7463.50 V:2252.0
  📈 Trend: strong_bullish | 🌍 Regime: ranging
  🗺️  Grid: 0.080% | 🔺 7462.50 🔻 7459.50
  📡 RSI: 63.3 | MACD: 0.54 | ATR: 3.98
  📊 Filled: 0 | Pending: 0
  🔲 Regime: RANGING | Range pos: 72% | RSI: 63.3
  💰 Daily P&L: $+0.00

[2026-06-08 10:53] O:7463.75 H:7464.25 L:7461.25 C:7461.75 V:1558.0
  📈 Trend: strong_bullish | 🌍 Regime: ranging
  🗺️  Grid: 0.080% | 🔺 7463.75 🔻 7460.75
  📡 RSI: 57.1 | MACD: 0.66 | ATR: 3.89
  📊 Filled: 0 | Pending: 0
  🔲 Regime: RANGING | Range pos: 69% | RSI: 57.1
  💰 Daily P&L: $+0.00

[2026-06-08 10:54] O:7461.50 H:7461.75 L:7456.50 C:7457.75 V:2933.0
  📈 Trend: strong_bullish | 🌍 Regime: ranging
  🗺️  Grid: 0.080% | 🔺 7464.25 🔻 7461.25
  📡 RSI: 47.7 | MACD: 0.43 | ATR: 3.93
  📊 Filled: 0 | Pending: 0
  🔲 Regime: RANGING | Range pos: 60% | RSI: 47.7
  💰 Daily P&L: $+0.00

[2026-06-08 10:55] O:7457.75 H:7457.75 L:7451.75 C:7452.25 V:3678.0
  📈 Trend: strong_bullish (raw: moderate_bullish) | 🌍 Regime: ranging
  🗺️  Grid: 0.080% | 🔺 7461.75 🔻 7456.50
  📡 RSI: 41.2 | MACD: -0.20 | ATR: 4.12
  📊 Filled: 0 | Pending: 0
  🔲 Regime: RANGING | Range pos: 49% | RSI: 41.2
  💰 Daily P&L: $+0.00

[2026-06-08 10:56] O:7452.25 H:7454.25 L:7449.50 C:7451.25 V:3338.0
  📈 Trend: moderate_bullish | 🌍 Regime: ranging
  🗺️  Grid: 0.080% | 🔺 7457.75 🔻 7451.75
  📡 RSI: 42.7 | MACD: -0.77 | ATR: 4.09
  📊 Filled: 0 | Pending: 0
  🔲 Regime: RANGING | Range pos: 47% | RSI: 42.7
  💰 Daily P&L: $+0.00

[2026-06-08 10:57] O:7451.50 H:7452.25 L:7449.75 C:7449.75 V:1970.0
  📈 Trend: moderate_bullish (raw: strong_bearish) | 🌍 Regime: ranging
  🗺️  Grid: 0.080% | 🔺 7454.25 🔻 7449.50
  📡 RSI: 40.9 | MACD: -1.32 | ATR: 4.07
  📊 Filled: 0 | Pending: 0
  🔲 Regime: RANGING | Range pos: 43% | RSI: 40.9
  💰 Daily P&L: $+0.00

[2026-06-08 10:58] O:7449.75 H:7452.00 L:7447.50 C:7448.00 V:1867.0
  📈 Trend: strong_bearish | 🌍 Regime: ranging
  🗺️  Grid: 0.080% | 🔺 7452.25 🔻 7449.75
  📡 RSI: 34.0 | MACD: -1.88 | ATR: 4.12
  📊 Filled: 0 | Pending: 0
  🔲 Regime: RANGING | Range pos: 40% | RSI: 34.0
  💰 Daily P&L: $+0.00

[2026-06-08 10:59] O:7448.00 H:7450.25 L:7447.00 C:7450.00 V:2723.0
  📈 Trend: strong_bearish | 🌍 Regime: ranging
  🗺️  Grid: 0.080% | 🔺 7452.00 🔻 7447.50
  📡 RSI: 33.6 | MACD: -2.14 | ATR: 4.11
  📊 Filled: 0 | Pending: 0
  🔲 Regime: RANGING | Range pos: 44% | RSI: 33.6
  💰 Daily P&L: $+0.00

[2026-06-08 11:00] O:7450.00 H:7451.50 L:7446.25 C:7446.75 V:3386.0
  📈 Trend: strong_bearish | 🌍 Regime: ranging
  🗺️  Grid: 0.080% | 🔺 7450.25 🔻 7447.00
  📡 RSI: 25.5 | MACD: -2.57 | ATR: 4.20
  📊 Filled: 0 | Pending: 0
  🔲 Regime: RANGING | Range pos: 37% | RSI: 25.5
  💰 Daily P&L: $+0.00

[2026-06-08 11:01] O:7447.00 H:7449.00 L:7444.25 C:7448.00 V:2731.0
  📈 Trend: strong_bearish | 🌍 Regime: ranging
  🗺️  Grid: 0.080% | 🔺 7451.50 🔻 7446.25
  📡 RSI: 28.4 | MACD: -2.79 | ATR: 4.36
  📊 Filled: 0 | Pending: 0
  🔲 Regime: RANGING | Range pos: 40% | RSI: 28.4
  💰 Daily P&L: $+0.00

[2026-06-08 11:02] O:7448.00 H:7451.50 L:7446.75 C:7451.50 V:2272.0
  📈 Trend: strong_bearish | 🌍 Regime: ranging
  🗺️  Grid: 0.080% | 🔺 7449.00 🔻 7444.25
  📡 RSI: 40.0 | MACD: -2.64 | ATR: 4.25
  📊 Filled: 0 | Pending: 0
  🔲 Regime: RANGING | Range pos: 47% | RSI: 40.0
  💰 Daily P&L: $+0.00

[2026-06-08 11:03] O:7451.50 H:7455.00 L:7450.25 C:7452.50 V:2777.0
  📈 Trend: strong_bearish | 🌍 Regime: ranging
  🗺️  Grid: 0.080% | 🔺 7451.50 🔻 7446.75
  📡 RSI: 44.4 | MACD: -2.42 | ATR: 4.27
  📊 Filled: 0 | Pending: 0
  🔲 Regime: RANGING | Range pos: 49% | RSI: 44.4
  💰 Daily P&L: $+0.00

[2026-06-08 11:04] O:7452.50 H:7454.50 L:7449.25 C:7451.00 V:1954.0
  📈 Trend: strong_bearish | 🌍 Regime: ranging
  🗺️  Grid: 0.080% | 🔺 7455.00 🔻 7450.25
  📡 RSI: 36.2 | MACD: -2.34 | ATR: 4.29
  📊 Filled: 0 | Pending: 0
  🔲 Regime: RANGING | Range pos: 46% | RSI: 36.2
  💰 Daily P&L: $+0.00

[2026-06-08 11:05] O:7450.75 H:7451.50 L:7448.00 C:7450.75 V:2548.0
  📈 Trend: strong_bearish | 🌍 Regime: ranging
  🗺️  Grid: 0.080% | 🔺 7454.50 🔻 7449.25
  📡 RSI: 32.2 | MACD: -2.27 | ATR: 4.32
  📊 Filled: 0 | Pending: 0
  🔲 Regime: RANGING | Range pos: 46% | RSI: 32.2
  💰 Daily P&L: $+0.00

[2026-06-08 11:06] O:7450.75 H:7454.50 L:7450.50 C:7453.00 V:1909.0
  📈 Trend: strong_bearish (raw: moderate_bearish) | 🌍 Regime: ranging
  🗺️  Grid: 0.080% | 🔺 7451.50 🔻 7448.00
  📡 RSI: 32.8 | MACD: -2.00 | ATR: 4.39
  📊 Filled: 0 | Pending: 0
  🔲 Regime: RANGING | Range pos: 50% | RSI: 32.8
  💰 Daily P&L: $+0.00

[2026-06-08 11:07] O:7453.00 H:7453.50 L:7448.50 C:7451.00 V:1857.0
  📈 Trend: moderate_bearish | 🌍 Regime: ranging
  🗺️  Grid: 0.080% | 🔺 7454.50 🔻 7450.50
  📡 RSI: 32.5 | MACD: -1.94 | ATR: 4.54
  📊 Filled: 0 | Pending: 0
  🔲 Regime: RANGING | Range pos: 46% | RSI: 32.5
  💰 Daily P&L: $+0.00

[2026-06-08 11:08] O:7450.75 H:7452.25 L:7448.75 C:7449.75 V:1872.0
  📈 Trend: moderate_bearish | 🌍 Regime: ranging
  🗺️  Grid: 0.080% | 🔺 7453.50 🔻 7448.50
  📡 RSI: 35.7 | MACD: -1.96 | ATR: 4.41
  📊 Filled: 0 | Pending: 0
  🔲 Regime: RANGING | Range pos: 43% | RSI: 35.7
  💰 Daily P&L: $+0.00

[2026-06-08 11:09] O:7449.75 H:7450.50 L:7447.00 C:7448.75 V:1525.0
  📈 Trend: moderate_bearish (raw: strong_bearish) | 🌍 Regime: ranging
  🗺️  Grid: 0.080% | 🔺 7452.25 🔻 7448.75
  📡 RSI: 42.6 | MACD: -2.04 | ATR: 4.23
  📊 Filled: 0 | Pending: 0
  🔲 Regime: RANGING | Range pos: 41% | RSI: 42.6
  💰 Daily P&L: $+0.00

[2026-06-08 11:10] O:7448.75 H:7449.00 L:7445.75 C:7446.25 V:1360.0
  📈 Trend: strong_bearish | 🌍 Regime: ranging
  🗺️  Grid: 0.080% | 🔺 7450.50 🔻 7447.00
  📡 RSI: 40.0 | MACD: -2.27 | ATR: 4.12
  📊 Filled: 0 | Pending: 0
  🔲 Regime: RANGING | Range pos: 36% | RSI: 40.0
  💰 Daily P&L: $+0.00

[2026-06-08 11:11] O:7446.25 H:7452.75 L:7446.00 C:7452.00 V:2480.0
  📈 Trend: strong_bearish | 🌍 Regime: ranging
  🗺️  Grid: 0.080% | 🔺 7449.00 🔻 7445.75
  📡 RSI: 53.8 | MACD: -1.97 | ATR: 4.43
  📊 Filled: 0 | Pending: 0
  🔲 Regime: RANGING | Range pos: 48% | RSI: 53.8
  💰 Daily P&L: $+0.00

[2026-06-08 11:12] O:7452.25 H:7454.50 L:7451.75 C:7454.50 V:1415.0
  📈 Trend: strong_bearish | 🌍 Regime: ranging
  🗺️  Grid: 0.080% | 🔺 7452.75 🔻 7446.00
  📡 RSI: 60.8 | MACD: -1.52 | ATR: 4.30
  📊 Filled: 0 | Pending: 0
  🔲 Regime: RANGING | Range pos: 53% | RSI: 60.8
  💰 Daily P&L: $+0.00

[2026-06-08 11:13] O:7454.50 H:7455.00 L:7452.00 C:7453.50 V:2008.0
  📈 Trend: strong_bearish | 🌍 Regime: ranging
  🗺️  Grid: 0.080% | 🔺 7454.50 🔻 7451.75
  📡 RSI: 56.0 | MACD: -1.22 | ATR: 4.29
  📊 Filled: 0 | Pending: 0
  🔲 Regime: RANGING | Range pos: 51% | RSI: 56.0
  💰 Daily P&L: $+0.00

[2026-06-08 11:14] O:7453.50 H:7454.00 L:7452.00 C:7453.00 V:1594.0
  📈 Trend: strong_bearish (raw: moderate_bearish) | 🌍 Regime: ranging
  🗺️  Grid: 0.080% | 🔺 7455.00 🔻 7452.00
  📡 RSI: 61.9 | MACD: -1.02 | ATR: 4.05
  📊 Filled: 0 | Pending: 0
  🔲 Regime: RANGING | Range pos: 50% | RSI: 61.9
  💰 Daily P&L: $+0.00

[2026-06-08 11:15] O:7453.25 H:7458.75 L:7452.50 C:7457.75 V:2261.0
  📈 Trend: moderate_bearish | 🌍 Regime: ranging
  🗺️  Grid: 0.080% | 🔺 7454.00 🔻 7452.00
  📡 RSI: 66.4 | MACD: -0.47 | ATR: 4.16
  📊 Filled: 0 | Pending: 0
  🔲 Regime: RANGING | Range pos: 60% | RSI: 66.4
  💰 Daily P&L: $+0.00

[2026-06-08 11:16] O:7457.50 H:7459.50 L:7456.25 C:7459.00 V:2181.0
  📈 Trend: moderate_bearish (raw: moderate_bullish) | 🌍 Regime: ranging
  🗺️  Grid: 0.080% | 🔺 7458.75 🔻 7452.50
  📡 RSI: 63.6 | MACD: 0.07 | ATR: 4.05
  📊 Filled: 0 | Pending: 0
  🔲 Regime: RANGING | Range pos: 63% | RSI: 63.6
  💰 Daily P&L: $+0.00

[2026-06-08 11:17] O:7459.00 H:7459.00 L:7455.25 C:7457.25 V:1612.0
  📈 Trend: moderate_bullish | 🌍 Regime: ranging
  🗺️  Grid: 0.080% | 🔺 7459.50 🔻 7456.25
  📡 RSI: 58.4 | MACD: 0.35 | ATR: 3.98
  📊 Filled: 0 | Pending: 0
  🔲 Regime: RANGING | Range pos: 59% | RSI: 58.4
  💰 Daily P&L: $+0.00

[2026-06-08 11:18] O:7457.25 H:7459.75 L:7457.00 C:7457.75 V:1397.0
  📈 Trend: moderate_bullish | 🌍 Regime: ranging
  🗺️  Grid: 0.080% | 🔺 7459.00 🔻 7455.25
  📡 RSI: 62.4 | MACD: 0.61 | ATR: 3.80
  📊 Filled: 0 | Pending: 0
  🔲 Regime: RANGING | Range pos: 60% | RSI: 62.4
  💰 Daily P&L: $+0.00

[2026-06-08 11:19] O:7457.50 H:7459.50 L:7456.25 C:7459.50 V:1160.0
  📈 Trend: moderate_bullish | 🌍 Regime: ranging
  🗺️  Grid: 0.080% | 🔺 7459.75 🔻 7457.00
  📡 RSI: 65.2 | MACD: 0.94 | ATR: 3.79
  📊 Filled: 0 | Pending: 0
  🔲 Regime: RANGING | Range pos: 64% | RSI: 65.2
  💰 Daily P&L: $+0.00

[2026-06-08 11:20] O:7459.50 H:7461.50 L:7458.50 C:7461.50 V:2286.0
  📈 Trend: moderate_bullish | 🌍 Regime: ranging
  🗺️  Grid: 0.080% | 🔺 7459.50 🔻 7456.25
  📡 RSI: 64.9 | MACD: 1.35 | ATR: 3.71
  📊 Filled: 0 | Pending: 0
  🔲 Regime: RANGING | Range pos: 68% | RSI: 64.9
  💰 Daily P&L: $+0.00

[2026-06-08 11:21] O:7461.25 H:7462.25 L:7459.75 C:7460.00 V:1486.0
  📈 Trend: moderate_bullish | 🌍 Regime: ranging
  🗺️  Grid: 0.080% | 🔺 7461.50 🔻 7458.50
  📡 RSI: 66.1 | MACD: 1.54 | ATR: 3.54
  📊 Filled: 0 | Pending: 0
  🔲 Regime: RANGING | Range pos: 65% | RSI: 66.1
  💰 Daily P&L: $+0.00

[2026-06-08 11:22] O:7460.00 H:7460.25 L:7456.75 C:7457.75 V:1993.0
  📈 Trend: moderate_bullish | 🌍 Regime: ranging
  🗺️  Grid: 0.080% | 🔺 7462.25 🔻 7459.75
  📡 RSI: 63.8 | MACD: 1.48 | ATR: 3.54
  📊 Filled: 0 | Pending: 0
  🔲 Regime: RANGING | Range pos: 60% | RSI: 63.8
  💰 Daily P&L: $+0.00

[2026-06-08 11:23] O:7457.75 H:7458.00 L:7451.75 C:7452.50 V:3958.0
  📈 Trend: moderate_bullish | 🌍 Regime: ranging
  🗺️  Grid: 0.080% | 🔺 7460.25 🔻 7456.75
  📡 RSI: 55.6 | MACD: 1.01 | ATR: 3.73
  📊 Filled: 0 | Pending: 0
  🔲 Regime: RANGING | Range pos: 49% | RSI: 55.6
  💰 Daily P&L: $+0.00

[2026-06-08 11:24] O:7452.75 H:7454.00 L:7450.75 C:7452.50 V:2432.0
  📈 Trend: moderate_bullish (raw: moderate_bearish) | 🌍 Regime: ranging
  🗺️  Grid: 0.080% | 🔺 7458.00 🔻 7451.75
  📡 RSI: 60.2 | MACD: 0.62 | ATR: 3.73
  📊 Filled: 0 | Pending: 0
  🔲 Regime: RANGING | Range pos: 49% | RSI: 60.2
  💰 Daily P&L: $+0.00

[2026-06-08 11:25] O:7452.75 H:7455.25 L:7452.00 C:7453.75 V:1712.0
  📈 Trend: moderate_bearish | 🌍 Regime: ranging
  🗺️  Grid: 0.080% | 🔺 7454.00 🔻 7450.75
  📡 RSI: 53.3 | MACD: 0.42 | ATR: 3.48
  📊 Filled: 0 | Pending: 0
  🔲 Regime: RANGING | Range pos: 52% | RSI: 53.3
  💰 Daily P&L: $+0.00

[2026-06-08 11:26] O:7454.00 H:7457.00 L:7453.75 C:7454.75 V:1326.0
  📈 Trend: moderate_bearish | 🌍 Regime: ranging
  🗺️  Grid: 0.080% | 🔺 7455.25 🔻 7452.00
  📡 RSI: 50.5 | MACD: 0.33 | ATR: 3.52
  📊 Filled: 0 | Pending: 0
  🔲 Regime: RANGING | Range pos: 54% | RSI: 50.5
  💰 Daily P&L: $+0.00

[2026-06-08 11:27] O:7455.00 H:7455.25 L:7451.00 C:7451.75 V:1559.0
  📈 Trend: moderate_bearish | 🌍 Regime: ranging
  🗺️  Grid: 0.080% | 🔺 7457.00 🔻 7453.75
  📡 RSI: 46.7 | MACD: 0.01 | ATR: 3.61
  📊 Filled: 0 | Pending: 0
  🔲 Regime: RANGING | Range pos: 48% | RSI: 46.7
  💰 Daily P&L: $+0.00

[2026-06-08 11:28] O:7451.75 H:7452.00 L:7446.25 C:7446.50 V:2880.0
  📈 Trend: moderate_bearish (raw: strong_bearish) | 🌍 Regime: ranging
  🗺️  Grid: 0.080% | 🔺 7455.25 🔻 7451.00
  📡 RSI: 39.7 | MACD: -0.65 | ATR: 3.88
  📊 Filled: 0 | Pending: 0
  🔲 Regime: RANGING | Range pos: 37% | RSI: 39.7
  💰 Daily P&L: $+0.00

[2026-06-08 11:29] O:7446.75 H:7447.50 L:7443.25 C:7443.75 V:2859.0
  📈 Trend: strong_bearish | 🌍 Regime: ranging
  🗺️  Grid: 0.080% | 🔺 7452.00 🔻 7446.25
  📡 RSI: 26.3 | MACD: -1.38 | ATR: 3.73
  📊 Filled: 0 | Pending: 0
  🔲 Regime: RANGING | Range pos: 31% | RSI: 26.3
  💰 Daily P&L: $+0.00

[2026-06-08 11:30] O:7444.00 H:7448.00 L:7444.00 C:7447.25 V:2626.0
  📈 Trend: strong_bearish | 🌍 Regime: ranging
  🗺️  Grid: 0.080% | 🔺 7447.50 🔻 7443.25
  📡 RSI: 31.5 | MACD: -1.66 | ATR: 3.80
  📊 Filled: 0 | Pending: 0
  🔲 Regime: RANGING | Range pos: 38% | RSI: 31.5
  💰 Daily P&L: $+0.00

[2026-06-08 11:31] O:7447.25 H:7448.50 L:7446.25 C:7447.75 V:1627.0
  📈 Trend: strong_bearish | 🌍 Regime: ranging
  🗺️  Grid: 0.080% | 🔺 7448.00 🔻 7444.00
  📡 RSI: 34.4 | MACD: -1.82 | ATR: 3.70
  📊 Filled: 0 | Pending: 0
  🔲 Regime: RANGING | Range pos: 39% | RSI: 34.4
  💰 Daily P&L: $+0.00

[2026-06-08 11:32] O:7447.75 H:7447.75 L:7444.00 C:7446.50 V:1587.0
  📈 Trend: strong_bearish | 🌍 Regime: ranging
  🗺️  Grid: 0.080% | 🔺 7448.50 🔻 7446.25
  📡 RSI: 32.0 | MACD: -2.02 | ATR: 3.77
  📊 Filled: 0 | Pending: 0
  🔲 Regime: RANGING | Range pos: 37% | RSI: 32.0
  💰 Daily P&L: $+0.00

[2026-06-08 11:33] O:7446.50 H:7448.00 L:7443.50 C:7443.50 V:2817.0
  📈 Trend: strong_bearish | 🌍 Regime: ranging
  🗺️  Grid: 0.080% | 🔺 7447.75 🔻 7444.00
  📡 RSI: 25.4 | MACD: -2.40 | ATR: 3.86
  📊 Filled: 0 | Pending: 0
  🔲 Regime: RANGING | Range pos: 30% | RSI: 25.4
  💰 Daily P&L: $+0.00

[2026-06-08 11:34] O:7443.50 H:7444.25 L:7441.25 C:7442.00 V:2596.0
  📈 Trend: strong_bearish | 🌍 Regime: trending_bearish
  🗺️  Grid: 0.080% | 🔺 7448.00 🔻 7443.50
  📡 RSI: 19.5 | MACD: -2.79 | ATR: 3.86
  📊 Filled: 0 | Pending: 0
  💰 Daily P&L: $+0.00

[2026-06-08 11:35] O:7441.75 H:7445.75 L:7441.50 C:7443.75 V:1860.0
  📈 Trend: strong_bearish | 🌍 Regime: trending_bearish
  🗺️  Grid: 0.080% | 🔺 7444.25 🔻 7441.25
  📡 RSI: 24.8 | MACD: -2.92 | ATR: 3.98
  📊 Filled: 0 | Pending: 0
  💰 Daily P&L: $+0.00

[2026-06-08 11:36] O:7443.50 H:7446.75 L:7441.50 C:7444.25 V:3401.0
  📈 Trend: strong_bearish | 🌍 Regime: trending_bearish
  🗺️  Grid: 0.080% | 🔺 7445.75 🔻 7441.50
  📡 RSI: 27.9 | MACD: -2.95 | ATR: 4.11
  📊 Filled: 0 | Pending: 0
  💰 Daily P&L: $+0.00

[2026-06-08 11:37] O:7444.00 H:7444.25 L:7440.25 C:7440.50 V:2087.0
  📈 Trend: strong_bearish | 🌍 Regime: trending_bearish
  🗺️  Grid: 0.080% | 🔺 7446.75 🔻 7441.50
  📡 RSI: 29.3 | MACD: -3.24 | ATR: 3.95
  📊 Filled: 0 | Pending: 0
  💰 Daily P&L: $+0.00

[2026-06-08 11:38] O:7440.50 H:7440.75 L:7437.25 C:7437.50 V:3122.0
  📈 Trend: strong_bearish | 🌍 Regime: trending_bearish
  🗺️  Grid: 0.080% | 🔺 7444.25 🔻 7440.25
  📡 RSI: 26.6 | MACD: -3.67 | ATR: 3.96
  📊 Filled: 0 | Pending: 0
  💰 Daily P&L: $+0.00

[2026-06-08 11:39] O:7437.75 H:7441.00 L:7437.50 C:7440.00 V:1806.0
  📈 Trend: strong_bearish | 🌍 Regime: trending_bearish
  🗺️  Grid: 0.080% | 🔺 7440.75 🔻 7437.25
  📡 RSI: 29.3 | MACD: -3.76 | ATR: 3.98
  📊 Filled: 0 | Pending: 0
  💰 Daily P&L: $+0.00

[2026-06-08 11:40] O:7439.75 H:7444.00 L:7438.25 C:7443.25 V:2194.0
  📈 Trend: strong_bearish | 🌍 Regime: trending_bearish
  🗺️  Grid: 0.080% | 🔺 7441.00 🔻 7437.50
  📡 RSI: 33.8 | MACD: -3.53 | ATR: 4.16
  📊 Filled: 0 | Pending: 0
  💰 Daily P&L: $+0.00

[2026-06-08 11:41] O:7443.25 H:7445.75 L:7442.50 C:7444.00 V:2201.0
  📈 Trend: strong_bearish | 🌍 Regime: trending_bearish
  🗺️  Grid: 0.080% | 🔺 7444.00 🔻 7438.25
  📡 RSI: 38.3 | MACD: -3.25 | ATR: 4.09
  📊 Filled: 0 | Pending: 0
  💰 Daily P&L: $+0.00

[2026-06-08 11:42] O:7444.25 H:7444.75 L:7440.00 C:7441.00 V:1730.0
  📈 Trend: strong_bearish | 🌍 Regime: trending_bearish
  🗺️  Grid: 0.080% | 🔺 7445.75 🔻 7442.50
  📡 RSI: 41.1 | MACD: -3.24 | ATR: 4.02
  📊 Filled: 0 | Pending: 0
  💰 Daily P&L: $+0.00

[2026-06-08 11:43] O:7441.25 H:7441.25 L:7438.50 C:7438.75 V:1690.0
  📈 Trend: strong_bearish | 🌍 Regime: trending_bearish
  🗺️  Grid: 0.080% | 🔺 7444.75 🔻 7440.00
  📡 RSI: 41.8 | MACD: -3.37 | ATR: 3.91
  📊 Filled: 0 | Pending: 0
  💰 Daily P&L: $+0.00

[2026-06-08 11:44] O:7439.00 H:7443.75 L:7438.50 C:7443.25 V:1720.0
  📈 Trend: strong_bearish | 🌍 Regime: trending_bearish
  🗺️  Grid: 0.080% | 🔺 7441.25 🔻 7438.50
  📡 RSI: 43.7 | MACD: -3.07 | ATR: 3.98
  📊 Filled: 0 | Pending: 0
  💰 Daily P&L: $+0.00

[2026-06-08 11:45] O:7443.25 H:7446.75 L:7442.25 C:7444.25 V:2006.0
  📈 Trend: strong_bearish | 🌍 Regime: trending_bearish
  🗺️  Grid: 0.080% | 🔺 7443.75 🔻 7438.50
  📡 RSI: 44.5 | MACD: -2.73 | ATR: 4.14
  📊 Filled: 0 | Pending: 0
  💰 Daily P&L: $+0.00

[2026-06-08 11:46] O:7444.00 H:7445.75 L:7442.75 C:7445.25 V:1187.0
  📈 Trend: strong_bearish | 🌍 Regime: trending_bearish
  🗺️  Grid: 0.080% | 🔺 7446.75 🔻 7442.25
  📡 RSI: 48.0 | MACD: -2.34 | ATR: 4.09
  📊 Filled: 0 | Pending: 0
  💰 Daily P&L: $+0.00

[2026-06-08 11:47] O:7445.25 H:7450.75 L:7445.00 C:7450.50 V:2276.0
  📈 Trend: strong_bearish (raw: moderate_bearish) | 🌍 Regime: trending_bearish
  🗺️  Grid: 0.080% | 🔺 7445.75 🔻 7442.75
  📡 RSI: 60.3 | MACD: -1.60 | ATR: 4.18
  📊 Filled: 0 | Pending: 0
  💰 Daily P&L: $+0.00

[2026-06-08 11:48] O:7450.50 H:7452.00 L:7448.50 C:7449.25 V:1928.0
  📈 Trend: moderate_bearish | 🌍 Regime: trending_bearish
  🗺️  Grid: 0.080% | 🔺 7450.75 🔻 7445.00
  📡 RSI: 60.7 | MACD: -1.10 | ATR: 4.21
  📊 Filled: 0 | Pending: 0
  💰 Daily P&L: $+0.00

[2026-06-08 11:49] O:7449.25 H:7449.75 L:7446.50 C:7447.00 V:1436.0
  📈 Trend: moderate_bearish (raw: strong_bearish) | 🌍 Regime: trending_bearish
  🗺️  Grid: 0.080% | 🔺 7452.00 🔻 7448.50
  📡 RSI: 54.7 | MACD: -0.87 | ATR: 4.14
  📊 Filled: 0 | Pending: 0
  💰 Daily P&L: $+0.00

[2026-06-08 11:50] O:7447.25 H:7449.50 L:7445.75 C:7446.50 V:1686.0
  📈 Trend: strong_bearish | 🌍 Regime: trending_bearish
  🗺️  Grid: 0.080% | 🔺 7449.75 🔻 7446.50
  📡 RSI: 53.3 | MACD: -0.72 | ATR: 4.04
  📊 Filled: 0 | Pending: 0
  💰 Daily P&L: $+0.00

[2026-06-08 11:51] O:7446.50 H:7448.75 L:7444.50 C:7448.25 V:1474.0
  📈 Trend: strong_bearish (raw: moderate_bearish) | 🌍 Regime: trending_bearish
  🗺️  Grid: 0.080% | 🔺 7449.50 🔻 7445.75
  📡 RSI: 62.0 | MACD: -0.46 | ATR: 4.05
  📊 Filled: 0 | Pending: 0
  💰 Daily P&L: $+0.00

[2026-06-08 11:52] O:7448.00 H:7449.00 L:7446.25 C:7447.00 V:1536.0
  📈 Trend: moderate_bearish | 🌍 Regime: trending_bearish
  🗺️  Grid: 0.080% | 🔺 7448.75 🔻 7444.50
  📡 RSI: 65.6 | MACD: -0.35 | ATR: 4.00
  📊 Filled: 0 | Pending: 0
  💰 Daily P&L: $+0.00

[2026-06-08 11:53] O:7447.00 H:7448.00 L:7446.00 C:7446.50 V:1838.0
  📈 Trend: moderate_bearish | 🌍 Regime: trending_bearish
  🗺️  Grid: 0.080% | 🔺 7449.00 🔻 7446.25
  📡 RSI: 61.4 | MACD: -0.30 | ATR: 3.89
  📊 Filled: 0 | Pending: 0
  💰 Daily P&L: $+0.00

[2026-06-08 11:54] O:7446.50 H:7449.25 L:7445.50 C:7446.25 V:1833.0
  📈 Trend: moderate_bearish | 🌍 Regime: trending_bearish
  🗺️  Grid: 0.080% | 🔺 7448.00 🔻 7446.00
  📡 RSI: 55.9 | MACD: -0.27 | ATR: 3.75
  📊 Filled: 0 | Pending: 0
  💰 Daily P&L: $+0.00

[2026-06-08 11:55] O:7446.25 H:7446.75 L:7442.25 C:7444.25 V:1683.0
  📈 Trend: moderate_bearish (raw: strong_bearish) | 🌍 Regime: ranging
  🗺️  Grid: 0.080% | 🔺 7449.25 🔻 7445.50
  📡 RSI: 50.5 | MACD: -0.41 | ATR: 3.84
  📊 Filled: 0 | Pending: 0
  🔲 Regime: RANGING | Range pos: 32% | RSI: 50.5
  💰 Daily P&L: $+0.00

[2026-06-08 11:56] O:7444.25 H:7446.25 L:7444.00 C:7445.75 V:1297.0
  📈 Trend: moderate_bearish | 🌍 Regime: ranging
  🗺️  Grid: 0.080% | 🔺 7446.75 🔻 7442.25
  📡 RSI: 59.4 | MACD: -0.39 | ATR: 3.66
  📊 Filled: 0 | Pending: 0
  🔲 Regime: RANGING | Range pos: 35% | RSI: 59.4
  💰 Daily P&L: $+0.00

[2026-06-08 11:57] O:7446.00 H:7447.25 L:7442.75 C:7443.00 V:1574.0
  📈 Trend: moderate_bearish | 🌍 Regime: ranging
  🗺️  Grid: 0.080% | 🔺 7446.25 🔻 7444.00
  📡 RSI: 58.3 | MACD: -0.60 | ATR: 3.79
  📊 Filled: 0 | Pending: 0
  🔲 Regime: RANGING | Range pos: 29% | RSI: 58.3
  💰 Daily P&L: $+0.00

[2026-06-08 11:58] O:7443.00 H:7444.00 L:7441.25 C:7442.00 V:1412.0
  📈 Trend: moderate_bearish (raw: strong_bearish) | 🌍 Regime: ranging
  🗺️  Grid: 0.080% | 🔺 7447.25 🔻 7442.75
  📡 RSI: 47.2 | MACD: -0.83 | ATR: 3.61
  📊 Filled: 0 | Pending: 0
  🔲 Regime: RANGING | Range pos: 27% | RSI: 47.2
  💰 Daily P&L: $+0.00

[2026-06-08 11:59] O:7441.75 H:7443.00 L:7441.00 C:7441.50 V:1430.0
  📈 Trend: strong_bearish | 🌍 Regime: ranging
  🗺️  Grid: 0.080% | 🔺 7444.00 🔻 7441.25
  📡 RSI: 43.7 | MACD: -1.04 | ATR: 3.43
  📊 Filled: 0 | Pending: 0
  🔲 Regime: RANGING | Range pos: 26% | RSI: 43.7
  💰 Daily P&L: $+0.00

[2026-06-08 12:00] O:7441.50 H:7442.00 L:7435.75 C:7436.50 V:3683.0
  📈 Trend: strong_bearish | 🌍 Regime: ranging
  🗺️  Grid: 0.080% | 🔺 7443.00 🔻 7441.00
  📡 RSI: 33.0 | MACD: -1.59 | ATR: 3.66
  📊 Filled: 0 | Pending: 0
  🔲 Regime: RANGING | Range pos: 16% | RSI: 33.0
  🚫 Raw trend blocks RANGING LONG | raw: strong_bearish
  💰 Daily P&L: $+0.00

[2026-06-08 12:01] O:7436.50 H:7437.25 L:7432.50 C:7434.00 V:3796.0
  📈 Trend: strong_bearish | 🌍 Regime: ranging
  🗺️  Grid: 0.080% | 🔺 7442.00 🔻 7435.75
  📡 RSI: 14.1 | MACD: -2.21 | ATR: 3.59
  📊 Filled: 0 | Pending: 0
  🔲 Regime: RANGING | Range pos: 10% | RSI: 14.1
  🚫 Raw trend blocks RANGING LONG | raw: strong_bearish
  💰 Daily P&L: $+0.00

[2026-06-08 12:02] O:7434.25 H:7435.25 L:7428.75 C:7429.00 V:3190.0
  📈 Trend: strong_bearish | 🌍 Regime: ranging
  🗺️  Grid: 0.080% | 🔺 7437.25 🔻 7432.50
  📡 RSI: 12.1 | MACD: -3.06 | ATR: 3.80
  📊 Filled: 0 | Pending: 0
  🔲 Regime: RANGING | Range pos: 1% | RSI: 12.1
  🚫 Raw trend blocks RANGING LONG | raw: strong_bearish
  💰 Daily P&L: $+0.00

[2026-06-08 12:03] O:7428.75 H:7431.50 L:7427.00 C:7427.25 V:3645.0
  📈 Trend: strong_bearish | 🌍 Regime: ranging
  🗺️  Grid: 0.080% | 🔺 7435.25 🔻 7428.75
  📡 RSI: 12.4 | MACD: -3.84 | ATR: 3.89
  📊 Filled: 0 | Pending: 0
  🔲 Regime: RANGING | Range pos: 1% | RSI: 12.4
  🚫 Raw trend blocks RANGING LONG | raw: strong_bearish
  💰 Daily P&L: $+0.00

[2026-06-08 12:04] O:7427.00 H:7431.25 L:7425.50 C:7429.75 V:3024.0
  📈 Trend: strong_bearish | 🌍 Regime: ranging
  🗺️  Grid: 0.080% | 🔺 7431.50 🔻 7427.00
  📡 RSI: 20.4 | MACD: -4.20 | ATR: 4.04
  📊 Filled: 0 | Pending: 0
  🔲 Regime: RANGING | Range pos: 8% | RSI: 20.4
  🚫 Raw trend blocks RANGING LONG | raw: strong_bearish
  💰 Daily P&L: $+0.00

[2026-06-08 12:05] O:7429.75 H:7434.00 L:7428.00 C:7432.25 V:3120.0
  📈 Trend: strong_bearish | 🌍 Regime: ranging
  🗺️  Grid: 0.080% | 🔺 7431.25 🔻 7425.50
  📡 RSI: 22.4 | MACD: -4.24 | ATR: 4.16
  📊 Filled: 0 | Pending: 0
  🔲 Regime: RANGING | Range pos: 13% | RSI: 22.4
  🚫 Raw trend blocks RANGING LONG | raw: strong_bearish
  💰 Daily P&L: $+0.00

[2026-06-08 12:06] O:7432.00 H:7433.75 L:7430.25 C:7433.25 V:2825.0
  📈 Trend: strong_bearish | 🌍 Regime: ranging
  🗺️  Grid: 0.080% | 🔺 7434.00 🔻 7428.00
  📡 RSI: 26.1 | MACD: -4.14 | ATR: 4.21
  📊 Filled: 0 | Pending: 0
  🔲 Regime: RANGING | Range pos: 15% | RSI: 26.1
  🚫 Raw trend blocks RANGING LONG | raw: strong_bearish
  💰 Daily P&L: $+0.00

[2026-06-08 12:07] O:7433.25 H:7437.25 L:7433.25 C:7435.25 V:2704.0
  📈 Trend: strong_bearish | 🌍 Regime: ranging
  🗺️  Grid: 0.080% | 🔺 7433.75 🔻 7430.25
  📡 RSI: 31.4 | MACD: -3.85 | ATR: 4.36
  📊 Filled: 0 | Pending: 0
  🔲 Regime: RANGING | Range pos: 19% | RSI: 31.4
  🚫 Raw trend blocks RANGING LONG | raw: strong_bearish
  💰 Daily P&L: $+0.00

[2026-06-08 12:08] O:7435.00 H:7437.00 L:7434.00 C:7436.50 V:1796.0
  📈 Trend: strong_bearish | 🌍 Regime: ranging
  🗺️  Grid: 0.080% | 🔺 7437.25 🔻 7433.25
  📡 RSI: 34.4 | MACD: -3.49 | ATR: 4.30
  📊 Filled: 0 | Pending: 0
  🔲 Regime: RANGING | Range pos: 21% | RSI: 34.4
  🚫 Raw trend blocks RANGING LONG | raw: strong_bearish
  💰 Daily P&L: $+0.00

[2026-06-08 12:09] O:7436.25 H:7436.25 L:7429.75 C:7430.75 V:2401.0
  📈 Trend: strong_bearish | 🌍 Regime: trending_bearish
  🗺️  Grid: 0.080% | 🔺 7437.00 🔻 7434.00
  📡 RSI: 30.7 | MACD: -3.62 | ATR: 4.46
  📊 Filled: 0 | Pending: 0
  💰 Daily P&L: $+0.00

[2026-06-08 12:10] O:7430.75 H:7431.25 L:7426.25 C:7428.00 V:2533.0
  📈 Trend: strong_bearish | 🌍 Regime: trending_bearish
  🗺️  Grid: 0.080% | 🔺 7436.25 🔻 7429.75
  📡 RSI: 25.5 | MACD: -3.90 | ATR: 4.66
  📊 Filled: 0 | Pending: 0
  💰 Daily P&L: $+0.00

[2026-06-08 12:11] O:7428.00 H:7428.00 L:7424.00 C:7426.00 V:2795.0
  📈 Trend: strong_bearish | 🌍 Regime: trending_bearish
  🗺️  Grid: 0.080% | 🔺 7431.25 🔻 7426.25
  📡 RSI: 26.1 | MACD: -4.24 | ATR: 4.62
  📊 Filled: 0 | Pending: 0
  💰 Daily P&L: $+0.00

[2026-06-08 12:12] O:7426.00 H:7427.25 L:7423.00 C:7426.00 V:3977.0
  📈 Trend: strong_bearish | 🌍 Regime: trending_bearish
  🗺️  Grid: 0.080% | 🔺 7428.00 🔻 7424.00
  📡 RSI: 26.8 | MACD: -4.45 | ATR: 4.73
  📊 Filled: 0 | Pending: 0
  💰 Daily P&L: $+0.00

[2026-06-08 12:13] O:7426.00 H:7430.25 L:7425.75 C:7429.75 V:2291.0
  📈 Trend: strong_bearish | 🌍 Regime: trending_bearish
  🗺️  Grid: 0.080% | 🔺 7427.25 🔻 7423.00
  📡 RSI: 34.4 | MACD: -4.27 | ATR: 4.91
  📊 Filled: 0 | Pending: 0
  💰 Daily P&L: $+0.00

[2026-06-08 12:14] O:7429.75 H:7432.25 L:7429.25 C:7431.50 V:2445.0
  📈 Trend: strong_bearish | 🌍 Regime: trending_bearish
  🗺️  Grid: 0.080% | 🔺 7430.25 🔻 7425.75
  📡 RSI: 42.8 | MACD: -3.94 | ATR: 4.68
  📊 Filled: 0 | Pending: 0
  💰 Daily P&L: $+0.00

[2026-06-08 12:15] O:7431.50 H:7433.25 L:7429.00 C:7429.00 V:2338.0
  📈 Trend: strong_bearish | 🌍 Regime: trending_bearish
  🗺️  Grid: 0.080% | 🔺 7432.25 🔻 7429.25
  📡 RSI: 42.8 | MACD: -3.84 | ATR: 4.64
  📊 Filled: 0 | Pending: 0
  💰 Daily P&L: $+0.00

[2026-06-08 12:16] O:7429.00 H:7432.25 L:7428.75 C:7432.00 V:2144.0
  📈 Trend: strong_bearish | 🌍 Regime: trending_bearish
  🗺️  Grid: 0.080% | 🔺 7433.25 🔻 7429.00
  📡 RSI: 54.6 | MACD: -3.47 | ATR: 4.43
  📊 Filled: 0 | Pending: 0
  💰 Daily P&L: $+0.00

[2026-06-08 12:17] O:7431.75 H:7434.25 L:7430.00 C:7430.25 V:2027.0
  📈 Trend: strong_bearish | 🌍 Regime: trending_bearish
  🗺️  Grid: 0.080% | 🔺 7432.25 🔻 7428.75
  📡 RSI: 54.6 | MACD: -3.29 | ATR: 4.41
  📊 Filled: 0 | Pending: 0
  💰 Daily P&L: $+0.00

[2026-06-08 12:18] O:7430.25 H:7430.75 L:7423.00 C:7423.50 V:4107.0
  📈 Trend: strong_bearish | 🌍 Regime: trending_bearish
  🗺️  Grid: 0.080% | 🔺 7434.25 🔻 7430.00
  📡 RSI: 41.5 | MACD: -3.64 | ATR: 4.55
  📊 Filled: 0 | Pending: 0
  💰 Daily P&L: $+0.00

[2026-06-08 12:19] O:7423.75 H:7426.25 L:7423.75 C:7425.75 V:1609.0
  📈 Trend: strong_bearish | 🌍 Regime: trending_bearish
  🗺️  Grid: 0.080% | 🔺 7430.75 🔻 7423.00
  📡 RSI: 41.1 | MACD: -3.70 | ATR: 4.32
  📊 Filled: 0 | Pending: 0
  💰 Daily P&L: $+0.00

[2026-06-08 12:20] O:7425.75 H:7428.50 L:7425.25 C:7427.00 V:1683.0
  📈 Trend: strong_bearish | 🌍 Regime: trending_bearish
  🗺️  Grid: 0.080% | 🔺 7426.25 🔻 7423.75
  📡 RSI: 41.5 | MACD: -3.60 | ATR: 4.30
  📊 Filled: 0 | Pending: 0
  💰 Daily P&L: $+0.00

[2026-06-08 12:21] O:7427.00 H:7431.00 L:7427.00 C:7428.25 V:1748.0
  📈 Trend: strong_bearish | 🌍 Regime: trending_bearish
  🗺️  Grid: 0.080% | 🔺 7428.50 🔻 7425.25
  📡 RSI: 40.3 | MACD: -3.38 | ATR: 4.30
  📊 Filled: 0 | Pending: 0
  💰 Daily P&L: $+0.00

[2026-06-08 12:22] O:7428.25 H:7428.50 L:7424.75 C:7427.00 V:2209.0
  📈 Trend: strong_bearish | 🌍 Regime: trending_bearish
  🗺️  Grid: 0.080% | 🔺 7431.00 🔻 7427.00
  📡 RSI: 36.8 | MACD: -3.28 | ATR: 4.36
  📊 Filled: 0 | Pending: 0
  💰 Daily P&L: $+0.00

[2026-06-08 12:23] O:7427.00 H:7427.25 L:7424.75 C:7426.25 V:2688.0
  📈 Trend: strong_bearish | 🌍 Regime: trending_bearish
  🗺️  Grid: 0.080% | 🔺 7428.50 🔻 7424.75
  📡 RSI: 42.7 | MACD: -3.21 | ATR: 4.05
  📊 Filled: 0 | Pending: 0
  💰 Daily P&L: $+0.00

[2026-06-08 12:24] O:7426.25 H:7427.25 L:7423.50 C:7427.00 V:3620.0
  📈 Trend: strong_bearish | 🌍 Regime: trending_bearish
  🗺️  Grid: 0.080% | 🔺 7427.25 🔻 7424.75
  📡 RSI: 48.3 | MACD: -3.07 | ATR: 3.96
  📊 Filled: 0 | Pending: 0
  💰 Daily P&L: $+0.00

[2026-06-08 12:25] O:7427.00 H:7431.50 L:7425.75 C:7431.00 V:2547.0
  📈 Trend: strong_bearish | 🌍 Regime: trending_bearish
  🗺️  Grid: 0.080% | 🔺 7427.25 🔻 7423.50
  📡 RSI: 58.1 | MACD: -2.60 | ATR: 4.09
  📊 Filled: 0 | Pending: 0
  💰 Daily P&L: $+0.00

[2026-06-08 12:26] O:7431.25 H:7431.50 L:7428.00 C:7429.75 V:3766.0
  📈 Trend: strong_bearish | 🌍 Regime: trending_bearish
  🗺️  Grid: 0.080% | 🔺 7431.50 🔻 7425.75
  📡 RSI: 55.8 | MACD: -2.30 | ATR: 4.04
  📊 Filled: 0 | Pending: 0
  💰 Daily P&L: $+0.00

[2026-06-08 12:27] O:7429.75 H:7433.25 L:7429.50 C:7432.25 V:2158.0
  📈 Trend: strong_bearish | 🌍 Regime: trending_bearish
  🗺️  Grid: 0.080% | 🔺 7431.50 🔻 7428.00
  📡 RSI: 54.0 | MACD: -1.85 | ATR: 3.98
  📊 Filled: 0 | Pending: 0
  💰 Daily P&L: $+0.00

[2026-06-08 12:28] O:7432.25 H:7438.00 L:7431.50 C:7437.25 V:3149.0
  📈 Trend: strong_bearish (raw: moderate_bearish) | 🌍 Regime: trending_bearish
  🗺️  Grid: 0.080% | 🔺 7433.25 🔻 7429.50
  📡 RSI: 58.4 | MACD: -1.07 | ATR: 4.23
  📊 Filled: 0 | Pending: 0
  💰 Daily P&L: $+0.00

[2026-06-08 12:29] O:7437.50 H:7443.00 L:7437.50 C:7442.50 V:3043.0
  📈 Trend: moderate_bearish | 🌍 Regime: trending_bearish
  🗺️  Grid: 0.080% | 🔺 7438.00 🔻 7431.50
  📡 RSI: 68.2 | MACD: -0.03 | ATR: 4.34
  📊 Filled: 0 | Pending: 0
  💰 Daily P&L: $+0.00

[2026-06-08 12:30] O:7442.50 H:7446.50 L:7441.25 C:7445.75 V:3658.0
  📈 Trend: moderate_bearish (raw: moderate_bullish) | 🌍 Regime: trending_bullish
  🗺️  Grid: 0.080% | 🔺 7443.00 🔻 7437.50
  📡 RSI: 68.5 | MACD: 1.05 | ATR: 4.46
  📊 Filled: 0 | Pending: 0
  💰 Daily P&L: $+0.00

[2026-06-08 12:31] O:7445.75 H:7446.00 L:7437.25 C:7440.50 V:5052.0
  📈 Trend: moderate_bullish | 🌍 Regime: trending_bullish
  🗺️  Grid: 0.080% | 🔺 7446.50 🔻 7441.25
  📡 RSI: 62.6 | MACD: 1.46 | ATR: 4.79
  📊 Filled: 0 | Pending: 0
  💰 Daily P&L: $+0.00

[2026-06-08 12:32] O:7440.50 H:7440.50 L:7435.50 C:7438.75 V:3038.0
  📈 Trend: moderate_bullish | 🌍 Regime: trending_bullish
  🗺️  Grid: 0.080% | 🔺 7446.00 🔻 7437.25
  📡 RSI: 71.3 | MACD: 1.63 | ATR: 4.59
  📊 Filled: 0 | Pending: 0
  💰 Daily P&L: $+0.00

[2026-06-08 12:33] O:7438.50 H:7438.75 L:7432.75 C:7433.75 V:2547.0
  📈 Trend: moderate_bullish | 🌍 Regime: trending_bullish
  🗺️  Grid: 0.080% | 🔺 7440.50 🔻 7435.50
  📡 RSI: 60.4 | MACD: 1.34 | ATR: 4.82
  📊 Filled: 0 | Pending: 0
  💰 Daily P&L: $+0.00

[2026-06-08 12:34] O:7434.00 H:7438.75 L:7432.25 C:7438.00 V:2328.0
  📈 Trend: moderate_bullish | 🌍 Regime: trending_bullish
  🗺️  Grid: 0.082% | 🔺 7438.75 🔻 7432.75
  📡 RSI: 63.3 | MACD: 1.44 | ATR: 5.05
  📊 Filled: 0 | Pending: 0
  💰 Daily P&L: $+0.00

[2026-06-08 12:35] O:7438.25 H:7439.50 L:7430.00 C:7430.00 V:3561.0
  📈 Trend: moderate_bullish (raw: strong_bearish) | 🌍 Regime: trending_bearish
  🗺️  Grid: 0.088% | 🔺 7438.75 🔻 7432.25
  📡 RSI: 51.8 | MACD: 0.86 | ATR: 5.45
  📊 Filled: 0 | Pending: 0
  💰 Daily P&L: $+0.00

[2026-06-08 12:36] O:7430.00 H:7432.00 L:7427.75 C:7431.50 V:3100.0
  📈 Trend: moderate_bullish | 🌍 Regime: trending_bullish
  🗺️  Grid: 0.089% | 🔺 7439.50 🔻 7430.00
  📡 RSI: 54.6 | MACD: 0.52 | ATR: 5.48
  📊 Filled: 0 | Pending: 0
  💰 Daily P&L: $+0.00

[2026-06-08 12:37] O:7431.50 H:7434.75 L:7430.50 C:7434.50 V:2327.0
  📈 Trend: moderate_bullish | 🌍 Regime: trending_bullish
  🗺️  Grid: 0.091% | 🔺 7432.00 🔻 7427.75
  📡 RSI: 58.1 | MACD: 0.48 | ATR: 5.61
  📊 Filled: 0 | Pending: 0
  💰 Daily P&L: $+0.00

[2026-06-08 12:38] O:7434.25 H:7435.00 L:7431.50 C:7434.75 V:1672.0
  📈 Trend: moderate_bullish | 🌍 Regime: trending_bullish
  🗺️  Grid: 0.090% | 🔺 7434.75 🔻 7430.50
  📡 RSI: 57.7 | MACD: 0.47 | ATR: 5.59
  📊 Filled: 0 | Pending: 0
  💰 Daily P&L: $+0.00

[2026-06-08 12:39] O:7434.75 H:7435.25 L:7432.00 C:7434.25 V:1518.0
  📈 Trend: moderate_bullish (raw: moderate_bearish) | 🌍 Regime: ranging
  🗺️  Grid: 0.087% | 🔺 7435.00 🔻 7431.50
  📡 RSI: 53.5 | MACD: 0.42 | ATR: 5.41
  📊 Filled: 0 | Pending: 0
  🔲 Regime: RANGING | Range pos: 21% | RSI: 53.5
  💰 Daily P&L: $+0.00

[2026-06-08 12:40] O:7434.00 H:7435.75 L:7429.75 C:7431.25 V:2265.0
  📈 Trend: moderate_bearish | 🌍 Regime: ranging
  🗺️  Grid: 0.090% | 🔺 7435.25 🔻 7432.00
  📡 RSI: 51.5 | MACD: 0.13 | ATR: 5.59
  📊 Filled: 0 | Pending: 0
  🔲 Regime: RANGING | Range pos: 15% | RSI: 51.5
  💰 Daily P&L: $+0.00

[2026-06-08 12:41] O:7431.25 H:7432.50 L:7428.75 C:7429.25 V:2027.0
  📈 Trend: moderate_bearish (raw: strong_bearish) | 🌍 Regime: ranging
  🗺️  Grid: 0.090% | 🔺 7435.75 🔻 7429.75
  📡 RSI: 46.9 | MACD: -0.26 | ATR: 5.59
  📊 Filled: 0 | Pending: 0
  🔲 Regime: RANGING | Range pos: 12% | RSI: 46.9
  💰 Daily P&L: $+0.00

[2026-06-08 12:42] O:7429.25 H:7431.75 L:7428.50 C:7429.25 V:2918.0
  📈 Trend: moderate_bearish (raw: moderate_bullish) | 🌍 Regime: ranging
  🗺️  Grid: 0.087% | 🔺 7432.50 🔻 7428.75
  📡 RSI: 40.7 | MACD: -0.56 | ATR: 5.36
  📊 Filled: 0 | Pending: 0
  🔲 Regime: RANGING | Range pos: 12% | RSI: 40.7
  💰 Daily P&L: $+0.00

[2026-06-08 12:43] O:7429.00 H:7430.50 L:7427.75 C:7428.75 V:1490.0
  📈 Trend: moderate_bullish | 🌍 Regime: ranging
  🗺️  Grid: 0.083% | 🔺 7431.75 🔻 7428.50
  📡 RSI: 32.0 | MACD: -0.83 | ATR: 5.14
  📊 Filled: 0 | Pending: 0
  🔲 Regime: RANGING | Range pos: 11% | RSI: 32.0
  📤 Limit BUY 5 @ 7428.75 submitted (ID: 459)
  📋 Order 459 status: Submitted
  ⬆️ LONG ORDER @ 7428.75 | Size: 1.00 | SL: 7418.50 | TP: 7444.25 [HIGH VOL ATR:5.14→5cts]
     Reason: Grid Long (sideways, RSI: 32.0)
     ⏳ Order 459 PENDING - awaiting fill confirmation
  💰 Daily P&L: $+0.00
  ✅ Fill: BOT 5.0 @ 7428.75
  📋 Order 459 status: Filled
  📤 Stop-Limit SELL 5 @ stop:7418.50 / lmt:7414.50 submitted (ID: 460)
  📋 Order 460 status: PreSubmitted
  📤 Limit SELL 5 @ 7444.25 submitted (ID: 461)
  📋 Order 461 status: Submitted
  ✅ FILL CONFIRMED: LONG @ 7428.75 (order 459)
     📊 Bracket placed: SL #460 @ 7418.50 | TP #461 @ 7444.25
     Trail activates @ +7.5 pts

[2026-06-08 12:44] O:7428.75 H:7431.00 L:7426.00 C:7426.25 V:2331.0
  📈 Trend: moderate_bullish (raw: strong_bearish) | 🌍 Regime: ranging
  🗺️  Grid: 0.083% | 🔺 7430.50 🔻 7427.75
  📡 RSI: 24.0 | MACD: -1.23 | ATR: 5.12
  📊 Filled: 1 | Pending: 0
  📍 LONG @ 7428.75 | SL: 7418.50 | TP: 7444.25 | P&L: $-625.00 | +7.5 to trail
  💰 Daily P&L: $+0.00

[2026-06-08 12:45] O:7426.25 H:7429.75 L:7425.75 C:7429.25 V:2911.0
  📈 Trend: strong_bearish | 🌍 Regime: ranging
  🗺️  Grid: 0.080% | 🔺 7431.00 🔻 7426.00
  📡 RSI: 34.0 | MACD: -1.29 | ATR: 4.79
  📊 Filled: 1 | Pending: 0
  📍 LONG @ 7428.75 | SL: 7418.50 | TP: 7444.25 | P&L: $+125.00 | +5.2 to trail
  💰 Daily P&L: $+0.00

[2026-06-08 12:46] O:7429.25 H:7434.00 L:7429.00 C:7433.75 V:2253.0
  📈 Trend: strong_bearish (raw: moderate_bullish) | 🌍 Regime: ranging
  🗺️  Grid: 0.080% | 🔺 7429.75 🔻 7425.75
  📡 RSI: 43.4 | MACD: -0.96 | ATR: 4.79
  📊 Filled: 1 | Pending: 0
  📍 LONG @ 7428.75 | SL: 7418.50 | TP: 7444.25 | P&L: $+1,250.00 | +5.2 to trail
  💰 Daily P&L: $+0.00

[2026-06-08 12:47] O:7433.75 H:7435.25 L:7431.00 C:7432.25 V:2616.0
  📈 Trend: strong_bearish | 🌍 Regime: ranging
  🗺️  Grid: 0.080% | 🔺 7434.00 🔻 7429.00
  📡 RSI: 47.8 | MACD: -0.81 | ATR: 4.66
  📊 Filled: 1 | Pending: 0
  📍 LONG @ 7428.75 | SL: 7418.50 | TP: 7444.25 | P&L: $+875.00 | +2.2 to trail
  💰 Daily P&L: $+0.00

[2026-06-08 12:48] O:7432.25 H:7433.50 L:7430.50 C:7430.50 V:1399.0
  📈 Trend: strong_bearish | 🌍 Regime: ranging
  🗺️  Grid: 0.080% | 🔺 7435.25 🔻 7431.00
  📡 RSI: 38.3 | MACD: -0.83 | ATR: 4.41
  📊 Filled: 1 | Pending: 0
  📍 LONG @ 7428.75 | SL: 7418.50 | TP: 7444.25 | P&L: $+437.50 | +1.0 to trail
  💰 Daily P&L: $+0.00

[2026-06-08 12:49] O:7430.75 H:7436.25 L:7430.75 C:7436.25 V:1607.0
  📈 Trend: strong_bearish (raw: moderate_bearish) | 🌍 Regime: ranging
  🗺️  Grid: 0.080% | 🔺 7433.50 🔻 7430.50
  📡 RSI: 60.5 | MACD: -0.37 | ATR: 4.14
  📊 Filled: 1 | Pending: 0
  📍 LONG @ 7428.75 | SL: 7418.50 | TP: 7444.25 | P&L: $+1,875.00 | +1.0 to trail
  ✏️ Stop order 460 modified → 7430.25 [confirmed]
  🔄 TRAILING ACTIVATED @ +7.50pts | Stop: 7418.50 → 7430.25
  💰 Daily P&L: $+0.00

[2026-06-08 12:50] O:7436.50 H:7437.25 L:7434.50 C:7436.00 V:1957.0
  📈 Trend: moderate_bearish | 🌍 Regime: ranging
  🗺️  Grid: 0.080% | 🔺 7436.25 🔻 7430.75
  📡 RSI: 57.9 | MACD: -0.03 | ATR: 4.04
  📊 Filled: 1 | Pending: 0
  📍 LONG @ 7428.75 | Trail: 7430.25 | TP: 7444.25 | P&L: $+1,812.50 | 🔒 Trailing
  ✏️ Stop order 460 modified → 7435.75 [confirmed]
  📈 TRAIL UPDATE: High 7437.25 | Stop: 7430.25 → 7435.75
  💰 Daily P&L: $+0.00
  ✅ Fill: SLD 5.0 @ 7435.5
  📋 Order 460 status: Filled

[2026-06-08 12:51] O:7436.00 H:7437.75 L:7433.75 C:7434.50 V:1753.0
  📈 Trend: moderate_bearish (raw: moderate_bullish) | 🌍 Regime: ranging
  🗺️  Grid: 0.080% | 🔺 7437.25 🔻 7434.50
  📡 RSI: 50.0 | MACD: 0.12 | ATR: 4.02
  📊 Filled: 1 | Pending: 0
  📍 LONG @ 7428.75 | Trail: 7435.75 | TP: 7444.25 | P&L: $+1,437.50 | 🔒 Trailing
  📋 Order 461 status: PendingCancel
  📋 Order 461 status: Cancelled
  ✅ EXIT LONG @ 7435.50 | Trailing Stop
     P&L: +6.75 pts ($+1,687.50) | Daily: $+1,687.50
  ⏸️ Cooldown: 2 bar(s) remaining after exit
  💰 Daily P&L: $+1,687.50

[2026-06-08 12:52] O:7434.25 H:7436.25 L:7432.00 C:7435.25 V:1478.0
  📈 Trend: moderate_bearish (raw: strong_bullish) | 🌍 Regime: ranging
  🗺️  Grid: 0.080% | 🔺 7437.75 🔻 7433.75
  📡 RSI: 50.9 | MACD: 0.29 | ATR: 4.07
  📊 Filled: 0 | Pending: 0
  ⏸️ Cooldown: 1 bar(s) remaining after exit
  💰 Daily P&L: $+1,687.50

[2026-06-08 12:53] O:7435.25 H:7439.75 L:7434.00 C:7439.50 V:1829.0
  📈 Trend: strong_bullish | 🌍 Regime: ranging
  🗺️  Grid: 0.080% | 🔺 7436.25 🔻 7432.00
  📡 RSI: 58.4 | MACD: 0.77 | ATR: 4.25
  📊 Filled: 0 | Pending: 0
  🔲 Regime: RANGING | Range pos: 31% | RSI: 58.4
  💰 Daily P&L: $+1,687.50

[2026-06-08 12:54] O:7439.25 H:7439.50 L:7437.00 C:7437.25 V:1223.0
  📈 Trend: strong_bullish | 🌍 Regime: ranging
  🗺️  Grid: 0.080% | 🔺 7439.75 🔻 7434.00
  📡 RSI: 59.8 | MACD: 0.95 | ATR: 4.00
  📊 Filled: 0 | Pending: 0
  🔲 Regime: RANGING | Range pos: 27% | RSI: 59.8
  💰 Daily P&L: $+1,687.50

[2026-06-08 12:55] O:7437.50 H:7438.25 L:7434.00 C:7434.50 V:1485.0
  📈 Trend: strong_bullish | 🌍 Regime: ranging
  🗺️  Grid: 0.080% | 🔺 7439.50 🔻 7437.00
  📡 RSI: 58.4 | MACD: 0.86 | ATR: 4.04
  📊 Filled: 0 | Pending: 0
  🔲 Regime: RANGING | Range pos: 21% | RSI: 58.4
  💰 Daily P&L: $+1,687.50

[2026-06-08 12:56] O:7434.25 H:7437.00 L:7434.00 C:7434.75 V:1548.0
  📈 Trend: strong_bullish | 🌍 Regime: ranging
  🗺️  Grid: 0.080% | 🔺 7438.25 🔻 7434.00
  📡 RSI: 58.7 | MACD: 0.80 | ATR: 4.02
  📊 Filled: 0 | Pending: 0
  🔲 Regime: RANGING | Range pos: 22% | RSI: 58.7
  💰 Daily P&L: $+1,687.50

[2026-06-08 12:57] O:7434.75 H:7436.00 L:7433.25 C:7433.50 V:1318.0
  📈 Trend: strong_bullish (raw: moderate_bullish) | 🌍 Regime: ranging
  🗺️  Grid: 0.080% | 🔺 7437.00 🔻 7434.00
  📡 RSI: 57.4 | MACD: 0.65 | ATR: 4.02
  📊 Filled: 0 | Pending: 0
  🔲 Regime: RANGING | Range pos: 20% | RSI: 57.4
  💰 Daily P&L: $+1,687.50

[2026-06-08 12:58] O:7433.50 H:7436.25 L:7432.50 C:7433.00 V:1641.0
  📈 Trend: moderate_bullish | 🌍 Regime: ranging
  🗺️  Grid: 0.080% | 🔺 7436.00 🔻 7433.25
  📡 RSI: 61.2 | MACD: 0.48 | ATR: 3.93
  📊 Filled: 0 | Pending: 0
  🔲 Regime: RANGING | Range pos: 19% | RSI: 61.2
  💰 Daily P&L: $+1,687.50

[2026-06-08 12:59] O:7433.25 H:7434.50 L:7431.25 C:7433.75 V:1742.0
  📈 Trend: moderate_bullish | 🌍 Regime: ranging
  🗺️  Grid: 0.080% | 🔺 7436.25 🔻 7432.50
  📡 RSI: 58.0 | MACD: 0.40 | ATR: 3.88
  📊 Filled: 0 | Pending: 0
  🔲 Regime: RANGING | Range pos: 20% | RSI: 58.0
  💰 Daily P&L: $+1,687.50

[2026-06-08 13:00] O:7433.75 H:7437.75 L:7433.50 C:7437.00 V:2661.0
  📈 Trend: moderate_bullish (raw: strong_bullish) | 🌍 Regime: ranging
  🗺️  Grid: 0.080% | 🔺 7434.50 🔻 7431.25
  📡 RSI: 56.1 | MACD: 0.60 | ATR: 3.82
  📊 Filled: 0 | Pending: 0
  🔲 Regime: RANGING | Range pos: 26% | RSI: 56.1
  💰 Daily P&L: $+1,687.50

[2026-06-08 13:01] O:7437.00 H:7441.00 L:7436.75 C:7440.50 V:2751.0
  📈 Trend: strong_bullish | 🌍 Regime: ranging
  🗺️  Grid: 0.080% | 🔺 7437.75 🔻 7433.50
  📡 RSI: 64.3 | MACD: 1.02 | ATR: 3.82
  📊 Filled: 0 | Pending: 0
  🔲 Regime: RANGING | Range pos: 33% | RSI: 64.3
  💰 Daily P&L: $+1,687.50

[2026-06-08 13:02] O:7440.50 H:7441.75 L:7437.75 C:7439.00 V:2057.0
  📈 Trend: strong_bullish | 🌍 Regime: ranging
  🗺️  Grid: 0.080% | 🔺 7441.00 🔻 7436.75
  📡 RSI: 64.9 | MACD: 1.22 | ATR: 3.89
  📊 Filled: 0 | Pending: 0
  🔲 Regime: RANGING | Range pos: 30% | RSI: 64.9
  💰 Daily P&L: $+1,687.50

[2026-06-08 13:03] O:7438.75 H:7441.00 L:7437.25 C:7438.75 V:2095.0
  📈 Trend: strong_bullish | 🌍 Regime: ranging
  🗺️  Grid: 0.080% | 🔺 7441.75 🔻 7437.75
  📡 RSI: 55.4 | MACD: 1.34 | ATR: 3.75
  📊 Filled: 0 | Pending: 0
  🔲 Regime: RANGING | Range pos: 29% | RSI: 55.4
  💰 Daily P&L: $+1,687.50

[2026-06-08 13:04] O:7438.50 H:7439.75 L:7437.00 C:7438.50 V:1719.0
  📈 Trend: strong_bullish | 🌍 Regime: ranging
  🗺️  Grid: 0.080% | 🔺 7441.00 🔻 7437.25
  📡 RSI: 55.4 | MACD: 1.41 | ATR: 3.75
  📊 Filled: 0 | Pending: 0
  🔲 Regime: RANGING | Range pos: 29% | RSI: 55.4
  💰 Daily P&L: $+1,687.50

[2026-06-08 13:05] O:7438.50 H:7441.75 L:7438.25 C:7441.00 V:1874.0
  📈 Trend: strong_bullish | 🌍 Regime: ranging
  🗺️  Grid: 0.080% | 🔺 7439.75 🔻 7437.00
  📡 RSI: 63.5 | MACD: 1.64 | ATR: 3.71
  📊 Filled: 0 | Pending: 0
  🔲 Regime: RANGING | Range pos: 33% | RSI: 63.5
  💰 Daily P&L: $+1,687.50

[2026-06-08 13:06] O:7441.00 H:7445.00 L:7439.25 C:7444.50 V:2325.0
  📈 Trend: strong_bullish | 🌍 Regime: ranging
  🗺️  Grid: 0.080% | 🔺 7441.75 🔻 7438.25
  📡 RSI: 67.3 | MACD: 2.08 | ATR: 3.82
  📊 Filled: 0 | Pending: 0
  🔲 Regime: RANGING | Range pos: 40% | RSI: 67.3
  💰 Daily P&L: $+1,687.50

[2026-06-08 13:07] O:7444.50 H:7445.50 L:7442.00 C:7442.00 V:2056.0
  📈 Trend: strong_bullish | 🌍 Regime: ranging
  🗺️  Grid: 0.080% | 🔺 7445.00 🔻 7439.25
  📡 RSI: 55.0 | MACD: 2.20 | ATR: 3.66
  📊 Filled: 0 | Pending: 0
  🔲 Regime: RANGING | Range pos: 35% | RSI: 55.0
  💰 Daily P&L: $+1,687.50

[2026-06-08 13:08] O:7441.75 H:7442.50 L:7439.75 C:7440.75 V:1652.0
  📈 Trend: strong_bullish | 🌍 Regime: ranging
  🗺️  Grid: 0.080% | 🔺 7445.50 🔻 7442.00
  📡 RSI: 57.3 | MACD: 2.18 | ATR: 3.68
  📊 Filled: 0 | Pending: 0
  🔲 Regime: RANGING | Range pos: 33% | RSI: 57.3
  💰 Daily P&L: $+1,687.50

[2026-06-08 13:09] O:7441.00 H:7443.00 L:7440.25 C:7441.50 V:1465.0
  📈 Trend: strong_bullish | 🌍 Regime: ranging
  🗺️  Grid: 0.080% | 🔺 7442.50 🔻 7439.75
  📡 RSI: 65.9 | MACD: 2.19 | ATR: 3.57
  📊 Filled: 0 | Pending: 0
  🔲 Regime: RANGING | Range pos: 34% | RSI: 65.9
  💰 Daily P&L: $+1,687.50

[2026-06-08 13:10] O:7441.50 H:7443.50 L:7441.25 C:7442.25 V:1758.0
  📈 Trend: strong_bullish | 🌍 Regime: ranging
  🗺️  Grid: 0.080% | 🔺 7443.00 🔻 7440.25
  📡 RSI: 66.7 | MACD: 2.23 | ATR: 3.52
  📊 Filled: 0 | Pending: 0
  🔲 Regime: RANGING | Range pos: 36% | RSI: 66.7
  💰 Daily P&L: $+1,687.50

[2026-06-08 13:11] O:7442.00 H:7442.75 L:7437.25 C:7437.50 V:1971.0
  📈 Trend: strong_bullish | 🌍 Regime: trending_bullish
  🗺️  Grid: 0.080% | 🔺 7443.50 🔻 7441.25
  📡 RSI: 57.7 | MACD: 1.86 | ATR: 3.71
  📊 Filled: 0 | Pending: 0
  💰 Daily P&L: $+1,687.50

[2026-06-08 13:12] O:7437.75 H:7438.00 L:7432.75 C:7433.50 V:2392.0
  📈 Trend: strong_bullish (raw: moderate_bearish) | 🌍 Regime: trending_bearish
  🗺️  Grid: 0.080% | 🔺 7442.75 🔻 7437.25
  📡 RSI: 50.8 | MACD: 1.23 | ATR: 3.82
  📊 Filled: 0 | Pending: 0
  💰 Daily P&L: $+1,687.50

[2026-06-08 13:13] O:7433.75 H:7438.75 L:7433.75 C:7437.50 V:1812.0
  📈 Trend: strong_bullish (raw: moderate_bullish) | 🌍 Regime: ranging
  🗺️  Grid: 0.080% | 🔺 7438.00 🔻 7432.75
  📡 RSI: 55.7 | MACD: 1.05 | ATR: 3.96
  📊 Filled: 0 | Pending: 0
  🔲 Regime: RANGING | Range pos: 27% | RSI: 55.7
  💰 Daily P&L: $+1,687.50

[2026-06-08 13:14] O:7437.50 H:7438.00 L:7434.50 C:7435.25 V:2754.0
  📈 Trend: moderate_bullish | 🌍 Regime: ranging
  🗺️  Grid: 0.080% | 🔺 7438.75 🔻 7433.75
  📡 RSI: 47.2 | MACD: 0.71 | ATR: 3.91
  📊 Filled: 0 | Pending: 0
  🔲 Regime: RANGING | Range pos: 23% | RSI: 47.2
  💰 Daily P&L: $+1,687.50

[2026-06-08 13:15] O:7435.00 H:7438.75 L:7434.75 C:7438.50 V:1711.0
  📈 Trend: moderate_bullish | 🌍 Regime: ranging
  🗺️  Grid: 0.080% | 🔺 7438.00 🔻 7434.50
  📡 RSI: 46.8 | MACD: 0.69 | ATR: 3.89
  📊 Filled: 0 | Pending: 0
  🔲 Regime: RANGING | Range pos: 29% | RSI: 46.8
  💰 Daily P&L: $+1,687.50

[2026-06-08 13:16] O:7438.50 H:7438.75 L:7436.50 C:7437.50 V:1371.0
  📈 Trend: moderate_bullish | 🌍 Regime: ranging
  🗺️  Grid: 0.080% | 🔺 7438.75 🔻 7434.75
  📡 RSI: 47.6 | MACD: 0.59 | ATR: 3.77
  📊 Filled: 0 | Pending: 0
  🔲 Regime: RANGING | Range pos: 27% | RSI: 47.6
  💰 Daily P&L: $+1,687.50

[2026-06-08 13:17] O:7437.75 H:7440.00 L:7436.75 C:7438.75 V:1482.0
  📈 Trend: moderate_bullish | 🌍 Regime: trending_bullish
  🗺️  Grid: 0.080% | 🔺 7438.75 🔻 7436.50
  📡 RSI: 50.0 | MACD: 0.61 | ATR: 3.73
  📊 Filled: 0 | Pending: 0
  💰 Daily P&L: $+1,687.50

[2026-06-08 13:18] O:7439.00 H:7440.50 L:7438.25 C:7439.75 V:1292.0
  📈 Trend: moderate_bullish | 🌍 Regime: trending_bullish
  🗺️  Grid: 0.080% | 🔺 7440.00 🔻 7436.75
  📡 RSI: 51.9 | MACD: 0.69 | ATR: 3.70
  📊 Filled: 0 | Pending: 0
  💰 Daily P&L: $+1,687.50

[2026-06-08 13:19] O:7439.75 H:7440.00 L:7437.00 C:7438.25 V:1252.0
  📈 Trend: moderate_bullish | 🌍 Regime: trending_bullish
  🗺️  Grid: 0.080% | 🔺 7440.50 🔻 7438.25
  📡 RSI: 45.7 | MACD: 0.63 | ATR: 3.66
  📊 Filled: 0 | Pending: 0
  💰 Daily P&L: $+1,687.50

[2026-06-08 13:20] O:7438.50 H:7439.25 L:7436.00 C:7436.50 V:1630.0
  📈 Trend: moderate_bullish (raw: moderate_bearish) | 🌍 Regime: ranging
  🗺️  Grid: 0.080% | 🔺 7440.00 🔻 7437.00
  📡 RSI: 36.7 | MACD: 0.44 | ATR: 3.48
  📊 Filled: 0 | Pending: 0
  🔲 Regime: RANGING | Range pos: 25% | RSI: 36.7
  💰 Daily P&L: $+1,687.50

[2026-06-08 13:21] O:7436.50 H:7438.75 L:7435.00 C:7438.25 V:1432.0
  📈 Trend: moderate_bearish | 🌍 Regime: trending_bearish
  🗺️  Grid: 0.080% | 🔺 7439.25 🔻 7436.00
  📡 RSI: 43.6 | MACD: 0.42 | ATR: 3.50
  📊 Filled: 0 | Pending: 0
  💰 Daily P&L: $+1,687.50

[2026-06-08 13:22] O:7438.50 H:7441.75 L:7438.50 C:7440.25 V:1873.0
  📈 Trend: moderate_bearish (raw: moderate_bullish) | 🌍 Regime: ranging
  🗺️  Grid: 0.080% | 🔺 7438.75 🔻 7435.00
  📡 RSI: 49.2 | MACD: 0.56 | ATR: 3.55
  📊 Filled: 0 | Pending: 0
  🔲 Regime: RANGING | Range pos: 32% | RSI: 49.2
  💰 Daily P&L: $+1,687.50

[2026-06-08 13:23] O:7440.25 H:7440.75 L:7438.25 C:7439.75 V:1312.0
  📈 Trend: moderate_bullish | 🌍 Regime: ranging
  🗺️  Grid: 0.080% | 🔺 7441.75 🔻 7438.50
  📡 RSI: 47.1 | MACD: 0.63 | ATR: 3.54
  📊 Filled: 0 | Pending: 0
  🔲 Regime: RANGING | Range pos: 31% | RSI: 47.1
  💰 Daily P&L: $+1,687.50

[2026-06-08 13:24] O:7439.75 H:7441.75 L:7439.25 C:7440.00 V:1327.0
  📈 Trend: moderate_bullish | 🌍 Regime: ranging
  🗺️  Grid: 0.080% | 🔺 7440.75 🔻 7438.25
  📡 RSI: 46.2 | MACD: 0.69 | ATR: 3.55
  📊 Filled: 0 | Pending: 0
  🔲 Regime: RANGING | Range pos: 32% | RSI: 46.2
  💰 Daily P&L: $+1,687.50

[2026-06-08 13:25] O:7440.00 H:7442.25 L:7439.50 C:7441.50 V:1034.0
  📈 Trend: moderate_bullish | 🌍 Regime: ranging
  🗺️  Grid: 0.080% | 🔺 7441.75 🔻 7439.25
  📡 RSI: 57.7 | MACD: 0.85 | ATR: 3.36
  📊 Filled: 0 | Pending: 0
  🔲 Regime: RANGING | Range pos: 34% | RSI: 57.7
  💰 Daily P&L: $+1,687.50

[2026-06-08 13:26] O:7441.50 H:7442.00 L:7440.50 C:7441.00 V:932.0
  📈 Trend: moderate_bullish | 🌍 Regime: ranging
  🗺️  Grid: 0.080% | 🔺 7442.25 🔻 7439.50
  📡 RSI: 66.7 | MACD: 0.93 | ATR: 3.09
  📊 Filled: 0 | Pending: 0
  🔲 Regime: RANGING | Range pos: 33% | RSI: 66.7
  💰 Daily P&L: $+1,687.50

[2026-06-08 13:27] O:7440.75 H:7441.00 L:7439.25 C:7439.25 V:945.0
  📈 Trend: moderate_bullish | 🌍 Regime: ranging
  🗺️  Grid: 0.080% | 🔺 7442.00 🔻 7440.50
  📡 RSI: 54.3 | MACD: 0.84 | ATR: 2.84
  📊 Filled: 0 | Pending: 0
  🔲 Regime: RANGING | Range pos: 30% | RSI: 54.3
  💰 Daily P&L: $+1,687.50

[2026-06-08 13:28] O:7439.50 H:7442.50 L:7438.00 C:7442.00 V:1761.0
  📈 Trend: moderate_bullish (raw: strong_bullish) | 🌍 Regime: ranging
  🗺️  Grid: 0.080% | 🔺 7441.00 🔻 7439.25
  📡 RSI: 66.3 | MACD: 0.98 | ATR: 2.91
  📊 Filled: 0 | Pending: 0
  🔲 Regime: RANGING | Range pos: 35% | RSI: 66.3
  💰 Daily P&L: $+1,687.50

[2026-06-08 13:29] O:7442.00 H:7443.25 L:7441.50 C:7441.75 V:1537.0
  📈 Trend: moderate_bullish | 🌍 Regime: ranging
  🗺️  Grid: 0.080% | 🔺 7442.50 🔻 7438.00
  📡 RSI: 59.2 | MACD: 1.05 | ATR: 2.75
  📊 Filled: 0 | Pending: 0
  🔲 Regime: RANGING | Range pos: 35% | RSI: 59.2
  💰 Daily P&L: $+1,687.50

[2026-06-08 13:30] O:7442.00 H:7447.00 L:7442.00 C:7446.00 V:2846.0
  📈 Trend: moderate_bullish (raw: strong_bullish) | 🌍 Regime: ranging
  🗺️  Grid: 0.080% | 🔺 7443.25 🔻 7441.50
  📡 RSI: 70.2 | MACD: 1.44 | ATR: 2.96
  📊 Filled: 0 | Pending: 0
  🔲 Regime: RANGING | Range pos: 43% | RSI: 70.2
  💰 Daily P&L: $+1,687.50

[2026-06-08 13:31] O:7446.25 H:7446.50 L:7443.50 C:7444.75 V:2025.0
  📈 Trend: strong_bullish | 🌍 Regime: ranging
  🗺️  Grid: 0.080% | 🔺 7447.00 🔻 7442.00
  📡 RSI: 64.3 | MACD: 1.63 | ATR: 2.95
  📊 Filled: 0 | Pending: 0
  🔲 Regime: RANGING | Range pos: 40% | RSI: 64.3
  💰 Daily P&L: $+1,687.50

[2026-06-08 13:32] O:7444.50 H:7445.25 L:7441.75 C:7444.75 V:1533.0
  📈 Trend: strong_bullish | 🌍 Regime: ranging
  🗺️  Grid: 0.080% | 🔺 7446.50 🔻 7443.50
  📡 RSI: 62.5 | MACD: 1.76 | ATR: 3.04
  📊 Filled: 0 | Pending: 0
  🔲 Regime: RANGING | Range pos: 40% | RSI: 62.5
  💰 Daily P&L: $+1,687.50

[2026-06-08 13:33] O:7444.75 H:7446.00 L:7444.75 C:7444.75 V:1278.0
  📈 Trend: strong_bullish | 🌍 Regime: ranging
  🗺️  Grid: 0.080% | 🔺 7445.25 🔻 7441.75
  📡 RSI: 67.6 | MACD: 1.84 | ATR: 2.91
  📊 Filled: 0 | Pending: 0
  🔲 Regime: RANGING | Range pos: 40% | RSI: 67.6
  💰 Daily P&L: $+1,687.50

[2026-06-08 13:34] O:7445.00 H:7445.00 L:7440.00 C:7440.25 V:1631.0
  📈 Trend: strong_bullish | 🌍 Regime: ranging
  🗺️  Grid: 0.080% | 🔺 7446.00 🔻 7444.75
  📡 RSI: 58.8 | MACD: 1.52 | ATR: 3.04
  📊 Filled: 0 | Pending: 0
  🔲 Regime: RANGING | Range pos: 32% | RSI: 58.8
  💰 Daily P&L: $+1,687.50

[2026-06-08 13:35] O:7440.25 H:7441.50 L:7439.25 C:7441.25 V:1717.0
  📈 Trend: strong_bullish (raw: moderate_bullish) | 🌍 Regime: ranging
  🗺️  Grid: 0.080% | 🔺 7445.00 🔻 7440.00
  📡 RSI: 57.3 | MACD: 1.34 | ATR: 2.93
  📊 Filled: 0 | Pending: 0
  🔲 Regime: RANGING | Range pos: 34% | RSI: 57.3
  💰 Daily P&L: $+1,687.50

[2026-06-08 13:36] O:7441.25 H:7443.50 L:7438.75 C:7438.75 V:1519.0
  📈 Trend: strong_bullish (raw: moderate_bearish) | 🌍 Regime: ranging
  🗺️  Grid: 0.080% | 🔺 7441.50 🔻 7439.25
  📡 RSI: 46.4 | MACD: 0.98 | ATR: 3.02
  📊 Filled: 0 | Pending: 0
  🔲 Regime: RANGING | Range pos: 29% | RSI: 46.4
  💰 Daily P&L: $+1,687.50

[2026-06-08 13:37] O:7438.75 H:7440.75 L:7436.25 C:7436.75 V:1840.0
  📈 Trend: moderate_bearish | 🌍 Regime: ranging
  🗺️  Grid: 0.080% | 🔺 7443.50 🔻 7438.75
  📡 RSI: 43.3 | MACD: 0.52 | ATR: 3.16
  📊 Filled: 0 | Pending: 0
  🔲 Regime: RANGING | Range pos: 26% | RSI: 43.3
  💰 Daily P&L: $+1,687.50

[2026-06-08 13:38] O:7436.50 H:7437.25 L:7434.75 C:7435.75 V:1850.0
  📈 Trend: moderate_bearish | 🌍 Regime: ranging
  🗺️  Grid: 0.080% | 🔺 7440.75 🔻 7436.25
  📡 RSI: 40.9 | MACD: 0.08 | ATR: 3.16
  📊 Filled: 0 | Pending: 0
  🔲 Regime: RANGING | Range pos: 24% | RSI: 40.9
  💰 Daily P&L: $+1,687.50

[2026-06-08 13:39] O:7436.00 H:7436.00 L:7431.00 C:7432.00 V:2325.0
  📈 Trend: moderate_bearish (raw: strong_bearish) | 🌍 Regime: ranging
  🗺️  Grid: 0.080% | 🔺 7437.25 🔻 7434.75
  📡 RSI: 31.4 | MACD: -0.56 | ATR: 3.32
  📊 Filled: 0 | Pending: 0
  🔲 Regime: RANGING | Range pos: 17% | RSI: 31.4
  🚫 Raw trend blocks RANGING LONG | raw: strong_bearish
  💰 Daily P&L: $+1,687.50

[2026-06-08 13:40] O:7432.00 H:7433.50 L:7430.00 C:7431.25 V:2481.0
  📈 Trend: strong_bearish | 🌍 Regime: ranging
  🗺️  Grid: 0.080% | 🔺 7436.00 🔻 7431.00
  📡 RSI: 31.1 | MACD: -1.12 | ATR: 3.46
  📊 Filled: 0 | Pending: 0
  🔲 Regime: RANGING | Range pos: 15% | RSI: 31.1
  🚫 Raw trend blocks RANGING LONG | raw: strong_bearish
  💰 Daily P&L: $+1,687.50

[2026-06-08 13:41] O:7431.50 H:7433.50 L:7431.25 C:7431.25 V:1781.0
  📈 Trend: strong_bearish | 🌍 Regime: ranging
  🗺️  Grid: 0.080% | 🔺 7433.50 🔻 7430.00
  📡 RSI: 33.3 | MACD: -1.55 | ATR: 3.50
  📊 Filled: 0 | Pending: 0
  🔲 Regime: RANGING | Range pos: 15% | RSI: 33.3
  🚫 Raw trend blocks RANGING LONG | raw: strong_bearish
  💰 Daily P&L: $+1,687.50

[2026-06-08 13:42] O:7431.50 H:7436.00 L:7431.25 C:7434.25 V:2095.0
  📈 Trend: strong_bearish | 🌍 Regime: ranging
  🗺️  Grid: 0.080% | 🔺 7433.50 🔻 7431.25
  📡 RSI: 34.0 | MACD: -1.62 | ATR: 3.52
  📊 Filled: 0 | Pending: 0
  🔲 Regime: RANGING | Range pos: 21% | RSI: 34.0
  🚫 Raw trend blocks RANGING LONG | raw: strong_bearish
  💰 Daily P&L: $+1,687.50

[2026-06-08 13:43] O:7434.25 H:7435.00 L:7431.25 C:7431.50 V:1440.0
  📈 Trend: strong_bearish | 🌍 Regime: ranging
  🗺️  Grid: 0.080% | 🔺 7436.00 🔻 7431.25
  📡 RSI: 30.8 | MACD: -1.88 | ATR: 3.66
  📊 Filled: 0 | Pending: 0
  🔲 Regime: RANGING | Range pos: 16% | RSI: 30.8
  🚫 Raw trend blocks RANGING LONG | raw: strong_bearish
  💰 Daily P&L: $+1,687.50

[2026-06-08 13:44] O:7431.50 H:7432.50 L:7430.50 C:7431.50 V:1669.0
  📈 Trend: strong_bearish | 🌍 Regime: ranging
  🗺️  Grid: 0.080% | 🔺 7435.00 🔻 7431.25
  📡 RSI: 17.8 | MACD: -2.07 | ATR: 3.43
  📊 Filled: 0 | Pending: 0
  🔲 Regime: RANGING | Range pos: 16% | RSI: 17.8
  🚫 Raw trend blocks RANGING LONG | raw: strong_bearish
  💰 Daily P&L: $+1,687.50

[2026-06-08 13:45] O:7431.50 H:7434.00 L:7431.50 C:7432.00 V:1596.0
  📈 Trend: strong_bearish | 🌍 Regime: ranging
  🗺️  Grid: 0.080% | 🔺 7432.50 🔻 7430.50
  📡 RSI: 20.7 | MACD: -2.14 | ATR: 3.39
  📊 Filled: 0 | Pending: 0
  🔲 Regime: RANGING | Range pos: 17% | RSI: 20.7
  🚫 Raw trend blocks RANGING LONG | raw: strong_bearish
  💰 Daily P&L: $+1,687.50

[2026-06-08 13:46] O:7431.75 H:7434.75 L:7431.50 C:7434.25 V:1528.0
  📈 Trend: strong_bearish | 🌍 Regime: ranging
  🗺️  Grid: 0.080% | 🔺 7434.00 🔻 7431.50
  📡 RSI: 28.1 | MACD: -2.00 | ATR: 3.38
  📊 Filled: 0 | Pending: 0
  🔲 Regime: RANGING | Range pos: 21% | RSI: 28.1
  🚫 Raw trend blocks RANGING LONG | raw: strong_bearish
  💰 Daily P&L: $+1,687.50

[2026-06-08 13:47] O:7434.25 H:7436.75 L:7433.50 C:7436.25 V:1541.0
  📈 Trend: strong_bearish | 🌍 Regime: ranging
  🗺️  Grid: 0.080% | 🔺 7434.75 🔻 7431.50
  📡 RSI: 33.7 | MACD: -1.71 | ATR: 3.52
  📊 Filled: 0 | Pending: 0
  🔲 Regime: RANGING | Range pos: 25% | RSI: 33.7
  🚫 Raw trend blocks RANGING LONG | raw: strong_bearish
  💰 Daily P&L: $+1,687.50

[2026-06-08 13:48] O:7436.25 H:7438.00 L:7436.00 C:7436.50 V:1629.0
  📈 Trend: strong_bearish | 🌍 Regime: ranging
  🗺️  Grid: 0.080% | 🔺 7436.75 🔻 7433.50
  📡 RSI: 41.4 | MACD: -1.44 | ATR: 3.30
  📊 Filled: 0 | Pending: 0
  🔲 Regime: RANGING | Range pos: 25% | RSI: 41.4
  💰 Daily P&L: $+1,687.50

[2026-06-08 13:49] O:7436.25 H:7436.25 L:7431.75 C:7432.25 V:1791.0
  📈 Trend: strong_bearish | 🌍 Regime: ranging
  🗺️  Grid: 0.080% | 🔺 7438.00 🔻 7436.00
  📡 RSI: 32.0 | MACD: -1.55 | ATR: 3.48
  📊 Filled: 0 | Pending: 0
  🔲 Regime: RANGING | Range pos: 17% | RSI: 32.0
  🚫 Raw trend blocks RANGING LONG | raw: strong_bearish
  💰 Daily P&L: $+1,687.50

[2026-06-08 13:50] O:7432.50 H:7434.25 L:7431.25 C:7432.50 V:1442.0
  📈 Trend: strong_bearish | 🌍 Regime: ranging
  🗺️  Grid: 0.080% | 🔺 7436.25 🔻 7431.75
  📡 RSI: 36.3 | MACD: -1.60 | ATR: 3.36
  📊 Filled: 0 | Pending: 0
  🔲 Regime: RANGING | Range pos: 18% | RSI: 36.3
  💰 Daily P&L: $+1,687.50
→ Real-time bars cancelled
✓ Disconnected from IBKR
