Logging to: es_bot_20260610_104153.log

============================================================
📈 MODE: SCALP
   • 10 contract(s) max
   • Grid entries only
   • Trailing stop enabled
   • SL: ~8 pts | TP: ~12 pts | Trail activates: +6 pts
   • Best for: Normal sessions, choppy/ranging opens
============================================================
✓ Connected to IBKR (paper) - clientId=10
✓ Front-month contract: ESM6 expiry=20260618

============================================================
Loading historical data for indicator warm-up...
============================================================
→ Fetching historical bars (1 D, 1 min)...
✓ Loaded 1002 historical bars

Processing 1002 historical bars...

Indicators ready!
  Bars loaded: 1002
  Last price: 7391.25
  Trend: strong_bullish
  RSI: 44.5
  ATR: 7.54
  MACD: 0.32 / Signal: 0.92
  MA: 7391.35 / 7387.06 / 7352.53

------------------------------------------------------------
Account Value: $1,038,974.95
Buying Power: $4,119,068.18
Current Position: 0 contracts
------------------------------------------------------------

============================================================
Starting live 1-minute bar stream...
Strategy is now ACTIVE (SCALP mode)
============================================================

→ Subscribed to 5-second real-time bars (aggregating to 1 min)

[2026-06-10 09:41] O:7391.25 H:7392.75 L:7391.25 C:7391.50 V:194.0
  📈 Trend: sideways (raw: moderate_bullish) | 🌍 Regime: trending_bullish
  🗺️  Grid: 0.109% | 🔺 7393.00 🔻 7388.50
  📡 RSI: 52.8 | MACD: 0.48 | ATR: 6.71
  📊 Filled: 0 | Pending: 0
  💰 Daily P&L: $+0.00

[2026-06-10 09:42] O:7391.75 H:7393.25 L:7385.50 C:7386.00 V:2404.0
  📈 Trend: moderate_bullish | 🌍 Regime: trending_bullish
  🗺️  Grid: 0.111% | 🔺 7392.75 🔻 7391.25
  📡 RSI: 44.7 | MACD: 0.15 | ATR: 6.82
  📊 Filled: 0 | Pending: 0
  💰 Daily P&L: $+0.00

[2026-06-10 09:43] O:7386.25 H:7387.75 L:7383.25 C:7384.25 V:2190.0
  📈 Trend: moderate_bullish | 🌍 Regime: trending_bullish
  🗺️  Grid: 0.111% | 🔺 7393.25 🔻 7385.50
  📡 RSI: 45.5 | MACD: -0.24 | ATR: 6.82
  📊 Filled: 0 | Pending: 0
  💰 Daily P&L: $+0.00

[2026-06-10 09:44] O:7384.25 H:7386.00 L:7376.25 C:7376.50 V:3305.0
  📈 Trend: moderate_bullish | 🌍 Regime: trending_bullish
  🗺️  Grid: 0.109% | 🔺 7387.75 🔻 7383.25
  📡 RSI: 47.7 | MACD: -1.17 | ATR: 6.68
  📊 Filled: 0 | Pending: 0
  💰 Daily P&L: $+0.00

[2026-06-10 09:45] O:7376.50 H:7378.50 L:7369.00 C:7374.00 V:7051.0
  📈 Trend: moderate_bullish | 🌍 Regime: trending_bullish
  🗺️  Grid: 0.110% | 🔺 7386.00 🔻 7376.25
  📡 RSI: 38.2 | MACD: -2.08 | ATR: 6.73
  📊 Filled: 0 | Pending: 0
  💰 Daily P&L: $+0.00

[2026-06-10 09:46] O:7374.25 H:7379.75 L:7372.75 C:7378.75 V:3434.0
  📈 Trend: moderate_bullish (raw: strong_bearish) | 🌍 Regime: trending_bearish
  🗺️  Grid: 0.107% | 🔺 7378.50 🔻 7369.00
  📡 RSI: 38.5 | MACD: -2.39 | ATR: 6.55
  📊 Filled: 0 | Pending: 0
  🚫 Raw trend blocks LONG | raw: strong_bearish
  💰 Daily P&L: $+0.00

[2026-06-10 09:47] O:7378.75 H:7381.75 L:7374.50 C:7374.75 V:2869.0
  📈 Trend: strong_bearish | 🌍 Regime: trending_bearish
  🗺️  Grid: 0.105% | 🔺 7379.75 🔻 7372.75
  📡 RSI: 26.6 | MACD: -2.93 | ATR: 6.46
  📊 Filled: 0 | Pending: 0
  💰 Daily P&L: $+0.00

[2026-06-10 09:48] O:7375.00 H:7375.00 L:7370.25 C:7370.50 V:3297.0
  📈 Trend: strong_bearish | 🌍 Regime: trending_bearish
  🗺️  Grid: 0.104% | 🔺 7381.75 🔻 7374.50
  📡 RSI: 25.6 | MACD: -3.65 | ATR: 6.36
  📊 Filled: 0 | Pending: 0
  💰 Daily P&L: $+0.00

[2026-06-10 09:49] O:7370.50 H:7372.75 L:7365.25 C:7370.00 V:3961.0
  📈 Trend: strong_bearish | 🌍 Regime: trending_bearish
  🗺️  Grid: 0.104% | 🔺 7375.00 🔻 7370.25
  📡 RSI: 29.3 | MACD: -4.22 | ATR: 6.36
  📊 Filled: 0 | Pending: 0
  💰 Daily P&L: $+0.00

[2026-06-10 09:50] O:7370.25 H:7375.50 L:7368.75 C:7373.50 V:6177.0
  📈 Trend: strong_bearish | 🌍 Regime: trending_bearish
  🗺️  Grid: 0.100% | 🔺 7372.75 🔻 7365.25
  📡 RSI: 39.7 | MACD: -4.34 | ATR: 6.12
  📊 Filled: 0 | Pending: 0
  💰 Daily P&L: $+0.00

[2026-06-10 09:51] O:7373.50 H:7377.50 L:7367.00 C:7369.25 V:5222.0
  📈 Trend: strong_bearish | 🌍 Regime: trending_bearish
  🗺️  Grid: 0.107% | 🔺 7375.50 🔻 7368.75
  📡 RSI: 36.1 | MACD: -4.72 | ATR: 6.59
  📊 Filled: 0 | Pending: 0
  💰 Daily P&L: $+0.00

[2026-06-10 09:52] O:7369.00 H:7369.25 L:7362.25 C:7366.25 V:4702.0
  📈 Trend: strong_bearish | 🌍 Regime: trending_bearish
  🗺️  Grid: 0.110% | 🔺 7377.50 🔻 7367.00
  📡 RSI: 29.1 | MACD: -5.20 | ATR: 6.73
  📊 Filled: 0 | Pending: 0
  💰 Daily P&L: $+0.00

[2026-06-10 09:53] O:7366.00 H:7371.50 L:7365.00 C:7366.25 V:3020.0
  📈 Trend: strong_bearish | 🌍 Regime: trending_bearish
  🗺️  Grid: 0.110% | 🔺 7369.25 🔻 7362.25
  📡 RSI: 21.6 | MACD: -5.52 | ATR: 6.77
  📊 Filled: 0 | Pending: 0
  💰 Daily P&L: $+0.00

[2026-06-10 09:54] O:7366.50 H:7372.00 L:7365.75 C:7366.75 V:3430.0
  📈 Trend: strong_bearish | 🌍 Regime: trending_bearish
  🗺️  Grid: 0.112% | 🔺 7371.50 🔻 7365.00
  📡 RSI: 21.2 | MACD: -5.67 | ATR: 6.89
  📊 Filled: 0 | Pending: 0
  💰 Daily P&L: $+0.00

[2026-06-10 09:55] O:7366.50 H:7370.25 L:7354.25 C:7354.50 V:5877.0
  📈 Trend: strong_bearish | 🌍 Regime: trending_bearish
  🗺️  Grid: 0.129% | 🔺 7372.00 🔻 7365.75
  📡 RSI: 16.1 | MACD: -6.70 | ATR: 7.93
  📊 Filled: 0 | Pending: 0
  💰 Daily P&L: $+0.00

[2026-06-10 09:56] O:7354.50 H:7358.25 L:7351.00 C:7354.25 V:5764.0
  📈 Trend: strong_bearish | 🌍 Regime: trending_bearish
  🗺️  Grid: 0.129% | 🔺 7370.25 🔻 7354.25
  📡 RSI: 17.8 | MACD: -7.45 | ATR: 7.89
  📊 Filled: 0 | Pending: 0
  💰 Daily P&L: $+0.00

[2026-06-10 09:57] O:7354.25 H:7354.75 L:7343.25 C:7344.25 V:6503.0
  📈 Trend: strong_bearish | 🌍 Regime: trending_bearish
  🗺️  Grid: 0.137% | 🔺 7358.25 🔻 7351.00
  📡 RSI: 15.2 | MACD: -8.75 | ATR: 8.39
  📊 Filled: 0 | Pending: 0
  💰 Daily P&L: $+0.00

[2026-06-10 09:58] O:7344.00 H:7349.50 L:7343.00 C:7345.25 V:5368.0
  📈 Trend: strong_bearish | 🌍 Regime: trending_bearish
  🗺️  Grid: 0.133% | 🔺 7354.75 🔻 7343.25
  📡 RSI: 19.2 | MACD: -9.59 | ATR: 8.16
  📊 Filled: 0 | Pending: 0
  💰 Daily P&L: $+0.00

[2026-06-10 09:59] O:7345.25 H:7352.00 L:7344.75 C:7349.25 V:6180.0
  📈 Trend: strong_bearish | 🌍 Regime: trending_bearish
  🗺️  Grid: 0.131% | 🔺 7349.50 🔻 7343.00
  📡 RSI: 26.3 | MACD: -9.81 | ATR: 8.00
  📊 Filled: 0 | Pending: 0
  💰 Daily P&L: $+0.00

[2026-06-10 10:00] O:7349.00 H:7350.00 L:7339.50 C:7343.50 V:6233.0
  📈 Trend: strong_bearish | 🌍 Regime: trending_bearish
  🗺️  Grid: 0.135% | 🔺 7352.00 🔻 7344.75
  📡 RSI: 16.9 | MACD: -10.34 | ATR: 8.25
  📊 Filled: 0 | Pending: 0
  💰 Daily P&L: $+0.00

[2026-06-10 10:01] O:7343.25 H:7361.00 L:7342.75 C:7360.50 V:6364.0
  📈 Trend: strong_bearish | 🌍 Regime: trending_bearish
  🗺️  Grid: 0.147% | 🔺 7350.00 🔻 7339.50
  📡 RSI: 39.2 | MACD: -9.28 | ATR: 9.04
  📊 Filled: 0 | Pending: 0
  💰 Daily P&L: $+0.00

[2026-06-10 10:02] O:7360.75 H:7362.25 L:7357.00 C:7359.25 V:4084.0
  📈 Trend: strong_bearish | 🌍 Regime: trending_bearish
  🗺️  Grid: 0.148% | 🔺 7361.00 🔻 7342.75
  📡 RSI: 41.1 | MACD: -8.44 | ATR: 9.07
  📊 Filled: 0 | Pending: 0
  💰 Daily P&L: $+0.00

[2026-06-10 10:03] O:7359.00 H:7364.75 L:7357.50 C:7358.25 V:3484.0
  📈 Trend: strong_bearish (raw: moderate_bearish) | 🌍 Regime: trending_bearish
  🗺️  Grid: 0.148% | 🔺 7362.25 🔻 7357.00
  📡 RSI: 40.8 | MACD: -7.77 | ATR: 9.05
  📊 Filled: 0 | Pending: 0
  💰 Daily P&L: $+0.00

[2026-06-10 10:04] O:7358.25 H:7359.25 L:7349.75 C:7351.50 V:3644.0
  📈 Trend: moderate_bearish | 🌍 Regime: trending_bearish
  🗺️  Grid: 0.151% | 🔺 7364.75 🔻 7357.50
  📡 RSI: 33.6 | MACD: -7.69 | ATR: 9.25
  📊 Filled: 0 | Pending: 0
  💰 Daily P&L: $+0.00

[2026-06-10 10:05] O:7351.50 H:7353.25 L:7347.50 C:7348.50 V:3183.0
  📈 Trend: moderate_bearish | 🌍 Regime: trending_bearish
  🗺️  Grid: 0.146% | 🔺 7359.25 🔻 7349.75
  📡 RSI: 34.2 | MACD: -7.78 | ATR: 8.91
  📊 Filled: 0 | Pending: 0
  💰 Daily P&L: $+0.00

[2026-06-10 10:06] O:7348.50 H:7350.75 L:7342.50 C:7342.75 V:2610.0
  📈 Trend: moderate_bearish (raw: strong_bearish) | 🌍 Regime: trending_bearish
  🗺️  Grid: 0.147% | 🔺 7353.25 🔻 7347.50
  📡 RSI: 32.8 | MACD: -8.22 | ATR: 9.00
  📊 Filled: 0 | Pending: 0
  💰 Daily P&L: $+0.00

[2026-06-10 10:07] O:7343.00 H:7345.25 L:7340.75 C:7343.75 V:2892.0
  📈 Trend: strong_bearish | 🌍 Regime: trending_bearish
  🗺️  Grid: 0.145% | 🔺 7350.75 🔻 7342.50
  📡 RSI: 33.8 | MACD: -8.40 | ATR: 8.86
  📊 Filled: 0 | Pending: 0
  💰 Daily P&L: $+0.00

[2026-06-10 10:08] O:7344.00 H:7347.00 L:7339.25 C:7341.75 V:3684.0
  📈 Trend: strong_bearish | 🌍 Regime: trending_bearish
  🗺️  Grid: 0.147% | 🔺 7345.25 🔻 7340.75
  📡 RSI: 32.4 | MACD: -8.60 | ATR: 8.96
  📊 Filled: 0 | Pending: 0
  💰 Daily P&L: $+0.00

[2026-06-10 10:09] O:7341.75 H:7343.50 L:7337.75 C:7338.25 V:2968.0
  📈 Trend: strong_bearish | 🌍 Regime: trending_bearish
  🗺️  Grid: 0.135% | 🔺 7347.00 🔻 7339.25
  📡 RSI: 36.9 | MACD: -8.93 | ATR: 8.23
  📊 Filled: 0 | Pending: 0
  💰 Daily P&L: $+0.00

[2026-06-10 10:10] O:7338.25 H:7341.00 L:7334.50 C:7334.75 V:4938.0
  📈 Trend: strong_bearish | 🌍 Regime: trending_bearish
  🗺️  Grid: 0.134% | 🔺 7343.50 🔻 7337.75
  📡 RSI: 35.1 | MACD: -9.37 | ATR: 8.18
  📊 Filled: 0 | Pending: 0
  💰 Daily P&L: $+0.00

[2026-06-10 10:11] O:7334.50 H:7334.75 L:7329.25 C:7331.25 V:6416.0
  📈 Trend: strong_bearish | 🌍 Regime: trending_bearish
  🗺️  Grid: 0.127% | 🔺 7341.00 🔻 7334.50
  📡 RSI: 39.0 | MACD: -9.89 | ATR: 7.75
  📊 Filled: 0 | Pending: 0
  💰 Daily P&L: $+0.00

[2026-06-10 10:12] O:7331.25 H:7331.75 L:7327.50 C:7328.75 V:5367.0
  📈 Trend: strong_bearish | 🌍 Regime: trending_bearish
  🗺️  Grid: 0.124% | 🔺 7334.75 🔻 7329.25
  📡 RSI: 36.4 | MACD: -10.39 | ATR: 7.59
  📊 Filled: 0 | Pending: 0
  💰 Daily P&L: $+0.00

[2026-06-10 10:13] O:7328.75 H:7339.75 L:7327.75 C:7335.00 V:6820.0
  📈 Trend: strong_bearish | 🌍 Regime: trending_bearish
  🗺️  Grid: 0.130% | 🔺 7331.75 🔻 7327.50
  📡 RSI: 38.6 | MACD: -10.15 | ATR: 7.93
  📊 Filled: 0 | Pending: 0
  💰 Daily P&L: $+0.00

[2026-06-10 10:14] O:7335.25 H:7335.75 L:7326.75 C:7327.50 V:4481.0
  📈 Trend: strong_bearish | 🌍 Regime: trending_bearish
  🗺️  Grid: 0.128% | 🔺 7339.75 🔻 7327.75
  📡 RSI: 37.6 | MACD: -10.46 | ATR: 7.82
  📊 Filled: 0 | Pending: 0
  💰 Daily P&L: $+0.00

[2026-06-10 10:15] O:7327.50 H:7328.00 L:7319.00 C:7319.75 V:5620.0
  📈 Trend: strong_bearish | 🌍 Regime: trending_bearish
  🗺️  Grid: 0.117% | 🔺 7335.75 🔻 7326.75
  📡 RSI: 13.1 | MACD: -11.19 | ATR: 7.16
  📊 Filled: 0 | Pending: 0
  💰 Daily P&L: $+0.00

[2026-06-10 10:16] O:7319.50 H:7328.00 L:7318.50 C:7326.75 V:5594.0
  📈 Trend: strong_bearish | 🌍 Regime: trending_bearish
  🗺️  Grid: 0.122% | 🔺 7328.00 🔻 7319.00
  📡 RSI: 23.4 | MACD: -11.08 | ATR: 7.46
  📊 Filled: 0 | Pending: 0
  💰 Daily P&L: $+0.00

[2026-06-10 10:17] O:7327.00 H:7327.00 L:7321.75 C:7323.00 V:4041.0
  📈 Trend: strong_bearish | 🌍 Regime: trending_bearish
  🗺️  Grid: 0.120% | 🔺 7328.00 🔻 7318.50
  📡 RSI: 22.4 | MACD: -11.17 | ATR: 7.32
  📊 Filled: 0 | Pending: 0
  💰 Daily P&L: $+0.00

[2026-06-10 10:18] O:7322.50 H:7322.50 L:7315.50 C:7317.75 V:4856.0
  📈 Trend: strong_bearish | 🌍 Regime: trending_bearish
  🗺️  Grid: 0.118% | 🔺 7327.00 🔻 7321.75
  📡 RSI: 22.9 | MACD: -11.53 | ATR: 7.18
  📊 Filled: 0 | Pending: 0
  💰 Daily P&L: $+0.00

[2026-06-10 10:19] O:7317.75 H:7326.25 L:7317.00 C:7322.25 V:4939.0
  📈 Trend: strong_bearish | 🌍 Regime: trending_bearish
  🗺️  Grid: 0.122% | 🔺 7322.50 🔻 7315.50
  📡 RSI: 29.4 | MACD: -11.32 | ATR: 7.43
  📊 Filled: 0 | Pending: 0
  💰 Daily P&L: $+0.00

[2026-06-10 10:20] O:7322.25 H:7329.50 L:7320.75 C:7328.50 V:5214.0
  📈 Trend: strong_bearish | 🌍 Regime: trending_bearish
  🗺️  Grid: 0.122% | 🔺 7326.25 🔻 7317.00
  📡 RSI: 38.9 | MACD: -10.53 | ATR: 7.46
  📊 Filled: 0 | Pending: 0
  💰 Daily P&L: $+0.00

[2026-06-10 10:21] O:7328.25 H:7331.25 L:7325.75 C:7330.00 V:4560.0
  📈 Trend: strong_bearish | 🌍 Regime: trending_bearish
  🗺️  Grid: 0.123% | 🔺 7329.50 🔻 7320.75
  📡 RSI: 39.4 | MACD: -9.67 | ATR: 7.54
  📊 Filled: 0 | Pending: 0
  💰 Daily P&L: $+0.00

[2026-06-10 10:22] O:7329.75 H:7333.00 L:7327.00 C:7331.50 V:4148.0
  📈 Trend: strong_bearish | 🌍 Regime: trending_bearish
  🗺️  Grid: 0.121% | 🔺 7331.25 🔻 7325.75
  📡 RSI: 42.0 | MACD: -8.77 | ATR: 7.41
  📊 Filled: 0 | Pending: 0
  💰 Daily P&L: $+0.00

[2026-06-10 10:23] O:7331.50 H:7340.25 L:7330.75 C:7339.75 V:4698.0
  📈 Trend: strong_bearish | 🌍 Regime: trending_bearish
  🗺️  Grid: 0.126% | 🔺 7333.00 🔻 7327.00
  📡 RSI: 51.1 | MACD: -7.30 | ATR: 7.68
  📊 Filled: 0 | Pending: 0
  💰 Daily P&L: $+0.00

[2026-06-10 10:24] O:7340.00 H:7344.25 L:7336.50 C:7339.00 V:4223.0
  📈 Trend: strong_bearish | 🌍 Regime: trending_bearish
  🗺️  Grid: 0.127% | 🔺 7340.25 🔻 7330.75
  📡 RSI: 53.2 | MACD: -6.13 | ATR: 7.77
  📊 Filled: 0 | Pending: 0
  💰 Daily P&L: $+0.00

[2026-06-10 10:25] O:7338.50 H:7345.25 L:7335.50 C:7344.00 V:3333.0
  📈 Trend: strong_bearish (raw: moderate_bearish) | 🌍 Regime: trending_bearish
  🗺️  Grid: 0.132% | 🔺 7344.25 🔻 7336.50
  📡 RSI: 59.4 | MACD: -4.74 | ATR: 8.07
  📊 Filled: 0 | Pending: 0
  💰 Daily P&L: $+0.00

[2026-06-10 10:26] O:7343.75 H:7344.25 L:7338.25 C:7340.25 V:3152.0
  📈 Trend: strong_bearish | 🌍 Regime: trending_bearish
  🗺️  Grid: 0.134% | 🔺 7345.25 🔻 7335.50
  📡 RSI: 58.3 | MACD: -3.90 | ATR: 8.20
  📊 Filled: 0 | Pending: 0
  💰 Daily P&L: $+0.00

[2026-06-10 10:27] O:7340.25 H:7341.25 L:7337.75 C:7341.00 V:3007.0
  📈 Trend: strong_bearish | 🌍 Regime: trending_bearish
  🗺️  Grid: 0.124% | 🔺 7344.25 🔻 7338.25
  📡 RSI: 54.7 | MACD: -3.14 | ATR: 7.59
  📊 Filled: 0 | Pending: 0
  💰 Daily P&L: $+0.00

[2026-06-10 10:28] O:7341.25 H:7346.25 L:7338.25 C:7341.75 V:3110.0
  📈 Trend: strong_bearish (raw: moderate_bearish) | 🌍 Regime: trending_bearish
  🗺️  Grid: 0.123% | 🔺 7341.25 🔻 7337.75
  📡 RSI: 62.6 | MACD: -2.44 | ATR: 7.52
  📊 Filled: 0 | Pending: 0
  💰 Daily P&L: $+0.00

[2026-06-10 10:29] O:7341.75 H:7343.75 L:7334.25 C:7334.75 V:3021.0
  📈 Trend: strong_bearish | 🌍 Regime: trending_bearish
  🗺️  Grid: 0.124% | 🔺 7346.25 🔻 7338.25
  📡 RSI: 63.4 | MACD: -2.43 | ATR: 7.55
  📊 Filled: 0 | Pending: 0
  📤 Limit SELL 5 @ 7334.75 submitted (ID: 468)
  ⬇️ SHORT ORDER @ 7334.75 | Size: 1.00 | SL: 7349.75 | TP: 7312.00 [HIGH VOL ATR:7.55→5cts]
     Reason: Grid Short (strong_bearish, RSI: 63.4)
     ⏳ Order 468 PENDING - awaiting fill confirmation
  💰 Daily P&L: $+0.00
  📋 Order 468 status: PreSubmitted
  ✅ Fill: SLD 5.0 @ 7337.0
  📋 Order 468 status: Filled
  📤 Stop-Limit BUY 5 @ stop:7352.00 / lmt:7356.00 submitted (ID: 469)
  📋 Order 469 status: PreSubmitted
  📤 Limit BUY 5 @ 7314.25 submitted (ID: 470)
  📋 Order 470 status: Submitted
  ✅ FILL CONFIRMED: SHORT @ 7337.00 (order 468)
     📊 Bracket placed: SL #469 @ 7352.00 | TP #470 @ 7314.25
     Trail activates @ +7.5 pts

[2026-06-10 10:30] O:7334.75 H:7341.25 L:7331.25 C:7340.25 V:5319.0
  📈 Trend: strong_bearish (raw: moderate_bearish) | 🌍 Regime: trending_bearish
  🗺️  Grid: 0.124% | 🔺 7343.75 🔻 7334.25
  📡 RSI: 62.4 | MACD: -1.95 | ATR: 7.59
  📊 Filled: 1 | Pending: 0
  📍 SHORT @ 7337.00 | SL: 7352.00 | TP: 7314.25 | P&L: $-812.50 | +7.5 to trail
  💰 Daily P&L: $+0.00

[2026-06-10 10:31] O:7340.25 H:7343.75 L:7335.25 C:7336.75 V:3519.0
  📈 Trend: moderate_bearish | 🌍 Regime: trending_bearish
  🗺️  Grid: 0.128% | 🔺 7341.25 🔻 7331.25
  📡 RSI: 62.7 | MACD: -1.84 | ATR: 7.82
  📊 Filled: 1 | Pending: 0
  📍 SHORT @ 7337.00 | SL: 7352.00 | TP: 7314.25 | P&L: $+62.50 | +1.8 to trail
  💰 Daily P&L: $+0.00

[2026-06-10 10:32] O:7336.75 H:7337.00 L:7332.75 C:7335.00 V:2375.0
  📈 Trend: moderate_bearish (raw: strong_bearish) | 🌍 Regime: ranging
  🗺️  Grid: 0.124% | 🔺 7343.75 🔻 7335.25
  📡 RSI: 67.0 | MACD: -1.87 | ATR: 7.59
  📊 Filled: 1 | Pending: 0
  📍 SHORT @ 7337.00 | SL: 7352.00 | TP: 7314.25 | P&L: $+500.00 | +1.8 to trail
  💰 Daily P&L: $+0.00

[2026-06-10 10:33] O:7335.00 H:7335.00 L:7326.50 C:7327.75 V:2269.0
  📈 Trend: moderate_bearish | 🌍 Regime: ranging
  🗺️  Grid: 0.123% | 🔺 7337.00 🔻 7332.75
  📡 RSI: 55.1 | MACD: -2.44 | ATR: 7.54
  📊 Filled: 1 | Pending: 0
  📍 SHORT @ 7337.00 | SL: 7352.00 | TP: 7314.25 | P&L: $+2,312.50 | +1.8 to trail
  ✏️ Stop order 469 modified → 7328.00 [confirmed]
  🔄 TRAILING ACTIVATED @ +10.50pts | Stop: 7352.00 → 7328.00
  💰 Daily P&L: $+0.00
  ✅ Fill: BOT 5.0 @ 7328.25
  📋 Order 469 status: Filled

[2026-06-10 10:34] O:7327.50 H:7335.25 L:7325.50 C:7330.50 V:3153.0
  📈 Trend: moderate_bearish | 🌍 Regime: ranging
  🗺️  Grid: 0.125% | 🔺 7335.00 🔻 7326.50
  📡 RSI: 52.0 | MACD: -2.65 | ATR: 7.61
  📊 Filled: 1 | Pending: 0
  📍 SHORT @ 7337.00 | Trail: 7328.00 | TP: 7314.25 | P&L: $+1,625.00 | 🔒 Trailing
  📋 Order 470 status: PendingCancel
  📋 Order 470 status: Cancelled
  ✅ EXIT SHORT @ 7328.25 | Trailing Stop
     P&L: +8.75 pts ($+2,187.50) | Daily: $+2,187.50
  ⏸️ Cooldown: 2 bar(s) remaining after exit
  💰 Daily P&L: $+2,187.50

[2026-06-10 10:35] O:7330.75 H:7335.00 L:7328.50 C:7329.00 V:2109.0
  📈 Trend: moderate_bearish | 🌍 Regime: ranging
  🗺️  Grid: 0.126% | 🔺 7335.25 🔻 7325.50
  📡 RSI: 49.0 | MACD: -2.90 | ATR: 7.68
  📊 Filled: 0 | Pending: 0
  ⏸️ Cooldown: 1 bar(s) remaining after exit
  💰 Daily P&L: $+2,187.50

[2026-06-10 10:36] O:7328.75 H:7337.00 L:7327.75 C:7336.50 V:2237.0
  📈 Trend: moderate_bearish | 🌍 Regime: ranging
  🗺️  Grid: 0.129% | 🔺 7335.00 🔻 7328.50
  📡 RSI: 54.5 | MACD: -2.47 | ATR: 7.91
  📊 Filled: 0 | Pending: 0
  🔲 Regime: RANGING | Range pos: 27% | RSI: 54.5
  💰 Daily P&L: $+2,187.50

[2026-06-10 10:37] O:7336.75 H:7337.25 L:7328.25 C:7329.00 V:2114.0
  📈 Trend: moderate_bearish | 🌍 Regime: ranging
  🗺️  Grid: 0.129% | 🔺 7337.00 🔻 7327.75
  📡 RSI: 40.3 | MACD: -2.70 | ATR: 7.88
  📊 Filled: 0 | Pending: 0
  🔲 Regime: RANGING | Range pos: 17% | RSI: 40.3
  💰 Daily P&L: $+2,187.50

[2026-06-10 10:38] O:7329.00 H:7332.25 L:7324.00 C:7324.25 V:2008.0
  📈 Trend: moderate_bearish (raw: strong_bearish) | 🌍 Regime: ranging
  🗺️  Grid: 0.130% | 🔺 7337.25 🔻 7328.25
  📡 RSI: 37.6 | MACD: -3.22 | ATR: 7.91
  📊 Filled: 0 | Pending: 0
  🔲 Regime: RANGING | Range pos: 11% | RSI: 37.6
  💰 Daily P&L: $+2,187.50

[2026-06-10 10:39] O:7324.25 H:7331.00 L:7321.00 C:7328.50 V:5126.0
  📈 Trend: strong_bearish | 🌍 Regime: ranging
  🗺️  Grid: 0.130% | 🔺 7332.25 🔻 7324.00
  📡 RSI: 36.8 | MACD: -3.26 | ATR: 7.93
  📊 Filled: 0 | Pending: 0
  🔲 Regime: RANGING | Range pos: 17% | RSI: 36.8
  💰 Daily P&L: $+2,187.50

[2026-06-10 10:40] O:7328.25 H:7332.25 L:7324.25 C:7328.50 V:2215.0
  📈 Trend: strong_bearish | 🌍 Regime: ranging
  🗺️  Grid: 0.132% | 🔺 7331.00 🔻 7321.00
  📡 RSI: 39.3 | MACD: -3.25 | ATR: 8.07
  📊 Filled: 0 | Pending: 0
  🔲 Regime: RANGING | Range pos: 17% | RSI: 39.3
  💰 Daily P&L: $+2,187.50

[2026-06-10 10:41] O:7328.25 H:7338.25 L:7328.00 C:7336.75 V:2980.0
  📈 Trend: strong_bearish (raw: moderate_bearish) | 🌍 Regime: ranging
  🗺️  Grid: 0.140% | 🔺 7332.25 🔻 7324.25
  📡 RSI: 46.6 | MACD: -2.55 | ATR: 8.55
  📊 Filled: 0 | Pending: 0
  🔲 Regime: RANGING | Range pos: 27% | RSI: 46.6
  💰 Daily P&L: $+2,187.50

[2026-06-10 10:42] O:7336.75 H:7338.25 L:7329.50 C:7330.50 V:3103.0
  📈 Trend: strong_bearish | 🌍 Regime: ranging
  🗺️  Grid: 0.141% | 🔺 7338.25 🔻 7328.00
  📡 RSI: 41.7 | MACD: -2.47 | ATR: 8.61
  📊 Filled: 0 | Pending: 0
  🔲 Regime: RANGING | Range pos: 19% | RSI: 41.7
  💰 Daily P&L: $+2,187.50

[2026-06-10 10:43] O:7330.25 H:7338.75 L:7330.00 C:7337.50 V:2070.0
  📈 Trend: strong_bearish | 🌍 Regime: ranging
  🗺️  Grid: 0.140% | 🔺 7338.25 🔻 7329.50
  📡 RSI: 52.0 | MACD: -1.82 | ATR: 8.55
  📊 Filled: 0 | Pending: 0
  🔲 Regime: RANGING | Range pos: 28% | RSI: 52.0
  💰 Daily P&L: $+2,187.50

[2026-06-10 10:44] O:7337.25 H:7346.50 L:7337.25 C:7343.00 V:4190.0
  📈 Trend: strong_bearish | 🌍 Regime: ranging
  🗺️  Grid: 0.139% | 🔺 7338.75 🔻 7330.00
  📡 RSI: 52.0 | MACD: -0.86 | ATR: 8.50
  📊 Filled: 0 | Pending: 0
  🔲 Regime: RANGING | Range pos: 35% | RSI: 52.0
  💰 Daily P&L: $+2,187.50

[2026-06-10 10:45] O:7343.00 H:7346.00 L:7337.50 C:7343.75 V:2819.0
  📈 Trend: strong_bearish (raw: moderate_bearish) | 🌍 Regime: ranging
  🗺️  Grid: 0.139% | 🔺 7346.50 🔻 7337.25
  📡 RSI: 55.4 | MACD: -0.03 | ATR: 8.50
  📊 Filled: 0 | Pending: 0
  🔲 Regime: RANGING | Range pos: 36% | RSI: 55.4
  💰 Daily P&L: $+2,187.50

[2026-06-10 10:46] O:7343.50 H:7346.75 L:7340.75 C:7344.50 V:3585.0
  📈 Trend: strong_bearish (raw: moderate_bullish) | 🌍 Regime: ranging
  🗺️  Grid: 0.141% | 🔺 7346.00 🔻 7337.50
  📡 RSI: 57.4 | MACD: 0.68 | ATR: 8.62
  📊 Filled: 0 | Pending: 0
  🔲 Regime: RANGING | Range pos: 37% | RSI: 57.4
  💰 Daily P&L: $+2,187.50

[2026-06-10 10:47] O:7344.25 H:7348.50 L:7328.00 C:7328.25 V:9540.0
  📈 Trend: strong_bearish | 🌍 Regime: ranging
  🗺️  Grid: 0.155% | 🔺 7346.75 🔻 7340.75
  📡 RSI: 50.3 | MACD: -0.07 | ATR: 9.48
  📊 Filled: 0 | Pending: 0
  🔲 Regime: RANGING | Range pos: 16% | RSI: 50.3
  💰 Daily P&L: $+2,187.50

[2026-06-10 10:48] O:7328.50 H:7330.00 L:7309.75 C:7313.00 V:13767.0
  📈 Trend: strong_bearish | 🌍 Regime: ranging
  🗺️  Grid: 0.168% | 🔺 7348.50 🔻 7328.00
  📡 RSI: 39.8 | MACD: -1.87 | ATR: 10.23
  📊 Filled: 0 | Pending: 0
  🔲 Regime: RANGING | Range pos: 4% | RSI: 39.8
  💰 Daily P&L: $+2,187.50

[2026-06-10 10:49] O:7312.50 H:7325.75 L:7311.50 C:7320.25 V:7598.0
  📈 Trend: strong_bearish | 🌍 Regime: ranging
  🗺️  Grid: 0.177% | 🔺 7330.00 🔻 7309.75
  📡 RSI: 45.2 | MACD: -2.68 | ATR: 10.79
  📊 Filled: 0 | Pending: 0
  🔲 Regime: RANGING | Range pos: 13% | RSI: 45.2
  💰 Daily P&L: $+2,187.50

[2026-06-10 10:50] O:7320.00 H:7328.00 L:7312.50 C:7313.00 V:8415.0
  📈 Trend: strong_bearish | 🌍 Regime: ranging
  🗺️  Grid: 0.184% | 🔺 7325.75 🔻 7311.50
  📡 RSI: 37.1 | MACD: -3.87 | ATR: 11.23
  📊 Filled: 0 | Pending: 0
  🔲 Regime: RANGING | Range pos: 4% | RSI: 37.1
  💰 Daily P&L: $+2,187.50

[2026-06-10 10:51] O:7313.00 H:7319.00 L:7307.75 C:7308.50 V:5613.0
  📈 Trend: strong_bearish | 🌍 Regime: ranging
  🗺️  Grid: 0.187% | 🔺 7328.00 🔻 7312.50
  📡 RSI: 38.4 | MACD: -5.11 | ATR: 11.39
  📊 Filled: 0 | Pending: 0
  🔲 Regime: RANGING | Range pos: 1% | RSI: 38.4
  💰 Daily P&L: $+2,187.50

[2026-06-10 10:52] O:7308.25 H:7315.25 L:7305.00 C:7315.00 V:5075.0
  📈 Trend: strong_bearish | 🌍 Regime: ranging
  🗺️  Grid: 0.189% | 🔺 7319.00 🔻 7307.75
  📡 RSI: 44.8 | MACD: -5.51 | ATR: 11.54
  📊 Filled: 0 | Pending: 0
  🔲 Regime: RANGING | Range pos: 11% | RSI: 44.8
  💰 Daily P&L: $+2,187.50

[2026-06-10 10:53] O:7314.50 H:7327.00 L:7313.00 C:7325.75 V:6657.0
  📈 Trend: strong_bearish | 🌍 Regime: ranging
  🗺️  Grid: 0.194% | 🔺 7315.25 🔻 7305.00
  📡 RSI: 48.6 | MACD: -4.90 | ATR: 11.82
  📊 Filled: 0 | Pending: 0
  🔲 Regime: RANGING | Range pos: 24% | RSI: 48.6
  💰 Daily P&L: $+2,187.50

[2026-06-10 10:54] O:7325.50 H:7337.00 L:7324.00 C:7328.25 V:5429.0
  📈 Trend: strong_bearish | 🌍 Regime: ranging
  🗺️  Grid: 0.199% | 🔺 7327.00 🔻 7313.00
  📡 RSI: 49.9 | MACD: -4.16 | ATR: 12.18
  📊 Filled: 0 | Pending: 0
  🔲 Regime: RANGING | Range pos: 26% | RSI: 49.9
  💰 Daily P&L: $+2,187.50

[2026-06-10 10:55] O:7328.50 H:7329.25 L:7322.75 C:7323.50 V:2740.0
  📈 Trend: strong_bearish | 🌍 Regime: ranging
  🗺️  Grid: 0.195% | 🔺 7337.00 🔻 7324.00
  📡 RSI: 43.0 | MACD: -3.92 | ATR: 11.91
  📊 Filled: 0 | Pending: 0
  🔲 Regime: RANGING | Range pos: 21% | RSI: 43.0
  💰 Daily P&L: $+2,187.50

[2026-06-10 10:56] O:7323.25 H:7329.00 L:7321.25 C:7327.50 V:3024.0
  📈 Trend: strong_bearish | 🌍 Regime: ranging
  🗺️  Grid: 0.194% | 🔺 7329.25 🔻 7322.75
  📡 RSI: 48.4 | MACD: -3.37 | ATR: 11.84
  📊 Filled: 0 | Pending: 0
  🔲 Regime: RANGING | Range pos: 25% | RSI: 48.4
  💰 Daily P&L: $+2,187.50

[2026-06-10 10:57] O:7327.25 H:7340.75 L:7327.25 C:7340.75 V:4276.0
  📈 Trend: strong_bearish (raw: moderate_bearish) | 🌍 Regime: ranging
  🗺️  Grid: 0.199% | 🔺 7329.00 🔻 7321.25
  📡 RSI: 51.6 | MACD: -1.84 | ATR: 12.18
  📊 Filled: 0 | Pending: 0
  🔲 Regime: RANGING | Range pos: 41% | RSI: 51.6
  💰 Daily P&L: $+2,187.50

[2026-06-10 10:58] O:7341.00 H:7342.00 L:7335.75 C:7338.25 V:3139.0
  📈 Trend: moderate_bearish | 🌍 Regime: ranging
  🗺️  Grid: 0.196% | 🔺 7340.75 🔻 7327.25
  📡 RSI: 47.5 | MACD: -0.82 | ATR: 11.96
  📊 Filled: 0 | Pending: 0
  🔲 Regime: RANGING | Range pos: 38% | RSI: 47.5
  💰 Daily P&L: $+2,187.50

[2026-06-10 10:59] O:7338.25 H:7341.50 L:7337.25 C:7340.25 V:1794.0
  📈 Trend: moderate_bearish (raw: moderate_bullish) | 🌍 Regime: ranging
  🗺️  Grid: 0.191% | 🔺 7342.00 🔻 7335.75
  📡 RSI: 48.2 | MACD: 0.15 | ATR: 11.66
  📊 Filled: 0 | Pending: 0
  🔲 Regime: RANGING | Range pos: 40% | RSI: 48.2
  💰 Daily P&L: $+2,187.50

[2026-06-10 11:00] O:7340.25 H:7346.00 L:7338.25 C:7342.00 V:2912.0
  📈 Trend: moderate_bullish | 🌍 Regime: ranging
  🗺️  Grid: 0.193% | 🔺 7341.50 🔻 7337.25
  📡 RSI: 48.7 | MACD: 1.04 | ATR: 11.79
  📊 Filled: 0 | Pending: 0
  🔲 Regime: RANGING | Range pos: 42% | RSI: 48.7
  💰 Daily P&L: $+2,187.50

[2026-06-10 11:01] O:7341.75 H:7342.25 L:7332.00 C:7332.75 V:4175.0
  📈 Trend: moderate_bullish | 🌍 Regime: ranging
  🗺️  Grid: 0.181% | 🔺 7346.00 🔻 7338.25
  📡 RSI: 52.5 | MACD: 1.00 | ATR: 11.05
  📊 Filled: 0 | Pending: 0
  🔲 Regime: RANGING | Range pos: 31% | RSI: 52.5
  💰 Daily P&L: $+2,187.50

[2026-06-10 11:02] O:7332.50 H:7338.50 L:7332.25 C:7332.50 V:1777.0
  📈 Trend: moderate_bullish (raw: strong_bearish) | 🌍 Regime: ranging
  🗺️  Grid: 0.165% | 🔺 7342.25 🔻 7332.00
  📡 RSI: 62.7 | MACD: 0.93 | ATR: 10.05
  📊 Filled: 0 | Pending: 0
  🔲 Regime: RANGING | Range pos: 31% | RSI: 62.7
  💰 Daily P&L: $+2,187.50

[2026-06-10 11:03] O:7332.75 H:7336.25 L:7331.00 C:7334.25 V:2123.0
  📈 Trend: strong_bearish | 🌍 Regime: ranging
  🗺️  Grid: 0.154% | 🔺 7338.50 🔻 7332.25
  📡 RSI: 59.9 | MACD: 1.00 | ATR: 9.41
  📊 Filled: 0 | Pending: 0
  🔲 Regime: RANGING | Range pos: 33% | RSI: 59.9
  💰 Daily P&L: $+2,187.50

[2026-06-10 11:04] O:7334.00 H:7338.50 L:7332.50 C:7336.00 V:2223.0
  📈 Trend: strong_bearish | 🌍 Regime: ranging
  🗺️  Grid: 0.143% | 🔺 7336.25 🔻 7331.00
  📡 RSI: 67.6 | MACD: 1.19 | ATR: 8.73
  📊 Filled: 0 | Pending: 0
  🔲 Regime: RANGING | Range pos: 35% | RSI: 67.6
  💰 Daily P&L: $+2,187.50

[2026-06-10 11:05] O:7335.75 H:7337.75 L:7332.25 C:7332.50 V:1677.0
  📈 Trend: strong_bearish | 🌍 Regime: ranging
  🗺️  Grid: 0.136% | 🔺 7338.50 🔻 7332.50
  📡 RSI: 68.6 | MACD: 1.04 | ATR: 8.32
  📊 Filled: 0 | Pending: 0
  🔲 Regime: RANGING | Range pos: 31% | RSI: 68.6
  💰 Daily P&L: $+2,187.50

[2026-06-10 11:06] O:7332.25 H:7337.75 L:7331.25 C:7337.25 V:2788.0
  📈 Trend: strong_bearish (raw: moderate_bullish) | 🌍 Regime: ranging
  🗺️  Grid: 0.132% | 🔺 7337.75 🔻 7332.25
  📡 RSI: 67.7 | MACD: 1.30 | ATR: 8.05
  📊 Filled: 0 | Pending: 0
  🔲 Regime: RANGING | Range pos: 37% | RSI: 67.7
  💰 Daily P&L: $+2,187.50

[2026-06-10 11:07] O:7337.25 H:7341.25 L:7336.25 C:7337.50 V:1925.0
  📈 Trend: moderate_bullish | 🌍 Regime: ranging
  🗺️  Grid: 0.121% | 🔺 7337.75 🔻 7331.25
  📡 RSI: 61.2 | MACD: 1.50 | ATR: 7.41
  📊 Filled: 0 | Pending: 0
  🔲 Regime: RANGING | Range pos: 37% | RSI: 61.2
  💰 Daily P&L: $+2,187.50

[2026-06-10 11:08] O:7337.25 H:7338.50 L:7328.50 C:7329.00 V:2469.0
  📈 Trend: moderate_bullish | 🌍 Regime: ranging
  🗺️  Grid: 0.118% | 🔺 7341.25 🔻 7336.25
  📡 RSI: 50.6 | MACD: 0.96 | ATR: 7.20
  📊 Filled: 0 | Pending: 0
  🔲 Regime: RANGING | Range pos: 27% | RSI: 50.6
  💰 Daily P&L: $+2,187.50

[2026-06-10 11:09] O:7328.75 H:7330.50 L:7325.75 C:7329.50 V:2457.0
  📈 Trend: moderate_bullish (raw: moderate_bearish) | 🌍 Regime: ranging
  🗺️  Grid: 0.116% | 🔺 7338.50 🔻 7328.50
  📡 RSI: 55.6 | MACD: 0.57 | ATR: 7.07
  📊 Filled: 0 | Pending: 0
  🔲 Regime: RANGING | Range pos: 28% | RSI: 55.6
  💰 Daily P&L: $+2,187.50

[2026-06-10 11:10] O:7329.50 H:7329.75 L:7320.75 C:7321.50 V:2664.0
  📈 Trend: moderate_bullish (raw: strong_bearish) | 🌍 Regime: ranging
  🗺️  Grid: 0.117% | 🔺 7330.50 🔻 7325.75
  📡 RSI: 44.8 | MACD: -0.38 | ATR: 7.16
  📊 Filled: 0 | Pending: 0
  🔲 Regime: RANGING | Range pos: 19% | RSI: 44.8
  💰 Daily P&L: $+2,187.50

[2026-06-10 11:11] O:7321.50 H:7325.00 L:7319.50 C:7322.75 V:2839.0
  📈 Trend: strong_bearish | 🌍 Regime: ranging
  🗺️  Grid: 0.108% | 🔺 7329.75 🔻 7320.75
  📡 RSI: 30.4 | MACD: -1.02 | ATR: 6.59
  📊 Filled: 0 | Pending: 0
  🔲 Regime: RANGING | Range pos: 20% | RSI: 30.4
  🚫 Raw trend blocks RANGING LONG | raw: strong_bearish
  💰 Daily P&L: $+2,187.50

[2026-06-10 11:12] O:7322.75 H:7326.50 L:7320.75 C:7322.50 V:1768.0
  📈 Trend: strong_bearish | 🌍 Regime: ranging
  🗺️  Grid: 0.107% | 🔺 7325.00 🔻 7319.50
  📡 RSI: 32.0 | MACD: -1.53 | ATR: 6.55
  📊 Filled: 0 | Pending: 0
  🔲 Regime: RANGING | Range pos: 20% | RSI: 32.0
  🚫 Raw trend blocks RANGING LONG | raw: strong_bearish
  💰 Daily P&L: $+2,187.50

[2026-06-10 11:13] O:7322.50 H:7327.25 L:7322.00 C:7325.50 V:1364.0
  📈 Trend: strong_bearish | 🌍 Regime: ranging
  🗺️  Grid: 0.109% | 🔺 7326.50 🔻 7320.75
  📡 RSI: 33.5 | MACD: -1.67 | ATR: 6.62
  📊 Filled: 0 | Pending: 0
  🔲 Regime: RANGING | Range pos: 23% | RSI: 33.5
  🚫 Raw trend blocks RANGING LONG | raw: strong_bearish
  💰 Daily P&L: $+2,187.50

[2026-06-10 11:14] O:7325.50 H:7328.25 L:7321.25 C:7323.00 V:2037.0
  📈 Trend: strong_bearish | 🌍 Regime: ranging
  🗺️  Grid: 0.108% | 🔺 7327.25 🔻 7322.00
  📡 RSI: 29.1 | MACD: -1.97 | ATR: 6.57
  📊 Filled: 0 | Pending: 0
  🔲 Regime: RANGING | Range pos: 20% | RSI: 29.1
  🚫 Raw trend blocks RANGING LONG | raw: strong_bearish
  💰 Daily P&L: $+2,187.50

[2026-06-10 11:15] O:7323.00 H:7325.25 L:7322.00 C:7323.00 V:1513.0
  📈 Trend: strong_bearish | 🌍 Regime: ranging
  🗺️  Grid: 0.099% | 🔺 7328.25 🔻 7321.25
  📡 RSI: 36.6 | MACD: -2.17 | ATR: 6.07
  📊 Filled: 0 | Pending: 0
  🔲 Regime: RANGING | Range pos: 20% | RSI: 36.6
  💰 Daily P&L: $+2,187.50

[2026-06-10 11:16] O:7322.75 H:7331.50 L:7321.75 C:7327.00 V:2523.0
  📈 Trend: strong_bearish | 🌍 Regime: ranging
  🗺️  Grid: 0.104% | 🔺 7325.25 🔻 7322.00
  📡 RSI: 43.1 | MACD: -1.99 | ATR: 6.32
  📊 Filled: 0 | Pending: 0
  🔲 Regime: RANGING | Range pos: 25% | RSI: 43.1
  💰 Daily P&L: $+2,187.50

[2026-06-10 11:17] O:7326.75 H:7330.25 L:7321.75 C:7323.00 V:2723.0
  📈 Trend: strong_bearish | 🌍 Regime: ranging
  🗺️  Grid: 0.107% | 🔺 7331.50 🔻 7321.75
  📡 RSI: 36.7 | MACD: -2.15 | ATR: 6.55
  📊 Filled: 0 | Pending: 0
  🔲 Regime: RANGING | Range pos: 20% | RSI: 36.7
  💰 Daily P&L: $+2,187.50

[2026-06-10 11:18] O:7323.00 H:7325.00 L:7321.75 C:7322.50 V:1200.0
  📈 Trend: strong_bearish | 🌍 Regime: ranging
  🗺️  Grid: 0.104% | 🔺 7330.25 🔻 7321.75
  📡 RSI: 33.5 | MACD: -2.28 | ATR: 6.36
  📊 Filled: 0 | Pending: 0
  🔲 Regime: RANGING | Range pos: 20% | RSI: 33.5
  🚫 Raw trend blocks RANGING LONG | raw: strong_bearish
  💰 Daily P&L: $+2,187.50

[2026-06-10 11:19] O:7322.25 H:7326.75 L:7322.00 C:7326.00 V:1107.0
  📈 Trend: strong_bearish | 🌍 Regime: ranging
  🗺️  Grid: 0.103% | 🔺 7325.00 🔻 7321.75
  📡 RSI: 42.1 | MACD: -2.08 | ATR: 6.30
  📊 Filled: 0 | Pending: 0
  🔲 Regime: RANGING | Range pos: 24% | RSI: 42.1
  💰 Daily P&L: $+2,187.50

[2026-06-10 11:20] O:7325.75 H:7328.25 L:7323.75 C:7324.00 V:2291.0
  📈 Trend: strong_bearish | 🌍 Regime: ranging
  🗺️  Grid: 0.101% | 🔺 7326.75 🔻 7322.00
  📡 RSI: 32.7 | MACD: -2.06 | ATR: 6.16
  📊 Filled: 0 | Pending: 0
  🔲 Regime: RANGING | Range pos: 22% | RSI: 32.7
  🚫 Raw trend blocks RANGING LONG | raw: strong_bearish
  💰 Daily P&L: $+2,187.50

[2026-06-10 11:21] O:7324.00 H:7327.00 L:7319.50 C:7326.50 V:2104.0
  📈 Trend: strong_bearish | 🌍 Regime: trending_bearish
  🗺️  Grid: 0.104% | 🔺 7328.25 🔻 7323.75
  📡 RSI: 36.4 | MACD: -1.82 | ATR: 6.34
  📊 Filled: 0 | Pending: 0
  💰 Daily P&L: $+2,187.50

[2026-06-10 11:22] O:7326.50 H:7328.50 L:7323.75 C:7324.50 V:1331.0
  📈 Trend: strong_bearish | 🌍 Regime: trending_bearish
  🗺️  Grid: 0.098% | 🔺 7327.00 🔻 7319.50
  📡 RSI: 43.4 | MACD: -1.78 | ATR: 5.96
  📊 Filled: 0 | Pending: 0
  💰 Daily P&L: $+2,187.50

[2026-06-10 11:23] O:7324.75 H:7329.75 L:7323.50 C:7329.25 V:1502.0
  📈 Trend: strong_bearish | 🌍 Regime: trending_bearish
  🗺️  Grid: 0.099% | 🔺 7328.50 🔻 7323.75
  📡 RSI: 49.7 | MACD: -1.34 | ATR: 6.07
  📊 Filled: 0 | Pending: 0
  💰 Daily P&L: $+2,187.50

[2026-06-10 11:24] O:7329.25 H:7329.50 L:7321.25 C:7321.75 V:1906.0
  📈 Trend: strong_bearish | 🌍 Regime: trending_bearish
  🗺️  Grid: 0.099% | 🔺 7329.75 🔻 7323.50
  📡 RSI: 50.3 | MACD: -1.58 | ATR: 6.02
  📊 Filled: 0 | Pending: 0
  💰 Daily P&L: $+2,187.50

[2026-06-10 11:25] O:7321.75 H:7325.00 L:7320.75 C:7323.50 V:1638.0
  📈 Trend: strong_bearish | 🌍 Regime: trending_bearish
  🗺️  Grid: 0.097% | 🔺 7329.50 🔻 7321.25
  📡 RSI: 51.0 | MACD: -1.61 | ATR: 5.93
  📊 Filled: 0 | Pending: 0
  💰 Daily P&L: $+2,187.50

[2026-06-10 11:26] O:7323.50 H:7329.25 L:7322.50 C:7327.50 V:1169.0
  📈 Trend: strong_bearish | 🌍 Regime: trending_bearish
  🗺️  Grid: 0.098% | 🔺 7325.00 🔻 7320.75
  📡 RSI: 56.0 | MACD: -1.30 | ATR: 6.00
  📊 Filled: 0 | Pending: 0
  💰 Daily P&L: $+2,187.50

[2026-06-10 11:27] O:7327.75 H:7330.00 L:7323.00 C:7323.75 V:1496.0
  📈 Trend: strong_bearish | 🌍 Regime: trending_bearish
  🗺️  Grid: 0.100% | 🔺 7329.25 🔻 7322.50
  📡 RSI: 48.0 | MACD: -1.34 | ATR: 6.12
  📊 Filled: 0 | Pending: 0
  💰 Daily P&L: $+2,187.50

[2026-06-10 11:28] O:7323.75 H:7328.00 L:7323.00 C:7324.75 V:1270.0
  📈 Trend: strong_bearish | 🌍 Regime: trending_bearish
  🗺️  Grid: 0.098% | 🔺 7330.00 🔻 7323.00
  📡 RSI: 52.1 | MACD: -1.27 | ATR: 5.98
  📊 Filled: 0 | Pending: 0
  💰 Daily P&L: $+2,187.50
→ Real-time bars cancelled
✓ Disconnected from IBKR
