Logging to: es_bot_20260609_113236.log

============================================================
📈 MODE: SCALP
   • 10 contract(s) max
   • Grid entries only
   • Trailing stop enabled
   • SL: ~8 pts | TP: ~12 pts | Trail activates: +6 pts
   • Best for: Normal sessions, choppy/ranging opens
============================================================
✓ Connected to IBKR (paper) - clientId=10
✓ Front-month contract: ESM6 expiry=20260618

============================================================
Loading historical data for indicator warm-up...
============================================================
→ Fetching historical bars (1 D, 1 min)...
✓ Loaded 1053 historical bars

Processing 1053 historical bars...

Indicators ready!
  Bars loaded: 1053
  Last price: 7329.75
  Trend: strong_bearish
  RSI: 10.5
  ATR: 7.93
  MACD: -16.85 / Signal: -12.87
  MA: 7366.06 / 7381.18 / 7434.16

------------------------------------------------------------
Account Value: $1,030,293.10
Buying Power: $4,091,768.91
Current Position: 0 contracts
------------------------------------------------------------

============================================================
Starting live 1-minute bar stream...
Strategy is now ACTIVE (SCALP mode)
============================================================

→ Subscribed to 5-second real-time bars (aggregating to 1 min)

[2026-06-09 10:32] O:7330.00 H:7332.00 L:7328.75 C:7329.50 V:3157.0
  📈 Trend: sideways (raw: strong_bearish) | 🌍 Regime: trending_bearish
  🗺️  Grid: 0.130% | 🔺 7336.00 🔻 7327.00
  📡 RSI: 10.8 | MACD: -17.07 | ATR: 7.91
  📊 Filled: 0 | Pending: 0
  💰 Daily P&L: $+0.00

[2026-06-09 10:33] O:7329.50 H:7335.25 L:7328.75 C:7332.00 V:6931.0
  📈 Trend: strong_bearish | 🌍 Regime: trending_bearish
  🗺️  Grid: 0.130% | 🔺 7332.00 🔻 7328.75
  📡 RSI: 11.8 | MACD: -16.84 | ATR: 7.95
  📊 Filled: 0 | Pending: 0
  💰 Daily P&L: $+0.00

[2026-06-09 10:34] O:7332.25 H:7336.50 L:7329.50 C:7334.00 V:7856.0
  📈 Trend: strong_bearish | 🌍 Regime: trending_bearish
  🗺️  Grid: 0.134% | 🔺 7335.25 🔻 7328.75
  📡 RSI: 14.7 | MACD: -16.32 | ATR: 8.20
  📊 Filled: 0 | Pending: 0
  💰 Daily P&L: $+0.00

[2026-06-09 10:35] O:7334.00 H:7338.50 L:7328.50 C:7337.25 V:8036.0
  📈 Trend: strong_bearish | 🌍 Regime: trending_bearish
  🗺️  Grid: 0.133% | 🔺 7336.50 🔻 7329.50
  📡 RSI: 21.4 | MACD: -15.46 | ATR: 8.16
  📊 Filled: 0 | Pending: 0
  💰 Daily P&L: $+0.00

[2026-06-09 10:36] O:7337.25 H:7338.25 L:7330.50 C:7333.50 V:8812.0
  📈 Trend: strong_bearish | 🌍 Regime: trending_bearish
  🗺️  Grid: 0.129% | 🔺 7338.50 🔻 7328.50
  📡 RSI: 22.4 | MACD: -14.91 | ATR: 7.91
  📊 Filled: 0 | Pending: 0
  💰 Daily P&L: $+0.00

[2026-06-09 10:37] O:7333.50 H:7334.75 L:7329.50 C:7332.00 V:5966.0
  📈 Trend: strong_bearish | 🌍 Regime: trending_bearish
  🗺️  Grid: 0.128% | 🔺 7338.25 🔻 7330.50
  📡 RSI: 23.5 | MACD: -14.43 | ATR: 7.84
  📊 Filled: 0 | Pending: 0
  💰 Daily P&L: $+0.00

[2026-06-09 10:38] O:7332.25 H:7332.50 L:7327.25 C:7328.25 V:4986.0
  📈 Trend: strong_bearish | 🌍 Regime: trending_bearish
  🗺️  Grid: 0.128% | 🔺 7334.75 🔻 7329.50
  📡 RSI: 23.7 | MACD: -14.19 | ATR: 7.82
  📊 Filled: 0 | Pending: 0
  💰 Daily P&L: $+0.00

[2026-06-09 10:39] O:7328.25 H:7339.25 L:7327.50 C:7336.25 V:8610.0
  📈 Trend: strong_bearish | 🌍 Regime: trending_bearish
  🗺️  Grid: 0.131% | 🔺 7332.50 🔻 7327.25
  📡 RSI: 38.1 | MACD: -13.20 | ATR: 8.04
  📊 Filled: 0 | Pending: 0
  💰 Daily P&L: $+0.00

[2026-06-09 10:40] O:7336.00 H:7344.75 L:7334.50 C:7335.00 V:7705.0
  📈 Trend: strong_bearish | 🌍 Regime: trending_bearish
  🗺️  Grid: 0.136% | 🔺 7339.25 🔻 7327.50
  📡 RSI: 39.8 | MACD: -12.37 | ATR: 8.29
  📊 Filled: 0 | Pending: 0
  💰 Daily P&L: $+0.00

[2026-06-09 10:41] O:7335.25 H:7342.00 L:7333.75 C:7341.25 V:4826.0
  📈 Trend: strong_bearish | 🌍 Regime: trending_bearish
  🗺️  Grid: 0.135% | 🔺 7344.75 🔻 7334.50
  📡 RSI: 52.1 | MACD: -11.09 | ATR: 8.23
  📊 Filled: 0 | Pending: 0
  💰 Daily P&L: $+0.00

[2026-06-09 10:42] O:7341.25 H:7346.25 L:7339.00 C:7345.50 V:5132.0
  📈 Trend: strong_bearish | 🌍 Regime: trending_bearish
  🗺️  Grid: 0.130% | 🔺 7342.00 🔻 7333.75
  📡 RSI: 64.0 | MACD: -9.61 | ATR: 7.98
  📊 Filled: 0 | Pending: 0
  💰 Daily P&L: $+0.00

[2026-06-09 10:43] O:7345.75 H:7346.00 L:7338.00 C:7340.00 V:4431.0
  📈 Trend: strong_bearish | 🌍 Regime: trending_bearish
  🗺️  Grid: 0.128% | 🔺 7346.25 🔻 7339.00
  📡 RSI: 54.4 | MACD: -8.79 | ATR: 7.86
  📊 Filled: 0 | Pending: 0
  💰 Daily P&L: $+0.00

[2026-06-09 10:44] O:7340.25 H:7340.75 L:7335.50 C:7339.50 V:4619.0
  📈 Trend: strong_bearish | 🌍 Regime: trending_bearish
  🗺️  Grid: 0.122% | 🔺 7346.00 🔻 7338.00
  📡 RSI: 62.9 | MACD: -8.08 | ATR: 7.48
  📊 Filled: 0 | Pending: 0
  💰 Daily P&L: $+0.00

[2026-06-09 10:45] O:7339.75 H:7343.00 L:7337.25 C:7338.75 V:4417.0
  📈 Trend: strong_bearish | 🌍 Regime: trending_bearish
  🗺️  Grid: 0.119% | 🔺 7340.75 🔻 7335.50
  📡 RSI: 60.3 | MACD: -7.49 | ATR: 7.25
  📊 Filled: 0 | Pending: 0
  💰 Daily P&L: $+0.00

[2026-06-09 10:46] O:7339.00 H:7343.00 L:7338.00 C:7341.25 V:4063.0
  📈 Trend: strong_bearish (raw: moderate_bearish) | 🌍 Regime: trending_bearish
  🗺️  Grid: 0.121% | 🔺 7343.00 🔻 7337.25
  📡 RSI: 62.8 | MACD: -6.75 | ATR: 7.38
  📊 Filled: 0 | Pending: 0
  💰 Daily P&L: $+0.00

[2026-06-09 10:47] O:7341.75 H:7343.50 L:7337.50 C:7338.25 V:3960.0
  📈 Trend: moderate_bearish | 🌍 Regime: trending_bearish
  🗺️  Grid: 0.120% | 🔺 7343.00 🔻 7338.00
  📡 RSI: 56.8 | MACD: -6.33 | ATR: 7.34
  📊 Filled: 0 | Pending: 0
  💰 Daily P&L: $+0.00

[2026-06-09 10:48] O:7338.25 H:7342.25 L:7337.25 C:7341.75 V:4217.0
  📈 Trend: moderate_bearish | 🌍 Regime: trending_bearish
  🗺️  Grid: 0.118% | 🔺 7343.50 🔻 7337.50
  📡 RSI: 58.1 | MACD: -5.65 | ATR: 7.20
  📊 Filled: 0 | Pending: 0
  💰 Daily P&L: $+0.00

[2026-06-09 10:49] O:7342.00 H:7342.75 L:7338.25 C:7341.25 V:3038.0
  📈 Trend: moderate_bearish | 🌍 Regime: trending_bearish
  🗺️  Grid: 0.111% | 🔺 7342.25 🔻 7337.25
  📡 RSI: 54.4 | MACD: -5.09 | ATR: 6.80
  📊 Filled: 0 | Pending: 0
  💰 Daily P&L: $+0.00

[2026-06-09 10:50] O:7341.00 H:7341.50 L:7332.75 C:7334.75 V:4546.0
  📈 Trend: moderate_bearish | 🌍 Regime: trending_bearish
  🗺️  Grid: 0.112% | 🔺 7342.75 🔻 7338.25
  📡 RSI: 51.3 | MACD: -5.12 | ATR: 6.88
  📊 Filled: 0 | Pending: 0
  💰 Daily P&L: $+0.00

[2026-06-09 10:51] O:7334.75 H:7347.50 L:7332.75 C:7346.75 V:6766.0
  📈 Trend: moderate_bearish | 🌍 Regime: trending_bearish
  🗺️  Grid: 0.123% | 🔺 7341.50 🔻 7332.75
  📡 RSI: 62.7 | MACD: -4.12 | ATR: 7.55
  📊 Filled: 0 | Pending: 0
  💰 Daily P&L: $+0.00

[2026-06-09 10:52] O:7346.50 H:7349.00 L:7340.25 C:7340.50 V:5482.0
  📈 Trend: moderate_bearish | 🌍 Regime: trending_bearish
  🗺️  Grid: 0.128% | 🔺 7347.50 🔻 7332.75
  📡 RSI: 60.1 | MACD: -3.79 | ATR: 7.80
  📊 Filled: 0 | Pending: 0
  💰 Daily P&L: $+0.00

[2026-06-09 10:53] O:7340.25 H:7343.75 L:7337.00 C:7340.00 V:5399.0
  📈 Trend: moderate_bearish | 🌍 Regime: trending_bearish
  🗺️  Grid: 0.122% | 🔺 7349.00 🔻 7340.25
  📡 RSI: 53.5 | MACD: -3.53 | ATR: 7.45
  📊 Filled: 0 | Pending: 0
  💰 Daily P&L: $+0.00

[2026-06-09 10:54] O:7339.75 H:7340.50 L:7332.00 C:7332.75 V:4479.0
  📈 Trend: moderate_bearish (raw: strong_bearish) | 🌍 Regime: trending_bearish
  🗺️  Grid: 0.120% | 🔺 7343.75 🔻 7337.00
  📡 RSI: 48.1 | MACD: -3.86 | ATR: 7.32
  📊 Filled: 0 | Pending: 0
  💰 Daily P&L: $+0.00

[2026-06-09 10:55] O:7332.75 H:7334.25 L:7326.00 C:7326.25 V:4325.0
  📈 Trend: strong_bearish | 🌍 Regime: trending_bearish
  🗺️  Grid: 0.120% | 🔺 7340.50 🔻 7332.00
  📡 RSI: 37.4 | MACD: -4.60 | ATR: 7.32
  📊 Filled: 0 | Pending: 0
  💰 Daily P&L: $+0.00

[2026-06-09 10:56] O:7326.25 H:7333.75 L:7322.00 C:7322.25 V:8432.0
  📈 Trend: strong_bearish | 🌍 Regime: trending_bearish
  🗺️  Grid: 0.125% | 🔺 7334.25 🔻 7326.00
  📡 RSI: 30.4 | MACD: -5.44 | ATR: 7.64
  📊 Filled: 0 | Pending: 0
  💰 Daily P&L: $+0.00

[2026-06-09 10:57] O:7322.25 H:7322.25 L:7311.50 C:7312.50 V:12437.0
  📈 Trend: strong_bearish | 🌍 Regime: trending_bearish
  🗺️  Grid: 0.129% | 🔺 7333.75 🔻 7322.00
  📡 RSI: 28.3 | MACD: -6.82 | ATR: 7.84
  📊 Filled: 0 | Pending: 0
  💰 Daily P&L: $+0.00

[2026-06-09 10:58] O:7312.50 H:7317.75 L:7311.00 C:7313.50 V:8197.0
  📈 Trend: strong_bearish | 🌍 Regime: trending_bearish
  🗺️  Grid: 0.130% | 🔺 7322.25 🔻 7311.50
  📡 RSI: 29.7 | MACD: -7.74 | ATR: 7.95
  📊 Filled: 0 | Pending: 0
  💰 Daily P&L: $+0.00

[2026-06-09 10:59] O:7313.25 H:7316.50 L:7312.25 C:7312.25 V:5012.0
  📈 Trend: strong_bearish | 🌍 Regime: trending_bearish
  🗺️  Grid: 0.129% | 🔺 7317.75 🔻 7311.00
  📡 RSI: 29.5 | MACD: -8.47 | ATR: 7.84
  📊 Filled: 0 | Pending: 0
  💰 Daily P&L: $+0.00

[2026-06-09 11:00] O:7312.25 H:7319.75 L:7311.00 C:7319.75 V:9168.0
  📈 Trend: strong_bearish | 🌍 Regime: trending_bearish
  🗺️  Grid: 0.133% | 🔺 7316.50 🔻 7312.25
  📡 RSI: 34.5 | MACD: -8.35 | ATR: 8.11
  📊 Filled: 0 | Pending: 0
  💰 Daily P&L: $+0.00

[2026-06-09 11:01] O:7319.50 H:7323.00 L:7314.50 C:7322.75 V:6181.0
  📈 Trend: strong_bearish | 🌍 Regime: trending_bearish
  🗺️  Grid: 0.136% | 🔺 7319.75 🔻 7311.00
  📡 RSI: 38.8 | MACD: -7.92 | ATR: 8.29
  📊 Filled: 0 | Pending: 0
  💰 Daily P&L: $+0.00

[2026-06-09 11:02] O:7323.00 H:7327.25 L:7318.00 C:7318.50 V:8346.0
  📈 Trend: strong_bearish | 🌍 Regime: trending_bearish
  🗺️  Grid: 0.141% | 🔺 7323.00 🔻 7314.50
  📡 RSI: 33.5 | MACD: -7.83 | ATR: 8.59
  📊 Filled: 0 | Pending: 0
  💰 Daily P&L: $+0.00

[2026-06-09 11:03] O:7318.25 H:7322.50 L:7317.00 C:7319.25 V:4793.0
  📈 Trend: strong_bearish | 🌍 Regime: trending_bearish
  🗺️  Grid: 0.142% | 🔺 7327.25 🔻 7318.00
  📡 RSI: 34.4 | MACD: -7.62 | ATR: 8.66
  📊 Filled: 0 | Pending: 0
  💰 Daily P&L: $+0.00

[2026-06-09 11:04] O:7319.25 H:7321.00 L:7317.25 C:7317.75 V:3176.0
  📈 Trend: strong_bearish | 🌍 Regime: trending_bearish
  🗺️  Grid: 0.136% | 🔺 7322.50 🔻 7317.00
  📡 RSI: 37.0 | MACD: -7.48 | ATR: 8.30
  📊 Filled: 0 | Pending: 0
  💰 Daily P&L: $+0.00

[2026-06-09 11:05] O:7317.50 H:7319.00 L:7310.75 C:7311.25 V:5364.0
  📈 Trend: strong_bearish | 🌍 Regime: trending_bearish
  🗺️  Grid: 0.129% | 🔺 7321.00 🔻 7317.25
  📡 RSI: 20.4 | MACD: -7.80 | ATR: 7.84
  📊 Filled: 0 | Pending: 0
  💰 Daily P&L: $+0.00

[2026-06-09 11:06] O:7311.00 H:7316.75 L:7306.50 C:7315.50 V:8245.0
  📈 Trend: strong_bearish | 🌍 Regime: trending_bearish
  🗺️  Grid: 0.130% | 🔺 7319.00 🔻 7310.75
  📡 RSI: 28.4 | MACD: -7.63 | ATR: 7.95
  📊 Filled: 0 | Pending: 0
  💰 Daily P&L: $+0.00

[2026-06-09 11:07] O:7315.25 H:7318.50 L:7310.00 C:7311.25 V:6473.0
  📈 Trend: strong_bearish | 🌍 Regime: trending_bearish
  🗺️  Grid: 0.132% | 🔺 7316.75 🔻 7306.50
  📡 RSI: 26.7 | MACD: -7.75 | ATR: 8.07
  📊 Filled: 0 | Pending: 0
  💰 Daily P&L: $+0.00

[2026-06-09 11:08] O:7311.25 H:7311.25 L:7302.75 C:7303.00 V:5865.0
  📈 Trend: strong_bearish | 🌍 Regime: trending_bearish
  🗺️  Grid: 0.133% | 🔺 7318.50 🔻 7310.00
  📡 RSI: 26.3 | MACD: -8.41 | ATR: 8.07
  📊 Filled: 0 | Pending: 0
  💰 Daily P&L: $+0.00

[2026-06-09 11:09] O:7302.75 H:7307.50 L:7299.25 C:7304.50 V:11739.0
  📈 Trend: strong_bearish | 🌍 Regime: trending_bearish
  🗺️  Grid: 0.133% | 🔺 7311.25 🔻 7302.75
  📡 RSI: 31.2 | MACD: -8.71 | ATR: 8.07
  📊 Filled: 0 | Pending: 0
  💰 Daily P&L: $+0.00

[2026-06-09 11:10] O:7304.50 H:7308.75 L:7299.50 C:7302.00 V:7898.0
  📈 Trend: strong_bearish | 🌍 Regime: trending_bearish
  🗺️  Grid: 0.130% | 🔺 7307.50 🔻 7299.25
  📡 RSI: 32.0 | MACD: -9.05 | ATR: 7.89
  📊 Filled: 0 | Pending: 0
  💰 Daily P&L: $+0.00

[2026-06-09 11:11] O:7301.75 H:7313.00 L:7300.25 C:7312.75 V:7480.0
  📈 Trend: strong_bearish | 🌍 Regime: trending_bearish
  🗺️  Grid: 0.132% | 🔺 7308.75 🔻 7299.50
  📡 RSI: 50.2 | MACD: -8.35 | ATR: 8.04
  📊 Filled: 0 | Pending: 0
  💰 Daily P&L: $+0.00

[2026-06-09 11:12] O:7312.75 H:7315.00 L:7307.75 C:7308.00 V:7299.0
  📈 Trend: strong_bearish | 🌍 Regime: trending_bearish
  🗺️  Grid: 0.133% | 🔺 7313.00 🔻 7300.25
  📡 RSI: 45.5 | MACD: -8.09 | ATR: 8.07
  📊 Filled: 0 | Pending: 0
  💰 Daily P&L: $+0.00

[2026-06-09 11:13] O:7308.00 H:7310.75 L:7305.50 C:7309.50 V:4004.0
  📈 Trend: strong_bearish | 🌍 Regime: trending_bearish
  🗺️  Grid: 0.134% | 🔺 7315.00 🔻 7307.75
  📡 RSI: 47.8 | MACD: -7.67 | ATR: 8.14
  📊 Filled: 0 | Pending: 0
  💰 Daily P&L: $+0.00

[2026-06-09 11:14] O:7309.25 H:7309.25 L:7304.25 C:7307.00 V:3846.0
  📈 Trend: strong_bearish | 🌍 Regime: trending_bearish
  🗺️  Grid: 0.130% | 🔺 7310.75 🔻 7305.50
  📡 RSI: 38.7 | MACD: -7.46 | ATR: 7.89
  📊 Filled: 0 | Pending: 0
  💰 Daily P&L: $+0.00

[2026-06-09 11:15] O:7307.00 H:7307.25 L:7297.75 C:7298.00 V:6745.0
  📈 Trend: strong_bearish | 🌍 Regime: trending_bearish
  🗺️  Grid: 0.131% | 🔺 7309.25 🔻 7304.25
  📡 RSI: 30.1 | MACD: -7.92 | ATR: 7.96
  📊 Filled: 0 | Pending: 0
  💰 Daily P&L: $+0.00

[2026-06-09 11:16] O:7298.00 H:7298.25 L:7291.00 C:7294.00 V:10103.0
  📈 Trend: strong_bearish | 🌍 Regime: trending_bearish
  🗺️  Grid: 0.129% | 🔺 7307.25 🔻 7297.75
  📡 RSI: 30.2 | MACD: -8.52 | ATR: 7.82
  📊 Filled: 0 | Pending: 0
  💰 Daily P&L: $+0.00

[2026-06-09 11:17] O:7294.00 H:7295.00 L:7287.25 C:7288.00 V:12882.0
  📈 Trend: strong_bearish | 🌍 Regime: trending_bearish
  🗺️  Grid: 0.131% | 🔺 7298.25 🔻 7291.00
  📡 RSI: 26.8 | MACD: -9.36 | ATR: 7.98
  📊 Filled: 0 | Pending: 0
  💰 Daily P&L: $+0.00

[2026-06-09 11:18] O:7288.00 H:7295.00 L:7288.00 C:7291.00 V:8042.0
  📈 Trend: strong_bearish | 🌍 Regime: trending_bearish
  🗺️  Grid: 0.135% | 🔺 7295.00 🔻 7287.25
  📡 RSI: 30.5 | MACD: -9.68 | ATR: 8.21
  📊 Filled: 0 | Pending: 0
  💰 Daily P&L: $+0.00

[2026-06-09 11:19] O:7291.00 H:7291.00 L:7278.75 C:7281.00 V:9801.0
  📈 Trend: strong_bearish | 🌍 Regime: trending_bearish
  🗺️  Grid: 0.140% | 🔺 7295.00 🔻 7288.00
  📡 RSI: 29.1 | MACD: -10.61 | ATR: 8.50
  📊 Filled: 0 | Pending: 0
  💰 Daily P&L: $+0.00

[2026-06-09 11:20] O:7280.75 H:7282.00 L:7274.75 C:7278.00 V:9525.0
  📈 Trend: strong_bearish | 🌍 Regime: trending_bearish
  🗺️  Grid: 0.137% | 🔺 7291.00 🔻 7278.75
  📡 RSI: 23.6 | MACD: -11.47 | ATR: 8.29
  📊 Filled: 0 | Pending: 0
  💰 Daily P&L: $+0.00

[2026-06-09 11:21] O:7278.25 H:7288.50 L:7277.75 C:7288.00 V:9681.0
  📈 Trend: strong_bearish | 🌍 Regime: trending_bearish
  🗺️  Grid: 0.139% | 🔺 7282.00 🔻 7274.75
  📡 RSI: 34.9 | MACD: -11.20 | ATR: 8.45
  📊 Filled: 0 | Pending: 0
  💰 Daily P&L: $+0.00

[2026-06-09 11:22] O:7288.00 H:7292.25 L:7283.75 C:7290.00 V:8057.0
  📈 Trend: strong_bearish | 🌍 Regime: trending_bearish
  🗺️  Grid: 0.139% | 🔺 7288.50 🔻 7277.75
  📡 RSI: 40.8 | MACD: -10.71 | ATR: 8.45
  📊 Filled: 0 | Pending: 0
  💰 Daily P&L: $+0.00

[2026-06-09 11:23] O:7290.00 H:7291.25 L:7285.00 C:7286.75 V:6695.0
  📈 Trend: strong_bearish | 🌍 Regime: trending_bearish
  🗺️  Grid: 0.137% | 🔺 7292.25 🔻 7283.75
  📡 RSI: 37.7 | MACD: -10.46 | ATR: 8.30
  📊 Filled: 0 | Pending: 0
  💰 Daily P&L: $+0.00

[2026-06-09 11:24] O:7286.75 H:7297.00 L:7286.25 C:7296.25 V:7382.0
  📈 Trend: strong_bearish | 🌍 Regime: trending_bearish
  🗺️  Grid: 0.138% | 🔺 7291.25 🔻 7285.00
  📡 RSI: 46.4 | MACD: -9.39 | ATR: 8.41
  📊 Filled: 0 | Pending: 0
  💰 Daily P&L: $+0.00

[2026-06-09 11:25] O:7296.00 H:7303.00 L:7295.00 C:7299.75 V:7663.0
  📈 Trend: strong_bearish | 🌍 Regime: trending_bearish
  🗺️  Grid: 0.133% | 🔺 7297.00 🔻 7286.25
  📡 RSI: 41.0 | MACD: -8.17 | ATR: 8.07
  📊 Filled: 0 | Pending: 0
  💰 Daily P&L: $+0.00

[2026-06-09 11:26] O:7300.00 H:7301.50 L:7293.00 C:7293.50 V:5994.0
  📈 Trend: strong_bearish | 🌍 Regime: trending_bearish
  🗺️  Grid: 0.134% | 🔺 7303.00 🔻 7295.00
  📡 RSI: 40.1 | MACD: -7.61 | ATR: 8.16
  📊 Filled: 0 | Pending: 0
  💰 Daily P&L: $+0.00

[2026-06-09 11:27] O:7293.75 H:7296.25 L:7290.25 C:7292.75 V:5077.0
  📈 Trend: strong_bearish | 🌍 Regime: trending_bearish
  🗺️  Grid: 0.135% | 🔺 7301.50 🔻 7293.00
  📡 RSI: 38.5 | MACD: -7.15 | ATR: 8.21
  📊 Filled: 0 | Pending: 0
  💰 Daily P&L: $+0.00

[2026-06-09 11:28] O:7292.75 H:7298.50 L:7291.00 C:7294.25 V:4364.0
  📈 Trend: strong_bearish | 🌍 Regime: trending_bearish
  🗺️  Grid: 0.138% | 🔺 7296.25 🔻 7290.25
  📡 RSI: 41.1 | MACD: -6.59 | ATR: 8.38
  📊 Filled: 0 | Pending: 0
  💰 Daily P&L: $+0.00

[2026-06-09 11:29] O:7294.00 H:7298.25 L:7293.00 C:7295.00 V:3865.0
  📈 Trend: strong_bearish | 🌍 Regime: trending_bearish
  🗺️  Grid: 0.133% | 🔺 7298.50 🔻 7291.00
  📡 RSI: 47.6 | MACD: -6.01 | ATR: 8.07
  📊 Filled: 0 | Pending: 0
  💰 Daily P&L: $+0.00

[2026-06-09 11:30] O:7295.00 H:7295.00 L:7285.25 C:7287.25 V:6205.0
  📈 Trend: strong_bearish | 🌍 Regime: trending_bearish
  🗺️  Grid: 0.136% | 🔺 7298.25 🔻 7293.00
  📡 RSI: 45.0 | MACD: -6.11 | ATR: 8.25
  📊 Filled: 0 | Pending: 0
  💰 Daily P&L: $+0.00

[2026-06-09 11:31] O:7287.50 H:7298.25 L:7285.00 C:7294.00 V:7080.0
  📈 Trend: strong_bearish | 🌍 Regime: trending_bearish
  🗺️  Grid: 0.142% | 🔺 7295.00 🔻 7285.25
  📡 RSI: 54.4 | MACD: -5.58 | ATR: 8.64
  📊 Filled: 0 | Pending: 0
  💰 Daily P&L: $+0.00

[2026-06-09 11:32] O:7294.25 H:7307.50 L:7293.50 C:7305.25 V:10446.0
  📈 Trend: strong_bearish | 🌍 Regime: trending_bearish
  🗺️  Grid: 0.150% | 🔺 7298.25 🔻 7285.00
  📡 RSI: 59.3 | MACD: -4.20 | ATR: 9.14
  📊 Filled: 0 | Pending: 0
  💰 Daily P&L: $+0.00

[2026-06-09 11:33] O:7305.25 H:7306.50 L:7297.75 C:7297.75 V:5553.0
  📈 Trend: strong_bearish | 🌍 Regime: trending_bearish
  🗺️  Grid: 0.146% | 🔺 7307.50 🔻 7293.50
  📡 RSI: 61.4 | MACD: -3.67 | ATR: 8.89
  📊 Filled: 0 | Pending: 0
  💰 Daily P&L: $+0.00

[2026-06-09 11:34] O:7297.75 H:7301.25 L:7293.50 C:7294.25 V:4771.0
  📈 Trend: strong_bearish | 🌍 Regime: trending_bearish
  🗺️  Grid: 0.147% | 🔺 7306.50 🔻 7297.75
  📡 RSI: 60.9 | MACD: -3.50 | ATR: 8.93
  📊 Filled: 0 | Pending: 0
  📤 Limit SELL 5 @ 7294.25 submitted (ID: 477)
  📋 Order 477 status: Submitted
  ⬇️ SHORT ORDER @ 7294.25 | Size: 1.00 | SL: 7312.00 | TP: 7267.50 [HIGH VOL ATR:8.93→5cts]
     Reason: Grid Short (strong_bearish, RSI: 60.9)
     ⏳ Order 477 PENDING - awaiting fill confirmation
  💰 Daily P&L: $+0.00
  ✅ Fill: SLD 5.0 @ 7294.25
  📋 Order 477 status: Filled
  📤 Stop-Limit BUY 5 @ stop:7312.00 / lmt:7316.00 submitted (ID: 478)
  📋 Order 478 status: PreSubmitted
  📤 Limit BUY 5 @ 7267.50 submitted (ID: 479)
  📋 Order 479 status: Submitted
  ✅ FILL CONFIRMED: SHORT @ 7294.25 (order 477)
     📊 Bracket placed: SL #478 @ 7312.00 | TP #479 @ 7267.50
     Trail activates @ +7.5 pts

[2026-06-09 11:35] O:7294.25 H:7303.00 L:7292.75 C:7301.50 V:5245.0
  📈 Trend: strong_bearish (raw: moderate_bearish) | 🌍 Regime: trending_bearish
  🗺️  Grid: 0.146% | 🔺 7301.25 🔻 7293.50
  📡 RSI: 59.4 | MACD: -2.74 | ATR: 8.89
  📊 Filled: 1 | Pending: 0
  📍 SHORT @ 7294.25 | SL: 7312.00 | TP: 7267.50 | P&L: $-1,812.50 | +7.5 to trail
  💰 Daily P&L: $+0.00

[2026-06-09 11:36] O:7301.50 H:7305.50 L:7299.25 C:7302.00 V:5521.0
  📈 Trend: moderate_bearish | 🌍 Regime: trending_bearish
  🗺️  Grid: 0.144% | 🔺 7303.00 🔻 7292.75
  📡 RSI: 58.6 | MACD: -2.08 | ATR: 8.73
  📊 Filled: 1 | Pending: 0
  📍 SHORT @ 7294.25 | SL: 7312.00 | TP: 7267.50 | P&L: $-1,937.50 | +6.0 to trail
  💰 Daily P&L: $+0.00

[2026-06-09 11:37] O:7302.00 H:7303.50 L:7295.00 C:7297.25 V:5023.0
  📈 Trend: moderate_bearish | 🌍 Regime: trending_bearish
  🗺️  Grid: 0.146% | 🔺 7305.50 🔻 7299.25
  📡 RSI: 57.3 | MACD: -1.91 | ATR: 8.89
  📊 Filled: 1 | Pending: 0
  📍 SHORT @ 7294.25 | SL: 7312.00 | TP: 7267.50 | P&L: $-750.00 | +6.0 to trail
  💰 Daily P&L: $+0.00
  ✅ Fill: BOT 1.0 @ 7267.5
  📋 Order 479 status: Submitted
  ✅ Fill: BOT 2.0 @ 7267.5
  📋 Order 479 status: Submitted
  ✅ Fill: BOT 2.0 @ 7267.5
  📋 Order 479 status: Filled

[2026-06-09 11:38] O:7297.25 H:7298.00 L:7260.75 C:7263.50 V:22904.0
  📈 Trend: moderate_bearish (raw: strong_bearish) | 🌍 Regime: trending_bearish
  🗺️  Grid: 0.178% | 🔺 7303.50 🔻 7295.00
  📡 RSI: 32.9 | MACD: -4.45 | ATR: 10.79
  📊 Filled: 1 | Pending: 0
  📍 SHORT @ 7294.25 | SL: 7312.00 | TP: 7267.50 | P&L: $+7,687.50 | +6.0 to trail
  📋 Order 478 status: PendingCancel
  📋 Order 478 status: Cancelled
  ✅ EXIT SHORT @ 7267.50 | Take Profit
     P&L: +26.75 pts ($+6,687.50) | Daily: $+6,687.50
  ⏸️ Cooldown: 2 bar(s) remaining after exit
  💰 Daily P&L: $+6,687.50
→ Real-time bars cancelled
✓ Disconnected from IBKR
