Logging to: es_bot_20260501_144444.log

============================================================
📈 MODE: SCALP
   • 10 contract(s) max
   • Grid entries only
   • Trailing stop enabled
   • SL: ~8 pts | TP: ~12 pts | Trail activates: +6 pts
   • Best for: Normal sessions, choppy/ranging opens
============================================================
✓ Connected to IBKR (paper) - clientId=10
✓ Front-month contract: ESM6 expiry=20260618

============================================================
Loading historical data for indicator warm-up...
============================================================
→ Fetching historical bars (1 D, 1 min)...
✓ Loaded 1245 historical bars

Processing 1245 historical bars...

Indicators ready!
  Bars loaded: 1245
  Last price: 7263.25
  Trend: strong_bearish
  RSI: 20.8
  ATR: 2.25
  MACD: -2.27 / Signal: -2.11
  MA: 7267.36 / 7271.55 / 7277.27

------------------------------------------------------------
Account Value: $1,060,757.09
Buying Power: $4,236,504.24
Current Position: 0 contracts
------------------------------------------------------------

============================================================
Starting live 1-minute bar stream...
Strategy is now ACTIVE (SCALP mode)
============================================================

→ Subscribed to 5-second real-time bars (aggregating to 1 min)

[2026-05-01 13:44] O:7263.25 H:7263.75 L:7263.00 C:7263.25 V:530.0
  📈 Trend: sideways (raw: strong_bearish)
  🗺️  Grid: 0.080% | 🔺 7263.75 🔻 7262.25
  📡 RSI: 23.4 | MACD: -2.27 | ATR: 1.98
  📊 Filled: 0 | Pending: 0
  💰 Daily P&L: $+0.00

[2026-05-01 13:45] O:7263.25 H:7264.00 L:7261.50 C:7262.00 V:1786.0
  📈 Trend: strong_bearish
  🗺️  Grid: 0.080% | 🔺 7263.75 🔻 7263.00
  📡 RSI: 19.6 | MACD: -2.34 | ATR: 2.05
  📊 Filled: 0 | Pending: 0
  💰 Daily P&L: $+0.00
→ Real-time bars cancelled
✓ Disconnected from IBKR
