Logging to: es_bot_20260521_111050.log

============================================================
📈 MODE: SCALP
   • 10 contract(s) max
   • Grid entries only
   • Trailing stop enabled
   • SL: ~8 pts | TP: ~12 pts | Trail activates: +6 pts
   • Best for: Normal sessions, choppy/ranging opens
============================================================
✓ Connected to IBKR (paper) - clientId=10
✓ Front-month contract: ESM6 expiry=20260618

============================================================
Loading historical data for indicator warm-up...
============================================================
→ Fetching historical bars (1 D, 1 min)...
✓ Loaded 1031 historical bars

Processing 1031 historical bars...

Indicators ready!
  Bars loaded: 1031
  Last price: 7413.25
  Trend: strong_bearish
  RSI: 34.8
  ATR: 4.77
  MACD: -2.28 / Signal: -1.03
  MA: 7421.01 / 7421.09 / 7424.62

------------------------------------------------------------
Account Value: $1,046,621.72
Buying Power: $4,175,504.97
Current Position: 0 contracts
------------------------------------------------------------

============================================================
Starting live 1-minute bar stream...
Strategy is now ACTIVE (SCALP mode)
============================================================

→ Subscribed to 5-second real-time bars (aggregating to 1 min)

[2026-05-21 10:10] O:7413.25 H:7415.25 L:7413.25 C:7414.75 V:1436.0
  📈 Trend: sideways (raw: strong_bearish)
  🗺️  Grid: 0.080% | 🔺 7414.00 🔻 7408.50
  📡 RSI: 39.0 | MACD: -2.35 | ATR: 4.68
  📊 Filled: 0 | Pending: 0
  💰 Daily P&L: $+0.00

[2026-05-21 10:11] O:7414.75 H:7416.50 L:7413.25 C:7415.50 V:4831.0
  📈 Trend: strong_bearish
  🗺️  Grid: 0.080% | 🔺 7415.25 🔻 7413.25
  📡 RSI: 27.7 | MACD: -2.31 | ATR: 4.38
  📊 Filled: 0 | Pending: 0
  💰 Daily P&L: $+0.00

[2026-05-21 10:12] O:7415.75 H:7419.00 L:7415.25 C:7419.00 V:3681.0
  📈 Trend: strong_bearish
  🗺️  Grid: 0.080% | 🔺 7416.50 🔻 7413.25
  📡 RSI: 37.6 | MACD: -1.98 | ATR: 4.36
  📊 Filled: 0 | Pending: 0
  💰 Daily P&L: $+0.00

[2026-05-21 10:13] O:7418.75 H:7429.75 L:7416.75 C:7428.25 V:10103.0
  📈 Trend: strong_bearish (raw: moderate_bearish)
  🗺️  Grid: 0.080% | 🔺 7419.00 🔻 7415.25
  📡 RSI: 54.5 | MACD: -0.96 | ATR: 4.95
  📊 Filled: 0 | Pending: 0
  💰 Daily P&L: $+0.00

[2026-05-21 10:14] O:7428.25 H:7430.75 L:7424.25 C:7427.00 V:8163.0
  📈 Trend: moderate_bearish
  🗺️  Grid: 0.083% | 🔺 7429.75 🔻 7416.75
  📡 RSI: 53.2 | MACD: -0.25 | ATR: 5.16
  📊 Filled: 0 | Pending: 0
  💰 Daily P&L: $+0.00

[2026-05-21 10:15] O:7427.00 H:7428.75 L:7424.00 C:7427.50 V:4001.0
  📈 Trend: moderate_bearish (raw: moderate_bullish)
  🗺️  Grid: 0.084% | 🔺 7430.75 🔻 7424.25
  📡 RSI: 49.7 | MACD: 0.35 | ATR: 5.21
  📊 Filled: 0 | Pending: 0
  💰 Daily P&L: $+0.00

[2026-05-21 10:16] O:7427.50 H:7429.00 L:7424.25 C:7426.00 V:3914.0
  📈 Trend: moderate_bearish (raw: strong_bearish)
  🗺️  Grid: 0.084% | 🔺 7428.75 🔻 7424.00
  📡 RSI: 54.5 | MACD: 0.70 | ATR: 5.18
  📊 Filled: 0 | Pending: 0
  💰 Daily P&L: $+0.00

[2026-05-21 10:17] O:7426.00 H:7428.50 L:7425.25 C:7426.25 V:3226.0
  📈 Trend: strong_bearish
  🗺️  Grid: 0.084% | 🔺 7429.00 🔻 7424.25
  📡 RSI: 55.6 | MACD: 0.98 | ATR: 5.21
  📊 Filled: 0 | Pending: 0
  💰 Daily P&L: $+0.00

[2026-05-21 10:18] O:7426.00 H:7427.00 L:7424.25 C:7426.50 V:2565.0
  📈 Trend: strong_bearish (raw: moderate_bullish)
  🗺️  Grid: 0.081% | 🔺 7428.50 🔻 7425.25
  📡 RSI: 63.6 | MACD: 1.21 | ATR: 4.98
  📊 Filled: 0 | Pending: 0
  💰 Daily P&L: $+0.00

[2026-05-21 10:19] O:7426.50 H:7428.00 L:7426.00 C:7427.00 V:2529.0
  📈 Trend: moderate_bullish
  🗺️  Grid: 0.080% | 🔺 7427.00 🔻 7424.25
  📡 RSI: 68.1 | MACD: 1.42 | ATR: 4.68
  📊 Filled: 0 | Pending: 0
  💰 Daily P&L: $+0.00

[2026-05-21 10:20] O:7426.75 H:7428.50 L:7425.25 C:7427.75 V:2616.0
  📈 Trend: moderate_bullish (raw: strong_bearish)
  🗺️  Grid: 0.080% | 🔺 7428.00 🔻 7426.00
  📡 RSI: 76.9 | MACD: 1.62 | ATR: 4.54
  📊 Filled: 0 | Pending: 0
  💰 Daily P&L: $+0.00

[2026-05-21 10:21] O:7427.75 H:7428.00 L:7424.75 C:7425.75 V:3064.0
  📈 Trend: moderate_bullish
  🗺️  Grid: 0.080% | 🔺 7428.50 🔻 7425.25
  📡 RSI: 78.4 | MACD: 1.61 | ATR: 4.45
  📊 Filled: 0 | Pending: 0
  💰 Daily P&L: $+0.00

[2026-05-21 10:22] O:7425.50 H:7428.25 L:7424.25 C:7427.75 V:2647.0
  📈 Trend: moderate_bullish
  🗺️  Grid: 0.080% | 🔺 7428.00 🔻 7424.75
  📡 RSI: 77.8 | MACD: 1.73 | ATR: 4.43
  📊 Filled: 0 | Pending: 0
  💰 Daily P&L: $+0.00

[2026-05-21 10:23] O:7428.00 H:7431.00 L:7427.25 C:7427.50 V:5441.0
  📈 Trend: moderate_bullish
  🗺️  Grid: 0.080% | 🔺 7428.25 🔻 7424.25
  📡 RSI: 79.4 | MACD: 1.80 | ATR: 4.30
  📊 Filled: 0 | Pending: 0
  💰 Daily P&L: $+0.00

[2026-05-21 10:24] O:7427.25 H:7429.50 L:7425.25 C:7426.00 V:3560.0
  📈 Trend: moderate_bullish
  🗺️  Grid: 0.080% | 🔺 7431.00 🔻 7427.25
  📡 RSI: 73.2 | MACD: 1.70 | ATR: 4.46
  📊 Filled: 0 | Pending: 0
  💰 Daily P&L: $+0.00

[2026-05-21 10:25] O:7426.00 H:7427.75 L:7424.25 C:7425.50 V:3519.0
  📈 Trend: moderate_bullish (raw: strong_bullish)
  🗺️  Grid: 0.080% | 🔺 7429.50 🔻 7425.25
  📡 RSI: 70.8 | MACD: 1.57 | ATR: 4.48
  📊 Filled: 0 | Pending: 0
  💰 Daily P&L: $+0.00

[2026-05-21 10:26] O:7425.25 H:7426.75 L:7424.25 C:7425.75 V:2827.0
  📈 Trend: strong_bullish
  🗺️  Grid: 0.080% | 🔺 7427.75 🔻 7424.25
  📡 RSI: 66.3 | MACD: 1.47 | ATR: 4.39
  📊 Filled: 0 | Pending: 0
  💰 Daily P&L: $+0.00

[2026-05-21 10:27] O:7426.00 H:7427.75 L:7424.50 C:7425.00 V:2783.0
  📈 Trend: strong_bullish (raw: moderate_bullish)
  🗺️  Grid: 0.080% | 🔺 7426.75 🔻 7424.25
  📡 RSI: 36.7 | MACD: 1.31 | ATR: 3.70
  📊 Filled: 0 | Pending: 0
  💰 Daily P&L: $+0.00

[2026-05-21 10:28] O:7424.75 H:7427.00 L:7424.00 C:7427.00 V:2133.0
  📈 Trend: moderate_bullish
  🗺️  Grid: 0.080% | 🔺 7427.75 🔻 7424.50
  📡 RSI: 50.0 | MACD: 1.34 | ATR: 3.45
  📊 Filled: 0 | Pending: 0
  💰 Daily P&L: $+0.00

[2026-05-21 10:29] O:7427.00 H:7428.25 L:7424.50 C:7425.25 V:3114.0
  📈 Trend: moderate_bullish
  🗺️  Grid: 0.080% | 🔺 7427.00 🔻 7424.00
  📡 RSI: 42.1 | MACD: 1.20 | ATR: 3.38
  📊 Filled: 0 | Pending: 0
  💰 Daily P&L: $+0.00

[2026-05-21 10:30] O:7425.00 H:7427.25 L:7423.25 C:7424.00 V:4173.0
  📈 Trend: moderate_bullish
  🗺️  Grid: 0.080% | 🔺 7428.25 🔻 7424.50
  📡 RSI: 42.9 | MACD: 0.98 | ATR: 3.32
  📊 Filled: 0 | Pending: 0
  💰 Daily P&L: $+0.00

[2026-05-21 10:31] O:7423.75 H:7424.00 L:7418.75 C:7419.75 V:4424.0
  📈 Trend: moderate_bullish
  🗺️  Grid: 0.080% | 🔺 7427.25 🔻 7423.25
  📡 RSI: 31.9 | MACD: 0.45 | ATR: 3.46
  📊 Filled: 0 | Pending: 0
  💰 Daily P&L: $+0.00

[2026-05-21 10:32] O:7419.75 H:7422.00 L:7418.75 C:7421.00 V:2375.0
  📈 Trend: moderate_bullish (raw: moderate_bearish)
  🗺️  Grid: 0.080% | 🔺 7424.00 🔻 7418.75
  📡 RSI: 35.5 | MACD: 0.14 | ATR: 3.50
  📊 Filled: 0 | Pending: 0
  💰 Daily P&L: $+0.00

[2026-05-21 10:33] O:7420.75 H:7422.25 L:7419.75 C:7421.50 V:1859.0
  📈 Trend: moderate_bullish (raw: strong_bearish)
  🗺️  Grid: 0.080% | 🔺 7422.00 🔻 7418.75
  📡 RSI: 35.5 | MACD: -0.07 | ATR: 3.54
  📊 Filled: 0 | Pending: 0
  💰 Daily P&L: $+0.00

[2026-05-21 10:34] O:7421.50 H:7422.00 L:7415.00 C:7416.75 V:4083.0
  📈 Trend: strong_bearish
  🗺️  Grid: 0.080% | 🔺 7422.25 🔻 7419.75
  📡 RSI: 26.1 | MACD: -0.61 | ATR: 3.80
  📊 Filled: 0 | Pending: 0
  💰 Daily P&L: $+0.00

[2026-05-21 10:35] O:7416.75 H:7423.00 L:7415.25 C:7421.50 V:4017.0
  📈 Trend: strong_bearish
  🗺️  Grid: 0.080% | 🔺 7422.00 🔻 7415.00
  📡 RSI: 41.7 | MACD: -0.65 | ATR: 4.12
  📊 Filled: 0 | Pending: 0
  💰 Daily P&L: $+0.00

[2026-05-21 10:36] O:7421.25 H:7422.25 L:7417.00 C:7422.25 V:3032.0
  📈 Trend: strong_bearish
  🗺️  Grid: 0.080% | 🔺 7423.00 🔻 7415.25
  📡 RSI: 38.8 | MACD: -0.61 | ATR: 4.21
  📊 Filled: 0 | Pending: 0
  💰 Daily P&L: $+0.00

[2026-05-21 10:37] O:7422.25 H:7425.75 L:7421.50 C:7425.75 V:3005.0
  📈 Trend: strong_bearish
  🗺️  Grid: 0.080% | 🔺 7422.25 🔻 7417.00
  📡 RSI: 46.8 | MACD: -0.30 | ATR: 4.25
  📊 Filled: 0 | Pending: 0
  💰 Daily P&L: $+0.00

[2026-05-21 10:38] O:7425.75 H:7426.75 L:7423.50 C:7424.00 V:2654.0
  📈 Trend: strong_bearish
  🗺️  Grid: 0.080% | 🔺 7425.75 🔻 7421.50
  📡 RSI: 46.4 | MACD: -0.19 | ATR: 4.18
  📊 Filled: 0 | Pending: 0
  💰 Daily P&L: $+0.00

[2026-05-21 10:39] O:7423.75 H:7427.00 L:7423.75 C:7426.75 V:1602.0
  📈 Trend: strong_bearish (raw: moderate_bullish)
  🗺️  Grid: 0.080% | 🔺 7426.75 🔻 7423.50
  📡 RSI: 52.1 | MACD: 0.12 | ATR: 4.16
  📊 Filled: 0 | Pending: 0
  💰 Daily P&L: $+0.00

[2026-05-21 10:40] O:7427.00 H:7428.00 L:7425.75 C:7427.00 V:2007.0
  📈 Trend: strong_bearish (raw: strong_bullish)
  🗺️  Grid: 0.080% | 🔺 7427.00 🔻 7423.75
  📡 RSI: 52.1 | MACD: 0.38 | ATR: 4.14
  📊 Filled: 0 | Pending: 0
  💰 Daily P&L: $+0.00

[2026-05-21 10:41] O:7426.75 H:7428.00 L:7425.00 C:7425.25 V:2403.0
  📈 Trend: strong_bearish (raw: moderate_bullish)
  🗺️  Grid: 0.080% | 🔺 7428.00 🔻 7425.75
  📡 RSI: 50.4 | MACD: 0.44 | ATR: 4.12
  📊 Filled: 0 | Pending: 0
  📤 Limit SELL 10 @ 7425.25 submitted (ID: 401)
  📋 Order 401 status: PreSubmitted
  ✅ Fill: SLD 10.0 @ 7426.0
  📋 Order 401 status: Filled
  ⬇️ SHORT ORDER @ 7425.25 | Size: 1.00 | SL: 7433.50 | TP: 7413.00 [10cts]
     Reason: Grid Short (strong_bearish, RSI: 50.4)
     ⏳ Order 401 PENDING - awaiting fill confirmation
  💰 Daily P&L: $+0.00
  📤 Stop-Limit BUY 10 @ stop:7434.25 / lmt:7438.25 submitted (ID: 402)
  📋 Order 402 status: PreSubmitted
  📤 Limit BUY 10 @ 7413.50 submitted (ID: 403)
  📋 Order 403 status: Submitted
  ✅ FILL CONFIRMED: SHORT @ 7426.00 (order 401)
     📊 Bracket placed: SL #402 @ 7434.25 | TP #403 @ 7413.50
     Trail activates @ +5.2 pts

[2026-05-21 10:42] O:7425.00 H:7428.50 L:7424.50 C:7428.25 V:2182.0
  📈 Trend: strong_bearish (raw: strong_bullish)
  🗺️  Grid: 0.080% | 🔺 7428.00 🔻 7425.00
  📡 RSI: 51.9 | MACD: 0.72 | ATR: 4.20
  📊 Filled: 1 | Pending: 0
  📍 SHORT @ 7426.00 | SL: 7434.25 | TP: 7413.50 | P&L: $-1,125.00 | +5.2 to trail
  💰 Daily P&L: $+0.00

[2026-05-21 10:43] O:7428.50 H:7430.75 L:7428.00 C:7429.25 V:2995.0
  📈 Trend: strong_bullish
  🗺️  Grid: 0.080% | 🔺 7428.50 🔻 7424.50
  📡 RSI: 56.3 | MACD: 1.01 | ATR: 4.12
  📊 Filled: 1 | Pending: 0
  📍 SHORT @ 7426.00 | SL: 7434.25 | TP: 7413.50 | P&L: $-1,625.00 | +3.7 to trail
  💰 Daily P&L: $+0.00

[2026-05-21 10:44] O:7429.25 H:7429.50 L:7426.00 C:7428.50 V:2800.0
  📈 Trend: strong_bullish
  🗺️  Grid: 0.080% | 🔺 7430.75 🔻 7428.00
  📡 RSI: 57.3 | MACD: 1.17 | ATR: 4.09
  📊 Filled: 1 | Pending: 0
  📍 SHORT @ 7426.00 | SL: 7434.25 | TP: 7413.50 | P&L: $-1,250.00 | +3.7 to trail
  💰 Daily P&L: $+0.00

[2026-05-21 10:45] O:7428.50 H:7431.00 L:7428.25 C:7431.00 V:1914.0
  📈 Trend: strong_bullish
  🗺️  Grid: 0.080% | 🔺 7429.50 🔻 7426.00
  📡 RSI: 69.2 | MACD: 1.48 | ATR: 3.91
  📊 Filled: 1 | Pending: 0
  📍 SHORT @ 7426.00 | SL: 7434.25 | TP: 7413.50 | P&L: $-2,500.00 | +3.7 to trail
  💰 Daily P&L: $+0.00

[2026-05-21 10:46] O:7431.00 H:7433.25 L:7430.50 C:7431.50 V:2765.0
  📈 Trend: strong_bullish
  🗺️  Grid: 0.080% | 🔺 7431.00 🔻 7428.25
  📡 RSI: 68.4 | MACD: 1.75 | ATR: 3.88
  📊 Filled: 1 | Pending: 0
  📍 SHORT @ 7426.00 | SL: 7434.25 | TP: 7413.50 | P&L: $-2,750.00 | +3.7 to trail
  💰 Daily P&L: $+0.00

[2026-05-21 10:47] O:7431.50 H:7433.00 L:7430.50 C:7432.75 V:1980.0
  📈 Trend: strong_bullish
  🗺️  Grid: 0.080% | 🔺 7433.25 🔻 7430.50
  📡 RSI: 69.2 | MACD: 2.03 | ATR: 3.88
  📊 Filled: 1 | Pending: 0
  📍 SHORT @ 7426.00 | SL: 7434.25 | TP: 7413.50 | P&L: $-3,375.00 | +3.7 to trail
  💰 Daily P&L: $+0.00
  ✅ Fill: BOT 10.0 @ 7434.25
  📋 Order 402 status: Filled

[2026-05-21 10:48] O:7432.75 H:7434.50 L:7432.00 C:7432.75 V:2908.0
  📈 Trend: strong_bullish
  🗺️  Grid: 0.080% | 🔺 7433.00 🔻 7430.50
  📡 RSI: 82.7 | MACD: 2.24 | ATR: 3.55
  📊 Filled: 1 | Pending: 0
  📍 SHORT @ 7426.00 | SL: 7434.25 | TP: 7413.50 | P&L: $-3,375.00 | +3.7 to trail
  📋 Order 403 status: PendingCancel
  📋 Order 403 status: Cancelled
  ❌ EXIT SHORT @ 7434.25 | Stop Loss
     P&L: -8.25 pts ($-4,125.00) | Daily: $-4,125.00
  ⏸️ Cooldown: 2 bar(s) remaining after exit
  💰 Daily P&L: $-4,125.00

[2026-05-21 10:49] O:7433.00 H:7434.50 L:7431.75 C:7434.25 V:1902.0
  📈 Trend: strong_bullish
  🗺️  Grid: 0.080% | 🔺 7434.50 🔻 7432.00
  📡 RSI: 80.0 | MACD: 2.49 | ATR: 3.20
  📊 Filled: 0 | Pending: 0
  ⏸️ Cooldown: 1 bar(s) remaining after exit
  💰 Daily P&L: $-4,125.00

[2026-05-21 10:50] O:7434.25 H:7435.75 L:7431.25 C:7431.75 V:2889.0
  📈 Trend: strong_bullish
  🗺️  Grid: 0.080% | 🔺 7434.50 🔻 7431.75
  📡 RSI: 70.7 | MACD: 2.46 | ATR: 3.14
  📊 Filled: 0 | Pending: 0
  💰 Daily P&L: $-4,125.00

[2026-05-21 10:51] O:7431.75 H:7434.75 L:7431.50 C:7432.75 V:2150.0
  📈 Trend: strong_bullish
  🗺️  Grid: 0.080% | 🔺 7435.75 🔻 7431.25
  📡 RSI: 67.1 | MACD: 2.49 | ATR: 3.07
  📊 Filled: 0 | Pending: 0
  💰 Daily P&L: $-4,125.00

[2026-05-21 10:52] O:7432.75 H:7433.00 L:7431.50 C:7432.25 V:1657.0
  📈 Trend: strong_bullish
  🗺️  Grid: 0.080% | 🔺 7434.75 🔻 7431.50
  📡 RSI: 71.4 | MACD: 2.44 | ATR: 2.95
  📊 Filled: 0 | Pending: 0
  💰 Daily P&L: $-4,125.00

[2026-05-21 10:53] O:7432.25 H:7433.50 L:7431.50 C:7433.50 V:1658.0
  📈 Trend: strong_bullish
  🗺️  Grid: 0.080% | 🔺 7433.00 🔻 7431.50
  📡 RSI: 69.0 | MACD: 2.48 | ATR: 2.86
  📊 Filled: 0 | Pending: 0
  💰 Daily P&L: $-4,125.00

[2026-05-21 10:54] O:7433.50 H:7434.25 L:7432.50 C:7432.50 V:1253.0
  📈 Trend: strong_bullish
  🗺️  Grid: 0.080% | 🔺 7433.50 🔻 7431.50
  📡 RSI: 64.9 | MACD: 2.40 | ATR: 2.82
  📊 Filled: 0 | Pending: 0
  💰 Daily P&L: $-4,125.00

[2026-05-21 10:55] O:7432.50 H:7432.75 L:7430.75 C:7432.00 V:2129.0
  📈 Trend: strong_bullish
  🗺️  Grid: 0.080% | 🔺 7434.25 🔻 7432.50
  📡 RSI: 69.6 | MACD: 2.27 | ATR: 2.75
  📊 Filled: 0 | Pending: 0
  💰 Daily P&L: $-4,125.00

[2026-05-21 10:56] O:7432.00 H:7432.75 L:7431.00 C:7431.50 V:965.0
  📈 Trend: strong_bullish
  🗺️  Grid: 0.080% | 🔺 7432.75 🔻 7430.75
  📡 RSI: 61.0 | MACD: 2.10 | ATR: 2.59
  📊 Filled: 0 | Pending: 0
  💰 Daily P&L: $-4,125.00

[2026-05-21 10:57] O:7431.75 H:7434.00 L:7430.50 C:7432.75 V:1629.0
  📈 Trend: strong_bullish
  🗺️  Grid: 0.080% | 🔺 7432.75 🔻 7431.00
  📡 RSI: 61.7 | MACD: 2.04 | ATR: 2.64
  📊 Filled: 0 | Pending: 0
  💰 Daily P&L: $-4,125.00

[2026-05-21 10:58] O:7432.75 H:7434.00 L:7431.50 C:7432.25 V:1601.0
  📈 Trend: strong_bullish
  🗺️  Grid: 0.080% | 🔺 7434.00 🔻 7430.50
  📡 RSI: 62.7 | MACD: 1.94 | ATR: 2.57
  📊 Filled: 0 | Pending: 0
  💰 Daily P&L: $-4,125.00

[2026-05-21 10:59] O:7432.50 H:7432.75 L:7429.25 C:7430.00 V:2270.0
  📈 Trend: strong_bullish
  🗺️  Grid: 0.080% | 🔺 7434.00 🔻 7431.50
  📡 RSI: 46.6 | MACD: 1.65 | ATR: 2.62
  📊 Filled: 0 | Pending: 0
  💰 Daily P&L: $-4,125.00

[2026-05-21 11:00] O:7430.25 H:7434.75 L:7430.00 C:7434.50 V:2809.0
  📈 Trend: strong_bullish
  🗺️  Grid: 0.080% | 🔺 7432.75 🔻 7429.25
  📡 RSI: 58.1 | MACD: 1.77 | ATR: 2.77
  📊 Filled: 0 | Pending: 0
  💰 Daily P&L: $-4,125.00

[2026-05-21 11:01] O:7434.50 H:7436.50 L:7432.75 C:7433.75 V:4296.0
  📈 Trend: strong_bullish
  🗺️  Grid: 0.080% | 🔺 7434.75 🔻 7430.00
  📡 RSI: 52.8 | MACD: 1.78 | ATR: 2.86
  📊 Filled: 0 | Pending: 0
  💰 Daily P&L: $-4,125.00

[2026-05-21 11:02] O:7433.75 H:7435.25 L:7432.00 C:7432.25 V:1873.0
  📈 Trend: strong_bullish
  🗺️  Grid: 0.080% | 🔺 7436.50 🔻 7432.75
  📡 RSI: 48.7 | MACD: 1.65 | ATR: 2.91
  📊 Filled: 0 | Pending: 0
  💰 Daily P&L: $-4,125.00

[2026-05-21 11:03] O:7432.25 H:7434.75 L:7432.00 C:7434.00 V:1886.0
  📈 Trend: strong_bullish
  🗺️  Grid: 0.080% | 🔺 7435.25 🔻 7432.00
  📡 RSI: 49.4 | MACD: 1.67 | ATR: 2.91
  📊 Filled: 0 | Pending: 0
  💰 Daily P&L: $-4,125.00

[2026-05-21 11:04] O:7434.00 H:7435.75 L:7433.50 C:7434.75 V:1956.0
  📈 Trend: strong_bullish
  🗺️  Grid: 0.080% | 🔺 7434.75 🔻 7432.00
  📡 RSI: 58.3 | MACD: 1.72 | ATR: 2.75
  📊 Filled: 0 | Pending: 0
  💰 Daily P&L: $-4,125.00

[2026-05-21 11:05] O:7434.75 H:7435.75 L:7433.75 C:7434.25 V:1630.0
  📈 Trend: strong_bullish
  🗺️  Grid: 0.080% | 🔺 7435.75 🔻 7433.50
  📡 RSI: 54.3 | MACD: 1.71 | ATR: 2.66
  📊 Filled: 0 | Pending: 0
  💰 Daily P&L: $-4,125.00

[2026-05-21 11:06] O:7434.25 H:7434.50 L:7431.00 C:7433.50 V:2175.0
  📈 Trend: strong_bullish
  🗺️  Grid: 0.080% | 🔺 7435.75 🔻 7433.75
  📡 RSI: 53.5 | MACD: 1.61 | ATR: 2.80
  📊 Filled: 0 | Pending: 0
  💰 Daily P&L: $-4,125.00

[2026-05-21 11:07] O:7433.50 H:7436.25 L:7433.00 C:7435.00 V:1671.0
  📈 Trend: strong_bullish
  🗺️  Grid: 0.080% | 🔺 7434.50 🔻 7431.00
  📡 RSI: 54.2 | MACD: 1.64 | ATR: 2.89
  📊 Filled: 0 | Pending: 0
  💰 Daily P&L: $-4,125.00

[2026-05-21 11:08] O:7435.00 H:7435.75 L:7434.25 C:7435.00 V:1328.0
  📈 Trend: strong_bullish
  🗺️  Grid: 0.080% | 🔺 7436.25 🔻 7433.00
  📡 RSI: 57.4 | MACD: 1.65 | ATR: 2.88
  📊 Filled: 0 | Pending: 0
  💰 Daily P&L: $-4,125.00

[2026-05-21 11:09] O:7435.00 H:7437.00 L:7434.50 C:7436.75 V:1569.0
  📈 Trend: strong_bullish
  🗺️  Grid: 0.080% | 🔺 7435.75 🔻 7434.25
  📡 RSI: 63.0 | MACD: 1.77 | ATR: 2.91
  📊 Filled: 0 | Pending: 0
  💰 Daily P&L: $-4,125.00

[2026-05-21 11:10] O:7436.75 H:7436.75 L:7433.50 C:7435.75 V:2956.0
  📈 Trend: strong_bullish
  🗺️  Grid: 0.080% | 🔺 7437.00 🔻 7434.50
  📡 RSI: 61.3 | MACD: 1.77 | ATR: 3.02
  📊 Filled: 0 | Pending: 0
  💰 Daily P&L: $-4,125.00

[2026-05-21 11:11] O:7436.00 H:7436.50 L:7432.00 C:7435.50 V:3241.0
  📈 Trend: strong_bullish
  🗺️  Grid: 0.080% | 🔺 7436.75 🔻 7433.50
  📡 RSI: 57.7 | MACD: 1.73 | ATR: 3.09
  📊 Filled: 0 | Pending: 0
  💰 Daily P&L: $-4,125.00

[2026-05-21 11:12] O:7435.50 H:7435.75 L:7433.25 C:7433.75 V:1252.0
  📈 Trend: strong_bullish
  🗺️  Grid: 0.080% | 🔺 7436.50 🔻 7432.00
  📡 RSI: 53.9 | MACD: 1.53 | ATR: 3.09
  📊 Filled: 0 | Pending: 0
  💰 Daily P&L: $-4,125.00

[2026-05-21 11:13] O:7433.50 H:7434.00 L:7429.50 C:7432.00 V:5272.0
  📈 Trend: strong_bullish (raw: moderate_bullish)
  🗺️  Grid: 0.080% | 🔺 7435.75 🔻 7433.25
  📡 RSI: 55.4 | MACD: 1.23 | ATR: 3.16
  📊 Filled: 0 | Pending: 0
  💰 Daily P&L: $-4,125.00

[2026-05-21 11:14] O:7432.25 H:7432.25 L:7431.00 C:7431.75 V:1509.0
  📈 Trend: moderate_bullish
  🗺️  Grid: 0.080% | 🔺 7434.00 🔻 7429.50
  📡 RSI: 40.4 | MACD: 0.95 | ATR: 2.91
  📊 Filled: 0 | Pending: 0
  💰 Daily P&L: $-4,125.00

[2026-05-21 11:15] O:7431.75 H:7432.75 L:7428.00 C:7430.25 V:2563.0
  📈 Trend: moderate_bullish
  🗺️  Grid: 0.080% | 🔺 7432.25 🔻 7431.00
  📡 RSI: 38.3 | MACD: 0.61 | ATR: 2.98
  📊 Filled: 0 | Pending: 0
  💰 Daily P&L: $-4,125.00

[2026-05-21 11:16] O:7430.00 H:7431.00 L:7428.25 C:7430.00 V:1536.0
  📈 Trend: moderate_bullish
  🗺️  Grid: 0.080% | 🔺 7432.75 🔻 7428.00
  📡 RSI: 41.8 | MACD: 0.31 | ATR: 2.95
  📊 Filled: 0 | Pending: 0
  💰 Daily P&L: $-4,125.00

[2026-05-21 11:17] O:7429.75 H:7432.25 L:7429.25 C:7431.75 V:1138.0
  📈 Trend: moderate_bullish
  🗺️  Grid: 0.080% | 🔺 7431.00 🔻 7428.25
  📡 RSI: 41.8 | MACD: 0.21 | ATR: 2.96
  📊 Filled: 0 | Pending: 0
  📤 Limit BUY 10 @ 7431.75 submitted (ID: 404)
  📋 Order 404 status: PreSubmitted
  ✅ Fill: BOT 10.0 @ 7431.5
  📋 Order 404 status: Filled
  ⬆️ LONG ORDER @ 7431.75 | Size: 1.00 | SL: 7425.75 | TP: 7440.75 [10cts]
     Reason: Grid Long (moderate_bullish, RSI: 41.8)
     ⏳ Order 404 PENDING - awaiting fill confirmation
  💰 Daily P&L: $-4,125.00
  📤 Stop-Limit SELL 10 @ stop:7425.50 / lmt:7421.50 submitted (ID: 405)
  📋 Order 405 status: PreSubmitted
  📤 Limit SELL 10 @ 7440.50 submitted (ID: 406)
  📋 Order 406 status: Submitted
  ✅ FILL CONFIRMED: LONG @ 7431.50 (order 404)
     📊 Bracket placed: SL #405 @ 7425.50 | TP #406 @ 7440.50
     Trail activates @ +3.7 pts

[2026-05-21 11:18] O:7431.75 H:7432.00 L:7430.75 C:7430.75 V:995.0
  📈 Trend: moderate_bullish (raw: strong_bullish)
  🗺️  Grid: 0.080% | 🔺 7432.25 🔻 7429.25
  📡 RSI: 35.7 | MACD: 0.05 | ATR: 2.89
  📊 Filled: 1 | Pending: 0
  📍 LONG @ 7431.50 | SL: 7425.50 | TP: 7440.50 | P&L: $-375.00 | +3.7 to trail
  💰 Daily P&L: $-4,125.00

[2026-05-21 11:19] O:7430.50 H:7431.00 L:7427.50 C:7429.00 V:1761.0
  📈 Trend: moderate_bullish
  🗺️  Grid: 0.080% | 🔺 7432.00 🔻 7430.75
  📡 RSI: 32.8 | MACD: -0.21 | ATR: 3.00
  📊 Filled: 1 | Pending: 0
  📍 LONG @ 7431.50 | SL: 7425.50 | TP: 7440.50 | P&L: $-1,250.00 | +3.2 to trail
  💰 Daily P&L: $-4,125.00

[2026-05-21 11:20] O:7428.75 H:7430.75 L:7427.50 C:7428.50 V:1475.0
  📈 Trend: moderate_bullish
  🗺️  Grid: 0.080% | 🔺 7431.00 🔻 7427.50
  📡 RSI: 33.3 | MACD: -0.46 | ATR: 2.98
  📊 Filled: 1 | Pending: 0
  📍 LONG @ 7431.50 | SL: 7425.50 | TP: 7440.50 | P&L: $-1,500.00 | +3.2 to trail
  💰 Daily P&L: $-4,125.00

[2026-05-21 11:21] O:7428.25 H:7429.25 L:7427.50 C:7428.75 V:1102.0
  📈 Trend: moderate_bullish
  🗺️  Grid: 0.080% | 🔺 7430.75 🔻 7427.50
  📡 RSI: 27.3 | MACD: -0.62 | ATR: 2.88
  📊 Filled: 1 | Pending: 0
  📍 LONG @ 7431.50 | SL: 7425.50 | TP: 7440.50 | P&L: $-1,375.00 | +3.2 to trail
  💰 Daily P&L: $-4,125.00
  ✅ Fill: SLD 10.0 @ 7426.0
  📋 Order 405 status: Filled

[2026-05-21 11:22] O:7429.00 H:7429.00 L:7421.50 C:7422.00 V:3219.0
  📈 Trend: moderate_bullish
  🗺️  Grid: 0.080% | 🔺 7429.25 🔻 7427.50
  📡 RSI: 18.3 | MACD: -1.29 | ATR: 3.30
  📊 Filled: 1 | Pending: 0
  📍 LONG @ 7431.50 | SL: 7425.50 | TP: 7440.50 | P&L: $-4,750.00 | +3.2 to trail
  📋 Order 406 status: PendingCancel
  📋 Order 406 status: Cancelled
  ❌ EXIT LONG @ 7426.00 | Stop Loss
     P&L: -5.50 pts ($-2,750.00) | Daily: $-6,875.00
  ⏸️ Cooldown: 2 bar(s) remaining after exit
  💰 Daily P&L: $-6,875.00

[2026-05-21 11:23] O:7421.75 H:7425.25 L:7420.75 C:7424.75 V:3702.0
  📈 Trend: moderate_bullish
  🗺️  Grid: 0.080% | 🔺 7429.00 🔻 7421.50
  📡 RSI: 22.1 | MACD: -1.57 | ATR: 3.45
  📊 Filled: 0 | Pending: 0
  ⏸️ Cooldown: 1 bar(s) remaining after exit
  💰 Daily P&L: $-6,875.00

[2026-05-21 11:24] O:7425.00 H:7426.00 L:7422.75 C:7425.25 V:1867.0
  📈 Trend: moderate_bullish
  🗺️  Grid: 0.080% | 🔺 7425.25 🔻 7420.75
  📡 RSI: 25.0 | MACD: -1.73 | ATR: 3.45
  📊 Filled: 0 | Pending: 0
  💰 Daily P&L: $-6,875.00

[2026-05-21 11:25] O:7425.25 H:7426.50 L:7422.25 C:7424.25 V:1630.0
  📈 Trend: moderate_bullish (raw: strong_bearish)
  🗺️  Grid: 0.080% | 🔺 7426.00 🔻 7422.75
  📡 RSI: 24.1 | MACD: -1.92 | ATR: 3.43
  📊 Filled: 0 | Pending: 0
  💰 Daily P&L: $-6,875.00

[2026-05-21 11:26] O:7424.00 H:7425.00 L:7423.00 C:7423.25 V:1324.0
  📈 Trend: strong_bearish
  🗺️  Grid: 0.080% | 🔺 7426.50 🔻 7422.25
  📡 RSI: 25.0 | MACD: -2.13 | ATR: 3.39
  📊 Filled: 0 | Pending: 0
  💰 Daily P&L: $-6,875.00

[2026-05-21 11:27] O:7423.00 H:7426.00 L:7423.00 C:7425.75 V:1714.0
  📈 Trend: strong_bearish
  🗺️  Grid: 0.080% | 🔺 7425.00 🔻 7423.00
  📡 RSI: 35.6 | MACD: -2.07 | ATR: 3.29
  📊 Filled: 0 | Pending: 0
  💰 Daily P&L: $-6,875.00

[2026-05-21 11:28] O:7425.75 H:7426.25 L:7423.50 C:7425.25 V:1490.0
  📈 Trend: strong_bearish
  🗺️  Grid: 0.080% | 🔺 7426.00 🔻 7423.00
  📡 RSI: 35.2 | MACD: -2.04 | ATR: 3.39
  📊 Filled: 0 | Pending: 0
  💰 Daily P&L: $-6,875.00

[2026-05-21 11:29] O:7425.25 H:7425.75 L:7423.75 C:7425.25 V:1239.0
  📈 Trend: strong_bearish
  🗺️  Grid: 0.080% | 🔺 7426.25 🔻 7423.50
  📡 RSI: 37.8 | MACD: -1.99 | ATR: 3.20
  📊 Filled: 0 | Pending: 0
  💰 Daily P&L: $-6,875.00

[2026-05-21 11:30] O:7425.25 H:7427.25 L:7424.25 C:7426.50 V:1606.0
  📈 Trend: strong_bearish
  🗺️  Grid: 0.080% | 🔺 7425.75 🔻 7423.75
  📡 RSI: 41.9 | MACD: -1.83 | ATR: 3.21
  📊 Filled: 0 | Pending: 0
  💰 Daily P&L: $-6,875.00

[2026-05-21 11:31] O:7426.50 H:7426.75 L:7424.25 C:7425.00 V:1631.0
  📈 Trend: strong_bearish
  🗺️  Grid: 0.080% | 🔺 7427.25 🔻 7424.25
  📡 RSI: 34.1 | MACD: -1.80 | ATR: 3.18
  📊 Filled: 0 | Pending: 0
  💰 Daily P&L: $-6,875.00

[2026-05-21 11:32] O:7424.75 H:7426.25 L:7423.50 C:7426.00 V:1354.0
  📈 Trend: strong_bearish
  🗺️  Grid: 0.080% | 🔺 7426.75 🔻 7424.25
  📡 RSI: 38.8 | MACD: -1.68 | ATR: 3.29
  📊 Filled: 0 | Pending: 0
  💰 Daily P&L: $-6,875.00

[2026-05-21 11:33] O:7426.00 H:7429.00 L:7425.75 C:7428.50 V:1506.0
  📈 Trend: strong_bearish (raw: moderate_bearish)
  🗺️  Grid: 0.080% | 🔺 7426.25 🔻 7423.50
  📡 RSI: 48.9 | MACD: -1.37 | ATR: 3.27
  📊 Filled: 0 | Pending: 0
  💰 Daily P&L: $-6,875.00

[2026-05-21 11:34] O:7428.50 H:7428.75 L:7426.50 C:7427.50 V:1439.0
  📈 Trend: moderate_bearish
  🗺️  Grid: 0.080% | 🔺 7429.00 🔻 7425.75
  📡 RSI: 47.8 | MACD: -1.18 | ATR: 3.20
  📊 Filled: 0 | Pending: 0
  💰 Daily P&L: $-6,875.00

[2026-05-21 11:35] O:7427.50 H:7429.00 L:7427.00 C:7428.25 V:1163.0
  📈 Trend: moderate_bearish
  🗺️  Grid: 0.080% | 🔺 7428.75 🔻 7426.50
  📡 RSI: 48.9 | MACD: -0.97 | ATR: 3.21
  📊 Filled: 0 | Pending: 0
  💰 Daily P&L: $-6,875.00

[2026-05-21 11:36] O:7428.00 H:7428.50 L:7424.50 C:7424.75 V:1604.0
  📈 Trend: moderate_bearish
  🗺️  Grid: 0.080% | 🔺 7429.00 🔻 7427.00
  📡 RSI: 57.0 | MACD: -1.07 | ATR: 2.96
  📊 Filled: 0 | Pending: 0
  📤 Limit SELL 10 @ 7424.75 submitted (ID: 407)
  📋 Order 407 status: PreSubmitted
  ✅ Fill: SLD 10.0 @ 7425.25
  📋 Order 407 status: Filled
  ⬇️ SHORT ORDER @ 7424.75 | Size: 1.00 | SL: 7430.75 | TP: 7415.75 [10cts]
     Reason: Grid Short (moderate_bearish, RSI: 57.0)
     ⏳ Order 407 PENDING - awaiting fill confirmation
  💰 Daily P&L: $-6,875.00
  📤 Stop-Limit BUY 10 @ stop:7431.25 / lmt:7435.25 submitted (ID: 408)
  📋 Order 408 status: PreSubmitted
  📤 Limit BUY 10 @ 7416.25 submitted (ID: 409)
  📋 Order 409 status: Submitted
  ✅ FILL CONFIRMED: SHORT @ 7425.25 (order 407)
     📊 Bracket placed: SL #408 @ 7431.25 | TP #409 @ 7416.25
     Trail activates @ +3.7 pts

[2026-05-21 11:37] O:7424.75 H:7426.00 L:7424.50 C:7425.25 V:1207.0
  📈 Trend: moderate_bearish
  🗺️  Grid: 0.080% | 🔺 7428.50 🔻 7424.50
  📡 RSI: 51.4 | MACD: -1.09 | ATR: 2.75
  📊 Filled: 1 | Pending: 0
  📍 SHORT @ 7425.25 | SL: 7431.25 | TP: 7416.25 | P&L: $+0.00 | +3.7 to trail
  💰 Daily P&L: $-6,875.00

[2026-05-21 11:38] O:7425.25 H:7425.50 L:7420.75 C:7422.00 V:2425.0
  📈 Trend: moderate_bearish (raw: strong_bearish)
  🗺️  Grid: 0.080% | 🔺 7426.00 🔻 7424.50
  📡 RSI: 42.0 | MACD: -1.36 | ATR: 2.86
  📊 Filled: 1 | Pending: 0
  📍 SHORT @ 7425.25 | SL: 7431.25 | TP: 7416.25 | P&L: $+1,625.00 | +3.0 to trail
  ✏️ Stop order 408 modified → 7423.00 [confirmed]
  🔄 TRAILING ACTIVATED @ +4.50pts | Stop: 7431.25 → 7423.00
  💰 Daily P&L: $-6,875.00
  ✅ Fill: BOT 9.0 @ 7422.75
  📋 Order 408 status: PreSubmitted
  ✅ Fill: BOT 1.0 @ 7427.0
  📋 Order 408 status: Filled

[2026-05-21 11:39] O:7421.75 H:7424.50 L:7421.00 C:7424.50 V:1531.0
  📈 Trend: strong_bearish
  🗺️  Grid: 0.080% | 🔺 7425.50 🔻 7420.75
  📡 RSI: 50.6 | MACD: -1.35 | ATR: 2.80
  📊 Filled: 1 | Pending: 0
  📍 SHORT @ 7425.25 | Trail: 7423.00 | TP: 7416.25 | P&L: $+375.00 | 🔒 Trailing
  📋 Order 409 status: PendingCancel
  📋 Order 409 status: Cancelled
  ✅ EXIT SHORT @ 7423.18 | Trailing Stop
     P&L: +2.07 pts ($+1,037.50) | Daily: $-5,837.50
  ⏸️ Cooldown: 2 bar(s) remaining after exit
  💰 Daily P&L: $-5,837.50

[2026-05-21 11:40] O:7424.50 H:7425.25 L:7422.25 C:7424.75 V:1262.0
  📈 Trend: strong_bearish (raw: moderate_bearish)
  🗺️  Grid: 0.080% | 🔺 7424.50 🔻 7421.00
  📡 RSI: 53.6 | MACD: -1.31 | ATR: 2.88
  📊 Filled: 0 | Pending: 0
  ⏸️ Cooldown: 1 bar(s) remaining after exit
  💰 Daily P&L: $-5,837.50

[2026-05-21 11:41] O:7424.50 H:7425.00 L:7422.50 C:7425.00 V:998.0
  📈 Trend: strong_bearish (raw: moderate_bullish)
  🗺️  Grid: 0.080% | 🔺 7425.25 🔻 7422.25
  📡 RSI: 48.0 | MACD: -1.25 | ATR: 2.84
  📊 Filled: 0 | Pending: 0
  💰 Daily P&L: $-5,837.50

[2026-05-21 11:42] O:7425.00 H:7427.25 L:7424.75 C:7427.00 V:1190.0
  📈 Trend: moderate_bullish
  🗺️  Grid: 0.080% | 🔺 7425.00 🔻 7422.50
  📡 RSI: 54.3 | MACD: -1.02 | ATR: 2.82
  📊 Filled: 0 | Pending: 0
  💰 Daily P&L: $-5,837.50

[2026-05-21 11:43] O:7427.00 H:7427.00 L:7424.75 C:7425.50 V:882.0
  📈 Trend: moderate_bullish
  🗺️  Grid: 0.080% | 🔺 7427.25 🔻 7424.75
  📡 RSI: 50.6 | MACD: -0.95 | ATR: 2.84
  📊 Filled: 0 | Pending: 0
  💰 Daily P&L: $-5,837.50

[2026-05-21 11:44] O:7425.50 H:7426.75 L:7425.25 C:7426.50 V:1144.0
  📈 Trend: moderate_bullish
  🗺️  Grid: 0.080% | 🔺 7427.00 🔻 7424.75
  📡 RSI: 50.0 | MACD: -0.81 | ATR: 2.73
  📊 Filled: 0 | Pending: 0
  💰 Daily P&L: $-5,837.50

[2026-05-21 11:45] O:7426.50 H:7429.00 L:7426.50 C:7427.50 V:1668.0
  📈 Trend: moderate_bullish
  🗺️  Grid: 0.080% | 🔺 7426.75 🔻 7425.25
  📡 RSI: 56.0 | MACD: -0.61 | ATR: 2.73
  📊 Filled: 0 | Pending: 0
  💰 Daily P&L: $-5,837.50

[2026-05-21 11:46] O:7427.50 H:7427.50 L:7423.00 C:7423.75 V:2008.0
  📈 Trend: moderate_bullish (raw: moderate_bearish)
  🗺️  Grid: 0.080% | 🔺 7429.00 🔻 7426.50
  📡 RSI: 45.3 | MACD: -0.74 | ATR: 2.86
  📊 Filled: 0 | Pending: 0
  💰 Daily P&L: $-5,837.50

[2026-05-21 11:47] O:7424.00 H:7424.00 L:7422.25 C:7423.00 V:1663.0
  📈 Trend: moderate_bearish
  🗺️  Grid: 0.080% | 🔺 7427.50 🔻 7423.00
  📡 RSI: 37.5 | MACD: -0.90 | ATR: 2.75
  📊 Filled: 0 | Pending: 0
  💰 Daily P&L: $-5,837.50

[2026-05-21 11:48] O:7423.00 H:7424.50 L:7421.25 C:7422.00 V:1237.0
  📈 Trend: moderate_bearish (raw: strong_bearish)
  🗺️  Grid: 0.080% | 🔺 7424.00 🔻 7422.25
  📡 RSI: 37.5 | MACD: -1.09 | ATR: 2.82
  📊 Filled: 0 | Pending: 0
  💰 Daily P&L: $-5,837.50

[2026-05-21 11:49] O:7422.00 H:7422.50 L:7419.75 C:7422.00 V:1862.0
  📈 Trend: strong_bearish
  🗺️  Grid: 0.080% | 🔺 7424.50 🔻 7421.25
  📡 RSI: 35.3 | MACD: -1.23 | ATR: 2.88
  📊 Filled: 0 | Pending: 0
  💰 Daily P&L: $-5,837.50

[2026-05-21 11:50] O:7422.00 H:7422.25 L:7418.00 C:7419.00 V:2056.0
  📈 Trend: strong_bearish
  🗺️  Grid: 0.080% | 🔺 7422.50 🔻 7419.75
  📡 RSI: 36.1 | MACD: -1.56 | ATR: 2.89
  📊 Filled: 0 | Pending: 0
  📤 Limit SELL 10 @ 7419.00 submitted (ID: 410)
  📋 Order 410 status: PreSubmitted
  ✅ Fill: SLD 10.0 @ 7419.75
  📋 Order 410 status: Filled
  ⬇️ SHORT ORDER @ 7419.00 | Size: 1.00 | SL: 7424.75 | TP: 7410.25 [10cts]
     Reason: Grid Short (strong_bearish, RSI: 36.1)
     ⏳ Order 410 PENDING - awaiting fill confirmation
  💰 Daily P&L: $-5,837.50
  📤 Stop-Limit BUY 10 @ stop:7425.50 / lmt:7429.50 submitted (ID: 411)
  📋 Order 411 status: PreSubmitted
  📤 Limit BUY 10 @ 7411.00 submitted (ID: 412)
  ✅ FILL CONFIRMED: SHORT @ 7419.75 (order 410)
     📊 Bracket placed: SL #411 @ 7425.50 | TP #412 @ 7411.00
     Trail activates @ +3.6 pts

[2026-05-21 11:51] O:7419.00 H:7423.25 L:7418.75 C:7422.75 V:1510.0
  📈 Trend: strong_bearish
  🗺️  Grid: 0.080% | 🔺 7422.25 🔻 7418.00
  📡 RSI: 44.8 | MACD: -1.50 | ATR: 3.11
  📊 Filled: 1 | Pending: 0
  📍 SHORT @ 7419.75 | SL: 7425.50 | TP: 7411.00 | P&L: $-1,500.00 | +3.6 to trail
  💰 Daily P&L: $-5,837.50
  📋 Order 412 status: PreSubmitted
  📋 Order 412 status: Submitted

[2026-05-21 11:52] O:7423.00 H:7424.75 L:7422.25 C:7422.50 V:2018.0
  📈 Trend: strong_bearish
  🗺️  Grid: 0.080% | 🔺 7423.25 🔻 7418.75
  📡 RSI: 51.2 | MACD: -1.46 | ATR: 2.95
  📊 Filled: 1 | Pending: 0
  📍 SHORT @ 7419.75 | SL: 7425.50 | TP: 7411.00 | P&L: $-1,375.00 | +2.6 to trail
  💰 Daily P&L: $-5,837.50

[2026-05-21 11:53] O:7422.25 H:7424.75 L:7420.75 C:7423.75 V:1397.0
  📈 Trend: strong_bearish
  🗺️  Grid: 0.080% | 🔺 7424.75 🔻 7422.25
  📡 RSI: 48.1 | MACD: -1.32 | ATR: 2.98
  📊 Filled: 1 | Pending: 0
  📍 SHORT @ 7419.75 | SL: 7425.50 | TP: 7411.00 | P&L: $-2,000.00 | +2.6 to trail
  💰 Daily P&L: $-5,837.50

[2026-05-21 11:54] O:7423.50 H:7424.00 L:7422.50 C:7423.25 V:887.0
  📈 Trend: strong_bearish (raw: moderate_bearish)
  🗺️  Grid: 0.080% | 🔺 7424.75 🔻 7420.75
  📡 RSI: 46.2 | MACD: -1.22 | ATR: 2.88
  📊 Filled: 1 | Pending: 0
  📍 SHORT @ 7419.75 | SL: 7425.50 | TP: 7411.00 | P&L: $-1,750.00 | +2.6 to trail
  💰 Daily P&L: $-5,837.50

[2026-05-21 11:55] O:7423.25 H:7425.25 L:7422.50 C:7425.00 V:1921.0
  📈 Trend: strong_bearish (raw: moderate_bullish)
  🗺️  Grid: 0.080% | 🔺 7424.00 🔻 7422.50
  📡 RSI: 50.0 | MACD: -1.00 | ATR: 2.89
  📊 Filled: 1 | Pending: 0
  📍 SHORT @ 7419.75 | SL: 7425.50 | TP: 7411.00 | P&L: $-2,625.00 | +2.6 to trail
  💰 Daily P&L: $-5,837.50
  📋 Order 411 status: Submitted
  ✅ Fill: BOT 10.0 @ 7425.5
  📋 Order 411 status: Filled

[2026-05-21 11:56] O:7424.75 H:7426.25 L:7424.25 C:7425.50 V:1708.0
  📈 Trend: moderate_bullish
  🗺️  Grid: 0.080% | 🔺 7425.25 🔻 7422.50
  📡 RSI: 46.2 | MACD: -0.77 | ATR: 2.86
  📊 Filled: 1 | Pending: 0
  📍 SHORT @ 7419.75 | SL: 7425.50 | TP: 7411.00 | P&L: $-2,875.00 | +2.6 to trail
  📋 Order 412 status: PendingCancel
  📋 Order 412 status: Cancelled
  ❌ EXIT SHORT @ 7425.50 | Stop Loss
     P&L: -5.75 pts ($-2,875.00) | Daily: $-8,712.50
  ⏸️ Cooldown: 2 bar(s) remaining after exit
  💰 Daily P&L: $-8,712.50
→ Real-time bars cancelled
✓ Disconnected from IBKR
