2026-05-06 14:26:39 | ERROR    | Error 1100, reqId -1: Connectivity between IBKR and Trader Workstation has been lost.
2026-05-06 14:26:51 | ERROR    | Error 1100, reqId -1: Connectivity between IBKR and Trader Workstation has been lost.
2026-05-06 14:27:11 | ERROR    | Error handling fields: ['10', '268', 'ES', 'FUT', '20260618 08:30:00 US/Central', '0', '', 'CME', 'USD', 'ESM6', 'ES', 'ES', '649180678', '0.25', '50', 'ACTIVETIM,AD,ADJUST,ALERT,ALGO,ALLOC,AVGCOST,BASKET,BENCHPX,COND,CONDORDER,DAY,DEACT,DEACTDIS,DEACTEOD,GAT,GTC,GTD,GTT,HID,ICE,IOC,LIT,LMT,LTH,MIT,MKT,MTL,NGCOMB,NONALGO,OCA,PEGBENCH,SCALE,SCALERST,SNAPMID,SNAPMKT,SNAPREL,STP,STPLMT,TRAIL,TRAILLIT,TRAILLMT,TRAILMIT,WHATIF', 'CME,QBALGO', '1', '11004968', 'E-mini S&P 500', '', '202606', '', '', '', 'US/Central', '20260505:1700-20260506:1600;20260506:1700-20260507:1600;20260507:1700-20260508:1600;20260509:CLOSED;20260510:1700-20260511:1600;20260511:1700-20260512:1600', '20260506:0830-20260506:1600;20260507:0830-20260507:1600;20260508:0830-20260508:1600;20260509:CLOSED;20260510:CLOSED;20260511:0830-20260511:1600;20260511:1700-20260512:1600', '', '', '0', '2147483647', 'ES', 'IND', '67,67', '20260618', '', '1', '1', '1']
Traceback (most recent call last):
  File "C:\Python312\Lib\site-packages\ib_insync\decoder.py", line 198, in interpret
    handler(fields)
  File "C:\Python312\Lib\site-packages\ib_insync\decoder.py", line 336, in contractDetails
    self.wrapper.contractDetails(int(reqId), cd)
  File "C:\Python312\Lib\site-packages\ib_insync\wrapper.py", line 521, in contractDetails
    self._results[reqId].append(contractDetails)
    ~~~~~~~~~~~~~^^^^^^^
KeyError: 268
2026-05-06 14:27:11 | ERROR    | Error 1102, reqId -1: Connectivity between IBKR and Trader Workstation has been restored - data maintained. All data farms are connected: usfarm.nj; usfuture; cashfarm; usfarm; euhmds; fundfarm; ushmds; secdefnj.
1 | MACD: -0.90 | ATR: 2.57
  📊 Filled: 0 | Pending: 0
  🕐 Outside session (08:23 CT) — no entries
  💰 Daily P&L: $+0.00

[2026-05-06 08:24] O:7334.25 H:7334.50 L:7330.75 C:7332.50 V:841.0
  📈 Trend: strong_bearish
  🗺️  Grid: 0.080% | 🔺 7334.75 🔻 7333.25
  📡 RSI: 44.8 | MACD: -0.96 | ATR: 2.62
  📊 Filled: 0 | Pending: 0
  🕐 Outside session (08:24 CT) — no entries
  💰 Daily P&L: $+0.00

[2026-05-06 08:25] O:7332.50 H:7334.00 L:7332.25 C:7333.00 V:1279.0
  📈 Trend: strong_bearish (raw: moderate_bearish)
  🗺️  Grid: 0.080% | 🔺 7334.50 🔻 7330.75
  📡 RSI: 45.6 | MACD: -0.95 | ATR: 2.55
  📊 Filled: 0 | Pending: 0
  🕐 Outside session (08:25 CT) — no entries
  💰 Daily P&L: $+0.00

[2026-05-06 08:26] O:7333.00 H:7333.50 L:7331.50 C:7332.00 V:1113.0
  📈 Trend: strong_bearish
  🗺️  Grid: 0.080% | 🔺 7334.00 🔻 7332.25
  📡 RSI: 47.0 | MACD: -1.02 | ATR: 2.50
  📊 Filled: 0 | Pending: 0
  🕐 Outside session (08:26 CT) — no entries
  💰 Daily P&L: $+0.00

[2026-05-06 08:27] O:7332.00 H:7333.00 L:7330.50 C:7331.00 V:1583.0
  📈 Trend: strong_bearish
  🗺️  Grid: 0.080% | 🔺 7333.50 🔻 7331.50
  📡 RSI: 38.1 | MACD: -1.14 | ATR: 2.48
  📊 Filled: 0 | Pending: 0
  🕐 Outside session (08:27 CT) — no entries
  💰 Daily P&L: $+0.00

[2026-05-06 08:28] O:7331.00 H:7331.75 L:7329.75 C:7331.00 V:1861.0
  📈 Trend: strong_bearish
  🗺️  Grid: 0.080% | 🔺 7333.00 🔻 7330.50
  📡 RSI: 25.0 | MACD: -1.22 | ATR: 2.38
  📊 Filled: 0 | Pending: 0
  🕐 Outside session (08:28 CT) — no entries
  💰 Daily P&L: $+0.00

[2026-05-06 08:29] O:7331.00 H:7332.50 L:7330.00 C:7331.25 V:1832.0
  📈 Trend: strong_bearish
  🗺️  Grid: 0.080% | 🔺 7331.75 🔻 7329.75
  📡 RSI: 27.5 | MACD: -1.24 | ATR: 2.43
  📊 Filled: 0 | Pending: 0
  🕐 Outside session (08:29 CT) — no entries
  💰 Daily P&L: $+0.00

[2026-05-06 08:30] O:7331.00 H:7333.00 L:7327.25 C:7329.75 V:13106.0
  📈 Trend: strong_bearish
  🗺️  Grid: 0.080% | 🔺 7332.50 🔻 7330.00
  📡 RSI: 25.5 | MACD: -1.37 | ATR: 2.73
  📊 Filled: 0 | Pending: 0
  💰 Daily P&L: $+0.00

[2026-05-06 08:31] O:7329.75 H:7335.25 L:7329.50 C:7334.75 V:7934.0
  📈 Trend: strong_bearish (raw: moderate_bearish)
  🗺️  Grid: 0.080% | 🔺 7333.00 🔻 7327.25
  📡 RSI: 56.7 | MACD: -1.06 | ATR: 2.84
  📊 Filled: 0 | Pending: 0
  💰 Daily P&L: $+0.00

[2026-05-06 08:32] O:7335.00 H:7339.25 L:7334.00 C:7338.50 V:6195.0
  📈 Trend: moderate_bearish
  🗺️  Grid: 0.080% | 🔺 7335.25 🔻 7329.50
  📡 RSI: 65.3 | MACD: -0.50 | ATR: 2.98
  📊 Filled: 0 | Pending: 0
  💰 Daily P&L: $+0.00

[2026-05-06 08:33] O:7338.75 H:7339.50 L:7337.00 C:7337.75 V:5233.0
  📈 Trend: moderate_bearish
  🗺️  Grid: 0.080% | 🔺 7339.25 🔻 7334.00
  📡 RSI: 62.3 | MACD: -0.12 | ATR: 2.98
  📊 Filled: 0 | Pending: 0
  💰 Daily P&L: $+0.00

[2026-05-06 08:34] O:7338.00 H:7341.00 L:7337.75 C:7340.75 V:4763.0
  📈 Trend: moderate_bearish (raw: moderate_bullish)
  🗺️  Grid: 0.080% | 🔺 7339.50 🔻 7337.00
  📡 RSI: 65.9 | MACD: 0.42 | ATR: 3.05
  📊 Filled: 0 | Pending: 0
  💰 Daily P&L: $+0.00

[2026-05-06 08:35] O:7341.00 H:7343.00 L:7339.25 C:7341.00 V:6757.0
  📈 Trend: moderate_bullish
  🗺️  Grid: 0.080% | 🔺 7341.00 🔻 7337.75
  📡 RSI: 70.4 | MACD: 0.86 | ATR: 3.16
  📊 Filled: 0 | Pending: 0
  💰 Daily P&L: $+0.00

[2026-05-06 08:36] O:7341.00 H:7344.50 L:7341.00 C:7343.75 V:4428.0
  📈 Trend: moderate_bullish
  🗺️  Grid: 0.080% | 🔺 7343.00 🔻 7339.25
  📡 RSI: 72.7 | MACD: 1.41 | ATR: 3.27
  📊 Filled: 0 | Pending: 0
  💰 Daily P&L: $+0.00

[2026-05-06 08:37] O:7343.50 H:7345.00 L:7340.50 C:7340.50 V:5015.0
  📈 Trend: moderate_bullish
  🗺️  Grid: 0.080% | 🔺 7344.50 🔻 7341.00
  📡 RSI: 62.6 | MACD: 1.57 | ATR: 3.48
  📊 Filled: 0 | Pending: 0
  💰 Daily P&L: $+0.00

[2026-05-06 08:38] O:7340.75 H:7342.50 L:7340.00 C:7341.00 V:4305.0
  📈 Trend: moderate_bullish
  🗺️  Grid: 0.080% | 🔺 7345.00 🔻 7340.50
  📡 RSI: 68.1 | MACD: 1.72 | ATR: 3.39
  📊 Filled: 0 | Pending: 0
  💰 Daily P&L: $+0.00

[2026-05-06 08:39] O:7341.00 H:7341.50 L:7339.25 C:7340.00 V:3934.0
  📈 Trend: moderate_bullish
  🗺️  Grid: 0.080% | 🔺 7342.50 🔻 7340.00
  📡 RSI: 64.6 | MACD: 1.73 | ATR: 3.43
  📊 Filled: 0 | Pending: 0
  💰 Daily P&L: $+0.00

[2026-05-06 08:40] O:7340.25 H:7340.75 L:7338.75 C:7339.50 V:3994.0
  📈 Trend: moderate_bullish (raw: strong_bullish)
  🗺️  Grid: 0.080% | 🔺 7341.50 🔻 7339.25
  📡 RSI: 66.0 | MACD: 1.68 | ATR: 3.43
  📊 Filled: 0 | Pending: 0
  💰 Daily P&L: $+0.00

[2026-05-06 08:41] O:7339.50 H:7340.50 L:7338.00 C:7339.50 V:3497.0
  📈 Trend: strong_bullish
  🗺️  Grid: 0.080% | 🔺 7340.75 🔻 7338.75
  📡 RSI: 68.9 | MACD: 1.63 | ATR: 3.43
  📊 Filled: 0 | Pending: 0
  💰 Daily P&L: $+0.00

[2026-05-06 08:42] O:7339.50 H:7341.25 L:7338.25 C:7338.75 V:3445.0
  📈 Trend: strong_bullish
  🗺️  Grid: 0.080% | 🔺 7340.50 🔻 7338.00
  📡 RSI: 66.7 | MACD: 1.50 | ATR: 3.50
  📊 Filled: 0 | Pending: 0
  💰 Daily P&L: $+0.00

[2026-05-06 08:43] O:7338.50 H:7341.50 L:7337.50 C:7341.25 V:3526.0
  📈 Trend: strong_bullish
  🗺️  Grid: 0.080% | 🔺 7341.25 🔻 7338.25
  📡 RSI: 69.6 | MACD: 1.59 | ATR: 3.61
  📊 Filled: 0 | Pending: 0
  💰 Daily P&L: $+0.00

[2026-05-06 08:44] O:7341.25 H:7341.75 L:7339.25 C:7340.75 V:3413.0
  📈 Trend: strong_bullish
  🗺️  Grid: 0.080% | 🔺 7341.50 🔻 7337.50
  📡 RSI: 72.4 | MACD: 1.60 | ATR: 3.38
  📊 Filled: 0 | Pending: 0
  💰 Daily P&L: $+0.00

[2026-05-06 08:45] O:7341.00 H:7342.50 L:7338.50 C:7339.75 V:5338.0
  📈 Trend: strong_bullish
  🗺️  Grid: 0.080% | 🔺 7341.75 🔻 7339.25
  📡 RSI: 62.2 | MACD: 1.51 | ATR: 3.25
  📊 Filled: 0 | Pending: 0
  💰 Daily P&L: $+0.00

[2026-05-06 08:46] O:7339.50 H:7341.25 L:7339.25 C:7340.50 V:3021.0
  📈 Trend: strong_bullish
  🗺️  Grid: 0.080% | 🔺 7342.50 🔻 7338.50
  📡 RSI: 55.7 | MACD: 1.48 | ATR: 3.02
  📊 Filled: 0 | Pending: 0
  💰 Daily P&L: $+0.00

[2026-05-06 08:47] O:7340.75 H:7343.75 L:7340.00 C:7343.50 V:5634.0
  📈 Trend: strong_bullish
  🗺️  Grid: 0.080% | 🔺 7341.25 🔻 7339.25
  📡 RSI: 64.6 | MACD: 1.68 | ATR: 3.11
  📊 Filled: 0 | Pending: 0
  💰 Daily P&L: $+0.00

[2026-05-06 08:48] O:7343.25 H:7344.50 L:7340.25 C:7340.75 V:3583.0
  📈 Trend: strong_bullish
  🗺️  Grid: 0.080% | 🔺 7343.75 🔻 7340.00
  📡 RSI: 50.0 | MACD: 1.60 | ATR: 3.18
  📊 Filled: 0 | Pending: 0
  💰 Daily P&L: $+0.00

[2026-05-06 08:49] O:7340.50 H:7341.50 L:7339.00 C:7340.25 V:3925.0
  📈 Trend: strong_bullish (raw: moderate_bullish)
  🗺️  Grid: 0.080% | 🔺 7344.50 🔻 7340.25
  📡 RSI: 48.1 | MACD: 1.48 | ATR: 3.09
  📊 Filled: 0 | Pending: 0
  💰 Daily P&L: $+0.00

[2026-05-06 08:50] O:7340.25 H:7340.25 L:7331.50 C:7333.75 V:10309.0
  📈 Trend: strong_bullish (raw: moderate_bearish)
  🗺️  Grid: 0.080% | 🔺 7341.50 🔻 7339.00
  📡 RSI: 28.7 | MACD: 0.85 | ATR: 3.46
  📊 Filled: 0 | Pending: 0
  💰 Daily P&L: $+0.00

[2026-05-06 08:51] O:7333.75 H:7337.75 L:7332.50 C:7337.25 V:4628.0
  📈 Trend: moderate_bearish
  🗺️  Grid: 0.080% | 🔺 7340.25 🔻 7331.50
  📡 RSI: 43.2 | MACD: 0.62 | ATR: 3.52
  📊 Filled: 0 | Pending: 0
  💰 Daily P&L: $+0.00

[2026-05-06 08:52] O:7337.25 H:7341.00 L:7337.25 C:7340.50 V:3495.0
  📈 Trend: moderate_bearish (raw: moderate_bullish)
  🗺️  Grid: 0.080% | 🔺 7337.75 🔻 7332.50
  📡 RSI: 49.1 | MACD: 0.70 | ATR: 3.61
  📊 Filled: 0 | Pending: 0
  💰 Daily P&L: $+0.00

[2026-05-06 08:53] O:7340.50 H:7343.00 L:7339.50 C:7343.00 V:3581.0
  📈 Trend: moderate_bullish
  🗺️  Grid: 0.080% | 🔺 7341.00 🔻 7337.25
  📡 RSI: 55.4 | MACD: 0.95 | ATR: 3.70
  📊 Filled: 0 | Pending: 0
  💰 Daily P&L: $+0.00

[2026-05-06 08:54] O:7343.25 H:7347.00 L:7343.00 C:7346.00 V:5410.0
  📈 Trend: moderate_bullish (raw: strong_bullish)
  🗺️  Grid: 0.080% | 🔺 7343.00 🔻 7339.50
  📡 RSI: 60.7 | MACD: 1.37 | ATR: 3.84
  📊 Filled: 0 | Pending: 0
  💰 Daily P&L: $+0.00

[2026-05-06 08:55] O:7346.00 H:7346.75 L:7345.00 C:7345.25 V:3544.0
  📈 Trend: strong_bullish
  🗺️  Grid: 0.080% | 🔺 7347.00 🔻 7343.00
  📡 RSI: 59.2 | MACD: 1.63 | ATR: 3.79
  📊 Filled: 0 | Pending: 0
  💰 Daily P&L: $+0.00

[2026-05-06 08:56] O:7345.25 H:7345.50 L:7340.75 C:7343.50 V:4538.0
  📈 Trend: strong_bullish
  🗺️  Grid: 0.080% | 🔺 7346.75 🔻 7345.00
  📡 RSI: 57.4 | MACD: 1.68 | ATR: 3.91
  📊 Filled: 0 | Pending: 0
  💰 Daily P&L: $+0.00

[2026-05-06 08:57] O:7343.50 H:7346.50 L:7343.00 C:7346.00 V:4230.0
  📈 Trend: strong_bullish
  🗺️  Grid: 0.080% | 🔺 7345.50 🔻 7340.75
  📡 RSI: 57.4 | MACD: 1.89 | ATR: 3.88
  📊 Filled: 0 | Pending: 0
  💰 Daily P&L: $+0.00

[2026-05-06 08:58] O:7346.00 H:7347.00 L:7345.25 C:7345.50 V:2268.0
  📈 Trend: strong_bullish
  🗺️  Grid: 0.080% | 🔺 7346.50 🔻 7343.00
  📡 RSI: 57.4 | MACD: 2.00 | ATR: 3.82
  📊 Filled: 0 | Pending: 0
  💰 Daily P&L: $+0.00

[2026-05-06 08:59] O:7345.50 H:7347.50 L:7345.00 C:7346.00 V:2575.0
  📈 Trend: strong_bullish
  🗺️  Grid: 0.080% | 🔺 7347.00 🔻 7345.25
  📡 RSI: 59.8 | MACD: 2.10 | ATR: 3.71
  📊 Filled: 0 | Pending: 0
  💰 Daily P&L: $+0.00

[2026-05-06 09:00] O:7346.00 H:7349.50 L:7345.75 C:7347.75 V:4749.0
  📈 Trend: strong_bullish
  🗺️  Grid: 0.080% | 🔺 7347.50 🔻 7345.00
  📡 RSI: 61.1 | MACD: 2.29 | ATR: 3.84
  📊 Filled: 0 | Pending: 0
  💰 Daily P&L: $+0.00

[2026-05-06 09:01] O:7347.75 H:7349.50 L:7346.00 C:7348.75 V:4076.0
  📈 Trend: strong_bullish
  🗺️  Grid: 0.080% | 🔺 7349.50 🔻 7345.75
  📡 RSI: 58.5 | MACD: 2.50 | ATR: 3.82
  📊 Filled: 0 | Pending: 0
  💰 Daily P&L: $+0.00

[2026-05-06 09:02] O:7348.75 H:7348.75 L:7344.25 C:7344.50 V:4619.0
  📈 Trend: strong_bullish
  🗺️  Grid: 0.080% | 🔺 7349.50 🔻 7346.00
  📡 RSI: 55.8 | MACD: 2.29 | ATR: 3.84
  📊 Filled: 0 | Pending: 0
  💰 Daily P&L: $+0.00

[2026-05-06 09:03] O:7344.75 H:7345.75 L:7343.75 C:7345.00 V:3077.0
  📈 Trend: strong_bullish
  🗺️  Grid: 0.080% | 🔺 7348.75 🔻 7344.25
  📡 RSI: 57.4 | MACD: 2.14 | ATR: 3.80
  📊 Filled: 0 | Pending: 0
  💰 Daily P&L: $+0.00

[2026-05-06 09:04] O:7345.00 H:7346.00 L:7342.75 C:7343.50 V:3336.0
  📈 Trend: strong_bullish (raw: moderate_bullish)
  🗺️  Grid: 0.080% | 🔺 7345.75 🔻 7343.75
  📡 RSI: 67.9 | MACD: 1.88 | ATR: 3.41
  📊 Filled: 0 | Pending: 0
  💰 Daily P&L: $+0.00

[2026-05-06 09:05] O:7343.50 H:7346.00 L:7343.00 C:7345.00 V:3261.0
  📈 Trend: moderate_bullish
  🗺️  Grid: 0.080% | 🔺 7346.00 🔻 7342.75
  📡 RSI: 65.3 | MACD: 1.78 | ATR: 3.25
  📊 Filled: 0 | Pending: 0
  💰 Daily P&L: $+0.00

[2026-05-06 09:06] O:7345.00 H:7346.25 L:7337.75 C:7338.50 V:7755.0
  📈 Trend: moderate_bullish (raw: moderate_bearish)
  🗺️  Grid: 0.080% | 🔺 7346.00 🔻 7343.00
  📡 RSI: 46.5 | MACD: 1.16 | ATR: 3.59
  📊 Filled: 0 | Pending: 0
  💰 Daily P&L: $+0.00

[2026-05-06 09:07] O:7338.50 H:7343.50 L:7336.25 C:7343.25 V:7412.0
  📈 Trend: moderate_bullish
  🗺️  Grid: 0.080% | 🔺 7346.25 🔻 7337.75
  📡 RSI: 50.4 | MACD: 1.04 | ATR: 3.86
  📊 Filled: 0 | Pending: 0
  💰 Daily P&L: $+0.00

[2026-05-06 09:08] O:7343.25 H:7345.00 L:7342.00 C:7344.50 V:5221.0
  📈 Trend: moderate_bullish
  🗺️  Grid: 0.080% | 🔺 7343.50 🔻 7336.25
  📡 RSI: 47.4 | MACD: 1.03 | ATR: 3.79
  📊 Filled: 0 | Pending: 0
  💰 Daily P&L: $+0.00

[2026-05-06 09:09] O:7344.50 H:7347.75 L:7343.75 C:7347.00 V:4724.0
  📈 Trend: moderate_bullish
  🗺️  Grid: 0.080% | 🔺 7345.00 🔻 7342.00
  📡 RSI: 52.8 | MACD: 1.21 | ATR: 3.95
  📊 Filled: 0 | Pending: 0
  💰 Daily P&L: $+0.00

[2026-05-06 09:10] O:7347.00 H:7350.00 L:7346.50 C:7348.50 V:4243.0
  📈 Trend: moderate_bullish (raw: strong_bullish)
  🗺️  Grid: 0.080% | 🔺 7347.75 🔻 7343.75
  📡 RSI: 58.2 | MACD: 1.46 | ATR: 3.86
  📊 Filled: 0 | Pending: 0
  💰 Daily P&L: $+0.00

[2026-05-06 09:11] O:7348.75 H:7350.00 L:7347.25 C:7350.00 V:3040.0
  📈 Trend: strong_bullish
  🗺️  Grid: 0.080% | 🔺 7350.00 🔻 7346.50
  📡 RSI: 56.8 | MACD: 1.76 | ATR: 3.80
  📊 Filled: 0 | Pending: 0
  💰 Daily P&L: $+0.00

[2026-05-06 09:12] O:7350.00 H:7352.00 L:7348.75 C:7349.50 V:5304.0
  📈 Trend: strong_bullish
  🗺️  Grid: 0.080% | 🔺 7350.00 🔻 7347.25
  📡 RSI: 56.8 | MACD: 1.93 | ATR: 3.91
  📊 Filled: 0 | Pending: 0
  💰 Daily P&L: $+0.00

[2026-05-06 09:13] O:7349.25 H:7351.00 L:7348.75 C:7349.75 V:4311.0
  📈 Trend: strong_bullish
  🗺️  Grid: 0.080% | 🔺 7352.00 🔻 7348.75
  📡 RSI: 56.4 | MACD: 2.07 | ATR: 3.89
  📊 Filled: 0 | Pending: 0
  💰 Daily P&L: $+0.00

[2026-05-06 09:14] O:7349.75 H:7351.00 L:7348.25 C:7350.25 V:3381.0
  📈 Trend: strong_bullish
  🗺️  Grid: 0.080% | 🔺 7351.00 🔻 7348.75
  📡 RSI: 54.5 | MACD: 2.19 | ATR: 3.82
  📊 Filled: 0 | Pending: 0
  💰 Daily P&L: $+0.00

[2026-05-06 09:15] O:7350.25 H:7351.50 L:7349.75 C:7350.50 V:3108.0
  📈 Trend: strong_bullish
  🗺️  Grid: 0.080% | 🔺 7351.00 🔻 7348.25
  📡 RSI: 53.2 | MACD: 2.28 | ATR: 3.70
  📊 Filled: 0 | Pending: 0
  💰 Daily P&L: $+0.00

[2026-05-06 09:16] O:7350.75 H:7352.00 L:7349.75 C:7350.75 V:2772.0
  📈 Trend: strong_bullish
  🗺️  Grid: 0.080% | 🔺 7351.50 🔻 7349.75
  📡 RSI: 63.4 | MACD: 2.34 | ATR: 3.54
  📊 Filled: 0 | Pending: 0
  💰 Daily P&L: $+0.00

[2026-05-06 09:17] O:7350.50 H:7351.50 L:7346.50 C:7348.75 V:7432.0
  📈 Trend: strong_bullish
  🗺️  Grid: 0.080% | 🔺 7352.00 🔻 7349.75
  📡 RSI: 57.6 | MACD: 2.21 | ATR: 3.75
  📊 Filled: 0 | Pending: 0
  💰 Daily P&L: $+0.00

[2026-05-06 09:18] O:7348.50 H:7349.75 L:7345.00 C:7347.00 V:6813.0
  📈 Trend: strong_bullish (raw: moderate_bullish)
  🗺️  Grid: 0.080% | 🔺 7351.50 🔻 7346.50
  📡 RSI: 57.0 | MACD: 1.93 | ATR: 3.86
  📊 Filled: 0 | Pending: 0
  💰 Daily P&L: $+0.00

[2026-05-06 09:19] O:7346.75 H:7349.25 L:7346.25 C:7347.00 V:3267.0
  📈 Trend: strong_bullish (raw: moderate_bearish)
  🗺️  Grid: 0.080% | 🔺 7349.75 🔻 7345.00
  📡 RSI: 54.3 | MACD: 1.70 | ATR: 3.86
  📊 Filled: 0 | Pending: 0
  💰 Daily P&L: $+0.00

[2026-05-06 09:20] O:7347.00 H:7348.50 L:7346.50 C:7348.25 V:2529.0
  📈 Trend: moderate_bearish
  🗺️  Grid: 0.080% | 🔺 7349.25 🔻 7346.25
  📡 RSI: 76.7 | MACD: 1.60 | ATR: 3.39
  📊 Filled: 0 | Pending: 0
  💰 Daily P&L: $+0.00

[2026-05-06 09:21] O:7348.00 H:7351.00 L:7347.75 C:7350.50 V:3094.0
  📈 Trend: moderate_bearish (raw: moderate_bullish)
  🗺️  Grid: 0.080% | 🔺 7348.50 🔻 7346.50
  📡 RSI: 73.0 | MACD: 1.68 | ATR: 3.11
  📊 Filled: 0 | Pending: 0
  💰 Daily P&L: $+0.00

[2026-05-06 09:22] O:7350.50 H:7351.50 L:7349.25 C:7349.75 V:2403.0
  📈 Trend: moderate_bullish
  🗺️  Grid: 0.080% | 🔺 7351.00 🔻 7347.75
  📡 RSI: 67.2 | MACD: 1.66 | ATR: 3.05
  📊 Filled: 0 | Pending: 0
  💰 Daily P&L: $+0.00

[2026-05-06 09:23] O:7350.00 H:7352.00 L:7347.50 C:7352.00 V:4026.0
  📈 Trend: moderate_bullish (raw: strong_bullish)
  🗺️  Grid: 0.080% | 🔺 7351.50 🔻 7349.25
  📡 RSI: 66.7 | MACD: 1.81 | ATR: 3.09
  📊 Filled: 0 | Pending: 0
  💰 Daily P&L: $+0.00

[2026-05-06 09:24] O:7352.00 H:7352.50 L:7349.00 C:7352.00 V:3303.0
  📈 Trend: strong_bullish
  🗺️  Grid: 0.080% | 🔺 7352.00 🔻 7347.50
  📡 RSI: 63.0 | MACD: 1.90 | ATR: 3.09
  📊 Filled: 0 | Pending: 0
  💰 Daily P&L: $+0.00

[2026-05-06 09:25] O:7352.00 H:7354.75 L:7351.75 C:7354.00 V:4089.0
  📈 Trend: strong_bullish
  🗺️  Grid: 0.080% | 🔺 7352.50 🔻 7349.00
  📡 RSI: 64.3 | MACD: 2.12 | ATR: 3.11
  📊 Filled: 0 | Pending: 0
  💰 Daily P&L: $+0.00

[2026-05-06 09:26] O:7354.00 H:7356.00 L:7352.75 C:7353.75 V:3914.0
  📈 Trend: strong_bullish
  🗺️  Grid: 0.080% | 🔺 7354.75 🔻 7351.75
  📡 RSI: 65.5 | MACD: 2.24 | ATR: 3.11
  📊 Filled: 0 | Pending: 0
  💰 Daily P&L: $+0.00

[2026-05-06 09:27] O:7353.75 H:7356.50 L:7353.25 C:7355.00 V:4232.0
  📈 Trend: strong_bullish
  🗺️  Grid: 0.080% | 🔺 7356.00 🔻 7352.75
  📡 RSI: 67.8 | MACD: 2.41 | ATR: 3.18
  📊 Filled: 0 | Pending: 0
  💰 Daily P&L: $+0.00

[2026-05-06 09:28] O:7355.00 H:7356.00 L:7354.50 C:7356.00 V:2563.0
  📈 Trend: strong_bullish
  🗺️  Grid: 0.080% | 🔺 7356.50 🔻 7353.25
  📡 RSI: 68.9 | MACD: 2.60 | ATR: 3.09
  📊 Filled: 0 | Pending: 0
  💰 Daily P&L: $+0.00

[2026-05-06 09:29] O:7355.75 H:7356.50 L:7349.50 C:7350.00 V:5476.0
  📈 Trend: strong_bullish
  🗺️  Grid: 0.080% | 🔺 7356.00 🔻 7354.50
  📡 RSI: 48.8 | MACD: 2.23 | ATR: 3.46
  📊 Filled: 0 | Pending: 0
  💰 Daily P&L: $+0.00

[2026-05-06 09:30] O:7350.00 H:7353.25 L:7349.75 C:7353.00 V:5551.0
  📈 Trend: strong_bullish
  🗺️  Grid: 0.080% | 🔺 7356.50 🔻 7349.50
  📡 RSI: 54.7 | MACD: 2.16 | ATR: 3.55
  📊 Filled: 0 | Pending: 0
  💰 Daily P&L: $+0.00

[2026-05-06 09:31] O:7352.75 H:7354.50 L:7351.75 C:7354.50 V:2579.0
  📈 Trend: strong_bullish
  🗺️  Grid: 0.080% | 🔺 7353.25 🔻 7349.75
  📡 RSI: 62.4 | MACD: 2.20 | ATR: 3.39
  📊 Filled: 0 | Pending: 0
  💰 Daily P&L: $+0.00

[2026-05-06 09:32] O:7354.50 H:7358.00 L:7354.25 C:7357.25 V:3098.0
  📈 Trend: strong_bullish
  🗺️  Grid: 0.080% | 🔺 7354.50 🔻 7351.75
  📡 RSI: 71.1 | MACD: 2.43 | ATR: 3.32
  📊 Filled: 0 | Pending: 0
  💰 Daily P&L: $+0.00

[2026-05-06 09:33] O:7357.00 H:7359.25 L:7357.00 C:7358.25 V:5020.0
  📈 Trend: strong_bullish
  🗺️  Grid: 0.080% | 🔺 7358.00 🔻 7354.25
  📡 RSI: 72.3 | MACD: 2.66 | ATR: 3.27
  📊 Filled: 0 | Pending: 0
  💰 Daily P&L: $+0.00

[2026-05-06 09:34] O:7358.25 H:7359.50 L:7358.00 C:7359.25 V:2858.0
  📈 Trend: strong_bullish
  🗺️  Grid: 0.080% | 🔺 7359.25 🔻 7357.00
  📡 RSI: 72.0 | MACD: 2.89 | ATR: 3.23
  📊 Filled: 0 | Pending: 0
  💰 Daily P&L: $+0.00

[2026-05-06 09:35] O:7359.25 H:7360.50 L:7358.50 C:7360.25 V:3543.0
  📈 Trend: strong_bullish
  🗺️  Grid: 0.080% | 🔺 7359.50 🔻 7358.00
  📡 RSI: 70.5 | MACD: 3.11 | ATR: 3.14
  📊 Filled: 0 | Pending: 0
  💰 Daily P&L: $+0.00

[2026-05-06 09:36] O:7360.25 H:7361.75 L:7359.50 C:7361.00 V:3138.0
  📈 Trend: strong_bullish
  🗺️  Grid: 0.080% | 🔺 7360.50 🔻 7358.50
  📡 RSI: 73.7 | MACD: 3.31 | ATR: 3.14
  📊 Filled: 0 | Pending: 0
  💰 Daily P&L: $+0.00

[2026-05-06 09:37] O:7361.00 H:7361.50 L:7359.75 C:7360.50 V:2807.0
  📈 Trend: strong_bullish
  🗺️  Grid: 0.080% | 🔺 7361.75 🔻 7359.50
  📡 RSI: 69.3 | MACD: 3.39 | ATR: 2.95
  📊 Filled: 0 | Pending: 0
  💰 Daily P&L: $+0.00

[2026-05-06 09:38] O:7360.50 H:7362.75 L:7360.00 C:7362.25 V:3350.0
  📈 Trend: strong_bullish
  🗺️  Grid: 0.080% | 🔺 7361.50 🔻 7359.75
  📡 RSI: 71.6 | MACD: 3.56 | ATR: 2.89
  📊 Filled: 0 | Pending: 0
  💰 Daily P&L: $+0.00

[2026-05-06 09:39] O:7362.25 H:7362.75 L:7361.00 C:7362.00 V:2751.0
  📈 Trend: strong_bullish
  🗺️  Grid: 0.080% | 🔺 7362.75 🔻 7360.00
  📡 RSI: 68.2 | MACD: 3.62 | ATR: 2.80
  📊 Filled: 0 | Pending: 0
  💰 Daily P&L: $+0.00

[2026-05-06 09:40] O:7362.25 H:7364.75 L:7361.75 C:7364.50 V:4415.0
  📈 Trend: strong_bullish
  🗺️  Grid: 0.080% | 🔺 7362.75 🔻 7361.00
  📡 RSI: 72.2 | MACD: 3.84 | ATR: 2.79
  📊 Filled: 0 | Pending: 0
  💰 Daily P&L: $+0.00

[2026-05-06 09:41] O:7364.50 H:7367.00 L:7363.50 C:7364.75 V:6801.0
  📈 Trend: strong_bullish
  🗺️  Grid: 0.080% | 🔺 7364.75 🔻 7361.75
  📡 RSI: 71.0 | MACD: 3.98 | ATR: 2.80
  📊 Filled: 0 | Pending: 0
  💰 Daily P&L: $+0.00

[2026-05-06 09:42] O:7364.75 H:7367.75 L:7363.00 C:7367.00 V:8072.0
  📈 Trend: strong_bullish
  🗺️  Grid: 0.080% | 🔺 7367.00 🔻 7363.50
  📡 RSI: 72.4 | MACD: 4.22 | ATR: 3.04
  📊 Filled: 0 | Pending: 0
  💰 Daily P&L: $+0.00

[2026-05-06 09:43] O:7367.00 H:7369.50 L:7364.75 C:7365.75 V:6848.0
  📈 Trend: strong_bullish
  🗺️  Grid: 0.080% | 🔺 7367.75 🔻 7363.00
  📡 RSI: 89.9 | MACD: 4.27 | ATR: 2.88
  📊 Filled: 0 | Pending: 0
  💰 Daily P&L: $+0.00

[2026-05-06 09:44] O:7365.75 H:7368.75 L:7364.00 C:7368.25 V:4772.0
  📈 Trend: strong_bullish
  🗺️  Grid: 0.080% | 🔺 7369.50 🔻 7364.75
  📡 RSI: 89.6 | MACD: 4.45 | ATR: 2.96
  📊 Filled: 0 | Pending: 0
  💰 Daily P&L: $+0.00

[2026-05-06 09:45] O:7368.25 H:7370.00 L:7366.75 C:7367.75 V:5559.0
  📈 Trend: strong_bullish
  🗺️  Grid: 0.080% | 🔺 7368.75 🔻 7364.00
  📡 RSI: 86.3 | MACD: 4.51 | ATR: 3.00
  📊 Filled: 0 | Pending: 0
  💰 Daily P&L: $+0.00

[2026-05-06 09:46] O:7367.50 H:7367.50 L:7365.75 C:7366.00 V:3717.0
  📈 Trend: strong_bullish
  🗺️  Grid: 0.080% | 🔺 7370.00 🔻 7366.75
  📡 RSI: 75.4 | MACD: 4.36 | ATR: 2.88
  📊 Filled: 0 | Pending: 0
  💰 Daily P&L: $+0.00

[2026-05-06 09:47] O:7366.00 H:7367.25 L:7365.75 C:7366.50 V:4008.0
  📈 Trend: strong_bullish
  🗺️  Grid: 0.080% | 🔺 7367.50 🔻 7365.75
  📡 RSI: 74.6 | MACD: 4.23 | ATR: 2.82
  📊 Filled: 0 | Pending: 0
  💰 Daily P&L: $+0.00

[2026-05-06 09:48] O:7366.25 H:7366.75 L:7364.50 C:7364.75 V:4609.0
  📈 Trend: strong_bullish
  🗺️  Grid: 0.080% | 🔺 7367.25 🔻 7365.75
  📡 RSI: 65.7 | MACD: 3.95 | ATR: 2.88
  📊 Filled: 0 | Pending: 0
  💰 Daily P&L: $+0.00

[2026-05-06 09:49] O:7364.75 H:7367.50 L:7364.50 C:7367.25 V:4492.0
  📈 Trend: strong_bullish
  🗺️  Grid: 0.080% | 🔺 7366.75 🔻 7364.50
  📡 RSI: 68.4 | MACD: 3.88 | ATR: 2.95
  📊 Filled: 0 | Pending: 0
  💰 Daily P&L: $+0.00

[2026-05-06 09:50] O:7367.50 H:7368.25 L:7366.75 C:7367.25 V:3146.0
  📈 Trend: strong_bullish
  🗺️  Grid: 0.080% | 🔺 7367.50 🔻 7364.50
  📡 RSI: 67.1 | MACD: 3.78 | ATR: 2.89
  📊 Filled: 0 | Pending: 0
  💰 Daily P&L: $+0.00

[2026-05-06 09:51] O:7367.25 H:7368.50 L:7367.00 C:7367.50 V:2827.0
  📈 Trend: strong_bullish
  🗺️  Grid: 0.080% | 🔺 7368.25 🔻 7366.75
  📡 RSI: 69.4 | MACD: 3.68 | ATR: 2.88
  📊 Filled: 0 | Pending: 0
  💰 Daily P&L: $+0.00

[2026-05-06 09:52] O:7367.50 H:7368.25 L:7366.00 C:7367.00 V:2784.0
  📈 Trend: strong_bullish
  🗺️  Grid: 0.080% | 🔺 7368.50 🔻 7367.00
  📡 RSI: 64.2 | MACD: 3.52 | ATR: 2.84
  📊 Filled: 0 | Pending: 0
  💰 Daily P&L: $+0.00

[2026-05-06 09:53] O:7367.00 H:7369.00 L:7366.50 C:7368.25 V:2442.0
  📈 Trend: strong_bullish
  🗺️  Grid: 0.080% | 🔺 7368.25 🔻 7366.00
  📡 RSI: 67.6 | MACD: 3.45 | ATR: 2.89
  📊 Filled: 0 | Pending: 0
  💰 Daily P&L: $+0.00

[2026-05-06 09:54] O:7368.00 H:7369.25 L:7367.50 C:7369.00 V:2037.0
  📈 Trend: strong_bullish
  🗺️  Grid: 0.080% | 🔺 7369.00 🔻 7366.50
  📡 RSI: 64.1 | MACD: 3.42 | ATR: 2.80
  📊 Filled: 0 | Pending: 0
  💰 Daily P&L: $+0.00

[2026-05-06 09:55] O:7369.00 H:7371.00 L:7368.75 C:7370.50 V:3202.0
  📈 Trend: strong_bullish
  🗺️  Grid: 0.080% | 🔺 7369.25 🔻 7367.50
  📡 RSI: 66.7 | MACD: 3.48 | ATR: 2.71
  📊 Filled: 0 | Pending: 0
  💰 Daily P&L: $+0.00

[2026-05-06 09:56] O:7370.75 H:7372.00 L:7368.75 C:7369.50 V:3388.0
  📈 Trend: strong_bullish
  🗺️  Grid: 0.080% | 🔺 7371.00 🔻 7368.75
  📡 RSI: 57.8 | MACD: 3.40 | ATR: 2.61
  📊 Filled: 0 | Pending: 0
  💰 Daily P&L: $+0.00

[2026-05-06 09:57] O:7369.50 H:7370.75 L:7369.00 C:7370.00 V:1975.0
  📈 Trend: strong_bullish
  🗺️  Grid: 0.080% | 🔺 7372.00 🔻 7368.75
  📡 RSI: 63.9 | MACD: 3.34 | ATR: 2.39
  📊 Filled: 0 | Pending: 0
  💰 Daily P&L: $+0.00

[2026-05-06 09:58] O:7370.25 H:7370.50 L:7369.00 C:7369.00 V:1892.0
  📈 Trend: strong_bullish
  🗺️  Grid: 0.080% | 🔺 7370.75 🔻 7369.00
  📡 RSI: 52.7 | MACD: 3.18 | ATR: 2.16
  📊 Filled: 0 | Pending: 0
  💰 Daily P&L: $+0.00

[2026-05-06 09:59] O:7369.25 H:7371.50 L:7369.00 C:7371.25 V:3243.0
  📈 Trend: strong_bullish
  🗺️  Grid: 0.080% | 🔺 7370.50 🔻 7369.00
  📡 RSI: 61.3 | MACD: 3.19 | ATR: 2.11
  📊 Filled: 0 | Pending: 0
  💰 Daily P&L: $+0.00

[2026-05-06 10:00] O:7371.50 H:7372.50 L:7370.75 C:7372.50 V:3565.0
  📈 Trend: strong_bullish
  🗺️  Grid: 0.080% | 🔺 7371.50 🔻 7369.00
  📡 RSI: 71.7 | MACD: 3.27 | ATR: 2.09
  📊 Filled: 0 | Pending: 0
  💰 Daily P&L: $+0.00

[2026-05-06 10:01] O:7372.25 H:7374.75 L:7372.00 C:7373.50 V:4718.0
  📈 Trend: strong_bullish
  🗺️  Grid: 0.080% | 🔺 7372.50 🔻 7370.75
  📡 RSI: 72.6 | MACD: 3.37 | ATR: 2.18
  📊 Filled: 0 | Pending: 0
  💰 Daily P&L: $+0.00

[2026-05-06 10:02] O:7373.50 H:7373.50 L:7371.50 C:7372.00 V:2687.0
  📈 Trend: strong_bullish
  🗺️  Grid: 0.080% | 🔺 7374.75 🔻 7372.00
  📡 RSI: 73.8 | MACD: 3.29 | ATR: 2.16
  📊 Filled: 0 | Pending: 0
  💰 Daily P&L: $+0.00

[2026-05-06 10:03] O:7372.00 H:7372.75 L:7370.50 C:7371.75 V:3853.0
  📈 Trend: strong_bullish
  🗺️  Grid: 0.080% | 🔺 7373.50 🔻 7371.50
  📡 RSI: 67.3 | MACD: 3.17 | ATR: 2.11
  📊 Filled: 0 | Pending: 0
  💰 Daily P&L: $+0.00

[2026-05-06 10:04] O:7372.00 H:7373.25 L:7371.50 C:7373.25 V:1877.0
  📈 Trend: strong_bullish
  🗺️  Grid: 0.080% | 🔺 7372.75 🔻 7370.50
  📡 RSI: 70.7 | MACD: 3.16 | ATR: 2.12
  📊 Filled: 0 | Pending: 0
  💰 Daily P&L: $+0.00

[2026-05-06 10:05] O:7373.25 H:7374.25 L:7373.00 C:7373.75 V:2200.0
  📈 Trend: strong_bullish
  🗺️  Grid: 0.080% | 🔺 7373.25 🔻 7371.50
  📡 RSI: 71.2 | MACD: 3.16 | ATR: 2.11
  📊 Filled: 0 | Pending: 0
  💰 Daily P&L: $+0.00

[2026-05-06 10:06] O:7374.00 H:7375.00 L:7373.25 C:7373.50 V:2325.0
  📈 Trend: strong_bullish
  🗺️  Grid: 0.080% | 🔺 7374.25 🔻 7373.00
  📡 RSI: 72.4 | MACD: 3.10 | ATR: 2.07
  📊 Filled: 0 | Pending: 0
  💰 Daily P&L: $+0.00

[2026-05-06 10:07] O:7373.50 H:7373.50 L:7372.25 C:7372.75 V:3535.0
  📈 Trend: strong_bullish
  🗺️  Grid: 0.080% | 🔺 7375.00 🔻 7373.25
  📡 RSI: 66.1 | MACD: 2.96 | ATR: 1.98
  📊 Filled: 0 | Pending: 0
  💰 Daily P&L: $+0.00

[2026-05-06 10:08] O:7372.75 H:7373.25 L:7368.50 C:7369.50 V:4405.0
  📈 Trend: strong_bullish
  🗺️  Grid: 0.080% | 🔺 7373.50 🔻 7372.25
  📡 RSI: 51.5 | MACD: 2.56 | ATR: 2.20
  📊 Filled: 0 | Pending: 0
  💰 Daily P&L: $+0.00

[2026-05-06 10:09] O:7369.50 H:7369.50 L:7367.75 C:7368.50 V:3195.0
  📈 Trend: strong_bullish
  🗺️  Grid: 0.080% | 🔺 7373.25 🔻 7368.50
  📡 RSI: 43.8 | MACD: 2.13 | ATR: 2.16
  📊 Filled: 0 | Pending: 0
  💰 Daily P&L: $+0.00

[2026-05-06 10:10] O:7368.50 H:7370.50 L:7368.00 C:7369.50 V:2816.0
  📈 Trend: strong_bullish
  🗺️  Grid: 0.080% | 🔺 7369.50 🔻 7367.75
  📡 RSI: 50.0 | MACD: 1.85 | ATR: 2.11
  📊 Filled: 0 | Pending: 0
  💰 Daily P&L: $+0.00

[2026-05-06 10:11] O:7369.50 H:7371.75 L:7369.00 C:7371.00 V:2681.0
  📈 Trend: strong_bullish
  🗺️  Grid: 0.080% | 🔺 7370.50 🔻 7368.00
  📡 RSI: 52.9 | MACD: 1.73 | ATR: 2.18
  📊 Filled: 0 | Pending: 0
  💰 Daily P&L: $+0.00

[2026-05-06 10:12] O:7371.25 H:7371.25 L:7367.00 C:7367.50 V:3438.0
  📈 Trend: strong_bullish (raw: moderate_bullish)
  🗺️  Grid: 0.080% | 🔺 7371.75 🔻 7369.00
  📡 RSI: 46.2 | MACD: 1.34 | ATR: 2.38
  📊 Filled: 0 | Pending: 0
  💰 Daily P&L: $+0.00

[2026-05-06 10:13] O:7367.25 H:7367.75 L:7363.75 C:7365.00 V:6238.0
  📈 Trend: moderate_bullish
  🗺️  Grid: 0.080% | 🔺 7371.25 🔻 7367.00
  📡 RSI: 34.2 | MACD: 0.82 | ATR: 2.48
  📊 Filled: 0 | Pending: 0
  💰 Daily P&L: $+0.00

[2026-05-06 10:14] O:7365.00 H:7367.25 L:7364.50 C:7367.00 V:3687.0
  📈 Trend: moderate_bullish
  🗺️  Grid: 0.080% | 🔺 7367.75 🔻 7363.75
  📡 RSI: 36.6 | MACD: 0.56 | ATR: 2.55
  📊 Filled: 0 | Pending: 0
  💰 Daily P&L: $+0.00

[2026-05-06 10:15] O:7367.00 H:7368.00 L:7365.75 C:7366.75 V:3373.0
  📈 Trend: moderate_bullish
  🗺️  Grid: 0.080% | 🔺 7367.25 🔻 7364.50
  📡 RSI: 32.9 | MACD: 0.33 | ATR: 2.52
  📊 Filled: 0 | Pending: 0
  💰 Daily P&L: $+0.00

[2026-05-06 10:16] O:7366.75 H:7368.00 L:7365.00 C:7367.50 V:3477.0
  📈 Trend: moderate_bullish
  🗺️  Grid: 0.080% | 🔺 7368.00 🔻 7365.75
  📡 RSI: 38.2 | MACD: 0.21 | ATR: 2.59
  📊 Filled: 0 | Pending: 0
  💰 Daily P&L: $+0.00

[2026-05-06 10:17] O:7367.50 H:7370.25 L:7367.00 C:7369.75 V:3274.0
  📈 Trend: moderate_bullish (raw: strong_bullish)
  🗺️  Grid: 0.080% | 🔺 7368.00 🔻 7365.00
  📡 RSI: 45.2 | MACD: 0.29 | ATR: 2.66
  📊 Filled: 0 | Pending: 0
  💰 Daily P&L: $+0.00

[2026-05-06 10:18] O:7370.00 H:7370.25 L:7368.50 C:7369.75 V:2747.0
  📈 Trend: moderate_bullish
  🗺️  Grid: 0.080% | 🔺 7370.25 🔻 7367.00
  📡 RSI: 41.0 | MACD: 0.35 | ATR: 2.66
  📊 Filled: 0 | Pending: 0
  💰 Daily P&L: $+0.00

[2026-05-06 10:19] O:7369.75 H:7372.00 L:7369.50 C:7371.75 V:2376.0
  📈 Trend: moderate_bullish
  🗺️  Grid: 0.080% | 🔺 7370.25 🔻 7368.50
  📡 RSI: 45.2 | MACD: 0.55 | ATR: 2.75
  📊 Filled: 0 | Pending: 0
  💰 Daily P&L: $+0.00

[2026-05-06 10:20] O:7371.75 H:7372.50 L:7371.25 C:7372.00 V:2727.0
  📈 Trend: moderate_bullish
  🗺️  Grid: 0.080% | 🔺 7372.00 🔻 7369.50
  📡 RSI: 46.4 | MACD: 0.72 | ATR: 2.71
  📊 Filled: 0 | Pending: 0
  💰 Daily P&L: $+0.00

[2026-05-06 10:21] O:7372.00 H:7373.50 L:7371.75 C:7373.25 V:2821.0
  📈 Trend: moderate_bullish (raw: strong_bullish)
  🗺️  Grid: 0.080% | 🔺 7372.50 🔻 7371.25
  📡 RSI: 51.2 | MACD: 0.95 | ATR: 2.75
  📊 Filled: 0 | Pending: 0
  💰 Daily P&L: $+0.00

[2026-05-06 10:22] O:7373.25 H:7373.25 L:7371.50 C:7372.00 V:2419.0
  📈 Trend: strong_bullish
  🗺️  Grid: 0.080% | 🔺 7373.50 🔻 7371.75
  📡 RSI: 56.4 | MACD: 1.02 | ATR: 2.54
  📊 Filled: 0 | Pending: 0
  💰 Daily P&L: $+0.00

[2026-05-06 10:23] O:7371.75 H:7372.75 L:7371.00 C:7372.25 V:2529.0
  📈 Trend: strong_bullish
  🗺️  Grid: 0.080% | 🔺 7373.25 🔻 7371.50
  📡 RSI: 60.0 | MACD: 1.08 | ATR: 2.54
  📊 Filled: 0 | Pending: 0
  💰 Daily P&L: $+0.00

[2026-05-06 10:24] O:7372.25 H:7372.75 L:7371.50 C:7372.00 V:2015.0
  📈 Trend: strong_bullish
  🗺️  Grid: 0.080% | 🔺 7372.75 🔻 7371.00
  📡 RSI: 56.9 | MACD: 1.09 | ATR: 2.45
  📊 Filled: 0 | Pending: 0
  💰 Daily P&L: $+0.00

[2026-05-06 10:25] O:7372.00 H:7372.75 L:7371.25 C:7372.50 V:1534.0
  📈 Trend: strong_bullish
  🗺️  Grid: 0.080% | 🔺 7372.75 🔻 7371.50
  📡 RSI: 54.4 | MACD: 1.13 | ATR: 2.36
  📊 Filled: 0 | Pending: 0
  💰 Daily P&L: $+0.00

[2026-05-06 10:26] O:7372.50 H:7372.75 L:7371.25 C:7371.50 V:2279.0
  📈 Trend: strong_bullish
  🗺️  Grid: 0.080% | 🔺 7372.75 🔻 7371.25
  📡 RSI: 63.8 | MACD: 1.07 | ATR: 2.16
  📊 Filled: 0 | Pending: 0
  💰 Daily P&L: $+0.00

[2026-05-06 10:27] O:7371.25 H:7372.00 L:7370.25 C:7371.75 V:2182.0
  📈 Trend: strong_bullish
  🗺️  Grid: 0.080% | 🔺 7372.75 🔻 7371.25
  📡 RSI: 77.6 | MACD: 1.03 | ATR: 2.00
  📊 Filled: 0 | Pending: 0
  💰 Daily P&L: $+0.00

[2026-05-06 10:28] O:7371.75 H:7371.75 L:7370.50 C:7371.25 V:1848.0
  📈 Trend: strong_bullish
  🗺️  Grid: 0.080% | 🔺 7372.00 🔻 7370.25
  📡 RSI: 69.8 | MACD: 0.95 | ATR: 1.89
  📊 Filled: 0 | Pending: 0
  💰 Daily P&L: $+0.00

[2026-05-06 10:29] O:7371.00 H:7371.00 L:7369.50 C:7370.00 V:2641.0
  📈 Trend: strong_bullish
  🗺️  Grid: 0.080% | 🔺 7371.75 🔻 7370.50
  📡 RSI: 63.8 | MACD: 0.77 | ATR: 1.86
  📊 Filled: 0 | Pending: 0
  💰 Daily P&L: $+0.00

[2026-05-06 10:30] O:7370.00 H:7371.00 L:7369.25 C:7369.50 V:3371.0
  📈 Trend: strong_bullish (raw: moderate_bullish)
  🗺️  Grid: 0.080% | 🔺 7371.00 🔻 7369.50
  📡 RSI: 58.7 | MACD: 0.58 | ATR: 1.77
  📊 Filled: 0 | Pending: 0
  💰 Daily P&L: $+0.00

[2026-05-06 10:31] O:7369.50 H:7370.75 L:7369.50 C:7369.75 V:1992.0
  📈 Trend: strong_bullish
  🗺️  Grid: 0.080% | 🔺 7371.00 🔻 7369.25
  📡 RSI: 50.0 | MACD: 0.45 | ATR: 1.62
  📊 Filled: 0 | Pending: 0
  💰 Daily P&L: $+0.00

[2026-05-06 10:32] O:7369.75 H:7370.75 L:7368.75 C:7369.50 V:2128.0
  📈 Trend: strong_bullish
  🗺️  Grid: 0.080% | 🔺 7370.75 🔻 7369.50
  📡 RSI: 48.7 | MACD: 0.32 | ATR: 1.64
  📊 Filled: 0 | Pending: 0
  💰 Daily P&L: $+0.00

[2026-05-06 10:33] O:7369.50 H:7369.50 L:7367.50 C:7369.25 V:3804.0
  📈 Trend: strong_bullish
  🗺️  Grid: 0.080% | 🔺 7370.75 🔻 7368.75
  📡 RSI: 34.4 | MACD: 0.20 | ATR: 1.61
  📊 Filled: 0 | Pending: 0
  💰 Daily P&L: $+0.00

[2026-05-06 10:34] O:7369.25 H:7370.50 L:7369.00 C:7369.25 V:3045.0
  📈 Trend: strong_bullish
  🗺️  Grid: 0.080% | 🔺 7369.50 🔻 7367.50
  📡 RSI: 32.3 | MACD: 0.10 | ATR: 1.62
  📊 Filled: 0 | Pending: 0
  💰 Daily P&L: $+0.00

[2026-05-06 10:35] O:7369.25 H:7370.00 L:7367.75 C:7368.50 V:2475.0
  📈 Trend: strong_bullish
  🗺️  Grid: 0.080% | 🔺 7370.50 🔻 7369.00
  📡 RSI: 17.2 | MACD: -0.04 | ATR: 1.66
  📊 Filled: 0 | Pending: 0
  💰 Daily P&L: $+0.00

[2026-05-06 10:36] O:7368.50 H:7369.25 L:7367.75 C:7368.75 V:1830.0
  📈 Trend: strong_bullish (raw: moderate_bullish)
  🗺️  Grid: 0.080% | 🔺 7370.00 🔻 7367.75
  📡 RSI: 24.0 | MACD: -0.13 | ATR: 1.64
  📊 Filled: 0 | Pending: 0
  💰 Daily P&L: $+0.00

[2026-05-06 10:37] O:7368.75 H:7368.75 L:7366.25 C:7366.25 V:2535.0
  📈 Trend: moderate_bullish
  🗺️  Grid: 0.080% | 🔺 7369.25 🔻 7367.75
  📡 RSI: 14.7 | MACD: -0.40 | ATR: 1.70
  📊 Filled: 0 | Pending: 0
  💰 Daily P&L: $+0.00

[2026-05-06 10:38] O:7366.25 H:7368.00 L:7365.50 C:7365.75 V:2281.0
  📈 Trend: moderate_bullish
  🗺️  Grid: 0.080% | 🔺 7368.75 🔻 7366.25
  📡 RSI: 14.3 | MACD: -0.64 | ATR: 1.79
  📊 Filled: 0 | Pending: 0
  💰 Daily P&L: $+0.00

[2026-05-06 10:39] O:7365.50 H:7365.75 L:7364.00 C:7364.25 V:2261.0
  📈 Trend: moderate_bullish
  🗺️  Grid: 0.080% | 🔺 7368.00 🔻 7365.50
  📡 RSI: 7.7 | MACD: -0.95 | ATR: 1.80
  📊 Filled: 0 | Pending: 0
  💰 Daily P&L: $+0.00

[2026-05-06 10:40] O:7364.25 H:7366.00 L:7364.25 C:7365.25 V:2064.0
  📈 Trend: moderate_bullish (raw: strong_bearish)
  🗺️  Grid: 0.080% | 🔺 7365.75 🔻 7364.00
  📡 RSI: 17.9 | MACD: -1.10 | ATR: 1.82
  📊 Filled: 0 | Pending: 0
  💰 Daily P&L: $+0.00

[2026-05-06 10:41] O:7365.25 H:7366.00 L:7364.50 C:7364.75 V:1726.0
  📈 Trend: strong_bearish
  🗺️  Grid: 0.080% | 🔺 7366.00 🔻 7364.25
  📡 RSI: 15.0 | MACD: -1.24 | ATR: 1.80
  📊 Filled: 0 | Pending: 0
  💰 Daily P&L: $+0.00

[2026-05-06 10:42] O:7364.50 H:7365.00 L:7363.50 C:7364.50 V:3805.0
  📈 Trend: strong_bearish
  🗺️  Grid: 0.080% | 🔺 7366.00 🔻 7364.50
  📡 RSI: 15.4 | MACD: -1.36 | ATR: 1.82
  📊 Filled: 0 | Pending: 0
  💰 Daily P&L: $+0.00

[2026-05-06 10:43] O:7364.50 H:7364.50 L:7360.00 C:7360.25 V:4255.0
  📈 Trend: strong_bearish
  🗺️  Grid: 0.080% | 🔺 7365.00 🔻 7363.50
  📡 RSI: 11.8 | MACD: -1.77 | ATR: 2.02
  📊 Filled: 0 | Pending: 0
  💰 Daily P&L: $+0.00

[2026-05-06 10:44] O:7360.00 H:7366.75 L:7358.75 C:7362.75 V:12737.0
  📈 Trend: strong_bearish
  🗺️  Grid: 0.080% | 🔺 7364.50 🔻 7360.00
  📡 RSI: 27.1 | MACD: -1.88 | ATR: 2.46
  📊 Filled: 0 | Pending: 0
  💰 Daily P&L: $+0.00

[2026-05-06 10:45] O:7362.75 H:7364.50 L:7361.25 C:7363.25 V:4945.0
  📈 Trend: strong_bearish
  🗺️  Grid: 0.080% | 🔺 7366.75 🔻 7358.75
  📡 RSI: 28.3 | MACD: -1.90 | ATR: 2.61
  📊 Filled: 0 | Pending: 0
  💰 Daily P&L: $+0.00

[2026-05-06 10:46] O:7363.25 H:7365.00 L:7362.75 C:7364.50 V:2813.0
  📈 Trend: strong_bearish
  🗺️  Grid: 0.080% | 🔺 7364.50 🔻 7361.25
  📡 RSI: 34.4 | MACD: -1.80 | ATR: 2.62
  📊 Filled: 0 | Pending: 0
  💰 Daily P&L: $+0.00

[2026-05-06 10:47] O:7364.50 H:7365.50 L:7363.50 C:7364.75 V:2025.0
  📈 Trend: strong_bearish
  🗺️  Grid: 0.080% | 🔺 7365.00 🔻 7362.75
  📡 RSI: 35.9 | MACD: -1.67 | ATR: 2.62
  📊 Filled: 0 | Pending: 0
  💰 Daily P&L: $+0.00

[2026-05-06 10:48] O:7364.75 H:7366.75 L:7364.50 C:7365.50 V:2814.0
  📈 Trend: strong_bearish
  🗺️  Grid: 0.080% | 🔺 7365.50 🔻 7363.50
  📡 RSI: 38.8 | MACD: -1.50 | ATR: 2.68
  📊 Filled: 0 | Pending: 0
  💰 Daily P&L: $+0.00

[2026-05-06 10:49] O:7365.50 H:7366.00 L:7364.50 C:7364.75 V:1714.0
  📈 Trend: strong_bearish (raw: moderate_bearish)
  🗺️  Grid: 0.080% | 🔺 7366.75 🔻 7364.50
  📡 RSI: 38.8 | MACD: -1.41 | ATR: 2.62
  📊 Filled: 0 | Pending: 0
  💰 Daily P&L: $+0.00

[2026-05-06 10:50] O:7365.00 H:7365.75 L:7363.50 C:7364.00 V:2145.0
  📈 Trend: moderate_bearish
  🗺️  Grid: 0.080% | 🔺 7366.00 🔻 7364.50
  📡 RSI: 36.2 | MACD: -1.38 | ATR: 2.68
  📊 Filled: 0 | Pending: 0
  💰 Daily P&L: $+0.00

[2026-05-06 10:51] O:7364.00 H:7365.00 L:7363.25 C:7363.75 V:1786.0
  📈 Trend: moderate_bearish
  🗺️  Grid: 0.080% | 🔺 7365.75 🔻 7363.50
  📡 RSI: 41.7 | MACD: -1.36 | ATR: 2.62
  📊 Filled: 0 | Pending: 0
  💰 Daily P&L: $+0.00

[2026-05-06 10:52] O:7363.75 H:7364.25 L:7362.75 C:7363.75 V:1446.0
  📈 Trend: moderate_bearish
  🗺️  Grid: 0.080% | 🔺 7365.00 🔻 7363.25
  📡 RSI: 43.1 | MACD: -1.33 | ATR: 2.55
  📊 Filled: 0 | Pending: 0
  💰 Daily P&L: $+0.00

[2026-05-06 10:53] O:7363.50 H:7366.00 L:7363.50 C:7365.50 V:1675.0
  📈 Trend: moderate_bearish
  🗺️  Grid: 0.080% | 🔺 7364.25 🔻 7362.75
  📡 RSI: 54.2 | MACD: -1.15 | ATR: 2.61
  📊 Filled: 0 | Pending: 0
  💰 Daily P&L: $+0.00

[2026-05-06 10:54] O:7365.50 H:7367.25 L:7365.50 C:7367.00 V:1509.0
  📈 Trend: moderate_bearish
  🗺️  Grid: 0.080% | 🔺 7366.00 🔻 7363.50
  📡 RSI: 55.7 | MACD: -0.88 | ATR: 2.61
  📊 Filled: 0 | Pending: 0
  💰 Daily P&L: $+0.00

[2026-05-06 10:55] O:7367.00 H:7368.50 L:7366.75 C:7367.25 V:1987.0
  📈 Trend: moderate_bearish
  🗺️  Grid: 0.080% | 🔺 7367.25 🔻 7365.50
  📡 RSI: 58.3 | MACD: -0.63 | ATR: 2.62
  📊 Filled: 0 | Pending: 0
  💰 Daily P&L: $+0.00

[2026-05-06 10:56] O:7367.50 H:7367.75 L:7366.50 C:7367.75 V:1277.0
  📈 Trend: moderate_bearish (raw: moderate_bullish)
  🗺️  Grid: 0.080% | 🔺 7368.50 🔻 7366.75
  📡 RSI: 60.7 | MACD: -0.39 | ATR: 2.61
  📊 Filled: 0 | Pending: 0
  💰 Daily P&L: $+0.00

[2026-05-06 10:57] O:7367.75 H:7368.50 L:7366.00 C:7366.25 V:1487.0
  📈 Trend: moderate_bullish
  🗺️  Grid: 0.080% | 🔺 7367.75 🔻 7366.50
  📡 RSI: 74.0 | MACD: -0.32 | ATR: 2.46
  📊 Filled: 0 | Pending: 0
  💰 Daily P&L: $+0.00

[2026-05-06 10:58] O:7366.25 H:7367.00 L:7365.25 C:7366.75 V:1424.0
  📈 Trend: moderate_bullish
  🗺️  Grid: 0.080% | 🔺 7368.50 🔻 7366.00
  📡 RSI: 69.0 | MACD: -0.22 | ATR: 2.02
  📊 Filled: 0 | Pending: 0
  💰 Daily P&L: $+0.00

[2026-05-06 10:59] O:7366.75 H:7366.75 L:7365.50 C:7365.75 V:1197.0
  📈 Trend: moderate_bullish
  🗺️  Grid: 0.080% | 🔺 7367.00 🔻 7365.25
  📡 RSI: 61.4 | MACD: -0.22 | ATR: 1.88
  📊 Filled: 0 | Pending: 0
  💰 Daily P&L: $+0.00

[2026-05-06 11:00] O:7365.75 H:7366.00 L:7364.00 C:7364.25 V:1707.0
  📈 Trend: moderate_bullish (raw: moderate_bearish)
  🗺️  Grid: 0.080% | 🔺 7366.75 🔻 7365.50
  📡 RSI: 48.9 | MACD: -0.34 | ATR: 1.86
  📊 Filled: 0 | Pending: 0
  💰 Daily P&L: $+0.00

[2026-05-06 11:01] O:7364.25 H:7366.75 L:7364.00 C:7366.00 V:2016.0
  📈 Trend: moderate_bullish
  🗺️  Grid: 0.080% | 🔺 7366.00 🔻 7364.00
  📡 RSI: 54.9 | MACD: -0.29 | ATR: 1.91
  📊 Filled: 0 | Pending: 0
  💰 Daily P&L: $+0.00

[2026-05-06 11:02] O:7366.00 H:7367.75 L:7366.00 C:7367.75 V:1638.0
  📈 Trend: moderate_bullish
  🗺️  Grid: 0.080% | 🔺 7366.75 🔻 7364.00
  📡 RSI: 58.2 | MACD: -0.10 | ATR: 1.88
  📊 Filled: 0 | Pending: 0
  💰 Daily P&L: $+0.00

[2026-05-06 11:03] O:7367.75 H:7368.25 L:7367.00 C:7367.75 V:1719.0
  📈 Trend: moderate_bullish (raw: strong_bullish)
  🗺️  Grid: 0.080% | 🔺 7367.75 🔻 7366.00
  📡 RSI: 61.5 | MACD: 0.04 | ATR: 1.86
  📊 Filled: 0 | Pending: 0
  💰 Daily P&L: $+0.00

[2026-05-06 11:04] O:7368.00 H:7368.50 L:7367.25 C:7367.50 V:1375.0
  📈 Trend: strong_bullish
  🗺️  Grid: 0.080% | 🔺 7368.25 🔻 7367.00
  📡 RSI: 64.0 | MACD: 0.13 | ATR: 1.79
  📊 Filled: 0 | Pending: 0
  💰 Daily P&L: $+0.00

[2026-05-06 11:05] O:7367.50 H:7369.00 L:7367.50 C:7368.50 V:1502.0
  📈 Trend: strong_bullish
  🗺️  Grid: 0.080% | 🔺 7368.50 🔻 7367.25
  📡 RSI: 67.9 | MACD: 0.29 | ATR: 1.77
  📊 Filled: 0 | Pending: 0
  💰 Daily P&L: $+0.00

[2026-05-06 11:06] O:7368.50 H:7368.50 L:7366.50 C:7366.75 V:1314.0
  📈 Trend: strong_bullish
  🗺️  Grid: 0.080% | 🔺 7369.00 🔻 7367.50
  📡 RSI: 60.0 | MACD: 0.26 | ATR: 1.80
  📊 Filled: 0 | Pending: 0
  💰 Daily P&L: $+0.00

[2026-05-06 11:07] O:7366.75 H:7367.50 L:7366.50 C:7367.25 V:795.0
  📈 Trend: strong_bullish
  🗺️  Grid: 0.080% | 🔺 7368.50 🔻 7366.50
  📡 RSI: 56.4 | MACD: 0.28 | ATR: 1.70
  📊 Filled: 0 | Pending: 0
  💰 Daily P&L: $+0.00

[2026-05-06 11:08] O:7367.25 H:7367.50 L:7365.50 C:7366.00 V:1537.0
  📈 Trend: strong_bullish
  🗺️  Grid: 0.080% | 🔺 7367.50 🔻 7366.50
  📡 RSI: 46.3 | MACD: 0.19 | ATR: 1.71
  📊 Filled: 0 | Pending: 0
  💰 Daily P&L: $+0.00

[2026-05-06 11:09] O:7366.00 H:7366.00 L:7364.75 C:7365.75 V:1463.0
  📈 Trend: strong_bullish
  🗺️  Grid: 0.080% | 🔺 7367.50 🔻 7365.50
  📡 RSI: 44.4 | MACD: 0.10 | ATR: 1.68
  📊 Filled: 0 | Pending: 0
  💰 Daily P&L: $+0.00

[2026-05-06 11:10] O:7365.75 H:7367.75 L:7365.25 C:7367.25 V:1314.0
  📈 Trend: strong_bullish
  🗺️  Grid: 0.080% | 🔺 7366.00 🔻 7364.75
  📡 RSI: 48.3 | MACD: 0.15 | ATR: 1.77
  📊 Filled: 0 | Pending: 0
  💰 Daily P&L: $+0.00

[2026-05-06 11:11] O:7367.25 H:7369.00 L:7367.00 C:7368.00 V:1637.0
  📈 Trend: strong_bullish
  🗺️  Grid: 0.080% | 🔺 7367.75 🔻 7365.25
  📡 RSI: 56.4 | MACD: 0.24 | ATR: 1.73
  📊 Filled: 0 | Pending: 0
  💰 Daily P&L: $+0.00

[2026-05-06 11:12] O:7368.00 H:7368.25 L:7367.50 C:7367.50 V:731.0
  📈 Trend: strong_bullish
  🗺️  Grid: 0.080% | 🔺 7369.00 🔻 7367.00
  📡 RSI: 52.7 | MACD: 0.27 | ATR: 1.66
  📊 Filled: 0 | Pending: 0
  💰 Daily P&L: $+0.00

[2026-05-06 11:13] O:7367.75 H:7368.75 L:7367.25 C:7368.50 V:802.0
  📈 Trend: strong_bullish
  🗺️  Grid: 0.080% | 🔺 7368.25 🔻 7367.50
  📡 RSI: 60.0 | MACD: 0.37 | ATR: 1.68
  📊 Filled: 0 | Pending: 0
  💰 Daily P&L: $+0.00

[2026-05-06 11:14] O:7368.50 H:7369.25 L:7368.00 C:7368.50 V:1110.0
  📈 Trend: strong_bullish
  🗺️  Grid: 0.080% | 🔺 7368.75 🔻 7367.25
  📡 RSI: 67.3 | MACD: 0.45 | ATR: 1.62
  📊 Filled: 0 | Pending: 0
  💰 Daily P&L: $+0.00

[2026-05-06 11:15] O:7368.50 H:7369.25 L:7367.75 C:7369.00 V:1101.0
  📈 Trend: strong_bullish
  🗺️  Grid: 0.080% | 🔺 7369.25 🔻 7368.00
  📡 RSI: 63.6 | MACD: 0.54 | ATR: 1.54
  📊 Filled: 0 | Pending: 0
  💰 Daily P&L: $+0.00

[2026-05-06 11:16] O:7369.00 H:7369.50 L:7368.25 C:7368.50 V:1282.0
  📈 Trend: strong_bullish
  🗺️  Grid: 0.080% | 🔺 7369.25 🔻 7367.75
  📡 RSI: 53.8 | MACD: 0.57 | ATR: 1.50
  📊 Filled: 0 | Pending: 0
  💰 Daily P&L: $+0.00

[2026-05-06 11:17] O:7368.25 H:7369.25 L:7368.00 C:7368.75 V:903.0
  📈 Trend: strong_bullish
  🗺️  Grid: 0.080% | 🔺 7369.50 🔻 7368.25
  📡 RSI: 55.0 | MACD: 0.60 | ATR: 1.50
  📊 Filled: 0 | Pending: 0
  💰 Daily P&L: $+0.00

[2026-05-06 11:18] O:7368.75 H:7369.25 L:7367.50 C:7368.25 V:1581.0
  📈 Trend: strong_bullish
  🗺️  Grid: 0.080% | 🔺 7369.25 🔻 7368.00
  📡 RSI: 53.7 | MACD: 0.58 | ATR: 1.54
  📊 Filled: 0 | Pending: 0
  💰 Daily P&L: $+0.00

[2026-05-06 11:19] O:7368.50 H:7368.75 L:7367.50 C:7367.75 V:925.0
  📈 Trend: strong_bullish
  🗺️  Grid: 0.080% | 🔺 7369.25 🔻 7367.50
  📡 RSI: 46.2 | MACD: 0.52 | ATR: 1.52
  📊 Filled: 0 | Pending: 0
  💰 Daily P&L: $+0.00

[2026-05-06 11:20] O:7367.50 H:7368.50 L:7366.75 C:7367.25 V:1239.0
  📈 Trend: strong_bullish
  🗺️  Grid: 0.080% | 🔺 7368.75 🔻 7367.50
  📡 RSI: 52.9 | MACD: 0.43 | ATR: 1.50
  📊 Filled: 0 | Pending: 0
  💰 Daily P&L: $+0.00

[2026-05-06 11:21] O:7367.50 H:7368.75 L:7367.00 C:7368.75 V:800.0
  📈 Trend: strong_bullish
  🗺️  Grid: 0.080% | 🔺 7368.50 🔻 7366.75
  📡 RSI: 57.9 | MACD: 0.47 | ATR: 1.55
  📊 Filled: 0 | Pending: 0
  💰 Daily P&L: $+0.00

[2026-05-06 11:22] O:7368.75 H:7368.75 L:7368.00 C:7368.50 V:815.0
  📈 Trend: strong_bullish
  🗺️  Grid: 0.080% | 🔺 7368.75 🔻 7367.00
  📡 RSI: 64.7 | MACD: 0.48 | ATR: 1.46
  📊 Filled: 0 | Pending: 0
  💰 Daily P&L: $+0.00

[2026-05-06 11:23] O:7368.50 H:7368.50 L:7367.50 C:7367.75 V:640.0
  📈 Trend: strong_bullish
  🗺️  Grid: 0.080% | 🔺 7368.75 🔻 7368.00
  📡 RSI: 61.1 | MACD: 0.42 | ATR: 1.45
  📊 Filled: 0 | Pending: 0
  💰 Daily P&L: $+0.00

[2026-05-06 11:24] O:7367.75 H:7368.25 L:7367.50 C:7368.00 V:850.0
  📈 Trend: strong_bullish (raw: moderate_bullish)
  🗺️  Grid: 0.080% | 🔺 7368.50 🔻 7367.50
  📡 RSI: 54.8 | MACD: 0.38 | ATR: 1.32
  📊 Filled: 0 | Pending: 0
  💰 Daily P&L: $+0.00

[2026-05-06 11:25] O:7368.00 H:7369.75 L:7368.00 C:7369.50 V:1387.0
  📈 Trend: strong_bullish
  🗺️  Grid: 0.080% | 🔺 7368.25 🔻 7367.50
  📡 RSI: 58.8 | MACD: 0.48 | ATR: 1.30
  📊 Filled: 0 | Pending: 0
  💰 Daily P&L: $+0.00

[2026-05-06 11:26] O:7369.50 H:7369.75 L:7367.75 C:7368.00 V:1131.0
  📈 Trend: strong_bullish
  🗺️  Grid: 0.080% | 🔺 7369.75 🔻 7368.00
  📡 RSI: 52.6 | MACD: 0.42 | ATR: 1.39
  📊 Filled: 0 | Pending: 0
  💰 Daily P&L: $+0.00

[2026-05-06 11:27] O:7367.75 H:7368.25 L:7367.00 C:7368.25 V:874.0
  📈 Trend: strong_bullish
  🗺️  Grid: 0.080% | 🔺 7369.75 🔻 7367.75
  📡 RSI: 48.6 | MACD: 0.39 | ATR: 1.38
  📊 Filled: 0 | Pending: 0
  💰 Daily P&L: $+0.00

[2026-05-06 11:28] O:7368.25 H:7368.50 L:7367.00 C:7367.25 V:602.0
  📈 Trend: strong_bullish
  🗺️  Grid: 0.080% | 🔺 7368.25 🔻 7367.00
  📡 RSI: 43.6 | MACD: 0.29 | ATR: 1.39
  📊 Filled: 0 | Pending: 0
  💰 Daily P&L: $+0.00

[2026-05-06 11:29] O:7367.25 H:7367.50 L:7366.25 C:7367.00 V:1282.0
  📈 Trend: strong_bullish (raw: moderate_bullish)
  🗺️  Grid: 0.080% | 🔺 7368.50 🔻 7367.00
  📡 RSI: 39.5 | MACD: 0.18 | ATR: 1.38
  📊 Filled: 0 | Pending: 0
  💰 Daily P&L: $+0.00

[2026-05-06 11:30] O:7366.75 H:7367.50 L:7366.25 C:7366.75 V:1280.0
  📈 Trend: moderate_bullish
  🗺️  Grid: 0.080% | 🔺 7367.50 🔻 7366.25
  📡 RSI: 40.5 | MACD: 0.08 | ATR: 1.38
  📊 Filled: 0 | Pending: 0
  💰 Daily P&L: $+0.00

[2026-05-06 11:31] O:7366.50 H:7367.75 L:7366.50 C:7367.25 V:641.0
  📈 Trend: moderate_bullish
  🗺️  Grid: 0.080% | 🔺 7367.50 🔻 7366.25
  📡 RSI: 42.1 | MACD: 0.03 | ATR: 1.38
  📊 Filled: 0 | Pending: 0
  💰 Daily P&L: $+0.00

[2026-05-06 11:32] O:7367.25 H:7367.75 L:7366.50 C:7366.75 V:1106.0
  📈 Trend: moderate_bullish
  🗺️  Grid: 0.080% | 🔺 7367.75 🔻 7366.50
  📡 RSI: 42.1 | MACD: -0.04 | ATR: 1.34
  📊 Filled: 0 | Pending: 0
  💰 Daily P&L: $+0.00

[2026-05-06 11:33] O:7366.50 H:7367.00 L:7366.00 C:7366.75 V:644.0
  📈 Trend: moderate_bullish
  🗺️  Grid: 0.080% | 🔺 7367.75 🔻 7366.50
  📡 RSI: 44.4 | MACD: -0.10 | ATR: 1.32
  📊 Filled: 0 | Pending: 0
  💰 Daily P&L: $+0.00

[2026-05-06 11:34] O:7366.75 H:7367.50 L:7365.75 C:7367.00 V:1364.0
  📈 Trend: moderate_bullish
  🗺️  Grid: 0.080% | 🔺 7367.00 🔻 7366.00
  📡 RSI: 48.6 | MACD: -0.12 | ATR: 1.32
  📊 Filled: 0 | Pending: 0
  💰 Daily P&L: $+0.00

[2026-05-06 11:35] O:7366.75 H:7367.00 L:7365.75 C:7365.75 V:1279.0
  📈 Trend: moderate_bullish
  🗺️  Grid: 0.080% | 🔺 7367.50 🔻 7365.75
  📡 RSI: 32.4 | MACD: -0.24 | ATR: 1.29
  📊 Filled: 0 | Pending: 0
  💰 Daily P&L: $+0.00

[2026-05-06 11:36] O:7365.75 H:7365.75 L:7364.00 C:7365.75 V:1499.0
  📈 Trend: moderate_bullish
  🗺️  Grid: 0.080% | 🔺 7367.00 🔻 7365.75
  📡 RSI: 33.3 | MACD: -0.33 | ATR: 1.36
  📊 Filled: 0 | Pending: 0
  💰 Daily P&L: $+0.00

[2026-05-06 11:37] O:7365.50 H:7367.00 L:7365.25 C:7365.75 V:896.0
  📈 Trend: moderate_bullish
  🗺️  Grid: 0.080% | 🔺 7365.75 🔻 7364.00
  📡 RSI: 36.7 | MACD: -0.40 | ATR: 1.41
  📊 Filled: 0 | Pending: 0
  💰 Daily P&L: $+0.00

[2026-05-06 11:38] O:7365.75 H:7365.75 L:7364.75 C:7365.50 V:935.0
  📈 Trend: moderate_bullish
  🗺️  Grid: 0.080% | 🔺 7367.00 🔻 7365.25
  📡 RSI: 33.3 | MACD: -0.46 | ATR: 1.43
  📊 Filled: 0 | Pending: 0
  💰 Daily P&L: $+0.00

[2026-05-06 11:39] O:7365.50 H:7366.50 L:7365.50 C:7366.00 V:860.0
  📈 Trend: moderate_bullish
  🗺️  Grid: 0.080% | 🔺 7365.75 🔻 7364.75
  📡 RSI: 23.1 | MACD: -0.47 | ATR: 1.38
  📊 Filled: 0 | Pending: 0
  📤 Limit BUY 10 @ 7366.00 submitted (ID: 271)
  📋 Order 271 status: PreSubmitted
  ✅ Fill: BOT 3.0 @ 7365.75
  📋 Order 271 status: PreSubmitted
  📋 Order 271 status: Submitted
  ⬆️ LONG ORDER @ 7366.00 | Size: 1.00 | SL: 7357.25 | TP: 7379.25 [10cts]
     Reason: Grid Long (moderate_bullish, RSI: 23.1)
     ⏳ Order 271 PENDING - awaiting fill confirmation
  💰 Daily P&L: $+0.00
  ✅ Fill: BOT 7.0 @ 7366.0
  📋 Order 271 status: Filled
  📤 Stop-Limit SELL 10 @ stop:7358.00 / lmt:7354.00 submitted (ID: 272)
  📋 Order 272 status: PreSubmitted
  📤 Limit SELL 10 @ 7378.00 submitted (ID: 273)
  📋 Order 273 status: Submitted
  ✅ FILL CONFIRMED: LONG @ 7366.00 (order 271)
     📊 Bracket placed: SL #272 @ 7358.00 | TP #273 @ 7378.00
     Trail activates @ +6.0 pts

[2026-05-06 11:40] O:7366.00 H:7366.00 L:7364.75 C:7365.00 V:1084.0
  📈 Trend: moderate_bullish
  🗺️  Grid: 0.080% | 🔺 7366.50 🔻 7365.50
  📡 RSI: 25.0 | MACD: -0.55 | ATR: 1.32
  📊 Filled: 1 | Pending: 0
  📍 LONG @ 7366.00 | SL: 7358.00 | TP: 7378.00 | P&L: $-500.00 | +6.0 to trail
  💰 Daily P&L: $+0.00

[2026-05-06 11:41] O:7365.00 H:7366.50 L:7365.00 C:7366.25 V:662.0
  📈 Trend: moderate_bullish (raw: strong_bearish)
  🗺️  Grid: 0.080% | 🔺 7366.00 🔻 7364.75
  📡 RSI: 35.7 | MACD: -0.51 | ATR: 1.34
  📊 Filled: 1 | Pending: 0
  📍 LONG @ 7366.00 | SL: 7358.00 | TP: 7378.00 | P&L: $+125.00 | +6.0 to trail
  💰 Daily P&L: $+0.00

[2026-05-06 11:42] O:7366.00 H:7366.75 L:7365.75 C:7366.50 V:548.0
  📈 Trend: strong_bearish
  🗺️  Grid: 0.080% | 🔺 7366.50 🔻 7365.00
  📡 RSI: 44.0 | MACD: -0.45 | ATR: 1.30
  📊 Filled: 1 | Pending: 0
  📍 LONG @ 7366.00 | SL: 7358.00 | TP: 7378.00 | P&L: $+250.00 | +5.5 to trail
  💰 Daily P&L: $+0.00

[2026-05-06 11:43] O:7366.50 H:7367.50 L:7365.75 C:7365.75 V:885.0
  📈 Trend: strong_bearish
  🗺️  Grid: 0.080% | 🔺 7366.75 🔻 7365.75
  📡 RSI: 40.7 | MACD: -0.46 | ATR: 1.34
  📊 Filled: 1 | Pending: 0
  📍 LONG @ 7366.00 | SL: 7358.00 | TP: 7378.00 | P&L: $-125.00 | +5.2 to trail
  💰 Daily P&L: $+0.00

[2026-05-06 11:44] O:7365.75 H:7366.50 L:7365.00 C:7365.25 V:1072.0
  📈 Trend: strong_bearish
  🗺️  Grid: 0.080% | 🔺 7367.50 🔻 7365.75
  📡 RSI: 39.3 | MACD: -0.50 | ATR: 1.36
  📊 Filled: 1 | Pending: 0
  📍 LONG @ 7366.00 | SL: 7358.00 | TP: 7378.00 | P&L: $-375.00 | +4.5 to trail
  💰 Daily P&L: $+0.00

[2026-05-06 11:45] O:7365.50 H:7365.75 L:7363.75 C:7364.25 V:1110.0
  📈 Trend: strong_bearish
  🗺️  Grid: 0.080% | 🔺 7366.50 🔻 7365.00
  📡 RSI: 30.0 | MACD: -0.60 | ATR: 1.41
  📊 Filled: 1 | Pending: 0
  📍 LONG @ 7366.00 | SL: 7358.00 | TP: 7378.00 | P&L: $-875.00 | +4.5 to trail
  💰 Daily P&L: $+0.00

[2026-05-06 11:46] O:7364.25 H:7364.25 L:7363.00 C:7363.00 V:1645.0
  📈 Trend: strong_bearish
  🗺️  Grid: 0.080% | 🔺 7365.75 🔻 7363.75
  📡 RSI: 27.3 | MACD: -0.78 | ATR: 1.41
  📊 Filled: 1 | Pending: 0
  📍 LONG @ 7366.00 | SL: 7358.00 | TP: 7378.00 | P&L: $-1,500.00 | +4.5 to trail
  💰 Daily P&L: $+0.00

[2026-05-06 11:47] O:7363.00 H:7363.00 L:7360.75 C:7361.50 V:3035.0
  📈 Trend: strong_bearish
  🗺️  Grid: 0.080% | 🔺 7364.25 🔻 7363.00
  📡 RSI: 23.1 | MACD: -1.03 | ATR: 1.50
  📊 Filled: 1 | Pending: 0
  📍 LONG @ 7366.00 | SL: 7358.00 | TP: 7378.00 | P&L: $-2,250.00 | +4.5 to trail
  💰 Daily P&L: $+0.00

[2026-05-06 11:48] O:7361.75 H:7363.25 L:7361.25 C:7363.25 V:1839.0
  📈 Trend: strong_bearish
  🗺️  Grid: 0.080% | 🔺 7363.00 🔻 7360.75
  📡 RSI: 33.3 | MACD: -1.07 | ATR: 1.52
  📊 Filled: 1 | Pending: 0
  📍 LONG @ 7366.00 | SL: 7358.00 | TP: 7378.00 | P&L: $-1,375.00 | +4.5 to trail
  💰 Daily P&L: $+0.00

[2026-05-06 11:49] O:7363.25 H:7363.50 L:7362.50 C:7362.75 V:982.0
  📈 Trend: strong_bearish
  🗺️  Grid: 0.080% | 🔺 7363.25 🔻 7361.25
  📡 RSI: 35.7 | MACD: -1.13 | ATR: 1.50
  📊 Filled: 1 | Pending: 0
  📍 LONG @ 7366.00 | SL: 7358.00 | TP: 7378.00 | P&L: $-1,625.00 | +4.5 to trail
  💰 Daily P&L: $+0.00

[2026-05-06 11:50] O:7362.75 H:7363.50 L:7362.25 C:7362.75 V:1299.0
  📈 Trend: strong_bearish
  🗺️  Grid: 0.080% | 🔺 7363.50 🔻 7362.50
  📡 RSI: 35.7 | MACD: -1.17 | ATR: 1.46
  📊 Filled: 1 | Pending: 0
  📍 LONG @ 7366.00 | SL: 7358.00 | TP: 7378.00 | P&L: $-1,625.00 | +4.5 to trail
  💰 Daily P&L: $+0.00

[2026-05-06 11:51] O:7362.75 H:7362.75 L:7360.25 C:7360.25 V:1617.0
  📈 Trend: strong_bearish
  🗺️  Grid: 0.080% | 🔺 7363.50 🔻 7362.25
  📡 RSI: 28.8 | MACD: -1.38 | ATR: 1.52
  📊 Filled: 1 | Pending: 0
  📍 LONG @ 7366.00 | SL: 7358.00 | TP: 7378.00 | P&L: $-2,875.00 | +4.5 to trail
  💰 Daily P&L: $+0.00
  ✅ Fill: SLD 10.0 @ 7358.0
  📋 Order 272 status: Filled

[2026-05-06 11:52] O:7360.25 H:7360.25 L:7357.75 C:7359.50 V:4911.0
  📈 Trend: strong_bearish
  🗺️  Grid: 0.080% | 🔺 7362.75 🔻 7360.25
  📡 RSI: 27.8 | MACD: -1.59 | ATR: 1.62
  📊 Filled: 1 | Pending: 0
  📍 LONG @ 7366.00 | SL: 7358.00 | TP: 7378.00 | P&L: $-3,250.00 | +4.5 to trail
  📋 Order 273 status: PendingCancel
  📋 Order 273 status: Cancelled
  ❌ EXIT LONG @ 7358.00 | Stop Loss
     P&L: -8.00 pts ($-4,000.00) | Daily: $-4,000.00
  ⏸️ Cooldown: 2 bar(s) remaining after exit
  💰 Daily P&L: $-4,000.00

[2026-05-06 11:53] O:7359.75 H:7361.50 L:7359.00 C:7361.00 V:1630.0
  📈 Trend: strong_bearish
  🗺️  Grid: 0.080% | 🔺 7360.25 🔻 7357.75
  📡 RSI: 32.8 | MACD: -1.62 | ATR: 1.73
  📊 Filled: 0 | Pending: 0
  ⏸️ Cooldown: 1 bar(s) remaining after exit
  💰 Daily P&L: $-4,000.00

[2026-05-06 11:54] O:7361.25 H:7361.50 L:7358.25 C:7358.25 V:1680.0
  📈 Trend: strong_bearish
  🗺️  Grid: 0.080% | 🔺 7361.50 🔻 7359.00
  📡 RSI: 29.2 | MACD: -1.85 | ATR: 1.88
  📊 Filled: 0 | Pending: 0
  💰 Daily P&L: $-4,000.00

[2026-05-06 11:55] O:7358.25 H:7360.00 L:7357.75 C:7359.75 V:2128.0
  📈 Trend: strong_bearish
  🗺️  Grid: 0.080% | 🔺 7361.50 🔻 7358.25
  📡 RSI: 30.3 | MACD: -1.88 | ATR: 1.93
  📊 Filled: 0 | Pending: 0
  💰 Daily P&L: $-4,000.00

[2026-05-06 11:56] O:7359.75 H:7361.25 L:7359.75 C:7361.25 V:1677.0
  📈 Trend: strong_bearish
  🗺️  Grid: 0.080% | 🔺 7360.00 🔻 7357.75
  📡 RSI: 35.2 | MACD: -1.76 | ATR: 1.96
  📊 Filled: 0 | Pending: 0
  💰 Daily P&L: $-4,000.00

[2026-05-06 11:57] O:7361.25 H:7362.25 L:7356.75 C:7358.00 V:4967.0
  📈 Trend: strong_bearish
  🗺️  Grid: 0.080% | 🔺 7361.25 🔻 7359.75
  📡 RSI: 30.9 | MACD: -1.91 | ATR: 2.23
  📊 Filled: 0 | Pending: 0
  💰 Daily P&L: $-4,000.00

[2026-05-06 11:58] O:7358.00 H:7359.50 L:7354.50 C:7359.25 V:5959.0
  📈 Trend: strong_bearish
  🗺️  Grid: 0.080% | 🔺 7362.25 🔻 7356.75
  📡 RSI: 35.7 | MACD: -1.91 | ATR: 2.48
  📊 Filled: 0 | Pending: 0
  💰 Daily P&L: $-4,000.00

[2026-05-06 11:59] O:7359.25 H:7359.50 L:7358.25 C:7359.00 V:1662.0
  📈 Trend: strong_bearish
  🗺️  Grid: 0.080% | 🔺 7359.50 🔻 7354.50
  📡 RSI: 37.0 | MACD: -1.90 | ATR: 2.43
  📊 Filled: 0 | Pending: 0
  💰 Daily P&L: $-4,000.00

[2026-05-06 12:00] O:7359.25 H:7359.50 L:7355.50 C:7356.50 V:2783.0
  📈 Trend: strong_bearish
  🗺️  Grid: 0.080% | 🔺 7359.50 🔻 7358.25
  📡 RSI: 34.9 | MACD: -2.08 | ATR: 2.62
  📊 Filled: 0 | Pending: 0
  💰 Daily P&L: $-4,000.00

[2026-05-06 12:01] O:7356.50 H:7358.25 L:7356.50 C:7358.00 V:1666.0
  📈 Trend: strong_bearish
  🗺️  Grid: 0.080% | 🔺 7359.50 🔻 7355.50
  📡 RSI: 41.9 | MACD: -2.07 | ATR: 2.59
  📊 Filled: 0 | Pending: 0
  💰 Daily P&L: $-4,000.00

[2026-05-06 12:02] O:7357.75 H:7360.00 L:7357.50 C:7359.25 V:1923.0
  📈 Trend: strong_bearish
  🗺️  Grid: 0.080% | 🔺 7358.25 🔻 7356.50
  📡 RSI: 40.5 | MACD: -1.94 | ATR: 2.62
  📊 Filled: 0 | Pending: 0
  💰 Daily P&L: $-4,000.00

[2026-05-06 12:03] O:7359.25 H:7361.25 L:7358.75 C:7361.00 V:1692.0
  📈 Trend: strong_bearish (raw: moderate_bearish)
  🗺️  Grid: 0.080% | 🔺 7360.00 🔻 7357.50
  📡 RSI: 46.1 | MACD: -1.68 | ATR: 2.73
  📊 Filled: 0 | Pending: 0
  💰 Daily P&L: $-4,000.00

[2026-05-06 12:04] O:7360.75 H:7362.00 L:7360.25 C:7362.00 V:1486.0
  📈 Trend: moderate_bearish
  🗺️  Grid: 0.080% | 🔺 7361.25 🔻 7358.75
  📡 RSI: 48.4 | MACD: -1.37 | ATR: 2.77
  📊 Filled: 0 | Pending: 0
  💰 Daily P&L: $-4,000.00

[2026-05-06 12:05] O:7362.00 H:7362.75 L:7361.25 C:7362.75 V:1307.0
  📈 Trend: moderate_bearish
  🗺️  Grid: 0.080% | 🔺 7362.00 🔻 7360.25
  📡 RSI: 55.8 | MACD: -1.06 | ATR: 2.70
  📊 Filled: 0 | Pending: 0
  💰 Daily P&L: $-4,000.00

[2026-05-06 12:06] O:7362.75 H:7362.75 L:7361.25 C:7362.00 V:1020.0
  📈 Trend: moderate_bearish (raw: moderate_bullish)
  🗺️  Grid: 0.080% | 🔺 7362.75 🔻 7361.25
  📡 RSI: 55.8 | MACD: -0.86 | ATR: 2.62
  📊 Filled: 0 | Pending: 0
  💰 Daily P&L: $-4,000.00

[2026-05-06 12:07] O:7361.75 H:7364.00 L:7361.75 C:7364.00 V:1328.0
  📈 Trend: moderate_bullish
  🗺️  Grid: 0.080% | 🔺 7362.75 🔻 7361.25
  📡 RSI: 56.8 | MACD: -0.54 | ATR: 2.61
  📊 Filled: 0 | Pending: 0
  💰 Daily P&L: $-4,000.00

[2026-05-06 12:08] O:7364.00 H:7365.25 L:7363.75 C:7364.50 V:1733.0
  📈 Trend: moderate_bullish
  🗺️  Grid: 0.080% | 🔺 7364.00 🔻 7361.75
  📡 RSI: 65.8 | MACD: -0.24 | ATR: 2.48
  📊 Filled: 0 | Pending: 0
  💰 Daily P&L: $-4,000.00

[2026-05-06 12:09] O:7364.25 H:7364.75 L:7363.50 C:7364.00 V:970.0
  📈 Trend: moderate_bullish
  🗺️  Grid: 0.080% | 🔺 7365.25 🔻 7363.75
  📡 RSI: 61.3 | MACD: -0.04 | ATR: 2.41
  📊 Filled: 0 | Pending: 0
  💰 Daily P&L: $-4,000.00

[2026-05-06 12:10] O:7364.00 H:7366.75 L:7364.00 C:7365.75 V:3437.0
  📈 Trend: moderate_bullish (raw: strong_bullish)
  🗺️  Grid: 0.080% | 🔺 7364.75 🔻 7363.50
  📡 RSI: 61.8 | MACD: 0.26 | ATR: 2.50
  📊 Filled: 0 | Pending: 0
  💰 Daily P&L: $-4,000.00

[2026-05-06 12:11] O:7366.00 H:7366.75 L:7364.25 C:7364.50 V:1488.0
  📈 Trend: strong_bullish
  🗺️  Grid: 0.080% | 🔺 7366.75 🔻 7364.00
  📡 RSI: 69.1 | MACD: 0.39 | ATR: 2.29
  📊 Filled: 0 | Pending: 0
  💰 Daily P&L: $-4,000.00

[2026-05-06 12:12] O:7364.50 H:7365.50 L:7364.25 C:7365.25 V:1194.0
  📈 Trend: strong_bullish
  🗺️  Grid: 0.080% | 🔺 7366.75 🔻 7364.25
  📡 RSI: 68.2 | MACD: 0.54 | ATR: 2.02
  📊 Filled: 0 | Pending: 0
  💰 Daily P&L: $-4,000.00

[2026-05-06 12:13] O:7365.00 H:7365.25 L:7363.25 C:7365.00 V:1354.0
  📈 Trend: strong_bullish
  🗺️  Grid: 0.080% | 🔺 7365.50 🔻 7364.25
  📡 RSI: 68.2 | MACD: 0.64 | ATR: 2.07
  📊 Filled: 0 | Pending: 0
  💰 Daily P&L: $-4,000.00

[2026-05-06 12:14] O:7365.00 H:7365.75 L:7364.25 C:7364.50 V:877.0
  📈 Trend: strong_bullish
  🗺️  Grid: 0.080% | 🔺 7365.25 🔻 7363.25
  📡 RSI: 77.6 | MACD: 0.67 | ATR: 1.89
  📊 Filled: 0 | Pending: 0
  💰 Daily P&L: $-4,000.00

[2026-05-06 12:15] O:7364.50 H:7366.00 L:7364.25 C:7364.50 V:914.0
  📈 Trend: strong_bullish
  🗺️  Grid: 0.080% | 🔺 7365.75 🔻 7364.25
  📡 RSI: 75.0 | MACD: 0.68 | ATR: 1.89
  📊 Filled: 0 | Pending: 0
  💰 Daily P&L: $-4,000.00

[2026-05-06 12:16] O:7364.75 H:7365.00 L:7363.00 C:7363.50 V:1362.0
  📈 Trend: strong_bullish
  🗺️  Grid: 0.080% | 🔺 7366.00 🔻 7364.25
  📡 RSI: 66.7 | MACD: 0.61 | ATR: 1.86
  📊 Filled: 0 | Pending: 0
  💰 Daily P&L: $-4,000.00

[2026-05-06 12:17] O:7363.75 H:7364.75 L:7363.00 C:7364.00 V:1208.0
  📈 Trend: strong_bullish
  🗺️  Grid: 0.080% | 🔺 7365.00 🔻 7363.00
  📡 RSI: 63.0 | MACD: 0.58 | ATR: 1.80
  📊 Filled: 0 | Pending: 0
  💰 Daily P&L: $-4,000.00

[2026-05-06 12:18] O:7364.00 H:7365.25 L:7363.75 C:7364.75 V:869.0
  📈 Trend: strong_bullish (raw: moderate_bullish)
  🗺️  Grid: 0.080% | 🔺 7364.75 🔻 7363.00
  📡 RSI: 62.2 | MACD: 0.61 | ATR: 1.79
  📊 Filled: 0 | Pending: 0
  💰 Daily P&L: $-4,000.00

[2026-05-06 12:19] O:7365.00 H:7365.75 L:7364.75 C:7365.00 V:826.0
  📈 Trend: moderate_bullish
  🗺️  Grid: 0.080% | 🔺 7365.25 🔻 7363.75
  📡 RSI: 60.5 | MACD: 0.65 | ATR: 1.75
  📊 Filled: 0 | Pending: 0
  💰 Daily P&L: $-4,000.00

[2026-05-06 12:20] O:7365.00 H:7365.75 L:7364.50 C:7365.25 V:1092.0
  📈 Trend: moderate_bullish (raw: strong_bullish)
  🗺️  Grid: 0.080% | 🔺 7365.75 🔻 7364.75
  📡 RSI: 65.9 | MACD: 0.69 | ATR: 1.73
  📊 Filled: 0 | Pending: 0
  💰 Daily P&L: $-4,000.00

[2026-05-06 12:21] O:7365.25 H:7366.75 L:7365.00 C:7366.50 V:1194.0
  📈 Trend: strong_bullish
  🗺️  Grid: 0.080% | 🔺 7365.75 🔻 7364.50
  📡 RSI: 63.2 | MACD: 0.82 | ATR: 1.70
  📊 Filled: 0 | Pending: 0
  💰 Daily P&L: $-4,000.00

[2026-05-06 12:22] O:7366.75 H:7367.00 L:7365.75 C:7366.50 V:1235.0
  📈 Trend: strong_bullish
  🗺️  Grid: 0.080% | 🔺 7366.75 🔻 7365.00
  📡 RSI: 61.1 | MACD: 0.91 | ATR: 1.68
  📊 Filled: 0 | Pending: 0
  💰 Daily P&L: $-4,000.00

[2026-05-06 12:23] O:7366.75 H:7367.75 L:7366.50 C:7367.00 V:935.0
  📈 Trend: strong_bullish
  🗺️  Grid: 0.080% | 🔺 7367.00 🔻 7365.75
  📡 RSI: 66.7 | MACD: 1.01 | ATR: 1.68
  📊 Filled: 0 | Pending: 0
  💰 Daily P&L: $-4,000.00

[2026-05-06 12:24] O:7367.00 H:7367.25 L:7365.25 C:7365.75 V:905.0
  📈 Trend: strong_bullish
  🗺️  Grid: 0.080% | 🔺 7367.75 🔻 7366.50
  📡 RSI: 50.0 | MACD: 0.97 | ATR: 1.62
  📊 Filled: 0 | Pending: 0
  💰 Daily P&L: $-4,000.00

[2026-05-06 12:25] O:7366.00 H:7366.00 L:7364.50 C:7365.00 V:990.0
  📈 Trend: strong_bullish
  🗺️  Grid: 0.080% | 🔺 7367.25 🔻 7365.25
  📡 RSI: 53.1 | MACD: 0.87 | ATR: 1.55
  📊 Filled: 0 | Pending: 0
  💰 Daily P&L: $-4,000.00

[2026-05-06 12:26] O:7365.25 H:7365.50 L:7364.50 C:7364.50 V:732.0
  📈 Trend: strong_bullish (raw: moderate_bullish)
  🗺️  Grid: 0.080% | 🔺 7366.00 🔻 7364.50
  📡 RSI: 45.2 | MACD: 0.75 | ATR: 1.54
  📊 Filled: 0 | Pending: 0
  💰 Daily P&L: $-4,000.00

[2026-05-06 12:27] O:7364.50 H:7365.75 L:7364.50 C:7365.50 V:645.0
  📈 Trend: moderate_bullish
  🗺️  Grid: 0.080% | 🔺 7365.50 🔻 7364.50
  📡 RSI: 52.9 | MACD: 0.72 | ATR: 1.48
  📊 Filled: 0 | Pending: 0
  💰 Daily P&L: $-4,000.00

[2026-05-06 12:28] O:7365.50 H:7366.75 L:7365.50 C:7365.75 V:824.0
  📈 Trend: moderate_bullish
  🗺️  Grid: 0.080% | 🔺 7365.75 🔻 7364.50
  📡 RSI: 57.6 | MACD: 0.71 | ATR: 1.46
  📊 Filled: 0 | Pending: 0
  💰 Daily P&L: $-4,000.00

[2026-05-06 12:29] O:7365.75 H:7366.50 L:7365.50 C:7366.00 V:953.0
  📈 Trend: moderate_bullish
  🗺️  Grid: 0.080% | 🔺 7366.75 🔻 7365.50
  📡 RSI: 58.8 | MACD: 0.72 | ATR: 1.41
  📊 Filled: 0 | Pending: 0
  💰 Daily P&L: $-4,000.00

[2026-05-06 12:30] O:7366.00 H:7367.50 L:7365.75 C:7366.75 V:1025.0
  📈 Trend: moderate_bullish (raw: strong_bullish)
  🗺️  Grid: 0.080% | 🔺 7366.50 🔻 7365.50
  📡 RSI: 69.7 | MACD: 0.77 | ATR: 1.39
  📊 Filled: 0 | Pending: 0
  💰 Daily P&L: $-4,000.00

[2026-05-06 12:31] O:7366.75 H:7368.25 L:7366.75 C:7367.50 V:1229.0
  📈 Trend: strong_bullish
  🗺️  Grid: 0.080% | 🔺 7367.50 🔻 7365.75
  📡 RSI: 70.6 | MACD: 0.86 | ATR: 1.38
  📊 Filled: 0 | Pending: 0
  💰 Daily P&L: $-4,000.00

[2026-05-06 12:32] O:7367.75 H:7368.25 L:7367.25 C:7368.00 V:642.0
  📈 Trend: strong_bullish
  🗺️  Grid: 0.080% | 🔺 7368.25 🔻 7366.75
  📡 RSI: 69.7 | MACD: 0.97 | ATR: 1.34
  📊 Filled: 0 | Pending: 0
  💰 Daily P&L: $-4,000.00

[2026-05-06 12:33] O:7368.00 H:7368.25 L:7367.25 C:7367.50 V:545.0
  📈 Trend: strong_bullish
  🗺️  Grid: 0.080% | 🔺 7368.25 🔻 7367.25
  📡 RSI: 64.7 | MACD: 1.00 | ATR: 1.34
  📊 Filled: 0 | Pending: 0
  💰 Daily P&L: $-4,000.00

[2026-05-06 12:34] O:7367.50 H:7367.75 L:7366.75 C:7366.75 V:618.0
  📈 Trend: strong_bullish
  🗺️  Grid: 0.080% | 🔺 7368.25 🔻 7367.25
  📡 RSI: 58.3 | MACD: 0.95 | ATR: 1.32
  📊 Filled: 0 | Pending: 0
  💰 Daily P&L: $-4,000.00

[2026-05-06 12:35] O:7366.75 H:7367.50 L:7365.75 C:7367.00 V:1228.0
  📈 Trend: strong_bullish
  🗺️  Grid: 0.080% | 🔺 7367.75 🔻 7366.75
  📡 RSI: 53.1 | MACD: 0.92 | ATR: 1.32
  📊 Filled: 0 | Pending: 0
  💰 Daily P&L: $-4,000.00

[2026-05-06 12:36] O:7367.00 H:7368.75 L:7367.00 C:7367.75 V:1110.0
  📈 Trend: strong_bullish
  🗺️  Grid: 0.080% | 🔺 7367.50 🔻 7365.75
  📡 RSI: 57.1 | MACD: 0.95 | ATR: 1.36
  📊 Filled: 0 | Pending: 0
  💰 Daily P&L: $-4,000.00

[2026-05-06 12:37] O:7368.00 H:7368.25 L:7367.50 C:7367.75 V:626.0
  📈 Trend: strong_bullish
  🗺️  Grid: 0.080% | 🔺 7368.75 🔻 7367.00
  📡 RSI: 54.5 | MACD: 0.96 | ATR: 1.32
  📊 Filled: 0 | Pending: 0
  💰 Daily P&L: $-4,000.00

[2026-05-06 12:38] O:7367.75 H:7368.00 L:7366.50 C:7366.75 V:830.0
  📈 Trend: strong_bullish (raw: moderate_bullish)
  🗺️  Grid: 0.080% | 🔺 7368.25 🔻 7367.50
  📡 RSI: 56.2 | MACD: 0.88 | ATR: 1.29
  📊 Filled: 0 | Pending: 0
  💰 Daily P&L: $-4,000.00

[2026-05-06 12:39] O:7366.75 H:7367.00 L:7365.75 C:7365.75 V:570.0
  📈 Trend: moderate_bullish
  🗺️  Grid: 0.080% | 🔺 7368.00 🔻 7366.50
  📡 RSI: 54.5 | MACD: 0.72 | ATR: 1.27
  📊 Filled: 0 | Pending: 0
  💰 Daily P&L: $-4,000.00

[2026-05-06 12:40] O:7366.00 H:7366.00 L:7364.75 C:7365.50 V:1276.0
  📈 Trend: moderate_bullish (raw: moderate_bearish)
  🗺️  Grid: 0.080% | 🔺 7367.00 🔻 7365.75
  📡 RSI: 56.2 | MACD: 0.58 | ATR: 1.29
  📊 Filled: 0 | Pending: 0
  💰 Daily P&L: $-4,000.00

[2026-05-06 12:41] O:7365.50 H:7366.00 L:7365.25 C:7366.00 V:719.0
  📈 Trend: moderate_bearish
  🗺️  Grid: 0.080% | 🔺 7366.00 🔻 7364.75
  📡 RSI: 53.3 | MACD: 0.49 | ATR: 1.25
  📊 Filled: 0 | Pending: 0
  💰 Daily P&L: $-4,000.00

[2026-05-06 12:42] O:7366.00 H:7367.00 L:7365.75 C:7366.00 V:1329.0
  📈 Trend: moderate_bearish
  🗺️  Grid: 0.080% | 🔺 7366.00 🔻 7365.25
  📡 RSI: 51.7 | MACD: 0.42 | ATR: 1.25
  📊 Filled: 0 | Pending: 0
  💰 Daily P&L: $-4,000.00

[2026-05-06 12:43] O:7366.25 H:7367.50 L:7366.25 C:7367.00 V:878.0
  📈 Trend: moderate_bearish (raw: moderate_bullish)
  🗺️  Grid: 0.080% | 🔺 7367.00 🔻 7365.75
  📡 RSI: 56.2 | MACD: 0.44 | ATR: 1.29
  📊 Filled: 0 | Pending: 0
  💰 Daily P&L: $-4,000.00

[2026-05-06 12:44] O:7367.25 H:7368.25 L:7367.25 C:7368.25 V:1089.0
  📈 Trend: moderate_bullish
  🗺️  Grid: 0.080% | 🔺 7367.50 🔻 7366.25
  📡 RSI: 58.8 | MACD: 0.55 | ATR: 1.25
  📊 Filled: 0 | Pending: 0
  💰 Daily P&L: $-4,000.00

[2026-05-06 12:45] O:7368.25 H:7368.75 L:7368.25 C:7368.50 V:688.0
  📈 Trend: moderate_bullish (raw: strong_bullish)
  🗺️  Grid: 0.080% | 🔺 7368.25 🔻 7367.25
  📡 RSI: 56.2 | MACD: 0.65 | ATR: 1.18
  📊 Filled: 0 | Pending: 0
  💰 Daily P&L: $-4,000.00

[2026-05-06 12:46] O:7368.50 H:7368.75 L:7367.75 C:7368.00 V:723.0
  📈 Trend: strong_bullish
  🗺️  Grid: 0.080% | 🔺 7368.75 🔻 7368.25
  📡 RSI: 50.0 | MACD: 0.68 | ATR: 1.18
  📊 Filled: 0 | Pending: 0
  💰 Daily P&L: $-4,000.00

[2026-05-06 12:47] O:7368.00 H:7369.00 L:7367.50 C:7368.25 V:983.0
  📈 Trend: strong_bullish
  🗺️  Grid: 0.080% | 🔺 7368.75 🔻 7367.75
  📡 RSI: 54.8 | MACD: 0.72 | ATR: 1.21
  📊 Filled: 0 | Pending: 0
  💰 Daily P&L: $-4,000.00

[2026-05-06 12:48] O:7368.25 H:7369.50 L:7368.00 C:7368.50 V:897.0
  📈 Trend: strong_bullish
  🗺️  Grid: 0.080% | 🔺 7369.00 🔻 7367.50
  📡 RSI: 62.1 | MACD: 0.76 | ATR: 1.25
  📊 Filled: 0 | Pending: 0
  💰 Daily P&L: $-4,000.00

[2026-05-06 12:49] O:7368.50 H:7368.75 L:7368.00 C:7368.00 V:536.0
  📈 Trend: strong_bullish
  🗺️  Grid: 0.080% | 🔺 7369.50 🔻 7368.00
  📡 RSI: 56.7 | MACD: 0.74 | ATR: 1.18
  📊 Filled: 0 | Pending: 0
  💰 Daily P&L: $-4,000.00

[2026-05-06 12:50] O:7368.00 H:7368.25 L:7367.25 C:7367.50 V:771.0
  📈 Trend: strong_bullish (raw: moderate_bearish)
  🗺️  Grid: 0.080% | 🔺 7368.75 🔻 7368.00
  📡 RSI: 48.3 | MACD: 0.68 | ATR: 1.12
  📊 Filled: 0 | Pending: 0
  💰 Daily P&L: $-4,000.00

[2026-05-06 12:51] O:7367.50 H:7368.75 L:7367.50 C:7368.50 V:705.0
  📈 Trend: strong_bullish
  🗺️  Grid: 0.080% | 🔺 7368.25 🔻 7367.25
  📡 RSI: 54.5 | MACD: 0.70 | ATR: 1.16
  📊 Filled: 0 | Pending: 0
  💰 Daily P&L: $-4,000.00

[2026-05-06 12:52] O:7368.50 H:7369.75 L:7368.25 C:7369.50 V:935.0
  📈 Trend: strong_bullish
  🗺️  Grid: 0.080% | 🔺 7368.75 🔻 7367.50
  📡 RSI: 66.7 | MACD: 0.79 | ATR: 1.16
  📊 Filled: 0 | Pending: 0
  💰 Daily P&L: $-4,000.00

[2026-05-06 12:53] O:7369.50 H:7370.00 L:7369.00 C:7369.25 V:722.0
  📈 Trend: strong_bullish
  🗺️  Grid: 0.080% | 🔺 7369.75 🔻 7368.25
  📡 RSI: 73.3 | MACD: 0.83 | ATR: 1.14
  📊 Filled: 0 | Pending: 0
  💰 Daily P&L: $-4,000.00

[2026-05-06 12:54] O:7369.50 H:7369.75 L:7369.00 C:7369.25 V:651.0
  📈 Trend: strong_bullish
  🗺️  Grid: 0.080% | 🔺 7370.00 🔻 7369.00
  📡 RSI: 75.9 | MACD: 0.86 | ATR: 1.11
  📊 Filled: 0 | Pending: 0
  💰 Daily P&L: $-4,000.00

[2026-05-06 12:55] O:7369.25 H:7369.75 L:7368.75 C:7369.00 V:727.0
  📈 Trend: strong_bullish
  🗺️  Grid: 0.080% | 🔺 7369.75 🔻 7369.00
  📡 RSI: 71.4 | MACD: 0.85 | ATR: 1.12
  📊 Filled: 0 | Pending: 0
  💰 Daily P&L: $-4,000.00

[2026-05-06 12:56] O:7369.25 H:7370.25 L:7369.00 C:7369.75 V:847.0
  📈 Trend: strong_bullish
  🗺️  Grid: 0.080% | 🔺 7369.75 🔻 7368.75
  📡 RSI: 74.2 | MACD: 0.89 | ATR: 1.12
  📊 Filled: 0 | Pending: 0
  💰 Daily P&L: $-4,000.00

[2026-05-06 12:57] O:7370.00 H:7370.50 L:7369.75 C:7370.25 V:729.0
  📈 Trend: strong_bullish
  🗺️  Grid: 0.080% | 🔺 7370.25 🔻 7369.00
  📡 RSI: 72.4 | MACD: 0.95 | ATR: 1.07
  📊 Filled: 0 | Pending: 0
  💰 Daily P&L: $-4,000.00

[2026-05-06 12:58] O:7370.25 H:7370.50 L:7369.50 C:7370.25 V:599.0
  📈 Trend: strong_bullish
  🗺️  Grid: 0.080% | 🔺 7370.50 🔻 7369.75
  📡 RSI: 66.7 | MACD: 0.99 | ATR: 1.05
  📊 Filled: 0 | Pending: 0
  💰 Daily P&L: $-4,000.00

[2026-05-06 12:59] O:7370.25 H:7371.00 L:7370.00 C:7371.00 V:1209.0
  📈 Trend: strong_bullish
  🗺️  Grid: 0.080% | 🔺 7370.50 🔻 7369.50
  📡 RSI: 69.2 | MACD: 1.07 | ATR: 1.09
  📊 Filled: 0 | Pending: 0
  💰 Daily P&L: $-4,000.00

[2026-05-06 13:00] O:7371.00 H:7371.75 L:7370.75 C:7371.25 V:1561.0
  📈 Trend: strong_bullish
  🗺️  Grid: 0.080% | 🔺 7371.00 🔻 7370.00
  📡 RSI: 76.0 | MACD: 1.13 | ATR: 1.09
  📊 Filled: 0 | Pending: 0
  💰 Daily P&L: $-4,000.00

[2026-05-06 13:01] O:7371.50 H:7372.75 L:7371.00 C:7372.25 V:2492.0
  📈 Trend: strong_bullish
  🗺️  Grid: 0.080% | 🔺 7371.75 🔻 7370.75
  📡 RSI: 78.6 | MACD: 1.26 | ATR: 1.11
  📊 Filled: 0 | Pending: 0
  💰 Daily P&L: $-4,000.00

[2026-05-06 13:02] O:7372.25 H:7372.25 L:7369.75 C:7370.00 V:3142.0
  📈 Trend: strong_bullish
  🗺️  Grid: 0.080% | 🔺 7372.75 🔻 7371.00
  📡 RSI: 58.3 | MACD: 1.16 | ATR: 1.18
  📊 Filled: 0 | Pending: 0
  💰 Daily P&L: $-4,000.00

[2026-05-06 13:03] O:7370.25 H:7371.50 L:7370.00 C:7371.00 V:1426.0
  📈 Trend: strong_bullish
  🗺️  Grid: 0.080% | 🔺 7372.25 🔻 7369.75
  📡 RSI: 65.8 | MACD: 1.15 | ATR: 1.23
  📊 Filled: 0 | Pending: 0
  💰 Daily P&L: $-4,000.00

[2026-05-06 13:04] O:7371.25 H:7372.00 L:7371.00 C:7371.75 V:1126.0
  📈 Trend: strong_bullish
  🗺️  Grid: 0.080% | 🔺 7371.50 🔻 7370.00
  📡 RSI: 71.8 | MACD: 1.18 | ATR: 1.23
  📊 Filled: 0 | Pending: 0
  💰 Daily P&L: $-4,000.00

[2026-05-06 13:05] O:7371.75 H:7373.75 L:7371.50 C:7373.00 V:2473.0
  📈 Trend: strong_bullish
  🗺️  Grid: 0.080% | 🔺 7372.00 🔻 7371.00
  📡 RSI: 72.5 | MACD: 1.30 | ATR: 1.30
  📊 Filled: 0 | Pending: 0
  💰 Daily P&L: $-4,000.00

[2026-05-06 13:06] O:7373.00 H:7374.00 L:7373.00 C:7373.75 V:1260.0
  📈 Trend: strong_bullish
  🗺️  Grid: 0.080% | 🔺 7373.75 🔻 7371.50
  📡 RSI: 71.8 | MACD: 1.44 | ATR: 1.27
  📊 Filled: 0 | Pending: 0
  💰 Daily P&L: $-4,000.00

[2026-05-06 13:07] O:7374.00 H:7374.25 L:7372.75 C:7373.50 V:1665.0
  📈 Trend: strong_bullish
  🗺️  Grid: 0.080% | 🔺 7374.00 🔻 7373.00
  📡 RSI: 71.8 | MACD: 1.51 | ATR: 1.30
  📊 Filled: 0 | Pending: 0
  💰 Daily P&L: $-4,000.00

[2026-05-06 13:08] O:7373.50 H:7374.25 L:7373.50 C:7373.75 V:1352.0
  📈 Trend: strong_bullish
  🗺️  Grid: 0.080% | 🔺 7374.25 🔻 7372.75
  📡 RSI: 72.5 | MACD: 1.56 | ATR: 1.30
  📊 Filled: 0 | Pending: 0
  💰 Daily P&L: $-4,000.00

[2026-05-06 13:09] O:7373.75 H:7375.00 L:7373.50 C:7374.75 V:2600.0
  📈 Trend: strong_bullish
  🗺️  Grid: 0.080% | 🔺 7374.25 🔻 7373.50
  📡 RSI: 76.7 | MACD: 1.67 | ATR: 1.34
  📊 Filled: 0 | Pending: 0
  💰 Daily P&L: $-4,000.00

[2026-05-06 13:10] O:7374.75 H:7375.50 L:7373.75 C:7375.00 V:3111.0
  📈 Trend: strong_bullish
  🗺️  Grid: 0.080% | 🔺 7375.00 🔻 7373.50
  📡 RSI: 75.6 | MACD: 1.76 | ATR: 1.38
  📊 Filled: 0 | Pending: 0
  💰 Daily P&L: $-4,000.00

[2026-05-06 13:11] O:7375.00 H:7375.50 L:7374.25 C:7374.25 V:1374.0
  📈 Trend: strong_bullish
  🗺️  Grid: 0.080% | 🔺 7375.50 🔻 7373.75
  📡 RSI: 69.0 | MACD: 1.74 | ATR: 1.41
  📊 Filled: 0 | Pending: 0
  💰 Daily P&L: $-4,000.00

[2026-05-06 13:12] O:7374.50 H:7375.00 L:7373.00 C:7373.75 V:2000.0
  📈 Trend: strong_bullish
  🗺️  Grid: 0.080% | 🔺 7375.50 🔻 7374.25
  📡 RSI: 65.9 | MACD: 1.67 | ATR: 1.48
  📊 Filled: 0 | Pending: 0
  💰 Daily P&L: $-4,000.00

[2026-05-06 13:13] O:7373.75 H:7374.25 L:7373.00 C:7374.00 V:1138.0
  📈 Trend: strong_bullish
  🗺️  Grid: 0.080% | 🔺 7375.00 🔻 7373.00
  📡 RSI: 64.3 | MACD: 1.62 | ATR: 1.50
  📊 Filled: 0 | Pending: 0
  💰 Daily P&L: $-4,000.00

[2026-05-06 13:14] O:7374.25 H:7375.25 L:7373.75 C:7374.50 V:1123.0
  📈 Trend: strong_bullish
  🗺️  Grid: 0.080% | 🔺 7374.25 🔻 7373.00
  📡 RSI: 65.1 | MACD: 1.60 | ATR: 1.54
  📊 Filled: 0 | Pending: 0
  💰 Daily P&L: $-4,000.00

[2026-05-06 13:15] O:7374.75 H:7377.25 L:7374.50 C:7376.75 V:2747.0
  📈 Trend: strong_bullish
  🗺️  Grid: 0.080% | 🔺 7375.25 🔻 7373.75
  📡 RSI: 68.8 | MACD: 1.74 | ATR: 1.61
  📊 Filled: 0 | Pending: 0
  💰 Daily P&L: $-4,000.00

[2026-05-06 13:16] O:7377.00 H:7378.75 L:7376.50 C:7378.25 V:2869.0
  📈 Trend: strong_bullish
  🗺️  Grid: 0.080% | 🔺 7377.25 🔻 7374.50
  📡 RSI: 86.7 | MACD: 1.96 | ATR: 1.59
  📊 Filled: 0 | Pending: 0
  💰 Daily P&L: $-4,000.00

[2026-05-06 13:17] O:7378.50 H:7379.75 L:7378.00 C:7379.50 V:2575.0
  📈 Trend: strong_bullish
  🗺️  Grid: 0.080% | 🔺 7378.75 🔻 7376.50
  📡 RSI: 87.0 | MACD: 2.20 | ATR: 1.61
  📊 Filled: 0 | Pending: 0
  💰 Daily P&L: $-4,000.00

[2026-05-06 13:18] O:7379.75 H:7380.00 L:7379.00 C:7379.50 V:3053.0
  📈 Trend: strong_bullish
  🗺️  Grid: 0.080% | 🔺 7379.75 🔻 7378.00
  📡 RSI: 86.0 | MACD: 2.37 | ATR: 1.61
  📊 Filled: 0 | Pending: 0
  💰 Daily P&L: $-4,000.00

[2026-05-06 13:19] O:7379.75 H:7380.00 L:7378.25 C:7378.50 V:2125.0
  📈 Trend: strong_bullish
  🗺️  Grid: 0.080% | 🔺 7380.00 🔻 7379.00
  📡 RSI: 76.2 | MACD: 2.39 | ATR: 1.57
  📊 Filled: 0 | Pending: 0
  💰 Daily P&L: $-4,000.00

[2026-05-06 13:20] O:7378.75 H:7379.50 L:7378.50 C:7378.50 V:2049.0
  📈 Trend: strong_bullish
  🗺️  Grid: 0.080% | 🔺 7380.00 🔻 7378.25
  📡 RSI: 74.4 | MACD: 2.38 | ATR: 1.57
  📊 Filled: 0 | Pending: 0
  💰 Daily P&L: $-4,000.00

[2026-05-06 13:21] O:7378.75 H:7380.50 L:7378.25 C:7380.00 V:2540.0
  📈 Trend: strong_bullish
  🗺️  Grid: 0.080% | 🔺 7379.50 🔻 7378.50
  📡 RSI: 79.5 | MACD: 2.47 | ATR: 1.62
  📊 Filled: 0 | Pending: 0
  💰 Daily P&L: $-4,000.00

[2026-05-06 13:22] O:7380.25 H:7380.75 L:7379.50 C:7380.50 V:1680.0
  📈 Trend: strong_bullish
  🗺️  Grid: 0.080% | 🔺 7380.50 🔻 7378.25
  📡 RSI: 80.0 | MACD: 2.55 | ATR: 1.66
  📊 Filled: 0 | Pending: 0
  💰 Daily P&L: $-4,000.00

[2026-05-06 13:23] O:7380.75 H:7381.75 L:7380.00 C:7381.25 V:1905.0
  📈 Trend: strong_bullish
  🗺️  Grid: 0.080% | 🔺 7380.75 🔻 7379.50
  📡 RSI: 79.5 | MACD: 2.64 | ATR: 1.68
  📊 Filled: 0 | Pending: 0
  💰 Daily P&L: $-4,000.00

[2026-05-06 13:24] O:7381.50 H:7381.75 L:7380.25 C:7380.50 V:1741.0
  📈 Trend: strong_bullish
  🗺️  Grid: 0.080% | 🔺 7381.75 🔻 7380.00
  📡 RSI: 73.9 | MACD: 2.62 | ATR: 1.66
  📊 Filled: 0 | Pending: 0
  💰 Daily P&L: $-4,000.00

[2026-05-06 13:25] O:7380.50 H:7380.75 L:7379.25 C:7380.50 V:2013.0
  📈 Trend: strong_bullish
  🗺️  Grid: 0.080% | 🔺 7381.75 🔻 7380.25
  📡 RSI: 79.1 | MACD: 2.58 | ATR: 1.68
  📊 Filled: 0 | Pending: 0
  💰 Daily P&L: $-4,000.00

[2026-05-06 13:26] O:7380.50 H:7380.75 L:7379.50 C:7380.00 V:1585.0
  📈 Trend: strong_bullish
  🗺️  Grid: 0.080% | 🔺 7380.75 🔻 7379.25
  📡 RSI: 79.1 | MACD: 2.48 | ATR: 1.62
  📊 Filled: 0 | Pending: 0
  💰 Daily P&L: $-4,000.00

[2026-05-06 13:27] O:7380.25 H:7381.25 L:7379.75 C:7380.00 V:1666.0
  📈 Trend: strong_bullish
  🗺️  Grid: 0.080% | 🔺 7380.75 🔻 7379.50
  📡 RSI: 78.6 | MACD: 2.37 | ATR: 1.64
  📊 Filled: 0 | Pending: 0
  💰 Daily P&L: $-4,000.00

[2026-05-06 13:28] O:7380.00 H:7381.00 L:7380.00 C:7380.75 V:1272.0
  📈 Trend: strong_bullish
  🗺️  Grid: 0.080% | 🔺 7381.25 🔻 7379.75
  📡 RSI: 79.1 | MACD: 2.31 | ATR: 1.61
  📊 Filled: 0 | Pending: 0
  💰 Daily P&L: $-4,000.00

[2026-05-06 13:29] O:7381.00 H:7381.00 L:7380.00 C:7380.00 V:1062.0
  📈 Trend: strong_bullish
  🗺️  Grid: 0.080% | 🔺 7381.00 🔻 7380.00
  📡 RSI: 67.6 | MACD: 2.19 | ATR: 1.48
  📊 Filled: 0 | Pending: 0
  💰 Daily P&L: $-4,000.00

[2026-05-06 13:30] O:7380.25 H:7381.25 L:7379.75 C:7380.75 V:1875.0
  📈 Trend: strong_bullish
  🗺️  Grid: 0.080% | 🔺 7381.00 🔻 7380.00
  📡 RSI: 64.7 | MACD: 2.12 | ATR: 1.43
  📊 Filled: 0 | Pending: 0
  💰 Daily P&L: $-4,000.00

[2026-05-06 13:31] O:7381.00 H:7381.00 L:7379.50 C:7379.50 V:1457.0
  📈 Trend: strong_bullish
  🗺️  Grid: 0.080% | 🔺 7381.25 🔻 7379.75
  📡 RSI: 50.0 | MACD: 1.95 | ATR: 1.41
  📊 Filled: 0 | Pending: 0
  💰 Daily P&L: $-4,000.00

[2026-05-06 13:32] O:7379.50 H:7379.75 L:7378.50 C:7379.00 V:1283.0
  📈 Trend: strong_bullish
  🗺️  Grid: 0.080% | 🔺 7381.00 🔻 7379.50
  📡 RSI: 47.2 | MACD: 1.75 | ATR: 1.43
  📊 Filled: 0 | Pending: 0
  💰 Daily P&L: $-4,000.00

[2026-05-06 13:33] O:7379.00 H:7380.50 L:7378.75 C:7380.25 V:1321.0
  📈 Trend: strong_bullish
  🗺️  Grid: 0.080% | 🔺 7379.75 🔻 7378.50
  📡 RSI: 59.5 | MACD: 1.67 | ATR: 1.43
  📊 Filled: 0 | Pending: 0
  💰 Daily P&L: $-4,000.00

[2026-05-06 13:34] O:7380.25 H:7382.00 L:7380.00 C:7382.00 V:1483.0
  📈 Trend: strong_bullish
  🗺️  Grid: 0.080% | 🔺 7380.50 🔻 7378.75
  📡 RSI: 65.9 | MACD: 1.73 | ATR: 1.50
  📊 Filled: 0 | Pending: 0
  💰 Daily P&L: $-4,000.00

[2026-05-06 13:35] O:7381.75 H:7384.50 L:7381.75 C:7383.50 V:3343.0
  📈 Trend: strong_bullish
  🗺️  Grid: 0.080% | 🔺 7382.00 🔻 7380.00
  📡 RSI: 65.9 | MACD: 1.88 | ATR: 1.54
  📊 Filled: 0 | Pending: 0
  💰 Daily P&L: $-4,000.00

[2026-05-06 13:36] O:7383.50 H:7384.25 L:7383.25 C:7383.50 V:1695.0
  📈 Trend: strong_bullish
  🗺️  Grid: 0.080% | 🔺 7384.50 🔻 7381.75
  📡 RSI: 64.3 | MACD: 1.97 | ATR: 1.52
  📊 Filled: 0 | Pending: 0
  💰 Daily P&L: $-4,000.00

[2026-05-06 13:37] O:7383.50 H:7384.00 L:7383.00 C:7383.50 V:1005.0
  📈 Trend: strong_bullish
  🗺️  Grid: 0.080% | 🔺 7384.25 🔻 7383.25
  📡 RSI: 61.5 | MACD: 2.03 | ATR: 1.46
  📊 Filled: 0 | Pending: 0
  💰 Daily P&L: $-4,000.00
→ Real-time bars cancelled
✓ Disconnected from IBKR
