Logging to: es_bot_20260501_125502.log

============================================================
📈 MODE: SCALP
   • 10 contract(s) max
   • Grid entries only
   • Trailing stop enabled
   • SL: ~8 pts | TP: ~12 pts | Trail activates: +6 pts
   • Best for: Normal sessions, choppy/ranging opens
============================================================
✓ Connected to IBKR (paper) - clientId=10
✓ Front-month contract: ESM6 expiry=20260618

============================================================
Loading historical data for indicator warm-up...
============================================================
→ Fetching historical bars (1 D, 1 min)...
✓ Loaded 1135 historical bars

Processing 1135 historical bars...

Indicators ready!
  Bars loaded: 1135
  Last price: 7273.00
  Trend: moderate_bearish
  RSI: 53.8
  ATR: 2.71
  MACD: -1.35 / Signal: -1.90
  MA: 7270.39 / 7274.48 / 7282.38

------------------------------------------------------------
Account Value: $1,062,927.09
Buying Power: $4,245,184.24
Current Position: 0 contracts
------------------------------------------------------------

============================================================
Starting live 1-minute bar stream...
Strategy is now ACTIVE (SCALP mode)
============================================================

→ Subscribed to 5-second real-time bars (aggregating to 1 min)

[2026-05-01 11:55] O:7272.75 H:7274.50 L:7272.75 C:7274.00 V:2312.0
  📈 Trend: sideways (raw: moderate_bearish)
  🗺️  Grid: 0.080% | 🔺 7273.25 🔻 7270.25
  📡 RSI: 52.2 | MACD: -0.94 | ATR: 2.71
  📊 Filled: 0 | Pending: 0
  💰 Daily P&L: $+0.00

[2026-05-01 11:56] O:7273.75 H:7274.75 L:7272.00 C:7272.50 V:1610.0
  📈 Trend: moderate_bearish
  🗺️  Grid: 0.080% | 🔺 7274.50 🔻 7272.75
  📡 RSI: 54.7 | MACD: -0.72 | ATR: 2.70
  📊 Filled: 0 | Pending: 0
  💰 Daily P&L: $+0.00

[2026-05-01 11:57] O:7272.25 H:7273.50 L:7272.00 C:7272.75 V:1127.0
  📈 Trend: moderate_bearish
  🗺️  Grid: 0.080% | 🔺 7274.75 🔻 7272.00
  📡 RSI: 54.1 | MACD: -0.53 | ATR: 2.68
  📊 Filled: 0 | Pending: 0
  💰 Daily P&L: $+0.00

[2026-05-01 11:58] O:7273.00 H:7275.00 L:7272.50 C:7274.25 V:1340.0
  📈 Trend: moderate_bearish (raw: strong_bearish)
  🗺️  Grid: 0.080% | 🔺 7273.50 🔻 7272.00
  📡 RSI: 65.8 | MACD: -0.25 | ATR: 2.62
  📊 Filled: 0 | Pending: 0
  💰 Daily P&L: $+0.00

[2026-05-01 11:59] O:7274.25 H:7274.25 L:7269.75 C:7270.25 V:1661.0
  📈 Trend: strong_bearish
  🗺️  Grid: 0.080% | 🔺 7275.00 🔻 7272.50
  📡 RSI: 50.6 | MACD: -0.35 | ATR: 2.68
  📊 Filled: 0 | Pending: 0
  💰 Daily P&L: $+0.00

[2026-05-01 12:00] O:7270.00 H:7272.75 L:7269.75 C:7272.50 V:1765.0
  📈 Trend: strong_bearish
  🗺️  Grid: 0.080% | 🔺 7274.25 🔻 7269.75
  📡 RSI: 58.9 | MACD: -0.24 | ATR: 2.70
  📊 Filled: 0 | Pending: 0
  💰 Daily P&L: $+0.00

[2026-05-01 12:01] O:7272.25 H:7274.50 L:7272.25 C:7274.25 V:1677.0
  📈 Trend: strong_bearish (raw: moderate_bearish)
  🗺️  Grid: 0.080% | 🔺 7272.75 🔻 7269.75
  📡 RSI: 60.6 | MACD: -0.02 | ATR: 2.61
  📊 Filled: 0 | Pending: 0
  💰 Daily P&L: $+0.00

[2026-05-01 12:02] O:7274.25 H:7276.00 L:7273.25 C:7275.75 V:3214.0
  📈 Trend: strong_bearish (raw: moderate_bullish)
  🗺️  Grid: 0.080% | 🔺 7274.50 🔻 7272.25
  📡 RSI: 70.0 | MACD: 0.28 | ATR: 2.54
  📊 Filled: 0 | Pending: 0
  💰 Daily P&L: $+0.00

[2026-05-01 12:03] O:7275.75 H:7276.00 L:7273.00 C:7273.50 V:1873.0
  📈 Trend: moderate_bullish
  🗺️  Grid: 0.080% | 🔺 7276.00 🔻 7273.25
  📡 RSI: 61.3 | MACD: 0.33 | ATR: 2.61
  📊 Filled: 0 | Pending: 0
  💰 Daily P&L: $+0.00

[2026-05-01 12:04] O:7273.25 H:7273.75 L:7271.75 C:7272.75 V:1154.0
  📈 Trend: moderate_bullish
  🗺️  Grid: 0.080% | 🔺 7276.00 🔻 7273.00
  📡 RSI: 57.6 | MACD: 0.31 | ATR: 2.57
  📊 Filled: 0 | Pending: 0
  💰 Daily P&L: $+0.00

[2026-05-01 12:05] O:7272.75 H:7274.25 L:7272.50 C:7274.00 V:801.0
  📈 Trend: moderate_bullish
  🗺️  Grid: 0.080% | 🔺 7273.75 🔻 7271.75
  📡 RSI: 58.9 | MACD: 0.38 | ATR: 2.59
  📊 Filled: 0 | Pending: 0
  💰 Daily P&L: $+0.00

[2026-05-01 12:06] O:7274.25 H:7275.00 L:7273.75 C:7274.25 V:1082.0
  📈 Trend: moderate_bullish
  🗺️  Grid: 0.080% | 🔺 7274.25 🔻 7272.50
  📡 RSI: 62.6 | MACD: 0.46 | ATR: 2.50
  📊 Filled: 0 | Pending: 0
  💰 Daily P&L: $+0.00

[2026-05-01 12:07] O:7274.25 H:7275.25 L:7273.25 C:7273.75 V:806.0
  📈 Trend: moderate_bullish
  🗺️  Grid: 0.080% | 🔺 7275.00 🔻 7273.75
  📡 RSI: 58.6 | MACD: 0.47 | ATR: 2.45
  📊 Filled: 0 | Pending: 0
  💰 Daily P&L: $+0.00

[2026-05-01 12:08] O:7273.75 H:7274.25 L:7272.50 C:7273.00 V:710.0
  📈 Trend: moderate_bullish
  🗺️  Grid: 0.080% | 🔺 7275.25 🔻 7273.25
  📡 RSI: 50.0 | MACD: 0.42 | ATR: 2.34
  📊 Filled: 0 | Pending: 0
  💰 Daily P&L: $+0.00

[2026-05-01 12:09] O:7272.75 H:7273.50 L:7272.25 C:7273.25 V:714.0
  📈 Trend: moderate_bullish
  🗺️  Grid: 0.080% | 🔺 7274.25 🔻 7272.50
  📡 RSI: 48.0 | MACD: 0.39 | ATR: 2.30
  📊 Filled: 0 | Pending: 0
  💰 Daily P&L: $+0.00

[2026-05-01 12:10] O:7273.25 H:7274.25 L:7273.25 C:7274.00 V:682.0
  📈 Trend: moderate_bullish (raw: strong_bullish)
  🗺️  Grid: 0.080% | 🔺 7273.50 🔻 7272.25
  📡 RSI: 54.2 | MACD: 0.43 | ATR: 2.18
  📊 Filled: 0 | Pending: 0
  💰 Daily P&L: $+0.00

[2026-05-01 12:11] O:7274.00 H:7275.00 L:7273.75 C:7274.25 V:796.0
  📈 Trend: strong_bullish
  🗺️  Grid: 0.080% | 🔺 7274.25 🔻 7273.25
  📡 RSI: 54.2 | MACD: 0.47 | ATR: 2.16
  📊 Filled: 0 | Pending: 0
  💰 Daily P&L: $+0.00

[2026-05-01 12:12] O:7274.25 H:7274.50 L:7273.50 C:7274.50 V:726.0
  📈 Trend: strong_bullish
  🗺️  Grid: 0.080% | 🔺 7275.00 🔻 7273.75
  📡 RSI: 50.7 | MACD: 0.52 | ATR: 2.05
  📊 Filled: 0 | Pending: 0
  💰 Daily P&L: $+0.00

[2026-05-01 12:13] O:7274.25 H:7274.50 L:7273.50 C:7274.00 V:625.0
  📈 Trend: strong_bullish
  🗺️  Grid: 0.080% | 🔺 7274.50 🔻 7273.50
  📡 RSI: 64.2 | MACD: 0.51 | ATR: 1.80
  📊 Filled: 0 | Pending: 0
  💰 Daily P&L: $+0.00

[2026-05-01 12:14] O:7274.25 H:7276.75 L:7274.25 C:7276.50 V:1394.0
  📈 Trend: strong_bullish
  🗺️  Grid: 0.080% | 🔺 7274.50 🔻 7273.50
  📡 RSI: 64.8 | MACD: 0.69 | ATR: 1.79
  📊 Filled: 0 | Pending: 0
  💰 Daily P&L: $+0.00

[2026-05-01 12:15] O:7276.25 H:7277.50 L:7276.00 C:7276.75 V:1423.0
  📈 Trend: strong_bullish
  🗺️  Grid: 0.080% | 🔺 7276.75 🔻 7274.25
  📡 RSI: 60.4 | MACD: 0.85 | ATR: 1.73
  📊 Filled: 0 | Pending: 0
  💰 Daily P&L: $+0.00

[2026-05-01 12:16] O:7276.75 H:7277.50 L:7276.50 C:7277.00 V:1262.0
  📈 Trend: strong_bullish
  🗺️  Grid: 0.080% | 🔺 7277.50 🔻 7276.00
  📡 RSI: 55.8 | MACD: 0.99 | ATR: 1.61
  📊 Filled: 0 | Pending: 0
  💰 Daily P&L: $+0.00

[2026-05-01 12:17] O:7277.00 H:7277.00 L:7274.25 C:7275.50 V:2289.0
  📈 Trend: strong_bullish
  🗺️  Grid: 0.080% | 🔺 7277.50 🔻 7276.50
  📡 RSI: 60.0 | MACD: 0.96 | ATR: 1.59
  📊 Filled: 0 | Pending: 0
  💰 Daily P&L: $+0.00

[2026-05-01 12:18] O:7275.75 H:7278.00 L:7275.50 C:7277.50 V:1190.0
  📈 Trend: strong_bullish
  🗺️  Grid: 0.080% | 🔺 7277.00 🔻 7274.25
  📡 RSI: 71.1 | MACD: 1.09 | ATR: 1.62
  📊 Filled: 0 | Pending: 0
  💰 Daily P&L: $+0.00

[2026-05-01 12:19] O:7277.75 H:7278.50 L:7277.25 C:7278.00 V:1037.0
  📈 Trend: strong_bullish
  🗺️  Grid: 0.080% | 🔺 7278.00 🔻 7275.50
  📡 RSI: 69.0 | MACD: 1.22 | ATR: 1.59
  📊 Filled: 0 | Pending: 0
  💰 Daily P&L: $+0.00

[2026-05-01 12:20] O:7278.25 H:7279.75 L:7277.75 C:7278.00 V:1572.0
  📈 Trend: strong_bullish
  🗺️  Grid: 0.080% | 🔺 7278.50 🔻 7277.25
  📡 RSI: 68.3 | MACD: 1.30 | ATR: 1.64
  📊 Filled: 0 | Pending: 0
  💰 Daily P&L: $+0.00

[2026-05-01 12:21] O:7277.75 H:7280.00 L:7277.50 C:7279.50 V:1416.0
  📈 Trend: strong_bullish
  🗺️  Grid: 0.080% | 🔺 7279.75 🔻 7277.75
  📡 RSI: 75.6 | MACD: 1.48 | ATR: 1.68
  📊 Filled: 0 | Pending: 0
  💰 Daily P&L: $+0.00

[2026-05-01 12:22] O:7279.75 H:7280.50 L:7279.25 C:7279.75 V:1247.0
  📈 Trend: strong_bullish
  🗺️  Grid: 0.080% | 🔺 7280.00 🔻 7277.50
  📡 RSI: 81.4 | MACD: 1.61 | ATR: 1.64
  📊 Filled: 0 | Pending: 0
  💰 Daily P&L: $+0.00

[2026-05-01 12:23] O:7279.75 H:7280.00 L:7278.75 C:7279.25 V:751.0
  📈 Trend: strong_bullish
  🗺️  Grid: 0.080% | 🔺 7280.50 🔻 7279.25
  📡 RSI: 77.3 | MACD: 1.66 | ATR: 1.64
  📊 Filled: 0 | Pending: 0
  💰 Daily P&L: $+0.00

[2026-05-01 12:24] O:7279.25 H:7280.00 L:7278.25 C:7278.75 V:637.0
  📈 Trend: strong_bullish
  🗺️  Grid: 0.080% | 🔺 7280.00 🔻 7278.75
  📡 RSI: 72.1 | MACD: 1.65 | ATR: 1.70
  📊 Filled: 0 | Pending: 0
  💰 Daily P&L: $+0.00

[2026-05-01 12:25] O:7279.00 H:7279.25 L:7278.25 C:7278.75 V:705.0
  📈 Trend: strong_bullish
  🗺️  Grid: 0.080% | 🔺 7280.00 🔻 7278.25
  📡 RSI: 71.4 | MACD: 1.61 | ATR: 1.68
  📊 Filled: 0 | Pending: 0
  💰 Daily P&L: $+0.00

[2026-05-01 12:26] O:7278.75 H:7280.25 L:7278.50 C:7278.75 V:736.0
  📈 Trend: strong_bullish
  🗺️  Grid: 0.080% | 🔺 7279.25 🔻 7278.25
  📡 RSI: 70.7 | MACD: 1.57 | ATR: 1.73
  📊 Filled: 0 | Pending: 0
  💰 Daily P&L: $+0.00

[2026-05-01 12:27] O:7278.75 H:7280.00 L:7278.50 C:7279.50 V:687.0
  📈 Trend: strong_bullish
  🗺️  Grid: 0.080% | 🔺 7280.25 🔻 7278.50
  📡 RSI: 76.2 | MACD: 1.57 | ATR: 1.77
  📊 Filled: 0 | Pending: 0
  💰 Daily P&L: $+0.00
→ Real-time bars cancelled
✓ Disconnected from IBKR
