Logging to: es_bot_20260501_092159.log

============================================================
📈 MODE: SCALP
   • 10 contract(s) max
   • Grid entries only
   • Trailing stop enabled
   • SL: ~8 pts | TP: ~12 pts | Trail activates: +6 pts
   • Best for: Normal sessions, choppy/ranging opens
============================================================
✓ Connected to IBKR (paper) - clientId=10
✓ Front-month contract: ESM6 expiry=20260618

============================================================
Loading historical data for indicator warm-up...
============================================================
→ Fetching historical bars (1 D, 1 min)...
✓ Loaded 922 historical bars

Processing 922 historical bars...

Indicators ready!
  Bars loaded: 922
  Last price: 7264.25
  Trend: strong_bullish
  RSI: 51.2
  ATR: 1.52
  MACD: 0.72 / Signal: 0.61
  MA: 7262.71 / 7261.40 / 7256.34

------------------------------------------------------------
Account Value: $1,073,625.21
Buying Power: $4,278,300.59
Current Position: 0 contracts
------------------------------------------------------------

============================================================
Starting live 1-minute bar stream...
Strategy is now ACTIVE (SCALP mode)
============================================================

→ Subscribed to 5-second real-time bars (aggregating to 1 min)

[2026-05-01 08:21] O:7264.00 H:7264.00 L:7264.00 C:7264.00 V:28.0
  📈 Trend: sideways (raw: strong_bullish)
  🗺️  Grid: 0.080% | 🔺 7265.50 🔻 7264.25
  📡 RSI: 51.2 | MACD: 0.74 | ATR: 1.43
  📊 Filled: 0 | Pending: 0
  🕐 Outside session (08:21 CT) — no entries
  💰 Daily P&L: $+0.00

[2026-05-01 08:22] O:7264.00 H:7264.75 L:7263.75 C:7264.50 V:244.0
  📈 Trend: strong_bullish
  🗺️  Grid: 0.080% | 🔺 7264.00 🔻 7264.00
  📡 RSI: 51.2 | MACD: 0.78 | ATR: 1.39
  📊 Filled: 0 | Pending: 0
  🕐 Outside session (08:22 CT) — no entries
  💰 Daily P&L: $+0.00

[2026-05-01 08:23] O:7264.50 H:7265.00 L:7264.00 C:7264.25 V:272.0
  📈 Trend: strong_bullish
  🗺️  Grid: 0.080% | 🔺 7264.75 🔻 7263.75
  📡 RSI: 47.6 | MACD: 0.79 | ATR: 1.32
  📊 Filled: 0 | Pending: 0
  🕐 Outside session (08:23 CT) — no entries
  💰 Daily P&L: $+0.00

[2026-05-01 08:24] O:7264.25 H:7265.00 L:7264.00 C:7264.25 V:236.0
  📈 Trend: strong_bullish
  🗺️  Grid: 0.080% | 🔺 7265.00 🔻 7264.00
  📡 RSI: 45.0 | MACD: 0.79 | ATR: 1.30
  📊 Filled: 0 | Pending: 0
  🕐 Outside session (08:24 CT) — no entries
  💰 Daily P&L: $+0.00

[2026-05-01 08:25] O:7264.25 H:7264.25 L:7262.00 C:7262.00 V:965.0
  📈 Trend: strong_bullish (raw: moderate_bullish)
  🗺️  Grid: 0.080% | 🔺 7265.00 🔻 7264.00
  📡 RSI: 40.9 | MACD: 0.60 | ATR: 1.30
  📊 Filled: 0 | Pending: 0
  🕐 Outside session (08:25 CT) — no entries
  💰 Daily P&L: $+0.00

[2026-05-01 08:26] O:7262.00 H:7262.50 L:7261.50 C:7262.50 V:539.0
  📈 Trend: moderate_bullish
  🗺️  Grid: 0.080% | 🔺 7264.25 🔻 7262.00
  📡 RSI: 50.0 | MACD: 0.48 | ATR: 1.25
  📊 Filled: 0 | Pending: 0
  🕐 Outside session (08:26 CT) — no entries
  💰 Daily P&L: $+0.00

[2026-05-01 08:27] O:7262.25 H:7263.50 L:7261.75 C:7263.50 V:703.0
  📈 Trend: moderate_bullish
  🗺️  Grid: 0.080% | 🔺 7262.50 🔻 7261.50
  📡 RSI: 55.8 | MACD: 0.46 | ATR: 1.29
  📊 Filled: 0 | Pending: 0
  🕐 Outside session (08:27 CT) — no entries
  💰 Daily P&L: $+0.00

[2026-05-01 08:28] O:7263.50 H:7264.75 L:7263.25 C:7264.00 V:846.0
  📈 Trend: moderate_bullish
  🗺️  Grid: 0.080% | 🔺 7263.50 🔻 7261.75
  📡 RSI: 65.0 | MACD: 0.49 | ATR: 1.27
  📊 Filled: 0 | Pending: 0
  🕐 Outside session (08:28 CT) — no entries
  💰 Daily P&L: $+0.00

[2026-05-01 08:29] O:7263.75 H:7264.75 L:7261.75 C:7264.50 V:1994.0
  📈 Trend: moderate_bullish
  🗺️  Grid: 0.080% | 🔺 7264.75 🔻 7263.25
  📡 RSI: 65.0 | MACD: 0.54 | ATR: 1.43
  📊 Filled: 0 | Pending: 0
  🕐 Outside session (08:29 CT) — no entries
  💰 Daily P&L: $+0.00

[2026-05-01 08:30] O:7264.50 H:7265.75 L:7258.75 C:7263.75 V:13646.0
  📈 Trend: moderate_bullish
  🗺️  Grid: 0.080% | 🔺 7264.75 🔻 7261.75
  📡 RSI: 54.1 | MACD: 0.51 | ATR: 1.80
  📊 Filled: 0 | Pending: 0
  💰 Daily P&L: $+0.00

[2026-05-01 08:31] O:7264.00 H:7268.75 L:7262.25 C:7267.25 V:7920.0
  📈 Trend: moderate_bullish (raw: strong_bullish)
  🗺️  Grid: 0.080% | 🔺 7265.75 🔻 7258.75
  📡 RSI: 66.7 | MACD: 0.76 | ATR: 2.20
  📊 Filled: 0 | Pending: 0
  💰 Daily P&L: $+0.00

[2026-05-01 08:32] O:7267.00 H:7271.00 L:7266.75 C:7270.75 V:8269.0
  📈 Trend: strong_bullish
  🗺️  Grid: 0.080% | 🔺 7268.75 🔻 7262.25
  📡 RSI: 75.0 | MACD: 1.23 | ATR: 2.45
  📊 Filled: 0 | Pending: 0
  💰 Daily P&L: $+0.00

[2026-05-01 08:33] O:7270.75 H:7273.75 L:7269.75 C:7273.00 V:5893.0
  📈 Trend: strong_bullish
  🗺️  Grid: 0.080% | 🔺 7271.00 🔻 7266.75
  📡 RSI: 75.4 | MACD: 1.77 | ATR: 2.55
  📊 Filled: 0 | Pending: 0
  💰 Daily P&L: $+0.00

[2026-05-01 08:34] O:7273.00 H:7275.00 L:7272.25 C:7274.50 V:5878.0
  📈 Trend: strong_bullish
  🗺️  Grid: 0.080% | 🔺 7273.75 🔻 7269.75
  📡 RSI: 79.7 | MACD: 2.28 | ATR: 2.66
  📊 Filled: 0 | Pending: 0
  💰 Daily P&L: $+0.00

[2026-05-01 08:35] O:7274.75 H:7276.75 L:7274.50 C:7276.50 V:5625.0
  📈 Trend: strong_bullish
  🗺️  Grid: 0.080% | 🔺 7275.00 🔻 7272.25
  📡 RSI: 82.9 | MACD: 2.82 | ATR: 2.80
  📊 Filled: 0 | Pending: 0
  💰 Daily P&L: $+0.00

[2026-05-01 08:36] O:7276.50 H:7276.50 L:7273.75 C:7276.00 V:5266.0
  📈 Trend: strong_bullish
  🗺️  Grid: 0.080% | 🔺 7276.75 🔻 7274.50
  📡 RSI: 80.3 | MACD: 3.17 | ATR: 2.93
  📊 Filled: 0 | Pending: 0
  💰 Daily P&L: $+0.00

[2026-05-01 08:37] O:7276.00 H:7277.25 L:7274.50 C:7276.00 V:5004.0
  📈 Trend: strong_bullish
  🗺️  Grid: 0.080% | 🔺 7276.50 🔻 7273.75
  📡 RSI: 81.3 | MACD: 3.41 | ATR: 3.05
  📊 Filled: 0 | Pending: 0
  💰 Daily P&L: $+0.00

[2026-05-01 08:38] O:7276.00 H:7276.25 L:7272.75 C:7274.25 V:3526.0
  📈 Trend: strong_bullish
  🗺️  Grid: 0.080% | 🔺 7277.25 🔻 7274.50
  📡 RSI: 74.4 | MACD: 3.42 | ATR: 3.23
  📊 Filled: 0 | Pending: 0
  💰 Daily P&L: $+0.00

[2026-05-01 08:39] O:7274.25 H:7274.75 L:7272.25 C:7272.25 V:3097.0
  📈 Trend: strong_bullish
  🗺️  Grid: 0.080% | 🔺 7276.25 🔻 7272.75
  📡 RSI: 75.3 | MACD: 3.22 | ATR: 3.25
  📊 Filled: 0 | Pending: 0
  💰 Daily P&L: $+0.00

[2026-05-01 08:40] O:7272.50 H:7276.00 L:7271.50 C:7275.50 V:4328.0
  📈 Trend: strong_bullish
  🗺️  Grid: 0.080% | 🔺 7274.75 🔻 7272.25
  📡 RSI: 78.3 | MACD: 3.30 | ATR: 3.50
  📊 Filled: 0 | Pending: 0
  💰 Daily P&L: $+0.00

[2026-05-01 08:41] O:7275.75 H:7277.50 L:7274.00 C:7276.00 V:5495.0
  📈 Trend: strong_bullish
  🗺️  Grid: 0.080% | 🔺 7276.00 🔻 7271.50
  📡 RSI: 77.8 | MACD: 3.36 | ATR: 3.62
  📊 Filled: 0 | Pending: 0
  💰 Daily P&L: $+0.00

[2026-05-01 08:42] O:7276.00 H:7276.50 L:7272.50 C:7274.75 V:4764.0
  📈 Trend: strong_bullish
  🗺️  Grid: 0.080% | 🔺 7277.50 🔻 7274.00
  📡 RSI: 73.1 | MACD: 3.26 | ATR: 3.80
  📊 Filled: 0 | Pending: 0
  💰 Daily P&L: $+0.00

[2026-05-01 08:43] O:7274.75 H:7274.75 L:7272.75 C:7273.50 V:2673.0
  📈 Trend: strong_bullish
  🗺️  Grid: 0.080% | 🔺 7276.50 🔻 7272.50
  📡 RSI: 68.8 | MACD: 3.05 | ATR: 3.73
  📊 Filled: 0 | Pending: 0
  💰 Daily P&L: $+0.00

[2026-05-01 08:44] O:7273.50 H:7276.75 L:7273.50 C:7276.25 V:3195.0
  📈 Trend: strong_bullish
  🗺️  Grid: 0.080% | 🔺 7274.75 🔻 7272.75
  📡 RSI: 74.0 | MACD: 3.08 | ATR: 3.46
  📊 Filled: 0 | Pending: 0
  💰 Daily P&L: $+0.00

[2026-05-01 08:45] O:7276.50 H:7277.00 L:7272.50 C:7273.25 V:4183.0
  📈 Trend: strong_bullish
  🗺️  Grid: 0.080% | 🔺 7276.75 🔻 7273.50
  📡 RSI: 61.8 | MACD: 2.82 | ATR: 3.32
  📊 Filled: 0 | Pending: 0
  💰 Daily P&L: $+0.00

[2026-05-01 08:46] O:7273.25 H:7273.25 L:7270.75 C:7271.25 V:4695.0
  📈 Trend: strong_bullish
  🗺️  Grid: 0.080% | 🔺 7277.00 🔻 7272.50
  📡 RSI: 51.0 | MACD: 2.42 | ATR: 3.20
  📊 Filled: 0 | Pending: 0
  💰 Daily P&L: $+0.00

[2026-05-01 08:47] O:7271.25 H:7273.25 L:7270.75 C:7271.75 V:3312.0
  📈 Trend: strong_bullish
  🗺️  Grid: 0.080% | 🔺 7273.25 🔻 7270.75
  📡 RSI: 47.2 | MACD: 2.13 | ATR: 3.09
  📊 Filled: 0 | Pending: 0
  💰 Daily P&L: $+0.00

[2026-05-01 08:48] O:7271.50 H:7275.00 L:7271.25 C:7273.50 V:4110.0
  📈 Trend: strong_bullish
  🗺️  Grid: 0.080% | 🔺 7273.25 🔻 7270.75
  📡 RSI: 47.8 | MACD: 2.01 | ATR: 3.16
  📊 Filled: 0 | Pending: 0
  💰 Daily P&L: $+0.00

[2026-05-01 08:49] O:7273.50 H:7274.50 L:7272.00 C:7273.25 V:4412.0
  📈 Trend: strong_bullish
  🗺️  Grid: 0.080% | 🔺 7275.00 🔻 7271.25
  📡 RSI: 42.2 | MACD: 1.88 | ATR: 3.18
  📊 Filled: 0 | Pending: 0
  💰 Daily P&L: $+0.00

[2026-05-01 08:50] O:7273.25 H:7278.25 L:7270.25 C:7278.25 V:9536.0
  📈 Trend: strong_bullish
  🗺️  Grid: 0.080% | 🔺 7274.50 🔻 7272.00
  📡 RSI: 54.5 | MACD: 2.15 | ATR: 3.55
  📊 Filled: 0 | Pending: 0
  💰 Daily P&L: $+0.00

[2026-05-01 08:51] O:7278.50 H:7278.50 L:7274.75 C:7275.75 V:3797.0
  📈 Trend: strong_bullish
  🗺️  Grid: 0.080% | 🔺 7278.25 🔻 7270.25
  📡 RSI: 49.5 | MACD: 2.14 | ATR: 3.62
  📊 Filled: 0 | Pending: 0
  💰 Daily P&L: $+0.00

[2026-05-01 08:52] O:7275.75 H:7277.00 L:7273.50 C:7275.50 V:3211.0
  📈 Trend: strong_bullish
  🗺️  Grid: 0.080% | 🔺 7278.50 🔻 7274.75
  📡 RSI: 52.4 | MACD: 2.08 | ATR: 3.62
  📊 Filled: 0 | Pending: 0
  💰 Daily P&L: $+0.00

[2026-05-01 08:53] O:7275.75 H:7276.50 L:7274.50 C:7276.25 V:2300.0
  📈 Trend: strong_bullish
  🗺️  Grid: 0.080% | 🔺 7277.00 🔻 7273.50
  📡 RSI: 58.0 | MACD: 2.08 | ATR: 3.59
  📊 Filled: 0 | Pending: 0
  💰 Daily P&L: $+0.00

[2026-05-01 08:54] O:7276.25 H:7280.25 L:7275.00 C:7277.25 V:8208.0
  📈 Trend: strong_bullish
  🗺️  Grid: 0.080% | 🔺 7276.50 🔻 7274.50
  📡 RSI: 53.8 | MACD: 2.13 | ATR: 3.64
  📊 Filled: 0 | Pending: 0
  💰 Daily P&L: $+0.00

[2026-05-01 08:55] O:7277.50 H:7291.75 L:7277.25 C:7284.25 V:12214.0
  📈 Trend: strong_bullish
  🗺️  Grid: 0.080% | 🔺 7280.25 🔻 7275.00
  📡 RSI: 64.1 | MACD: 2.71 | ATR: 4.43
  📊 Filled: 0 | Pending: 0
  💰 Daily P&L: $+0.00

[2026-05-01 08:56] O:7284.50 H:7287.75 L:7284.00 C:7286.75 V:5718.0
  📈 Trend: strong_bullish
  🗺️  Grid: 0.080% | 🔺 7291.75 🔻 7277.25
  📡 RSI: 69.7 | MACD: 3.33 | ATR: 4.41
  📊 Filled: 0 | Pending: 0
  💰 Daily P&L: $+0.00

[2026-05-01 08:57] O:7286.75 H:7288.50 L:7286.25 C:7287.50 V:4357.0
  📈 Trend: strong_bullish
  🗺️  Grid: 0.080% | 🔺 7287.75 🔻 7284.00
  📡 RSI: 73.3 | MACD: 3.83 | ATR: 4.43
  📊 Filled: 0 | Pending: 0
  💰 Daily P&L: $+0.00

[2026-05-01 08:58] O:7287.50 H:7290.25 L:7286.00 C:7289.75 V:3812.0
  📈 Trend: strong_bullish
  🗺️  Grid: 0.080% | 🔺 7288.50 🔻 7286.25
  📡 RSI: 72.9 | MACD: 4.37 | ATR: 4.50
  📊 Filled: 0 | Pending: 0
  💰 Daily P&L: $+0.00

[2026-05-01 08:59] O:7289.75 H:7293.25 L:7289.00 C:7293.25 V:4011.0
  📈 Trend: strong_bullish
  🗺️  Grid: 0.080% | 🔺 7290.25 🔻 7286.00
  📡 RSI: 83.3 | MACD: 5.01 | ATR: 4.48
  📊 Filled: 0 | Pending: 0
  💰 Daily P&L: $+0.00

[2026-05-01 09:00] O:7293.00 H:7295.75 L:7290.75 C:7294.25 V:6748.0
  📈 Trend: strong_bullish
  🗺️  Grid: 0.080% | 🔺 7293.25 🔻 7289.00
  📡 RSI: 89.7 | MACD: 5.54 | ATR: 4.66
  📊 Filled: 0 | Pending: 0
  💰 Daily P&L: $+0.00

[2026-05-01 09:01] O:7294.50 H:7297.00 L:7293.75 C:7295.75 V:4305.0
  📈 Trend: strong_bullish
  🗺️  Grid: 0.080% | 🔺 7295.75 🔻 7290.75
  📡 RSI: 90.0 | MACD: 6.01 | ATR: 4.71
  📊 Filled: 0 | Pending: 0
  💰 Daily P&L: $+0.00

[2026-05-01 09:02] O:7295.75 H:7297.25 L:7294.50 C:7295.75 V:3821.0
  📈 Trend: strong_bullish
  🗺️  Grid: 0.080% | 🔺 7297.00 🔻 7293.75
  📡 RSI: 89.4 | MACD: 6.31 | ATR: 4.64
  📊 Filled: 0 | Pending: 0
  💰 Daily P&L: $+0.00

[2026-05-01 09:03] O:7296.00 H:7298.50 L:7295.25 C:7297.75 V:4561.0
  📈 Trend: strong_bullish
  🗺️  Grid: 0.080% | 🔺 7297.25 🔻 7294.50
  📡 RSI: 90.8 | MACD: 6.64 | ATR: 4.70
  📊 Filled: 0 | Pending: 0
  💰 Daily P&L: $+0.00

[2026-05-01 09:04] O:7298.00 H:7298.00 L:7294.75 C:7295.25 V:3431.0
  📈 Trend: strong_bullish
  🗺️  Grid: 0.080% | 🔺 7298.50 🔻 7295.25
  📡 RSI: 80.9 | MACD: 6.62 | ATR: 4.36
  📊 Filled: 0 | Pending: 0
  💰 Daily P&L: $+0.00

[2026-05-01 09:05] O:7295.25 H:7295.50 L:7289.50 C:7292.50 V:6258.0
  📈 Trend: strong_bullish
  🗺️  Grid: 0.080% | 🔺 7298.00 🔻 7294.75
  📡 RSI: 80.2 | MACD: 6.30 | ATR: 4.52
  📊 Filled: 0 | Pending: 0
  💰 Daily P&L: $+0.00

[2026-05-01 09:06] O:7292.50 H:7294.75 L:7292.25 C:7294.00 V:3200.0
  📈 Trend: strong_bullish
  🗺️  Grid: 0.080% | 🔺 7295.50 🔻 7289.50
  📡 RSI: 81.9 | MACD: 6.11 | ATR: 4.45
  📊 Filled: 0 | Pending: 0
  💰 Daily P&L: $+0.00

[2026-05-01 09:07] O:7294.00 H:7294.75 L:7291.50 C:7292.75 V:3628.0
  📈 Trend: strong_bullish
  🗺️  Grid: 0.080% | 🔺 7294.75 🔻 7292.25
  📡 RSI: 78.0 | MACD: 5.78 | ATR: 4.54
  📊 Filled: 0 | Pending: 0
  💰 Daily P&L: $+0.00

[2026-05-01 09:08] O:7292.75 H:7293.00 L:7291.00 C:7292.25 V:2859.0
  📈 Trend: strong_bullish
  🗺️  Grid: 0.080% | 🔺 7294.75 🔻 7291.50
  📡 RSI: 75.9 | MACD: 5.42 | ATR: 4.30
  📊 Filled: 0 | Pending: 0
  💰 Daily P&L: $+0.00

[2026-05-01 09:09] O:7292.50 H:7293.75 L:7292.00 C:7292.25 V:2893.0
  📈 Trend: strong_bullish
  🗺️  Grid: 0.080% | 🔺 7293.00 🔻 7291.00
  📡 RSI: 68.2 | MACD: 5.08 | ATR: 3.39
  📊 Filled: 0 | Pending: 0
  💰 Daily P&L: $+0.00

[2026-05-01 09:10] O:7292.50 H:7294.50 L:7292.00 C:7292.50 V:2670.0
  📈 Trend: strong_bullish
  🗺️  Grid: 0.080% | 🔺 7293.75 🔻 7292.00
  📡 RSI: 64.6 | MACD: 4.78 | ATR: 3.30
  📊 Filled: 0 | Pending: 0
  💰 Daily P&L: $+0.00

[2026-05-01 09:11] O:7292.75 H:7294.00 L:7290.50 C:7293.25 V:3204.0
  📈 Trend: strong_bullish
  🗺️  Grid: 0.080% | 🔺 7294.50 🔻 7292.00
  📡 RSI: 64.6 | MACD: 4.54 | ATR: 3.39
  📊 Filled: 0 | Pending: 0
  💰 Daily P&L: $+0.00

[2026-05-01 09:12] O:7293.25 H:7297.50 L:7292.75 C:7296.75 V:4510.0
  📈 Trend: strong_bullish
  🗺️  Grid: 0.080% | 🔺 7294.00 🔻 7290.50
  📡 RSI: 66.7 | MACD: 4.58 | ATR: 3.43
  📊 Filled: 0 | Pending: 0
  💰 Daily P&L: $+0.00

[2026-05-01 09:13] O:7296.75 H:7298.50 L:7296.00 C:7297.50 V:3603.0
  📈 Trend: strong_bullish
  🗺️  Grid: 0.080% | 🔺 7297.50 🔻 7292.75
  📡 RSI: 61.6 | MACD: 4.62 | ATR: 3.30
  📊 Filled: 0 | Pending: 0
  💰 Daily P&L: $+0.00

[2026-05-01 09:14] O:7297.50 H:7298.00 L:7295.50 C:7296.50 V:3077.0
  📈 Trend: strong_bullish
  🗺️  Grid: 0.080% | 🔺 7298.50 🔻 7296.00
  📡 RSI: 56.2 | MACD: 4.53 | ATR: 3.12
  📊 Filled: 0 | Pending: 0
  💰 Daily P&L: $+0.00

[2026-05-01 09:15] O:7296.50 H:7298.00 L:7294.00 C:7294.50 V:3270.0
  📈 Trend: strong_bullish
  🗺️  Grid: 0.080% | 🔺 7298.00 🔻 7295.50
  📡 RSI: 46.7 | MACD: 4.24 | ATR: 3.18
  📊 Filled: 0 | Pending: 0
  💰 Daily P&L: $+0.00

[2026-05-01 09:16] O:7294.25 H:7298.50 L:7293.75 C:7296.50 V:4852.0
  📈 Trend: strong_bullish
  🗺️  Grid: 0.080% | 🔺 7298.00 🔻 7294.00
  📡 RSI: 51.8 | MACD: 4.12 | ATR: 3.32
  📊 Filled: 0 | Pending: 0
  💰 Daily P&L: $+0.00

[2026-05-01 09:17] O:7296.50 H:7298.00 L:7296.00 C:7296.50 V:2093.0
  📈 Trend: strong_bullish
  🗺️  Grid: 0.080% | 🔺 7298.50 🔻 7293.75
  📡 RSI: 46.7 | MACD: 3.98 | ATR: 3.23
  📊 Filled: 0 | Pending: 0
  💰 Daily P&L: $+0.00

[2026-05-01 09:18] O:7296.25 H:7297.00 L:7294.00 C:7294.50 V:2565.0
  📈 Trend: strong_bullish
  🗺️  Grid: 0.080% | 🔺 7298.00 🔻 7296.00
  📡 RSI: 47.9 | MACD: 3.67 | ATR: 3.21
  📊 Filled: 0 | Pending: 0
  💰 Daily P&L: $+0.00

[2026-05-01 09:19] O:7294.50 H:7297.50 L:7294.25 C:7296.75 V:2218.0
  📈 Trend: strong_bullish
  🗺️  Grid: 0.080% | 🔺 7297.00 🔻 7294.00
  📡 RSI: 62.0 | MACD: 3.56 | ATR: 3.02
  📊 Filled: 0 | Pending: 0
  💰 Daily P&L: $+0.00

[2026-05-01 09:20] O:7296.50 H:7298.75 L:7296.50 C:7297.25 V:2623.0
  📈 Trend: strong_bullish
  🗺️  Grid: 0.080% | 🔺 7297.50 🔻 7294.25
  📡 RSI: 59.7 | MACD: 3.48 | ATR: 3.00
  📊 Filled: 0 | Pending: 0
  💰 Daily P&L: $+0.00

[2026-05-01 09:21] O:7297.25 H:7299.50 L:7297.25 C:7299.25 V:2654.0
  📈 Trend: strong_bullish
  🗺️  Grid: 0.080% | 🔺 7298.75 🔻 7296.50
  📡 RSI: 68.6 | MACD: 3.53 | ATR: 2.93
  📊 Filled: 0 | Pending: 0
  💰 Daily P&L: $+0.00

[2026-05-01 09:22] O:7299.25 H:7300.75 L:7298.75 C:7299.75 V:3100.0
  📈 Trend: strong_bullish
  🗺️  Grid: 0.080% | 🔺 7299.50 🔻 7297.25
  📡 RSI: 71.4 | MACD: 3.57 | ATR: 2.93
  📊 Filled: 0 | Pending: 0
  💰 Daily P&L: $+0.00

[2026-05-01 09:23] O:7299.75 H:7300.00 L:7297.25 C:7298.75 V:2975.0
  📈 Trend: strong_bullish
  🗺️  Grid: 0.080% | 🔺 7300.75 🔻 7298.75
  📡 RSI: 67.6 | MACD: 3.49 | ATR: 3.00
  📊 Filled: 0 | Pending: 0
  💰 Daily P&L: $+0.00

[2026-05-01 09:24] O:7298.75 H:7300.00 L:7297.50 C:7297.50 V:2200.0
  📈 Trend: strong_bullish
  🗺️  Grid: 0.080% | 🔺 7300.00 🔻 7297.25
  📡 RSI: 62.8 | MACD: 3.28 | ATR: 3.00
  📊 Filled: 0 | Pending: 0
  💰 Daily P&L: $+0.00

[2026-05-01 09:25] O:7297.50 H:7298.00 L:7296.00 C:7296.75 V:3096.0
  📈 Trend: strong_bullish
  🗺️  Grid: 0.080% | 🔺 7300.00 🔻 7297.50
  📡 RSI: 59.0 | MACD: 3.02 | ATR: 2.89
  📊 Filled: 0 | Pending: 0
  💰 Daily P&L: $+0.00

[2026-05-01 09:26] O:7296.75 H:7297.50 L:7295.50 C:7296.50 V:2194.0
  📈 Trend: strong_bullish
  🗺️  Grid: 0.080% | 🔺 7298.00 🔻 7296.00
  📡 RSI: 49.2 | MACD: 2.76 | ATR: 2.70
  📊 Filled: 0 | Pending: 0
  💰 Daily P&L: $+0.00

[2026-05-01 09:27] O:7296.50 H:7298.00 L:7296.25 C:7297.50 V:3079.0
  📈 Trend: strong_bullish
  🗺️  Grid: 0.080% | 🔺 7297.50 🔻 7295.50
  📡 RSI: 50.0 | MACD: 2.60 | ATR: 2.64
  📊 Filled: 0 | Pending: 0
  💰 Daily P&L: $+0.00

[2026-05-01 09:28] O:7297.50 H:7297.75 L:7295.50 C:7295.75 V:2233.0
  📈 Trend: strong_bullish
  🗺️  Grid: 0.080% | 🔺 7298.00 🔻 7296.25
  📡 RSI: 47.8 | MACD: 2.31 | ATR: 2.62
  📊 Filled: 0 | Pending: 0
  💰 Daily P&L: $+0.00

[2026-05-01 09:29] O:7295.75 H:7296.25 L:7293.75 C:7294.50 V:3593.0
  📈 Trend: strong_bullish
  🗺️  Grid: 0.080% | 🔺 7297.75 🔻 7295.50
  📡 RSI: 50.0 | MACD: 1.96 | ATR: 2.52
  📊 Filled: 0 | Pending: 0
  💰 Daily P&L: $+0.00

[2026-05-01 09:30] O:7294.50 H:7294.75 L:7290.25 C:7290.75 V:4353.0
  📈 Trend: strong_bullish (raw: moderate_bullish)
  🗺️  Grid: 0.080% | 🔺 7296.25 🔻 7293.75
  📡 RSI: 34.2 | MACD: 1.36 | ATR: 2.50
  📊 Filled: 0 | Pending: 0
  💰 Daily P&L: $+0.00

[2026-05-01 09:31] O:7290.75 H:7291.00 L:7288.75 C:7290.25 V:4469.0
  📈 Trend: moderate_bullish
  🗺️  Grid: 0.080% | 🔺 7294.75 🔻 7290.25
  📡 RSI: 33.3 | MACD: 0.84 | ATR: 2.52
  📊 Filled: 0 | Pending: 0
  💰 Daily P&L: $+0.00

[2026-05-01 09:32] O:7290.50 H:7292.25 L:7287.25 C:7287.50 V:6484.0
  📈 Trend: moderate_bullish
  🗺️  Grid: 0.080% | 🔺 7291.00 🔻 7288.75
  📡 RSI: 32.1 | MACD: 0.20 | ATR: 2.66
  📊 Filled: 0 | Pending: 0
  💰 Daily P&L: $+0.00

[2026-05-01 09:33] O:7287.50 H:7291.00 L:7287.50 C:7290.00 V:3357.0
  📈 Trend: moderate_bullish
  🗺️  Grid: 0.080% | 🔺 7292.25 🔻 7287.25
  📡 RSI: 32.9 | MACD: -0.10 | ATR: 2.68
  📊 Filled: 0 | Pending: 0
  💰 Daily P&L: $+0.00

[2026-05-01 09:34] O:7289.75 H:7289.75 L:7283.00 C:7284.50 V:5316.0
  📈 Trend: moderate_bullish
  🗺️  Grid: 0.080% | 🔺 7291.00 🔻 7287.50
  📡 RSI: 24.2 | MACD: -0.78 | ATR: 3.02
  📊 Filled: 0 | Pending: 0
  💰 Daily P&L: $+0.00

[2026-05-01 09:35] O:7284.75 H:7285.50 L:7283.00 C:7283.25 V:4443.0
  📈 Trend: moderate_bullish
  🗺️  Grid: 0.080% | 🔺 7289.75 🔻 7283.00
  📡 RSI: 16.7 | MACD: -1.40 | ATR: 3.04
  📊 Filled: 0 | Pending: 0
  💰 Daily P&L: $+0.00

[2026-05-01 09:36] O:7283.00 H:7283.25 L:7278.00 C:7279.25 V:7237.0
  📈 Trend: moderate_bullish
  🗺️  Grid: 0.080% | 🔺 7285.50 🔻 7283.00
  📡 RSI: 12.7 | MACD: -2.19 | ATR: 3.27
  📊 Filled: 0 | Pending: 0
  💰 Daily P&L: $+0.00

[2026-05-01 09:37] O:7279.00 H:7280.75 L:7274.50 C:7275.75 V:5840.0
  📈 Trend: moderate_bullish
  🗺️  Grid: 0.080% | 🔺 7283.25 🔻 7278.00
  📡 RSI: 11.7 | MACD: -3.06 | ATR: 3.52
  📊 Filled: 0 | Pending: 0
  💰 Daily P&L: $+0.00

[2026-05-01 09:38] O:7275.75 H:7279.50 L:7275.00 C:7279.25 V:5771.0
  📈 Trend: moderate_bullish
  🗺️  Grid: 0.080% | 🔺 7280.75 🔻 7274.50
  📡 RSI: 21.7 | MACD: -3.43 | ATR: 3.66
  📊 Filled: 0 | Pending: 0
  💰 Daily P&L: $+0.00

[2026-05-01 09:39] O:7279.50 H:7282.00 L:7277.50 C:7280.25 V:5659.0
  📈 Trend: moderate_bullish (raw: strong_bearish)
  🗺️  Grid: 0.080% | 🔺 7279.50 🔻 7275.00
  📡 RSI: 24.6 | MACD: -3.60 | ATR: 3.84
  📊 Filled: 0 | Pending: 0
  📤 Limit BUY 10 @ 7280.25 submitted (ID: 220)
  📋 Order 220 status: Submitted
  ⬆️ LONG ORDER @ 7280.25 | Size: 1.00 | SL: 7271.50 | TP: 7293.25 [10cts]
     Reason: Grid Long (moderate_bullish, RSI: 24.6)
     ⏳ Order 220 PENDING - awaiting fill confirmation
  💰 Daily P&L: $+0.00
  ✅ Fill: BOT 10.0 @ 7280.25
  📋 Order 220 status: Filled
  📤 Stop-Limit SELL 10 @ stop:7272.25 / lmt:7268.25 submitted (ID: 221)
  📋 Order 221 status: PreSubmitted
  📤 Limit SELL 10 @ 7292.25 submitted (ID: 222)
  📋 Order 222 status: Submitted
  ✅ FILL CONFIRMED: LONG @ 7280.25 (order 220)
     📊 Bracket placed: SL #221 @ 7272.25 | TP #222 @ 7292.25
     Trail activates @ +6.0 pts

[2026-05-01 09:40] O:7280.25 H:7280.75 L:7276.25 C:7278.25 V:5008.0
  📈 Trend: strong_bearish
  🗺️  Grid: 0.080% | 🔺 7282.00 🔻 7277.50
  📡 RSI: 23.4 | MACD: -3.85 | ATR: 4.02
  📊 Filled: 1 | Pending: 0
  📍 LONG @ 7280.25 | SL: 7272.25 | TP: 7292.25 | P&L: $-1,000.00 | +6.0 to trail
  💰 Daily P&L: $+0.00

[2026-05-01 09:41] O:7278.25 H:7279.00 L:7276.25 C:7277.25 V:4637.0
  📈 Trend: strong_bearish
  🗺️  Grid: 0.080% | 🔺 7280.75 🔻 7276.25
  📡 RSI: 20.4 | MACD: -4.09 | ATR: 4.09
  📊 Filled: 1 | Pending: 0
  📍 LONG @ 7280.25 | SL: 7272.25 | TP: 7292.25 | P&L: $-1,500.00 | +5.5 to trail
  💰 Daily P&L: $+0.00

[2026-05-01 09:42] O:7277.25 H:7280.25 L:7276.25 C:7279.50 V:3378.0
  📈 Trend: strong_bearish
  🗺️  Grid: 0.080% | 🔺 7279.00 🔻 7276.25
  📡 RSI: 26.6 | MACD: -4.04 | ATR: 4.21
  📊 Filled: 1 | Pending: 0
  📍 LONG @ 7280.25 | SL: 7272.25 | TP: 7292.25 | P&L: $-375.00 | +5.5 to trail
  💰 Daily P&L: $+0.00

[2026-05-01 09:43] O:7279.50 H:7283.75 L:7279.25 C:7283.50 V:4069.0
  📈 Trend: strong_bearish
  🗺️  Grid: 0.080% | 🔺 7280.25 🔻 7276.25
  📡 RSI: 35.3 | MACD: -3.65 | ATR: 4.36
  📊 Filled: 1 | Pending: 0
  📍 LONG @ 7280.25 | SL: 7272.25 | TP: 7292.25 | P&L: $+1,625.00 | +5.5 to trail
  💰 Daily P&L: $+0.00

[2026-05-01 09:44] O:7283.50 H:7284.75 L:7280.25 C:7281.25 V:3802.0
  📈 Trend: strong_bearish
  🗺️  Grid: 0.080% | 🔺 7283.75 🔻 7279.25
  📡 RSI: 36.8 | MACD: -3.47 | ATR: 4.36
  📊 Filled: 1 | Pending: 0
  📍 LONG @ 7280.25 | SL: 7272.25 | TP: 7292.25 | P&L: $+500.00 | +2.5 to trail
  💰 Daily P&L: $+0.00

[2026-05-01 09:45] O:7281.00 H:7282.75 L:7279.50 C:7282.75 V:2713.0
  📈 Trend: strong_bearish
  🗺️  Grid: 0.080% | 🔺 7284.75 🔻 7280.25
  📡 RSI: 39.9 | MACD: -3.17 | ATR: 4.43
  📊 Filled: 1 | Pending: 0
  📍 LONG @ 7280.25 | SL: 7272.25 | TP: 7292.25 | P&L: $+1,250.00 | +1.5 to trail
  💰 Daily P&L: $+0.00

[2026-05-01 09:46] O:7282.50 H:7284.75 L:7282.50 C:7283.00 V:2780.0
  📈 Trend: strong_bearish (raw: moderate_bearish)
  🗺️  Grid: 0.080% | 🔺 7282.75 🔻 7279.50
  📡 RSI: 43.5 | MACD: -2.89 | ATR: 4.23
  📊 Filled: 1 | Pending: 0
  📍 LONG @ 7280.25 | SL: 7272.25 | TP: 7292.25 | P&L: $+1,375.00 | +1.5 to trail
  💰 Daily P&L: $+0.00

[2026-05-01 09:47] O:7282.75 H:7285.50 L:7281.50 C:7281.75 V:2681.0
  📈 Trend: moderate_bearish
  🗺️  Grid: 0.080% | 🔺 7284.75 🔻 7282.50
  📡 RSI: 37.6 | MACD: -2.73 | ATR: 4.27
  📊 Filled: 1 | Pending: 0
  📍 LONG @ 7280.25 | SL: 7272.25 | TP: 7292.25 | P&L: $+750.00 | +1.5 to trail
  💰 Daily P&L: $+0.00

[2026-05-01 09:48] O:7281.75 H:7284.25 L:7280.50 C:7283.75 V:2188.0
  📈 Trend: moderate_bearish
  🗺️  Grid: 0.080% | 🔺 7285.50 🔻 7281.50
  📡 RSI: 48.7 | MACD: -2.41 | ATR: 4.04
  📊 Filled: 1 | Pending: 0
  📍 LONG @ 7280.25 | SL: 7272.25 | TP: 7292.25 | P&L: $+1,750.00 | +0.8 to trail
  💰 Daily P&L: $+0.00

[2026-05-01 09:49] O:7283.75 H:7284.00 L:7282.25 C:7283.00 V:2088.0
  📈 Trend: moderate_bearish
  🗺️  Grid: 0.080% | 🔺 7284.25 🔻 7280.50
  📡 RSI: 49.6 | MACD: -2.20 | ATR: 3.98
  📊 Filled: 1 | Pending: 0
  📍 LONG @ 7280.25 | SL: 7272.25 | TP: 7292.25 | P&L: $+1,375.00 | +0.8 to trail
  💰 Daily P&L: $+0.00

[2026-05-01 09:50] O:7282.75 H:7282.75 L:7277.75 C:7280.00 V:4093.0
  📈 Trend: moderate_bearish
  🗺️  Grid: 0.080% | 🔺 7284.00 🔻 7282.25
  📡 RSI: 51.3 | MACD: -2.24 | ATR: 3.98
  📊 Filled: 1 | Pending: 0
  📍 LONG @ 7280.25 | SL: 7272.25 | TP: 7292.25 | P&L: $-125.00 | +0.8 to trail
  💰 Daily P&L: $+0.00

[2026-05-01 09:51] O:7280.25 H:7284.50 L:7279.25 C:7284.00 V:2842.0
  📈 Trend: moderate_bearish
  🗺️  Grid: 0.080% | 🔺 7282.75 🔻 7277.75
  📡 RSI: 64.3 | MACD: -1.94 | ATR: 3.91
  📊 Filled: 1 | Pending: 0
  📍 LONG @ 7280.25 | SL: 7272.25 | TP: 7292.25 | P&L: $+1,875.00 | +0.8 to trail
  💰 Daily P&L: $+0.00

[2026-05-01 09:52] O:7283.75 H:7284.50 L:7281.50 C:7282.25 V:2088.0
  📈 Trend: moderate_bearish
  🗺️  Grid: 0.080% | 🔺 7284.50 🔻 7279.25
  📡 RSI: 55.6 | MACD: -1.81 | ATR: 3.80
  📊 Filled: 1 | Pending: 0
  📍 LONG @ 7280.25 | SL: 7272.25 | TP: 7292.25 | P&L: $+1,000.00 | +0.8 to trail
  💰 Daily P&L: $+0.00

[2026-05-01 09:53] O:7282.50 H:7283.00 L:7281.25 C:7282.00 V:1703.0
  📈 Trend: moderate_bearish
  🗺️  Grid: 0.080% | 🔺 7284.50 🔻 7281.50
  📡 RSI: 53.3 | MACD: -1.71 | ATR: 3.61
  📊 Filled: 1 | Pending: 0
  📍 LONG @ 7280.25 | SL: 7272.25 | TP: 7292.25 | P&L: $+875.00 | +0.8 to trail
  💰 Daily P&L: $+0.00

[2026-05-01 09:54] O:7281.75 H:7283.25 L:7279.75 C:7280.00 V:2076.0
  📈 Trend: moderate_bearish
  🗺️  Grid: 0.080% | 🔺 7283.00 🔻 7281.25
  📡 RSI: 53.3 | MACD: -1.78 | ATR: 3.54
  📊 Filled: 1 | Pending: 0
  📍 LONG @ 7280.25 | SL: 7272.25 | TP: 7292.25 | P&L: $-125.00 | +0.8 to trail
  💰 Daily P&L: $+0.00

[2026-05-01 09:55] O:7280.00 H:7282.25 L:7279.50 C:7282.25 V:2574.0
  📈 Trend: moderate_bearish (raw: moderate_bullish)
  🗺️  Grid: 0.080% | 🔺 7283.25 🔻 7279.75
  📡 RSI: 59.1 | MACD: -1.63 | ATR: 3.54
  📊 Filled: 1 | Pending: 0
  📍 LONG @ 7280.25 | SL: 7272.25 | TP: 7292.25 | P&L: $+1,000.00 | +0.8 to trail
  💰 Daily P&L: $+0.00

[2026-05-01 09:56] O:7282.00 H:7283.25 L:7281.50 C:7281.75 V:1969.0
  📈 Trend: moderate_bullish
  🗺️  Grid: 0.080% | 🔺 7282.25 🔻 7279.50
  📡 RSI: 54.4 | MACD: -1.53 | ATR: 3.38
  📊 Filled: 1 | Pending: 0
  📍 LONG @ 7280.25 | SL: 7272.25 | TP: 7292.25 | P&L: $+750.00 | +0.8 to trail
  💰 Daily P&L: $+0.00

[2026-05-01 09:57] O:7281.75 H:7282.75 L:7281.25 C:7281.75 V:1761.0
  📈 Trend: moderate_bullish
  🗺️  Grid: 0.080% | 🔺 7283.25 🔻 7281.50
  📡 RSI: 46.0 | MACD: -1.44 | ATR: 3.16
  📊 Filled: 1 | Pending: 0
  📍 LONG @ 7280.25 | SL: 7272.25 | TP: 7292.25 | P&L: $+750.00 | +0.8 to trail
  💰 Daily P&L: $+0.00

[2026-05-01 09:58] O:7281.50 H:7282.00 L:7279.25 C:7280.25 V:1813.0
  📈 Trend: moderate_bullish (raw: moderate_bearish)
  🗺️  Grid: 0.080% | 🔺 7282.75 🔻 7281.25
  📡 RSI: 47.6 | MACD: -1.47 | ATR: 3.04
  📊 Filled: 1 | Pending: 0
  📍 LONG @ 7280.25 | SL: 7272.25 | TP: 7292.25 | P&L: $+0.00 | +0.8 to trail
  💰 Daily P&L: $+0.00

[2026-05-01 09:59] O:7280.25 H:7282.25 L:7278.50 C:7278.50 V:2433.0
  📈 Trend: moderate_bullish
  🗺️  Grid: 0.080% | 🔺 7282.00 🔻 7279.25
  📡 RSI: 40.0 | MACD: -1.61 | ATR: 3.07
  📊 Filled: 1 | Pending: 0
  📍 LONG @ 7280.25 | SL: 7272.25 | TP: 7292.25 | P&L: $-875.00 | +0.8 to trail
  💰 Daily P&L: $+0.00

[2026-05-01 10:00] O:7278.50 H:7279.50 L:7276.00 C:7277.75 V:4900.0
  📈 Trend: moderate_bullish
  🗺️  Grid: 0.080% | 🔺 7282.25 🔻 7278.50
  📡 RSI: 37.9 | MACD: -1.77 | ATR: 3.16
  📊 Filled: 1 | Pending: 0
  📍 LONG @ 7280.25 | SL: 7272.25 | TP: 7292.25 | P&L: $-1,250.00 | +0.8 to trail
  💰 Daily P&L: $+0.00

[2026-05-01 10:01] O:7278.00 H:7278.00 L:7273.25 C:7276.50 V:4506.0
  📈 Trend: moderate_bullish (raw: strong_bearish)
  🗺️  Grid: 0.080% | 🔺 7279.50 🔻 7276.00
  📡 RSI: 37.9 | MACD: -1.97 | ATR: 3.21
  📊 Filled: 1 | Pending: 0
  📍 LONG @ 7280.25 | SL: 7272.25 | TP: 7292.25 | P&L: $-1,875.00 | +0.8 to trail
  💰 Daily P&L: $+0.00
  ✅ Fill: SLD 10.0 @ 7272.0
  📋 Order 221 status: Filled

[2026-05-01 10:02] O:7276.25 H:7277.00 L:7272.00 C:7275.00 V:3935.0
  📈 Trend: strong_bearish
  🗺️  Grid: 0.080% | 🔺 7278.00 🔻 7273.25
  📡 RSI: 29.4 | MACD: -2.23 | ATR: 3.30
  📊 Filled: 1 | Pending: 0
  📍 LONG @ 7280.25 | SL: 7272.25 | TP: 7292.25 | P&L: $-2,625.00 | +0.8 to trail
  📋 Order 222 status: PendingCancel
  📋 Order 222 status: Cancelled
  ❌ EXIT LONG @ 7272.00 | Stop Loss
     P&L: -8.25 pts ($-4,125.00) | Daily: $-4,125.00
  ⏸️ Cooldown: 2 bar(s) remaining after exit
  💰 Daily P&L: $-4,125.00

[2026-05-01 10:03] O:7275.25 H:7277.25 L:7274.25 C:7275.75 V:2999.0
  📈 Trend: strong_bearish
  🗺️  Grid: 0.080% | 🔺 7277.00 🔻 7272.00
  📡 RSI: 32.9 | MACD: -2.34 | ATR: 3.39
  📊 Filled: 0 | Pending: 0
  ⏸️ Cooldown: 1 bar(s) remaining after exit
  💰 Daily P&L: $-4,125.00

[2026-05-01 10:04] O:7275.50 H:7276.50 L:7272.75 C:7274.50 V:3669.0
  📈 Trend: strong_bearish
  🗺️  Grid: 0.080% | 🔺 7277.25 🔻 7274.25
  📡 RSI: 35.9 | MACD: -2.51 | ATR: 3.29
  📊 Filled: 0 | Pending: 0
  💰 Daily P&L: $-4,125.00

[2026-05-01 10:05] O:7274.75 H:7276.75 L:7272.75 C:7276.50 V:3191.0
  📈 Trend: strong_bearish
  🗺️  Grid: 0.080% | 🔺 7276.50 🔻 7272.75
  📡 RSI: 28.6 | MACD: -2.45 | ATR: 3.20
  📊 Filled: 0 | Pending: 0
  💰 Daily P&L: $-4,125.00

[2026-05-01 10:06] O:7276.50 H:7277.50 L:7273.50 C:7275.25 V:2920.0
  📈 Trend: strong_bearish
  🗺️  Grid: 0.080% | 🔺 7276.75 🔻 7272.75
  📡 RSI: 29.4 | MACD: -2.47 | ATR: 3.27
  📊 Filled: 0 | Pending: 0
  💰 Daily P&L: $-4,125.00

[2026-05-01 10:07] O:7275.00 H:7275.75 L:7273.50 C:7273.75 V:1820.0
  📈 Trend: strong_bearish
  🗺️  Grid: 0.080% | 🔺 7277.50 🔻 7273.50
  📡 RSI: 27.4 | MACD: -2.58 | ATR: 3.30
  📊 Filled: 0 | Pending: 0
  💰 Daily P&L: $-4,125.00

[2026-05-01 10:08] O:7273.50 H:7276.25 L:7273.25 C:7276.00 V:1925.0
  📈 Trend: strong_bearish
  🗺️  Grid: 0.080% | 🔺 7275.75 🔻 7273.50
  📡 RSI: 39.2 | MACD: -2.46 | ATR: 3.27
  📊 Filled: 0 | Pending: 0
  💰 Daily P&L: $-4,125.00

[2026-05-01 10:09] O:7276.00 H:7278.25 L:7275.00 C:7277.75 V:2074.0
  📈 Trend: strong_bearish (raw: moderate_bearish)
  🗺️  Grid: 0.080% | 🔺 7276.25 🔻 7273.25
  📡 RSI: 37.5 | MACD: -2.20 | ATR: 3.30
  📊 Filled: 0 | Pending: 0
  💰 Daily P&L: $-4,125.00

[2026-05-01 10:10] O:7277.75 H:7278.50 L:7274.75 C:7275.25 V:3014.0
  📈 Trend: moderate_bearish
  🗺️  Grid: 0.080% | 🔺 7278.25 🔻 7275.00
  📡 RSI: 33.8 | MACD: -2.16 | ATR: 3.45
  📊 Filled: 0 | Pending: 0
  💰 Daily P&L: $-4,125.00

[2026-05-01 10:11] O:7275.25 H:7278.25 L:7275.00 C:7277.75 V:1723.0
  📈 Trend: moderate_bearish
  🗺️  Grid: 0.080% | 🔺 7278.50 🔻 7274.75
  📡 RSI: 41.1 | MACD: -1.92 | ATR: 3.57
  📊 Filled: 0 | Pending: 0
  💰 Daily P&L: $-4,125.00

[2026-05-01 10:12] O:7277.75 H:7280.50 L:7277.50 C:7280.25 V:2275.0
  📈 Trend: moderate_bearish
  🗺️  Grid: 0.080% | 🔺 7278.25 🔻 7275.00
  📡 RSI: 50.0 | MACD: -1.50 | ATR: 3.59
  📊 Filled: 0 | Pending: 0
  💰 Daily P&L: $-4,125.00

[2026-05-01 10:13] O:7280.00 H:7281.50 L:7278.50 C:7281.25 V:2686.0
  📈 Trend: moderate_bearish (raw: moderate_bullish)
  🗺️  Grid: 0.080% | 🔺 7280.50 🔻 7277.50
  📡 RSI: 56.0 | MACD: -1.08 | ATR: 3.54
  📊 Filled: 0 | Pending: 0
  💰 Daily P&L: $-4,125.00

[2026-05-01 10:14] O:7281.00 H:7281.50 L:7279.00 C:7281.25 V:2168.0
  📈 Trend: moderate_bearish
  🗺️  Grid: 0.080% | 🔺 7281.50 🔻 7278.50
  📡 RSI: 58.0 | MACD: -0.73 | ATR: 3.46
  📊 Filled: 0 | Pending: 0
  💰 Daily P&L: $-4,125.00

[2026-05-01 10:15] O:7281.25 H:7283.25 L:7281.00 C:7281.25 V:2940.0
  📈 Trend: moderate_bearish
  🗺️  Grid: 0.080% | 🔺 7281.50 🔻 7279.00
  📡 RSI: 61.4 | MACD: -0.45 | ATR: 3.29
  📊 Filled: 0 | Pending: 0
  💰 Daily P&L: $-4,125.00

[2026-05-01 10:16] O:7281.50 H:7283.00 L:7279.50 C:7280.00 V:2129.0
  📈 Trend: moderate_bearish
  🗺️  Grid: 0.080% | 🔺 7283.25 🔻 7281.00
  📡 RSI: 62.2 | MACD: -0.33 | ATR: 3.18
  📊 Filled: 0 | Pending: 0
  📤 Limit SELL 10 @ 7280.00 submitted (ID: 223)
  📋 Order 223 status: PreSubmitted
  ✅ Fill: SLD 10.0 @ 7280.75
  📋 Order 223 status: Filled
  ⬇️ SHORT ORDER @ 7280.00 | Size: 1.00 | SL: 7288.75 | TP: 7267.00 [10cts]
     Reason: Grid Short (moderate_bearish, RSI: 62.2)
     ⏳ Order 223 PENDING - awaiting fill confirmation
  💰 Daily P&L: $-4,125.00
  📤 Stop-Limit BUY 10 @ stop:7288.75 / lmt:7292.75 submitted (ID: 224)
  📋 Order 224 status: PreSubmitted
  📤 Limit BUY 10 @ 7268.75 submitted (ID: 225)
  📋 Order 225 status: Submitted
  ✅ FILL CONFIRMED: SHORT @ 7280.75 (order 223)
     📊 Bracket placed: SL #224 @ 7288.75 | TP #225 @ 7268.75
     Trail activates @ +6.0 pts

[2026-05-01 10:17] O:7280.00 H:7282.00 L:7279.50 C:7281.75 V:1637.0
  📈 Trend: moderate_bearish (raw: moderate_bullish)
  🗺️  Grid: 0.080% | 🔺 7283.00 🔻 7279.50
  📡 RSI: 64.0 | MACD: -0.09 | ATR: 3.14
  📊 Filled: 1 | Pending: 0
  📍 SHORT @ 7280.75 | SL: 7288.75 | TP: 7268.75 | P&L: $-500.00 | +6.0 to trail
  💰 Daily P&L: $-4,125.00

[2026-05-01 10:18] O:7281.75 H:7282.25 L:7280.25 C:7280.75 V:1561.0
  📈 Trend: moderate_bearish (raw: strong_bullish)
  🗺️  Grid: 0.080% | 🔺 7282.00 🔻 7279.50
  📡 RSI: 64.7 | MACD: 0.02 | ATR: 3.02
  📊 Filled: 1 | Pending: 0
  📍 SHORT @ 7280.75 | SL: 7288.75 | TP: 7268.75 | P&L: $+0.00 | +4.8 to trail
  💰 Daily P&L: $-4,125.00

[2026-05-01 10:19] O:7280.50 H:7281.75 L:7279.00 C:7281.50 V:2266.0
  📈 Trend: strong_bullish
  🗺️  Grid: 0.080% | 🔺 7282.25 🔻 7280.25
  📡 RSI: 62.5 | MACD: 0.16 | ATR: 2.93
  📊 Filled: 1 | Pending: 0
  📍 SHORT @ 7280.75 | SL: 7288.75 | TP: 7268.75 | P&L: $-375.00 | +4.8 to trail
  💰 Daily P&L: $-4,125.00

[2026-05-01 10:20] O:7281.25 H:7283.75 L:7281.00 C:7282.50 V:2018.0
  📈 Trend: strong_bullish
  🗺️  Grid: 0.080% | 🔺 7281.75 🔻 7279.00
  📡 RSI: 68.4 | MACD: 0.35 | ATR: 2.84
  📊 Filled: 1 | Pending: 0
  📍 SHORT @ 7280.75 | SL: 7288.75 | TP: 7268.75 | P&L: $-875.00 | +4.2 to trail
  💰 Daily P&L: $-4,125.00

[2026-05-01 10:21] O:7282.50 H:7283.75 L:7281.75 C:7283.75 V:1444.0
  📈 Trend: strong_bullish
  🗺️  Grid: 0.080% | 🔺 7283.75 🔻 7281.00
  📡 RSI: 75.6 | MACD: 0.60 | ATR: 2.82
  📊 Filled: 1 | Pending: 0
  📍 SHORT @ 7280.75 | SL: 7288.75 | TP: 7268.75 | P&L: $-1,500.00 | +4.2 to trail
  💰 Daily P&L: $-4,125.00

[2026-05-01 10:22] O:7283.50 H:7284.25 L:7282.00 C:7282.75 V:1660.0
  📈 Trend: strong_bullish
  🗺️  Grid: 0.080% | 🔺 7283.75 🔻 7281.75
  📡 RSI: 68.5 | MACD: 0.71 | ATR: 2.77
  📊 Filled: 1 | Pending: 0
  📍 SHORT @ 7280.75 | SL: 7288.75 | TP: 7268.75 | P&L: $-1,000.00 | +4.2 to trail
  💰 Daily P&L: $-4,125.00

[2026-05-01 10:23] O:7282.50 H:7285.00 L:7282.50 C:7284.50 V:2347.0
  📈 Trend: strong_bullish
  🗺️  Grid: 0.080% | 🔺 7284.25 🔻 7282.00
  📡 RSI: 68.5 | MACD: 0.92 | ATR: 2.71
  📊 Filled: 1 | Pending: 0
  📍 SHORT @ 7280.75 | SL: 7288.75 | TP: 7268.75 | P&L: $-1,875.00 | +4.2 to trail
  💰 Daily P&L: $-4,125.00

[2026-05-01 10:24] O:7284.50 H:7285.25 L:7283.25 C:7284.50 V:1326.0
  📈 Trend: strong_bullish
  🗺️  Grid: 0.080% | 🔺 7285.00 🔻 7282.50
  📡 RSI: 79.4 | MACD: 1.08 | ATR: 2.59
  📊 Filled: 1 | Pending: 0
  📍 SHORT @ 7280.75 | SL: 7288.75 | TP: 7268.75 | P&L: $-1,875.00 | +4.2 to trail
  💰 Daily P&L: $-4,125.00

[2026-05-01 10:25] O:7284.50 H:7285.25 L:7283.50 C:7283.50 V:1840.0
  📈 Trend: strong_bullish
  🗺️  Grid: 0.080% | 🔺 7285.25 🔻 7283.25
  📡 RSI: 70.2 | MACD: 1.11 | ATR: 2.48
  📊 Filled: 1 | Pending: 0
  📍 SHORT @ 7280.75 | SL: 7288.75 | TP: 7268.75 | P&L: $-1,375.00 | +4.2 to trail
  💰 Daily P&L: $-4,125.00

[2026-05-01 10:26] O:7283.75 H:7284.50 L:7282.50 C:7284.00 V:1508.0
  📈 Trend: strong_bullish
  🗺️  Grid: 0.080% | 🔺 7285.25 🔻 7283.50
  📡 RSI: 65.3 | MACD: 1.16 | ATR: 2.41
  📊 Filled: 1 | Pending: 0
  📍 SHORT @ 7280.75 | SL: 7288.75 | TP: 7268.75 | P&L: $-1,625.00 | +4.2 to trail
  💰 Daily P&L: $-4,125.00

[2026-05-01 10:27] O:7284.00 H:7284.50 L:7283.00 C:7283.75 V:1077.0
  📈 Trend: strong_bullish
  🗺️  Grid: 0.080% | 🔺 7284.50 🔻 7282.50
  📡 RSI: 60.9 | MACD: 1.17 | ATR: 2.30
  📊 Filled: 1 | Pending: 0
  📍 SHORT @ 7280.75 | SL: 7288.75 | TP: 7268.75 | P&L: $-1,500.00 | +4.2 to trail
  💰 Daily P&L: $-4,125.00

[2026-05-01 10:28] O:7283.75 H:7283.75 L:7281.25 C:7282.00 V:2114.0
  📈 Trend: strong_bullish
  🗺️  Grid: 0.080% | 🔺 7284.50 🔻 7283.00
  📡 RSI: 52.8 | MACD: 1.02 | ATR: 2.30
  📊 Filled: 1 | Pending: 0
  📍 SHORT @ 7280.75 | SL: 7288.75 | TP: 7268.75 | P&L: $-625.00 | +4.2 to trail
  💰 Daily P&L: $-4,125.00

[2026-05-01 10:29] O:7282.00 H:7284.75 L:7282.00 C:7284.25 V:1619.0
  📈 Trend: strong_bullish
  🗺️  Grid: 0.080% | 🔺 7283.75 🔻 7281.25
  📡 RSI: 59.7 | MACD: 1.07 | ATR: 2.34
  📊 Filled: 1 | Pending: 0
  📍 SHORT @ 7280.75 | SL: 7288.75 | TP: 7268.75 | P&L: $-1,750.00 | +4.2 to trail
  💰 Daily P&L: $-4,125.00

[2026-05-01 10:30] O:7284.50 H:7286.25 L:7284.25 C:7285.25 V:1794.0
  📈 Trend: strong_bullish
  🗺️  Grid: 0.080% | 🔺 7284.75 🔻 7282.00
  📡 RSI: 67.2 | MACD: 1.18 | ATR: 2.23
  📊 Filled: 1 | Pending: 0
  📍 SHORT @ 7280.75 | SL: 7288.75 | TP: 7268.75 | P&L: $-2,250.00 | +4.2 to trail
  💰 Daily P&L: $-4,125.00

[2026-05-01 10:31] O:7285.25 H:7286.75 L:7284.75 C:7285.00 V:1656.0
  📈 Trend: strong_bullish
  🗺️  Grid: 0.080% | 🔺 7286.25 🔻 7284.25
  📡 RSI: 61.8 | MACD: 1.24 | ATR: 2.20
  📊 Filled: 1 | Pending: 0
  📍 SHORT @ 7280.75 | SL: 7288.75 | TP: 7268.75 | P&L: $-2,125.00 | +4.2 to trail
  💰 Daily P&L: $-4,125.00

[2026-05-01 10:32] O:7284.75 H:7285.50 L:7283.75 C:7285.50 V:1703.0
  📈 Trend: strong_bullish
  🗺️  Grid: 0.080% | 🔺 7286.75 🔻 7284.75
  📡 RSI: 67.9 | MACD: 1.30 | ATR: 2.18
  📊 Filled: 1 | Pending: 0
  📍 SHORT @ 7280.75 | SL: 7288.75 | TP: 7268.75 | P&L: $-2,375.00 | +4.2 to trail
  💰 Daily P&L: $-4,125.00

[2026-05-01 10:33] O:7285.50 H:7286.25 L:7283.75 C:7283.75 V:1406.0
  📈 Trend: strong_bullish
  🗺️  Grid: 0.080% | 🔺 7285.50 🔻 7283.75
  📡 RSI: 57.9 | MACD: 1.20 | ATR: 2.16
  📊 Filled: 1 | Pending: 0
  📍 SHORT @ 7280.75 | SL: 7288.75 | TP: 7268.75 | P&L: $-1,500.00 | +4.2 to trail
  💰 Daily P&L: $-4,125.00

[2026-05-01 10:34] O:7283.75 H:7285.25 L:7283.00 C:7284.25 V:1373.0
  📈 Trend: strong_bullish
  🗺️  Grid: 0.080% | 🔺 7286.25 🔻 7283.75
  📡 RSI: 56.4 | MACD: 1.14 | ATR: 2.12
  📊 Filled: 1 | Pending: 0
  📍 SHORT @ 7280.75 | SL: 7288.75 | TP: 7268.75 | P&L: $-1,750.00 | +4.2 to trail
  💰 Daily P&L: $-4,125.00

[2026-05-01 10:35] O:7284.00 H:7284.75 L:7283.50 C:7284.25 V:950.0
  📈 Trend: strong_bullish
  🗺️  Grid: 0.080% | 🔺 7285.25 🔻 7283.00
  📡 RSI: 52.0 | MACD: 1.09 | ATR: 2.07
  📊 Filled: 1 | Pending: 0
  📍 SHORT @ 7280.75 | SL: 7288.75 | TP: 7268.75 | P&L: $-1,750.00 | +4.2 to trail
  💰 Daily P&L: $-4,125.00

[2026-05-01 10:36] O:7284.00 H:7285.75 L:7284.00 C:7285.75 V:1144.0
  📈 Trend: strong_bullish
  🗺️  Grid: 0.080% | 🔺 7284.75 🔻 7283.50
  📡 RSI: 61.5 | MACD: 1.15 | ATR: 2.04
  📊 Filled: 1 | Pending: 0
  📍 SHORT @ 7280.75 | SL: 7288.75 | TP: 7268.75 | P&L: $-2,500.00 | +4.2 to trail
  💰 Daily P&L: $-4,125.00
  ✅ Fill: BOT 10.0 @ 7285.75
  📋 Order 224 status: Filled

[2026-05-01 10:37] O:7285.50 H:7292.25 L:7285.25 C:7290.25 V:5965.0
  📈 Trend: strong_bullish
  🗺️  Grid: 0.080% | 🔺 7285.75 🔻 7284.00
  📡 RSI: 68.3 | MACD: 1.55 | ATR: 2.36
  📊 Filled: 1 | Pending: 0
  📍 SHORT @ 7280.75 | SL: 7288.75 | TP: 7268.75 | P&L: $-4,750.00 | +4.2 to trail
  📋 Order 225 status: PendingCancel
  📋 Order 225 status: Cancelled
  ❌ EXIT SHORT @ 7285.75 | Stop Loss
     P&L: -5.00 pts ($-2,500.00) | Daily: $-6,625.00
  ⏸️ Cooldown: 2 bar(s) remaining after exit
  💰 Daily P&L: $-6,625.00

[2026-05-01 10:38] O:7290.50 H:7291.00 L:7289.25 C:7289.75 V:2381.0
  📈 Trend: strong_bullish
  🗺️  Grid: 0.080% | 🔺 7292.25 🔻 7285.25
  📡 RSI: 66.2 | MACD: 1.80 | ATR: 2.34
  📊 Filled: 0 | Pending: 0
  ⏸️ Cooldown: 1 bar(s) remaining after exit
  💰 Daily P&L: $-6,625.00

[2026-05-01 10:39] O:7289.75 H:7291.00 L:7289.00 C:7289.25 V:1523.0
  📈 Trend: strong_bullish
  🗺️  Grid: 0.080% | 🔺 7291.00 🔻 7289.25
  📡 RSI: 68.3 | MACD: 1.94 | ATR: 2.36
  📊 Filled: 0 | Pending: 0
  💰 Daily P&L: $-6,625.00

[2026-05-01 10:40] O:7289.50 H:7291.25 L:7289.25 C:7290.50 V:2133.0
  📈 Trend: strong_bullish
  🗺️  Grid: 0.080% | 🔺 7291.00 🔻 7289.00
  📡 RSI: 69.7 | MACD: 2.12 | ATR: 2.36
  📊 Filled: 0 | Pending: 0
  💰 Daily P&L: $-6,625.00

[2026-05-01 10:41] O:7290.50 H:7291.25 L:7289.50 C:7290.75 V:2172.0
  📈 Trend: strong_bullish
  🗺️  Grid: 0.080% | 🔺 7291.25 🔻 7289.25
  📡 RSI: 71.2 | MACD: 2.27 | ATR: 2.38
  📊 Filled: 0 | Pending: 0
  💰 Daily P&L: $-6,625.00

[2026-05-01 10:42] O:7291.00 H:7292.00 L:7290.25 C:7290.75 V:1543.0
  📈 Trend: strong_bullish
  🗺️  Grid: 0.080% | 🔺 7291.25 🔻 7289.50
  📡 RSI: 79.7 | MACD: 2.35 | ATR: 2.32
  📊 Filled: 0 | Pending: 0
  💰 Daily P&L: $-6,625.00

[2026-05-01 10:43] O:7291.00 H:7292.00 L:7291.00 C:7291.75 V:1475.0
  📈 Trend: strong_bullish
  🗺️  Grid: 0.080% | 🔺 7292.00 🔻 7290.25
  📡 RSI: 77.8 | MACD: 2.47 | ATR: 2.21
  📊 Filled: 0 | Pending: 0
  💰 Daily P&L: $-6,625.00

[2026-05-01 10:44] O:7291.75 H:7292.25 L:7291.25 C:7291.75 V:1488.0
  📈 Trend: strong_bullish
  🗺️  Grid: 0.080% | 🔺 7292.00 🔻 7291.00
  📡 RSI: 76.0 | MACD: 2.53 | ATR: 2.14
  📊 Filled: 0 | Pending: 0
  💰 Daily P&L: $-6,625.00

[2026-05-01 10:45] O:7292.00 H:7292.75 L:7291.50 C:7291.50 V:1716.0
  📈 Trend: strong_bullish
  🗺️  Grid: 0.080% | 🔺 7292.25 🔻 7291.25
  📡 RSI: 76.0 | MACD: 2.54 | ATR: 2.09
  📊 Filled: 0 | Pending: 0
  💰 Daily P&L: $-6,625.00

[2026-05-01 10:46] O:7291.75 H:7294.00 L:7291.50 C:7293.75 V:1602.0
  📈 Trend: strong_bullish
  🗺️  Grid: 0.080% | 🔺 7292.75 🔻 7291.50
  📡 RSI: 78.9 | MACD: 2.69 | ATR: 2.14
  📊 Filled: 0 | Pending: 0
  💰 Daily P&L: $-6,625.00

[2026-05-01 10:47] O:7294.00 H:7295.00 L:7293.75 C:7294.75 V:1638.0
  📈 Trend: strong_bullish
  🗺️  Grid: 0.080% | 🔺 7294.00 🔻 7291.50
  📡 RSI: 90.7 | MACD: 2.86 | ATR: 2.05
  📊 Filled: 0 | Pending: 0
  💰 Daily P&L: $-6,625.00

[2026-05-01 10:48] O:7294.75 H:7295.50 L:7294.25 C:7294.50 V:1521.0
  📈 Trend: strong_bullish
  🗺️  Grid: 0.080% | 🔺 7295.00 🔻 7293.75
  📡 RSI: 88.7 | MACD: 2.94 | ATR: 1.98
  📊 Filled: 0 | Pending: 0
  💰 Daily P&L: $-6,625.00

[2026-05-01 10:49] O:7294.75 H:7295.00 L:7294.00 C:7294.50 V:1308.0
  📈 Trend: strong_bullish
  🗺️  Grid: 0.080% | 🔺 7295.50 🔻 7294.25
  📡 RSI: 88.7 | MACD: 2.97 | ATR: 1.96
  📊 Filled: 0 | Pending: 0
  💰 Daily P&L: $-6,625.00

[2026-05-01 10:50] O:7294.75 H:7295.75 L:7278.50 C:7286.00 V:13225.0
  📈 Trend: strong_bullish
  🗺️  Grid: 0.080% | 🔺 7295.00 🔻 7294.00
  📡 RSI: 50.6 | MACD: 2.28 | ATR: 3.07
  📊 Filled: 0 | Pending: 0
  💰 Daily P&L: $-6,625.00

[2026-05-01 10:51] O:7286.25 H:7287.75 L:7282.50 C:7287.00 V:6376.0
  📈 Trend: strong_bullish
  🗺️  Grid: 0.080% | 🔺 7295.75 🔻 7278.50
  📡 RSI: 40.3 | MACD: 1.79 | ATR: 2.95
  📊 Filled: 0 | Pending: 0
  💰 Daily P&L: $-6,625.00

[2026-05-01 10:52] O:7287.50 H:7287.75 L:7283.50 C:7286.75 V:2796.0
  📈 Trend: strong_bullish
  🗺️  Grid: 0.080% | 🔺 7287.75 🔻 7282.50
  📡 RSI: 40.9 | MACD: 1.37 | ATR: 3.12
  📊 Filled: 0 | Pending: 0
  💰 Daily P&L: $-6,625.00

[2026-05-01 10:53] O:7286.50 H:7286.75 L:7284.00 C:7285.00 V:2459.0
  📈 Trend: strong_bullish
  🗺️  Grid: 0.080% | 🔺 7287.75 🔻 7283.50
  📡 RSI: 38.0 | MACD: 0.88 | ATR: 3.18
  📊 Filled: 0 | Pending: 0
  💰 Daily P&L: $-6,625.00

[2026-05-01 10:54] O:7285.00 H:7287.00 L:7285.00 C:7286.75 V:2038.0
  📈 Trend: strong_bullish
  🗺️  Grid: 0.080% | 🔺 7286.75 🔻 7284.00
  📡 RSI: 39.7 | MACD: 0.63 | ATR: 3.18
  📊 Filled: 0 | Pending: 0
  💰 Daily P&L: $-6,625.00

[2026-05-01 10:55] O:7287.00 H:7289.00 L:7286.25 C:7288.25 V:2006.0
  📈 Trend: strong_bullish
  🗺️  Grid: 0.080% | 🔺 7287.00 🔻 7285.00
  📡 RSI: 43.6 | MACD: 0.55 | ATR: 3.25
  📊 Filled: 0 | Pending: 0
  📤 Limit BUY 10 @ 7288.25 submitted (ID: 226)
  📋 Order 226 status: PreSubmitted
  ✅ Fill: BOT 10.0 @ 7288.25
  📋 Order 226 status: Filled
  ⬆️ LONG ORDER @ 7288.25 | Size: 1.00 | SL: 7279.50 | TP: 7301.25 [10cts]
     Reason: Grid Long (strong_bullish, RSI: 43.6)
     ⏳ Order 226 PENDING - awaiting fill confirmation
  💰 Daily P&L: $-6,625.00
  📤 Stop-Limit SELL 10 @ stop:7280.25 / lmt:7276.25 submitted (ID: 227)
  📋 Order 227 status: PreSubmitted
  📤 Limit SELL 10 @ 7300.25 submitted (ID: 228)
  📋 Order 228 status: Submitted
  ✅ FILL CONFIRMED: LONG @ 7288.25 (order 226)
     📊 Bracket placed: SL #227 @ 7280.25 | TP #228 @ 7300.25
     Trail activates @ +6.0 pts

[2026-05-01 10:56] O:7288.25 H:7288.75 L:7287.75 C:7288.75 V:1542.0
  📈 Trend: strong_bullish (raw: moderate_bullish)
  🗺️  Grid: 0.080% | 🔺 7289.00 🔻 7286.25
  📡 RSI: 45.0 | MACD: 0.52 | ATR: 3.20
  📊 Filled: 1 | Pending: 0
  📍 LONG @ 7288.25 | SL: 7280.25 | TP: 7300.25 | P&L: $+250.00 | +6.0 to trail
  💰 Daily P&L: $-6,625.00

[2026-05-01 10:57] O:7288.75 H:7289.50 L:7284.75 C:7284.75 V:1901.0
  📈 Trend: moderate_bullish
  🗺️  Grid: 0.080% | 🔺 7288.75 🔻 7287.75
  📡 RSI: 34.8 | MACD: 0.17 | ATR: 3.45
  📊 Filled: 1 | Pending: 0
  📍 LONG @ 7288.25 | SL: 7280.25 | TP: 7300.25 | P&L: $-1,750.00 | +5.5 to trail
  💰 Daily P&L: $-6,625.00

[2026-05-01 10:58] O:7284.75 H:7285.75 L:7284.00 C:7285.50 V:1510.0
  📈 Trend: moderate_bullish
  🗺️  Grid: 0.080% | 🔺 7289.50 🔻 7284.75
  📡 RSI: 36.8 | MACD: -0.05 | ATR: 3.50
  📊 Filled: 1 | Pending: 0
  📍 LONG @ 7288.25 | SL: 7280.25 | TP: 7300.25 | P&L: $-1,375.00 | +4.8 to trail
  💰 Daily P&L: $-6,625.00

[2026-05-01 10:59] O:7285.75 H:7286.50 L:7285.00 C:7285.25 V:1035.0
  📈 Trend: moderate_bullish
  🗺️  Grid: 0.080% | 🔺 7285.75 🔻 7284.00
  📡 RSI: 36.8 | MACD: -0.24 | ATR: 3.52
  📊 Filled: 1 | Pending: 0
  📍 LONG @ 7288.25 | SL: 7280.25 | TP: 7300.25 | P&L: $-1,500.00 | +4.8 to trail
  💰 Daily P&L: $-6,625.00

[2026-05-01 11:00] O:7285.25 H:7287.25 L:7284.50 C:7285.25 V:1633.0
  📈 Trend: moderate_bullish
  🗺️  Grid: 0.080% | 🔺 7286.50 🔻 7285.00
  📡 RSI: 30.2 | MACD: -0.38 | ATR: 3.54
  📊 Filled: 1 | Pending: 0
  📍 LONG @ 7288.25 | SL: 7280.25 | TP: 7300.25 | P&L: $-1,500.00 | +4.8 to trail
  💰 Daily P&L: $-6,625.00

[2026-05-01 11:01] O:7285.50 H:7287.00 L:7285.50 C:7286.25 V:1201.0
  📈 Trend: moderate_bullish
  🗺️  Grid: 0.080% | 🔺 7287.25 🔻 7284.50
  📡 RSI: 30.2 | MACD: -0.41 | ATR: 3.57
  📊 Filled: 1 | Pending: 0
  📍 LONG @ 7288.25 | SL: 7280.25 | TP: 7300.25 | P&L: $-1,000.00 | +4.8 to trail
  💰 Daily P&L: $-6,625.00

[2026-05-01 11:02] O:7286.25 H:7287.75 L:7285.50 C:7285.75 V:1726.0
  📈 Trend: moderate_bullish
  🗺️  Grid: 0.080% | 🔺 7287.00 🔻 7285.50
  📡 RSI: 29.9 | MACD: -0.47 | ATR: 3.64
  📊 Filled: 1 | Pending: 0
  📍 LONG @ 7288.25 | SL: 7280.25 | TP: 7300.25 | P&L: $-1,250.00 | +4.8 to trail
  💰 Daily P&L: $-6,625.00

[2026-05-01 11:03] O:7285.75 H:7286.00 L:7284.75 C:7284.75 V:1105.0
  📈 Trend: moderate_bullish
  🗺️  Grid: 0.080% | 🔺 7287.75 🔻 7285.50
  📡 RSI: 28.6 | MACD: -0.59 | ATR: 3.66
  📊 Filled: 1 | Pending: 0
  📍 LONG @ 7288.25 | SL: 7280.25 | TP: 7300.25 | P&L: $-1,750.00 | +4.8 to trail
  💰 Daily P&L: $-6,625.00

[2026-05-01 11:04] O:7284.75 H:7286.25 L:7284.25 C:7285.25 V:1365.0
  📈 Trend: moderate_bullish
  🗺️  Grid: 0.080% | 🔺 7286.00 🔻 7284.75
  📡 RSI: 47.5 | MACD: -0.64 | ATR: 2.57
  📊 Filled: 1 | Pending: 0
  📍 LONG @ 7288.25 | SL: 7280.25 | TP: 7300.25 | P&L: $-1,500.00 | +4.8 to trail
  💰 Daily P&L: $-6,625.00

[2026-05-01 11:05] O:7285.50 H:7286.00 L:7283.00 C:7283.00 V:1552.0
  📈 Trend: moderate_bullish
  🗺️  Grid: 0.080% | 🔺 7286.25 🔻 7284.25
  📡 RSI: 37.5 | MACD: -0.85 | ATR: 2.41
  📊 Filled: 1 | Pending: 0
  📍 LONG @ 7288.25 | SL: 7280.25 | TP: 7300.25 | P&L: $-2,625.00 | +4.8 to trail
  💰 Daily P&L: $-6,625.00

[2026-05-01 11:06] O:7283.00 H:7284.00 L:7281.00 C:7283.00 V:1965.0
  📈 Trend: moderate_bullish
  🗺️  Grid: 0.080% | 🔺 7286.00 🔻 7283.00
  📡 RSI: 38.1 | MACD: -1.00 | ATR: 2.32
  📊 Filled: 1 | Pending: 0
  📍 LONG @ 7288.25 | SL: 7280.25 | TP: 7300.25 | P&L: $-2,625.00 | +4.8 to trail
  💰 Daily P&L: $-6,625.00
  ✅ Fill: SLD 10.0 @ 7280.25
  📋 Order 227 status: Filled

[2026-05-01 11:07] O:7283.25 H:7283.50 L:7280.00 C:7280.50 V:1819.0
  📈 Trend: moderate_bullish (raw: strong_bearish)
  🗺️  Grid: 0.080% | 🔺 7284.00 🔻 7281.00
  📡 RSI: 36.4 | MACD: -1.31 | ATR: 2.38
  📊 Filled: 1 | Pending: 0
  📍 LONG @ 7288.25 | SL: 7280.25 | TP: 7300.25 | P&L: $-3,875.00 | +4.8 to trail
  📋 Order 228 status: PendingCancel
  📋 Order 228 status: Cancelled
  ❌ EXIT LONG @ 7280.25 | Stop Loss
     P&L: -8.00 pts ($-4,000.00) | Daily: $-10,625.00
  ⏸️ Cooldown: 2 bar(s) remaining after exit
  💰 Daily P&L: $-10,625.00

[2026-05-01 11:08] O:7280.75 H:7281.25 L:7278.75 C:7279.25 V:1716.0
  📈 Trend: strong_bearish
  🗺️  Grid: 0.080% | 🔺 7283.50 🔻 7280.00
  📡 RSI: 26.6 | MACD: -1.64 | ATR: 2.41
  📊 Filled: 0 | Pending: 0
  ⏸️ Cooldown: 1 bar(s) remaining after exit
  💰 Daily P&L: $-10,625.00

[2026-05-01 11:09] O:7279.25 H:7279.50 L:7276.25 C:7277.25 V:2560.0
  📈 Trend: strong_bearish
  🗺️  Grid: 0.080% | 🔺 7281.25 🔻 7278.75
  📡 RSI: 16.7 | MACD: -2.04 | ATR: 2.45
  📊 Filled: 0 | Pending: 0
  💰 Daily P&L: $-10,625.00

[2026-05-01 11:10] O:7277.25 H:7277.25 L:7275.25 C:7276.00 V:2917.0
  📈 Trend: strong_bearish
  🗺️  Grid: 0.080% | 🔺 7279.50 🔻 7276.25
  📡 RSI: 13.0 | MACD: -2.42 | ATR: 2.52
  📊 Filled: 0 | Pending: 0
  💰 Daily P&L: $-10,625.00

[2026-05-01 11:11] O:7276.00 H:7278.25 L:7275.50 C:7277.25 V:1435.0
  📈 Trend: strong_bearish
  🗺️  Grid: 0.080% | 🔺 7277.25 🔻 7275.25
  📡 RSI: 24.1 | MACD: -2.60 | ATR: 2.38
  📊 Filled: 0 | Pending: 0
  💰 Daily P&L: $-10,625.00

[2026-05-01 11:12] O:7277.50 H:7279.00 L:7277.50 C:7278.00 V:1714.0
  📈 Trend: strong_bearish
  🗺️  Grid: 0.080% | 🔺 7278.25 🔻 7275.50
  📡 RSI: 24.1 | MACD: -2.65 | ATR: 2.38
  📊 Filled: 0 | Pending: 0
  💰 Daily P&L: $-10,625.00

[2026-05-01 11:13] O:7278.00 H:7279.25 L:7277.75 C:7278.25 V:2412.0
  📈 Trend: strong_bearish
  🗺️  Grid: 0.080% | 🔺 7279.00 🔻 7277.50
  📡 RSI: 25.9 | MACD: -2.64 | ATR: 2.38
  📊 Filled: 0 | Pending: 0
  💰 Daily P&L: $-10,625.00

[2026-05-01 11:14] O:7278.00 H:7278.25 L:7276.50 C:7276.75 V:2909.0
  📈 Trend: strong_bearish
  🗺️  Grid: 0.080% | 🔺 7279.25 🔻 7277.75
  📡 RSI: 23.4 | MACD: -2.72 | ATR: 2.30
  📊 Filled: 0 | Pending: 0
  💰 Daily P&L: $-10,625.00

[2026-05-01 11:15] O:7276.50 H:7278.25 L:7276.25 C:7277.75 V:2733.0
  📈 Trend: strong_bearish
  🗺️  Grid: 0.080% | 🔺 7278.25 🔻 7276.50
  📡 RSI: 23.4 | MACD: -2.67 | ATR: 2.32
  📊 Filled: 0 | Pending: 0
  💰 Daily P&L: $-10,625.00

[2026-05-01 11:16] O:7278.00 H:7280.50 L:7278.00 C:7279.75 V:1937.0
  📈 Trend: strong_bearish
  🗺️  Grid: 0.080% | 🔺 7278.25 🔻 7276.25
  📡 RSI: 32.9 | MACD: -2.44 | ATR: 2.36
  📊 Filled: 0 | Pending: 0
  💰 Daily P&L: $-10,625.00

[2026-05-01 11:17] O:7280.00 H:7282.00 L:7280.00 C:7281.00 V:2208.0
  📈 Trend: strong_bearish (raw: moderate_bearish)
  🗺️  Grid: 0.080% | 🔺 7280.50 🔻 7278.00
  📡 RSI: 39.4 | MACD: -2.14 | ATR: 2.43
  📊 Filled: 0 | Pending: 0
  💰 Daily P&L: $-10,625.00

[2026-05-01 11:18] O:7281.00 H:7282.00 L:7279.50 C:7279.50 V:1565.0
  📈 Trend: moderate_bearish
  🗺️  Grid: 0.080% | 🔺 7282.00 🔻 7280.00
  📡 RSI: 34.7 | MACD: -1.99 | ATR: 2.46
  📊 Filled: 0 | Pending: 0
  💰 Daily P&L: $-10,625.00

[2026-05-01 11:19] O:7279.50 H:7281.75 L:7279.50 C:7281.50 V:1077.0
  📈 Trend: moderate_bearish
  🗺️  Grid: 0.080% | 🔺 7282.00 🔻 7279.50
  📡 RSI: 45.9 | MACD: -1.70 | ATR: 2.41
  📊 Filled: 0 | Pending: 0
  💰 Daily P&L: $-10,625.00

[2026-05-01 11:20] O:7281.75 H:7282.75 L:7281.00 C:7281.00 V:1277.0
  📈 Trend: moderate_bearish
  🗺️  Grid: 0.080% | 🔺 7281.75 🔻 7279.50
  📡 RSI: 44.7 | MACD: -1.49 | ATR: 2.32
  📊 Filled: 0 | Pending: 0
  💰 Daily P&L: $-10,625.00

[2026-05-01 11:21] O:7281.00 H:7283.00 L:7280.50 C:7282.00 V:1412.0
  📈 Trend: moderate_bearish
  🗺️  Grid: 0.080% | 🔺 7282.75 🔻 7281.00
  📡 RSI: 54.3 | MACD: -1.22 | ATR: 2.25
  📊 Filled: 0 | Pending: 0
  💰 Daily P&L: $-10,625.00

[2026-05-01 11:22] O:7282.00 H:7283.25 L:7281.50 C:7282.75 V:942.0
  📈 Trend: moderate_bearish
  🗺️  Grid: 0.080% | 🔺 7283.00 🔻 7280.50
  📡 RSI: 60.3 | MACD: -0.94 | ATR: 2.20
  📊 Filled: 0 | Pending: 0
  💰 Daily P&L: $-10,625.00

[2026-05-01 11:23] O:7283.00 H:7283.25 L:7272.00 C:7275.25 V:9177.0
  📈 Trend: moderate_bearish
  🗺️  Grid: 0.080% | 🔺 7283.25 🔻 7281.50
  📡 RSI: 45.6 | MACD: -1.31 | ATR: 2.77
  📊 Filled: 0 | Pending: 0
  💰 Daily P&L: $-10,625.00

[2026-05-01 11:24] O:7275.25 H:7279.00 L:7274.00 C:7277.00 V:5824.0
  📈 Trend: moderate_bearish
  🗺️  Grid: 0.080% | 🔺 7283.25 🔻 7272.00
  📡 RSI: 52.2 | MACD: -1.45 | ATR: 2.98
  📊 Filled: 0 | Pending: 0
  💰 Daily P&L: $-10,625.00

[2026-05-01 11:25] O:7277.00 H:7277.75 L:7270.25 C:7272.50 V:4982.0
  📈 Trend: moderate_bearish (raw: strong_bearish)
  🗺️  Grid: 0.080% | 🔺 7279.00 🔻 7274.00
  📡 RSI: 41.0 | MACD: -1.90 | ATR: 3.32
  📊 Filled: 0 | Pending: 0
  💰 Daily P&L: $-10,625.00

[2026-05-01 11:26] O:7272.25 H:7274.25 L:7271.75 C:7273.25 V:2804.0
  📈 Trend: strong_bearish
  🗺️  Grid: 0.080% | 🔺 7277.75 🔻 7270.25
  📡 RSI: 41.0 | MACD: -2.17 | ATR: 3.38
  📊 Filled: 0 | Pending: 0
  💰 Daily P&L: $-10,625.00

[2026-05-01 11:27] O:7273.25 H:7275.75 L:7273.00 C:7274.00 V:2568.0
  📈 Trend: strong_bearish
  🗺️  Grid: 0.080% | 🔺 7274.25 🔻 7271.75
  📡 RSI: 42.1 | MACD: -2.29 | ATR: 3.46
  📊 Filled: 0 | Pending: 0
  💰 Daily P&L: $-10,625.00

[2026-05-01 11:28] O:7274.00 H:7276.25 L:7273.25 C:7276.25 V:1879.0
  📈 Trend: strong_bearish
  🗺️  Grid: 0.080% | 🔺 7275.75 🔻 7273.00
  📡 RSI: 49.1 | MACD: -2.19 | ATR: 3.55
  📊 Filled: 0 | Pending: 0
  💰 Daily P&L: $-10,625.00

[2026-05-01 11:29] O:7276.50 H:7276.50 L:7272.50 C:7272.75 V:2377.0
  📈 Trend: strong_bearish
  🗺️  Grid: 0.080% | 🔺 7276.25 🔻 7273.25
  📡 RSI: 41.7 | MACD: -2.36 | ATR: 3.70
  📊 Filled: 0 | Pending: 0
  💰 Daily P&L: $-10,625.00

[2026-05-01 11:30] O:7272.75 H:7274.25 L:7272.00 C:7272.75 V:2015.0
  📈 Trend: strong_bearish
  🗺️  Grid: 0.080% | 🔺 7276.50 🔻 7272.50
  📡 RSI: 37.5 | MACD: -2.46 | ATR: 3.66
  📊 Filled: 0 | Pending: 0
  💰 Daily P&L: $-10,625.00

[2026-05-01 11:31] O:7272.75 H:7274.00 L:7270.75 C:7273.75 V:2440.0
  📈 Trend: strong_bearish
  🗺️  Grid: 0.080% | 🔺 7274.25 🔻 7272.00
  📡 RSI: 36.9 | MACD: -2.44 | ATR: 3.73
  📊 Filled: 0 | Pending: 0
  💰 Daily P&L: $-10,625.00

[2026-05-01 11:32] O:7274.00 H:7274.00 L:7271.50 C:7273.25 V:1970.0
  📈 Trend: strong_bearish
  🗺️  Grid: 0.080% | 🔺 7274.00 🔻 7270.75
  📡 RSI: 38.3 | MACD: -2.43 | ATR: 3.73
  📊 Filled: 0 | Pending: 0
  💰 Daily P&L: $-10,625.00

[2026-05-01 11:33] O:7273.25 H:7273.25 L:7267.75 C:7269.25 V:3721.0
  📈 Trend: strong_bearish
  🗺️  Grid: 0.080% | 🔺 7274.00 🔻 7271.50
  📡 RSI: 28.7 | MACD: -2.72 | ATR: 3.96
  📊 Filled: 0 | Pending: 0
  💰 Daily P&L: $-10,625.00

[2026-05-01 11:34] O:7269.50 H:7272.50 L:7268.00 C:7271.50 V:2516.0
  📈 Trend: strong_bearish
  🗺️  Grid: 0.080% | 🔺 7273.25 🔻 7267.75
  📡 RSI: 34.4 | MACD: -2.73 | ATR: 4.16
  📊 Filled: 0 | Pending: 0
  💰 Daily P&L: $-10,625.00

[2026-05-01 11:35] O:7271.50 H:7273.25 L:7271.00 C:7272.25 V:2395.0
  📈 Trend: strong_bearish
  🗺️  Grid: 0.080% | 🔺 7272.50 🔻 7268.00
  📡 RSI: 33.9 | MACD: -2.65 | ATR: 4.14
  📊 Filled: 0 | Pending: 0
  💰 Daily P&L: $-10,625.00

[2026-05-01 11:36] O:7272.25 H:7272.25 L:7270.50 C:7271.00 V:1602.0
  📈 Trend: strong_bearish
  🗺️  Grid: 0.080% | 🔺 7273.25 🔻 7271.00
  📡 RSI: 30.9 | MACD: -2.66 | ATR: 4.14
  📊 Filled: 0 | Pending: 0
  💰 Daily P&L: $-10,625.00

[2026-05-01 11:37] O:7271.00 H:7273.25 L:7269.50 C:7271.50 V:1849.0
  📈 Trend: strong_bearish
  🗺️  Grid: 0.080% | 🔺 7272.25 🔻 7270.50
  📡 RSI: 42.1 | MACD: -2.59 | ATR: 3.61
  📊 Filled: 0 | Pending: 0
  💰 Daily P&L: $-10,625.00

[2026-05-01 11:38] O:7271.75 H:7272.75 L:7271.00 C:7271.75 V:1031.0
  📈 Trend: strong_bearish
  🗺️  Grid: 0.080% | 🔺 7273.25 🔻 7269.50
  📡 RSI: 38.2 | MACD: -2.49 | ATR: 3.38
  📊 Filled: 0 | Pending: 0
  💰 Daily P&L: $-10,625.00

[2026-05-01 11:39] O:7271.50 H:7274.75 L:7271.50 C:7274.25 V:1648.0
  📈 Trend: strong_bearish
  🗺️  Grid: 0.080% | 🔺 7272.75 🔻 7271.00
  📡 RSI: 54.3 | MACD: -2.19 | ATR: 3.07
  📊 Filled: 0 | Pending: 0
  💰 Daily P&L: $-10,625.00

[2026-05-01 11:40] O:7274.00 H:7274.75 L:7270.75 C:7271.25 V:1467.0
  📈 Trend: strong_bearish
  🗺️  Grid: 0.080% | 🔺 7274.75 🔻 7271.50
  📡 RSI: 45.6 | MACD: -2.16 | ATR: 3.18
  📊 Filled: 0 | Pending: 0
  💰 Daily P&L: $-10,625.00

[2026-05-01 11:41] O:7271.25 H:7273.00 L:7271.25 C:7273.00 V:1077.0
  📈 Trend: strong_bearish
  🗺️  Grid: 0.080% | 🔺 7274.75 🔻 7270.75
  📡 RSI: 47.9 | MACD: -1.98 | ATR: 3.11
  📊 Filled: 0 | Pending: 0
  💰 Daily P&L: $-10,625.00

[2026-05-01 11:42] O:7273.00 H:7273.25 L:7270.25 C:7270.50 V:1508.0
  📈 Trend: strong_bearish
  🗺️  Grid: 0.080% | 🔺 7273.00 🔻 7271.25
  📡 RSI: 37.9 | MACD: -2.01 | ATR: 3.11
  📊 Filled: 0 | Pending: 0
  💰 Daily P&L: $-10,625.00

[2026-05-01 11:43] O:7270.75 H:7271.25 L:7269.50 C:7271.00 V:1479.0
  📈 Trend: strong_bearish
  🗺️  Grid: 0.080% | 🔺 7273.25 🔻 7270.25
  📡 RSI: 45.8 | MACD: -1.97 | ATR: 2.95
  📊 Filled: 0 | Pending: 0
  💰 Daily P&L: $-10,625.00

[2026-05-01 11:44] O:7271.00 H:7271.25 L:7268.00 C:7268.00 V:2584.0
  📈 Trend: strong_bearish
  🗺️  Grid: 0.080% | 🔺 7271.25 🔻 7269.50
  📡 RSI: 40.0 | MACD: -2.16 | ATR: 3.02
  📊 Filled: 0 | Pending: 0
  💰 Daily P&L: $-10,625.00

[2026-05-01 11:45] O:7268.00 H:7270.50 L:7266.75 C:7270.00 V:2883.0
  📈 Trend: strong_bearish
  🗺️  Grid: 0.080% | 🔺 7271.25 🔻 7268.00
  📡 RSI: 42.4 | MACD: -2.12 | ATR: 3.05
  📊 Filled: 0 | Pending: 0
  💰 Daily P&L: $-10,625.00

[2026-05-01 11:46] O:7270.25 H:7270.75 L:7268.00 C:7268.50 V:1464.0
  📈 Trend: strong_bearish
  🗺️  Grid: 0.080% | 🔺 7270.50 🔻 7266.75
  📡 RSI: 40.8 | MACD: -2.19 | ATR: 3.07
  📊 Filled: 0 | Pending: 0
  💰 Daily P&L: $-10,625.00

[2026-05-01 11:47] O:7268.50 H:7269.50 L:7266.00 C:7269.25 V:1882.0
  📈 Trend: strong_bearish
  🗺️  Grid: 0.080% | 🔺 7270.75 🔻 7268.00
  📡 RSI: 50.0 | MACD: -2.16 | ATR: 2.93
  📊 Filled: 0 | Pending: 0
  💰 Daily P&L: $-10,625.00

[2026-05-01 11:48] O:7269.50 H:7270.25 L:7266.50 C:7266.75 V:1969.0
  📈 Trend: strong_bearish
  🗺️  Grid: 0.080% | 🔺 7269.50 🔻 7266.00
  📡 RSI: 39.6 | MACD: -2.30 | ATR: 2.88
  📊 Filled: 0 | Pending: 0
  💰 Daily P&L: $-10,625.00

[2026-05-01 11:49] O:7266.75 H:7268.50 L:7266.50 C:7268.25 V:1445.0
  📈 Trend: strong_bearish
  🗺️  Grid: 0.080% | 🔺 7270.25 🔻 7266.50
  📡 RSI: 41.5 | MACD: -2.28 | ATR: 2.86
  📊 Filled: 0 | Pending: 0
  💰 Daily P&L: $-10,625.00

[2026-05-01 11:50] O:7268.25 H:7269.25 L:7266.75 C:7269.25 V:1453.0
  📈 Trend: strong_bearish
  🗺️  Grid: 0.080% | 🔺 7268.50 🔻 7266.50
  📡 RSI: 46.2 | MACD: -2.15 | ATR: 2.91
  📊 Filled: 0 | Pending: 0
  💰 Daily P&L: $-10,625.00

[2026-05-01 11:51] O:7269.00 H:7270.50 L:7269.00 C:7269.75 V:2186.0
  📈 Trend: strong_bearish
  🗺️  Grid: 0.080% | 🔺 7269.25 🔻 7266.75
  📡 RSI: 46.2 | MACD: -1.98 | ATR: 2.75
  📊 Filled: 0 | Pending: 0
  💰 Daily P&L: $-10,625.00
→ Real-time bars cancelled
✓ Disconnected from IBKR
